==========================================
 Stage 3 Layer 2 (options) injection
 model = ens5_bs2048_ep300_pat30_lr3.0e-04_wd1.0e-04_319409-5
 seed  = 8
==========================================
Model: ens5_bs2048_ep300_pat30_lr3.0e-04_wd1.0e-04_319409-5
Injection seed: 8
Output dir: /data/wiay/postgrads/shashwat/COMM_DATA/results/CALLIBRATION_S3_L2/ens5_bs2048_ep300_pat30_lr3.0e-04_wd1.0e-04_319409-5/inj_0008
Loaded 5 ensemble members from ens5_bs2048_ep300_pat30_lr3.0e-04_wd1.0e-04_319409-5: ['model_00', 'model_01', 'model_02', 'model_03', 'model_04']
{
  "kappa": {
    "true": 1.7021641553672477,
    "median": 2.40607175117466,
    "ci_lo": 0.3561342252230266,
    "ci_hi": 4.6983181014831,
    "covered": true,
    "insertion_percentile": 0.3238747553816047
  },
  "sigma_chi": {
    "true": 0.5930022638358591,
    "median": 0.3150217768318196,
    "ci_lo": 0.07763237435777853,
    "ci_hi": 0.5712582042344968,
    "covered": false,
    "insertion_percentile": 0.9833659491193738
  },
  "sigma_xi": {
    "true": 0.16154879346993087,
    "median": 0.22302943149657742,
    "ci_lo": 0.06755924282491192,
    "ci_hi": 0.3804277145914927,
    "covered": true,
    "insertion_percentile": 0.3238747553816047
  },
  "rho": {
    "true": 0.519388084476052,
    "median": 0.019953236406199504,
    "ci_lo": -0.804552780506245,
    "ci_hi": 0.8115313217450681,
    "covered": true,
    "insertion_percentile": 0.7964774951076321
  }
}
Saved KDE posterior plot to /data/wiay/postgrads/shashwat/COMM_DATA/results/CALLIBRATION_S3_L2/ens5_bs2048_ep300_pat30_lr3.0e-04_wd1.0e-04_319409-5/inj_0008/posterior_kde.png
