==========================================
 Stage 3 Layer 2 (options) injection
 model = ens3_bs2048_ep300_pat30_lr3.0e-04_wd1.0e-05_319409-2
 seed  = 21
==========================================
Model: ens3_bs2048_ep300_pat30_lr3.0e-04_wd1.0e-05_319409-2
Injection seed: 21
Output dir: /data/wiay/postgrads/shashwat/COMM_DATA/results/CALLIBRATION_S3_L2/ens3_bs2048_ep300_pat30_lr3.0e-04_wd1.0e-05_319409-2/inj_0021
Loaded 3 ensemble members from ens3_bs2048_ep300_pat30_lr3.0e-04_wd1.0e-05_319409-2: ['model_00', 'model_01', 'model_02']
{
  "kappa": {
    "true": 3.927476185205608,
    "median": 2.4984012678404333,
    "ci_lo": 0.3519523769165443,
    "ci_hi": 4.7514501610162885,
    "covered": true,
    "insertion_percentile": 0.772420443587271
  },
  "sigma_chi": {
    "true": 0.38321586626403237,
    "median": 0.3289786579489923,
    "ci_lo": 0.07841643587835075,
    "ci_hi": 0.5711071716931114,
    "covered": true,
    "insertion_percentile": 0.6152362584378014
  },
  "sigma_xi": {
    "true": 0.29843041664294884,
    "median": 0.22890807729654705,
    "ci_lo": 0.0686272482120568,
    "ci_hi": 0.3791626360768016,
    "covered": true,
    "insertion_percentile": 0.7049180327868853
  },
  "rho": {
    "true": -0.7396238287400239,
    "median": 0.03177088594509603,
    "ci_lo": -0.8060148594633038,
    "ci_hi": 0.8144498105675751,
    "covered": true,
    "insertion_percentile": 0.08003857280617165
  }
}
Saved KDE posterior plot to /data/wiay/postgrads/shashwat/COMM_DATA/results/CALLIBRATION_S3_L2/ens3_bs2048_ep300_pat30_lr3.0e-04_wd1.0e-05_319409-2/inj_0021/posterior_kde.png
