==========================================
 Stage 3 Layer 2 (options) injection
 model = ens5_bs2048_ep300_pat30_lr1.0e-04_wd1.0e-05_319409-1
 seed  = 38
==========================================
Model: ens5_bs2048_ep300_pat30_lr1.0e-04_wd1.0e-05_319409-1
Injection seed: 38
Output dir: /data/wiay/postgrads/shashwat/COMM_DATA/results/CALLIBRATION_S3_L2/ens5_bs2048_ep300_pat30_lr1.0e-04_wd1.0e-05_319409-1/inj_0038
Loaded 5 ensemble members from ens5_bs2048_ep300_pat30_lr1.0e-04_wd1.0e-05_319409-1: ['model_00', 'model_01', 'model_02', 'model_03', 'model_04']
{
  "kappa": {
    "true": 2.4802291197055513,
    "median": 2.4550460355072294,
    "ci_lo": 0.3606083904349419,
    "ci_hi": 4.767604267694697,
    "covered": true,
    "insertion_percentile": 0.5061494796594135
  },
  "sigma_chi": {
    "true": 0.18735472248579266,
    "median": 0.32590302623943196,
    "ci_lo": 0.08254055327166072,
    "ci_hi": 0.5713212715542915,
    "covered": true,
    "insertion_percentile": 0.2563859981078524
  },
  "sigma_xi": {
    "true": 0.3021334082438853,
    "median": 0.22113233967301704,
    "ci_lo": 0.0684613476973793,
    "ci_hi": 0.3792717490230505,
    "covered": true,
    "insertion_percentile": 0.7142857142857143
  },
  "rho": {
    "true": 0.24230521127134896,
    "median": -0.03142301483202481,
    "ci_lo": -0.8193446625048703,
    "ci_hi": 0.8324052270174761,
    "covered": true,
    "insertion_percentile": 0.6461684011352885
  }
}
Saved KDE posterior plot to /data/wiay/postgrads/shashwat/COMM_DATA/results/CALLIBRATION_S3_L2/ens5_bs2048_ep300_pat30_lr1.0e-04_wd1.0e-05_319409-1/inj_0038/posterior_kde.png
