==========================================
 Stage 3 Layer 2 (options) injection
 model = ens5_bs2048_ep300_pat30_lr3.0e-04_wd1.0e-05_319409-0
 seed  = 50
==========================================
Model: ens5_bs2048_ep300_pat30_lr3.0e-04_wd1.0e-05_319409-0
Injection seed: 50
Output dir: /data/wiay/postgrads/shashwat/COMM_DATA/results/CALLIBRATION_S3_L2/ens5_bs2048_ep300_pat30_lr3.0e-04_wd1.0e-05_319409-0/inj_0050
Loaded 5 ensemble members from ens5_bs2048_ep300_pat30_lr3.0e-04_wd1.0e-05_319409-0: ['model_00', 'model_01', 'model_02', 'model_03', 'model_04']
{
  "kappa": {
    "true": 3.9583711902444563,
    "median": 2.5535154058261216,
    "ci_lo": 0.35276312900373236,
    "ci_hi": 4.746217811214593,
    "covered": true,
    "insertion_percentile": 0.8206770356816102
  },
  "sigma_chi": {
    "true": 0.5085181340209703,
    "median": 0.31205560553323985,
    "ci_lo": 0.0693554144543415,
    "ci_hi": 0.5749977918274777,
    "covered": true,
    "insertion_percentile": 0.8353156450137237
  },
  "sigma_xi": {
    "true": 0.24176656106447875,
    "median": 0.22161853860862318,
    "ci_lo": 0.06399763106213352,
    "ci_hi": 0.3819808494874387,
    "covered": true,
    "insertion_percentile": 0.5535224153705398
  },
  "rho": {
    "true": 0.8522083730522031,
    "median": 0.03961705359583312,
    "ci_lo": -0.7727351370664203,
    "ci_hi": 0.8134620271183077,
    "covered": false,
    "insertion_percentile": 0.9789569990850869
  }
}
Saved KDE posterior plot to /data/wiay/postgrads/shashwat/COMM_DATA/results/CALLIBRATION_S3_L2/ens5_bs2048_ep300_pat30_lr3.0e-04_wd1.0e-05_319409-0/inj_0050/posterior_kde.png
