==========================================
 Stage 3 Layer 2 (options) injection
 model = ens5_bs2048_ep300_pat30_lr3.0e-04_wd1.0e-04_319409-5
 seed  = 45
==========================================
Model: ens5_bs2048_ep300_pat30_lr3.0e-04_wd1.0e-04_319409-5
Injection seed: 45
Output dir: /data/wiay/postgrads/shashwat/COMM_DATA/results/CALLIBRATION_S3_L2/ens5_bs2048_ep300_pat30_lr3.0e-04_wd1.0e-04_319409-5/inj_0045
Loaded 5 ensemble members from ens5_bs2048_ep300_pat30_lr3.0e-04_wd1.0e-04_319409-5: ['model_00', 'model_01', 'model_02', 'model_03', 'model_04']
{
  "kappa": {
    "true": 2.908340219042778,
    "median": 2.6658434473111696,
    "ci_lo": 0.3467615263278259,
    "ci_hi": 4.741133463561512,
    "covered": true,
    "insertion_percentile": 0.5575221238938053
  },
  "sigma_chi": {
    "true": 0.3406701298436115,
    "median": 0.3303300682156014,
    "ci_lo": 0.07717524923664093,
    "ci_hi": 0.5667075023369286,
    "covered": true,
    "insertion_percentile": 0.5181907571288102
  },
  "sigma_xi": {
    "true": 0.3172775839306741,
    "median": 0.2222946498908619,
    "ci_lo": 0.06728267408031095,
    "ci_hi": 0.3833121218706113,
    "covered": true,
    "insertion_percentile": 0.7659783677482792
  },
  "rho": {
    "true": 0.5610469806172927,
    "median": 0.025778647081485362,
    "ci_lo": -0.8249247483757122,
    "ci_hi": 0.8157974425593045,
    "covered": true,
    "insertion_percentile": 0.8112094395280236
  }
}
Saved KDE posterior plot to /data/wiay/postgrads/shashwat/COMM_DATA/results/CALLIBRATION_S3_L2/ens5_bs2048_ep300_pat30_lr3.0e-04_wd1.0e-04_319409-5/inj_0045/posterior_kde.png
