==========================================
 Stage 3 Layer 2 (options) injection
 model = ens5_bs2048_ep300_pat30_lr1.0e-04_wd1.0e-05_319409-1
 seed  = 65
==========================================
Model: ens5_bs2048_ep300_pat30_lr1.0e-04_wd1.0e-05_319409-1
Injection seed: 65
Output dir: /data/wiay/postgrads/shashwat/COMM_DATA/results/CALLIBRATION_S3_L2/ens5_bs2048_ep300_pat30_lr1.0e-04_wd1.0e-05_319409-1/inj_0065
Loaded 5 ensemble members from ens5_bs2048_ep300_pat30_lr1.0e-04_wd1.0e-05_319409-1: ['model_00', 'model_01', 'model_02', 'model_03', 'model_04']
{
  "kappa": {
    "true": 0.3322182787710082,
    "median": 2.5627759755694486,
    "ci_lo": 0.34598922971398,
    "ci_hi": 4.79929409385763,
    "covered": false,
    "insertion_percentile": 0.04563492063492063
  },
  "sigma_chi": {
    "true": 0.33502219764677266,
    "median": 0.3161874215658994,
    "ci_lo": 0.07624605989323488,
    "ci_hi": 0.5689739391653477,
    "covered": true,
    "insertion_percentile": 0.5386904761904762
  },
  "sigma_xi": {
    "true": 0.18120049717995296,
    "median": 0.23101064251932765,
    "ci_lo": 0.06760635207250225,
    "ci_hi": 0.384885002504532,
    "covered": true,
    "insertion_percentile": 0.37003968253968256
  },
  "rho": {
    "true": -0.4883786580349296,
    "median": 0.022439398623213147,
    "ci_lo": -0.8044337562583065,
    "ci_hi": 0.8022109670594232,
    "covered": true,
    "insertion_percentile": 0.22718253968253968
  }
}
Saved KDE posterior plot to /data/wiay/postgrads/shashwat/COMM_DATA/results/CALLIBRATION_S3_L2/ens5_bs2048_ep300_pat30_lr1.0e-04_wd1.0e-05_319409-1/inj_0065/posterior_kde.png
