==========================================
 Stage 3 Layer 2 (options) injection
 model = ens5_bs2048_ep300_pat30_lr1.0e-04_wd1.0e-05_319409-1
 seed  = 64
==========================================
Model: ens5_bs2048_ep300_pat30_lr1.0e-04_wd1.0e-05_319409-1
Injection seed: 64
Output dir: /data/wiay/postgrads/shashwat/COMM_DATA/results/CALLIBRATION_S3_L2/ens5_bs2048_ep300_pat30_lr1.0e-04_wd1.0e-05_319409-1/inj_0064
Loaded 5 ensemble members from ens5_bs2048_ep300_pat30_lr1.0e-04_wd1.0e-05_319409-1: ['model_00', 'model_01', 'model_02', 'model_03', 'model_04']
{
  "kappa": {
    "true": 4.7231179184279775,
    "median": 2.5347364805712567,
    "ci_lo": 0.33888611706523725,
    "ci_hi": 4.815011563486305,
    "covered": true,
    "insertion_percentile": 0.9378937893789379
  },
  "sigma_chi": {
    "true": 0.33783679602740846,
    "median": 0.33213823026984585,
    "ci_lo": 0.0729082023743965,
    "ci_hi": 0.5743800790005047,
    "covered": true,
    "insertion_percentile": 0.5085508550855086
  },
  "sigma_xi": {
    "true": 0.0729988281001654,
    "median": 0.22887449033651114,
    "ci_lo": 0.07038721586302912,
    "ci_hi": 0.3801656879210662,
    "covered": true,
    "insertion_percentile": 0.05850585058505851
  },
  "rho": {
    "true": -0.3265941993189321,
    "median": 0.006167800143125235,
    "ci_lo": -0.8139377722457328,
    "ci_hi": 0.8195026259398114,
    "covered": true,
    "insertion_percentile": 0.31233123312331235
  }
}
Saved KDE posterior plot to /data/wiay/postgrads/shashwat/COMM_DATA/results/CALLIBRATION_S3_L2/ens5_bs2048_ep300_pat30_lr1.0e-04_wd1.0e-05_319409-1/inj_0064/posterior_kde.png
