==========================================
 Stage 3 Layer 2 (options) injection
 model = ens5_bs2048_ep300_pat30_lr1.0e-04_wd1.0e-05_319409-1
 seed  = 57
==========================================
Model: ens5_bs2048_ep300_pat30_lr1.0e-04_wd1.0e-05_319409-1
Injection seed: 57
Output dir: /data/wiay/postgrads/shashwat/COMM_DATA/results/CALLIBRATION_S3_L2/ens5_bs2048_ep300_pat30_lr1.0e-04_wd1.0e-05_319409-1/inj_0057
Loaded 5 ensemble members from ens5_bs2048_ep300_pat30_lr1.0e-04_wd1.0e-05_319409-1: ['model_00', 'model_01', 'model_02', 'model_03', 'model_04']
{
  "kappa": {
    "true": 3.452416845462155,
    "median": 2.445432002396279,
    "ci_lo": 0.3304581682638534,
    "ci_hi": 4.722726635427292,
    "covered": true,
    "insertion_percentile": 0.7186311787072244
  },
  "sigma_chi": {
    "true": 0.3075715825196626,
    "median": 0.3338159017222849,
    "ci_lo": 0.08233197041019572,
    "ci_hi": 0.5719862449410709,
    "covered": true,
    "insertion_percentile": 0.4524714828897338
  },
  "sigma_xi": {
    "true": 0.3444317844131574,
    "median": 0.22547741711607944,
    "ci_lo": 0.06955056360163103,
    "ci_hi": 0.38395408415615084,
    "covered": true,
    "insertion_percentile": 0.841254752851711
  },
  "rho": {
    "true": -0.28742434585435506,
    "median": -0.03480007436480198,
    "ci_lo": -0.8036161934415241,
    "ci_hi": 0.8156475546440497,
    "covered": true,
    "insertion_percentile": 0.3745247148288973
  }
}
Saved KDE posterior plot to /data/wiay/postgrads/shashwat/COMM_DATA/results/CALLIBRATION_S3_L2/ens5_bs2048_ep300_pat30_lr1.0e-04_wd1.0e-05_319409-1/inj_0057/posterior_kde.png
