==========================================
 Stage 3 Layer 2 (options) injection
 model = ens5_bs2048_ep300_pat30_lr1.0e-04_wd1.0e-05_319409-1
 seed  = 25
==========================================
Model: ens5_bs2048_ep300_pat30_lr1.0e-04_wd1.0e-05_319409-1
Injection seed: 25
Output dir: /data/wiay/postgrads/shashwat/COMM_DATA/results/CALLIBRATION_S3_L2/ens5_bs2048_ep300_pat30_lr1.0e-04_wd1.0e-05_319409-1/inj_0025
Loaded 5 ensemble members from ens5_bs2048_ep300_pat30_lr1.0e-04_wd1.0e-05_319409-1: ['model_00', 'model_01', 'model_02', 'model_03', 'model_04']
{
  "kappa": {
    "true": 0.8875340428368383,
    "median": 2.789825601108303,
    "ci_lo": 0.4031216218980919,
    "ci_hi": 4.7992619509964465,
    "covered": true,
    "insertion_percentile": 0.1354656632173095
  },
  "sigma_chi": {
    "true": 0.05017161934405201,
    "median": 0.3254520959876071,
    "ci_lo": 0.07459547867922908,
    "ci_hi": 0.5738111286327096,
    "covered": false,
    "insertion_percentile": 0.0
  },
  "sigma_xi": {
    "true": 0.12580946256198594,
    "median": 0.21799559402486623,
    "ci_lo": 0.06682770930212317,
    "ci_hi": 0.379816329460999,
    "covered": true,
    "insertion_percentile": 0.24176857949200375
  },
  "rho": {
    "true": -0.23754726541770244,
    "median": -0.01751420881052268,
    "ci_lo": -0.8232623573657887,
    "ci_hi": 0.801353355752268,
    "covered": true,
    "insertion_percentile": 0.37347130761994357
  }
}
Saved KDE posterior plot to /data/wiay/postgrads/shashwat/COMM_DATA/results/CALLIBRATION_S3_L2/ens5_bs2048_ep300_pat30_lr1.0e-04_wd1.0e-05_319409-1/inj_0025/posterior_kde.png
