==========================================
 Stage 3 Layer 2 (options) injection
 model = ens5_bs2048_ep300_pat30_lr3.0e-04_wd1.0e-04_319409-5
 seed  = 60
==========================================
Model: ens5_bs2048_ep300_pat30_lr3.0e-04_wd1.0e-04_319409-5
Injection seed: 60
Output dir: /data/wiay/postgrads/shashwat/COMM_DATA/results/CALLIBRATION_S3_L2/ens5_bs2048_ep300_pat30_lr3.0e-04_wd1.0e-04_319409-5/inj_0060
Loaded 5 ensemble members from ens5_bs2048_ep300_pat30_lr3.0e-04_wd1.0e-04_319409-5: ['model_00', 'model_01', 'model_02', 'model_03', 'model_04']
{
  "kappa": {
    "true": 1.688990682236255,
    "median": 2.5178270752821708,
    "ci_lo": 0.34318983353712645,
    "ci_hi": 4.748961422074736,
    "covered": true,
    "insertion_percentile": 0.31125827814569534
  },
  "sigma_chi": {
    "true": 0.06493051554225251,
    "median": 0.3235029282514444,
    "ci_lo": 0.07921269134181003,
    "ci_hi": 0.5731072835257495,
    "covered": false,
    "insertion_percentile": 0.027436140018921477
  },
  "sigma_xi": {
    "true": 0.06915231060477818,
    "median": 0.2252400276270991,
    "ci_lo": 0.0683264548067735,
    "ci_hi": 0.3862783635452012,
    "covered": true,
    "insertion_percentile": 0.0586565752128666
  },
  "rho": {
    "true": 0.8828847383427837,
    "median": -0.014420978370999205,
    "ci_lo": -0.8306343047408786,
    "ci_hi": 0.8002880549651745,
    "covered": false,
    "insertion_percentile": 0.9895931882686849
  }
}
Saved KDE posterior plot to /data/wiay/postgrads/shashwat/COMM_DATA/results/CALLIBRATION_S3_L2/ens5_bs2048_ep300_pat30_lr3.0e-04_wd1.0e-04_319409-5/inj_0060/posterior_kde.png
