==========================================
 Stage 3 Layer 2 (options) injection
 model = ens5_bs2048_ep300_pat30_lr3.0e-04_wd1.0e-04_319409-5
 seed  = 5
==========================================
Model: ens5_bs2048_ep300_pat30_lr3.0e-04_wd1.0e-04_319409-5
Injection seed: 5
Output dir: /data/wiay/postgrads/shashwat/COMM_DATA/results/CALLIBRATION_S3_L2/ens5_bs2048_ep300_pat30_lr3.0e-04_wd1.0e-04_319409-5/inj_0005
Loaded 5 ensemble members from ens5_bs2048_ep300_pat30_lr3.0e-04_wd1.0e-04_319409-5: ['model_00', 'model_01', 'model_02', 'model_03', 'model_04']
{
  "kappa": {
    "true": 4.044514326352363,
    "median": 2.5438622816848637,
    "ci_lo": 0.38391275980742884,
    "ci_hi": 4.742062474671807,
    "covered": true,
    "insertion_percentile": 0.7962264150943397
  },
  "sigma_chi": {
    "true": 0.4943674343550715,
    "median": 0.3313571803738534,
    "ci_lo": 0.08228637702816054,
    "ci_hi": 0.5780726030062636,
    "covered": true,
    "insertion_percentile": 0.789622641509434
  },
  "sigma_xi": {
    "true": 0.23036394636474972,
    "median": 0.22986429923736132,
    "ci_lo": 0.06952472293825926,
    "ci_hi": 0.3802516339284484,
    "covered": true,
    "insertion_percentile": 0.5009433962264151
  },
  "rho": {
    "true": -0.3855575158413451,
    "median": 0.044018398095859945,
    "ci_lo": -0.8120037592122851,
    "ci_hi": 0.8140790473538154,
    "covered": true,
    "insertion_percentile": 0.27547169811320754
  }
}
Saved KDE posterior plot to /data/wiay/postgrads/shashwat/COMM_DATA/results/CALLIBRATION_S3_L2/ens5_bs2048_ep300_pat30_lr3.0e-04_wd1.0e-04_319409-5/inj_0005/posterior_kde.png
