==========================================
 Stage 3 Layer 2 (options) injection
 model = ens3_bs2048_ep300_pat30_lr3.0e-04_wd1.0e-05_319409-2
 seed  = 34
==========================================
Model: ens3_bs2048_ep300_pat30_lr3.0e-04_wd1.0e-05_319409-2
Injection seed: 34
Output dir: /data/wiay/postgrads/shashwat/COMM_DATA/results/CALLIBRATION_S3_L2/ens3_bs2048_ep300_pat30_lr3.0e-04_wd1.0e-05_319409-2/inj_0034
Loaded 3 ensemble members from ens3_bs2048_ep300_pat30_lr3.0e-04_wd1.0e-05_319409-2: ['model_00', 'model_01', 'model_02']
{
  "kappa": {
    "true": 0.11973839311591333,
    "median": 2.587086926137885,
    "ci_lo": 0.40058375553195313,
    "ci_hi": 4.732411538734907,
    "covered": false,
    "insertion_percentile": 0.003835091083413231
  },
  "sigma_chi": {
    "true": 0.5296973028487982,
    "median": 0.3164345014650812,
    "ci_lo": 0.0804847169835485,
    "ci_hi": 0.5697507988878885,
    "covered": true,
    "insertion_percentile": 0.8811121764141898
  },
  "sigma_xi": {
    "true": 0.134959835661545,
    "median": 0.22108775159608884,
    "ci_lo": 0.06725961703408156,
    "ci_hi": 0.38331867451969176,
    "covered": true,
    "insertion_percentile": 0.24065196548418025
  },
  "rho": {
    "true": 0.27191033615103344,
    "median": -0.03815746339633008,
    "ci_lo": -0.8251267884342715,
    "ci_hi": 0.7988525105648363,
    "covered": true,
    "insertion_percentile": 0.6778523489932886
  }
}
Saved KDE posterior plot to /data/wiay/postgrads/shashwat/COMM_DATA/results/CALLIBRATION_S3_L2/ens3_bs2048_ep300_pat30_lr3.0e-04_wd1.0e-05_319409-2/inj_0034/posterior_kde.png
