==========================================
 Stage 3 Layer 2 (options) injection
 model = ens5_bs2048_ep300_pat30_lr3.0e-04_wd1.0e-04_319409-5
 seed  = 31
==========================================
Model: ens5_bs2048_ep300_pat30_lr3.0e-04_wd1.0e-04_319409-5
Injection seed: 31
Output dir: /data/wiay/postgrads/shashwat/COMM_DATA/results/CALLIBRATION_S3_L2/ens5_bs2048_ep300_pat30_lr3.0e-04_wd1.0e-04_319409-5/inj_0031
Loaded 5 ensemble members from ens5_bs2048_ep300_pat30_lr3.0e-04_wd1.0e-04_319409-5: ['model_00', 'model_01', 'model_02', 'model_03', 'model_04']
{
  "kappa": {
    "true": 4.525541873482816,
    "median": 2.5644010847441385,
    "ci_lo": 0.3284663893073114,
    "ci_hi": 4.797285492165697,
    "covered": true,
    "insertion_percentile": 0.8965853658536586
  },
  "sigma_chi": {
    "true": 0.08722304429889821,
    "median": 0.322047580001282,
    "ci_lo": 0.08292476129812809,
    "ci_hi": 0.5682395210946698,
    "covered": true,
    "insertion_percentile": 0.054634146341463415
  },
  "sigma_xi": {
    "true": 0.28545578493512747,
    "median": 0.23100629198491318,
    "ci_lo": 0.06779364732242421,
    "ci_hi": 0.38622234785961757,
    "covered": true,
    "insertion_percentile": 0.6575609756097561
  },
  "rho": {
    "true": -0.04941952923737414,
    "median": -0.02135399509783975,
    "ci_lo": -0.8228178415051753,
    "ci_hi": 0.7972761929401351,
    "covered": true,
    "insertion_percentile": 0.47609756097560973
  }
}
Saved KDE posterior plot to /data/wiay/postgrads/shashwat/COMM_DATA/results/CALLIBRATION_S3_L2/ens5_bs2048_ep300_pat30_lr3.0e-04_wd1.0e-04_319409-5/inj_0031/posterior_kde.png
