==========================================
 Stage 3 Layer 2 (options) injection
 model = ens5_bs2048_ep300_pat30_lr3.0e-04_wd1.0e-05_319409-0
 seed  = 21
==========================================
Model: ens5_bs2048_ep300_pat30_lr3.0e-04_wd1.0e-05_319409-0
Injection seed: 21
Output dir: /data/wiay/postgrads/shashwat/COMM_DATA/results/CALLIBRATION_S3_L2/ens5_bs2048_ep300_pat30_lr3.0e-04_wd1.0e-05_319409-0/inj_0021
Loaded 5 ensemble members from ens5_bs2048_ep300_pat30_lr3.0e-04_wd1.0e-05_319409-0: ['model_00', 'model_01', 'model_02', 'model_03', 'model_04']
{
  "kappa": {
    "true": 3.927476185205608,
    "median": 2.5930127354773815,
    "ci_lo": 0.360277522901496,
    "ci_hi": 4.768165511092785,
    "covered": true,
    "insertion_percentile": 0.7655367231638418
  },
  "sigma_chi": {
    "true": 0.38321586626403237,
    "median": 0.33237636642039026,
    "ci_lo": 0.07862467866583417,
    "ci_hi": 0.5711510191812016,
    "covered": true,
    "insertion_percentile": 0.591337099811676
  },
  "sigma_xi": {
    "true": 0.29843041664294884,
    "median": 0.22070735737659844,
    "ci_lo": 0.07083629872461991,
    "ci_hi": 0.3782502721279384,
    "covered": true,
    "insertion_percentile": 0.7062146892655368
  },
  "rho": {
    "true": -0.7396238287400239,
    "median": -0.02299978603616787,
    "ci_lo": -0.819870503216828,
    "ci_hi": 0.789591333782952,
    "covered": true,
    "insertion_percentile": 0.09227871939736347
  }
}
Saved KDE posterior plot to /data/wiay/postgrads/shashwat/COMM_DATA/results/CALLIBRATION_S3_L2/ens5_bs2048_ep300_pat30_lr3.0e-04_wd1.0e-05_319409-0/inj_0021/posterior_kde.png
