==========================================
 Stage 3 Layer 2 (options) injection
 model = ens7_bs2048_ep300_pat30_lr3.0e-04_wd1.0e-05_319409-3
 seed  = 64
==========================================
Model: ens7_bs2048_ep300_pat30_lr3.0e-04_wd1.0e-05_319409-3
Injection seed: 64
Output dir: /data/wiay/postgrads/shashwat/COMM_DATA/results/CALLIBRATION_S3_L2/ens7_bs2048_ep300_pat30_lr3.0e-04_wd1.0e-05_319409-3/inj_0064
Loaded 7 ensemble members from ens7_bs2048_ep300_pat30_lr3.0e-04_wd1.0e-05_319409-3: ['model_00', 'model_01', 'model_02', 'model_03', 'model_04', 'model_05', 'model_06']
{
  "kappa": {
    "true": 4.7231179184279775,
    "median": 2.552789665222958,
    "ci_lo": 0.3144070544905049,
    "ci_hi": 4.760492635818856,
    "covered": true,
    "insertion_percentile": 0.9404216315307058
  },
  "sigma_chi": {
    "true": 0.33783679602740846,
    "median": 0.3269839184065448,
    "ci_lo": 0.07422197921874707,
    "ci_hi": 0.5738863286525527,
    "covered": true,
    "insertion_percentile": 0.5160403299725023
  },
  "sigma_xi": {
    "true": 0.0729988281001654,
    "median": 0.22666437338637435,
    "ci_lo": 0.07163862261316473,
    "ci_hi": 0.38112423127865097,
    "covered": true,
    "insertion_percentile": 0.05591200733272227
  },
  "rho": {
    "true": -0.3265941993189321,
    "median": 0.0029352000107664145,
    "ci_lo": -0.8101050824017434,
    "ci_hi": 0.8178974475539822,
    "covered": true,
    "insertion_percentile": 0.31439046746104493
  }
}
Saved KDE posterior plot to /data/wiay/postgrads/shashwat/COMM_DATA/results/CALLIBRATION_S3_L2/ens7_bs2048_ep300_pat30_lr3.0e-04_wd1.0e-05_319409-3/inj_0064/posterior_kde.png
