==========================================
 Stage 3 Layer 2 (options) injection
 model = ens5_bs2048_ep300_pat30_lr3.0e-04_wd1.0e-04_319409-5
 seed  = 26
==========================================
Model: ens5_bs2048_ep300_pat30_lr3.0e-04_wd1.0e-04_319409-5
Injection seed: 26
Output dir: /data/wiay/postgrads/shashwat/COMM_DATA/results/CALLIBRATION_S3_L2/ens5_bs2048_ep300_pat30_lr3.0e-04_wd1.0e-04_319409-5/inj_0026
Loaded 5 ensemble members from ens5_bs2048_ep300_pat30_lr3.0e-04_wd1.0e-04_319409-5: ['model_00', 'model_01', 'model_02', 'model_03', 'model_04']
{
  "kappa": {
    "true": 2.5088346962640324,
    "median": 2.560678937174665,
    "ci_lo": 0.3528178071157043,
    "ci_hi": 4.756563611199425,
    "covered": true,
    "insertion_percentile": 0.4876425855513308
  },
  "sigma_chi": {
    "true": 0.1789197381713541,
    "median": 0.3198739548164432,
    "ci_lo": 0.07386472148592585,
    "ci_hi": 0.5700729819365836,
    "covered": true,
    "insertion_percentile": 0.26045627376425856
  },
  "sigma_xi": {
    "true": 0.07366271536731414,
    "median": 0.23442241946366912,
    "ci_lo": 0.06748532310220005,
    "ci_hi": 0.38276588004521456,
    "covered": true,
    "insertion_percentile": 0.06939163498098859
  },
  "rho": {
    "true": 0.38314476698780464,
    "median": 0.06212455952839341,
    "ci_lo": -0.8102418680848653,
    "ci_hi": 0.8140256238446533,
    "covered": true,
    "insertion_percentile": 0.6891634980988594
  }
}
Saved KDE posterior plot to /data/wiay/postgrads/shashwat/COMM_DATA/results/CALLIBRATION_S3_L2/ens5_bs2048_ep300_pat30_lr3.0e-04_wd1.0e-04_319409-5/inj_0026/posterior_kde.png
