==========================================
 Stage 3 Layer 2 (options) injection
 model = ens7_bs2048_ep300_pat30_lr3.0e-04_wd1.0e-05_319409-3
 seed  = 52
==========================================
Model: ens7_bs2048_ep300_pat30_lr3.0e-04_wd1.0e-05_319409-3
Injection seed: 52
Output dir: /data/wiay/postgrads/shashwat/COMM_DATA/results/CALLIBRATION_S3_L2/ens7_bs2048_ep300_pat30_lr3.0e-04_wd1.0e-05_319409-3/inj_0052
Loaded 7 ensemble members from ens7_bs2048_ep300_pat30_lr3.0e-04_wd1.0e-05_319409-3: ['model_00', 'model_01', 'model_02', 'model_03', 'model_04', 'model_05', 'model_06']
{
  "kappa": {
    "true": 3.117238478531921,
    "median": 2.52123122918004,
    "ci_lo": 0.36247562514532483,
    "ci_hi": 4.73874980250183,
    "covered": true,
    "insertion_percentile": 0.6067732831608654
  },
  "sigma_chi": {
    "true": 0.36582446259941054,
    "median": 0.32707996504298703,
    "ci_lo": 0.0802654824781731,
    "ci_hi": 0.5757994363121015,
    "covered": true,
    "insertion_percentile": 0.5653809971777987
  },
  "sigma_xi": {
    "true": 0.23184025271647501,
    "median": 0.22437313984273144,
    "ci_lo": 0.06765294320434354,
    "ci_hi": 0.38413912027749797,
    "covered": true,
    "insertion_percentile": 0.5192850423330198
  },
  "rho": {
    "true": -0.8884988252943237,
    "median": 0.01789623601986501,
    "ci_lo": -0.8067043959834066,
    "ci_hi": 0.8062383492847789,
    "covered": false,
    "insertion_percentile": 0.004703668861712135
  }
}
Saved KDE posterior plot to /data/wiay/postgrads/shashwat/COMM_DATA/results/CALLIBRATION_S3_L2/ens7_bs2048_ep300_pat30_lr3.0e-04_wd1.0e-05_319409-3/inj_0052/posterior_kde.png
