==========================================
 Stage 3 Layer 2 (options) injection
 model = ens5_bs1024_ep300_pat30_lr3.0e-04_wd1.0e-05_319409-4
 seed  = 40
==========================================
Model: ens5_bs1024_ep300_pat30_lr3.0e-04_wd1.0e-05_319409-4
Injection seed: 40
Output dir: /data/wiay/postgrads/shashwat/COMM_DATA/results/CALLIBRATION_S3_L2/ens5_bs1024_ep300_pat30_lr3.0e-04_wd1.0e-05_319409-4/inj_0040
Loaded 5 ensemble members from ens5_bs1024_ep300_pat30_lr3.0e-04_wd1.0e-05_319409-4: ['model_00', 'model_01', 'model_02', 'model_03', 'model_04']
{
  "kappa": {
    "true": 3.6765026267971166,
    "median": 2.609577558266117,
    "ci_lo": 0.34829701883991404,
    "ci_hi": 4.7497907578492855,
    "covered": true,
    "insertion_percentile": 0.7275390625
  },
  "sigma_chi": {
    "true": 0.43137822624103417,
    "median": 0.3290197856203531,
    "ci_lo": 0.0798486634547875,
    "ci_hi": 0.5739418728992862,
    "covered": true,
    "insertion_percentile": 0.693359375
  },
  "sigma_xi": {
    "true": 0.379672356032104,
    "median": 0.22697319230215207,
    "ci_lo": 0.07020871940421039,
    "ci_hi": 0.38544722791710123,
    "covered": true,
    "insertion_percentile": 0.9404296875
  },
  "rho": {
    "true": -0.7926262919194065,
    "median": -0.016412464074173905,
    "ci_lo": -0.8167553831208003,
    "ci_hi": 0.7969764949730511,
    "covered": true,
    "insertion_percentile": 0.0625
  }
}
Saved KDE posterior plot to /data/wiay/postgrads/shashwat/COMM_DATA/results/CALLIBRATION_S3_L2/ens5_bs1024_ep300_pat30_lr3.0e-04_wd1.0e-05_319409-4/inj_0040/posterior_kde.png
