==========================================
 Stage 3 Layer 2 (options) injection
 model = ens7_bs2048_ep300_pat30_lr3.0e-04_wd1.0e-05_319409-3
 seed  = 34
==========================================
Model: ens7_bs2048_ep300_pat30_lr3.0e-04_wd1.0e-05_319409-3
Injection seed: 34
Output dir: /data/wiay/postgrads/shashwat/COMM_DATA/results/CALLIBRATION_S3_L2/ens7_bs2048_ep300_pat30_lr3.0e-04_wd1.0e-05_319409-3/inj_0034
Loaded 7 ensemble members from ens7_bs2048_ep300_pat30_lr3.0e-04_wd1.0e-05_319409-3: ['model_00', 'model_01', 'model_02', 'model_03', 'model_04', 'model_05', 'model_06']
{
  "kappa": {
    "true": 0.11973839311591333,
    "median": 2.5679951572695097,
    "ci_lo": 0.34423376433174496,
    "ci_hi": 4.764733431313582,
    "covered": false,
    "insertion_percentile": 0.0029940119760479044
  },
  "sigma_chi": {
    "true": 0.5296973028487982,
    "median": 0.32218533846320363,
    "ci_lo": 0.07944037726015347,
    "ci_hi": 0.570097834668994,
    "covered": true,
    "insertion_percentile": 0.8702594810379242
  },
  "sigma_xi": {
    "true": 0.134959835661545,
    "median": 0.2239859573905161,
    "ci_lo": 0.06893406335159752,
    "ci_hi": 0.38545054428930003,
    "covered": true,
    "insertion_percentile": 0.24451097804391217
  },
  "rho": {
    "true": 0.27191033615103344,
    "median": 0.01496055678627195,
    "ci_lo": -0.7930350661921098,
    "ci_hi": 0.8011932805847428,
    "covered": true,
    "insertion_percentile": 0.6616766467065869
  }
}
Saved KDE posterior plot to /data/wiay/postgrads/shashwat/COMM_DATA/results/CALLIBRATION_S3_L2/ens7_bs2048_ep300_pat30_lr3.0e-04_wd1.0e-05_319409-3/inj_0034/posterior_kde.png
