==========================================
 Stage 3 Layer 2 (options) injection
 model = ens5_bs2048_ep300_pat30_lr3.0e-04_wd1.0e-04_319409-5
 seed  = 0
==========================================
Model: ens5_bs2048_ep300_pat30_lr3.0e-04_wd1.0e-04_319409-5
Injection seed: 0
Output dir: /data/wiay/postgrads/shashwat/COMM_DATA/results/CALLIBRATION_S3_L2/ens5_bs2048_ep300_pat30_lr3.0e-04_wd1.0e-04_319409-5/inj_0000
Loaded 5 ensemble members from ens5_bs2048_ep300_pat30_lr3.0e-04_wd1.0e-04_319409-5: ['model_00', 'model_01', 'model_02', 'model_03', 'model_04']
{
  "kappa": {
    "true": 3.2211122678751263,
    "median": 2.51148535676674,
    "ci_lo": 0.31940184745671124,
    "ci_hi": 4.752359348875183,
    "covered": true,
    "insertion_percentile": 0.6325187969924813
  },
  "sigma_chi": {
    "true": 0.19838269257012864,
    "median": 0.3295801636729482,
    "ci_lo": 0.07552996002957188,
    "ci_hi": 0.5762230840081517,
    "covered": true,
    "insertion_percentile": 0.28101503759398494
  },
  "sigma_xi": {
    "true": 0.06434073337766814,
    "median": 0.2418319863995008,
    "ci_lo": 0.06788799925478413,
    "ci_hi": 0.38252648631375213,
    "covered": false,
    "insertion_percentile": 0.03853383458646616
  },
  "rho": {
    "true": -0.8702502560486477,
    "median": -0.016843675660847435,
    "ci_lo": -0.8328968960625882,
    "ci_hi": 0.7887356798854156,
    "covered": false,
    "insertion_percentile": 0.02537593984962406
  }
}
Saved KDE posterior plot to /data/wiay/postgrads/shashwat/COMM_DATA/results/CALLIBRATION_S3_L2/ens5_bs2048_ep300_pat30_lr3.0e-04_wd1.0e-04_319409-5/inj_0000/posterior_kde.png
