==========================================
 Stage 3 Layer 2 (options) injection
 model = ens3_bs2048_ep300_pat30_lr3.0e-04_wd1.0e-05_319409-2
 seed  = 36
==========================================
Model: ens3_bs2048_ep300_pat30_lr3.0e-04_wd1.0e-05_319409-2
Injection seed: 36
Output dir: /data/wiay/postgrads/shashwat/COMM_DATA/results/CALLIBRATION_S3_L2/ens3_bs2048_ep300_pat30_lr3.0e-04_wd1.0e-05_319409-2/inj_0036
Loaded 3 ensemble members from ens3_bs2048_ep300_pat30_lr3.0e-04_wd1.0e-05_319409-2: ['model_00', 'model_01', 'model_02']
{
  "kappa": {
    "true": 0.9851021469984305,
    "median": 2.504530706108771,
    "ci_lo": 0.3268862514460519,
    "ci_hi": 4.737745814181118,
    "covered": true,
    "insertion_percentile": 0.18951612903225806
  },
  "sigma_chi": {
    "true": 0.2690302184046176,
    "median": 0.30884611176458476,
    "ci_lo": 0.08377651769688206,
    "ci_hi": 0.5713109524158378,
    "covered": true,
    "insertion_percentile": 0.4264112903225806
  },
  "sigma_xi": {
    "true": 0.36284134124945727,
    "median": 0.2300131178134913,
    "ci_lo": 0.0682849417474326,
    "ci_hi": 0.3791882911256805,
    "covered": true,
    "insertion_percentile": 0.907258064516129
  },
  "rho": {
    "true": -0.17390518647359976,
    "median": 0.032689747197590546,
    "ci_lo": -0.8157436857726332,
    "ci_hi": 0.8331811413093324,
    "covered": true,
    "insertion_percentile": 0.3870967741935484
  }
}
Saved KDE posterior plot to /data/wiay/postgrads/shashwat/COMM_DATA/results/CALLIBRATION_S3_L2/ens3_bs2048_ep300_pat30_lr3.0e-04_wd1.0e-05_319409-2/inj_0036/posterior_kde.png
