==========================================
 Stage 3 Layer 2 (options) injection
 model = ens5_bs2048_ep300_pat30_lr3.0e-04_wd1.0e-05_319409-0
 seed  = 47
==========================================
Model: ens5_bs2048_ep300_pat30_lr3.0e-04_wd1.0e-05_319409-0
Injection seed: 47
Output dir: /data/wiay/postgrads/shashwat/COMM_DATA/results/CALLIBRATION_S3_L2/ens5_bs2048_ep300_pat30_lr3.0e-04_wd1.0e-05_319409-0/inj_0047
Loaded 5 ensemble members from ens5_bs2048_ep300_pat30_lr3.0e-04_wd1.0e-05_319409-0: ['model_00', 'model_01', 'model_02', 'model_03', 'model_04']
{
  "kappa": {
    "true": 3.7348297737485474,
    "median": 2.560807774262533,
    "ci_lo": 0.3453286162194312,
    "ci_hi": 4.775390750724252,
    "covered": true,
    "insertion_percentile": 0.7403846153846154
  },
  "sigma_chi": {
    "true": 0.4645178494157843,
    "median": 0.3304775600500618,
    "ci_lo": 0.08137177349384514,
    "ci_hi": 0.569188514791274,
    "covered": true,
    "insertion_percentile": 0.7615384615384615
  },
  "sigma_xi": {
    "true": 0.2128131883803192,
    "median": 0.2257193726309074,
    "ci_lo": 0.06582874378524024,
    "ci_hi": 0.38362117131713364,
    "covered": true,
    "insertion_percentile": 0.46923076923076923
  },
  "rho": {
    "true": -0.7132949466337944,
    "median": 0.04235899936422172,
    "ci_lo": -0.8116466073986072,
    "ci_hi": 0.8234314427446706,
    "covered": true,
    "insertion_percentile": 0.1
  }
}
Saved KDE posterior plot to /data/wiay/postgrads/shashwat/COMM_DATA/results/CALLIBRATION_S3_L2/ens5_bs2048_ep300_pat30_lr3.0e-04_wd1.0e-05_319409-0/inj_0047/posterior_kde.png
