==========================================
 Stage 3 Layer 2 (options) injection
 model = ens5_bs1024_ep300_pat30_lr3.0e-04_wd1.0e-05_319409-4
 seed  = 56
==========================================
Model: ens5_bs1024_ep300_pat30_lr3.0e-04_wd1.0e-05_319409-4
Injection seed: 56
Output dir: /data/wiay/postgrads/shashwat/COMM_DATA/results/CALLIBRATION_S3_L2/ens5_bs1024_ep300_pat30_lr3.0e-04_wd1.0e-05_319409-4/inj_0056
Loaded 5 ensemble members from ens5_bs1024_ep300_pat30_lr3.0e-04_wd1.0e-05_319409-4: ['model_00', 'model_01', 'model_02', 'model_03', 'model_04']
{
  "kappa": {
    "true": 3.6580176448213466,
    "median": 2.5814087849184455,
    "ci_lo": 0.30502720899206665,
    "ci_hi": 4.762081024662692,
    "covered": true,
    "insertion_percentile": 0.7201970443349753
  },
  "sigma_chi": {
    "true": 0.059296547963253746,
    "median": 0.3350445279570276,
    "ci_lo": 0.08011459729329495,
    "ci_hi": 0.573299051973168,
    "covered": false,
    "insertion_percentile": 0.0187192118226601
  },
  "sigma_xi": {
    "true": 0.39328037371924657,
    "median": 0.2231881851380621,
    "ci_lo": 0.06785485710169115,
    "ci_hi": 0.38072911317918606,
    "covered": false,
    "insertion_percentile": 0.9832512315270936
  },
  "rho": {
    "true": 0.4042875818228405,
    "median": -0.022348725418678494,
    "ci_lo": -0.8174555709387964,
    "ci_hi": 0.8171151239243105,
    "covered": true,
    "insertion_percentile": 0.7359605911330049
  }
}
Saved KDE posterior plot to /data/wiay/postgrads/shashwat/COMM_DATA/results/CALLIBRATION_S3_L2/ens5_bs1024_ep300_pat30_lr3.0e-04_wd1.0e-05_319409-4/inj_0056/posterior_kde.png
