==========================================
 Stage 3 Layer 2 (options) injection
 model = ens5_bs1024_ep300_pat30_lr3.0e-04_wd1.0e-05_319409-4
 seed  = 16
==========================================
Model: ens5_bs1024_ep300_pat30_lr3.0e-04_wd1.0e-05_319409-4
Injection seed: 16
Output dir: /data/wiay/postgrads/shashwat/COMM_DATA/results/CALLIBRATION_S3_L2/ens5_bs1024_ep300_pat30_lr3.0e-04_wd1.0e-05_319409-4/inj_0016
Loaded 5 ensemble members from ens5_bs1024_ep300_pat30_lr3.0e-04_wd1.0e-05_319409-4: ['model_00', 'model_01', 'model_02', 'model_03', 'model_04']
{
  "kappa": {
    "true": 2.877892510508889,
    "median": 2.629975418331611,
    "ci_lo": 0.3890029128799278,
    "ci_hi": 4.766851844560689,
    "covered": true,
    "insertion_percentile": 0.5577651515151515
  },
  "sigma_chi": {
    "true": 0.28690928001960203,
    "median": 0.32389587896361227,
    "ci_lo": 0.07446740432115538,
    "ci_hi": 0.5661287075978626,
    "covered": true,
    "insertion_percentile": 0.4356060606060606
  },
  "sigma_xi": {
    "true": 0.0829258389115336,
    "median": 0.22406086320992066,
    "ci_lo": 0.07113636470944544,
    "ci_hi": 0.3807162052087343,
    "covered": true,
    "insertion_percentile": 0.08143939393939394
  },
  "rho": {
    "true": -0.2734568092152081,
    "median": 0.060033584857439204,
    "ci_lo": -0.8149763501965567,
    "ci_hi": 0.8360263769674807,
    "covered": true,
    "insertion_percentile": 0.3314393939393939
  }
}
Saved KDE posterior plot to /data/wiay/postgrads/shashwat/COMM_DATA/results/CALLIBRATION_S3_L2/ens5_bs1024_ep300_pat30_lr3.0e-04_wd1.0e-05_319409-4/inj_0016/posterior_kde.png
