==========================================
 Stage 3 Layer 2 (options) injection
 model = ens5_bs2048_ep300_pat30_lr1.0e-04_wd1.0e-05_319409-1
 seed  = 1
==========================================
Model: ens5_bs2048_ep300_pat30_lr1.0e-04_wd1.0e-05_319409-1
Injection seed: 1
Output dir: /data/wiay/postgrads/shashwat/COMM_DATA/results/CALLIBRATION_S3_L2/ens5_bs2048_ep300_pat30_lr1.0e-04_wd1.0e-05_319409-1/inj_0001
Loaded 5 ensemble members from ens5_bs2048_ep300_pat30_lr1.0e-04_wd1.0e-05_319409-1: ['model_00', 'model_01', 'model_02', 'model_03', 'model_04']
{
  "kappa": {
    "true": 2.6079259610312584,
    "median": 2.415685570781127,
    "ci_lo": 0.3684958424453699,
    "ci_hi": 4.766716674499711,
    "covered": true,
    "insertion_percentile": 0.5260115606936416
  },
  "sigma_chi": {
    "true": 0.5727550329792644,
    "median": 0.3272210717968128,
    "ci_lo": 0.07306197993637135,
    "ci_hi": 0.5724410202467577,
    "covered": false,
    "insertion_percentile": 0.9499036608863198
  },
  "sigma_xi": {
    "true": 0.10045586445187182,
    "median": 0.22693869303098307,
    "ci_lo": 0.06796517279610391,
    "ci_hi": 0.3824851737183734,
    "covered": true,
    "insertion_percentile": 0.1464354527938343
  },
  "rho": {
    "true": 0.8075690048470389,
    "median": -0.032559899669464765,
    "ci_lo": -0.8294537742838762,
    "ci_hi": 0.813095850514966,
    "covered": true,
    "insertion_percentile": 0.9460500963391136
  }
}
Saved KDE posterior plot to /data/wiay/postgrads/shashwat/COMM_DATA/results/CALLIBRATION_S3_L2/ens5_bs2048_ep300_pat30_lr1.0e-04_wd1.0e-05_319409-1/inj_0001/posterior_kde.png
