==========================================
 Stage 3 Layer 2 (options) injection
 model = ens5_bs1024_ep300_pat30_lr3.0e-04_wd1.0e-05_319409-4
 seed  = 21
==========================================
Model: ens5_bs1024_ep300_pat30_lr3.0e-04_wd1.0e-05_319409-4
Injection seed: 21
Output dir: /data/wiay/postgrads/shashwat/COMM_DATA/results/CALLIBRATION_S3_L2/ens5_bs1024_ep300_pat30_lr3.0e-04_wd1.0e-05_319409-4/inj_0021
Loaded 5 ensemble members from ens5_bs1024_ep300_pat30_lr3.0e-04_wd1.0e-05_319409-4: ['model_00', 'model_01', 'model_02', 'model_03', 'model_04']
{
  "kappa": {
    "true": 3.927476185205608,
    "median": 2.4970030689240867,
    "ci_lo": 0.3605717501344056,
    "ci_hi": 4.776350265334111,
    "covered": true,
    "insertion_percentile": 0.7774451097804391
  },
  "sigma_chi": {
    "true": 0.38321586626403237,
    "median": 0.33476153610428744,
    "ci_lo": 0.0862316940387393,
    "ci_hi": 0.5739144197501563,
    "covered": true,
    "insertion_percentile": 0.5998003992015968
  },
  "sigma_xi": {
    "true": 0.29843041664294884,
    "median": 0.22887558848531564,
    "ci_lo": 0.06956447805537555,
    "ci_hi": 0.3831116017659482,
    "covered": true,
    "insertion_percentile": 0.717564870259481
  },
  "rho": {
    "true": -0.7396238287400239,
    "median": 0.0063965431892109015,
    "ci_lo": -0.8087260104168704,
    "ci_hi": 0.8065859254099149,
    "covered": true,
    "insertion_percentile": 0.08582834331337326
  }
}
Saved KDE posterior plot to /data/wiay/postgrads/shashwat/COMM_DATA/results/CALLIBRATION_S3_L2/ens5_bs1024_ep300_pat30_lr3.0e-04_wd1.0e-05_319409-4/inj_0021/posterior_kde.png
