==========================================
 Stage 3 Layer 2 (options) injection
 model = ens5_bs1024_ep300_pat30_lr3.0e-04_wd1.0e-05_319409-4
 seed  = 68
==========================================
Model: ens5_bs1024_ep300_pat30_lr3.0e-04_wd1.0e-05_319409-4
Injection seed: 68
Output dir: /data/wiay/postgrads/shashwat/COMM_DATA/results/CALLIBRATION_S3_L2/ens5_bs1024_ep300_pat30_lr3.0e-04_wd1.0e-05_319409-4/inj_0068
Loaded 5 ensemble members from ens5_bs1024_ep300_pat30_lr3.0e-04_wd1.0e-05_319409-4: ['model_00', 'model_01', 'model_02', 'model_03', 'model_04']
{
  "kappa": {
    "true": 2.4733969517481755,
    "median": 2.5221877082964936,
    "ci_lo": 0.40421255713620213,
    "ci_hi": 4.733925433586685,
    "covered": true,
    "insertion_percentile": 0.4909456740442656
  },
  "sigma_chi": {
    "true": 0.5165794510041971,
    "median": 0.3232727601473641,
    "ci_lo": 0.07957394451807424,
    "ci_hi": 0.5734472897446167,
    "covered": true,
    "insertion_percentile": 0.8470824949698189
  },
  "sigma_xi": {
    "true": 0.285732795194833,
    "median": 0.23249975682352125,
    "ci_lo": 0.06644769234338248,
    "ci_hi": 0.38583798752461984,
    "covered": true,
    "insertion_percentile": 0.6559356136820925
  },
  "rho": {
    "true": 0.22723339367836914,
    "median": -0.01283128593553906,
    "ci_lo": -0.8135778155407924,
    "ci_hi": 0.8094315224603299,
    "covered": true,
    "insertion_percentile": 0.6338028169014085
  }
}
Saved KDE posterior plot to /data/wiay/postgrads/shashwat/COMM_DATA/results/CALLIBRATION_S3_L2/ens5_bs1024_ep300_pat30_lr3.0e-04_wd1.0e-05_319409-4/inj_0068/posterior_kde.png
