==========================================
 Stage 3 Layer 2 (options) injection
 model = ens5_bs2048_ep300_pat30_lr1.0e-04_wd1.0e-05_319409-1
 seed  = 43
==========================================
Model: ens5_bs2048_ep300_pat30_lr1.0e-04_wd1.0e-05_319409-1
Injection seed: 43
Output dir: /data/wiay/postgrads/shashwat/COMM_DATA/results/CALLIBRATION_S3_L2/ens5_bs2048_ep300_pat30_lr1.0e-04_wd1.0e-05_319409-1/inj_0043
Loaded 5 ensemble members from ens5_bs2048_ep300_pat30_lr1.0e-04_wd1.0e-05_319409-1: ['model_00', 'model_01', 'model_02', 'model_03', 'model_04']
{
  "kappa": {
    "true": 3.2962663872344624,
    "median": 2.554315249634869,
    "ci_lo": 0.34797001385377413,
    "ci_hi": 4.744572554355684,
    "covered": true,
    "insertion_percentile": 0.658252427184466
  },
  "sigma_chi": {
    "true": 0.07407642800144813,
    "median": 0.3217371184003657,
    "ci_lo": 0.0723907554542983,
    "ci_hi": 0.5751616512767835,
    "covered": true,
    "insertion_percentile": 0.05145631067961165
  },
  "sigma_xi": {
    "true": 0.057010355405975904,
    "median": 0.22919459841157275,
    "ci_lo": 0.06842241004383788,
    "ci_hi": 0.38161972265374716,
    "covered": false,
    "insertion_percentile": 0.021359223300970873
  },
  "rho": {
    "true": 0.6105826485198541,
    "median": 0.08043383273545662,
    "ci_lo": -0.8112631857020821,
    "ci_hi": 0.8010815008613714,
    "covered": true,
    "insertion_percentile": 0.8368932038834952
  }
}
Saved KDE posterior plot to /data/wiay/postgrads/shashwat/COMM_DATA/results/CALLIBRATION_S3_L2/ens5_bs2048_ep300_pat30_lr1.0e-04_wd1.0e-05_319409-1/inj_0043/posterior_kde.png
