==========================================
 Stage 3 Layer 2 (options) injection
 model = ens5_bs2048_ep300_pat30_lr3.0e-04_wd1.0e-04_319409-5
 seed  = 36
==========================================
Model: ens5_bs2048_ep300_pat30_lr3.0e-04_wd1.0e-04_319409-5
Injection seed: 36
Output dir: /data/wiay/postgrads/shashwat/COMM_DATA/results/CALLIBRATION_S3_L2/ens5_bs2048_ep300_pat30_lr3.0e-04_wd1.0e-04_319409-5/inj_0036
Loaded 5 ensemble members from ens5_bs2048_ep300_pat30_lr3.0e-04_wd1.0e-04_319409-5: ['model_00', 'model_01', 'model_02', 'model_03', 'model_04']
{
  "kappa": {
    "true": 0.9851021469984305,
    "median": 2.585253168133662,
    "ci_lo": 0.42639542086791793,
    "ci_hi": 4.738842531856136,
    "covered": true,
    "insertion_percentile": 0.1600387972841901
  },
  "sigma_chi": {
    "true": 0.2690302184046176,
    "median": 0.310694368705339,
    "ci_lo": 0.08273527172854951,
    "ci_hi": 0.5713747145682588,
    "covered": true,
    "insertion_percentile": 0.41416100872938894
  },
  "sigma_xi": {
    "true": 0.36284134124945727,
    "median": 0.21707070983387028,
    "ci_lo": 0.0661782210323053,
    "ci_hi": 0.38064296468139924,
    "covered": true,
    "insertion_percentile": 0.8923375363724539
  },
  "rho": {
    "true": -0.17390518647359976,
    "median": 0.008380978444195053,
    "ci_lo": -0.8193181353006213,
    "ci_hi": 0.8136088167352561,
    "covered": true,
    "insertion_percentile": 0.38700290979631424
  }
}
Saved KDE posterior plot to /data/wiay/postgrads/shashwat/COMM_DATA/results/CALLIBRATION_S3_L2/ens5_bs2048_ep300_pat30_lr3.0e-04_wd1.0e-04_319409-5/inj_0036/posterior_kde.png
