==========================================
 Stage 3 Layer 2 (options) injection
 model = ens5_bs2048_ep300_pat30_lr3.0e-04_wd1.0e-04_319409-5
 seed  = 1
==========================================
Model: ens5_bs2048_ep300_pat30_lr3.0e-04_wd1.0e-04_319409-5
Injection seed: 1
Output dir: /data/wiay/postgrads/shashwat/COMM_DATA/results/CALLIBRATION_S3_L2/ens5_bs2048_ep300_pat30_lr3.0e-04_wd1.0e-04_319409-5/inj_0001
Loaded 5 ensemble members from ens5_bs2048_ep300_pat30_lr3.0e-04_wd1.0e-04_319409-5: ['model_00', 'model_01', 'model_02', 'model_03', 'model_04']
{
  "kappa": {
    "true": 2.6079259610312584,
    "median": 2.6507212965484994,
    "ci_lo": 0.38800315894081483,
    "ci_hi": 4.773748713537552,
    "covered": true,
    "insertion_percentile": 0.4966183574879227
  },
  "sigma_chi": {
    "true": 0.5727550329792644,
    "median": 0.33331199580718024,
    "ci_lo": 0.07302771335087731,
    "ci_hi": 0.5727218659836198,
    "covered": false,
    "insertion_percentile": 0.9497584541062802
  },
  "sigma_xi": {
    "true": 0.10045586445187182,
    "median": 0.22607727300250452,
    "ci_lo": 0.07321951929097306,
    "ci_hi": 0.3821829813904991,
    "covered": true,
    "insertion_percentile": 0.13816425120772946
  },
  "rho": {
    "true": 0.8075690048470389,
    "median": 0.01406384365144231,
    "ci_lo": -0.8115988606713844,
    "ci_hi": 0.8164571295139591,
    "covered": true,
    "insertion_percentile": 0.9410628019323671
  }
}
Saved KDE posterior plot to /data/wiay/postgrads/shashwat/COMM_DATA/results/CALLIBRATION_S3_L2/ens5_bs2048_ep300_pat30_lr3.0e-04_wd1.0e-04_319409-5/inj_0001/posterior_kde.png
