==========================================
 Stage 3 Layer 2 (options) injection
 model = ens5_bs2048_ep300_pat30_lr3.0e-04_wd1.0e-05_319409-0
 seed  = 53
==========================================
Model: ens5_bs2048_ep300_pat30_lr3.0e-04_wd1.0e-05_319409-0
Injection seed: 53
Output dir: /data/wiay/postgrads/shashwat/COMM_DATA/results/CALLIBRATION_S3_L2/ens5_bs2048_ep300_pat30_lr3.0e-04_wd1.0e-05_319409-0/inj_0053
Loaded 5 ensemble members from ens5_bs2048_ep300_pat30_lr3.0e-04_wd1.0e-05_319409-0: ['model_00', 'model_01', 'model_02', 'model_03', 'model_04']
{
  "kappa": {
    "true": 0.15452227336490462,
    "median": 2.392175290105816,
    "ci_lo": 0.33155132260661757,
    "ci_hi": 4.754415557405448,
    "covered": false,
    "insertion_percentile": 0.012773722627737226
  },
  "sigma_chi": {
    "true": 0.44540085957223546,
    "median": 0.322074183592255,
    "ci_lo": 0.08015407317589984,
    "ci_hi": 0.5756255468481657,
    "covered": true,
    "insertion_percentile": 0.7344890510948905
  },
  "sigma_xi": {
    "true": 0.16589451690284834,
    "median": 0.22801900644383544,
    "ci_lo": 0.0656198322061132,
    "ci_hi": 0.38076777869998885,
    "covered": true,
    "insertion_percentile": 0.3302919708029197
  },
  "rho": {
    "true": 0.7795595945160475,
    "median": -0.012539817619122928,
    "ci_lo": -0.8201963611765811,
    "ci_hi": 0.7982923933463877,
    "covered": true,
    "insertion_percentile": 0.9352189781021898
  }
}
Saved KDE posterior plot to /data/wiay/postgrads/shashwat/COMM_DATA/results/CALLIBRATION_S3_L2/ens5_bs2048_ep300_pat30_lr3.0e-04_wd1.0e-05_319409-0/inj_0053/posterior_kde.png
