==========================================
 Stage 3 Layer 2 (options) injection
 model = ens3_bs2048_ep300_pat30_lr3.0e-04_wd1.0e-05_319409-2
 seed  = 64
==========================================
Model: ens3_bs2048_ep300_pat30_lr3.0e-04_wd1.0e-05_319409-2
Injection seed: 64
Output dir: /data/wiay/postgrads/shashwat/COMM_DATA/results/CALLIBRATION_S3_L2/ens3_bs2048_ep300_pat30_lr3.0e-04_wd1.0e-05_319409-2/inj_0064
Loaded 3 ensemble members from ens3_bs2048_ep300_pat30_lr3.0e-04_wd1.0e-05_319409-2: ['model_00', 'model_01', 'model_02']
{
  "kappa": {
    "true": 4.7231179184279775,
    "median": 2.465546365520047,
    "ci_lo": 0.29603777036057893,
    "ci_hi": 4.737823267054447,
    "covered": true,
    "insertion_percentile": 0.9474671669793621
  },
  "sigma_chi": {
    "true": 0.33783679602740846,
    "median": 0.3328016685075611,
    "ci_lo": 0.07787547926639908,
    "ci_hi": 0.5774181781397518,
    "covered": true,
    "insertion_percentile": 0.5084427767354597
  },
  "sigma_xi": {
    "true": 0.0729988281001654,
    "median": 0.23006551061309866,
    "ci_lo": 0.06384808068511567,
    "ci_hi": 0.38435969398337794,
    "covered": true,
    "insertion_percentile": 0.07410881801125703
  },
  "rho": {
    "true": -0.3265941993189321,
    "median": -0.02116580326464318,
    "ci_lo": -0.8269844491753437,
    "ci_hi": 0.8209641560414311,
    "covered": true,
    "insertion_percentile": 0.32926829268292684
  }
}
Saved KDE posterior plot to /data/wiay/postgrads/shashwat/COMM_DATA/results/CALLIBRATION_S3_L2/ens3_bs2048_ep300_pat30_lr3.0e-04_wd1.0e-05_319409-2/inj_0064/posterior_kde.png
