==========================================
 Stage 3 Layer 2 (options) injection
 model = ens5_bs2048_ep300_pat30_lr1.0e-04_wd1.0e-05_319409-1
 seed  = 6
==========================================
Model: ens5_bs2048_ep300_pat30_lr1.0e-04_wd1.0e-05_319409-1
Injection seed: 6
Output dir: /data/wiay/postgrads/shashwat/COMM_DATA/results/CALLIBRATION_S3_L2/ens5_bs2048_ep300_pat30_lr1.0e-04_wd1.0e-05_319409-1/inj_0006
Loaded 5 ensemble members from ens5_bs2048_ep300_pat30_lr1.0e-04_wd1.0e-05_319409-1: ['model_00', 'model_01', 'model_02', 'model_03', 'model_04']
{
  "kappa": {
    "true": 2.737005322212522,
    "median": 2.607129773765096,
    "ci_lo": 0.39307254844169714,
    "ci_hi": 4.8068086050965455,
    "covered": true,
    "insertion_percentile": 0.521865889212828
  },
  "sigma_chi": {
    "true": 0.2387989783973361,
    "median": 0.31737733275829966,
    "ci_lo": 0.07924060328490325,
    "ci_hi": 0.5706982512204665,
    "covered": true,
    "insertion_percentile": 0.3663751214771623
  },
  "sigma_xi": {
    "true": 0.17917353392838242,
    "median": 0.22224616044495688,
    "ci_lo": 0.0702207672236771,
    "ci_hi": 0.383903335621109,
    "covered": true,
    "insertion_percentile": 0.3722060252672498
  },
  "rho": {
    "true": -0.22590582194181175,
    "median": -0.019330773692453063,
    "ci_lo": -0.8084637634505231,
    "ci_hi": 0.7971052749255698,
    "covered": true,
    "insertion_percentile": 0.37026239067055394
  }
}
Saved KDE posterior plot to /data/wiay/postgrads/shashwat/COMM_DATA/results/CALLIBRATION_S3_L2/ens5_bs2048_ep300_pat30_lr1.0e-04_wd1.0e-05_319409-1/inj_0006/posterior_kde.png
