==========================================
 Stage 3 Layer 2 (options) injection
 model = ens5_bs1024_ep300_pat30_lr3.0e-04_wd1.0e-05_319409-4
 seed  = 39
==========================================
Model: ens5_bs1024_ep300_pat30_lr3.0e-04_wd1.0e-05_319409-4
Injection seed: 39
Output dir: /data/wiay/postgrads/shashwat/COMM_DATA/results/CALLIBRATION_S3_L2/ens5_bs1024_ep300_pat30_lr3.0e-04_wd1.0e-05_319409-4/inj_0039
Loaded 5 ensemble members from ens5_bs1024_ep300_pat30_lr3.0e-04_wd1.0e-05_319409-4: ['model_00', 'model_01', 'model_02', 'model_03', 'model_04']
{
  "kappa": {
    "true": 2.5583885900419,
    "median": 2.4746870395543037,
    "ci_lo": 0.36859635441260075,
    "ci_hi": 4.701653877449876,
    "covered": true,
    "insertion_percentile": 0.5221238938053098
  },
  "sigma_chi": {
    "true": 0.3466344734135687,
    "median": 0.312831516523249,
    "ci_lo": 0.08115613902047865,
    "ci_hi": 0.5666446162434647,
    "covered": true,
    "insertion_percentile": 0.5565388397246804
  },
  "sigma_xi": {
    "true": 0.09755597068435096,
    "median": 0.2183028793292493,
    "ci_lo": 0.06919247515212278,
    "ci_hi": 0.38158309139481106,
    "covered": true,
    "insertion_percentile": 0.13667649950835792
  },
  "rho": {
    "true": -0.34850417684101376,
    "median": -0.016621191697769988,
    "ci_lo": -0.832182473757568,
    "ci_hi": 0.8129122774884864,
    "covered": true,
    "insertion_percentile": 0.31170108161258603
  }
}
Saved KDE posterior plot to /data/wiay/postgrads/shashwat/COMM_DATA/results/CALLIBRATION_S3_L2/ens5_bs1024_ep300_pat30_lr3.0e-04_wd1.0e-05_319409-4/inj_0039/posterior_kde.png
