==========================================
 Stage 3 Layer 2 (options) injection
 model = ens3_bs2048_ep300_pat30_lr3.0e-04_wd1.0e-05_319409-2
 seed  = 43
==========================================
Model: ens3_bs2048_ep300_pat30_lr3.0e-04_wd1.0e-05_319409-2
Injection seed: 43
Output dir: /data/wiay/postgrads/shashwat/COMM_DATA/results/CALLIBRATION_S3_L2/ens3_bs2048_ep300_pat30_lr3.0e-04_wd1.0e-05_319409-2/inj_0043
Loaded 3 ensemble members from ens3_bs2048_ep300_pat30_lr3.0e-04_wd1.0e-05_319409-2: ['model_00', 'model_01', 'model_02']
{
  "kappa": {
    "true": 3.2962663872344624,
    "median": 2.5363791038080388,
    "ci_lo": 0.34492733330558434,
    "ci_hi": 4.724508686953482,
    "covered": true,
    "insertion_percentile": 0.658745247148289
  },
  "sigma_chi": {
    "true": 0.07407642800144813,
    "median": 0.3190055491473094,
    "ci_lo": 0.07198894129995075,
    "ci_hi": 0.5707151539922668,
    "covered": true,
    "insertion_percentile": 0.053231939163498096
  },
  "sigma_xi": {
    "true": 0.057010355405975904,
    "median": 0.22981062195777657,
    "ci_lo": 0.0701203135444474,
    "ci_hi": 0.38387236259056284,
    "covered": false,
    "insertion_percentile": 0.019011406844106463
  },
  "rho": {
    "true": 0.6105826485198541,
    "median": 0.052761386588040304,
    "ci_lo": -0.8080538012310116,
    "ci_hi": 0.8010763820311874,
    "covered": true,
    "insertion_percentile": 0.841254752851711
  }
}
Saved KDE posterior plot to /data/wiay/postgrads/shashwat/COMM_DATA/results/CALLIBRATION_S3_L2/ens3_bs2048_ep300_pat30_lr3.0e-04_wd1.0e-05_319409-2/inj_0043/posterior_kde.png
