==========================================
 Stage 3 Layer 2 (options) injection
 model = ens5_bs1024_ep300_pat30_lr3.0e-04_wd1.0e-05_319409-4
 seed  = 46
==========================================
Model: ens5_bs1024_ep300_pat30_lr3.0e-04_wd1.0e-05_319409-4
Injection seed: 46
Output dir: /data/wiay/postgrads/shashwat/COMM_DATA/results/CALLIBRATION_S3_L2/ens5_bs1024_ep300_pat30_lr3.0e-04_wd1.0e-05_319409-4/inj_0046
Loaded 5 ensemble members from ens5_bs1024_ep300_pat30_lr3.0e-04_wd1.0e-05_319409-4: ['model_00', 'model_01', 'model_02', 'model_03', 'model_04']
{
  "kappa": {
    "true": 4.537460955782529,
    "median": 2.528881746639165,
    "ci_lo": 0.28090498910939454,
    "ci_hi": 4.6948103343586745,
    "covered": true,
    "insertion_percentile": 0.9216241737488197
  },
  "sigma_chi": {
    "true": 0.09247473626645875,
    "median": 0.3274149899948424,
    "ci_lo": 0.08144944365357464,
    "ci_hi": 0.5695371985974724,
    "covered": true,
    "insertion_percentile": 0.06610009442870633
  },
  "sigma_xi": {
    "true": 0.14539941457152322,
    "median": 0.22655692368638508,
    "ci_lo": 0.06726064451661945,
    "ci_hi": 0.38148633288471495,
    "covered": true,
    "insertion_percentile": 0.25684608120868746
  },
  "rho": {
    "true": 0.21933086804303958,
    "median": 0.013299637055673608,
    "ci_lo": -0.7882886454719175,
    "ci_hi": 0.8146640415392745,
    "covered": true,
    "insertion_percentile": 0.6062322946175638
  }
}
Saved KDE posterior plot to /data/wiay/postgrads/shashwat/COMM_DATA/results/CALLIBRATION_S3_L2/ens5_bs1024_ep300_pat30_lr3.0e-04_wd1.0e-05_319409-4/inj_0046/posterior_kde.png
