==========================================
 Stage 3 Layer 2 (options) injection
 model = ens5_bs2048_ep300_pat30_lr1.0e-04_wd1.0e-05_319409-1
 seed  = 61
==========================================
Model: ens5_bs2048_ep300_pat30_lr1.0e-04_wd1.0e-05_319409-1
Injection seed: 61
Output dir: /data/wiay/postgrads/shashwat/COMM_DATA/results/CALLIBRATION_S3_L2/ens5_bs2048_ep300_pat30_lr1.0e-04_wd1.0e-05_319409-1/inj_0061
Loaded 5 ensemble members from ens5_bs2048_ep300_pat30_lr1.0e-04_wd1.0e-05_319409-1: ['model_00', 'model_01', 'model_02', 'model_03', 'model_04']
{
  "kappa": {
    "true": 1.934433986100442,
    "median": 2.6500089868669554,
    "ci_lo": 0.34816486542040387,
    "ci_hi": 4.761535940939195,
    "covered": true,
    "insertion_percentile": 0.3647984267453294
  },
  "sigma_chi": {
    "true": 0.4745645900057465,
    "median": 0.305320590901949,
    "ci_lo": 0.08054340915396505,
    "ci_hi": 0.5694706391855741,
    "covered": true,
    "insertion_percentile": 0.7984267453294002
  },
  "sigma_xi": {
    "true": 0.2849000862251977,
    "median": 0.23096080216634463,
    "ci_lo": 0.0695034874396269,
    "ci_hi": 0.3818745531664327,
    "covered": true,
    "insertion_percentile": 0.6696165191740413
  },
  "rho": {
    "true": 0.3764787057731843,
    "median": 0.02429157335757326,
    "ci_lo": -0.7957365731361574,
    "ci_hi": 0.8120769918049873,
    "covered": true,
    "insertion_percentile": 0.7099311701081613
  }
}
Saved KDE posterior plot to /data/wiay/postgrads/shashwat/COMM_DATA/results/CALLIBRATION_S3_L2/ens5_bs2048_ep300_pat30_lr1.0e-04_wd1.0e-05_319409-1/inj_0061/posterior_kde.png
