==========================================
 Stage 3 Layer 2 (options) injection
 model = ens7_bs2048_ep300_pat30_lr3.0e-04_wd1.0e-05_319409-3
 seed  = 47
==========================================
Model: ens7_bs2048_ep300_pat30_lr3.0e-04_wd1.0e-05_319409-3
Injection seed: 47
Output dir: /data/wiay/postgrads/shashwat/COMM_DATA/results/CALLIBRATION_S3_L2/ens7_bs2048_ep300_pat30_lr3.0e-04_wd1.0e-05_319409-3/inj_0047
Loaded 7 ensemble members from ens7_bs2048_ep300_pat30_lr3.0e-04_wd1.0e-05_319409-3: ['model_00', 'model_01', 'model_02', 'model_03', 'model_04', 'model_05', 'model_06']
{
  "kappa": {
    "true": 3.7348297737485474,
    "median": 2.563345318117899,
    "ci_lo": 0.37861363423211963,
    "ci_hi": 4.783954611665082,
    "covered": true,
    "insertion_percentile": 0.7566502463054188
  },
  "sigma_chi": {
    "true": 0.4645178494157843,
    "median": 0.330133155192065,
    "ci_lo": 0.07985354202489403,
    "ci_hi": 0.5763718606058497,
    "covered": true,
    "insertion_percentile": 0.7546798029556651
  },
  "sigma_xi": {
    "true": 0.2128131883803192,
    "median": 0.22589122713849671,
    "ci_lo": 0.06428986220148927,
    "ci_hi": 0.38304320233176864,
    "covered": true,
    "insertion_percentile": 0.4729064039408867
  },
  "rho": {
    "true": -0.7132949466337944,
    "median": 0.01306584522305243,
    "ci_lo": -0.8024960719834916,
    "ci_hi": 0.8135828952835055,
    "covered": true,
    "insertion_percentile": 0.09261083743842365
  }
}
Saved KDE posterior plot to /data/wiay/postgrads/shashwat/COMM_DATA/results/CALLIBRATION_S3_L2/ens7_bs2048_ep300_pat30_lr3.0e-04_wd1.0e-05_319409-3/inj_0047/posterior_kde.png
