==========================================
 Stage 3 Layer 2 (options) injection
 model = ens7_bs2048_ep300_pat30_lr3.0e-04_wd1.0e-05_319409-3
 seed  = 43
==========================================
Model: ens7_bs2048_ep300_pat30_lr3.0e-04_wd1.0e-05_319409-3
Injection seed: 43
Output dir: /data/wiay/postgrads/shashwat/COMM_DATA/results/CALLIBRATION_S3_L2/ens7_bs2048_ep300_pat30_lr3.0e-04_wd1.0e-05_319409-3/inj_0043
Loaded 7 ensemble members from ens7_bs2048_ep300_pat30_lr3.0e-04_wd1.0e-05_319409-3: ['model_00', 'model_01', 'model_02', 'model_03', 'model_04', 'model_05', 'model_06']
{
  "kappa": {
    "true": 3.2962663872344624,
    "median": 2.5463266138005234,
    "ci_lo": 0.34694144073271643,
    "ci_hi": 4.759322249346321,
    "covered": true,
    "insertion_percentile": 0.6508244422890398
  },
  "sigma_chi": {
    "true": 0.07407642800144813,
    "median": 0.32454790485104495,
    "ci_lo": 0.07489578693191365,
    "ci_hi": 0.5729631157172317,
    "covered": false,
    "insertion_percentile": 0.04849660523763336
  },
  "sigma_xi": {
    "true": 0.057010355405975904,
    "median": 0.23491920003222405,
    "ci_lo": 0.0699657782860202,
    "ci_hi": 0.38268091536196147,
    "covered": false,
    "insertion_percentile": 0.020368574199806012
  },
  "rho": {
    "true": 0.6105826485198541,
    "median": 0.09136349640158148,
    "ci_lo": -0.7800236219126274,
    "ci_hi": 0.8153292569605776,
    "covered": true,
    "insertion_percentile": 0.8292919495635306
  }
}
Saved KDE posterior plot to /data/wiay/postgrads/shashwat/COMM_DATA/results/CALLIBRATION_S3_L2/ens7_bs2048_ep300_pat30_lr3.0e-04_wd1.0e-05_319409-3/inj_0043/posterior_kde.png
