==========================================
 Stage 3 Layer 2 (options) injection
 model = ens5_bs2048_ep300_pat30_lr1.0e-04_wd1.0e-05_319409-1
 seed  = 24
==========================================
Model: ens5_bs2048_ep300_pat30_lr1.0e-04_wd1.0e-05_319409-1
Injection seed: 24
Output dir: /data/wiay/postgrads/shashwat/COMM_DATA/results/CALLIBRATION_S3_L2/ens5_bs2048_ep300_pat30_lr1.0e-04_wd1.0e-05_319409-1/inj_0024
Loaded 5 ensemble members from ens5_bs2048_ep300_pat30_lr1.0e-04_wd1.0e-05_319409-1: ['model_00', 'model_01', 'model_02', 'model_03', 'model_04']
{
  "kappa": {
    "true": 1.7183172996796456,
    "median": 2.56371536756516,
    "ci_lo": 0.32137123029425724,
    "ci_hi": 4.789417240722296,
    "covered": true,
    "insertion_percentile": 0.3182656826568266
  },
  "sigma_chi": {
    "true": 0.2728475236015291,
    "median": 0.32162035476864576,
    "ci_lo": 0.07112775048419234,
    "ci_hi": 0.5758603152347739,
    "covered": true,
    "insertion_percentile": 0.4132841328413284
  },
  "sigma_xi": {
    "true": 0.2511582367645172,
    "median": 0.2296644869764037,
    "ci_lo": 0.06873662694827036,
    "ci_hi": 0.38521423824662854,
    "covered": true,
    "insertion_percentile": 0.5507380073800738
  },
  "rho": {
    "true": 0.011519581086266384,
    "median": -0.000854129521471958,
    "ci_lo": -0.8046563662025056,
    "ci_hi": 0.8357424767419844,
    "covered": true,
    "insertion_percentile": 0.5046125461254612
  }
}
Saved KDE posterior plot to /data/wiay/postgrads/shashwat/COMM_DATA/results/CALLIBRATION_S3_L2/ens5_bs2048_ep300_pat30_lr1.0e-04_wd1.0e-05_319409-1/inj_0024/posterior_kde.png
