==========================================
 Stage 3 Layer 2 (options) injection
 model = ens5_bs2048_ep300_pat30_lr3.0e-04_wd1.0e-05_319409-0
 seed  = 31
==========================================
Model: ens5_bs2048_ep300_pat30_lr3.0e-04_wd1.0e-05_319409-0
Injection seed: 31
Output dir: /data/wiay/postgrads/shashwat/COMM_DATA/results/CALLIBRATION_S3_L2/ens5_bs2048_ep300_pat30_lr3.0e-04_wd1.0e-05_319409-0/inj_0031
Loaded 5 ensemble members from ens5_bs2048_ep300_pat30_lr3.0e-04_wd1.0e-05_319409-0: ['model_00', 'model_01', 'model_02', 'model_03', 'model_04']
{
  "kappa": {
    "true": 4.525541873482816,
    "median": 2.5177017921820313,
    "ci_lo": 0.32757296587823265,
    "ci_hi": 4.722460352762967,
    "covered": true,
    "insertion_percentile": 0.8983218163869694
  },
  "sigma_chi": {
    "true": 0.08722304429889821,
    "median": 0.33246939312631396,
    "ci_lo": 0.08205782441802877,
    "ci_hi": 0.5739431200755013,
    "covered": true,
    "insertion_percentile": 0.060217176702862786
  },
  "sigma_xi": {
    "true": 0.28545578493512747,
    "median": 0.22335007712781285,
    "ci_lo": 0.06385080729264594,
    "ci_hi": 0.3843766511012422,
    "covered": true,
    "insertion_percentile": 0.6752221125370188
  },
  "rho": {
    "true": -0.04941952923737414,
    "median": 0.010881553393369048,
    "ci_lo": -0.8238363585031224,
    "ci_hi": 0.8109508889608064,
    "covered": true,
    "insertion_percentile": 0.46100691016781836
  }
}
Saved KDE posterior plot to /data/wiay/postgrads/shashwat/COMM_DATA/results/CALLIBRATION_S3_L2/ens5_bs2048_ep300_pat30_lr3.0e-04_wd1.0e-05_319409-0/inj_0031/posterior_kde.png
