==========================================
 Stage 3 Layer 2 (options) injection
 model = ens7_bs2048_ep300_pat30_lr3.0e-04_wd1.0e-05_319409-3
 seed  = 56
==========================================
Model: ens7_bs2048_ep300_pat30_lr3.0e-04_wd1.0e-05_319409-3
Injection seed: 56
Output dir: /data/wiay/postgrads/shashwat/COMM_DATA/results/CALLIBRATION_S3_L2/ens7_bs2048_ep300_pat30_lr3.0e-04_wd1.0e-05_319409-3/inj_0056
Loaded 7 ensemble members from ens7_bs2048_ep300_pat30_lr3.0e-04_wd1.0e-05_319409-3: ['model_00', 'model_01', 'model_02', 'model_03', 'model_04', 'model_05', 'model_06']
{
  "kappa": {
    "true": 3.6580176448213466,
    "median": 2.630425674851175,
    "ci_lo": 0.3511076254862591,
    "ci_hi": 4.795852366131082,
    "covered": true,
    "insertion_percentile": 0.7121067683508103
  },
  "sigma_chi": {
    "true": 0.059296547963253746,
    "median": 0.3214983026684306,
    "ci_lo": 0.0796767367373347,
    "ci_hi": 0.571680827120965,
    "covered": false,
    "insertion_percentile": 0.020972354623450904
  },
  "sigma_xi": {
    "true": 0.39328037371924657,
    "median": 0.22499122086834006,
    "ci_lo": 0.06861212677021558,
    "ci_hi": 0.38389303822993304,
    "covered": false,
    "insertion_percentile": 0.9799809342230696
  },
  "rho": {
    "true": 0.4042875818228405,
    "median": -0.022272522171439935,
    "ci_lo": -0.7954914652910936,
    "ci_hi": 0.8117938985135915,
    "covered": true,
    "insertion_percentile": 0.7407054337464252
  }
}
Saved KDE posterior plot to /data/wiay/postgrads/shashwat/COMM_DATA/results/CALLIBRATION_S3_L2/ens7_bs2048_ep300_pat30_lr3.0e-04_wd1.0e-05_319409-3/inj_0056/posterior_kde.png
