==========================================
 Stage 3 Layer 2 (options) injection
 model = ens5_bs1024_ep300_pat30_lr3.0e-04_wd1.0e-05_319409-4
 seed  = 58
==========================================
Model: ens5_bs1024_ep300_pat30_lr3.0e-04_wd1.0e-05_319409-4
Injection seed: 58
Output dir: /data/wiay/postgrads/shashwat/COMM_DATA/results/CALLIBRATION_S3_L2/ens5_bs1024_ep300_pat30_lr3.0e-04_wd1.0e-05_319409-4/inj_0058
Loaded 5 ensemble members from ens5_bs1024_ep300_pat30_lr3.0e-04_wd1.0e-05_319409-4: ['model_00', 'model_01', 'model_02', 'model_03', 'model_04']
{
  "kappa": {
    "true": 1.6141578227745996,
    "median": 2.5184901346613837,
    "ci_lo": 0.3305208055577363,
    "ci_hi": 4.738374804098129,
    "covered": true,
    "insertion_percentile": 0.31414634146341464
  },
  "sigma_chi": {
    "true": 0.533908485076924,
    "median": 0.3166677717751662,
    "ci_lo": 0.07466510464772107,
    "ci_hi": 0.5700191396782203,
    "covered": true,
    "insertion_percentile": 0.895609756097561
  },
  "sigma_xi": {
    "true": 0.13508200825502414,
    "median": 0.22979939939318011,
    "ci_lo": 0.06742488477216191,
    "ci_hi": 0.3833670684724354,
    "covered": true,
    "insertion_percentile": 0.24
  },
  "rho": {
    "true": -0.5248431618923537,
    "median": 0.009966699981761168,
    "ci_lo": -0.8084157540448577,
    "ci_hi": 0.8096719709201354,
    "covered": true,
    "insertion_percentile": 0.21365853658536585
  }
}
Saved KDE posterior plot to /data/wiay/postgrads/shashwat/COMM_DATA/results/CALLIBRATION_S3_L2/ens5_bs1024_ep300_pat30_lr3.0e-04_wd1.0e-05_319409-4/inj_0058/posterior_kde.png
