==========================================
 Stage 3 Layer 2 (options) injection
 model = ens7_bs2048_ep300_pat30_lr3.0e-04_wd1.0e-05_319409-3
 seed  = 36
==========================================
Model: ens7_bs2048_ep300_pat30_lr3.0e-04_wd1.0e-05_319409-3
Injection seed: 36
Output dir: /data/wiay/postgrads/shashwat/COMM_DATA/results/CALLIBRATION_S3_L2/ens7_bs2048_ep300_pat30_lr3.0e-04_wd1.0e-05_319409-3/inj_0036
Loaded 7 ensemble members from ens7_bs2048_ep300_pat30_lr3.0e-04_wd1.0e-05_319409-3: ['model_00', 'model_01', 'model_02', 'model_03', 'model_04', 'model_05', 'model_06']
{
  "kappa": {
    "true": 0.9851021469984305,
    "median": 2.5632677180471477,
    "ci_lo": 0.364125335545581,
    "ci_hi": 4.762876238808305,
    "covered": true,
    "insertion_percentile": 0.17578125
  },
  "sigma_chi": {
    "true": 0.2690302184046176,
    "median": 0.3071365469591798,
    "ci_lo": 0.08225706099229965,
    "ci_hi": 0.576392534934123,
    "covered": true,
    "insertion_percentile": 0.41796875
  },
  "sigma_xi": {
    "true": 0.36284134124945727,
    "median": 0.21538468783772402,
    "ci_lo": 0.06795863183231017,
    "ci_hi": 0.38264395646480964,
    "covered": true,
    "insertion_percentile": 0.8935546875
  },
  "rho": {
    "true": -0.17390518647359976,
    "median": -0.019892255840647743,
    "ci_lo": -0.810167446320947,
    "ci_hi": 0.8099836265146693,
    "covered": true,
    "insertion_percentile": 0.400390625
  }
}
Saved KDE posterior plot to /data/wiay/postgrads/shashwat/COMM_DATA/results/CALLIBRATION_S3_L2/ens7_bs2048_ep300_pat30_lr3.0e-04_wd1.0e-05_319409-3/inj_0036/posterior_kde.png
