==========================================
 Stage 3 Layer 2 (options) injection
 model = ens5_bs2048_ep300_pat30_lr1.0e-04_wd1.0e-05_319409-1
 seed  = 45
==========================================
Model: ens5_bs2048_ep300_pat30_lr1.0e-04_wd1.0e-05_319409-1
Injection seed: 45
Output dir: /data/wiay/postgrads/shashwat/COMM_DATA/results/CALLIBRATION_S3_L2/ens5_bs2048_ep300_pat30_lr1.0e-04_wd1.0e-05_319409-1/inj_0045
Loaded 5 ensemble members from ens5_bs2048_ep300_pat30_lr1.0e-04_wd1.0e-05_319409-1: ['model_00', 'model_01', 'model_02', 'model_03', 'model_04']
{
  "kappa": {
    "true": 2.908340219042778,
    "median": 2.6485632889597657,
    "ci_lo": 0.4063445597126199,
    "ci_hi": 4.737269615326059,
    "covered": true,
    "insertion_percentile": 0.5526838966202783
  },
  "sigma_chi": {
    "true": 0.3406701298436115,
    "median": 0.3301899832026977,
    "ci_lo": 0.0842508975080329,
    "ci_hi": 0.5713347810316656,
    "covered": true,
    "insertion_percentile": 0.5149105367793241
  },
  "sigma_xi": {
    "true": 0.3172775839306741,
    "median": 0.23626534045690653,
    "ci_lo": 0.06865854901525711,
    "ci_hi": 0.38448315976114505,
    "covered": true,
    "insertion_percentile": 0.7504970178926441
  },
  "rho": {
    "true": 0.5610469806172927,
    "median": -0.0017796265674753786,
    "ci_lo": -0.7981434260367809,
    "ci_hi": 0.8205089845243949,
    "covered": true,
    "insertion_percentile": 0.8091451292246521
  }
}
Saved KDE posterior plot to /data/wiay/postgrads/shashwat/COMM_DATA/results/CALLIBRATION_S3_L2/ens5_bs2048_ep300_pat30_lr1.0e-04_wd1.0e-05_319409-1/inj_0045/posterior_kde.png
