==========================================
 Stage 3 Layer 2 (options) injection
 model = ens5_bs1024_ep300_pat30_lr3.0e-04_wd1.0e-05_319409-4
 seed  = 17
==========================================
Model: ens5_bs1024_ep300_pat30_lr3.0e-04_wd1.0e-05_319409-4
Injection seed: 17
Output dir: /data/wiay/postgrads/shashwat/COMM_DATA/results/CALLIBRATION_S3_L2/ens5_bs1024_ep300_pat30_lr3.0e-04_wd1.0e-05_319409-4/inj_0017
Loaded 5 ensemble members from ens5_bs1024_ep300_pat30_lr3.0e-04_wd1.0e-05_319409-4: ['model_00', 'model_01', 'model_02', 'model_03', 'model_04']
{
  "kappa": {
    "true": 4.240866484709717,
    "median": 2.5562524913113296,
    "ci_lo": 0.3096726319853486,
    "ci_hi": 4.77900669769223,
    "covered": true,
    "insertion_percentile": 0.8343434343434344
  },
  "sigma_chi": {
    "true": 0.13853520014300882,
    "median": 0.315373826277716,
    "ci_lo": 0.08549403739077946,
    "ci_hi": 0.5768628841730636,
    "covered": true,
    "insertion_percentile": 0.1595959595959596
  },
  "sigma_xi": {
    "true": 0.24521059157799224,
    "median": 0.2188421788292179,
    "ci_lo": 0.0643727785709054,
    "ci_hi": 0.3828651882802544,
    "covered": true,
    "insertion_percentile": 0.5676767676767677
  },
  "rho": {
    "true": -0.2374561050043117,
    "median": -0.024828752697884426,
    "ci_lo": -0.7748054184607471,
    "ci_hi": 0.7696589167277427,
    "covered": true,
    "insertion_percentile": 0.3707070707070707
  }
}
Saved KDE posterior plot to /data/wiay/postgrads/shashwat/COMM_DATA/results/CALLIBRATION_S3_L2/ens5_bs1024_ep300_pat30_lr3.0e-04_wd1.0e-05_319409-4/inj_0017/posterior_kde.png
