==========================================
 Stage 3 Layer 2 (options) injection
 model = ens5_bs2048_ep300_pat30_lr1.0e-04_wd1.0e-05_319409-1
 seed  = 15
==========================================
Model: ens5_bs2048_ep300_pat30_lr1.0e-04_wd1.0e-05_319409-1
Injection seed: 15
Output dir: /data/wiay/postgrads/shashwat/COMM_DATA/results/CALLIBRATION_S3_L2/ens5_bs2048_ep300_pat30_lr1.0e-04_wd1.0e-05_319409-1/inj_0015
Loaded 5 ensemble members from ens5_bs2048_ep300_pat30_lr1.0e-04_wd1.0e-05_319409-1: ['model_00', 'model_01', 'model_02', 'model_03', 'model_04']
{
  "kappa": {
    "true": 3.494442503029247,
    "median": 2.6289068956088104,
    "ci_lo": 0.341427925191705,
    "ci_hi": 4.828640367229389,
    "covered": true,
    "insertion_percentile": 0.6752626552053486
  },
  "sigma_chi": {
    "true": 0.4986994112348316,
    "median": 0.3499285880657107,
    "ci_lo": 0.0804581791638234,
    "ci_hi": 0.5760444918879196,
    "covered": true,
    "insertion_percentile": 0.8032473734479465
  },
  "sigma_xi": {
    "true": 0.17054236522749985,
    "median": 0.22670636343695316,
    "ci_lo": 0.0687742005786425,
    "ci_hi": 0.38314934529997857,
    "covered": true,
    "insertion_percentile": 0.3457497612225406
  },
  "rho": {
    "true": -0.8192912837572461,
    "median": 0.01831746052830996,
    "ci_lo": -0.8077177368971206,
    "ci_hi": 0.827231030297362,
    "covered": false,
    "insertion_percentile": 0.044890162368672396
  }
}
Saved KDE posterior plot to /data/wiay/postgrads/shashwat/COMM_DATA/results/CALLIBRATION_S3_L2/ens5_bs2048_ep300_pat30_lr1.0e-04_wd1.0e-05_319409-1/inj_0015/posterior_kde.png
