==========================================
 Stage 3 Layer 2 (options) injection
 model = ens5_bs1024_ep300_pat30_lr3.0e-04_wd1.0e-05_319409-4
 seed  = 65
==========================================
Model: ens5_bs1024_ep300_pat30_lr3.0e-04_wd1.0e-05_319409-4
Injection seed: 65
Output dir: /data/wiay/postgrads/shashwat/COMM_DATA/results/CALLIBRATION_S3_L2/ens5_bs1024_ep300_pat30_lr3.0e-04_wd1.0e-05_319409-4/inj_0065
Loaded 5 ensemble members from ens5_bs1024_ep300_pat30_lr3.0e-04_wd1.0e-05_319409-4: ['model_00', 'model_01', 'model_02', 'model_03', 'model_04']
{
  "kappa": {
    "true": 0.3322182787710082,
    "median": 2.2869837847793315,
    "ci_lo": 0.37529327126009576,
    "ci_hi": 4.733498610405633,
    "covered": false,
    "insertion_percentile": 0.044489383215369056
  },
  "sigma_chi": {
    "true": 0.33502219764677266,
    "median": 0.32009478827330257,
    "ci_lo": 0.07464445852164478,
    "ci_hi": 0.5758780635634541,
    "covered": true,
    "insertion_percentile": 0.5358948432760364
  },
  "sigma_xi": {
    "true": 0.18120049717995296,
    "median": 0.22275396320641339,
    "ci_lo": 0.068152199354206,
    "ci_hi": 0.383992437984118,
    "covered": true,
    "insertion_percentile": 0.3751263902932255
  },
  "rho": {
    "true": -0.4883786580349296,
    "median": 0.037485016857768505,
    "ci_lo": -0.800615445526094,
    "ci_hi": 0.8150749920155934,
    "covered": true,
    "insertion_percentile": 0.23255813953488372
  }
}
Saved KDE posterior plot to /data/wiay/postgrads/shashwat/COMM_DATA/results/CALLIBRATION_S3_L2/ens5_bs1024_ep300_pat30_lr3.0e-04_wd1.0e-05_319409-4/inj_0065/posterior_kde.png
