==========================================
 Stage 3 Layer 2 (options) injection
 model = ens5_bs2048_ep300_pat30_lr1.0e-04_wd1.0e-05_319409-1
 seed  = 36
==========================================
Model: ens5_bs2048_ep300_pat30_lr1.0e-04_wd1.0e-05_319409-1
Injection seed: 36
Output dir: /data/wiay/postgrads/shashwat/COMM_DATA/results/CALLIBRATION_S3_L2/ens5_bs2048_ep300_pat30_lr1.0e-04_wd1.0e-05_319409-1/inj_0036
Loaded 5 ensemble members from ens5_bs2048_ep300_pat30_lr1.0e-04_wd1.0e-05_319409-1: ['model_00', 'model_01', 'model_02', 'model_03', 'model_04']
{
  "kappa": {
    "true": 0.9851021469984305,
    "median": 2.520845073211877,
    "ci_lo": 0.33258935360717656,
    "ci_hi": 4.721177542863541,
    "covered": true,
    "insertion_percentile": 0.18096135721017909
  },
  "sigma_chi": {
    "true": 0.2690302184046176,
    "median": 0.3231381078107558,
    "ci_lo": 0.08547173211887014,
    "ci_hi": 0.5762683031321586,
    "covered": true,
    "insertion_percentile": 0.3977379830348728
  },
  "sigma_xi": {
    "true": 0.36284134124945727,
    "median": 0.2193607432606275,
    "ci_lo": 0.06622343221421237,
    "ci_hi": 0.37900852432338816,
    "covered": true,
    "insertion_percentile": 0.8963242224316682
  },
  "rho": {
    "true": -0.17390518647359976,
    "median": 0.06005495225582391,
    "ci_lo": -0.7906559994316307,
    "ci_hi": 0.8179163201379022,
    "covered": true,
    "insertion_percentile": 0.38454288407163056
  }
}
Saved KDE posterior plot to /data/wiay/postgrads/shashwat/COMM_DATA/results/CALLIBRATION_S3_L2/ens5_bs2048_ep300_pat30_lr1.0e-04_wd1.0e-05_319409-1/inj_0036/posterior_kde.png
