==========================================
 Stage 3 Layer 2 (options) injection
 model = ens5_bs1024_ep300_pat30_lr3.0e-04_wd1.0e-05_319409-4
 seed  = 62
==========================================
Model: ens5_bs1024_ep300_pat30_lr3.0e-04_wd1.0e-05_319409-4
Injection seed: 62
Output dir: /data/wiay/postgrads/shashwat/COMM_DATA/results/CALLIBRATION_S3_L2/ens5_bs1024_ep300_pat30_lr3.0e-04_wd1.0e-05_319409-4/inj_0062
Loaded 5 ensemble members from ens5_bs1024_ep300_pat30_lr3.0e-04_wd1.0e-05_319409-4: ['model_00', 'model_01', 'model_02', 'model_03', 'model_04']
{
  "kappa": {
    "true": 3.085668817603375,
    "median": 2.5035724559370145,
    "ci_lo": 0.37065688115855355,
    "ci_hi": 4.779400950232504,
    "covered": true,
    "insertion_percentile": 0.6314741035856574
  },
  "sigma_chi": {
    "true": 0.46127531720834847,
    "median": 0.32265357148101215,
    "ci_lo": 0.076165409830715,
    "ci_hi": 0.5727259819159178,
    "covered": true,
    "insertion_percentile": 0.7290836653386454
  },
  "sigma_xi": {
    "true": 0.32324408451829034,
    "median": 0.22300635428298796,
    "ci_lo": 0.0646555694385604,
    "ci_hi": 0.38499101109195294,
    "covered": true,
    "insertion_percentile": 0.7589641434262948
  },
  "rho": {
    "true": -0.381860407298641,
    "median": 0.0006877092796649942,
    "ci_lo": -0.8048316333840594,
    "ci_hi": 0.8063002923849906,
    "covered": true,
    "insertion_percentile": 0.2908366533864542
  }
}
Saved KDE posterior plot to /data/wiay/postgrads/shashwat/COMM_DATA/results/CALLIBRATION_S3_L2/ens5_bs1024_ep300_pat30_lr3.0e-04_wd1.0e-05_319409-4/inj_0062/posterior_kde.png
