==========================================
 Stage 3 Layer 2 (options) injection
 model = ens3_bs2048_ep300_pat30_lr3.0e-04_wd1.0e-05_319409-2
 seed  = 69
==========================================
Model: ens3_bs2048_ep300_pat30_lr3.0e-04_wd1.0e-05_319409-2
Injection seed: 69
Output dir: /data/wiay/postgrads/shashwat/COMM_DATA/results/CALLIBRATION_S3_L2/ens3_bs2048_ep300_pat30_lr3.0e-04_wd1.0e-05_319409-2/inj_0069
Loaded 3 ensemble members from ens3_bs2048_ep300_pat30_lr3.0e-04_wd1.0e-05_319409-2: ['model_00', 'model_01', 'model_02']
{
  "kappa": {
    "true": 2.943824638556807,
    "median": 2.6698091684655054,
    "ci_lo": 0.3790505649400011,
    "ci_hi": 4.827964482068718,
    "covered": true,
    "insertion_percentile": 0.564176245210728
  },
  "sigma_chi": {
    "true": 0.33976861970069505,
    "median": 0.3295407970480593,
    "ci_lo": 0.07373794841192297,
    "ci_hi": 0.5737740061035839,
    "covered": true,
    "insertion_percentile": 0.5201149425287356
  },
  "sigma_xi": {
    "true": 0.3527365805754382,
    "median": 0.21950890771276993,
    "ci_lo": 0.06899493188518277,
    "ci_hi": 0.383596653970929,
    "covered": true,
    "insertion_percentile": 0.8563218390804598
  },
  "rho": {
    "true": 0.4225687430592354,
    "median": 0.0004331158571198035,
    "ci_lo": -0.8210060595415944,
    "ci_hi": 0.8140988879937155,
    "covered": true,
    "insertion_percentile": 0.7337164750957854
  }
}
Saved KDE posterior plot to /data/wiay/postgrads/shashwat/COMM_DATA/results/CALLIBRATION_S3_L2/ens3_bs2048_ep300_pat30_lr3.0e-04_wd1.0e-05_319409-2/inj_0069/posterior_kde.png
