==========================================
 Stage 3 Layer 2 (options) injection
 model = ens7_bs2048_ep300_pat30_lr3.0e-04_wd1.0e-05_319409-3
 seed  = 12
==========================================
Model: ens7_bs2048_ep300_pat30_lr3.0e-04_wd1.0e-05_319409-3
Injection seed: 12
Output dir: /data/wiay/postgrads/shashwat/COMM_DATA/results/CALLIBRATION_S3_L2/ens7_bs2048_ep300_pat30_lr3.0e-04_wd1.0e-05_319409-3/inj_0012
Loaded 7 ensemble members from ens7_bs2048_ep300_pat30_lr3.0e-04_wd1.0e-05_319409-3: ['model_00', 'model_01', 'model_02', 'model_03', 'model_04', 'model_05', 'model_06']
{
  "kappa": {
    "true": 1.329039844731386,
    "median": 2.5109009360217165,
    "ci_lo": 0.3675819836647306,
    "ci_hi": 4.73799829701801,
    "covered": true,
    "insertion_percentile": 0.24281466798810702
  },
  "sigma_chi": {
    "true": 0.5707141185726835,
    "median": 0.3271667171924286,
    "ci_lo": 0.07301682692562414,
    "ci_hi": 0.565671166917562,
    "covered": false,
    "insertion_percentile": 0.9593657086223984
  },
  "sigma_xi": {
    "true": 0.11626213458891646,
    "median": 0.22302958987819027,
    "ci_lo": 0.06736113427297294,
    "ci_hi": 0.38064536024894774,
    "covered": true,
    "insertion_percentile": 0.20218037661050545
  },
  "rho": {
    "true": -0.5772754612474064,
    "median": -0.0279349274466284,
    "ci_lo": -0.8234151013464139,
    "ci_hi": 0.8083232832125545,
    "covered": true,
    "insertion_percentile": 0.1952428146679881
  }
}
Saved KDE posterior plot to /data/wiay/postgrads/shashwat/COMM_DATA/results/CALLIBRATION_S3_L2/ens7_bs2048_ep300_pat30_lr3.0e-04_wd1.0e-05_319409-3/inj_0012/posterior_kde.png
