==========================================
 Stage 3 Layer 2 (options) injection
 model = ens3_bs2048_ep300_pat30_lr3.0e-04_wd1.0e-05_319409-2
 seed  = 29
==========================================
Model: ens3_bs2048_ep300_pat30_lr3.0e-04_wd1.0e-05_319409-2
Injection seed: 29
Output dir: /data/wiay/postgrads/shashwat/COMM_DATA/results/CALLIBRATION_S3_L2/ens3_bs2048_ep300_pat30_lr3.0e-04_wd1.0e-05_319409-2/inj_0029
Loaded 3 ensemble members from ens3_bs2048_ep300_pat30_lr3.0e-04_wd1.0e-05_319409-2: ['model_00', 'model_01', 'model_02']
{
  "kappa": {
    "true": 0.3452301547349377,
    "median": 2.6300164708691107,
    "ci_lo": 0.34906116925186326,
    "ci_hi": 4.689714234949941,
    "covered": false,
    "insertion_percentile": 0.04944500504540868
  },
  "sigma_chi": {
    "true": 0.3284772642142971,
    "median": 0.3242396818202442,
    "ci_lo": 0.07718751036325278,
    "ci_hi": 0.5753855439768882,
    "covered": true,
    "insertion_percentile": 0.5015136226034309
  },
  "sigma_xi": {
    "true": 0.23173191037039909,
    "median": 0.22573827647562306,
    "ci_lo": 0.06377039099407623,
    "ci_hi": 0.380213285746124,
    "covered": true,
    "insertion_percentile": 0.5196770938446014
  },
  "rho": {
    "true": -0.42263421491302017,
    "median": -0.05018854272176554,
    "ci_lo": -0.8242272255141239,
    "ci_hi": 0.8097031443986589,
    "covered": true,
    "insertion_percentile": 0.28456104944500504
  }
}
Saved KDE posterior plot to /data/wiay/postgrads/shashwat/COMM_DATA/results/CALLIBRATION_S3_L2/ens3_bs2048_ep300_pat30_lr3.0e-04_wd1.0e-05_319409-2/inj_0029/posterior_kde.png
