==========================================
 Stage 3 Layer 2 (options) injection
 model = ens3_bs2048_ep300_pat30_lr3.0e-04_wd1.0e-05_319409-2
 seed  = 33
==========================================
Model: ens3_bs2048_ep300_pat30_lr3.0e-04_wd1.0e-05_319409-2
Injection seed: 33
Output dir: /data/wiay/postgrads/shashwat/COMM_DATA/results/CALLIBRATION_S3_L2/ens3_bs2048_ep300_pat30_lr3.0e-04_wd1.0e-05_319409-2/inj_0033
Loaded 3 ensemble members from ens3_bs2048_ep300_pat30_lr3.0e-04_wd1.0e-05_319409-2: ['model_00', 'model_01', 'model_02']
{
  "kappa": {
    "true": 2.2738469611170693,
    "median": 2.4232450348349324,
    "ci_lo": 0.3010557559937162,
    "ci_hi": 4.701066480649145,
    "covered": true,
    "insertion_percentile": 0.4759519038076152
  },
  "sigma_chi": {
    "true": 0.362670155558506,
    "median": 0.3122334052462949,
    "ci_lo": 0.07601317004672888,
    "ci_hi": 0.5704209071376011,
    "covered": true,
    "insertion_percentile": 0.5881763527054108
  },
  "sigma_xi": {
    "true": 0.3678363212362869,
    "median": 0.2245365794554565,
    "ci_lo": 0.07224884660371125,
    "ci_hi": 0.3833801314550192,
    "covered": true,
    "insertion_percentile": 0.908817635270541
  },
  "rho": {
    "true": -0.44235080370215646,
    "median": 0.004915761506074534,
    "ci_lo": -0.8120218306959262,
    "ci_hi": 0.8053888307246155,
    "covered": true,
    "insertion_percentile": 0.24649298597194388
  }
}
Saved KDE posterior plot to /data/wiay/postgrads/shashwat/COMM_DATA/results/CALLIBRATION_S3_L2/ens3_bs2048_ep300_pat30_lr3.0e-04_wd1.0e-05_319409-2/inj_0033/posterior_kde.png
