==========================================
 Stage 3 Layer 2 (options) injection
 model = ens5_bs2048_ep300_pat30_lr3.0e-04_wd1.0e-05_319409-0
 seed  = 17
==========================================
Model: ens5_bs2048_ep300_pat30_lr3.0e-04_wd1.0e-05_319409-0
Injection seed: 17
Output dir: /data/wiay/postgrads/shashwat/COMM_DATA/results/CALLIBRATION_S3_L2/ens5_bs2048_ep300_pat30_lr3.0e-04_wd1.0e-05_319409-0/inj_0017
Loaded 5 ensemble members from ens5_bs2048_ep300_pat30_lr3.0e-04_wd1.0e-05_319409-0: ['model_00', 'model_01', 'model_02', 'model_03', 'model_04']
{
  "kappa": {
    "true": 4.240866484709717,
    "median": 2.7336843178145744,
    "ci_lo": 0.36693399800960563,
    "ci_hi": 4.786609968677039,
    "covered": true,
    "insertion_percentile": 0.8240384615384615
  },
  "sigma_chi": {
    "true": 0.13853520014300882,
    "median": 0.3187062058594671,
    "ci_lo": 0.07943815624997168,
    "ci_hi": 0.5729735962584498,
    "covered": true,
    "insertion_percentile": 0.15865384615384615
  },
  "sigma_xi": {
    "true": 0.24521059157799224,
    "median": 0.2320579349150309,
    "ci_lo": 0.06413069286363794,
    "ci_hi": 0.38305653449486005,
    "covered": true,
    "insertion_percentile": 0.5384615384615384
  },
  "rho": {
    "true": -0.2374561050043117,
    "median": -0.047794725926642356,
    "ci_lo": -0.8191238088553385,
    "ci_hi": 0.8051059532129899,
    "covered": true,
    "insertion_percentile": 0.38846153846153847
  }
}
Saved KDE posterior plot to /data/wiay/postgrads/shashwat/COMM_DATA/results/CALLIBRATION_S3_L2/ens5_bs2048_ep300_pat30_lr3.0e-04_wd1.0e-05_319409-0/inj_0017/posterior_kde.png
