==========================================
 Stage 3 Layer 2 (options) injection
 model = ens5_bs1024_ep300_pat30_lr3.0e-04_wd1.0e-05_319409-4
 seed  = 32
==========================================
Model: ens5_bs1024_ep300_pat30_lr3.0e-04_wd1.0e-05_319409-4
Injection seed: 32
Output dir: /data/wiay/postgrads/shashwat/COMM_DATA/results/CALLIBRATION_S3_L2/ens5_bs1024_ep300_pat30_lr3.0e-04_wd1.0e-05_319409-4/inj_0032
Loaded 5 ensemble members from ens5_bs1024_ep300_pat30_lr3.0e-04_wd1.0e-05_319409-4: ['model_00', 'model_01', 'model_02', 'model_03', 'model_04']
{
  "kappa": {
    "true": 0.8851898688363635,
    "median": 2.4899985104014055,
    "ci_lo": 0.39880126100045604,
    "ci_hi": 4.779870049186534,
    "covered": true,
    "insertion_percentile": 0.16376663254861823
  },
  "sigma_chi": {
    "true": 0.3647262225096461,
    "median": 0.3012263531696905,
    "ci_lo": 0.07357988310799944,
    "ci_hi": 0.5668036928446835,
    "covered": true,
    "insertion_percentile": 0.5916069600818833
  },
  "sigma_xi": {
    "true": 0.1819974438865145,
    "median": 0.22424661191056722,
    "ci_lo": 0.06907328729272266,
    "ci_hi": 0.38683207081654747,
    "covered": true,
    "insertion_percentile": 0.3654042988741044
  },
  "rho": {
    "true": -0.31871667622834376,
    "median": 0.002336502001407559,
    "ci_lo": -0.7887539554347397,
    "ci_hi": 0.8252558144304255,
    "covered": true,
    "insertion_percentile": 0.3162743091095189
  }
}
Saved KDE posterior plot to /data/wiay/postgrads/shashwat/COMM_DATA/results/CALLIBRATION_S3_L2/ens5_bs1024_ep300_pat30_lr3.0e-04_wd1.0e-05_319409-4/inj_0032/posterior_kde.png
