==========================================
 Stage 3 Layer 2 (options) injection
 model = ens5_bs2048_ep300_pat30_lr3.0e-04_wd1.0e-04_319409-5
 seed  = 58
==========================================
Model: ens5_bs2048_ep300_pat30_lr3.0e-04_wd1.0e-04_319409-5
Injection seed: 58
Output dir: /data/wiay/postgrads/shashwat/COMM_DATA/results/CALLIBRATION_S3_L2/ens5_bs2048_ep300_pat30_lr3.0e-04_wd1.0e-04_319409-5/inj_0058
Loaded 5 ensemble members from ens5_bs2048_ep300_pat30_lr3.0e-04_wd1.0e-04_319409-5: ['model_00', 'model_01', 'model_02', 'model_03', 'model_04']
{
  "kappa": {
    "true": 1.6141578227745996,
    "median": 2.6117406376094507,
    "ci_lo": 0.385517137150391,
    "ci_hi": 4.749176893950272,
    "covered": true,
    "insertion_percentile": 0.294062205466541
  },
  "sigma_chi": {
    "true": 0.533908485076924,
    "median": 0.3297216555463786,
    "ci_lo": 0.07370422862037801,
    "ci_hi": 0.5725547506741732,
    "covered": true,
    "insertion_percentile": 0.8774740810556079
  },
  "sigma_xi": {
    "true": 0.13508200825502414,
    "median": 0.23083551310115613,
    "ci_lo": 0.0670997268952681,
    "ci_hi": 0.38664650647227966,
    "covered": true,
    "insertion_percentile": 0.2469368520263902
  },
  "rho": {
    "true": -0.5248431618923537,
    "median": 0.0144529798599905,
    "ci_lo": -0.8050486100604834,
    "ci_hi": 0.8153551799056292,
    "covered": true,
    "insertion_percentile": 0.2111215834118756
  }
}
Saved KDE posterior plot to /data/wiay/postgrads/shashwat/COMM_DATA/results/CALLIBRATION_S3_L2/ens5_bs2048_ep300_pat30_lr3.0e-04_wd1.0e-04_319409-5/inj_0058/posterior_kde.png
