==========================================
 Stage 3 Layer 2 (options) injection
 model = ens5_bs2048_ep300_pat30_lr3.0e-04_wd1.0e-04_319409-5
 seed  = 47
==========================================
Model: ens5_bs2048_ep300_pat30_lr3.0e-04_wd1.0e-04_319409-5
Injection seed: 47
Output dir: /data/wiay/postgrads/shashwat/COMM_DATA/results/CALLIBRATION_S3_L2/ens5_bs2048_ep300_pat30_lr3.0e-04_wd1.0e-04_319409-5/inj_0047
Loaded 5 ensemble members from ens5_bs2048_ep300_pat30_lr3.0e-04_wd1.0e-04_319409-5: ['model_00', 'model_01', 'model_02', 'model_03', 'model_04']
{
  "kappa": {
    "true": 3.7348297737485474,
    "median": 2.5241291406153827,
    "ci_lo": 0.3711809211295538,
    "ci_hi": 4.7502966623495455,
    "covered": true,
    "insertion_percentile": 0.7497665732959851
  },
  "sigma_chi": {
    "true": 0.4645178494157843,
    "median": 0.3287488837029576,
    "ci_lo": 0.08088111525242851,
    "ci_hi": 0.5702872240285166,
    "covered": true,
    "insertion_percentile": 0.7553688141923436
  },
  "sigma_xi": {
    "true": 0.2128131883803192,
    "median": 0.22775826934131754,
    "ci_lo": 0.06636366567289764,
    "ci_hi": 0.38297089600207374,
    "covered": true,
    "insertion_percentile": 0.46591970121381887
  },
  "rho": {
    "true": -0.7132949466337944,
    "median": 0.058446167039259644,
    "ci_lo": -0.7974553267854207,
    "ci_hi": 0.8236270078403445,
    "covered": true,
    "insertion_percentile": 0.08870214752567694
  }
}
Saved KDE posterior plot to /data/wiay/postgrads/shashwat/COMM_DATA/results/CALLIBRATION_S3_L2/ens5_bs2048_ep300_pat30_lr3.0e-04_wd1.0e-04_319409-5/inj_0047/posterior_kde.png
