==========================================
 Stage 3 Layer 2 (options) injection
 model = ens5_bs2048_ep300_pat30_lr3.0e-04_wd1.0e-04_319409-5
 seed  = 67
==========================================
Model: ens5_bs2048_ep300_pat30_lr3.0e-04_wd1.0e-04_319409-5
Injection seed: 67
Output dir: /data/wiay/postgrads/shashwat/COMM_DATA/results/CALLIBRATION_S3_L2/ens5_bs2048_ep300_pat30_lr3.0e-04_wd1.0e-04_319409-5/inj_0067
Loaded 5 ensemble members from ens5_bs2048_ep300_pat30_lr3.0e-04_wd1.0e-04_319409-5: ['model_00', 'model_01', 'model_02', 'model_03', 'model_04']
{
  "kappa": {
    "true": 2.1302243495210367,
    "median": 2.741829627977844,
    "ci_lo": 0.2818609423802036,
    "ci_hi": 4.791064019161398,
    "covered": true,
    "insertion_percentile": 0.40037950664136623
  },
  "sigma_chi": {
    "true": 0.11981606621004165,
    "median": 0.3213561166796036,
    "ci_lo": 0.08030104682947274,
    "ci_hi": 0.5715274884535355,
    "covered": true,
    "insertion_percentile": 0.11480075901328274
  },
  "sigma_xi": {
    "true": 0.22989476253409596,
    "median": 0.21986107906043953,
    "ci_lo": 0.06640373448230431,
    "ci_hi": 0.3815335299302202,
    "covered": true,
    "insertion_percentile": 0.532258064516129
  },
  "rho": {
    "true": -0.36496328075665574,
    "median": -0.021488624869354545,
    "ci_lo": -0.8124875727788848,
    "ci_hi": 0.8042479578298174,
    "covered": true,
    "insertion_percentile": 0.3036053130929791
  }
}
Saved KDE posterior plot to /data/wiay/postgrads/shashwat/COMM_DATA/results/CALLIBRATION_S3_L2/ens5_bs2048_ep300_pat30_lr3.0e-04_wd1.0e-04_319409-5/inj_0067/posterior_kde.png
