==========================================
 Stage 3 Layer 2 (options) injection
 model = ens5_bs1024_ep300_pat30_lr3.0e-04_wd1.0e-05_319409-4
 seed  = 5
==========================================
Model: ens5_bs1024_ep300_pat30_lr3.0e-04_wd1.0e-05_319409-4
Injection seed: 5
Output dir: /data/wiay/postgrads/shashwat/COMM_DATA/results/CALLIBRATION_S3_L2/ens5_bs1024_ep300_pat30_lr3.0e-04_wd1.0e-05_319409-4/inj_0005
Loaded 5 ensemble members from ens5_bs1024_ep300_pat30_lr3.0e-04_wd1.0e-05_319409-4: ['model_00', 'model_01', 'model_02', 'model_03', 'model_04']
{
  "kappa": {
    "true": 4.044514326352363,
    "median": 2.630917192316863,
    "ci_lo": 0.30874081391498853,
    "ci_hi": 4.776532992308481,
    "covered": true,
    "insertion_percentile": 0.7902912621359224
  },
  "sigma_chi": {
    "true": 0.4943674343550715,
    "median": 0.32916045660762494,
    "ci_lo": 0.08075586488839762,
    "ci_hi": 0.5665595382504435,
    "covered": true,
    "insertion_percentile": 0.8067961165048544
  },
  "sigma_xi": {
    "true": 0.23036394636474972,
    "median": 0.22330626489127742,
    "ci_lo": 0.06995225510502595,
    "ci_hi": 0.3818056875005011,
    "covered": true,
    "insertion_percentile": 0.5242718446601942
  },
  "rho": {
    "true": -0.3855575158413451,
    "median": 0.020502880012105207,
    "ci_lo": -0.8134197305981808,
    "ci_hi": 0.8121343424177414,
    "covered": true,
    "insertion_percentile": 0.2883495145631068
  }
}
Saved KDE posterior plot to /data/wiay/postgrads/shashwat/COMM_DATA/results/CALLIBRATION_S3_L2/ens5_bs1024_ep300_pat30_lr3.0e-04_wd1.0e-05_319409-4/inj_0005/posterior_kde.png
