==========================================
 Stage 3 Layer 2 (options) injection
 model = ens5_bs1024_ep300_pat30_lr3.0e-04_wd1.0e-05_319409-4
 seed  = 29
==========================================
Model: ens5_bs1024_ep300_pat30_lr3.0e-04_wd1.0e-05_319409-4
Injection seed: 29
Output dir: /data/wiay/postgrads/shashwat/COMM_DATA/results/CALLIBRATION_S3_L2/ens5_bs1024_ep300_pat30_lr3.0e-04_wd1.0e-05_319409-4/inj_0029
Loaded 5 ensemble members from ens5_bs1024_ep300_pat30_lr3.0e-04_wd1.0e-05_319409-4: ['model_00', 'model_01', 'model_02', 'model_03', 'model_04']
{
  "kappa": {
    "true": 0.3452301547349377,
    "median": 2.496158471871752,
    "ci_lo": 0.3324767907752775,
    "ci_hi": 4.74640398235877,
    "covered": true,
    "insertion_percentile": 0.053763440860215055
  },
  "sigma_chi": {
    "true": 0.3284772642142971,
    "median": 0.3392547747633276,
    "ci_lo": 0.07833422162400318,
    "ci_hi": 0.5805153487536622,
    "covered": true,
    "insertion_percentile": 0.4868035190615836
  },
  "sigma_xi": {
    "true": 0.23173191037039909,
    "median": 0.23004553911111603,
    "ci_lo": 0.06755474095437816,
    "ci_hi": 0.3818737649243059,
    "covered": true,
    "insertion_percentile": 0.5073313782991202
  },
  "rho": {
    "true": -0.42263421491302017,
    "median": 0.003743731868065314,
    "ci_lo": -0.7779563582973194,
    "ci_hi": 0.830055009529372,
    "covered": true,
    "insertion_percentile": 0.2541544477028348
  }
}
Saved KDE posterior plot to /data/wiay/postgrads/shashwat/COMM_DATA/results/CALLIBRATION_S3_L2/ens5_bs1024_ep300_pat30_lr3.0e-04_wd1.0e-05_319409-4/inj_0029/posterior_kde.png
