==========================================
 Stage 3 Layer 2 (options) injection
 model = ens7_bs2048_ep300_pat30_lr3.0e-04_wd1.0e-05_319409-3
 seed  = 26
==========================================
Model: ens7_bs2048_ep300_pat30_lr3.0e-04_wd1.0e-05_319409-3
Injection seed: 26
Output dir: /data/wiay/postgrads/shashwat/COMM_DATA/results/CALLIBRATION_S3_L2/ens7_bs2048_ep300_pat30_lr3.0e-04_wd1.0e-05_319409-3/inj_0026
Loaded 7 ensemble members from ens7_bs2048_ep300_pat30_lr3.0e-04_wd1.0e-05_319409-3: ['model_00', 'model_01', 'model_02', 'model_03', 'model_04', 'model_05', 'model_06']
{
  "kappa": {
    "true": 2.5088346962640324,
    "median": 2.460641401650763,
    "ci_lo": 0.31962914323326774,
    "ci_hi": 4.7471359566322,
    "covered": true,
    "insertion_percentile": 0.5070159027128157
  },
  "sigma_chi": {
    "true": 0.1789197381713541,
    "median": 0.31869419181169545,
    "ci_lo": 0.07586701323958574,
    "ci_hi": 0.5700522184783402,
    "covered": true,
    "insertion_percentile": 0.2460243217960711
  },
  "sigma_xi": {
    "true": 0.07366271536731414,
    "median": 0.23162430389666466,
    "ci_lo": 0.07027515107095411,
    "ci_hi": 0.38698126625496243,
    "covered": true,
    "insertion_percentile": 0.06548175865294668
  },
  "rho": {
    "true": 0.38314476698780464,
    "median": 0.06134038083326687,
    "ci_lo": -0.80341737167085,
    "ci_hi": 0.8392838167795127,
    "covered": true,
    "insertion_percentile": 0.6791393826005613
  }
}
Saved KDE posterior plot to /data/wiay/postgrads/shashwat/COMM_DATA/results/CALLIBRATION_S3_L2/ens7_bs2048_ep300_pat30_lr3.0e-04_wd1.0e-05_319409-3/inj_0026/posterior_kde.png
