==========================================
 Stage 3 Layer 2 (options) injection
 model = ens5_bs1024_ep300_pat30_lr3.0e-04_wd1.0e-05_319409-4
 seed  = 12
==========================================
Model: ens5_bs1024_ep300_pat30_lr3.0e-04_wd1.0e-05_319409-4
Injection seed: 12
Output dir: /data/wiay/postgrads/shashwat/COMM_DATA/results/CALLIBRATION_S3_L2/ens5_bs1024_ep300_pat30_lr3.0e-04_wd1.0e-05_319409-4/inj_0012
Loaded 5 ensemble members from ens5_bs1024_ep300_pat30_lr3.0e-04_wd1.0e-05_319409-4: ['model_00', 'model_01', 'model_02', 'model_03', 'model_04']
{
  "kappa": {
    "true": 1.329039844731386,
    "median": 2.545092903358566,
    "ci_lo": 0.32658891116533745,
    "ci_hi": 4.810836164056952,
    "covered": true,
    "insertion_percentile": 0.2668004012036108
  },
  "sigma_chi": {
    "true": 0.5707141185726835,
    "median": 0.33565788149790293,
    "ci_lo": 0.07740852034203054,
    "ci_hi": 0.5698774484766993,
    "covered": false,
    "insertion_percentile": 0.9518555667001003
  },
  "sigma_xi": {
    "true": 0.11626213458891646,
    "median": 0.22223142406109603,
    "ci_lo": 0.07141961701474173,
    "ci_hi": 0.3853415444948948,
    "covered": true,
    "insertion_percentile": 0.1945837512537613
  },
  "rho": {
    "true": -0.5772754612474064,
    "median": -0.03578603388890256,
    "ci_lo": -0.8146609601387419,
    "ci_hi": 0.7983547528419863,
    "covered": true,
    "insertion_percentile": 0.16850551654964896
  }
}
Saved KDE posterior plot to /data/wiay/postgrads/shashwat/COMM_DATA/results/CALLIBRATION_S3_L2/ens5_bs1024_ep300_pat30_lr3.0e-04_wd1.0e-05_319409-4/inj_0012/posterior_kde.png
