==========================================
 Stage 3 Layer 2 (options) injection
 model = ens3_bs2048_ep300_pat30_lr3.0e-04_wd1.0e-05_319409-2
 seed  = 15
==========================================
Model: ens3_bs2048_ep300_pat30_lr3.0e-04_wd1.0e-05_319409-2
Injection seed: 15
Output dir: /data/wiay/postgrads/shashwat/COMM_DATA/results/CALLIBRATION_S3_L2/ens3_bs2048_ep300_pat30_lr3.0e-04_wd1.0e-05_319409-2/inj_0015
Loaded 3 ensemble members from ens3_bs2048_ep300_pat30_lr3.0e-04_wd1.0e-05_319409-2: ['model_00', 'model_01', 'model_02']
{
  "kappa": {
    "true": 3.494442503029247,
    "median": 2.4916809069527797,
    "ci_lo": 0.30835895364349075,
    "ci_hi": 4.804674169697754,
    "covered": true,
    "insertion_percentile": 0.6928361138370952
  },
  "sigma_chi": {
    "true": 0.4986994112348316,
    "median": 0.3235157374322293,
    "ci_lo": 0.07343583556789948,
    "ci_hi": 0.5619642817053627,
    "covered": true,
    "insertion_percentile": 0.8370951913640824
  },
  "sigma_xi": {
    "true": 0.17054236522749985,
    "median": 0.2216036089081952,
    "ci_lo": 0.06438454480699582,
    "ci_hi": 0.3777290786181751,
    "covered": true,
    "insertion_percentile": 0.3493621197252208
  },
  "rho": {
    "true": -0.8192912837572461,
    "median": -0.005612483940484636,
    "ci_lo": -0.8035450838790791,
    "ci_hi": 0.8221505962032452,
    "covered": false,
    "insertion_percentile": 0.04317958783120707
  }
}
Saved KDE posterior plot to /data/wiay/postgrads/shashwat/COMM_DATA/results/CALLIBRATION_S3_L2/ens3_bs2048_ep300_pat30_lr3.0e-04_wd1.0e-05_319409-2/inj_0015/posterior_kde.png
