==========================================
 Stage 3 Layer 2 (options) injection
 model = ens5_bs2048_ep300_pat30_lr1.0e-04_wd1.0e-05_319409-1
 seed  = 19
==========================================
Model: ens5_bs2048_ep300_pat30_lr1.0e-04_wd1.0e-05_319409-1
Injection seed: 19
Output dir: /data/wiay/postgrads/shashwat/COMM_DATA/results/CALLIBRATION_S3_L2/ens5_bs2048_ep300_pat30_lr1.0e-04_wd1.0e-05_319409-1/inj_0019
Loaded 5 ensemble members from ens5_bs2048_ep300_pat30_lr1.0e-04_wd1.0e-05_319409-1: ['model_00', 'model_01', 'model_02', 'model_03', 'model_04']
{
  "kappa": {
    "true": 2.1598560990733784,
    "median": 2.5481111345600196,
    "ci_lo": 0.3077943072832668,
    "ci_hi": 4.73367271516539,
    "covered": true,
    "insertion_percentile": 0.40841121495327104
  },
  "sigma_chi": {
    "true": 0.559228139649187,
    "median": 0.33497106419207134,
    "ci_lo": 0.07362392578306247,
    "ci_hi": 0.5697540843628178,
    "covered": true,
    "insertion_percentile": 0.9289719626168225
  },
  "sigma_xi": {
    "true": 0.14585449576439874,
    "median": 0.228610364920726,
    "ci_lo": 0.06475601147556424,
    "ci_hi": 0.3858356697783135,
    "covered": true,
    "insertion_percentile": 0.25794392523364484
  },
  "rho": {
    "true": -0.791912512579452,
    "median": -0.05690459459199754,
    "ci_lo": -0.8328678403549991,
    "ci_hi": 0.8002796564474172,
    "covered": true,
    "insertion_percentile": 0.07102803738317758
  }
}
Saved KDE posterior plot to /data/wiay/postgrads/shashwat/COMM_DATA/results/CALLIBRATION_S3_L2/ens5_bs2048_ep300_pat30_lr1.0e-04_wd1.0e-05_319409-1/inj_0019/posterior_kde.png
