==========================================
 Stage 3 Layer 2 (options) injection
 model = ens5_bs2048_ep300_pat30_lr3.0e-04_wd1.0e-05_319409-0
 seed  = 19
==========================================
Model: ens5_bs2048_ep300_pat30_lr3.0e-04_wd1.0e-05_319409-0
Injection seed: 19
Output dir: /data/wiay/postgrads/shashwat/COMM_DATA/results/CALLIBRATION_S3_L2/ens5_bs2048_ep300_pat30_lr3.0e-04_wd1.0e-05_319409-0/inj_0019
Loaded 5 ensemble members from ens5_bs2048_ep300_pat30_lr3.0e-04_wd1.0e-05_319409-0: ['model_00', 'model_01', 'model_02', 'model_03', 'model_04']
{
  "kappa": {
    "true": 2.1598560990733784,
    "median": 2.5680979670325925,
    "ci_lo": 0.3353519144017805,
    "ci_hi": 4.730714074887895,
    "covered": true,
    "insertion_percentile": 0.4017013232514178
  },
  "sigma_chi": {
    "true": 0.559228139649187,
    "median": 0.34592110135934395,
    "ci_lo": 0.08378169326606527,
    "ci_hi": 0.5678123131687667,
    "covered": true,
    "insertion_percentile": 0.9243856332703214
  },
  "sigma_xi": {
    "true": 0.14585449576439874,
    "median": 0.22276945003347348,
    "ci_lo": 0.06788299669311473,
    "ci_hi": 0.38116722229541194,
    "covered": true,
    "insertion_percentile": 0.276937618147448
  },
  "rho": {
    "true": -0.791912512579452,
    "median": -0.027729490552135805,
    "ci_lo": -0.8202519241177966,
    "ci_hi": 0.8169327747062761,
    "covered": true,
    "insertion_percentile": 0.06332703213610585
  }
}
Saved KDE posterior plot to /data/wiay/postgrads/shashwat/COMM_DATA/results/CALLIBRATION_S3_L2/ens5_bs2048_ep300_pat30_lr3.0e-04_wd1.0e-05_319409-0/inj_0019/posterior_kde.png
