==========================================
 Stage 3 Layer 2 (options) injection
 model = ens3_bs2048_ep300_pat30_lr3.0e-04_wd1.0e-05_319409-2
 seed  = 55
==========================================
Model: ens3_bs2048_ep300_pat30_lr3.0e-04_wd1.0e-05_319409-2
Injection seed: 55
Output dir: /data/wiay/postgrads/shashwat/COMM_DATA/results/CALLIBRATION_S3_L2/ens3_bs2048_ep300_pat30_lr3.0e-04_wd1.0e-05_319409-2/inj_0055
Loaded 3 ensemble members from ens3_bs2048_ep300_pat30_lr3.0e-04_wd1.0e-05_319409-2: ['model_00', 'model_01', 'model_02']
{
  "kappa": {
    "true": 4.178035698929258,
    "median": 2.6713733930112844,
    "ci_lo": 0.3523870139698149,
    "ci_hi": 4.729900549785185,
    "covered": true,
    "insertion_percentile": 0.8237623762376237
  },
  "sigma_chi": {
    "true": 0.5288550864439876,
    "median": 0.32696576922016074,
    "ci_lo": 0.07894858015196793,
    "ci_hi": 0.5675031219767045,
    "covered": true,
    "insertion_percentile": 0.8861386138613861
  },
  "sigma_xi": {
    "true": 0.12642666459491803,
    "median": 0.22667092494264698,
    "ci_lo": 0.06928302785777735,
    "ci_hi": 0.3841663019127354,
    "covered": true,
    "insertion_percentile": 0.22673267326732674
  },
  "rho": {
    "true": -0.4858251288984804,
    "median": 0.01997440815732554,
    "ci_lo": -0.8112688650842627,
    "ci_hi": 0.8063097181156511,
    "covered": true,
    "insertion_percentile": 0.22871287128712872
  }
}
Saved KDE posterior plot to /data/wiay/postgrads/shashwat/COMM_DATA/results/CALLIBRATION_S3_L2/ens3_bs2048_ep300_pat30_lr3.0e-04_wd1.0e-05_319409-2/inj_0055/posterior_kde.png
