==========================================
 Stage 3 Layer 2 (options) injection
 model = ens3_bs2048_ep300_pat30_lr3.0e-04_wd1.0e-05_319409-2
 seed  = 41
==========================================
Model: ens3_bs2048_ep300_pat30_lr3.0e-04_wd1.0e-05_319409-2
Injection seed: 41
Output dir: /data/wiay/postgrads/shashwat/COMM_DATA/results/CALLIBRATION_S3_L2/ens3_bs2048_ep300_pat30_lr3.0e-04_wd1.0e-05_319409-2/inj_0041
Loaded 3 ensemble members from ens3_bs2048_ep300_pat30_lr3.0e-04_wd1.0e-05_319409-2: ['model_00', 'model_01', 'model_02']
{
  "kappa": {
    "true": 4.775340404513822,
    "median": 2.5708373780469533,
    "ci_lo": 0.3146417996468006,
    "ci_hi": 4.69981833183123,
    "covered": false,
    "insertion_percentile": 0.960538979788258
  },
  "sigma_chi": {
    "true": 0.47236264984957954,
    "median": 0.3143702493186427,
    "ci_lo": 0.08256741841795627,
    "ci_hi": 0.5620797273971766,
    "covered": true,
    "insertion_percentile": 0.7901828681424446
  },
  "sigma_xi": {
    "true": 0.09408976137587075,
    "median": 0.22253628226409516,
    "ci_lo": 0.06553712085122188,
    "ci_hi": 0.3821846583280902,
    "covered": true,
    "insertion_percentile": 0.13089509143407121
  },
  "rho": {
    "true": 0.5885785546753407,
    "median": -0.015712100049481093,
    "ci_lo": -0.8263463695055732,
    "ci_hi": 0.81576771808096,
    "covered": true,
    "insertion_percentile": 0.8257940327237728
  }
}
Saved KDE posterior plot to /data/wiay/postgrads/shashwat/COMM_DATA/results/CALLIBRATION_S3_L2/ens3_bs2048_ep300_pat30_lr3.0e-04_wd1.0e-05_319409-2/inj_0041/posterior_kde.png
