==========================================
 Stage 3 Layer 2 (options) injection
 model = ens5_bs2048_ep300_pat30_lr3.0e-04_wd1.0e-04_319409-5
 seed  = 11
==========================================
Model: ens5_bs2048_ep300_pat30_lr3.0e-04_wd1.0e-04_319409-5
Injection seed: 11
Output dir: /data/wiay/postgrads/shashwat/COMM_DATA/results/CALLIBRATION_S3_L2/ens5_bs2048_ep300_pat30_lr3.0e-04_wd1.0e-04_319409-5/inj_0011
Loaded 5 ensemble members from ens5_bs2048_ep300_pat30_lr3.0e-04_wd1.0e-04_319409-5: ['model_00', 'model_01', 'model_02', 'model_03', 'model_04']
{
  "kappa": {
    "true": 0.7299939935690781,
    "median": 2.577105099588062,
    "ci_lo": 0.40783783314529926,
    "ci_hi": 4.81204525226984,
    "covered": true,
    "insertion_percentile": 0.12223291626564003
  },
  "sigma_chi": {
    "true": 0.32460282434206317,
    "median": 0.3145388969899448,
    "ci_lo": 0.07308096343615858,
    "ci_hi": 0.5735176852952195,
    "covered": true,
    "insertion_percentile": 0.5274302213666987
  },
  "sigma_xi": {
    "true": 0.26052442516817514,
    "median": 0.2269955609748509,
    "ci_lo": 0.06330239911106475,
    "ci_hi": 0.3873199671168089,
    "covered": true,
    "insertion_percentile": 0.5871029836381135
  },
  "rho": {
    "true": -0.8483597849304998,
    "median": 0.019930450502104513,
    "ci_lo": -0.8259332805489045,
    "ci_hi": 0.8090912005517906,
    "covered": false,
    "insertion_percentile": 0.02791145332050048
  }
}
Saved KDE posterior plot to /data/wiay/postgrads/shashwat/COMM_DATA/results/CALLIBRATION_S3_L2/ens5_bs2048_ep300_pat30_lr3.0e-04_wd1.0e-04_319409-5/inj_0011/posterior_kde.png
