==========================================
 Stage 3 Layer 2 (options) injection
 model = ens5_bs2048_ep300_pat30_lr1.0e-04_wd1.0e-05_319409-1
 seed  = 4
==========================================
Model: ens5_bs2048_ep300_pat30_lr1.0e-04_wd1.0e-05_319409-1
Injection seed: 4
Output dir: /data/wiay/postgrads/shashwat/COMM_DATA/results/CALLIBRATION_S3_L2/ens5_bs2048_ep300_pat30_lr1.0e-04_wd1.0e-05_319409-1/inj_0004
Loaded 5 ensemble members from ens5_bs2048_ep300_pat30_lr1.0e-04_wd1.0e-05_319409-1: ['model_00', 'model_01', 'model_02', 'model_03', 'model_04']
{
  "kappa": {
    "true": 4.720974917304601,
    "median": 2.451585379072383,
    "ci_lo": 0.3406461139008553,
    "ci_hi": 4.76744507141812,
    "covered": true,
    "insertion_percentile": 0.943579766536965
  },
  "sigma_chi": {
    "true": 0.33123015404789885,
    "median": 0.31792249881944934,
    "ci_lo": 0.0772258757755014,
    "ci_hi": 0.5726926611203034,
    "covered": true,
    "insertion_percentile": 0.5175097276264592
  },
  "sigma_xi": {
    "true": 0.39168529699769644,
    "median": 0.22683763649606348,
    "ci_lo": 0.06745712131481395,
    "ci_hi": 0.38130239865246845,
    "covered": false,
    "insertion_percentile": 0.980544747081712
  },
  "rho": {
    "true": -0.7544951569879161,
    "median": -0.00622802299034414,
    "ci_lo": -0.7969163365263778,
    "ci_hi": 0.8106260525543362,
    "covered": true,
    "insertion_percentile": 0.07782101167315175
  }
}
Saved KDE posterior plot to /data/wiay/postgrads/shashwat/COMM_DATA/results/CALLIBRATION_S3_L2/ens5_bs2048_ep300_pat30_lr1.0e-04_wd1.0e-05_319409-1/inj_0004/posterior_kde.png
