==========================================
 Stage 3 Layer 2 (options) injection
 model = ens5_bs2048_ep300_pat30_lr1.0e-04_wd1.0e-05_319409-1
 seed  = 68
==========================================
Model: ens5_bs2048_ep300_pat30_lr1.0e-04_wd1.0e-05_319409-1
Injection seed: 68
Output dir: /data/wiay/postgrads/shashwat/COMM_DATA/results/CALLIBRATION_S3_L2/ens5_bs2048_ep300_pat30_lr1.0e-04_wd1.0e-05_319409-1/inj_0068
Loaded 5 ensemble members from ens5_bs2048_ep300_pat30_lr1.0e-04_wd1.0e-05_319409-1: ['model_00', 'model_01', 'model_02', 'model_03', 'model_04']
{
  "kappa": {
    "true": 2.4733969517481755,
    "median": 2.433870174579379,
    "ci_lo": 0.37875927657644093,
    "ci_hi": 4.719443560085062,
    "covered": true,
    "insertion_percentile": 0.5079051383399209
  },
  "sigma_chi": {
    "true": 0.5165794510041971,
    "median": 0.32736271659278393,
    "ci_lo": 0.07925628984927983,
    "ci_hi": 0.5742041338837263,
    "covered": true,
    "insertion_percentile": 0.8409090909090909
  },
  "sigma_xi": {
    "true": 0.285732795194833,
    "median": 0.23288710993705103,
    "ci_lo": 0.06548913774693552,
    "ci_hi": 0.38719111603851575,
    "covered": true,
    "insertion_percentile": 0.6630434782608695
  },
  "rho": {
    "true": 0.22723339367836914,
    "median": 6.180451491188954e-05,
    "ci_lo": -0.7992193709273671,
    "ci_hi": 0.8070722138917046,
    "covered": true,
    "insertion_percentile": 0.6393280632411067
  }
}
Saved KDE posterior plot to /data/wiay/postgrads/shashwat/COMM_DATA/results/CALLIBRATION_S3_L2/ens5_bs2048_ep300_pat30_lr1.0e-04_wd1.0e-05_319409-1/inj_0068/posterior_kde.png
