==========================================
 Stage 3 Layer 2 (options) injection
 model = ens5_bs2048_ep300_pat30_lr3.0e-04_wd1.0e-04_319409-5
 seed  = 6
==========================================
Model: ens5_bs2048_ep300_pat30_lr3.0e-04_wd1.0e-04_319409-5
Injection seed: 6
Output dir: /data/wiay/postgrads/shashwat/COMM_DATA/results/CALLIBRATION_S3_L2/ens5_bs2048_ep300_pat30_lr3.0e-04_wd1.0e-04_319409-5/inj_0006
Loaded 5 ensemble members from ens5_bs2048_ep300_pat30_lr3.0e-04_wd1.0e-04_319409-5: ['model_00', 'model_01', 'model_02', 'model_03', 'model_04']
{
  "kappa": {
    "true": 2.737005322212522,
    "median": 2.6717770121384645,
    "ci_lo": 0.3883518215338607,
    "ci_hi": 4.776064662122291,
    "covered": true,
    "insertion_percentile": 0.5081669691470054
  },
  "sigma_chi": {
    "true": 0.2387989783973361,
    "median": 0.3289481376256296,
    "ci_lo": 0.08457324153920308,
    "ci_hi": 0.5748273753660542,
    "covered": true,
    "insertion_percentile": 0.33575317604355714
  },
  "sigma_xi": {
    "true": 0.17917353392838242,
    "median": 0.2230805084087906,
    "ci_lo": 0.0663110264973296,
    "ci_hi": 0.38697115161068235,
    "covered": true,
    "insertion_percentile": 0.3874773139745917
  },
  "rho": {
    "true": -0.22590582194181175,
    "median": 0.0017440407851701534,
    "ci_lo": -0.7955711190131005,
    "ci_hi": 0.7903612862461832,
    "covered": true,
    "insertion_percentile": 0.36569872958257715
  }
}
Saved KDE posterior plot to /data/wiay/postgrads/shashwat/COMM_DATA/results/CALLIBRATION_S3_L2/ens5_bs2048_ep300_pat30_lr3.0e-04_wd1.0e-04_319409-5/inj_0006/posterior_kde.png
