==========================================
 Stage 3 Layer 2 (options) injection
 model = ens5_bs2048_ep300_pat30_lr3.0e-04_wd1.0e-04_319409-5
 seed  = 34
==========================================
Model: ens5_bs2048_ep300_pat30_lr3.0e-04_wd1.0e-04_319409-5
Injection seed: 34
Output dir: /data/wiay/postgrads/shashwat/COMM_DATA/results/CALLIBRATION_S3_L2/ens5_bs2048_ep300_pat30_lr3.0e-04_wd1.0e-04_319409-5/inj_0034
Loaded 5 ensemble members from ens5_bs2048_ep300_pat30_lr3.0e-04_wd1.0e-04_319409-5: ['model_00', 'model_01', 'model_02', 'model_03', 'model_04']
{
  "kappa": {
    "true": 0.11973839311591333,
    "median": 2.6237247475640793,
    "ci_lo": 0.3357721719193894,
    "ci_hi": 4.718629414012137,
    "covered": false,
    "insertion_percentile": 0.0019267822736030828
  },
  "sigma_chi": {
    "true": 0.5296973028487982,
    "median": 0.31896226456878296,
    "ci_lo": 0.07704817453947872,
    "ci_hi": 0.5700280664759679,
    "covered": true,
    "insertion_percentile": 0.871868978805395
  },
  "sigma_xi": {
    "true": 0.134959835661545,
    "median": 0.2212471686462059,
    "ci_lo": 0.07087084411508196,
    "ci_hi": 0.3839160060945019,
    "covered": true,
    "insertion_percentile": 0.24277456647398843
  },
  "rho": {
    "true": 0.27191033615103344,
    "median": 0.01953557493524677,
    "ci_lo": -0.8008889217781832,
    "ci_hi": 0.7999808390449312,
    "covered": true,
    "insertion_percentile": 0.6579961464354528
  }
}
Saved KDE posterior plot to /data/wiay/postgrads/shashwat/COMM_DATA/results/CALLIBRATION_S3_L2/ens5_bs2048_ep300_pat30_lr3.0e-04_wd1.0e-04_319409-5/inj_0034/posterior_kde.png
