==========================================
 Stage 3 Layer 2 (options) injection
 model = ens5_bs2048_ep300_pat30_lr1.0e-04_wd1.0e-05_319409-1
 seed  = 39
==========================================
Model: ens5_bs2048_ep300_pat30_lr1.0e-04_wd1.0e-05_319409-1
Injection seed: 39
Output dir: /data/wiay/postgrads/shashwat/COMM_DATA/results/CALLIBRATION_S3_L2/ens5_bs2048_ep300_pat30_lr1.0e-04_wd1.0e-05_319409-1/inj_0039
Loaded 5 ensemble members from ens5_bs2048_ep300_pat30_lr1.0e-04_wd1.0e-05_319409-1: ['model_00', 'model_01', 'model_02', 'model_03', 'model_04']
{
  "kappa": {
    "true": 2.5583885900419,
    "median": 2.4876836678237737,
    "ci_lo": 0.37921468568917105,
    "ci_hi": 4.758944516617387,
    "covered": true,
    "insertion_percentile": 0.5225490196078432
  },
  "sigma_chi": {
    "true": 0.3466344734135687,
    "median": 0.32815553769930006,
    "ci_lo": 0.0820306425813328,
    "ci_hi": 0.5700498710923985,
    "covered": true,
    "insertion_percentile": 0.5323529411764706
  },
  "sigma_xi": {
    "true": 0.09755597068435096,
    "median": 0.22892683727662683,
    "ci_lo": 0.06737346875394466,
    "ci_hi": 0.3864667621376335,
    "covered": true,
    "insertion_percentile": 0.1323529411764706
  },
  "rho": {
    "true": -0.34850417684101376,
    "median": -0.011012943398206965,
    "ci_lo": -0.8112110936001937,
    "ci_hi": 0.8019858280699343,
    "covered": true,
    "insertion_percentile": 0.30196078431372547
  }
}
Saved KDE posterior plot to /data/wiay/postgrads/shashwat/COMM_DATA/results/CALLIBRATION_S3_L2/ens5_bs2048_ep300_pat30_lr1.0e-04_wd1.0e-05_319409-1/inj_0039/posterior_kde.png
