==========================================
 Stage 3 Layer 2 (options) injection
 model = ens5_bs2048_ep300_pat30_lr1.0e-04_wd1.0e-05_319409-1
 seed  = 55
==========================================
Model: ens5_bs2048_ep300_pat30_lr1.0e-04_wd1.0e-05_319409-1
Injection seed: 55
Output dir: /data/wiay/postgrads/shashwat/COMM_DATA/results/CALLIBRATION_S3_L2/ens5_bs2048_ep300_pat30_lr1.0e-04_wd1.0e-05_319409-1/inj_0055
Loaded 5 ensemble members from ens5_bs2048_ep300_pat30_lr1.0e-04_wd1.0e-05_319409-1: ['model_00', 'model_01', 'model_02', 'model_03', 'model_04']
{
  "kappa": {
    "true": 4.178035698929258,
    "median": 2.615569493696744,
    "ci_lo": 0.38413163415770707,
    "ci_hi": 4.748180579545149,
    "covered": true,
    "insertion_percentile": 0.8328664799253035
  },
  "sigma_chi": {
    "true": 0.5288550864439876,
    "median": 0.3332924081525859,
    "ci_lo": 0.07839697163130786,
    "ci_hi": 0.5726584980294038,
    "covered": true,
    "insertion_percentile": 0.8674136321195145
  },
  "sigma_xi": {
    "true": 0.12642666459491803,
    "median": 0.22827623681486497,
    "ci_lo": 0.06915133811978298,
    "ci_hi": 0.38378043037028975,
    "covered": true,
    "insertion_percentile": 0.22969187675070027
  },
  "rho": {
    "true": -0.4858251288984804,
    "median": -0.0038841504415543238,
    "ci_lo": -0.8050052380501718,
    "ci_hi": 0.8163370291610856,
    "covered": true,
    "insertion_percentile": 0.2334267040149393
  }
}
Saved KDE posterior plot to /data/wiay/postgrads/shashwat/COMM_DATA/results/CALLIBRATION_S3_L2/ens5_bs2048_ep300_pat30_lr1.0e-04_wd1.0e-05_319409-1/inj_0055/posterior_kde.png
