==========================================
 Stage 3 Layer 2 (options) injection
 model = ens5_bs1024_ep300_pat30_lr3.0e-04_wd1.0e-05_319409-4
 seed  = 28
==========================================
Model: ens5_bs1024_ep300_pat30_lr3.0e-04_wd1.0e-05_319409-4
Injection seed: 28
Output dir: /data/wiay/postgrads/shashwat/COMM_DATA/results/CALLIBRATION_S3_L2/ens5_bs1024_ep300_pat30_lr3.0e-04_wd1.0e-05_319409-4/inj_0028
Loaded 5 ensemble members from ens5_bs1024_ep300_pat30_lr3.0e-04_wd1.0e-05_319409-4: ['model_00', 'model_01', 'model_02', 'model_03', 'model_04']
{
  "kappa": {
    "true": 4.273986286312573,
    "median": 2.575176239138982,
    "ci_lo": 0.3240011293656675,
    "ci_hi": 4.675937790711521,
    "covered": true,
    "insertion_percentile": 0.8589618021547503
  },
  "sigma_chi": {
    "true": 0.5366911247422749,
    "median": 0.319777375696283,
    "ci_lo": 0.07984009315638152,
    "ci_hi": 0.5718571184680186,
    "covered": true,
    "insertion_percentile": 0.9040156709108716
  },
  "sigma_xi": {
    "true": 0.317997984295148,
    "median": 0.22354642154373683,
    "ci_lo": 0.0661318991727305,
    "ci_hi": 0.37912983728456223,
    "covered": true,
    "insertion_percentile": 0.7590597453476984
  },
  "rho": {
    "true": -0.8420425184103203,
    "median": -0.013508215261557543,
    "ci_lo": -0.8028253098553337,
    "ci_hi": 0.7906750405796837,
    "covered": false,
    "insertion_percentile": 0.039177277179236046
  }
}
Saved KDE posterior plot to /data/wiay/postgrads/shashwat/COMM_DATA/results/CALLIBRATION_S3_L2/ens5_bs1024_ep300_pat30_lr3.0e-04_wd1.0e-05_319409-4/inj_0028/posterior_kde.png
