==========================================
 Stage 3 Layer 2 (options) injection
 model = ens3_bs2048_ep300_pat30_lr3.0e-04_wd1.0e-05_319409-2
 seed  = 52
==========================================
Model: ens3_bs2048_ep300_pat30_lr3.0e-04_wd1.0e-05_319409-2
Injection seed: 52
Output dir: /data/wiay/postgrads/shashwat/COMM_DATA/results/CALLIBRATION_S3_L2/ens3_bs2048_ep300_pat30_lr3.0e-04_wd1.0e-05_319409-2/inj_0052
Loaded 3 ensemble members from ens3_bs2048_ep300_pat30_lr3.0e-04_wd1.0e-05_319409-2: ['model_00', 'model_01', 'model_02']
{
  "kappa": {
    "true": 3.117238478531921,
    "median": 2.5250208307127995,
    "ci_lo": 0.31872087849465364,
    "ci_hi": 4.755658931992688,
    "covered": true,
    "insertion_percentile": 0.6064638783269962
  },
  "sigma_chi": {
    "true": 0.36582446259941054,
    "median": 0.32880133651093185,
    "ci_lo": 0.08480834755512599,
    "ci_hi": 0.5685550424289745,
    "covered": true,
    "insertion_percentile": 0.5684410646387833
  },
  "sigma_xi": {
    "true": 0.23184025271647501,
    "median": 0.21959633348095892,
    "ci_lo": 0.06781223603465299,
    "ci_hi": 0.38136683413955125,
    "covered": true,
    "insertion_percentile": 0.532319391634981
  },
  "rho": {
    "true": -0.8884988252943237,
    "median": -0.019843487751919242,
    "ci_lo": -0.8089321344197808,
    "ci_hi": 0.802617517561093,
    "covered": false,
    "insertion_percentile": 0.0028517110266159697
  }
}
Saved KDE posterior plot to /data/wiay/postgrads/shashwat/COMM_DATA/results/CALLIBRATION_S3_L2/ens3_bs2048_ep300_pat30_lr3.0e-04_wd1.0e-05_319409-2/inj_0052/posterior_kde.png
