==========================================
 Stage 3 Layer 2 (options) injection
 model = ens5_bs2048_ep300_pat30_lr1.0e-04_wd1.0e-05_319409-1
 seed  = 53
==========================================
Model: ens5_bs2048_ep300_pat30_lr1.0e-04_wd1.0e-05_319409-1
Injection seed: 53
Output dir: /data/wiay/postgrads/shashwat/COMM_DATA/results/CALLIBRATION_S3_L2/ens5_bs2048_ep300_pat30_lr1.0e-04_wd1.0e-05_319409-1/inj_0053
Loaded 5 ensemble members from ens5_bs2048_ep300_pat30_lr1.0e-04_wd1.0e-05_319409-1: ['model_00', 'model_01', 'model_02', 'model_03', 'model_04']
{
  "kappa": {
    "true": 0.15452227336490462,
    "median": 2.397598130915398,
    "ci_lo": 0.3537880272242581,
    "ci_hi": 4.737349571556873,
    "covered": false,
    "insertion_percentile": 0.012104283054003724
  },
  "sigma_chi": {
    "true": 0.44540085957223546,
    "median": 0.33667555551736017,
    "ci_lo": 0.07818799945172114,
    "ci_hi": 0.5729286037205311,
    "covered": true,
    "insertion_percentile": 0.7150837988826816
  },
  "sigma_xi": {
    "true": 0.16589451690284834,
    "median": 0.22769502389755206,
    "ci_lo": 0.06395166161969858,
    "ci_hi": 0.3821952659297023,
    "covered": true,
    "insertion_percentile": 0.329608938547486
  },
  "rho": {
    "true": 0.7795595945160475,
    "median": -0.023189287865463815,
    "ci_lo": -0.8213322805743659,
    "ci_hi": 0.8076073479092585,
    "covered": true,
    "insertion_percentile": 0.9366852886405959
  }
}
Saved KDE posterior plot to /data/wiay/postgrads/shashwat/COMM_DATA/results/CALLIBRATION_S3_L2/ens5_bs2048_ep300_pat30_lr1.0e-04_wd1.0e-05_319409-1/inj_0053/posterior_kde.png
