==========================================
 Stage 3 Layer 2 (options) injection
 model = ens3_bs2048_ep300_pat30_lr3.0e-04_wd1.0e-05_319409-2
 seed  = 62
==========================================
Model: ens3_bs2048_ep300_pat30_lr3.0e-04_wd1.0e-05_319409-2
Injection seed: 62
Output dir: /data/wiay/postgrads/shashwat/COMM_DATA/results/CALLIBRATION_S3_L2/ens3_bs2048_ep300_pat30_lr3.0e-04_wd1.0e-05_319409-2/inj_0062
Loaded 3 ensemble members from ens3_bs2048_ep300_pat30_lr3.0e-04_wd1.0e-05_319409-2: ['model_00', 'model_01', 'model_02']
{
  "kappa": {
    "true": 3.085668817603375,
    "median": 2.573493009625778,
    "ci_lo": 0.35913764595895425,
    "ci_hi": 4.777036960401699,
    "covered": true,
    "insertion_percentile": 0.6060311284046692
  },
  "sigma_chi": {
    "true": 0.46127531720834847,
    "median": 0.31922146286966585,
    "ci_lo": 0.07627661218824708,
    "ci_hi": 0.5722265665659415,
    "covered": true,
    "insertion_percentile": 0.7422178988326849
  },
  "sigma_xi": {
    "true": 0.32324408451829034,
    "median": 0.22150734504802028,
    "ci_lo": 0.06534129211545474,
    "ci_hi": 0.3793086030096082,
    "covered": true,
    "insertion_percentile": 0.7684824902723736
  },
  "rho": {
    "true": -0.381860407298641,
    "median": 0.009692189925026462,
    "ci_lo": -0.8045090846544364,
    "ci_hi": 0.8142261670090815,
    "covered": true,
    "insertion_percentile": 0.2811284046692607
  }
}
Saved KDE posterior plot to /data/wiay/postgrads/shashwat/COMM_DATA/results/CALLIBRATION_S3_L2/ens3_bs2048_ep300_pat30_lr3.0e-04_wd1.0e-05_319409-2/inj_0062/posterior_kde.png
