==========================================
 Stage 3 Layer 2 (options) injection
 model = ens5_bs1024_ep300_pat30_lr3.0e-04_wd1.0e-05_319409-4
 seed  = 49
==========================================
Model: ens5_bs1024_ep300_pat30_lr3.0e-04_wd1.0e-05_319409-4
Injection seed: 49
Output dir: /data/wiay/postgrads/shashwat/COMM_DATA/results/CALLIBRATION_S3_L2/ens5_bs1024_ep300_pat30_lr3.0e-04_wd1.0e-05_319409-4/inj_0049
Loaded 5 ensemble members from ens5_bs1024_ep300_pat30_lr3.0e-04_wd1.0e-05_319409-4: ['model_00', 'model_01', 'model_02', 'model_03', 'model_04']
{
  "kappa": {
    "true": 1.8779855421530678,
    "median": 2.5525110148386716,
    "ci_lo": 0.3567478648692381,
    "ci_hi": 4.752451779759284,
    "covered": true,
    "insertion_percentile": 0.3681640625
  },
  "sigma_chi": {
    "true": 0.3762694930933527,
    "median": 0.3210146301969906,
    "ci_lo": 0.07935941867444514,
    "ci_hi": 0.5724827864638161,
    "covered": true,
    "insertion_percentile": 0.6064453125
  },
  "sigma_xi": {
    "true": 0.18718257418746548,
    "median": 0.22571816803205136,
    "ci_lo": 0.0688844665490936,
    "ci_hi": 0.38467066913293246,
    "covered": true,
    "insertion_percentile": 0.3876953125
  },
  "rho": {
    "true": 0.22265871421790429,
    "median": 0.005561022815552541,
    "ci_lo": -0.8273064356617729,
    "ci_hi": 0.8127601722722376,
    "covered": true,
    "insertion_percentile": 0.6103515625
  }
}
Saved KDE posterior plot to /data/wiay/postgrads/shashwat/COMM_DATA/results/CALLIBRATION_S3_L2/ens5_bs1024_ep300_pat30_lr3.0e-04_wd1.0e-05_319409-4/inj_0049/posterior_kde.png
