==========================================
 Stage 3 Layer 2 (options) injection
 model = ens3_bs2048_ep300_pat30_lr3.0e-04_wd1.0e-05_319409-2
 seed  = 25
==========================================
Model: ens3_bs2048_ep300_pat30_lr3.0e-04_wd1.0e-05_319409-2
Injection seed: 25
Output dir: /data/wiay/postgrads/shashwat/COMM_DATA/results/CALLIBRATION_S3_L2/ens3_bs2048_ep300_pat30_lr3.0e-04_wd1.0e-05_319409-2/inj_0025
Loaded 3 ensemble members from ens3_bs2048_ep300_pat30_lr3.0e-04_wd1.0e-05_319409-2: ['model_00', 'model_01', 'model_02']
{
  "kappa": {
    "true": 0.8875340428368383,
    "median": 2.6421305200105074,
    "ci_lo": 0.35819559769617526,
    "ci_hi": 4.765102601469592,
    "covered": true,
    "insertion_percentile": 0.16
  },
  "sigma_chi": {
    "true": 0.05017161934405201,
    "median": 0.31781552221266524,
    "ci_lo": 0.07744609590564572,
    "ci_hi": 0.571877981755638,
    "covered": false,
    "insertion_percentile": 0.0
  },
  "sigma_xi": {
    "true": 0.12580946256198594,
    "median": 0.22435132768842553,
    "ci_lo": 0.06395479378396357,
    "ci_hi": 0.3800822635937052,
    "covered": true,
    "insertion_percentile": 0.2253658536585366
  },
  "rho": {
    "true": -0.23754726541770244,
    "median": 0.0001420378338453654,
    "ci_lo": -0.7864905255295687,
    "ci_hi": 0.8254278378763205,
    "covered": true,
    "insertion_percentile": 0.3746341463414634
  }
}
Saved KDE posterior plot to /data/wiay/postgrads/shashwat/COMM_DATA/results/CALLIBRATION_S3_L2/ens3_bs2048_ep300_pat30_lr3.0e-04_wd1.0e-05_319409-2/inj_0025/posterior_kde.png
