==========================================
 Stage 3 Layer 2 (options) injection
 model = ens5_bs2048_ep300_pat30_lr1.0e-04_wd1.0e-05_319409-1
 seed  = 30
==========================================
Model: ens5_bs2048_ep300_pat30_lr1.0e-04_wd1.0e-05_319409-1
Injection seed: 30
Output dir: /data/wiay/postgrads/shashwat/COMM_DATA/results/CALLIBRATION_S3_L2/ens5_bs2048_ep300_pat30_lr1.0e-04_wd1.0e-05_319409-1/inj_0030
Loaded 5 ensemble members from ens5_bs2048_ep300_pat30_lr1.0e-04_wd1.0e-05_319409-1: ['model_00', 'model_01', 'model_02', 'model_03', 'model_04']
{
  "kappa": {
    "true": 1.2554141435814108,
    "median": 2.668594267489677,
    "ci_lo": 0.36502233942773094,
    "ci_hi": 4.760026494445562,
    "covered": true,
    "insertion_percentile": 0.21814671814671815
  },
  "sigma_chi": {
    "true": 0.28600884926619613,
    "median": 0.33618778718270964,
    "ci_lo": 0.07743495757885517,
    "ci_hi": 0.5752089343985708,
    "covered": true,
    "insertion_percentile": 0.4025096525096525
  },
  "sigma_xi": {
    "true": 0.08229555579365225,
    "median": 0.22625472125069596,
    "ci_lo": 0.07188186770954025,
    "ci_hi": 0.38413790894935773,
    "covered": true,
    "insertion_percentile": 0.08108108108108109
  },
  "rho": {
    "true": 0.16668496251847864,
    "median": -0.02326578060828738,
    "ci_lo": -0.7862189162283595,
    "ci_hi": 0.809753880001243,
    "covered": true,
    "insertion_percentile": 0.5984555984555985
  }
}
Saved KDE posterior plot to /data/wiay/postgrads/shashwat/COMM_DATA/results/CALLIBRATION_S3_L2/ens5_bs2048_ep300_pat30_lr1.0e-04_wd1.0e-05_319409-1/inj_0030/posterior_kde.png
