==========================================
 Stage 3 Layer 2 (options) injection
 model = ens3_bs2048_ep300_pat30_lr3.0e-04_wd1.0e-05_319409-2
 seed  = 10
==========================================
Model: ens3_bs2048_ep300_pat30_lr3.0e-04_wd1.0e-05_319409-2
Injection seed: 10
Output dir: /data/wiay/postgrads/shashwat/COMM_DATA/results/CALLIBRATION_S3_L2/ens3_bs2048_ep300_pat30_lr3.0e-04_wd1.0e-05_319409-2/inj_0010
Loaded 3 ensemble members from ens3_bs2048_ep300_pat30_lr3.0e-04_wd1.0e-05_319409-2: ['model_00', 'model_01', 'model_02']
{
  "kappa": {
    "true": 4.784408377181979,
    "median": 2.6411691252407246,
    "ci_lo": 0.36847625394920835,
    "ci_hi": 4.732091332520897,
    "covered": false,
    "insertion_percentile": 0.9607458292443573
  },
  "sigma_chi": {
    "true": 0.16422499554353076,
    "median": 0.3245521394814438,
    "ci_lo": 0.07944132846170415,
    "ci_hi": 0.5713463092464569,
    "covered": true,
    "insertion_percentile": 0.20314033366045142
  },
  "sigma_xi": {
    "true": 0.33995570984608575,
    "median": 0.22737899759749608,
    "ci_lo": 0.06950478551508059,
    "ci_hi": 0.3855407953412814,
    "covered": true,
    "insertion_percentile": 0.8272816486751717
  },
  "rho": {
    "true": -0.6312921784523635,
    "median": -0.0524357131156169,
    "ci_lo": -0.7975254631434449,
    "ci_hi": 0.7815554883947591,
    "covered": true,
    "insertion_percentile": 0.1452404317958783
  }
}
Saved KDE posterior plot to /data/wiay/postgrads/shashwat/COMM_DATA/results/CALLIBRATION_S3_L2/ens3_bs2048_ep300_pat30_lr3.0e-04_wd1.0e-05_319409-2/inj_0010/posterior_kde.png
