==========================================
 Stage 3 Layer 2 (options) injection
 model = ens3_bs2048_ep300_pat30_lr3.0e-04_wd1.0e-05_319409-2
 seed  = 60
==========================================
Model: ens3_bs2048_ep300_pat30_lr3.0e-04_wd1.0e-05_319409-2
Injection seed: 60
Output dir: /data/wiay/postgrads/shashwat/COMM_DATA/results/CALLIBRATION_S3_L2/ens3_bs2048_ep300_pat30_lr3.0e-04_wd1.0e-05_319409-2/inj_0060
Loaded 3 ensemble members from ens3_bs2048_ep300_pat30_lr3.0e-04_wd1.0e-05_319409-2: ['model_00', 'model_01', 'model_02']
{
  "kappa": {
    "true": 1.688990682236255,
    "median": 2.5543651132097387,
    "ci_lo": 0.34502553357712695,
    "ci_hi": 4.724730505258136,
    "covered": true,
    "insertion_percentile": 0.313
  },
  "sigma_chi": {
    "true": 0.06493051554225251,
    "median": 0.3341163503284993,
    "ci_lo": 0.08588841736519287,
    "ci_hi": 0.5772276183753364,
    "covered": false,
    "insertion_percentile": 0.016
  },
  "sigma_xi": {
    "true": 0.06915231060477818,
    "median": 0.22886903922947718,
    "ci_lo": 0.07532599183693527,
    "ci_hi": 0.38527773408824645,
    "covered": false,
    "insertion_percentile": 0.038
  },
  "rho": {
    "true": 0.8828847383427837,
    "median": -0.05786944646939057,
    "ci_lo": -0.8320131718673328,
    "ci_hi": 0.8046378989818938,
    "covered": false,
    "insertion_percentile": 0.992
  }
}
Saved KDE posterior plot to /data/wiay/postgrads/shashwat/COMM_DATA/results/CALLIBRATION_S3_L2/ens3_bs2048_ep300_pat30_lr3.0e-04_wd1.0e-05_319409-2/inj_0060/posterior_kde.png
