==========================================
 Stage 3 Layer 2 (options) injection
 model = ens3_bs2048_ep300_pat30_lr3.0e-04_wd1.0e-05_319409-2
 seed  = 23
==========================================
Model: ens3_bs2048_ep300_pat30_lr3.0e-04_wd1.0e-05_319409-2
Injection seed: 23
Output dir: /data/wiay/postgrads/shashwat/COMM_DATA/results/CALLIBRATION_S3_L2/ens3_bs2048_ep300_pat30_lr3.0e-04_wd1.0e-05_319409-2/inj_0023
Loaded 3 ensemble members from ens3_bs2048_ep300_pat30_lr3.0e-04_wd1.0e-05_319409-2: ['model_00', 'model_01', 'model_02']
{
  "kappa": {
    "true": 3.500272095221085,
    "median": 2.453210676899161,
    "ci_lo": 0.3657124748664933,
    "ci_hi": 4.778011604570593,
    "covered": true,
    "insertion_percentile": 0.7078870496592016
  },
  "sigma_chi": {
    "true": 0.40280202148302674,
    "median": 0.3323121234116518,
    "ci_lo": 0.08164148357667018,
    "ci_hi": 0.578338427507932,
    "covered": true,
    "insertion_percentile": 0.6134371957156767
  },
  "sigma_xi": {
    "true": 0.09502547851117268,
    "median": 0.22538147486306553,
    "ci_lo": 0.06883242305853667,
    "ci_hi": 0.38596919047938827,
    "covered": true,
    "insertion_percentile": 0.11976630963972736
  },
  "rho": {
    "true": -0.6953255097636072,
    "median": 0.004022384933053846,
    "ci_lo": -0.8004975115041245,
    "ci_hi": 0.7975695401577727,
    "covered": true,
    "insertion_percentile": 0.11100292112950341
  }
}
Saved KDE posterior plot to /data/wiay/postgrads/shashwat/COMM_DATA/results/CALLIBRATION_S3_L2/ens3_bs2048_ep300_pat30_lr3.0e-04_wd1.0e-05_319409-2/inj_0023/posterior_kde.png
