==========================================
 Stage 3 Layer 2 (options) injection
 model = ens7_bs2048_ep300_pat30_lr3.0e-04_wd1.0e-05_319409-3
 seed  = 65
==========================================
Model: ens7_bs2048_ep300_pat30_lr3.0e-04_wd1.0e-05_319409-3
Injection seed: 65
Output dir: /data/wiay/postgrads/shashwat/COMM_DATA/results/CALLIBRATION_S3_L2/ens7_bs2048_ep300_pat30_lr3.0e-04_wd1.0e-05_319409-3/inj_0065
Loaded 7 ensemble members from ens7_bs2048_ep300_pat30_lr3.0e-04_wd1.0e-05_319409-3: ['model_00', 'model_01', 'model_02', 'model_03', 'model_04', 'model_05', 'model_06']
{
  "kappa": {
    "true": 0.3322182787710082,
    "median": 2.581638248205172,
    "ci_lo": 0.31331194622413017,
    "ci_hi": 4.797149760564193,
    "covered": true,
    "insertion_percentile": 0.05572139303482587
  },
  "sigma_chi": {
    "true": 0.33502219764677266,
    "median": 0.3284122607923576,
    "ci_lo": 0.07468284034834118,
    "ci_hi": 0.574654011218186,
    "covered": true,
    "insertion_percentile": 0.5124378109452736
  },
  "sigma_xi": {
    "true": 0.18120049717995296,
    "median": 0.21678019982901653,
    "ci_lo": 0.06575749923495619,
    "ci_hi": 0.3855452664022901,
    "covered": true,
    "insertion_percentile": 0.39104477611940297
  },
  "rho": {
    "true": -0.4883786580349296,
    "median": -0.008467882210507316,
    "ci_lo": -0.8096402532701975,
    "ci_hi": 0.8214905158066702,
    "covered": true,
    "insertion_percentile": 0.24378109452736318
  }
}
Saved KDE posterior plot to /data/wiay/postgrads/shashwat/COMM_DATA/results/CALLIBRATION_S3_L2/ens7_bs2048_ep300_pat30_lr3.0e-04_wd1.0e-05_319409-3/inj_0065/posterior_kde.png
