==========================================
 Stage 3 Layer 2 (options) injection
 model = ens5_bs2048_ep300_pat30_lr3.0e-04_wd1.0e-05_319409-0
 seed  = 13
==========================================
Model: ens5_bs2048_ep300_pat30_lr3.0e-04_wd1.0e-05_319409-0
Injection seed: 13
Output dir: /data/wiay/postgrads/shashwat/COMM_DATA/results/CALLIBRATION_S3_L2/ens5_bs2048_ep300_pat30_lr3.0e-04_wd1.0e-05_319409-0/inj_0013
Loaded 5 ensemble members from ens5_bs2048_ep300_pat30_lr3.0e-04_wd1.0e-05_319409-0: ['model_00', 'model_01', 'model_02', 'model_03', 'model_04']
{
  "kappa": {
    "true": 4.337508176381274,
    "median": 2.338150745813646,
    "ci_lo": 0.3316906650186933,
    "ci_hi": 4.775260567401823,
    "covered": true,
    "insertion_percentile": 0.869
  },
  "sigma_chi": {
    "true": 0.5204163832126324,
    "median": 0.3339773806567221,
    "ci_lo": 0.07929990173906712,
    "ci_hi": 0.5803882289304233,
    "covered": true,
    "insertion_percentile": 0.856
  },
  "sigma_xi": {
    "true": 0.3338581895745198,
    "median": 0.21362244480887108,
    "ci_lo": 0.06527870617449524,
    "ci_hi": 0.3803490152634141,
    "covered": true,
    "insertion_percentile": 0.822
  },
  "rho": {
    "true": -0.42939654945034217,
    "median": -0.05429596392367986,
    "ci_lo": -0.8010699063271444,
    "ci_hi": 0.7958450491083027,
    "covered": true,
    "insertion_percentile": 0.269
  }
}
Saved KDE posterior plot to /data/wiay/postgrads/shashwat/COMM_DATA/results/CALLIBRATION_S3_L2/ens5_bs2048_ep300_pat30_lr3.0e-04_wd1.0e-05_319409-0/inj_0013/posterior_kde.png
