==========================================
 Stage 3 Layer 2 (options) injection
 model = ens7_bs2048_ep300_pat30_lr3.0e-04_wd1.0e-05_319409-3
 seed  = 40
==========================================
Model: ens7_bs2048_ep300_pat30_lr3.0e-04_wd1.0e-05_319409-3
Injection seed: 40
Output dir: /data/wiay/postgrads/shashwat/COMM_DATA/results/CALLIBRATION_S3_L2/ens7_bs2048_ep300_pat30_lr3.0e-04_wd1.0e-05_319409-3/inj_0040
Loaded 7 ensemble members from ens7_bs2048_ep300_pat30_lr3.0e-04_wd1.0e-05_319409-3: ['model_00', 'model_01', 'model_02', 'model_03', 'model_04', 'model_05', 'model_06']
{
  "kappa": {
    "true": 3.6765026267971166,
    "median": 2.6070536957972807,
    "ci_lo": 0.38524482351034334,
    "ci_hi": 4.810371649781806,
    "covered": true,
    "insertion_percentile": 0.7226277372262774
  },
  "sigma_chi": {
    "true": 0.43137822624103417,
    "median": 0.31658848132106987,
    "ci_lo": 0.0759772743927174,
    "ci_hi": 0.5760102848753811,
    "covered": true,
    "insertion_percentile": 0.6824817518248175
  },
  "sigma_xi": {
    "true": 0.379672356032104,
    "median": 0.22322061576329338,
    "ci_lo": 0.06450219355472579,
    "ci_hi": 0.38528374177316205,
    "covered": true,
    "insertion_percentile": 0.9251824817518248
  },
  "rho": {
    "true": -0.7926262919194065,
    "median": 0.012456348333130252,
    "ci_lo": -0.816780599862255,
    "ci_hi": 0.821319045863295,
    "covered": true,
    "insertion_percentile": 0.0666058394160584
  }
}
Saved KDE posterior plot to /data/wiay/postgrads/shashwat/COMM_DATA/results/CALLIBRATION_S3_L2/ens7_bs2048_ep300_pat30_lr3.0e-04_wd1.0e-05_319409-3/inj_0040/posterior_kde.png
