==========================================
 Stage 3 Layer 2 (options) injection
 model = ens7_bs2048_ep300_pat30_lr3.0e-04_wd1.0e-05_319409-3
 seed  = 63
==========================================
Model: ens7_bs2048_ep300_pat30_lr3.0e-04_wd1.0e-05_319409-3
Injection seed: 63
Output dir: /data/wiay/postgrads/shashwat/COMM_DATA/results/CALLIBRATION_S3_L2/ens7_bs2048_ep300_pat30_lr3.0e-04_wd1.0e-05_319409-3/inj_0063
Loaded 7 ensemble members from ens7_bs2048_ep300_pat30_lr3.0e-04_wd1.0e-05_319409-3: ['model_00', 'model_01', 'model_02', 'model_03', 'model_04', 'model_05', 'model_06']
{
  "kappa": {
    "true": 2.8443889222882817,
    "median": 2.6369895643192187,
    "ci_lo": 0.3192935917755171,
    "ci_hi": 4.785733832937549,
    "covered": true,
    "insertion_percentile": 0.5498519249753209
  },
  "sigma_chi": {
    "true": 0.595742377872793,
    "median": 0.32419410988079433,
    "ci_lo": 0.0752948712480671,
    "ci_hi": 0.5757090907306457,
    "covered": false,
    "insertion_percentile": 0.9861796643632774
  },
  "sigma_xi": {
    "true": 0.11884058172013279,
    "median": 0.22753332012707517,
    "ci_lo": 0.07201932856373951,
    "ci_hi": 0.3836614672402025,
    "covered": true,
    "insertion_percentile": 0.16386969397828233
  },
  "rho": {
    "true": 0.009517702000710004,
    "median": 0.033865656342954464,
    "ci_lo": -0.8026508570990583,
    "ci_hi": 0.8167072995468218,
    "covered": true,
    "insertion_percentile": 0.4876604146100691
  }
}
Saved KDE posterior plot to /data/wiay/postgrads/shashwat/COMM_DATA/results/CALLIBRATION_S3_L2/ens7_bs2048_ep300_pat30_lr3.0e-04_wd1.0e-05_319409-3/inj_0063/posterior_kde.png
