==========================================
 Stage 3 Layer 2 (options) injection
 model = ens7_bs2048_ep300_pat30_lr3.0e-04_wd1.0e-05_319409-3
 seed  = 44
==========================================
Model: ens7_bs2048_ep300_pat30_lr3.0e-04_wd1.0e-05_319409-3
Injection seed: 44
Output dir: /data/wiay/postgrads/shashwat/COMM_DATA/results/CALLIBRATION_S3_L2/ens7_bs2048_ep300_pat30_lr3.0e-04_wd1.0e-05_319409-3/inj_0044
Loaded 7 ensemble members from ens7_bs2048_ep300_pat30_lr3.0e-04_wd1.0e-05_319409-3: ['model_00', 'model_01', 'model_02', 'model_03', 'model_04', 'model_05', 'model_06']
{
  "kappa": {
    "true": 0.7005709974019708,
    "median": 2.5028346225837965,
    "ci_lo": 0.34508364433410843,
    "ci_hi": 4.749763470702771,
    "covered": true,
    "insertion_percentile": 0.11167002012072434
  },
  "sigma_chi": {
    "true": 0.19196219112502516,
    "median": 0.34077867470149403,
    "ci_lo": 0.07901850648996403,
    "ci_hi": 0.5761490484609637,
    "covered": true,
    "insertion_percentile": 0.2625754527162978
  },
  "sigma_xi": {
    "true": 0.1920197547373959,
    "median": 0.21961075667303873,
    "ci_lo": 0.06795325778570445,
    "ci_hi": 0.38196061378990653,
    "covered": true,
    "insertion_percentile": 0.40945674044265595
  },
  "rho": {
    "true": 0.8445311066599596,
    "median": -0.030034513985347455,
    "ci_lo": -0.8197400538277866,
    "ci_hi": 0.8075137982930746,
    "covered": false,
    "insertion_percentile": 0.9748490945674044
  }
}
Saved KDE posterior plot to /data/wiay/postgrads/shashwat/COMM_DATA/results/CALLIBRATION_S3_L2/ens7_bs2048_ep300_pat30_lr3.0e-04_wd1.0e-05_319409-3/inj_0044/posterior_kde.png
