==========================================
 Stage 3 Layer 2 (options) injection
 model = ens3_bs2048_ep300_pat30_lr3.0e-04_wd1.0e-05_319409-2
 seed  = 0
==========================================
Model: ens3_bs2048_ep300_pat30_lr3.0e-04_wd1.0e-05_319409-2
Injection seed: 0
Output dir: /data/wiay/postgrads/shashwat/COMM_DATA/results/CALLIBRATION_S3_L2/ens3_bs2048_ep300_pat30_lr3.0e-04_wd1.0e-05_319409-2/inj_0000
Loaded 3 ensemble members from ens3_bs2048_ep300_pat30_lr3.0e-04_wd1.0e-05_319409-2: ['model_00', 'model_01', 'model_02']
{
  "kappa": {
    "true": 3.2211122678751263,
    "median": 2.5711005184667974,
    "ci_lo": 0.35381336864581137,
    "ci_hi": 4.741557617156588,
    "covered": true,
    "insertion_percentile": 0.6183844011142061
  },
  "sigma_chi": {
    "true": 0.19838269257012864,
    "median": 0.32507483988486463,
    "ci_lo": 0.07765833712846254,
    "ci_hi": 0.5760778672666417,
    "covered": true,
    "insertion_percentile": 0.27019498607242337
  },
  "sigma_xi": {
    "true": 0.06434073337766814,
    "median": 0.23590227955710957,
    "ci_lo": 0.06853257639785922,
    "ci_hi": 0.3829243842213081,
    "covered": false,
    "insertion_percentile": 0.03714020427112349
  },
  "rho": {
    "true": -0.8702502560486477,
    "median": -0.013337903628990677,
    "ci_lo": -0.8133092895540325,
    "ci_hi": 0.8134973944515712,
    "covered": false,
    "insertion_percentile": 0.018570102135561744
  }
}
Saved KDE posterior plot to /data/wiay/postgrads/shashwat/COMM_DATA/results/CALLIBRATION_S3_L2/ens3_bs2048_ep300_pat30_lr3.0e-04_wd1.0e-05_319409-2/inj_0000/posterior_kde.png
