==========================================
 Stage 3 Layer 2 (options) injection
 model = ens5_bs1024_ep300_pat30_lr3.0e-04_wd1.0e-05_319409-4
 seed  = 54
==========================================
Model: ens5_bs1024_ep300_pat30_lr3.0e-04_wd1.0e-05_319409-4
Injection seed: 54
Output dir: /data/wiay/postgrads/shashwat/COMM_DATA/results/CALLIBRATION_S3_L2/ens5_bs1024_ep300_pat30_lr3.0e-04_wd1.0e-05_319409-4/inj_0054
Loaded 5 ensemble members from ens5_bs1024_ep300_pat30_lr3.0e-04_wd1.0e-05_319409-4: ['model_00', 'model_01', 'model_02', 'model_03', 'model_04']
{
  "kappa": {
    "true": 1.1900125688922862,
    "median": 2.639856205236839,
    "ci_lo": 0.40282882033483347,
    "ci_hi": 4.743572612166802,
    "covered": true,
    "insertion_percentile": 0.21037181996086105
  },
  "sigma_chi": {
    "true": 0.3352189839856245,
    "median": 0.3275040767633612,
    "ci_lo": 0.0800913849518516,
    "ci_hi": 0.5739774303104526,
    "covered": true,
    "insertion_percentile": 0.5097847358121331
  },
  "sigma_xi": {
    "true": 0.07787889018124339,
    "median": 0.21916056087663377,
    "ci_lo": 0.06930103720323352,
    "ci_hi": 0.38214543377993543,
    "covered": true,
    "insertion_percentile": 0.07925636007827788
  },
  "rho": {
    "true": 0.13939147757745085,
    "median": 0.0025034987448839807,
    "ci_lo": -0.8163587815891336,
    "ci_hi": 0.8049742075383506,
    "covered": true,
    "insertion_percentile": 0.5821917808219178
  }
}
Saved KDE posterior plot to /data/wiay/postgrads/shashwat/COMM_DATA/results/CALLIBRATION_S3_L2/ens5_bs1024_ep300_pat30_lr3.0e-04_wd1.0e-05_319409-4/inj_0054/posterior_kde.png
