==========================================
 Stage 3 Layer 2 (options) injection
 model = ens3_bs2048_ep300_pat30_lr3.0e-04_wd1.0e-05_319409-2
 seed  = 51
==========================================
Model: ens3_bs2048_ep300_pat30_lr3.0e-04_wd1.0e-05_319409-2
Injection seed: 51
Output dir: /data/wiay/postgrads/shashwat/COMM_DATA/results/CALLIBRATION_S3_L2/ens3_bs2048_ep300_pat30_lr3.0e-04_wd1.0e-05_319409-2/inj_0051
Loaded 3 ensemble members from ens3_bs2048_ep300_pat30_lr3.0e-04_wd1.0e-05_319409-2: ['model_00', 'model_01', 'model_02']
{
  "kappa": {
    "true": 4.717961861725042,
    "median": 2.6509308206714923,
    "ci_lo": 0.3647585840166261,
    "ci_hi": 4.787426097829307,
    "covered": true,
    "insertion_percentile": 0.9448818897637795
  },
  "sigma_chi": {
    "true": 0.21892609843380706,
    "median": 0.3190943401912556,
    "ci_lo": 0.0747890417362364,
    "ci_hi": 0.5719363459472288,
    "covered": true,
    "insertion_percentile": 0.32086614173228345
  },
  "sigma_xi": {
    "true": 0.1392173220450253,
    "median": 0.22427538226041463,
    "ci_lo": 0.06851148538351498,
    "ci_hi": 0.3829337383088083,
    "covered": true,
    "insertion_percentile": 0.24606299212598426
  },
  "rho": {
    "true": -0.49928665501760233,
    "median": 0.014241071068125055,
    "ci_lo": -0.7827984077106723,
    "ci_hi": 0.8027261830090496,
    "covered": true,
    "insertion_percentile": 0.2106299212598425
  }
}
Saved KDE posterior plot to /data/wiay/postgrads/shashwat/COMM_DATA/results/CALLIBRATION_S3_L2/ens3_bs2048_ep300_pat30_lr3.0e-04_wd1.0e-05_319409-2/inj_0051/posterior_kde.png
