==========================================
 Stage 3 Layer 2 (options) injection
 model = ens3_bs2048_ep300_pat30_lr3.0e-04_wd1.0e-05_319409-2
 seed  = 11
==========================================
Model: ens3_bs2048_ep300_pat30_lr3.0e-04_wd1.0e-05_319409-2
Injection seed: 11
Output dir: /data/wiay/postgrads/shashwat/COMM_DATA/results/CALLIBRATION_S3_L2/ens3_bs2048_ep300_pat30_lr3.0e-04_wd1.0e-05_319409-2/inj_0011
Loaded 3 ensemble members from ens3_bs2048_ep300_pat30_lr3.0e-04_wd1.0e-05_319409-2: ['model_00', 'model_01', 'model_02']
{
  "kappa": {
    "true": 0.7299939935690781,
    "median": 2.5154509395541074,
    "ci_lo": 0.3596166805014823,
    "ci_hi": 4.7504124086799315,
    "covered": true,
    "insertion_percentile": 0.1232876712328767
  },
  "sigma_chi": {
    "true": 0.32460282434206317,
    "median": 0.3192630997003903,
    "ci_lo": 0.07252839655648716,
    "ci_hi": 0.5699249268549146,
    "covered": true,
    "insertion_percentile": 0.5117416829745597
  },
  "sigma_xi": {
    "true": 0.26052442516817514,
    "median": 0.21954551211012363,
    "ci_lo": 0.06813807610281387,
    "ci_hi": 0.3831472628587251,
    "covered": true,
    "insertion_percentile": 0.6262230919765166
  },
  "rho": {
    "true": -0.8483597849304998,
    "median": -0.037156560905050096,
    "ci_lo": -0.8079165155202852,
    "ci_hi": 0.8215376993189412,
    "covered": false,
    "insertion_percentile": 0.03522504892367906
  }
}
Saved KDE posterior plot to /data/wiay/postgrads/shashwat/COMM_DATA/results/CALLIBRATION_S3_L2/ens3_bs2048_ep300_pat30_lr3.0e-04_wd1.0e-05_319409-2/inj_0011/posterior_kde.png
