==========================================
 Stage 3 Layer 2 (options) injection
 model = ens5_bs2048_ep300_pat30_lr1.0e-04_wd1.0e-05_319409-1
 seed  = 13
==========================================
Model: ens5_bs2048_ep300_pat30_lr1.0e-04_wd1.0e-05_319409-1
Injection seed: 13
Output dir: /data/wiay/postgrads/shashwat/COMM_DATA/results/CALLIBRATION_S3_L2/ens5_bs2048_ep300_pat30_lr1.0e-04_wd1.0e-05_319409-1/inj_0013
Loaded 5 ensemble members from ens5_bs2048_ep300_pat30_lr1.0e-04_wd1.0e-05_319409-1: ['model_00', 'model_01', 'model_02', 'model_03', 'model_04']
{
  "kappa": {
    "true": 4.337508176381274,
    "median": 2.409707569492653,
    "ci_lo": 0.3304887072930896,
    "ci_hi": 4.748910122473822,
    "covered": true,
    "insertion_percentile": 0.8691148775894538
  },
  "sigma_chi": {
    "true": 0.5204163832126324,
    "median": 0.32044916688145053,
    "ci_lo": 0.07824172387828214,
    "ci_hi": 0.5734883858527993,
    "covered": true,
    "insertion_percentile": 0.8728813559322034
  },
  "sigma_xi": {
    "true": 0.3338581895745198,
    "median": 0.21899655683019337,
    "ci_lo": 0.06699237746835912,
    "ci_hi": 0.3882271740858097,
    "covered": true,
    "insertion_percentile": 0.7984934086629002
  },
  "rho": {
    "true": -0.42939654945034217,
    "median": -0.02103359700619989,
    "ci_lo": -0.7992097930110122,
    "ci_hi": 0.8103074782688399,
    "covered": true,
    "insertion_percentile": 0.2617702448210923
  }
}
Saved KDE posterior plot to /data/wiay/postgrads/shashwat/COMM_DATA/results/CALLIBRATION_S3_L2/ens5_bs2048_ep300_pat30_lr1.0e-04_wd1.0e-05_319409-1/inj_0013/posterior_kde.png
