==========================================
 Stage 3 Layer 2 (options) injection
 model = ens3_bs2048_ep300_pat30_lr3.0e-04_wd1.0e-05_319409-2
 seed  = 16
==========================================
Model: ens3_bs2048_ep300_pat30_lr3.0e-04_wd1.0e-05_319409-2
Injection seed: 16
Output dir: /data/wiay/postgrads/shashwat/COMM_DATA/results/CALLIBRATION_S3_L2/ens3_bs2048_ep300_pat30_lr3.0e-04_wd1.0e-05_319409-2/inj_0016
Loaded 3 ensemble members from ens3_bs2048_ep300_pat30_lr3.0e-04_wd1.0e-05_319409-2: ['model_00', 'model_01', 'model_02']
{
  "kappa": {
    "true": 2.877892510508889,
    "median": 2.5594019067283345,
    "ci_lo": 0.381350267147418,
    "ci_hi": 4.783318153286239,
    "covered": true,
    "insertion_percentile": 0.58203125
  },
  "sigma_chi": {
    "true": 0.28690928001960203,
    "median": 0.32896981227714683,
    "ci_lo": 0.08445448005200376,
    "ci_hi": 0.568797117971729,
    "covered": true,
    "insertion_percentile": 0.427734375
  },
  "sigma_xi": {
    "true": 0.0829258389115336,
    "median": 0.22328800285844,
    "ci_lo": 0.06590865335412183,
    "ci_hi": 0.38009045925281376,
    "covered": true,
    "insertion_percentile": 0.09765625
  },
  "rho": {
    "true": -0.2734568092152081,
    "median": 0.0266816974620952,
    "ci_lo": -0.7870886020494757,
    "ci_hi": 0.8300051322579077,
    "covered": true,
    "insertion_percentile": 0.3330078125
  }
}
Saved KDE posterior plot to /data/wiay/postgrads/shashwat/COMM_DATA/results/CALLIBRATION_S3_L2/ens3_bs2048_ep300_pat30_lr3.0e-04_wd1.0e-05_319409-2/inj_0016/posterior_kde.png
