==========================================
 Stage 3 Layer 2 (options) injection
 model = ens5_bs2048_ep300_pat30_lr3.0e-04_wd1.0e-05_319409-0
 seed  = 43
==========================================
Model: ens5_bs2048_ep300_pat30_lr3.0e-04_wd1.0e-05_319409-0
Injection seed: 43
Output dir: /data/wiay/postgrads/shashwat/COMM_DATA/results/CALLIBRATION_S3_L2/ens5_bs2048_ep300_pat30_lr3.0e-04_wd1.0e-05_319409-0/inj_0043
Loaded 5 ensemble members from ens5_bs2048_ep300_pat30_lr3.0e-04_wd1.0e-05_319409-0: ['model_00', 'model_01', 'model_02', 'model_03', 'model_04']
{
  "kappa": {
    "true": 3.2962663872344624,
    "median": 2.5743226416861695,
    "ci_lo": 0.3484752837977778,
    "ci_hi": 4.769024592152884,
    "covered": true,
    "insertion_percentile": 0.6383177570093458
  },
  "sigma_chi": {
    "true": 0.07407642800144813,
    "median": 0.3258572741822796,
    "ci_lo": 0.07298365331749132,
    "ci_hi": 0.5709678912806292,
    "covered": true,
    "insertion_percentile": 0.0514018691588785
  },
  "sigma_xi": {
    "true": 0.057010355405975904,
    "median": 0.23066116595578995,
    "ci_lo": 0.06923948428242187,
    "ci_hi": 0.3833455096327906,
    "covered": false,
    "insertion_percentile": 0.02336448598130841
  },
  "rho": {
    "true": 0.6105826485198541,
    "median": 0.06081670625247315,
    "ci_lo": -0.8047547042356513,
    "ci_hi": 0.799345300770447,
    "covered": true,
    "insertion_percentile": 0.8392523364485981
  }
}
Saved KDE posterior plot to /data/wiay/postgrads/shashwat/COMM_DATA/results/CALLIBRATION_S3_L2/ens5_bs2048_ep300_pat30_lr3.0e-04_wd1.0e-05_319409-0/inj_0043/posterior_kde.png
