==========================================
 Stage 3 Layer 2 (options) injection
 model = ens3_bs2048_ep300_pat30_lr3.0e-04_wd1.0e-05_319409-2
 seed  = 54
==========================================
Model: ens3_bs2048_ep300_pat30_lr3.0e-04_wd1.0e-05_319409-2
Injection seed: 54
Output dir: /data/wiay/postgrads/shashwat/COMM_DATA/results/CALLIBRATION_S3_L2/ens3_bs2048_ep300_pat30_lr3.0e-04_wd1.0e-05_319409-2/inj_0054
Loaded 3 ensemble members from ens3_bs2048_ep300_pat30_lr3.0e-04_wd1.0e-05_319409-2: ['model_00', 'model_01', 'model_02']
{
  "kappa": {
    "true": 1.1900125688922862,
    "median": 2.5901208658154333,
    "ci_lo": 0.38276804568328576,
    "ci_hi": 4.748217023901309,
    "covered": true,
    "insertion_percentile": 0.2195589645254075
  },
  "sigma_chi": {
    "true": 0.3352189839856245,
    "median": 0.32128367212359693,
    "ci_lo": 0.07934704923333939,
    "ci_hi": 0.5659355789790472,
    "covered": true,
    "insertion_percentile": 0.5369127516778524
  },
  "sigma_xi": {
    "true": 0.07787889018124339,
    "median": 0.22056947811696992,
    "ci_lo": 0.06845754562215796,
    "ci_hi": 0.37882447458168234,
    "covered": true,
    "insertion_percentile": 0.08245445829338446
  },
  "rho": {
    "true": 0.13939147757745085,
    "median": 0.007695431036316869,
    "ci_lo": -0.8134783279074835,
    "ci_hi": 0.8171377270327117,
    "covered": true,
    "insertion_percentile": 0.576222435282838
  }
}
Saved KDE posterior plot to /data/wiay/postgrads/shashwat/COMM_DATA/results/CALLIBRATION_S3_L2/ens3_bs2048_ep300_pat30_lr3.0e-04_wd1.0e-05_319409-2/inj_0054/posterior_kde.png
