==========================================
 Stage 3 Layer 2 (options) injection
 model = ens7_bs2048_ep300_pat30_lr3.0e-04_wd1.0e-05_319409-3
 seed  = 68
==========================================
Model: ens7_bs2048_ep300_pat30_lr3.0e-04_wd1.0e-05_319409-3
Injection seed: 68
Output dir: /data/wiay/postgrads/shashwat/COMM_DATA/results/CALLIBRATION_S3_L2/ens7_bs2048_ep300_pat30_lr3.0e-04_wd1.0e-05_319409-3/inj_0068
Loaded 7 ensemble members from ens7_bs2048_ep300_pat30_lr3.0e-04_wd1.0e-05_319409-3: ['model_00', 'model_01', 'model_02', 'model_03', 'model_04', 'model_05', 'model_06']
{
  "kappa": {
    "true": 2.4733969517481755,
    "median": 2.59177002013679,
    "ci_lo": 0.3927157798664336,
    "ci_hi": 4.758907446443656,
    "covered": true,
    "insertion_percentile": 0.4622093023255814
  },
  "sigma_chi": {
    "true": 0.5165794510041971,
    "median": 0.33258932514502243,
    "ci_lo": 0.07807611004467677,
    "ci_hi": 0.5730019601109877,
    "covered": true,
    "insertion_percentile": 0.8420542635658915
  },
  "sigma_xi": {
    "true": 0.285732795194833,
    "median": 0.2338052960243456,
    "ci_lo": 0.06623156530695011,
    "ci_hi": 0.38871164983487194,
    "covered": true,
    "insertion_percentile": 0.6511627906976745
  },
  "rho": {
    "true": 0.22723339367836914,
    "median": -0.021916275570972255,
    "ci_lo": -0.8167139302434601,
    "ci_hi": 0.8054495390225149,
    "covered": true,
    "insertion_percentile": 0.6521317829457365
  }
}
Saved KDE posterior plot to /data/wiay/postgrads/shashwat/COMM_DATA/results/CALLIBRATION_S3_L2/ens7_bs2048_ep300_pat30_lr3.0e-04_wd1.0e-05_319409-3/inj_0068/posterior_kde.png
