==========================================
 Stage 3 Layer 2 (options) injection
 model = ens7_bs2048_ep300_pat30_lr3.0e-04_wd1.0e-05_319409-3
 seed  = 23
==========================================
Model: ens7_bs2048_ep300_pat30_lr3.0e-04_wd1.0e-05_319409-3
Injection seed: 23
Output dir: /data/wiay/postgrads/shashwat/COMM_DATA/results/CALLIBRATION_S3_L2/ens7_bs2048_ep300_pat30_lr3.0e-04_wd1.0e-05_319409-3/inj_0023
Loaded 7 ensemble members from ens7_bs2048_ep300_pat30_lr3.0e-04_wd1.0e-05_319409-3: ['model_00', 'model_01', 'model_02', 'model_03', 'model_04', 'model_05', 'model_06']
{
  "kappa": {
    "true": 3.500272095221085,
    "median": 2.411055769688811,
    "ci_lo": 0.33055121680325383,
    "ci_hi": 4.755445918738653,
    "covered": true,
    "insertion_percentile": 0.714975845410628
  },
  "sigma_chi": {
    "true": 0.40280202148302674,
    "median": 0.32100481050009355,
    "ci_lo": 0.06955240761594222,
    "ci_hi": 0.5728283649047424,
    "covered": true,
    "insertion_percentile": 0.6376811594202898
  },
  "sigma_xi": {
    "true": 0.09502547851117268,
    "median": 0.2209757336223942,
    "ci_lo": 0.0758314872737951,
    "ci_hi": 0.38413746929641684,
    "covered": true,
    "insertion_percentile": 0.1111111111111111
  },
  "rho": {
    "true": -0.6953255097636072,
    "median": 0.02692071992610945,
    "ci_lo": -0.8046152876203362,
    "ci_hi": 0.8175063946838834,
    "covered": true,
    "insertion_percentile": 0.10821256038647344
  }
}
Saved KDE posterior plot to /data/wiay/postgrads/shashwat/COMM_DATA/results/CALLIBRATION_S3_L2/ens7_bs2048_ep300_pat30_lr3.0e-04_wd1.0e-05_319409-3/inj_0023/posterior_kde.png
