==========================================
 Stage 3 Layer 2 (options) injection
 model = ens5_bs1024_ep300_pat30_lr3.0e-04_wd1.0e-05_319409-4
 seed  = 15
==========================================
Model: ens5_bs1024_ep300_pat30_lr3.0e-04_wd1.0e-05_319409-4
Injection seed: 15
Output dir: /data/wiay/postgrads/shashwat/COMM_DATA/results/CALLIBRATION_S3_L2/ens5_bs1024_ep300_pat30_lr3.0e-04_wd1.0e-05_319409-4/inj_0015
Loaded 5 ensemble members from ens5_bs1024_ep300_pat30_lr3.0e-04_wd1.0e-05_319409-4: ['model_00', 'model_01', 'model_02', 'model_03', 'model_04']
{
  "kappa": {
    "true": 3.494442503029247,
    "median": 2.531173327054713,
    "ci_lo": 0.30564044866373546,
    "ci_hi": 4.783731042945707,
    "covered": true,
    "insertion_percentile": 0.6861804222648752
  },
  "sigma_chi": {
    "true": 0.4986994112348316,
    "median": 0.32761056746203765,
    "ci_lo": 0.07139520977613796,
    "ci_hi": 0.5776033120886057,
    "covered": true,
    "insertion_percentile": 0.8023032629558541
  },
  "sigma_xi": {
    "true": 0.17054236522749985,
    "median": 0.2261356356152306,
    "ci_lo": 0.0683422343361295,
    "ci_hi": 0.3860912624460289,
    "covered": true,
    "insertion_percentile": 0.33397312859884837
  },
  "rho": {
    "true": -0.8192912837572461,
    "median": -0.03066248397498811,
    "ci_lo": -0.804733416434888,
    "ci_hi": 0.7997946856838917,
    "covered": false,
    "insertion_percentile": 0.04318618042226487
  }
}
Saved KDE posterior plot to /data/wiay/postgrads/shashwat/COMM_DATA/results/CALLIBRATION_S3_L2/ens5_bs1024_ep300_pat30_lr3.0e-04_wd1.0e-05_319409-4/inj_0015/posterior_kde.png
