==========================================
 Stage 3 Layer 2 (options) injection
 model = ens5_bs2048_ep300_pat30_lr3.0e-04_wd1.0e-05_319409-0
 seed  = 68
==========================================
Model: ens5_bs2048_ep300_pat30_lr3.0e-04_wd1.0e-05_319409-0
Injection seed: 68
Output dir: /data/wiay/postgrads/shashwat/COMM_DATA/results/CALLIBRATION_S3_L2/ens5_bs2048_ep300_pat30_lr3.0e-04_wd1.0e-05_319409-0/inj_0068
Loaded 5 ensemble members from ens5_bs2048_ep300_pat30_lr3.0e-04_wd1.0e-05_319409-0: ['model_00', 'model_01', 'model_02', 'model_03', 'model_04']
{
  "kappa": {
    "true": 2.4733969517481755,
    "median": 2.494622588217063,
    "ci_lo": 0.3926376753398079,
    "ci_hi": 4.821479060418123,
    "covered": true,
    "insertion_percentile": 0.49369544131910764
  },
  "sigma_chi": {
    "true": 0.5165794510041971,
    "median": 0.3367162822221787,
    "ci_lo": 0.07561883635715493,
    "ci_hi": 0.5732069195962124,
    "covered": true,
    "insertion_percentile": 0.8467507274490785
  },
  "sigma_xi": {
    "true": 0.285732795194833,
    "median": 0.23582873448990338,
    "ci_lo": 0.0697300873383494,
    "ci_hi": 0.3842604112204716,
    "covered": true,
    "insertion_percentile": 0.6527643064985451
  },
  "rho": {
    "true": 0.22723339367836914,
    "median": 0.003808774088196465,
    "ci_lo": -0.7859788995209372,
    "ci_hi": 0.8056154380616614,
    "covered": true,
    "insertion_percentile": 0.6362754607177498
  }
}
Saved KDE posterior plot to /data/wiay/postgrads/shashwat/COMM_DATA/results/CALLIBRATION_S3_L2/ens5_bs2048_ep300_pat30_lr3.0e-04_wd1.0e-05_319409-0/inj_0068/posterior_kde.png
