==========================================
 Stage 3 Layer 2 (options) injection
 model = ens5_bs1024_ep300_pat30_lr3.0e-04_wd1.0e-05_319409-4
 seed  = 44
==========================================
Model: ens5_bs1024_ep300_pat30_lr3.0e-04_wd1.0e-05_319409-4
Injection seed: 44
Output dir: /data/wiay/postgrads/shashwat/COMM_DATA/results/CALLIBRATION_S3_L2/ens5_bs1024_ep300_pat30_lr3.0e-04_wd1.0e-05_319409-4/inj_0044
Loaded 5 ensemble members from ens5_bs1024_ep300_pat30_lr3.0e-04_wd1.0e-05_319409-4: ['model_00', 'model_01', 'model_02', 'model_03', 'model_04']
{
  "kappa": {
    "true": 0.7005709974019708,
    "median": 2.498374502167602,
    "ci_lo": 0.3876501427576467,
    "ci_hi": 4.826878176383195,
    "covered": true,
    "insertion_percentile": 0.11133400200601805
  },
  "sigma_chi": {
    "true": 0.19196219112502516,
    "median": 0.3253278285818277,
    "ci_lo": 0.0789836167485469,
    "ci_hi": 0.5719959460513674,
    "covered": true,
    "insertion_percentile": 0.2708124373119358
  },
  "sigma_xi": {
    "true": 0.1920197547373959,
    "median": 0.2185903332638673,
    "ci_lo": 0.0694269554086983,
    "ci_hi": 0.37986912160109526,
    "covered": true,
    "insertion_percentile": 0.4312938816449348
  },
  "rho": {
    "true": 0.8445311066599596,
    "median": -0.005932741858292845,
    "ci_lo": -0.8138756611435968,
    "ci_hi": 0.7953639227562332,
    "covered": false,
    "insertion_percentile": 0.9699097291875627
  }
}
Saved KDE posterior plot to /data/wiay/postgrads/shashwat/COMM_DATA/results/CALLIBRATION_S3_L2/ens5_bs1024_ep300_pat30_lr3.0e-04_wd1.0e-05_319409-4/inj_0044/posterior_kde.png
