==========================================
 Stage 3 Layer 2 (options) injection
 model = ens3_bs2048_ep300_pat30_lr3.0e-04_wd1.0e-05_319409-2
 seed  = 39
==========================================
Model: ens3_bs2048_ep300_pat30_lr3.0e-04_wd1.0e-05_319409-2
Injection seed: 39
Output dir: /data/wiay/postgrads/shashwat/COMM_DATA/results/CALLIBRATION_S3_L2/ens3_bs2048_ep300_pat30_lr3.0e-04_wd1.0e-05_319409-2/inj_0039
Loaded 3 ensemble members from ens3_bs2048_ep300_pat30_lr3.0e-04_wd1.0e-05_319409-2: ['model_00', 'model_01', 'model_02']
{
  "kappa": {
    "true": 2.5583885900419,
    "median": 2.4449420168912197,
    "ci_lo": 0.3995949256478886,
    "ci_hi": 4.782650417156808,
    "covered": true,
    "insertion_percentile": 0.5304022450888681
  },
  "sigma_chi": {
    "true": 0.3466344734135687,
    "median": 0.31957612051853446,
    "ci_lo": 0.07760496579460148,
    "ci_hi": 0.5701521028857254,
    "covered": true,
    "insertion_percentile": 0.5425631431244153
  },
  "sigma_xi": {
    "true": 0.09755597068435096,
    "median": 0.2124653278571384,
    "ci_lo": 0.06786040716907665,
    "ci_hi": 0.38304878132116726,
    "covered": true,
    "insertion_percentile": 0.12722170252572498
  },
  "rho": {
    "true": -0.34850417684101376,
    "median": -0.00468946924910274,
    "ci_lo": -0.811140283272291,
    "ci_hi": 0.79468293871409,
    "covered": true,
    "insertion_percentile": 0.29560336763330214
  }
}
Saved KDE posterior plot to /data/wiay/postgrads/shashwat/COMM_DATA/results/CALLIBRATION_S3_L2/ens3_bs2048_ep300_pat30_lr3.0e-04_wd1.0e-05_319409-2/inj_0039/posterior_kde.png
