==========================================
 Stage 3 Layer 2 (options) injection
 model = ens5_bs2048_ep300_pat30_lr3.0e-04_wd1.0e-05_319409-0
 seed  = 63
==========================================
Model: ens5_bs2048_ep300_pat30_lr3.0e-04_wd1.0e-05_319409-0
Injection seed: 63
Output dir: /data/wiay/postgrads/shashwat/COMM_DATA/results/CALLIBRATION_S3_L2/ens5_bs2048_ep300_pat30_lr3.0e-04_wd1.0e-05_319409-0/inj_0063
Loaded 5 ensemble members from ens5_bs2048_ep300_pat30_lr3.0e-04_wd1.0e-05_319409-0: ['model_00', 'model_01', 'model_02', 'model_03', 'model_04']
{
  "kappa": {
    "true": 2.8443889222882817,
    "median": 2.6081579602157006,
    "ci_lo": 0.2667320229242281,
    "ci_hi": 4.765312156647985,
    "covered": true,
    "insertion_percentile": 0.5560975609756098
  },
  "sigma_chi": {
    "true": 0.595742377872793,
    "median": 0.3304618042137676,
    "ci_lo": 0.07923619498205627,
    "ci_hi": 0.567386620026904,
    "covered": false,
    "insertion_percentile": 0.9941463414634146
  },
  "sigma_xi": {
    "true": 0.11884058172013279,
    "median": 0.22931408261323116,
    "ci_lo": 0.07129624239525396,
    "ci_hi": 0.3814158042634587,
    "covered": true,
    "insertion_percentile": 0.17170731707317075
  },
  "rho": {
    "true": 0.009517702000710004,
    "median": -0.018604022248212004,
    "ci_lo": -0.8141991689934698,
    "ci_hi": 0.7947194646662872,
    "covered": true,
    "insertion_percentile": 0.5121951219512195
  }
}
Saved KDE posterior plot to /data/wiay/postgrads/shashwat/COMM_DATA/results/CALLIBRATION_S3_L2/ens5_bs2048_ep300_pat30_lr3.0e-04_wd1.0e-05_319409-0/inj_0063/posterior_kde.png
