==========================================
 Stage 3 Layer 2 (options) injection
 model = ens5_bs2048_ep300_pat30_lr3.0e-04_wd1.0e-05_319409-0
 seed  = 7
==========================================
Model: ens5_bs2048_ep300_pat30_lr3.0e-04_wd1.0e-05_319409-0
Injection seed: 7
Output dir: /data/wiay/postgrads/shashwat/COMM_DATA/results/CALLIBRATION_S3_L2/ens5_bs2048_ep300_pat30_lr3.0e-04_wd1.0e-05_319409-0/inj_0007
Loaded 5 ensemble members from ens5_bs2048_ep300_pat30_lr3.0e-04_wd1.0e-05_319409-0: ['model_00', 'model_01', 'model_02', 'model_03', 'model_04']
{
  "kappa": {
    "true": 3.1629677863628687,
    "median": 2.574321147614693,
    "ci_lo": 0.323518125045415,
    "ci_hi": 4.76680468304529,
    "covered": true,
    "insertion_percentile": 0.6156716417910447
  },
  "sigma_chi": {
    "true": 0.5434675905332664,
    "median": 0.3378538651429672,
    "ci_lo": 0.08163219518810072,
    "ci_hi": 0.5736592981007311,
    "covered": true,
    "insertion_percentile": 0.8880597014925373
  },
  "sigma_xi": {
    "true": 0.32148999158581776,
    "median": 0.22811537006252589,
    "ci_lo": 0.06550297340173963,
    "ci_hi": 0.3825610227532559,
    "covered": true,
    "insertion_percentile": 0.7761194029850746
  },
  "rho": {
    "true": -0.4946270580169347,
    "median": -0.01809205816587023,
    "ci_lo": -0.8229260210675872,
    "ci_hi": 0.7924507949112694,
    "covered": true,
    "insertion_percentile": 0.251865671641791
  }
}
Saved KDE posterior plot to /data/wiay/postgrads/shashwat/COMM_DATA/results/CALLIBRATION_S3_L2/ens5_bs2048_ep300_pat30_lr3.0e-04_wd1.0e-05_319409-0/inj_0007/posterior_kde.png
