==========================================
 Stage 3 Layer 2 (options) injection
 model = ens7_bs2048_ep300_pat30_lr3.0e-04_wd1.0e-05_319409-3
 seed  = 38
==========================================
Model: ens7_bs2048_ep300_pat30_lr3.0e-04_wd1.0e-05_319409-3
Injection seed: 38
Output dir: /data/wiay/postgrads/shashwat/COMM_DATA/results/CALLIBRATION_S3_L2/ens7_bs2048_ep300_pat30_lr3.0e-04_wd1.0e-05_319409-3/inj_0038
Loaded 7 ensemble members from ens7_bs2048_ep300_pat30_lr3.0e-04_wd1.0e-05_319409-3: ['model_00', 'model_01', 'model_02', 'model_03', 'model_04', 'model_05', 'model_06']
{
  "kappa": {
    "true": 2.4802291197055513,
    "median": 2.4679452298428464,
    "ci_lo": 0.3281932169192344,
    "ci_hi": 4.744497572830339,
    "covered": true,
    "insertion_percentile": 0.5057803468208093
  },
  "sigma_chi": {
    "true": 0.18735472248579266,
    "median": 0.3285148234484113,
    "ci_lo": 0.08364882768157422,
    "ci_hi": 0.5679631307655327,
    "covered": true,
    "insertion_percentile": 0.24855491329479767
  },
  "sigma_xi": {
    "true": 0.3021334082438853,
    "median": 0.22159039208659295,
    "ci_lo": 0.07012479148723058,
    "ci_hi": 0.3832017784455225,
    "covered": true,
    "insertion_percentile": 0.7071290944123314
  },
  "rho": {
    "true": 0.24230521127134896,
    "median": -0.014943502572983935,
    "ci_lo": -0.7986845244533225,
    "ci_hi": 0.8232700225956255,
    "covered": true,
    "insertion_percentile": 0.6445086705202312
  }
}
Saved KDE posterior plot to /data/wiay/postgrads/shashwat/COMM_DATA/results/CALLIBRATION_S3_L2/ens7_bs2048_ep300_pat30_lr3.0e-04_wd1.0e-05_319409-3/inj_0038/posterior_kde.png
