==========================================
 Stage 3 Layer 2 (options) injection
 model = ens5_bs2048_ep300_pat30_lr1.0e-04_wd1.0e-05_319409-1
 seed  = 33
==========================================
Model: ens5_bs2048_ep300_pat30_lr1.0e-04_wd1.0e-05_319409-1
Injection seed: 33
Output dir: /data/wiay/postgrads/shashwat/COMM_DATA/results/CALLIBRATION_S3_L2/ens5_bs2048_ep300_pat30_lr1.0e-04_wd1.0e-05_319409-1/inj_0033
Loaded 5 ensemble members from ens5_bs2048_ep300_pat30_lr1.0e-04_wd1.0e-05_319409-1: ['model_00', 'model_01', 'model_02', 'model_03', 'model_04']
{
  "kappa": {
    "true": 2.2738469611170693,
    "median": 2.6033568438910906,
    "ci_lo": 0.3810565837784149,
    "ci_hi": 4.72510345679238,
    "covered": true,
    "insertion_percentile": 0.4470588235294118
  },
  "sigma_chi": {
    "true": 0.362670155558506,
    "median": 0.3260272604653178,
    "ci_lo": 0.08039446485655688,
    "ci_hi": 0.57561744396594,
    "covered": true,
    "insertion_percentile": 0.5666666666666667
  },
  "sigma_xi": {
    "true": 0.3678363212362869,
    "median": 0.22598095744461177,
    "ci_lo": 0.06786325450658025,
    "ci_hi": 0.3820957147637287,
    "covered": true,
    "insertion_percentile": 0.9127450980392157
  },
  "rho": {
    "true": -0.44235080370215646,
    "median": -0.02057485140756432,
    "ci_lo": -0.8026043138621831,
    "ci_hi": 0.8056094231976711,
    "covered": true,
    "insertion_percentile": 0.25980392156862747
  }
}
Saved KDE posterior plot to /data/wiay/postgrads/shashwat/COMM_DATA/results/CALLIBRATION_S3_L2/ens5_bs2048_ep300_pat30_lr1.0e-04_wd1.0e-05_319409-1/inj_0033/posterior_kde.png
