==========================================
 Stage 3 Layer 2 (options) injection
 model = ens5_bs2048_ep300_pat30_lr3.0e-04_wd1.0e-05_319409-0
 seed  = 15
==========================================
Model: ens5_bs2048_ep300_pat30_lr3.0e-04_wd1.0e-05_319409-0
Injection seed: 15
Output dir: /data/wiay/postgrads/shashwat/COMM_DATA/results/CALLIBRATION_S3_L2/ens5_bs2048_ep300_pat30_lr3.0e-04_wd1.0e-05_319409-0/inj_0015
Loaded 5 ensemble members from ens5_bs2048_ep300_pat30_lr3.0e-04_wd1.0e-05_319409-0: ['model_00', 'model_01', 'model_02', 'model_03', 'model_04']
{
  "kappa": {
    "true": 3.494442503029247,
    "median": 2.547648053724637,
    "ci_lo": 0.286768870587561,
    "ci_hi": 4.805450726079622,
    "covered": true,
    "insertion_percentile": 0.6988527724665392
  },
  "sigma_chi": {
    "true": 0.4986994112348316,
    "median": 0.33918452316653913,
    "ci_lo": 0.07545404759355051,
    "ci_hi": 0.5753188327862506,
    "covered": true,
    "insertion_percentile": 0.8030592734225621
  },
  "sigma_xi": {
    "true": 0.17054236522749985,
    "median": 0.2264767897364888,
    "ci_lo": 0.0661700238288942,
    "ci_hi": 0.38543499409829995,
    "covered": true,
    "insertion_percentile": 0.3260038240917782
  },
  "rho": {
    "true": -0.8192912837572461,
    "median": 0.029027268069002743,
    "ci_lo": -0.7936814623543212,
    "ci_hi": 0.8080099331157553,
    "covered": false,
    "insertion_percentile": 0.036328871892925434
  }
}
Saved KDE posterior plot to /data/wiay/postgrads/shashwat/COMM_DATA/results/CALLIBRATION_S3_L2/ens5_bs2048_ep300_pat30_lr3.0e-04_wd1.0e-05_319409-0/inj_0015/posterior_kde.png
