==========================================
 Stage 3 Layer 2 (options) injection
 model = ens5_bs1024_ep300_pat30_lr3.0e-04_wd1.0e-05_319409-4
 seed  = 50
==========================================
Model: ens5_bs1024_ep300_pat30_lr3.0e-04_wd1.0e-05_319409-4
Injection seed: 50
Output dir: /data/wiay/postgrads/shashwat/COMM_DATA/results/CALLIBRATION_S3_L2/ens5_bs1024_ep300_pat30_lr3.0e-04_wd1.0e-05_319409-4/inj_0050
Loaded 5 ensemble members from ens5_bs1024_ep300_pat30_lr3.0e-04_wd1.0e-05_319409-4: ['model_00', 'model_01', 'model_02', 'model_03', 'model_04']
{
  "kappa": {
    "true": 3.9583711902444563,
    "median": 2.5880082977875762,
    "ci_lo": 0.3680759728311881,
    "ci_hi": 4.770247514156961,
    "covered": true,
    "insertion_percentile": 0.793743890518084
  },
  "sigma_chi": {
    "true": 0.5085181340209703,
    "median": 0.3365346087320859,
    "ci_lo": 0.07801378104568865,
    "ci_hi": 0.5783945658939282,
    "covered": true,
    "insertion_percentile": 0.8299120234604106
  },
  "sigma_xi": {
    "true": 0.24176656106447875,
    "median": 0.23230603397136068,
    "ci_lo": 0.06297072349793283,
    "ci_hi": 0.3832446149132066,
    "covered": true,
    "insertion_percentile": 0.5259042033235581
  },
  "rho": {
    "true": 0.8522083730522031,
    "median": 0.040502749024878715,
    "ci_lo": -0.7885294184235822,
    "ci_hi": 0.8144397036337344,
    "covered": false,
    "insertion_percentile": 0.9755620723362659
  }
}
Saved KDE posterior plot to /data/wiay/postgrads/shashwat/COMM_DATA/results/CALLIBRATION_S3_L2/ens5_bs1024_ep300_pat30_lr3.0e-04_wd1.0e-05_319409-4/inj_0050/posterior_kde.png
