==========================================
 Stage 3 Layer 2 (options) injection
 model = ens5_bs1024_ep300_pat30_lr3.0e-04_wd1.0e-05_319409-4
 seed  = 26
==========================================
Model: ens5_bs1024_ep300_pat30_lr3.0e-04_wd1.0e-05_319409-4
Injection seed: 26
Output dir: /data/wiay/postgrads/shashwat/COMM_DATA/results/CALLIBRATION_S3_L2/ens5_bs1024_ep300_pat30_lr3.0e-04_wd1.0e-05_319409-4/inj_0026
Loaded 5 ensemble members from ens5_bs1024_ep300_pat30_lr3.0e-04_wd1.0e-05_319409-4: ['model_00', 'model_01', 'model_02', 'model_03', 'model_04']
{
  "kappa": {
    "true": 2.5088346962640324,
    "median": 2.460763205944879,
    "ci_lo": 0.3108344616465263,
    "ci_hi": 4.717062776080111,
    "covered": true,
    "insertion_percentile": 0.5124282982791587
  },
  "sigma_chi": {
    "true": 0.1789197381713541,
    "median": 0.31510214816830506,
    "ci_lo": 0.08078164041795359,
    "ci_hi": 0.5756617548401399,
    "covered": true,
    "insertion_percentile": 0.24665391969407266
  },
  "sigma_xi": {
    "true": 0.07366271536731414,
    "median": 0.2280140762705275,
    "ci_lo": 0.07182690158682503,
    "ci_hi": 0.38538188036581256,
    "covered": true,
    "insertion_percentile": 0.05927342256214149
  },
  "rho": {
    "true": 0.38314476698780464,
    "median": 0.04251327013968187,
    "ci_lo": -0.8153441700402938,
    "ci_hi": 0.8135862572260808,
    "covered": true,
    "insertion_percentile": 0.7122370936902486
  }
}
Saved KDE posterior plot to /data/wiay/postgrads/shashwat/COMM_DATA/results/CALLIBRATION_S3_L2/ens5_bs1024_ep300_pat30_lr3.0e-04_wd1.0e-05_319409-4/inj_0026/posterior_kde.png
