==========================================
 Stage 3 Layer 2 (options) injection
 model = ens5_bs2048_ep300_pat30_lr3.0e-04_wd1.0e-04_319409-5
 seed  = 64
==========================================
Model: ens5_bs2048_ep300_pat30_lr3.0e-04_wd1.0e-04_319409-5
Injection seed: 64
Output dir: /data/wiay/postgrads/shashwat/COMM_DATA/results/CALLIBRATION_S3_L2/ens5_bs2048_ep300_pat30_lr3.0e-04_wd1.0e-04_319409-5/inj_0064
Loaded 5 ensemble members from ens5_bs2048_ep300_pat30_lr3.0e-04_wd1.0e-04_319409-5: ['model_00', 'model_01', 'model_02', 'model_03', 'model_04']
{
  "kappa": {
    "true": 4.7231179184279775,
    "median": 2.497670632343599,
    "ci_lo": 0.30364672728020836,
    "ci_hi": 4.72930545624649,
    "covered": true,
    "insertion_percentile": 0.9471698113207547
  },
  "sigma_chi": {
    "true": 0.33783679602740846,
    "median": 0.33044227090939593,
    "ci_lo": 0.0743096178767462,
    "ci_hi": 0.5686637530310882,
    "covered": true,
    "insertion_percentile": 0.5122641509433963
  },
  "sigma_xi": {
    "true": 0.0729988281001654,
    "median": 0.22740029493157743,
    "ci_lo": 0.06685827346924346,
    "ci_hi": 0.37910068123906165,
    "covered": true,
    "insertion_percentile": 0.06792452830188679
  },
  "rho": {
    "true": -0.3265941993189321,
    "median": 0.005572356708473503,
    "ci_lo": -0.805080231911387,
    "ci_hi": 0.7960813152934246,
    "covered": true,
    "insertion_percentile": 0.30566037735849055
  }
}
Saved KDE posterior plot to /data/wiay/postgrads/shashwat/COMM_DATA/results/CALLIBRATION_S3_L2/ens5_bs2048_ep300_pat30_lr3.0e-04_wd1.0e-04_319409-5/inj_0064/posterior_kde.png
