==========================================
 Stage 3 Layer 2 (options) injection
 model = ens7_bs2048_ep300_pat30_lr3.0e-04_wd1.0e-05_319409-3
 seed  = 33
==========================================
Model: ens7_bs2048_ep300_pat30_lr3.0e-04_wd1.0e-05_319409-3
Injection seed: 33
Output dir: /data/wiay/postgrads/shashwat/COMM_DATA/results/CALLIBRATION_S3_L2/ens7_bs2048_ep300_pat30_lr3.0e-04_wd1.0e-05_319409-3/inj_0033
Loaded 7 ensemble members from ens7_bs2048_ep300_pat30_lr3.0e-04_wd1.0e-05_319409-3: ['model_00', 'model_01', 'model_02', 'model_03', 'model_04', 'model_05', 'model_06']
{
  "kappa": {
    "true": 2.2738469611170693,
    "median": 2.582788361929633,
    "ci_lo": 0.36235247263877235,
    "ci_hi": 4.772097100183424,
    "covered": true,
    "insertion_percentile": 0.44274809160305345
  },
  "sigma_chi": {
    "true": 0.362670155558506,
    "median": 0.3135881947788018,
    "ci_lo": 0.08063562400318916,
    "ci_hi": 0.5685995911682841,
    "covered": true,
    "insertion_percentile": 0.5801526717557252
  },
  "sigma_xi": {
    "true": 0.3678363212362869,
    "median": 0.2278967535211954,
    "ci_lo": 0.06993107149617972,
    "ci_hi": 0.3871570729726121,
    "covered": true,
    "insertion_percentile": 0.8998091603053435
  },
  "rho": {
    "true": -0.44235080370215646,
    "median": -0.005388760973986939,
    "ci_lo": -0.7969352982665795,
    "ci_hi": 0.8104325681180352,
    "covered": true,
    "insertion_percentile": 0.2538167938931298
  }
}
Saved KDE posterior plot to /data/wiay/postgrads/shashwat/COMM_DATA/results/CALLIBRATION_S3_L2/ens7_bs2048_ep300_pat30_lr3.0e-04_wd1.0e-05_319409-3/inj_0033/posterior_kde.png
