==========================================
 Stage 3 Layer 2 (options) injection
 model = ens5_bs2048_ep300_pat30_lr1.0e-04_wd1.0e-05_319409-1
 seed  = 8
==========================================
Model: ens5_bs2048_ep300_pat30_lr1.0e-04_wd1.0e-05_319409-1
Injection seed: 8
Output dir: /data/wiay/postgrads/shashwat/COMM_DATA/results/CALLIBRATION_S3_L2/ens5_bs2048_ep300_pat30_lr1.0e-04_wd1.0e-05_319409-1/inj_0008
Loaded 5 ensemble members from ens5_bs2048_ep300_pat30_lr1.0e-04_wd1.0e-05_319409-1: ['model_00', 'model_01', 'model_02', 'model_03', 'model_04']
{
  "kappa": {
    "true": 1.7021641553672477,
    "median": 2.626825428682189,
    "ci_lo": 0.40725479365492767,
    "ci_hi": 4.790456291498847,
    "covered": true,
    "insertion_percentile": 0.30903790087463556
  },
  "sigma_chi": {
    "true": 0.5930022638358591,
    "median": 0.3344666338328516,
    "ci_lo": 0.07950735558023372,
    "ci_hi": 0.5722172155753319,
    "covered": false,
    "insertion_percentile": 0.9844509232264335
  },
  "sigma_xi": {
    "true": 0.16154879346993087,
    "median": 0.23136005972795987,
    "ci_lo": 0.06877976487127627,
    "ci_hi": 0.381578813060818,
    "covered": true,
    "insertion_percentile": 0.29640427599611274
  },
  "rho": {
    "true": 0.519388084476052,
    "median": 0.004164240853055095,
    "ci_lo": -0.8023260497328769,
    "ci_hi": 0.8177111878476581,
    "covered": true,
    "insertion_percentile": 0.793974732750243
  }
}
Saved KDE posterior plot to /data/wiay/postgrads/shashwat/COMM_DATA/results/CALLIBRATION_S3_L2/ens5_bs2048_ep300_pat30_lr1.0e-04_wd1.0e-05_319409-1/inj_0008/posterior_kde.png
