==========================================
 Stage 3 Layer 2 (options) injection
 model = ens3_bs2048_ep300_pat30_lr3.0e-04_wd1.0e-05_319409-2
 seed  = 67
==========================================
Model: ens3_bs2048_ep300_pat30_lr3.0e-04_wd1.0e-05_319409-2
Injection seed: 67
Output dir: /data/wiay/postgrads/shashwat/COMM_DATA/results/CALLIBRATION_S3_L2/ens3_bs2048_ep300_pat30_lr3.0e-04_wd1.0e-05_319409-2/inj_0067
Loaded 3 ensemble members from ens3_bs2048_ep300_pat30_lr3.0e-04_wd1.0e-05_319409-2: ['model_00', 'model_01', 'model_02']
{
  "kappa": {
    "true": 2.1302243495210367,
    "median": 2.6161561297539864,
    "ci_lo": 0.31541601725303253,
    "ci_hi": 4.795940477563032,
    "covered": true,
    "insertion_percentile": 0.4069097888675624
  },
  "sigma_chi": {
    "true": 0.11981606621004165,
    "median": 0.3237108606557655,
    "ci_lo": 0.07311843006159235,
    "ci_hi": 0.5761309073111586,
    "covered": true,
    "insertion_percentile": 0.14107485604606526
  },
  "sigma_xi": {
    "true": 0.22989476253409596,
    "median": 0.22434598529418848,
    "ci_lo": 0.06832229533605981,
    "ci_hi": 0.3850287996681963,
    "covered": true,
    "insertion_percentile": 0.5143953934740882
  },
  "rho": {
    "true": -0.36496328075665574,
    "median": -0.03257707340167593,
    "ci_lo": -0.8238997753883739,
    "ci_hi": 0.8104065721502751,
    "covered": true,
    "insertion_percentile": 0.30998080614203455
  }
}
Saved KDE posterior plot to /data/wiay/postgrads/shashwat/COMM_DATA/results/CALLIBRATION_S3_L2/ens3_bs2048_ep300_pat30_lr3.0e-04_wd1.0e-05_319409-2/inj_0067/posterior_kde.png
