==========================================
 Stage 3 Layer 2 (options) injection
 model = ens3_bs2048_ep300_pat30_lr3.0e-04_wd1.0e-05_319409-2
 seed  = 3
==========================================
Model: ens3_bs2048_ep300_pat30_lr3.0e-04_wd1.0e-05_319409-2
Injection seed: 3
Output dir: /data/wiay/postgrads/shashwat/COMM_DATA/results/CALLIBRATION_S3_L2/ens3_bs2048_ep300_pat30_lr3.0e-04_wd1.0e-05_319409-2/inj_0003
Loaded 3 ensemble members from ens3_bs2048_ep300_pat30_lr3.0e-04_wd1.0e-05_319409-2: ['model_00', 'model_01', 'model_02']
{
  "kappa": {
    "true": 0.5196809190037595,
    "median": 2.567217219718218,
    "ci_lo": 0.34458229287960734,
    "ci_hi": 4.803803841485151,
    "covered": true,
    "insertion_percentile": 0.09261083743842365
  },
  "sigma_chi": {
    "true": 0.18024577862785485,
    "median": 0.322233958144884,
    "ci_lo": 0.07399249138778417,
    "ci_hi": 0.5737767601741828,
    "covered": true,
    "insertion_percentile": 0.22758620689655173
  },
  "sigma_xi": {
    "true": 0.33044606282223893,
    "median": 0.22574951516427194,
    "ci_lo": 0.06697232216651239,
    "ci_hi": 0.383741293051764,
    "covered": true,
    "insertion_percentile": 0.7911330049261084
  },
  "rho": {
    "true": 0.14789166491586203,
    "median": -0.022740855811168248,
    "ci_lo": -0.8270257583614717,
    "ci_hi": 0.8035749192706287,
    "covered": true,
    "insertion_percentile": 0.6
  }
}
Saved KDE posterior plot to /data/wiay/postgrads/shashwat/COMM_DATA/results/CALLIBRATION_S3_L2/ens3_bs2048_ep300_pat30_lr3.0e-04_wd1.0e-05_319409-2/inj_0003/posterior_kde.png
