==========================================
 Stage 3 Layer 2 (options) injection
 model = ens7_bs2048_ep300_pat30_lr3.0e-04_wd1.0e-05_319409-3
 seed  = 16
==========================================
Model: ens7_bs2048_ep300_pat30_lr3.0e-04_wd1.0e-05_319409-3
Injection seed: 16
Output dir: /data/wiay/postgrads/shashwat/COMM_DATA/results/CALLIBRATION_S3_L2/ens7_bs2048_ep300_pat30_lr3.0e-04_wd1.0e-05_319409-3/inj_0016
Loaded 7 ensemble members from ens7_bs2048_ep300_pat30_lr3.0e-04_wd1.0e-05_319409-3: ['model_00', 'model_01', 'model_02', 'model_03', 'model_04', 'model_05', 'model_06']
{
  "kappa": {
    "true": 2.877892510508889,
    "median": 2.630536924110525,
    "ci_lo": 0.380412918988295,
    "ci_hi": 4.759284864224786,
    "covered": true,
    "insertion_percentile": 0.5648854961832062
  },
  "sigma_chi": {
    "true": 0.28690928001960203,
    "median": 0.3239228417994094,
    "ci_lo": 0.08634004503619669,
    "ci_hi": 0.5703966164676996,
    "covered": true,
    "insertion_percentile": 0.43320610687022904
  },
  "sigma_xi": {
    "true": 0.0829258389115336,
    "median": 0.21937683577773784,
    "ci_lo": 0.06644771097876138,
    "ci_hi": 0.38367067602194455,
    "covered": true,
    "insertion_percentile": 0.09064885496183206
  },
  "rho": {
    "true": -0.2734568092152081,
    "median": 0.042423946573955096,
    "ci_lo": -0.8009589211757389,
    "ci_hi": 0.8105319763065963,
    "covered": true,
    "insertion_percentile": 0.33396946564885494
  }
}
Saved KDE posterior plot to /data/wiay/postgrads/shashwat/COMM_DATA/results/CALLIBRATION_S3_L2/ens7_bs2048_ep300_pat30_lr3.0e-04_wd1.0e-05_319409-3/inj_0016/posterior_kde.png
