==========================================
 Stage 3 Layer 2 (options) injection
 model = ens5_bs2048_ep300_pat30_lr3.0e-04_wd1.0e-04_319409-5
 seed  = 28
==========================================
Model: ens5_bs2048_ep300_pat30_lr3.0e-04_wd1.0e-04_319409-5
Injection seed: 28
Output dir: /data/wiay/postgrads/shashwat/COMM_DATA/results/CALLIBRATION_S3_L2/ens5_bs2048_ep300_pat30_lr3.0e-04_wd1.0e-04_319409-5/inj_0028
Loaded 5 ensemble members from ens5_bs2048_ep300_pat30_lr3.0e-04_wd1.0e-04_319409-5: ['model_00', 'model_01', 'model_02', 'model_03', 'model_04']
{
  "kappa": {
    "true": 4.273986286312573,
    "median": 2.6533206227019104,
    "ci_lo": 0.4302655944994944,
    "ci_hi": 4.689975255419353,
    "covered": true,
    "insertion_percentile": 0.8474418604651163
  },
  "sigma_chi": {
    "true": 0.5366911247422749,
    "median": 0.33846061328069554,
    "ci_lo": 0.07771689287875427,
    "ci_hi": 0.5742708763215612,
    "covered": true,
    "insertion_percentile": 0.8809302325581395
  },
  "sigma_xi": {
    "true": 0.317997984295148,
    "median": 0.216868687491586,
    "ci_lo": 0.06358818805222909,
    "ci_hi": 0.38296483184452673,
    "covered": true,
    "insertion_percentile": 0.772093023255814
  },
  "rho": {
    "true": -0.8420425184103203,
    "median": -0.08143094391746086,
    "ci_lo": -0.8219456009801106,
    "ci_hi": 0.8077218948769583,
    "covered": false,
    "insertion_percentile": 0.04
  }
}
Saved KDE posterior plot to /data/wiay/postgrads/shashwat/COMM_DATA/results/CALLIBRATION_S3_L2/ens5_bs2048_ep300_pat30_lr3.0e-04_wd1.0e-04_319409-5/inj_0028/posterior_kde.png
