==========================================
 Stage 3 Layer 2 (options) injection
 model = ens5_bs2048_ep300_pat30_lr3.0e-04_wd1.0e-05_319409-0
 seed  = 2
==========================================
Model: ens5_bs2048_ep300_pat30_lr3.0e-04_wd1.0e-05_319409-0
Injection seed: 2
Output dir: /data/wiay/postgrads/shashwat/COMM_DATA/results/CALLIBRATION_S3_L2/ens5_bs2048_ep300_pat30_lr3.0e-04_wd1.0e-05_319409-0/inj_0002
Loaded 5 ensemble members from ens5_bs2048_ep300_pat30_lr3.0e-04_wd1.0e-05_319409-0: ['model_00', 'model_01', 'model_02', 'model_03', 'model_04']
{
  "kappa": {
    "true": 1.3818994578216506,
    "median": 2.592600131936151,
    "ci_lo": 0.33118781726221924,
    "ci_hi": 4.7871512670748535,
    "covered": true,
    "insertion_percentile": 0.27256317689530685
  },
  "sigma_chi": {
    "true": 0.21417012887776782,
    "median": 0.33157663815373395,
    "ci_lo": 0.07851105710143082,
    "ci_hi": 0.5752025953193896,
    "covered": true,
    "insertion_percentile": 0.2779783393501805
  },
  "sigma_xi": {
    "true": 0.3349790092079981,
    "median": 0.22464903309936282,
    "ci_lo": 0.06853891493401724,
    "ci_hi": 0.3814318177733358,
    "covered": true,
    "insertion_percentile": 0.8131768953068592
  },
  "rho": {
    "true": -0.7345513041568256,
    "median": 0.03687015693100004,
    "ci_lo": -0.7813902056915691,
    "ci_hi": 0.8420850597752169,
    "covered": true,
    "insertion_percentile": 0.08212996389891697
  }
}
Saved KDE posterior plot to /data/wiay/postgrads/shashwat/COMM_DATA/results/CALLIBRATION_S3_L2/ens5_bs2048_ep300_pat30_lr3.0e-04_wd1.0e-05_319409-0/inj_0002/posterior_kde.png
