==========================================
 Stage 3 Layer 2 (options) injection
 model = ens5_bs2048_ep300_pat30_lr3.0e-04_wd1.0e-04_319409-5
 seed  = 33
==========================================
Model: ens5_bs2048_ep300_pat30_lr3.0e-04_wd1.0e-04_319409-5
Injection seed: 33
Output dir: /data/wiay/postgrads/shashwat/COMM_DATA/results/CALLIBRATION_S3_L2/ens5_bs2048_ep300_pat30_lr3.0e-04_wd1.0e-04_319409-5/inj_0033
Loaded 5 ensemble members from ens5_bs2048_ep300_pat30_lr3.0e-04_wd1.0e-04_319409-5: ['model_00', 'model_01', 'model_02', 'model_03', 'model_04']
{
  "kappa": {
    "true": 2.2738469611170693,
    "median": 2.637127363275094,
    "ci_lo": 0.39184866488485465,
    "ci_hi": 4.756337148913659,
    "covered": true,
    "insertion_percentile": 0.42911877394636017
  },
  "sigma_chi": {
    "true": 0.362670155558506,
    "median": 0.3118554065822361,
    "ci_lo": 0.0767204433066376,
    "ci_hi": 0.5691800207214713,
    "covered": true,
    "insertion_percentile": 0.5833333333333334
  },
  "sigma_xi": {
    "true": 0.3678363212362869,
    "median": 0.2204895865814844,
    "ci_lo": 0.06895119163903314,
    "ci_hi": 0.38550030219489256,
    "covered": true,
    "insertion_percentile": 0.9022988505747126
  },
  "rho": {
    "true": -0.44235080370215646,
    "median": 0.01917177241964341,
    "ci_lo": -0.7871680432918573,
    "ci_hi": 0.8163062683882932,
    "covered": true,
    "insertion_percentile": 0.23371647509578544
  }
}
Saved KDE posterior plot to /data/wiay/postgrads/shashwat/COMM_DATA/results/CALLIBRATION_S3_L2/ens5_bs2048_ep300_pat30_lr3.0e-04_wd1.0e-04_319409-5/inj_0033/posterior_kde.png
