==========================================
 Stage 3 Layer 2 (options) injection
 model = ens5_bs2048_ep300_pat30_lr3.0e-04_wd1.0e-04_319409-5
 seed  = 39
==========================================
Model: ens5_bs2048_ep300_pat30_lr3.0e-04_wd1.0e-04_319409-5
Injection seed: 39
Output dir: /data/wiay/postgrads/shashwat/COMM_DATA/results/CALLIBRATION_S3_L2/ens5_bs2048_ep300_pat30_lr3.0e-04_wd1.0e-04_319409-5/inj_0039
Loaded 5 ensemble members from ens5_bs2048_ep300_pat30_lr3.0e-04_wd1.0e-04_319409-5: ['model_00', 'model_01', 'model_02', 'model_03', 'model_04']
{
  "kappa": {
    "true": 2.5583885900419,
    "median": 2.5098784183215272,
    "ci_lo": 0.42042411654950607,
    "ci_hi": 4.767135616458353,
    "covered": true,
    "insertion_percentile": 0.5135135135135135
  },
  "sigma_chi": {
    "true": 0.3466344734135687,
    "median": 0.32394263040993815,
    "ci_lo": 0.08220199732385525,
    "ci_hi": 0.571250757356351,
    "covered": true,
    "insertion_percentile": 0.5337837837837838
  },
  "sigma_xi": {
    "true": 0.09755597068435096,
    "median": 0.21995670472676596,
    "ci_lo": 0.07185181706916441,
    "ci_hi": 0.3826058454493826,
    "covered": true,
    "insertion_percentile": 0.13127413127413126
  },
  "rho": {
    "true": -0.34850417684101376,
    "median": 0.016290815580941587,
    "ci_lo": -0.7972382833424719,
    "ci_hi": 0.7998710483412865,
    "covered": true,
    "insertion_percentile": 0.2915057915057915
  }
}
Saved KDE posterior plot to /data/wiay/postgrads/shashwat/COMM_DATA/results/CALLIBRATION_S3_L2/ens5_bs2048_ep300_pat30_lr3.0e-04_wd1.0e-04_319409-5/inj_0039/posterior_kde.png
