==========================================
 Stage 3 Layer 2 (options) injection
 model = ens5_bs2048_ep300_pat30_lr3.0e-04_wd1.0e-04_319409-5
 seed  = 22
==========================================
Model: ens5_bs2048_ep300_pat30_lr3.0e-04_wd1.0e-04_319409-5
Injection seed: 22
Output dir: /data/wiay/postgrads/shashwat/COMM_DATA/results/CALLIBRATION_S3_L2/ens5_bs2048_ep300_pat30_lr3.0e-04_wd1.0e-04_319409-5/inj_0022
Loaded 5 ensemble members from ens5_bs2048_ep300_pat30_lr3.0e-04_wd1.0e-04_319409-5: ['model_00', 'model_01', 'model_02', 'model_03', 'model_04']
{
  "kappa": {
    "true": 1.895099885617173,
    "median": 2.6689548133758048,
    "ci_lo": 0.36828724635935656,
    "ci_hi": 4.772836343577267,
    "covered": true,
    "insertion_percentile": 0.3544973544973545
  },
  "sigma_chi": {
    "true": 0.15961245865629559,
    "median": 0.32895434502477827,
    "ci_lo": 0.08047027936563013,
    "ci_hi": 0.5746189962129548,
    "covered": true,
    "insertion_percentile": 0.19753086419753085
  },
  "sigma_xi": {
    "true": 0.08099543064144762,
    "median": 0.2295436268906009,
    "ci_lo": 0.06880080590000179,
    "ci_hi": 0.38578742805007,
    "covered": true,
    "insertion_percentile": 0.07760141093474426
  },
  "rho": {
    "true": 0.2757450376816558,
    "median": 0.01145040132247882,
    "ci_lo": -0.8219447822503829,
    "ci_hi": 0.8306305764135561,
    "covered": true,
    "insertion_percentile": 0.644620811287478
  }
}
Saved KDE posterior plot to /data/wiay/postgrads/shashwat/COMM_DATA/results/CALLIBRATION_S3_L2/ens5_bs2048_ep300_pat30_lr3.0e-04_wd1.0e-04_319409-5/inj_0022/posterior_kde.png
