==========================================
 Stage 3 Layer 2 (options) injection
 model = ens5_bs1024_ep300_pat30_lr3.0e-04_wd1.0e-05_319409-4
 seed  = 60
==========================================
Model: ens5_bs1024_ep300_pat30_lr3.0e-04_wd1.0e-05_319409-4
Injection seed: 60
Output dir: /data/wiay/postgrads/shashwat/COMM_DATA/results/CALLIBRATION_S3_L2/ens5_bs1024_ep300_pat30_lr3.0e-04_wd1.0e-05_319409-4/inj_0060
Loaded 5 ensemble members from ens5_bs1024_ep300_pat30_lr3.0e-04_wd1.0e-05_319409-4: ['model_00', 'model_01', 'model_02', 'model_03', 'model_04']
{
  "kappa": {
    "true": 1.688990682236255,
    "median": 2.650613642743525,
    "ci_lo": 0.4084537654974503,
    "ci_hi": 4.796301448504124,
    "covered": true,
    "insertion_percentile": 0.2933723196881092
  },
  "sigma_chi": {
    "true": 0.06493051554225251,
    "median": 0.33293909729657156,
    "ci_lo": 0.08118892187470224,
    "ci_hi": 0.5795650928913693,
    "covered": false,
    "insertion_percentile": 0.02046783625730994
  },
  "sigma_xi": {
    "true": 0.06915231060477818,
    "median": 0.23076795782993656,
    "ci_lo": 0.06918542186889462,
    "ci_hi": 0.38723754211864403,
    "covered": false,
    "insertion_percentile": 0.050682261208576995
  },
  "rho": {
    "true": 0.8828847383427837,
    "median": -0.014455370575027049,
    "ci_lo": -0.8270546480177144,
    "ci_hi": 0.798063601274089,
    "covered": false,
    "insertion_percentile": 0.9951267056530214
  }
}
Saved KDE posterior plot to /data/wiay/postgrads/shashwat/COMM_DATA/results/CALLIBRATION_S3_L2/ens5_bs1024_ep300_pat30_lr3.0e-04_wd1.0e-05_319409-4/inj_0060/posterior_kde.png
