==========================================
 Stage 3 Layer 2 (options) injection
 model = ens5_bs2048_ep300_pat30_lr1.0e-04_wd1.0e-05_319409-1
 seed  = 42
==========================================
Model: ens5_bs2048_ep300_pat30_lr1.0e-04_wd1.0e-05_319409-1
Injection seed: 42
Output dir: /data/wiay/postgrads/shashwat/COMM_DATA/results/CALLIBRATION_S3_L2/ens5_bs2048_ep300_pat30_lr1.0e-04_wd1.0e-05_319409-1/inj_0042
Loaded 5 ensemble members from ens5_bs2048_ep300_pat30_lr1.0e-04_wd1.0e-05_319409-1: ['model_00', 'model_01', 'model_02', 'model_03', 'model_04']
{
  "kappa": {
    "true": 3.892384637924221,
    "median": 2.566208978272332,
    "ci_lo": 0.35921303224453455,
    "ci_hi": 4.76940668980251,
    "covered": true,
    "insertion_percentile": 0.7844311377245509
  },
  "sigma_chi": {
    "true": 0.29138314186362874,
    "median": 0.3253410282132412,
    "ci_lo": 0.07330018791837092,
    "ci_hi": 0.576024492029788,
    "covered": true,
    "insertion_percentile": 0.436127744510978
  },
  "sigma_xi": {
    "true": 0.3505092719689839,
    "median": 0.2225106600217815,
    "ci_lo": 0.06544177718531562,
    "ci_hi": 0.3770102712254412,
    "covered": true,
    "insertion_percentile": 0.8802395209580839
  },
  "rho": {
    "true": 0.35526245230685494,
    "median": -0.04725160935776024,
    "ci_lo": -0.8049288563492439,
    "ci_hi": 0.8060479893359559,
    "covered": true,
    "insertion_percentile": 0.7045908183632734
  }
}
Saved KDE posterior plot to /data/wiay/postgrads/shashwat/COMM_DATA/results/CALLIBRATION_S3_L2/ens5_bs2048_ep300_pat30_lr1.0e-04_wd1.0e-05_319409-1/inj_0042/posterior_kde.png
