==========================================
 Stage 3 Layer 2 (options) injection
 model = ens5_bs2048_ep300_pat30_lr3.0e-04_wd1.0e-05_319409-0
 seed  = 48
==========================================
Model: ens5_bs2048_ep300_pat30_lr3.0e-04_wd1.0e-05_319409-0
Injection seed: 48
Output dir: /data/wiay/postgrads/shashwat/COMM_DATA/results/CALLIBRATION_S3_L2/ens5_bs2048_ep300_pat30_lr3.0e-04_wd1.0e-05_319409-0/inj_0048
Loaded 5 ensemble members from ens5_bs2048_ep300_pat30_lr3.0e-04_wd1.0e-05_319409-0: ['model_00', 'model_01', 'model_02', 'model_03', 'model_04']
{
  "kappa": {
    "true": 1.9997293741994135,
    "median": 2.6210406848043473,
    "ci_lo": 0.37108069207297856,
    "ci_hi": 4.793106394653143,
    "covered": true,
    "insertion_percentile": 0.3719626168224299
  },
  "sigma_chi": {
    "true": 0.3776754195161369,
    "median": 0.3172239668438174,
    "ci_lo": 0.07410216427094256,
    "ci_hi": 0.5717837980979875,
    "covered": true,
    "insertion_percentile": 0.608411214953271
  },
  "sigma_xi": {
    "true": 0.22983019076890354,
    "median": 0.2281980717536321,
    "ci_lo": 0.06912684034568793,
    "ci_hi": 0.3823705416471247,
    "covered": true,
    "insertion_percentile": 0.5018691588785047
  },
  "rho": {
    "true": 0.35008542721332436,
    "median": 0.04265097829433216,
    "ci_lo": -0.7995124591016834,
    "ci_hi": 0.8062954488981298,
    "covered": true,
    "insertion_percentile": 0.6831775700934579
  }
}
Saved KDE posterior plot to /data/wiay/postgrads/shashwat/COMM_DATA/results/CALLIBRATION_S3_L2/ens5_bs2048_ep300_pat30_lr3.0e-04_wd1.0e-05_319409-0/inj_0048/posterior_kde.png
