==========================================
 Stage 3 Layer 2 (options) injection
 model = ens3_bs2048_ep300_pat30_lr3.0e-04_wd1.0e-05_319409-2
 seed  = 58
==========================================
Model: ens3_bs2048_ep300_pat30_lr3.0e-04_wd1.0e-05_319409-2
Injection seed: 58
Output dir: /data/wiay/postgrads/shashwat/COMM_DATA/results/CALLIBRATION_S3_L2/ens3_bs2048_ep300_pat30_lr3.0e-04_wd1.0e-05_319409-2/inj_0058
Loaded 3 ensemble members from ens3_bs2048_ep300_pat30_lr3.0e-04_wd1.0e-05_319409-2: ['model_00', 'model_01', 'model_02']
{
  "kappa": {
    "true": 1.6141578227745996,
    "median": 2.5954428838018493,
    "ci_lo": 0.31341479531518657,
    "ci_hi": 4.72903491055912,
    "covered": true,
    "insertion_percentile": 0.3023696682464455
  },
  "sigma_chi": {
    "true": 0.533908485076924,
    "median": 0.3177420450762399,
    "ci_lo": 0.07308022109063828,
    "ci_hi": 0.5707970093395016,
    "covered": true,
    "insertion_percentile": 0.8843601895734597
  },
  "sigma_xi": {
    "true": 0.13508200825502414,
    "median": 0.22604976558168632,
    "ci_lo": 0.07083592478299638,
    "ci_hi": 0.3832025618587477,
    "covered": true,
    "insertion_percentile": 0.23601895734597156
  },
  "rho": {
    "true": -0.5248431618923537,
    "median": -0.016483883071360506,
    "ci_lo": -0.827351477830467,
    "ci_hi": 0.7980239592203502,
    "covered": true,
    "insertion_percentile": 0.23127962085308057
  }
}
Saved KDE posterior plot to /data/wiay/postgrads/shashwat/COMM_DATA/results/CALLIBRATION_S3_L2/ens3_bs2048_ep300_pat30_lr3.0e-04_wd1.0e-05_319409-2/inj_0058/posterior_kde.png
