==========================================
 Stage 3 Layer 2 (options) injection
 model = ens5_bs2048_ep300_pat30_lr1.0e-04_wd1.0e-05_319409-1
 seed  = 26
==========================================
Model: ens5_bs2048_ep300_pat30_lr1.0e-04_wd1.0e-05_319409-1
Injection seed: 26
Output dir: /data/wiay/postgrads/shashwat/COMM_DATA/results/CALLIBRATION_S3_L2/ens5_bs2048_ep300_pat30_lr1.0e-04_wd1.0e-05_319409-1/inj_0026
Loaded 5 ensemble members from ens5_bs2048_ep300_pat30_lr1.0e-04_wd1.0e-05_319409-1: ['model_00', 'model_01', 'model_02', 'model_03', 'model_04']
{
  "kappa": {
    "true": 2.5088346962640324,
    "median": 2.4893910380170254,
    "ci_lo": 0.3559503288255723,
    "ci_hi": 4.764360051407672,
    "covered": true,
    "insertion_percentile": 0.5041860465116279
  },
  "sigma_chi": {
    "true": 0.1789197381713541,
    "median": 0.3201934283081378,
    "ci_lo": 0.07433442584609334,
    "ci_hi": 0.5700598822429074,
    "covered": true,
    "insertion_percentile": 0.2427906976744186
  },
  "sigma_xi": {
    "true": 0.07366271536731414,
    "median": 0.22332738238692784,
    "ci_lo": 0.06486353330957136,
    "ci_hi": 0.38010730478831395,
    "covered": true,
    "insertion_percentile": 0.07813953488372093
  },
  "rho": {
    "true": 0.38314476698780464,
    "median": 0.00150562444499458,
    "ci_lo": -0.8102558128298258,
    "ci_hi": 0.8031833941447823,
    "covered": true,
    "insertion_percentile": 0.707906976744186
  }
}
Saved KDE posterior plot to /data/wiay/postgrads/shashwat/COMM_DATA/results/CALLIBRATION_S3_L2/ens5_bs2048_ep300_pat30_lr1.0e-04_wd1.0e-05_319409-1/inj_0026/posterior_kde.png
