==========================================
 Stage 3 Layer 2 (options) injection
 model = ens5_bs1024_ep300_pat30_lr3.0e-04_wd1.0e-05_319409-4
 seed  = 25
==========================================
Model: ens5_bs1024_ep300_pat30_lr3.0e-04_wd1.0e-05_319409-4
Injection seed: 25
Output dir: /data/wiay/postgrads/shashwat/COMM_DATA/results/CALLIBRATION_S3_L2/ens5_bs1024_ep300_pat30_lr3.0e-04_wd1.0e-05_319409-4/inj_0025
Loaded 5 ensemble members from ens5_bs1024_ep300_pat30_lr3.0e-04_wd1.0e-05_319409-4: ['model_00', 'model_01', 'model_02', 'model_03', 'model_04']
{
  "kappa": {
    "true": 0.8875340428368383,
    "median": 2.648110213146974,
    "ci_lo": 0.39648113654994865,
    "ci_hi": 4.77658250418544,
    "covered": true,
    "insertion_percentile": 0.14230019493177387
  },
  "sigma_chi": {
    "true": 0.05017161934405201,
    "median": 0.3132772020865709,
    "ci_lo": 0.07654199750091355,
    "ci_hi": 0.5760826338487238,
    "covered": false,
    "insertion_percentile": 0.0
  },
  "sigma_xi": {
    "true": 0.12580946256198594,
    "median": 0.22532228366289972,
    "ci_lo": 0.06684038728912771,
    "ci_hi": 0.38398368169004765,
    "covered": true,
    "insertion_percentile": 0.20662768031189083
  },
  "rho": {
    "true": -0.23754726541770244,
    "median": -0.01721043207180528,
    "ci_lo": -0.8198423970415076,
    "ci_hi": 0.7950755324293057,
    "covered": true,
    "insertion_percentile": 0.36939571150097467
  }
}
Saved KDE posterior plot to /data/wiay/postgrads/shashwat/COMM_DATA/results/CALLIBRATION_S3_L2/ens5_bs1024_ep300_pat30_lr3.0e-04_wd1.0e-05_319409-4/inj_0025/posterior_kde.png
