==========================================
 Stage 3 Layer 2 (options) injection
 model = ens5_bs1024_ep300_pat30_lr3.0e-04_wd1.0e-05_319409-4
 seed  = 55
==========================================
Model: ens5_bs1024_ep300_pat30_lr3.0e-04_wd1.0e-05_319409-4
Injection seed: 55
Output dir: /data/wiay/postgrads/shashwat/COMM_DATA/results/CALLIBRATION_S3_L2/ens5_bs1024_ep300_pat30_lr3.0e-04_wd1.0e-05_319409-4/inj_0055
Loaded 5 ensemble members from ens5_bs1024_ep300_pat30_lr3.0e-04_wd1.0e-05_319409-4: ['model_00', 'model_01', 'model_02', 'model_03', 'model_04']
{
  "kappa": {
    "true": 4.178035698929258,
    "median": 2.523704245915548,
    "ci_lo": 0.3947299315071328,
    "ci_hi": 4.736626440582676,
    "covered": true,
    "insertion_percentile": 0.8318227593152064
  },
  "sigma_chi": {
    "true": 0.5288550864439876,
    "median": 0.3253526516301519,
    "ci_lo": 0.07478360751071968,
    "ci_hi": 0.5731595673208378,
    "covered": true,
    "insertion_percentile": 0.878147029204431
  },
  "sigma_xi": {
    "true": 0.12642666459491803,
    "median": 0.23036857953275197,
    "ci_lo": 0.06953584474860547,
    "ci_hi": 0.3820798953319959,
    "covered": true,
    "insertion_percentile": 0.21953675730110775
  },
  "rho": {
    "true": -0.4858251288984804,
    "median": 0.0012841120474381684,
    "ci_lo": -0.8312066223278531,
    "ci_hi": 0.7987592324993328,
    "covered": true,
    "insertion_percentile": 0.24672708962739173
  }
}
Saved KDE posterior plot to /data/wiay/postgrads/shashwat/COMM_DATA/results/CALLIBRATION_S3_L2/ens5_bs1024_ep300_pat30_lr3.0e-04_wd1.0e-05_319409-4/inj_0055/posterior_kde.png
