==========================================
 Stage 3 Layer 2 (options) injection
 model = ens5_bs1024_ep300_pat30_lr3.0e-04_wd1.0e-05_319409-4
 seed  = 63
==========================================
Model: ens5_bs1024_ep300_pat30_lr3.0e-04_wd1.0e-05_319409-4
Injection seed: 63
Output dir: /data/wiay/postgrads/shashwat/COMM_DATA/results/CALLIBRATION_S3_L2/ens5_bs1024_ep300_pat30_lr3.0e-04_wd1.0e-05_319409-4/inj_0063
Loaded 5 ensemble members from ens5_bs1024_ep300_pat30_lr3.0e-04_wd1.0e-05_319409-4: ['model_00', 'model_01', 'model_02', 'model_03', 'model_04']
{
  "kappa": {
    "true": 2.8443889222882817,
    "median": 2.611474122934,
    "ci_lo": 0.30469987694691714,
    "ci_hi": 4.8059799918690365,
    "covered": true,
    "insertion_percentile": 0.5553359683794467
  },
  "sigma_chi": {
    "true": 0.595742377872793,
    "median": 0.3373047529487635,
    "ci_lo": 0.08518174406707452,
    "ci_hi": 0.5709982268353951,
    "covered": false,
    "insertion_percentile": 0.9891304347826086
  },
  "sigma_xi": {
    "true": 0.11884058172013279,
    "median": 0.23351199823430924,
    "ci_lo": 0.07113624823849148,
    "ci_hi": 0.38133215578375496,
    "covered": true,
    "insertion_percentile": 0.18774703557312253
  },
  "rho": {
    "true": 0.009517702000710004,
    "median": -0.010588492586547704,
    "ci_lo": -0.8095608728870503,
    "ci_hi": 0.7938373826221857,
    "covered": true,
    "insertion_percentile": 0.5108695652173914
  }
}
Saved KDE posterior plot to /data/wiay/postgrads/shashwat/COMM_DATA/results/CALLIBRATION_S3_L2/ens5_bs1024_ep300_pat30_lr3.0e-04_wd1.0e-05_319409-4/inj_0063/posterior_kde.png
