==========================================
 Stage 3 Layer 2 (options) injection
 model = ens3_bs2048_ep300_pat30_lr3.0e-04_wd1.0e-05_319409-2
 seed  = 19
==========================================
Model: ens3_bs2048_ep300_pat30_lr3.0e-04_wd1.0e-05_319409-2
Injection seed: 19
Output dir: /data/wiay/postgrads/shashwat/COMM_DATA/results/CALLIBRATION_S3_L2/ens3_bs2048_ep300_pat30_lr3.0e-04_wd1.0e-05_319409-2/inj_0019
Loaded 3 ensemble members from ens3_bs2048_ep300_pat30_lr3.0e-04_wd1.0e-05_319409-2: ['model_00', 'model_01', 'model_02']
{
  "kappa": {
    "true": 2.1598560990733784,
    "median": 2.5496266774476677,
    "ci_lo": 0.34969349761250706,
    "ci_hi": 4.7595947302281125,
    "covered": true,
    "insertion_percentile": 0.40037950664136623
  },
  "sigma_chi": {
    "true": 0.559228139649187,
    "median": 0.33346478155361237,
    "ci_lo": 0.08212281443000015,
    "ci_hi": 0.5729650127497763,
    "covered": true,
    "insertion_percentile": 0.9155597722960152
  },
  "sigma_xi": {
    "true": 0.14585449576439874,
    "median": 0.21921837107477218,
    "ci_lo": 0.06743128545032587,
    "ci_hi": 0.3829179859892253,
    "covered": true,
    "insertion_percentile": 0.2713472485768501
  },
  "rho": {
    "true": -0.791912512579452,
    "median": -0.047480593543050786,
    "ci_lo": -0.8254057943488148,
    "ci_hi": 0.8064351332354442,
    "covered": true,
    "insertion_percentile": 0.06925996204933586
  }
}
Saved KDE posterior plot to /data/wiay/postgrads/shashwat/COMM_DATA/results/CALLIBRATION_S3_L2/ens3_bs2048_ep300_pat30_lr3.0e-04_wd1.0e-05_319409-2/inj_0019/posterior_kde.png
