==========================================
 Stage 3 Layer 2 (options) injection
 model = ens7_bs2048_ep300_pat30_lr3.0e-04_wd1.0e-05_319409-3
 seed  = 1
==========================================
Model: ens7_bs2048_ep300_pat30_lr3.0e-04_wd1.0e-05_319409-3
Injection seed: 1
Output dir: /data/wiay/postgrads/shashwat/COMM_DATA/results/CALLIBRATION_S3_L2/ens7_bs2048_ep300_pat30_lr3.0e-04_wd1.0e-05_319409-3/inj_0001
Loaded 7 ensemble members from ens7_bs2048_ep300_pat30_lr3.0e-04_wd1.0e-05_319409-3: ['model_00', 'model_01', 'model_02', 'model_03', 'model_04', 'model_05', 'model_06']
{
  "kappa": {
    "true": 2.6079259610312584,
    "median": 2.386333791306769,
    "ci_lo": 0.39670745459981943,
    "ci_hi": 4.757604133592097,
    "covered": true,
    "insertion_percentile": 0.5349301397205589
  },
  "sigma_chi": {
    "true": 0.5727550329792644,
    "median": 0.32141859841008147,
    "ci_lo": 0.07569387244914899,
    "ci_hi": 0.5757305480388709,
    "covered": true,
    "insertion_percentile": 0.9461077844311377
  },
  "sigma_xi": {
    "true": 0.10045586445187182,
    "median": 0.22260280105301544,
    "ci_lo": 0.06695922913713621,
    "ci_hi": 0.38299106257838733,
    "covered": true,
    "insertion_percentile": 0.1407185628742515
  },
  "rho": {
    "true": 0.8075690048470389,
    "median": -0.0032208815484139897,
    "ci_lo": -0.828108168961,
    "ci_hi": 0.797294783253557,
    "covered": false,
    "insertion_percentile": 0.9520958083832335
  }
}
Saved KDE posterior plot to /data/wiay/postgrads/shashwat/COMM_DATA/results/CALLIBRATION_S3_L2/ens7_bs2048_ep300_pat30_lr3.0e-04_wd1.0e-05_319409-3/inj_0001/posterior_kde.png
