==========================================
 Stage 3 Layer 2 (options) injection
 model = ens5_bs2048_ep300_pat30_lr3.0e-04_wd1.0e-04_319409-5
 seed  = 24
==========================================
Model: ens5_bs2048_ep300_pat30_lr3.0e-04_wd1.0e-04_319409-5
Injection seed: 24
Output dir: /data/wiay/postgrads/shashwat/COMM_DATA/results/CALLIBRATION_S3_L2/ens5_bs2048_ep300_pat30_lr3.0e-04_wd1.0e-04_319409-5/inj_0024
Loaded 5 ensemble members from ens5_bs2048_ep300_pat30_lr3.0e-04_wd1.0e-04_319409-5: ['model_00', 'model_01', 'model_02', 'model_03', 'model_04']
{
  "kappa": {
    "true": 1.7183172996796456,
    "median": 2.6275269350328463,
    "ci_lo": 0.3624750808060862,
    "ci_hi": 4.772744527419103,
    "covered": true,
    "insertion_percentile": 0.3049713193116635
  },
  "sigma_chi": {
    "true": 0.2728475236015291,
    "median": 0.3265853907553661,
    "ci_lo": 0.07098453535168747,
    "ci_hi": 0.5709629675528836,
    "covered": true,
    "insertion_percentile": 0.4101338432122371
  },
  "sigma_xi": {
    "true": 0.2511582367645172,
    "median": 0.2256168124550831,
    "ci_lo": 0.06888280420125238,
    "ci_hi": 0.3835440239697582,
    "covered": true,
    "insertion_percentile": 0.5745697896749522
  },
  "rho": {
    "true": 0.011519581086266384,
    "median": 0.09568039201156542,
    "ci_lo": -0.7920697444032514,
    "ci_hi": 0.8215365859432624,
    "covered": true,
    "insertion_percentile": 0.4569789674952199
  }
}
Saved KDE posterior plot to /data/wiay/postgrads/shashwat/COMM_DATA/results/CALLIBRATION_S3_L2/ens5_bs2048_ep300_pat30_lr3.0e-04_wd1.0e-04_319409-5/inj_0024/posterior_kde.png
