==========================================
 Stage 3 Layer 2 (options) injection
 model = ens5_bs2048_ep300_pat30_lr3.0e-04_wd1.0e-04_319409-5
 seed  = 12
==========================================
Model: ens5_bs2048_ep300_pat30_lr3.0e-04_wd1.0e-04_319409-5
Injection seed: 12
Output dir: /data/wiay/postgrads/shashwat/COMM_DATA/results/CALLIBRATION_S3_L2/ens5_bs2048_ep300_pat30_lr3.0e-04_wd1.0e-04_319409-5/inj_0012
Loaded 5 ensemble members from ens5_bs2048_ep300_pat30_lr3.0e-04_wd1.0e-04_319409-5: ['model_00', 'model_01', 'model_02', 'model_03', 'model_04']
{
  "kappa": {
    "true": 1.329039844731386,
    "median": 2.4704792957186785,
    "ci_lo": 0.38865390753273815,
    "ci_hi": 4.768206059484241,
    "covered": true,
    "insertion_percentile": 0.25
  },
  "sigma_chi": {
    "true": 0.5707141185726835,
    "median": 0.3415795658455816,
    "ci_lo": 0.07751014592066609,
    "ci_hi": 0.5735320624893762,
    "covered": true,
    "insertion_percentile": 0.9430970149253731
  },
  "sigma_xi": {
    "true": 0.11626213458891646,
    "median": 0.21891863906332948,
    "ci_lo": 0.06745125402808048,
    "ci_hi": 0.3835899673073596,
    "covered": true,
    "insertion_percentile": 0.2042910447761194
  },
  "rho": {
    "true": -0.5772754612474064,
    "median": 0.011857575463580627,
    "ci_lo": -0.817981337985787,
    "ci_hi": 0.8073790115725269,
    "covered": true,
    "insertion_percentile": 0.1669776119402985
  }
}
Saved KDE posterior plot to /data/wiay/postgrads/shashwat/COMM_DATA/results/CALLIBRATION_S3_L2/ens5_bs2048_ep300_pat30_lr3.0e-04_wd1.0e-04_319409-5/inj_0012/posterior_kde.png
