==========================================
 Stage 3 Layer 2 (options) injection
 model = ens5_bs2048_ep300_pat30_lr3.0e-04_wd1.0e-04_319409-5
 seed  = 25
==========================================
Model: ens5_bs2048_ep300_pat30_lr3.0e-04_wd1.0e-04_319409-5
Injection seed: 25
Output dir: /data/wiay/postgrads/shashwat/COMM_DATA/results/CALLIBRATION_S3_L2/ens5_bs2048_ep300_pat30_lr3.0e-04_wd1.0e-04_319409-5/inj_0025
Loaded 5 ensemble members from ens5_bs2048_ep300_pat30_lr3.0e-04_wd1.0e-04_319409-5: ['model_00', 'model_01', 'model_02', 'model_03', 'model_04']
{
  "kappa": {
    "true": 0.8875340428368383,
    "median": 2.7343073387556593,
    "ci_lo": 0.35951237951222115,
    "ci_hi": 4.790315594787016,
    "covered": true,
    "insertion_percentile": 0.15106580166821132
  },
  "sigma_chi": {
    "true": 0.05017161934405201,
    "median": 0.3131558469410935,
    "ci_lo": 0.07627114026277255,
    "ci_hi": 0.5730539336630088,
    "covered": false,
    "insertion_percentile": 0.0
  },
  "sigma_xi": {
    "true": 0.12580946256198594,
    "median": 0.2264873785591086,
    "ci_lo": 0.07182009555962383,
    "ci_hi": 0.3820032457969684,
    "covered": true,
    "insertion_percentile": 0.19555143651529194
  },
  "rho": {
    "true": -0.23754726541770244,
    "median": 0.024669793837397314,
    "ci_lo": -0.8150943531242721,
    "ci_hi": 0.8109253577549486,
    "covered": true,
    "insertion_percentile": 0.3632993512511585
  }
}
Saved KDE posterior plot to /data/wiay/postgrads/shashwat/COMM_DATA/results/CALLIBRATION_S3_L2/ens5_bs2048_ep300_pat30_lr3.0e-04_wd1.0e-04_319409-5/inj_0025/posterior_kde.png
