==========================================
 Stage 3 Layer 2 (options) injection
 model = ens7_bs2048_ep300_pat30_lr3.0e-04_wd1.0e-05_319409-3
 seed  = 24
==========================================
Model: ens7_bs2048_ep300_pat30_lr3.0e-04_wd1.0e-05_319409-3
Injection seed: 24
Output dir: /data/wiay/postgrads/shashwat/COMM_DATA/results/CALLIBRATION_S3_L2/ens7_bs2048_ep300_pat30_lr3.0e-04_wd1.0e-05_319409-3/inj_0024
Loaded 7 ensemble members from ens7_bs2048_ep300_pat30_lr3.0e-04_wd1.0e-05_319409-3: ['model_00', 'model_01', 'model_02', 'model_03', 'model_04', 'model_05', 'model_06']
{
  "kappa": {
    "true": 1.7183172996796456,
    "median": 2.5017737306031083,
    "ci_lo": 0.3440086894940807,
    "ci_hi": 4.743506094028639,
    "covered": true,
    "insertion_percentile": 0.3243494423791822
  },
  "sigma_chi": {
    "true": 0.2728475236015291,
    "median": 0.3244085772496272,
    "ci_lo": 0.07322988037453393,
    "ci_hi": 0.5605282187669739,
    "covered": true,
    "insertion_percentile": 0.3986988847583643
  },
  "sigma_xi": {
    "true": 0.2511582367645172,
    "median": 0.2297511973976724,
    "ci_lo": 0.06655136297598452,
    "ci_hi": 0.3846996123933083,
    "covered": true,
    "insertion_percentile": 0.5576208178438662
  },
  "rho": {
    "true": 0.011519581086266384,
    "median": 0.04373973281190763,
    "ci_lo": -0.8018679256709983,
    "ci_hi": 0.8232471803000543,
    "covered": true,
    "insertion_percentile": 0.47769516728624534
  }
}
Saved KDE posterior plot to /data/wiay/postgrads/shashwat/COMM_DATA/results/CALLIBRATION_S3_L2/ens7_bs2048_ep300_pat30_lr3.0e-04_wd1.0e-05_319409-3/inj_0024/posterior_kde.png
