==========================================
 Stage 3 Layer 2 (options) injection
 model = ens5_bs2048_ep300_pat30_lr3.0e-04_wd1.0e-05_319409-0
 seed  = 52
==========================================
Model: ens5_bs2048_ep300_pat30_lr3.0e-04_wd1.0e-05_319409-0
Injection seed: 52
Output dir: /data/wiay/postgrads/shashwat/COMM_DATA/results/CALLIBRATION_S3_L2/ens5_bs2048_ep300_pat30_lr3.0e-04_wd1.0e-05_319409-0/inj_0052
Loaded 5 ensemble members from ens5_bs2048_ep300_pat30_lr3.0e-04_wd1.0e-05_319409-0: ['model_00', 'model_01', 'model_02', 'model_03', 'model_04']
{
  "kappa": {
    "true": 3.117238478531921,
    "median": 2.576331762691242,
    "ci_lo": 0.3958830541216156,
    "ci_hi": 4.725935461989847,
    "covered": true,
    "insertion_percentile": 0.6014828544949027
  },
  "sigma_chi": {
    "true": 0.36582446259941054,
    "median": 0.32510523388855594,
    "ci_lo": 0.07815951823654205,
    "ci_hi": 0.5697691396088886,
    "covered": true,
    "insertion_percentile": 0.5681186283595923
  },
  "sigma_xi": {
    "true": 0.23184025271647501,
    "median": 0.23084343531702772,
    "ci_lo": 0.06494499544970088,
    "ci_hi": 0.3837791370744797,
    "covered": true,
    "insertion_percentile": 0.505097312326228
  },
  "rho": {
    "true": -0.8884988252943237,
    "median": 0.029743525214866562,
    "ci_lo": -0.8062737592718696,
    "ci_hi": 0.8115419054173596,
    "covered": false,
    "insertion_percentile": 0.0037071362372567192
  }
}
Saved KDE posterior plot to /data/wiay/postgrads/shashwat/COMM_DATA/results/CALLIBRATION_S3_L2/ens5_bs2048_ep300_pat30_lr3.0e-04_wd1.0e-05_319409-0/inj_0052/posterior_kde.png
