==========================================
 Stage 3 Layer 2 (options) injection
 model = ens5_bs1024_ep300_pat30_lr3.0e-04_wd1.0e-05_319409-4
 seed  = 42
==========================================
Model: ens5_bs1024_ep300_pat30_lr3.0e-04_wd1.0e-05_319409-4
Injection seed: 42
Output dir: /data/wiay/postgrads/shashwat/COMM_DATA/results/CALLIBRATION_S3_L2/ens5_bs1024_ep300_pat30_lr3.0e-04_wd1.0e-05_319409-4/inj_0042
Loaded 5 ensemble members from ens5_bs1024_ep300_pat30_lr3.0e-04_wd1.0e-05_319409-4: ['model_00', 'model_01', 'model_02', 'model_03', 'model_04']
{
  "kappa": {
    "true": 3.892384637924221,
    "median": 2.446852442809722,
    "ci_lo": 0.31053430694146367,
    "ci_hi": 4.752010576666384,
    "covered": true,
    "insertion_percentile": 0.7819767441860465
  },
  "sigma_chi": {
    "true": 0.29138314186362874,
    "median": 0.3303025750409022,
    "ci_lo": 0.0735832987960946,
    "ci_hi": 0.5714479432482436,
    "covered": true,
    "insertion_percentile": 0.43507751937984496
  },
  "sigma_xi": {
    "true": 0.3505092719689839,
    "median": 0.22799990703985337,
    "ci_lo": 0.06857548701741596,
    "ci_hi": 0.37911018473866676,
    "covered": true,
    "insertion_percentile": 0.8662790697674418
  },
  "rho": {
    "true": 0.35526245230685494,
    "median": -0.044026262145772155,
    "ci_lo": -0.8017289250093059,
    "ci_hi": 0.788297464509877,
    "covered": true,
    "insertion_percentile": 0.7160852713178295
  }
}
Saved KDE posterior plot to /data/wiay/postgrads/shashwat/COMM_DATA/results/CALLIBRATION_S3_L2/ens5_bs1024_ep300_pat30_lr3.0e-04_wd1.0e-05_319409-4/inj_0042/posterior_kde.png
