==========================================
 Stage 3 Layer 2 (options) injection
 model = ens5_bs1024_ep300_pat30_lr3.0e-04_wd1.0e-05_319409-4
 seed  = 64
==========================================
Model: ens5_bs1024_ep300_pat30_lr3.0e-04_wd1.0e-05_319409-4
Injection seed: 64
Output dir: /data/wiay/postgrads/shashwat/COMM_DATA/results/CALLIBRATION_S3_L2/ens5_bs1024_ep300_pat30_lr3.0e-04_wd1.0e-05_319409-4/inj_0064
Loaded 5 ensemble members from ens5_bs1024_ep300_pat30_lr3.0e-04_wd1.0e-05_319409-4: ['model_00', 'model_01', 'model_02', 'model_03', 'model_04']
{
  "kappa": {
    "true": 4.7231179184279775,
    "median": 2.4110263873343936,
    "ci_lo": 0.3063765521141351,
    "ci_hi": 4.739127784899413,
    "covered": true,
    "insertion_percentile": 0.9447791164658634
  },
  "sigma_chi": {
    "true": 0.33783679602740846,
    "median": 0.3281307455795268,
    "ci_lo": 0.075313887657033,
    "ci_hi": 0.5718775581619523,
    "covered": true,
    "insertion_percentile": 0.5210843373493976
  },
  "sigma_xi": {
    "true": 0.0729988281001654,
    "median": 0.2275949763315915,
    "ci_lo": 0.06709636098195065,
    "ci_hi": 0.3869786776204189,
    "covered": true,
    "insertion_percentile": 0.06124497991967871
  },
  "rho": {
    "true": -0.3265941993189321,
    "median": 0.008836137843080072,
    "ci_lo": -0.8097743318464281,
    "ci_hi": 0.81630642655978,
    "covered": true,
    "insertion_percentile": 0.32228915662650603
  }
}
Saved KDE posterior plot to /data/wiay/postgrads/shashwat/COMM_DATA/results/CALLIBRATION_S3_L2/ens5_bs1024_ep300_pat30_lr3.0e-04_wd1.0e-05_319409-4/inj_0064/posterior_kde.png
