==========================================
 Stage 3 Layer 2 (options) injection
 model = ens3_bs2048_ep300_pat30_lr3.0e-04_wd1.0e-05_319409-2
 seed  = 65
==========================================
Model: ens3_bs2048_ep300_pat30_lr3.0e-04_wd1.0e-05_319409-2
Injection seed: 65
Output dir: /data/wiay/postgrads/shashwat/COMM_DATA/results/CALLIBRATION_S3_L2/ens3_bs2048_ep300_pat30_lr3.0e-04_wd1.0e-05_319409-2/inj_0065
Loaded 3 ensemble members from ens3_bs2048_ep300_pat30_lr3.0e-04_wd1.0e-05_319409-2: ['model_00', 'model_01', 'model_02']
{
  "kappa": {
    "true": 0.3322182787710082,
    "median": 2.4744196842298987,
    "ci_lo": 0.3132915524515377,
    "ci_hi": 4.778544104586898,
    "covered": true,
    "insertion_percentile": 0.05544747081712062
  },
  "sigma_chi": {
    "true": 0.33502219764677266,
    "median": 0.32156619918366847,
    "ci_lo": 0.07510429500013854,
    "ci_hi": 0.567431341746394,
    "covered": true,
    "insertion_percentile": 0.5282101167315175
  },
  "sigma_xi": {
    "true": 0.18120049717995296,
    "median": 0.22472295887698798,
    "ci_lo": 0.06495886668299843,
    "ci_hi": 0.38595915876716136,
    "covered": true,
    "insertion_percentile": 0.3715953307392996
  },
  "rho": {
    "true": -0.4883786580349296,
    "median": 0.003840900213465448,
    "ci_lo": -0.8206246761694762,
    "ci_hi": 0.8193091128775862,
    "covered": true,
    "insertion_percentile": 0.23249027237354086
  }
}
Saved KDE posterior plot to /data/wiay/postgrads/shashwat/COMM_DATA/results/CALLIBRATION_S3_L2/ens3_bs2048_ep300_pat30_lr3.0e-04_wd1.0e-05_319409-2/inj_0065/posterior_kde.png
