==========================================
 Stage 3 Layer 2 (options) injection
 model = ens3_bs2048_ep300_pat30_lr3.0e-04_wd1.0e-05_319409-2
 seed  = 61
==========================================
Model: ens3_bs2048_ep300_pat30_lr3.0e-04_wd1.0e-05_319409-2
Injection seed: 61
Output dir: /data/wiay/postgrads/shashwat/COMM_DATA/results/CALLIBRATION_S3_L2/ens3_bs2048_ep300_pat30_lr3.0e-04_wd1.0e-05_319409-2/inj_0061
Loaded 3 ensemble members from ens3_bs2048_ep300_pat30_lr3.0e-04_wd1.0e-05_319409-2: ['model_00', 'model_01', 'model_02']
{
  "kappa": {
    "true": 1.934433986100442,
    "median": 2.439358985636389,
    "ci_lo": 0.38310226880599746,
    "ci_hi": 4.761507834727118,
    "covered": true,
    "insertion_percentile": 0.3817097415506958
  },
  "sigma_chi": {
    "true": 0.4745645900057465,
    "median": 0.30960016802852386,
    "ci_lo": 0.07154913959484503,
    "ci_hi": 0.5690459711423868,
    "covered": true,
    "insertion_percentile": 0.7763419483101391
  },
  "sigma_xi": {
    "true": 0.2849000862251977,
    "median": 0.22442392279278303,
    "ci_lo": 0.06677846957403326,
    "ci_hi": 0.3792688813874938,
    "covered": true,
    "insertion_percentile": 0.6669980119284294
  },
  "rho": {
    "true": 0.3764787057731843,
    "median": 0.0378529121456202,
    "ci_lo": -0.7896826869846953,
    "ci_hi": 0.8078865640426686,
    "covered": true,
    "insertion_percentile": 0.7166998011928429
  }
}
Saved KDE posterior plot to /data/wiay/postgrads/shashwat/COMM_DATA/results/CALLIBRATION_S3_L2/ens3_bs2048_ep300_pat30_lr3.0e-04_wd1.0e-05_319409-2/inj_0061/posterior_kde.png
