==========================================
 Stage 3 Layer 2 (options) injection
 model = ens5_bs2048_ep300_pat30_lr1.0e-04_wd1.0e-05_319409-1
 seed  = 21
==========================================
Model: ens5_bs2048_ep300_pat30_lr1.0e-04_wd1.0e-05_319409-1
Injection seed: 21
Output dir: /data/wiay/postgrads/shashwat/COMM_DATA/results/CALLIBRATION_S3_L2/ens5_bs2048_ep300_pat30_lr1.0e-04_wd1.0e-05_319409-1/inj_0021
Loaded 5 ensemble members from ens5_bs2048_ep300_pat30_lr1.0e-04_wd1.0e-05_319409-1: ['model_00', 'model_01', 'model_02', 'model_03', 'model_04']
{
  "kappa": {
    "true": 3.927476185205608,
    "median": 2.5159099304557073,
    "ci_lo": 0.40817687686370513,
    "ci_hi": 4.820686811635607,
    "covered": true,
    "insertion_percentile": 0.779383429672447
  },
  "sigma_chi": {
    "true": 0.38321586626403237,
    "median": 0.32344901864674563,
    "ci_lo": 0.07789933160318295,
    "ci_hi": 0.5670418263297536,
    "covered": true,
    "insertion_percentile": 0.6136801541425819
  },
  "sigma_xi": {
    "true": 0.29843041664294884,
    "median": 0.2187808364974154,
    "ci_lo": 0.06791714826558405,
    "ci_hi": 0.3765120242226594,
    "covered": true,
    "insertion_percentile": 0.7321772639691715
  },
  "rho": {
    "true": -0.7396238287400239,
    "median": -0.024839117531794075,
    "ci_lo": -0.8024122925445055,
    "ci_hi": 0.794856378230446,
    "covered": true,
    "insertion_percentile": 0.08574181117533719
  }
}
Saved KDE posterior plot to /data/wiay/postgrads/shashwat/COMM_DATA/results/CALLIBRATION_S3_L2/ens5_bs2048_ep300_pat30_lr1.0e-04_wd1.0e-05_319409-1/inj_0021/posterior_kde.png
