==========================================
 Stage 3 Layer 2 (options) injection
 model = ens7_bs2048_ep300_pat30_lr3.0e-04_wd1.0e-05_319409-3
 seed  = 41
==========================================
Model: ens7_bs2048_ep300_pat30_lr3.0e-04_wd1.0e-05_319409-3
Injection seed: 41
Output dir: /data/wiay/postgrads/shashwat/COMM_DATA/results/CALLIBRATION_S3_L2/ens7_bs2048_ep300_pat30_lr3.0e-04_wd1.0e-05_319409-3/inj_0041
Loaded 7 ensemble members from ens7_bs2048_ep300_pat30_lr3.0e-04_wd1.0e-05_319409-3: ['model_00', 'model_01', 'model_02', 'model_03', 'model_04', 'model_05', 'model_06']
{
  "kappa": {
    "true": 4.775340404513822,
    "median": 2.6345886080618284,
    "ci_lo": 0.36163743870008386,
    "ci_hi": 4.734815863605802,
    "covered": false,
    "insertion_percentile": 0.958
  },
  "sigma_chi": {
    "true": 0.47236264984957954,
    "median": 0.31258449009431866,
    "ci_lo": 0.0765724252311665,
    "ci_hi": 0.5690671221891925,
    "covered": true,
    "insertion_percentile": 0.778
  },
  "sigma_xi": {
    "true": 0.09408976137587075,
    "median": 0.22022783088518105,
    "ci_lo": 0.0699868898994586,
    "ci_hi": 0.38050066607186345,
    "covered": true,
    "insertion_percentile": 0.107
  },
  "rho": {
    "true": 0.5885785546753407,
    "median": 0.02697755384226319,
    "ci_lo": -0.8119610229506726,
    "ci_hi": 0.8083949358373747,
    "covered": true,
    "insertion_percentile": 0.824
  }
}
Saved KDE posterior plot to /data/wiay/postgrads/shashwat/COMM_DATA/results/CALLIBRATION_S3_L2/ens7_bs2048_ep300_pat30_lr3.0e-04_wd1.0e-05_319409-3/inj_0041/posterior_kde.png
