==========================================
 Stage 3 Layer 2 (options) injection
 model = ens3_bs2048_ep300_pat30_lr3.0e-04_wd1.0e-05_319409-2
 seed  = 63
==========================================
Model: ens3_bs2048_ep300_pat30_lr3.0e-04_wd1.0e-05_319409-2
Injection seed: 63
Output dir: /data/wiay/postgrads/shashwat/COMM_DATA/results/CALLIBRATION_S3_L2/ens3_bs2048_ep300_pat30_lr3.0e-04_wd1.0e-05_319409-2/inj_0063
Loaded 3 ensemble members from ens3_bs2048_ep300_pat30_lr3.0e-04_wd1.0e-05_319409-2: ['model_00', 'model_01', 'model_02']
{
  "kappa": {
    "true": 2.8443889222882817,
    "median": 2.542467743442862,
    "ci_lo": 0.3327337030382174,
    "ci_hi": 4.746310227687224,
    "covered": true,
    "insertion_percentile": 0.5613346418056918
  },
  "sigma_chi": {
    "true": 0.595742377872793,
    "median": 0.32952557950797307,
    "ci_lo": 0.07818201472002029,
    "ci_hi": 0.5694325408854694,
    "covered": false,
    "insertion_percentile": 0.9950932286555446
  },
  "sigma_xi": {
    "true": 0.11884058172013279,
    "median": 0.2317339206524867,
    "ci_lo": 0.07460122377218187,
    "ci_hi": 0.3817353413115594,
    "covered": true,
    "insertion_percentile": 0.1717369970559372
  },
  "rho": {
    "true": 0.009517702000710004,
    "median": -0.016820681151406336,
    "ci_lo": -0.8033885395860163,
    "ci_hi": 0.803854724812998,
    "covered": true,
    "insertion_percentile": 0.5112855740922473
  }
}
Saved KDE posterior plot to /data/wiay/postgrads/shashwat/COMM_DATA/results/CALLIBRATION_S3_L2/ens3_bs2048_ep300_pat30_lr3.0e-04_wd1.0e-05_319409-2/inj_0063/posterior_kde.png
