==========================================
 Stage 3 Layer 2 (options) injection
 model = ens5_bs1024_ep300_pat30_lr3.0e-04_wd1.0e-05_319409-4
 seed  = 3
==========================================
Model: ens5_bs1024_ep300_pat30_lr3.0e-04_wd1.0e-05_319409-4
Injection seed: 3
Output dir: /data/wiay/postgrads/shashwat/COMM_DATA/results/CALLIBRATION_S3_L2/ens5_bs1024_ep300_pat30_lr3.0e-04_wd1.0e-05_319409-4/inj_0003
Loaded 5 ensemble members from ens5_bs1024_ep300_pat30_lr3.0e-04_wd1.0e-05_319409-4: ['model_00', 'model_01', 'model_02', 'model_03', 'model_04']
{
  "kappa": {
    "true": 0.5196809190037595,
    "median": 2.5571643818287644,
    "ci_lo": 0.35198963025202906,
    "ci_hi": 4.726553578332095,
    "covered": true,
    "insertion_percentile": 0.09320388349514563
  },
  "sigma_chi": {
    "true": 0.18024577862785485,
    "median": 0.33309627201468106,
    "ci_lo": 0.07399307343757726,
    "ci_hi": 0.5744797951390741,
    "covered": true,
    "insertion_percentile": 0.23883495145631067
  },
  "sigma_xi": {
    "true": 0.33044606282223893,
    "median": 0.22073710824252832,
    "ci_lo": 0.06335425627675739,
    "ci_hi": 0.3790459030989052,
    "covered": true,
    "insertion_percentile": 0.8097087378640777
  },
  "rho": {
    "true": 0.14789166491586203,
    "median": -0.05067439178233063,
    "ci_lo": -0.8245624198701829,
    "ci_hi": 0.8075697028105595,
    "covered": true,
    "insertion_percentile": 0.6174757281553398
  }
}
Saved KDE posterior plot to /data/wiay/postgrads/shashwat/COMM_DATA/results/CALLIBRATION_S3_L2/ens5_bs1024_ep300_pat30_lr3.0e-04_wd1.0e-05_319409-4/inj_0003/posterior_kde.png
