==========================================
 Stage 3 Layer 2 (options) injection
 model = ens5_bs2048_ep300_pat30_lr3.0e-04_wd1.0e-05_319409-0
 seed  = 49
==========================================
Model: ens5_bs2048_ep300_pat30_lr3.0e-04_wd1.0e-05_319409-0
Injection seed: 49
Output dir: /data/wiay/postgrads/shashwat/COMM_DATA/results/CALLIBRATION_S3_L2/ens5_bs2048_ep300_pat30_lr3.0e-04_wd1.0e-05_319409-0/inj_0049
Loaded 5 ensemble members from ens5_bs2048_ep300_pat30_lr3.0e-04_wd1.0e-05_319409-0: ['model_00', 'model_01', 'model_02', 'model_03', 'model_04']
{
  "kappa": {
    "true": 1.8779855421530678,
    "median": 2.5257012560281193,
    "ci_lo": 0.3414246847807313,
    "ci_hi": 4.740989944551294,
    "covered": true,
    "insertion_percentile": 0.3894736842105263
  },
  "sigma_chi": {
    "true": 0.3762694930933527,
    "median": 0.3297396986078802,
    "ci_lo": 0.07403550319835886,
    "ci_hi": 0.5755013394027313,
    "covered": true,
    "insertion_percentile": 0.5866028708133971
  },
  "sigma_xi": {
    "true": 0.18718257418746548,
    "median": 0.2344313892805161,
    "ci_lo": 0.06896718306593756,
    "ci_hi": 0.3847955187350214,
    "covered": true,
    "insertion_percentile": 0.37799043062200954
  },
  "rho": {
    "true": 0.22265871421790429,
    "median": 0.054988475883559707,
    "ci_lo": -0.8081380571768803,
    "ci_hi": 0.8144619546672918,
    "covered": true,
    "insertion_percentile": 0.6
  }
}
Saved KDE posterior plot to /data/wiay/postgrads/shashwat/COMM_DATA/results/CALLIBRATION_S3_L2/ens5_bs2048_ep300_pat30_lr3.0e-04_wd1.0e-05_319409-0/inj_0049/posterior_kde.png
