==========================================
 Stage 3 Layer 2 (options) injection
 model = ens7_bs2048_ep300_pat30_lr3.0e-04_wd1.0e-05_319409-3
 seed  = 35
==========================================
Model: ens7_bs2048_ep300_pat30_lr3.0e-04_wd1.0e-05_319409-3
Injection seed: 35
Output dir: /data/wiay/postgrads/shashwat/COMM_DATA/results/CALLIBRATION_S3_L2/ens7_bs2048_ep300_pat30_lr3.0e-04_wd1.0e-05_319409-3/inj_0035
Loaded 7 ensemble members from ens7_bs2048_ep300_pat30_lr3.0e-04_wd1.0e-05_319409-3: ['model_00', 'model_01', 'model_02', 'model_03', 'model_04', 'model_05', 'model_06']
{
  "kappa": {
    "true": 1.7559528385302505,
    "median": 2.4651928912141883,
    "ci_lo": 0.3592336319267905,
    "ci_hi": 4.752217178111888,
    "covered": true,
    "insertion_percentile": 0.34535104364326374
  },
  "sigma_chi": {
    "true": 0.30217255585684405,
    "median": 0.31624114772779777,
    "ci_lo": 0.07431783186236146,
    "ci_hi": 0.5726220996455874,
    "covered": true,
    "insertion_percentile": 0.47248576850094876
  },
  "sigma_xi": {
    "true": 0.37725239779743447,
    "median": 0.2176681500690517,
    "ci_lo": 0.06650426468975999,
    "ci_hi": 0.38305998402520103,
    "covered": true,
    "insertion_percentile": 0.9364326375711575
  },
  "rho": {
    "true": 0.8042862523444058,
    "median": 0.017288556322505533,
    "ci_lo": -0.8130099537364456,
    "ci_hi": 0.8017957320754578,
    "covered": false,
    "insertion_percentile": 0.9516129032258065
  }
}
Saved KDE posterior plot to /data/wiay/postgrads/shashwat/COMM_DATA/results/CALLIBRATION_S3_L2/ens7_bs2048_ep300_pat30_lr3.0e-04_wd1.0e-05_319409-3/inj_0035/posterior_kde.png
