==========================================
 Stage 3 Layer 2 (options) injection
 model = ens3_bs2048_ep300_pat30_lr3.0e-04_wd1.0e-05_319409-2
 seed  = 57
==========================================
Model: ens3_bs2048_ep300_pat30_lr3.0e-04_wd1.0e-05_319409-2
Injection seed: 57
Output dir: /data/wiay/postgrads/shashwat/COMM_DATA/results/CALLIBRATION_S3_L2/ens3_bs2048_ep300_pat30_lr3.0e-04_wd1.0e-05_319409-2/inj_0057
Loaded 3 ensemble members from ens3_bs2048_ep300_pat30_lr3.0e-04_wd1.0e-05_319409-2: ['model_00', 'model_01', 'model_02']
{
  "kappa": {
    "true": 3.452416845462155,
    "median": 2.56039592758881,
    "ci_lo": 0.33029259361650554,
    "ci_hi": 4.708720288154574,
    "covered": true,
    "insertion_percentile": 0.6934579439252336
  },
  "sigma_chi": {
    "true": 0.3075715825196626,
    "median": 0.3355224200917336,
    "ci_lo": 0.07642987614890775,
    "ci_hi": 0.5735771587683673,
    "covered": true,
    "insertion_percentile": 0.4485981308411215
  },
  "sigma_xi": {
    "true": 0.3444317844131574,
    "median": 0.2285025287052632,
    "ci_lo": 0.06446106147732635,
    "ci_hi": 0.38436038976722825,
    "covered": true,
    "insertion_percentile": 0.8345794392523365
  },
  "rho": {
    "true": -0.28742434585435506,
    "median": -0.007671047861091351,
    "ci_lo": -0.798904344962222,
    "ci_hi": 0.8180807763302838,
    "covered": true,
    "insertion_percentile": 0.3532710280373832
  }
}
Saved KDE posterior plot to /data/wiay/postgrads/shashwat/COMM_DATA/results/CALLIBRATION_S3_L2/ens3_bs2048_ep300_pat30_lr3.0e-04_wd1.0e-05_319409-2/inj_0057/posterior_kde.png
