==========================================
 Stage 3 Layer 2 (options) injection
 model = ens3_bs2048_ep300_pat30_lr3.0e-04_wd1.0e-05_319409-2
 seed  = 13
==========================================
Model: ens3_bs2048_ep300_pat30_lr3.0e-04_wd1.0e-05_319409-2
Injection seed: 13
Output dir: /data/wiay/postgrads/shashwat/COMM_DATA/results/CALLIBRATION_S3_L2/ens3_bs2048_ep300_pat30_lr3.0e-04_wd1.0e-05_319409-2/inj_0013
Loaded 3 ensemble members from ens3_bs2048_ep300_pat30_lr3.0e-04_wd1.0e-05_319409-2: ['model_00', 'model_01', 'model_02']
{
  "kappa": {
    "true": 4.337508176381274,
    "median": 2.457517940811374,
    "ci_lo": 0.2840332820480729,
    "ci_hi": 4.781116307412748,
    "covered": true,
    "insertion_percentile": 0.8361138370951914
  },
  "sigma_chi": {
    "true": 0.5204163832126324,
    "median": 0.33066437533147236,
    "ci_lo": 0.07979511475776474,
    "ci_hi": 0.5724475244136479,
    "covered": true,
    "insertion_percentile": 0.8626104023552502
  },
  "sigma_xi": {
    "true": 0.3338581895745198,
    "median": 0.2236066103345466,
    "ci_lo": 0.07080956754297581,
    "ci_hi": 0.3886857720653693,
    "covered": true,
    "insertion_percentile": 0.7772325809617272
  },
  "rho": {
    "true": -0.42939654945034217,
    "median": -0.012687413319562912,
    "ci_lo": -0.7834964420662359,
    "ci_hi": 0.812078090168896,
    "covered": true,
    "insertion_percentile": 0.26104023552502453
  }
}
Saved KDE posterior plot to /data/wiay/postgrads/shashwat/COMM_DATA/results/CALLIBRATION_S3_L2/ens3_bs2048_ep300_pat30_lr3.0e-04_wd1.0e-05_319409-2/inj_0013/posterior_kde.png
