==========================================
 Stage 3 Layer 2 (options) injection
 model = ens5_bs2048_ep300_pat30_lr1.0e-04_wd1.0e-05_319409-1
 seed  = 51
==========================================
Model: ens5_bs2048_ep300_pat30_lr1.0e-04_wd1.0e-05_319409-1
Injection seed: 51
Output dir: /data/wiay/postgrads/shashwat/COMM_DATA/results/CALLIBRATION_S3_L2/ens5_bs2048_ep300_pat30_lr1.0e-04_wd1.0e-05_319409-1/inj_0051
Loaded 5 ensemble members from ens5_bs2048_ep300_pat30_lr1.0e-04_wd1.0e-05_319409-1: ['model_00', 'model_01', 'model_02', 'model_03', 'model_04']
{
  "kappa": {
    "true": 4.717961861725042,
    "median": 2.4245128405482106,
    "ci_lo": 0.32445259663709036,
    "ci_hi": 4.750368346131594,
    "covered": true,
    "insertion_percentile": 0.9435850773430391
  },
  "sigma_chi": {
    "true": 0.21892609843380706,
    "median": 0.3242125890714609,
    "ci_lo": 0.07997323623278073,
    "ci_hi": 0.5725671621439592,
    "covered": true,
    "insertion_percentile": 0.3130118289353958
  },
  "sigma_xi": {
    "true": 0.1392173220450253,
    "median": 0.22812441199863953,
    "ci_lo": 0.06560110210779814,
    "ci_hi": 0.38016208304926946,
    "covered": true,
    "insertion_percentile": 0.25659690627843496
  },
  "rho": {
    "true": -0.49928665501760233,
    "median": 0.009770783353181822,
    "ci_lo": -0.7845629384659022,
    "ci_hi": 0.8128824189812215,
    "covered": true,
    "insertion_percentile": 0.20655141037306643
  }
}
Saved KDE posterior plot to /data/wiay/postgrads/shashwat/COMM_DATA/results/CALLIBRATION_S3_L2/ens5_bs2048_ep300_pat30_lr1.0e-04_wd1.0e-05_319409-1/inj_0051/posterior_kde.png
