==========================================
 Stage 3 Layer 2 (options) injection
 model = ens5_bs2048_ep300_pat30_lr3.0e-04_wd1.0e-04_319409-5
 seed  = 32
==========================================
Model: ens5_bs2048_ep300_pat30_lr3.0e-04_wd1.0e-04_319409-5
Injection seed: 32
Output dir: /data/wiay/postgrads/shashwat/COMM_DATA/results/CALLIBRATION_S3_L2/ens5_bs2048_ep300_pat30_lr3.0e-04_wd1.0e-04_319409-5/inj_0032
Loaded 5 ensemble members from ens5_bs2048_ep300_pat30_lr3.0e-04_wd1.0e-04_319409-5: ['model_00', 'model_01', 'model_02', 'model_03', 'model_04']
{
  "kappa": {
    "true": 0.8851898688363635,
    "median": 2.5354957204351303,
    "ci_lo": 0.32904074861744953,
    "ci_hi": 4.73021141154242,
    "covered": true,
    "insertion_percentile": 0.17982873453853473
  },
  "sigma_chi": {
    "true": 0.3647262225096461,
    "median": 0.31035256163918074,
    "ci_lo": 0.08091440199348299,
    "ci_hi": 0.5685234940678343,
    "covered": true,
    "insertion_percentile": 0.5870599429115129
  },
  "sigma_xi": {
    "true": 0.1819974438865145,
    "median": 0.2286225990513111,
    "ci_lo": 0.06887435568256574,
    "ci_hi": 0.38387375666245294,
    "covered": true,
    "insertion_percentile": 0.37297811607992387
  },
  "rho": {
    "true": -0.31871667622834376,
    "median": -0.015129803599011282,
    "ci_lo": -0.7984831314894607,
    "ci_hi": 0.8194026498573386,
    "covered": true,
    "insertion_percentile": 0.31779257849666986
  }
}
Saved KDE posterior plot to /data/wiay/postgrads/shashwat/COMM_DATA/results/CALLIBRATION_S3_L2/ens5_bs2048_ep300_pat30_lr3.0e-04_wd1.0e-04_319409-5/inj_0032/posterior_kde.png
