==========================================
 Stage 3 Layer 2 (options) injection
 model = ens5_bs2048_ep300_pat30_lr1.0e-04_wd1.0e-05_319409-1
 seed  = 40
==========================================
Model: ens5_bs2048_ep300_pat30_lr1.0e-04_wd1.0e-05_319409-1
Injection seed: 40
Output dir: /data/wiay/postgrads/shashwat/COMM_DATA/results/CALLIBRATION_S3_L2/ens5_bs2048_ep300_pat30_lr1.0e-04_wd1.0e-05_319409-1/inj_0040
Loaded 5 ensemble members from ens5_bs2048_ep300_pat30_lr1.0e-04_wd1.0e-05_319409-1: ['model_00', 'model_01', 'model_02', 'model_03', 'model_04']
{
  "kappa": {
    "true": 3.6765026267971166,
    "median": 2.5546131760339246,
    "ci_lo": 0.35868018393015305,
    "ci_hi": 4.764085246647981,
    "covered": true,
    "insertion_percentile": 0.7415946205571565
  },
  "sigma_chi": {
    "true": 0.43137822624103417,
    "median": 0.3264669746591873,
    "ci_lo": 0.07795574457251365,
    "ci_hi": 0.5763003687278347,
    "covered": true,
    "insertion_percentile": 0.675312199807877
  },
  "sigma_xi": {
    "true": 0.379672356032104,
    "median": 0.22822765531806005,
    "ci_lo": 0.07007913991789883,
    "ci_hi": 0.3828387280927067,
    "covered": true,
    "insertion_percentile": 0.9375600384245918
  },
  "rho": {
    "true": -0.7926262919194065,
    "median": 0.010042734867401593,
    "ci_lo": -0.8250733369963013,
    "ci_hi": 0.8163520801578882,
    "covered": true,
    "insertion_percentile": 0.069164265129683
  }
}
Saved KDE posterior plot to /data/wiay/postgrads/shashwat/COMM_DATA/results/CALLIBRATION_S3_L2/ens5_bs2048_ep300_pat30_lr1.0e-04_wd1.0e-05_319409-1/inj_0040/posterior_kde.png
