/data/wiay/postgrads/shashwat/qunat_com_future/lib/python3.11/site-packages/nessai/utils/logging.py:133: FutureWarning: setup_logger is deprecated, use configure_logger instead
  warnings.warn(
08-04 16:46 nessai INFO    : Running Nessai version 0.15.2
08-04 16:46 nessai INFO    : Starting multiprocessing pool with 4 processes
08-04 16:46 nessai INFO    : Initialising nested sampler
08-04 16:46 nessai WARNING : Multiprocessing pool has already been configured.
/data/wiay/postgrads/shashwat/qunat_com_future/lib/python3.11/site-packages/nessai/gw/__init__.py:12: FutureWarning: The `nessai.gw` module will be deprecated in the next release in favour of the nessai-gw package. This packages provides the same functionality as`nessai.gw` via the plugin interface.For more details, see: https://github.com/mj-will/nessai-gw
  warnings.warn(
08-04 16:46 nessai INFO    : Passing kwargs to FlowProposal: {'poolsize': 1000}
08-04 16:46 nessai INFO    : No reparameterisations provided, using default reparameterisations included in FlowProposal
08-04 16:46 nessai INFO    : Adding reparameterisations from: {}
08-04 16:46 nessai INFO    : Assuming fallback reparameterisation (ScaleAndShift) for ['kappa', 'sigma_chi', 'sigma_xi', 'rho'] with kwargs: {'estimate_scale': True, 'estimate_shift': True, 'prior_bounds': {'kappa': array([0.1, 5. ]), 'sigma_chi': array([0.05, 0.6 ]), 'sigma_xi': array([0.05, 0.4 ]), 'rho': array([-0.9,  0.9])}}.
08-04 16:46 nessai INFO    : x space parameters: ['kappa', 'sigma_chi', 'sigma_xi', 'rho']
08-04 16:46 nessai INFO    : x prime space parameters: ['kappa_prime', 'sigma_chi_prime', 'sigma_xi_prime', 'rho_prime']
08-04 16:46 nessai INFO    : Overwriting fuzz factor with expansion fraction
08-04 16:46 nessai INFO    : New fuzz factor: 1.4953487812212205
08-04 16:46 nessai INFO    : Verifying rescaling functions
08-04 16:46 nessai INFO    : Rescaling functions are invertible
08-04 16:46 nessai INFO    : Populating initial live points
08-04 16:46 nessai INFO    : Populated 100 / 1000 live points
08-04 16:46 nessai INFO    : Populated 200 / 1000 live points
08-04 16:46 nessai INFO    : Populated 300 / 1000 live points
08-04 16:46 nessai INFO    : Populated 400 / 1000 live points
08-04 16:46 nessai INFO    : Populated 500 / 1000 live points
08-04 16:46 nessai INFO    : Populated 600 / 1000 live points
08-04 16:46 nessai INFO    : Populated 700 / 1000 live points
08-04 16:46 nessai INFO    : Populated 800 / 1000 live points
08-04 16:46 nessai INFO    : Populated 900 / 1000 live points
08-04 16:46 nessai INFO    : Populated 1000 / 1000 live points
08-04 16:46 nessai INFO    : Starting nested sampling loop
08-04 16:46 nessai INFO    : it:  1000: Rolling KS test: D=0.038, p-value=0.05428
08-04 16:46 nessai INFO    : it:  1000: n eval: 3000 H: 0.45 dlogZ: 0.498 logZ: -5.153 +/- 0.021 logLmax: -4.59
08-04 16:46 nessai INFO    : it:  2000: Rolling KS test: D=0.024, p-value=0.311
08-04 16:46 nessai INFO    : it:  2000: n eval: 8000 H: 0.14 dlogZ: 0.159 logZ: -4.834 +/- 0.012 logLmax: -4.59
08-04 16:46 nessai INFO    : Switching to FlowProposal
/data/wiay/postgrads/shashwat/qunat_com_future/lib/python3.11/site-packages/torch/autograd/graph.py:882: UserWarning: CUDA initialization: The NVIDIA driver on your system is too old (found version 12020). Please update your GPU driver by downloading and installing a new version from the URL: http://www.nvidia.com/Download/index.aspx Alternatively, go to: https://pytorch.org to install a PyTorch version that has been compiled with your version of the CUDA driver. (Triggered internally at /pytorch/c10/cuda/CUDAFunctions.cpp:119.)
  return Variable._execution_engine.run_backward(  # Calls into the C++ engine to run the backward pass
08-04 16:46 nessai INFO    : Stopping with difference_log_evidence=0.100
08-04 16:46 nessai INFO    : Finalising
/data/wiay/postgrads/shashwat/qunat_com_future/lib/python3.11/site-packages/nessai/evidence.py:149: RuntimeWarning: invalid value encountered in sqrt
  return np.sqrt(self.info[-1] / self.base_nlive)
08-04 16:46 nessai INFO    : Final ln-evidence: -4.683 +/- nan
08-04 16:46 nessai INFO    : Information: -0.01
08-04 16:46 nessai INFO    : Final KS test: D=0.02236, p-value=0.085
08-04 16:46 nessai INFO    : Checkpointing nested sampling
08-04 16:46 nessai INFO    : Total sampling time: 0:00:12.619699
08-04 16:46 nessai INFO    : Total training time: 0:00:04.648780
08-04 16:46 nessai INFO    : Total population time: 0:00:03.234561
08-04 16:46 nessai INFO    : Total likelihood evaluations: 10220
08-04 16:46 nessai INFO    : Time spent evaluating likelihood: 0:00:03.642327
08-04 16:46 nessai INFO    : Total sampling time: 0:00:12.619699
08-04 16:46 nessai INFO    : Total likelihood evaluations: 10220
08-04 16:46 nessai INFO    : Starting post processing
08-04 16:46 nessai INFO    : Computing posterior samples
08-04 16:46 nessai INFO    : Effective sample size: 2025.5
08-04 16:46 nessai INFO    : Producing posterior samples using rejection sampling
08-04 16:46 nessai INFO    : Expect 1032.1924545043669 samples from rejection sampling
08-04 16:46 nessai INFO    : Returned 1034 posterior samples
08-04 16:46 nessai INFO    : Starting to close worker pool.
08-04 16:46 nessai INFO    : Finished closing worker pool.
