000 (320876.000.000) 2026-08-04 12:38:26 Job submitted from host: <130.209.45.81:9618?addrs=130.209.45.81-9618&alias=wiay.astro.gla.ac.uk&noUDP&sock=schedd_7939_1277>
    DAG Node: inj_ens5_bs2048_ep300_pat30_lr3p0e_04_wd1p0e_05_319409_0_0066
...
001 (320876.000.000) 2026-08-04 17:45:48 Job executing on host: <130.209.45.171:9619?addrs=130.209.45.171-9619&alias=puck.astro.gla.ac.uk&noUDP&sock=startd_79_147a>
	SlotName: slot1_1@puck.astro.gla.ac.uk
	AvailableGPUs = {  }
	CondorScratchDir = "/var/lib/condor/execute/dir_414648"
	Cpus = 4
	Disk = 2048
	GPUs = 0
	Memory = 16384
...
006 (320876.000.000) 2026-08-04 17:45:57 Image size of job updated: 745664
	729  -  MemoryUsage of job (MB)
	745664  -  ResidentSetSize of job (KB)
...
006 (320876.000.000) 2026-08-04 17:45:59 Image size of job updated: 745720
	729  -  MemoryUsage of job (MB)
	745720  -  ResidentSetSize of job (KB)
...
005 (320876.000.000) 2026-08-04 17:45:59 Job terminated.
	(1) Normal termination (return value 0)
		Usr 0 00:00:09, Sys 0 00:00:00  -  Run Remote Usage
		Usr 0 00:00:00, Sys 0 00:00:00  -  Run Local Usage
		Usr 0 00:00:09, Sys 0 00:00:00  -  Total Remote Usage
		Usr 0 00:00:00, Sys 0 00:00:00  -  Total Local Usage
	0  -  Run Bytes Sent By Job
	0  -  Run Bytes Received By Job
	0  -  Total Bytes Sent By Job
	0  -  Total Bytes Received By Job
	Partitionable Resources :    Usage  Request Allocated 
	   Cpus                 :        0        4         4 
	   Disk (KB)            :        1     1024      2048 
	   GPUs                 :                           0 
	   Memory (MB)          :      729    16384     16384 
	   TimeExecute (s)      :       11                    
	   TimeSlotBusy (s)     :       11                    
...
