000 (320883.000.000) 2026-08-04 12:38:27 Job submitted from host: <130.209.45.81:9618?addrs=130.209.45.81-9618&alias=wiay.astro.gla.ac.uk&noUDP&sock=schedd_7939_1277>
    DAG Node: inj_ens7_bs2048_ep300_pat30_lr3p0e_04_wd1p0e_05_319409_3_0003
...
001 (320883.000.000) 2026-08-04 17:46:09 Job executing on host: <130.209.45.171:9619?addrs=130.209.45.171-9619&alias=puck.astro.gla.ac.uk&noUDP&sock=startd_79_147a>
	SlotName: slot1_1@puck.astro.gla.ac.uk
	AvailableGPUs = {  }
	CondorScratchDir = "/var/lib/condor/execute/dir_414774"
	Cpus = 4
	Disk = 2048
	GPUs = 0
	Memory = 16384
...
006 (320883.000.000) 2026-08-04 17:46:18 Image size of job updated: 731264
	715  -  MemoryUsage of job (MB)
	731264  -  ResidentSetSize of job (KB)
...
006 (320883.000.000) 2026-08-04 17:46:21 Image size of job updated: 731284
	715  -  MemoryUsage of job (MB)
	731284  -  ResidentSetSize of job (KB)
...
005 (320883.000.000) 2026-08-04 17:46:21 Job terminated.
	(1) Normal termination (return value 0)
		Usr 0 00:00:10, Sys 0 00:00:00  -  Run Remote Usage
		Usr 0 00:00:00, Sys 0 00:00:00  -  Run Local Usage
		Usr 0 00:00:10, Sys 0 00:00:00  -  Total Remote Usage
		Usr 0 00:00:00, Sys 0 00:00:00  -  Total Local Usage
	0  -  Run Bytes Sent By Job
	0  -  Run Bytes Received By Job
	0  -  Total Bytes Sent By Job
	0  -  Total Bytes Received By Job
	Partitionable Resources :    Usage  Request Allocated 
	   Cpus                 :        0        4         4 
	   Disk (KB)            :        1     1024      2048 
	   GPUs                 :                           0 
	   Memory (MB)          :      715    16384     16384 
	   TimeExecute (s)      :       12                    
	   TimeSlotBusy (s)     :       12                    
...
