000 (320808.000.000) 2026-08-04 12:38:14 Job submitted from host: <130.209.45.81:9618?addrs=130.209.45.81-9618&alias=wiay.astro.gla.ac.uk&noUDP&sock=schedd_7939_1277>
    DAG Node: inj_ens5_bs2048_ep300_pat30_lr3p0e_04_wd1p0e_04_319409_5_0068
...
001 (320808.000.000) 2026-08-04 17:41:45 Job executing on host: <130.209.45.171:9619?addrs=130.209.45.171-9619&alias=puck.astro.gla.ac.uk&noUDP&sock=startd_79_147a>
	SlotName: slot1_7@puck.astro.gla.ac.uk
	AvailableGPUs = {  }
	CondorScratchDir = "/var/lib/condor/execute/dir_413424"
	Cpus = 4
	Disk = 2048
	GPUs = 0
	Memory = 16384
...
006 (320808.000.000) 2026-08-04 17:41:54 Image size of job updated: 662696
	648  -  MemoryUsage of job (MB)
	662696  -  ResidentSetSize of job (KB)
...
006 (320808.000.000) 2026-08-04 17:41:59 Image size of job updated: 738324
	648  -  MemoryUsage of job (MB)
	662696  -  ResidentSetSize of job (KB)
...
005 (320808.000.000) 2026-08-04 17:41:59 Job terminated.
	(1) Normal termination (return value 0)
		Usr 0 00:00:12, Sys 0 00:00:00  -  Run Remote Usage
		Usr 0 00:00:00, Sys 0 00:00:00  -  Run Local Usage
		Usr 0 00:00:12, Sys 0 00:00:00  -  Total Remote Usage
		Usr 0 00:00:00, Sys 0 00:00:00  -  Total Local Usage
	0  -  Run Bytes Sent By Job
	0  -  Run Bytes Received By Job
	0  -  Total Bytes Sent By Job
	0  -  Total Bytes Received By Job
	Partitionable Resources :    Usage  Request Allocated 
	   Cpus                 :        0        4         4 
	   Disk (KB)            :        1     1024      2048 
	   GPUs                 :                           0 
	   Memory (MB)          :      648    16384     16384 
	   TimeExecute (s)      :       14                    
	   TimeSlotBusy (s)     :       14                    
...
