000 (320744.000.000) 2026-08-04 12:38:02 Job submitted from host: <130.209.45.81:9618?addrs=130.209.45.81-9618&alias=wiay.astro.gla.ac.uk&noUDP&sock=schedd_7939_1277>
    DAG Node: inj_ens5_bs2048_ep300_pat30_lr3p0e_04_wd1p0e_04_319409_5_0004
...
001 (320744.000.000) 2026-08-04 17:38:15 Job executing on host: <130.209.203.171:9619?addrs=130.209.203.171-9619&alias=balta.physics.gla.ac.uk&noUDP&sock=startd_79_147a>
	SlotName: slot1_5@balta.physics.gla.ac.uk
	AvailableGPUs = {  }
	CondorScratchDir = "/var/lib/condor/execute/dir_159233"
	Cpus = 4
	Disk = 2048
	GPUs = 0
	Memory = 16384
...
006 (320744.000.000) 2026-08-04 17:38:23 Image size of job updated: 616400
	602  -  MemoryUsage of job (MB)
	616400  -  ResidentSetSize of job (KB)
...
006 (320744.000.000) 2026-08-04 17:38:34 Image size of job updated: 653884
	603  -  MemoryUsage of job (MB)
	616468  -  ResidentSetSize of job (KB)
...
005 (320744.000.000) 2026-08-04 17:38:34 Job terminated.
	(1) Normal termination (return value 0)
		Usr 0 00:00:26, Sys 0 00:00:00  -  Run Remote Usage
		Usr 0 00:00:00, Sys 0 00:00:00  -  Run Local Usage
		Usr 0 00:00:26, Sys 0 00:00:00  -  Total Remote Usage
		Usr 0 00:00:00, Sys 0 00:00:00  -  Total Local Usage
	0  -  Run Bytes Sent By Job
	0  -  Run Bytes Received By Job
	0  -  Total Bytes Sent By Job
	0  -  Total Bytes Received By Job
	Partitionable Resources :    Usage  Request Allocated 
	   Cpus                 :        0        4         4 
	   Disk (KB)            :        1     1024      2048 
	   GPUs                 :                           0 
	   Memory (MB)          :      603    16384     16384 
	   TimeExecute (s)      :       19                    
	   TimeSlotBusy (s)     :       19                    
...
