000 (320537.000.000) 2026-08-04 12:37:33 Job submitted from host: <130.209.45.81:9618?addrs=130.209.45.81-9618&alias=wiay.astro.gla.ac.uk&noUDP&sock=schedd_7939_1277>
    DAG Node: inj_ens3_bs2048_ep300_pat30_lr3p0e_04_wd1p0e_05_319409_2_0007
...
001 (320537.000.000) 2026-08-04 17:26:02 Job executing on host: <130.209.45.171:9619?addrs=130.209.45.171-9619&alias=puck.astro.gla.ac.uk&noUDP&sock=startd_79_147a>
	SlotName: slot1_7@puck.astro.gla.ac.uk
	AvailableGPUs = {  }
	CondorScratchDir = "/var/lib/condor/execute/dir_408483"
	Cpus = 4
	Disk = 2048
	GPUs = 0
	Memory = 16384
...
006 (320537.000.000) 2026-08-04 17:26:10 Image size of job updated: 671084
	656  -  MemoryUsage of job (MB)
	671084  -  ResidentSetSize of job (KB)
...
006 (320537.000.000) 2026-08-04 17:26:14 Image size of job updated: 730708
	656  -  MemoryUsage of job (MB)
	671084  -  ResidentSetSize of job (KB)
...
005 (320537.000.000) 2026-08-04 17:26:14 Job terminated.
	(1) Normal termination (return value 0)
		Usr 0 00:00:11, Sys 0 00:00:00  -  Run Remote Usage
		Usr 0 00:00:00, Sys 0 00:00:00  -  Run Local Usage
		Usr 0 00:00:11, Sys 0 00:00:00  -  Total Remote Usage
		Usr 0 00:00:00, Sys 0 00:00:00  -  Total Local Usage
	0  -  Run Bytes Sent By Job
	0  -  Run Bytes Received By Job
	0  -  Total Bytes Sent By Job
	0  -  Total Bytes Received By Job
	Partitionable Resources :    Usage  Request Allocated 
	   Cpus                 :        0        4         4 
	   Disk (KB)            :        1     1024      2048 
	   GPUs                 :                           0 
	   Memory (MB)          :      656    16384     16384 
	   TimeExecute (s)      :       13                    
	   TimeSlotBusy (s)     :       13                    
...
