==========================================
 Stage 3 Layer 1 injection
 model = bs2048_a0.05_b0.05_ep600_pat40_lr3.0e-04_wd1.0e-05_319402-1
 seed  = 61
==========================================
Model: bs2048_a0.05_b0.05_ep600_pat40_lr3.0e-04_wd1.0e-05_319402-1
Injection seed: 61
Output dir: /data/wiay/postgrads/shashwat/COMM_DATA/results/CALLIBRATION_S3_L1/bs2048_a0.05_b0.05_ep600_pat40_lr3.0e-04_wd1.0e-05_319402-1/inj_0061
{
  "kappa": {
    "true": 1.934433986100442,
    "median": 1.9303862390948376,
    "ci_lo": 1.9257698856401717,
    "ci_hi": 1.9349445934863132,
    "covered": true,
    "insertion_percentile": 0.9276507276507276
  },
  "mu_xi": {
    "true": 0.07719356181922665,
    "median": 0.09012926574315888,
    "ci_lo": 0.07510025956842156,
    "ci_hi": 0.09900059318299599,
    "covered": true,
    "insertion_percentile": 0.07858627858627859
  },
  "sigma_chi": {
    "true": 0.4191287069253106,
    "median": 0.2742091019937354,
    "ci_lo": 0.24371832712319308,
    "ci_hi": 0.32450353974031354,
    "covered": false,
    "insertion_percentile": 1.0
  },
  "sigma_xi": {
    "true": 0.29820419278923027,
    "median": 0.2509979772944079,
    "ci_lo": 0.21266703058856476,
    "ci_hi": 0.3051729837883619,
    "covered": true,
    "insertion_percentile": 0.9214137214137215
  },
  "rho": {
    "true": -0.11924497231092901,
    "median": -0.547954413056277,
    "ci_lo": -0.7367719844443676,
    "ci_hi": -0.34189286259693824,
    "covered": false,
    "insertion_percentile": 0.9997920997920998
  },
  "lambda_chi": {
    "true": 0.49726856798516317,
    "median": 0.47657639852807576,
    "ci_lo": 0.4519092156292742,
    "ci_hi": 0.49671081112715026,
    "covered": false,
    "insertion_percentile": 0.9619542619542619
  },
  "chi0": {
    "true": 0.4980928561898915,
    "median": 0.4884592935289698,
    "ci_lo": 0.4765584612362101,
    "ci_hi": 0.4985463869348372,
    "covered": true,
    "insertion_percentile": 0.9316008316008316
  },
  "xi0": {
    "true": 4.869332003461186,
    "median": 4.883397732199167,
    "ci_lo": 4.8725703233443145,
    "ci_hi": 4.896220634257741,
    "covered": false,
    "insertion_percentile": 0.002079002079002079
  }
}
Saved KDE posterior plot to /data/wiay/postgrads/shashwat/COMM_DATA/results/CALLIBRATION_S3_L1/bs2048_a0.05_b0.05_ep600_pat40_lr3.0e-04_wd1.0e-05_319402-1/inj_0061/posterior_kde.png
