==========================================
 Stage 3 Layer 1 injection
 model = bs4096_a0.10_b0.10_ep600_pat40_lr3.0e-04_wd1.0e-05_319402-4
 seed  = 22
==========================================
Model: bs4096_a0.10_b0.10_ep600_pat40_lr3.0e-04_wd1.0e-05_319402-4
Injection seed: 22
Output dir: /data/wiay/postgrads/shashwat/COMM_DATA/results/CALLIBRATION_S3_L1/bs4096_a0.10_b0.10_ep600_pat40_lr3.0e-04_wd1.0e-05_319402-4/inj_0022
{
  "kappa": {
    "true": 1.895099885617173,
    "median": 1.9118256400756244,
    "ci_lo": 1.9008921264706056,
    "ci_hi": 1.9229225006029127,
    "covered": false,
    "insertion_percentile": 0.0019845207382417148
  },
  "mu_xi": {
    "true": 0.01992953793750829,
    "median": 0.05491437514038312,
    "ci_lo": 0.05114542270083551,
    "ci_hi": 0.0567390907197422,
    "covered": false,
    "insertion_percentile": 0.0
  },
  "sigma_chi": {
    "true": 0.0987071052937034,
    "median": 0.31323512346412197,
    "ci_lo": 0.17792603030849272,
    "ci_hi": 0.4000265108958043,
    "covered": false,
    "insertion_percentile": 0.00952569954356023
  },
  "sigma_xi": {
    "true": 0.27861709066032203,
    "median": 0.08455646471509608,
    "ci_lo": 0.05929975072587722,
    "ci_hi": 0.12128219399627,
    "covered": false,
    "insertion_percentile": 1.0
  },
  "rho": {
    "true": -0.0731933194608958,
    "median": -0.2511308083577549,
    "ci_lo": -0.44922426330718185,
    "ci_hi": -0.007795196898143367,
    "covered": true,
    "insertion_percentile": 0.9013693193093868
  },
  "lambda_chi": {
    "true": 0.4876756188802016,
    "median": 0.387094473454782,
    "ci_lo": 0.2563806278153218,
    "ci_hi": 0.47075801040323856,
    "covered": false,
    "insertion_percentile": 0.986108354832308
  },
  "chi0": {
    "true": 0.35156806985113076,
    "median": 0.4116086181339856,
    "ci_lo": 0.36820919789558526,
    "ci_hi": 0.48002418333911123,
    "covered": false,
    "insertion_percentile": 0.004762849771780115
  },
  "xi0": {
    "true": 4.592403308092612,
    "median": 4.529655824104758,
    "ci_lo": 4.463525363020505,
    "ci_hi": 4.573181206047918,
    "covered": false,
    "insertion_percentile": 0.9954356023020441
  }
}
Saved KDE posterior plot to /data/wiay/postgrads/shashwat/COMM_DATA/results/CALLIBRATION_S3_L1/bs4096_a0.10_b0.10_ep600_pat40_lr3.0e-04_wd1.0e-05_319402-4/inj_0022/posterior_kde.png
