==========================================
 Stage 3 Layer 1 injection
 model = bs2048_a0.10_b0.10_ep600_pat40_lr3.0e-04_wd1.0e-05_319402-0
 seed  = 53
==========================================
Model: bs2048_a0.10_b0.10_ep600_pat40_lr3.0e-04_wd1.0e-05_319402-0
Injection seed: 53
Output dir: /data/wiay/postgrads/shashwat/COMM_DATA/results/CALLIBRATION_S3_L1/bs2048_a0.10_b0.10_ep600_pat40_lr3.0e-04_wd1.0e-05_319402-0/inj_0053
{
  "kappa": {
    "true": 0.15452227336490462,
    "median": 0.1545868712270105,
    "ci_lo": 0.14892322515604628,
    "ci_hi": 0.16102289735852343,
    "covered": true,
    "insertion_percentile": 0.491769965454176
  },
  "mu_xi": {
    "true": 0.07189106537677009,
    "median": 0.07356425403983295,
    "ci_lo": 0.06378055270900612,
    "ci_hi": 0.08942997386563488,
    "covered": true,
    "insertion_percentile": 0.40499898394635236
  },
  "sigma_chi": {
    "true": 0.23211995513304734,
    "median": 0.23062177640573536,
    "ci_lo": 0.19584013529935804,
    "ci_hi": 0.2658008234242181,
    "covered": true,
    "insertion_percentile": 0.5273318431213168
  },
  "sigma_xi": {
    "true": 0.3765810322670093,
    "median": 0.37179796095990486,
    "ci_lo": 0.32429215289279767,
    "ci_hi": 0.39538842828736254,
    "covered": true,
    "insertion_percentile": 0.6025198130461288
  },
  "rho": {
    "true": -0.7113154062864112,
    "median": -0.7804815944414701,
    "ci_lo": -0.8845902353372483,
    "ci_hi": -0.6079898431286641,
    "covered": true,
    "insertion_percentile": 0.7703718756350335
  },
  "lambda_chi": {
    "true": 0.16643664011044257,
    "median": 0.16260037168808825,
    "ci_lo": 0.1414360170903236,
    "ci_hi": 0.18465118970909358,
    "covered": true,
    "insertion_percentile": 0.6193863035968299
  },
  "chi0": {
    "true": 0.3192539268062028,
    "median": 0.3201216824913015,
    "ci_lo": 0.22340024355107513,
    "ci_hi": 0.41141530889326816,
    "covered": true,
    "insertion_percentile": 0.4931924405608616
  },
  "xi0": {
    "true": 4.2289172748526855,
    "median": 4.227913184967427,
    "ci_lo": 4.136964989655241,
    "ci_hi": 4.324292900885405,
    "covered": true,
    "insertion_percentile": 0.5080268238162975
  }
}
Saved KDE posterior plot to /data/wiay/postgrads/shashwat/COMM_DATA/results/CALLIBRATION_S3_L1/bs2048_a0.10_b0.10_ep600_pat40_lr3.0e-04_wd1.0e-05_319402-0/inj_0053/posterior_kde.png
