==========================================
 Stage 3 Layer 1 injection
 model = bs2048_a0.10_b0.10_ep600_pat40_lr1.0e-04_wd1.0e-05_319402-5
 seed  = 8
==========================================
Model: bs2048_a0.10_b0.10_ep600_pat40_lr1.0e-04_wd1.0e-05_319402-5
Injection seed: 8
Output dir: /data/wiay/postgrads/shashwat/COMM_DATA/results/CALLIBRATION_S3_L1/bs2048_a0.10_b0.10_ep600_pat40_lr1.0e-04_wd1.0e-05_319402-5/inj_0008
{
  "kappa": {
    "true": 1.7021641553672477,
    "median": 1.6754317454204974,
    "ci_lo": 1.6225582418276756,
    "ci_hi": 1.7194420523235474,
    "covered": true,
    "insertion_percentile": 0.8373884833738848
  },
  "mu_xi": {
    "true": 0.09872768433379256,
    "median": 0.09056466829208512,
    "ci_lo": 0.07593205884259248,
    "ci_hi": 0.09920374404120724,
    "covered": true,
    "insertion_percentile": 0.9201135442011354
  },
  "sigma_chi": {
    "true": 0.22529096116703418,
    "median": 0.20366296438894899,
    "ci_lo": 0.08265860670208793,
    "ci_hi": 0.3766619014455615,
    "covered": true,
    "insertion_percentile": 0.5922546634225466
  },
  "sigma_xi": {
    "true": 0.3259921275370101,
    "median": 0.35025343237353324,
    "ci_lo": 0.32469177430293955,
    "ci_hi": 0.3895617589912047,
    "covered": true,
    "insertion_percentile": 0.07603406326034064
  },
  "rho": {
    "true": 0.665813721053189,
    "median": 0.570155283118241,
    "ci_lo": -0.0026462860124452357,
    "ci_hi": 0.8608746028235232,
    "covered": true,
    "insertion_percentile": 0.647404703974047
  },
  "lambda_chi": {
    "true": -0.10891519346080603,
    "median": -0.006853718953566748,
    "ci_lo": -0.1395842767632076,
    "ci_hi": 0.1669053308347941,
    "covered": true,
    "insertion_percentile": 0.09002433090024331
  },
  "chi0": {
    "true": -0.062118126877201196,
    "median": -0.12647934851113857,
    "ci_lo": -0.2500244669860254,
    "ci_hi": -0.025550900645282523,
    "covered": true,
    "insertion_percentile": 0.8759124087591241
  },
  "xi0": {
    "true": 3.4318722577233824,
    "median": 3.4964649274405613,
    "ci_lo": 3.394009191462971,
    "ci_hi": 3.6201275516446425,
    "covered": true,
    "insertion_percentile": 0.12875101378751014
  }
}
Saved KDE posterior plot to /data/wiay/postgrads/shashwat/COMM_DATA/results/CALLIBRATION_S3_L1/bs2048_a0.10_b0.10_ep600_pat40_lr1.0e-04_wd1.0e-05_319402-5/inj_0008/posterior_kde.png
