==========================================
 Stage 3 Layer 1 injection
 model = bs2048_a0.10_b0.10_ep600_pat40_lr3.0e-04_wd1.0e-04_319402-6
 seed  = 40
==========================================
Model: bs2048_a0.10_b0.10_ep600_pat40_lr3.0e-04_wd1.0e-04_319402-6
Injection seed: 40
Output dir: /data/wiay/postgrads/shashwat/COMM_DATA/results/CALLIBRATION_S3_L1/bs2048_a0.10_b0.10_ep600_pat40_lr3.0e-04_wd1.0e-04_319402-6/inj_0040
{
  "kappa": {
    "true": 3.6765026267971166,
    "median": 3.5272228633607603,
    "ci_lo": 3.193417590297567,
    "ci_hi": 3.8733953957440588,
    "covered": true,
    "insertion_percentile": 0.7667861409796893
  },
  "mu_xi": {
    "true": 0.06934149568018803,
    "median": 0.056961117674063574,
    "ci_lo": 0.012852024382918999,
    "ci_hi": 0.06994655831110869,
    "covered": true,
    "insertion_percentile": 0.9108721624850658
  },
  "sigma_chi": {
    "true": 0.5680565594790205,
    "median": 0.36582435463259344,
    "ci_lo": 0.10722523401148773,
    "ci_hi": 0.5788479814740671,
    "covered": true,
    "insertion_percentile": 0.9230585424133811
  },
  "sigma_xi": {
    "true": 0.07087822101567097,
    "median": 0.17348407269796118,
    "ci_lo": 0.06329865861474035,
    "ci_hi": 0.34360451606526454,
    "covered": true,
    "insertion_percentile": 0.08291517323775388
  },
  "rho": {
    "true": 0.342937747306176,
    "median": -0.056728095892677105,
    "ci_lo": -0.7935897638000171,
    "ci_hi": 0.783854690857792,
    "covered": true,
    "insertion_percentile": 0.7120669056152927
  },
  "lambda_chi": {
    "true": 0.4223975190132162,
    "median": 0.22118910526290197,
    "ci_lo": -0.3286292135200775,
    "ci_hi": 0.4750468351932338,
    "covered": true,
    "insertion_percentile": 0.8360812425328554
  },
  "chi0": {
    "true": -0.024316822479025335,
    "median": 0.015566863647103097,
    "ci_lo": -0.06717746347848977,
    "ci_hi": 0.17268279581339022,
    "covered": true,
    "insertion_percentile": 0.2891278375149343
  },
  "xi0": {
    "true": 3.3459767274653087,
    "median": 3.309637586738064,
    "ci_lo": 3.149027813576888,
    "ci_hi": 3.3921185568383017,
    "covered": true,
    "insertion_percentile": 0.6855436081242533
  }
}
Saved KDE posterior plot to /data/wiay/postgrads/shashwat/COMM_DATA/results/CALLIBRATION_S3_L1/bs2048_a0.10_b0.10_ep600_pat40_lr3.0e-04_wd1.0e-04_319402-6/inj_0040/posterior_kde.png
