==========================================
 Stage 3 Layer 1 injection
 model = bs2048_a0.10_b0.10_ep600_pat40_lr3.0e-04_wd1.0e-05_319402-0
 seed  = 7
==========================================
Model: bs2048_a0.10_b0.10_ep600_pat40_lr3.0e-04_wd1.0e-05_319402-0
Injection seed: 7
Output dir: /data/wiay/postgrads/shashwat/COMM_DATA/results/CALLIBRATION_S3_L1/bs2048_a0.10_b0.10_ep600_pat40_lr3.0e-04_wd1.0e-05_319402-0/inj_0007
{
  "kappa": {
    "true": 3.1629677863628687,
    "median": 3.1697777309670716,
    "ci_lo": 3.142155971115575,
    "ci_hi": 3.1996307812107916,
    "covered": true,
    "insertion_percentile": 0.3477832512315271
  },
  "mu_xi": {
    "true": 0.08972138009695756,
    "median": 0.08483066487753463,
    "ci_lo": 0.06397096086111952,
    "ci_hi": 0.09504976442487258,
    "covered": true,
    "insertion_percentile": 0.7391133004926108
  },
  "sigma_chi": {
    "true": 0.4766271296348564,
    "median": 0.34176718400463185,
    "ci_lo": 0.19612867040249773,
    "ci_hi": 0.5258790664617071,
    "covered": true,
    "insertion_percentile": 0.8325123152709359
  },
  "sigma_xi": {
    "true": 0.12882251649670717,
    "median": 0.16223698092712693,
    "ci_lo": 0.07610515961500161,
    "ci_hi": 0.26090068069983385,
    "covered": true,
    "insertion_percentile": 0.2632512315270936
  },
  "rho": {
    "true": -0.3597006871597942,
    "median": 0.019997088714596448,
    "ci_lo": -0.8032325695076813,
    "ci_hi": 0.7279005027367936,
    "covered": true,
    "insertion_percentile": 0.31980295566502465
  },
  "lambda_chi": {
    "true": 0.3735534453962619,
    "median": 0.012702386954974387,
    "ci_lo": -0.4698064166136383,
    "ci_hi": 0.3501527484216208,
    "covered": false,
    "insertion_percentile": 0.9862068965517241
  },
  "chi0": {
    "true": -0.4947346954344253,
    "median": -0.3674773446633455,
    "ci_lo": -0.48993430518947534,
    "ci_hi": -0.23330943115813538,
    "covered": false,
    "insertion_percentile": 0.025221674876847292
  },
  "xi0": {
    "true": 4.553071045956916,
    "median": 4.431919623608129,
    "ci_lo": 4.296556481554537,
    "ci_hi": 4.548684954132791,
    "covered": false,
    "insertion_percentile": 0.9720197044334975
  }
}
Saved KDE posterior plot to /data/wiay/postgrads/shashwat/COMM_DATA/results/CALLIBRATION_S3_L1/bs2048_a0.10_b0.10_ep600_pat40_lr3.0e-04_wd1.0e-05_319402-0/inj_0007/posterior_kde.png
