==========================================
 Stage 3 Layer 1 injection
 model = bs2048_a0.10_b0.10_ep600_pat40_lr1.0e-04_wd1.0e-05_319402-5
 seed  = 20
==========================================
Model: bs2048_a0.10_b0.10_ep600_pat40_lr1.0e-04_wd1.0e-05_319402-5
Injection seed: 20
Output dir: /data/wiay/postgrads/shashwat/COMM_DATA/results/CALLIBRATION_S3_L1/bs2048_a0.10_b0.10_ep600_pat40_lr1.0e-04_wd1.0e-05_319402-5/inj_0020
{
  "kappa": {
    "true": 1.4723722168877809,
    "median": 1.4736216961240678,
    "ci_lo": 1.4708166352590792,
    "ci_hi": 1.4762639102918822,
    "covered": true,
    "insertion_percentile": 0.22299721004384218
  },
  "mu_xi": {
    "true": 0.04611467098029422,
    "median": 0.04477677388090697,
    "ci_lo": 0.04089773533505614,
    "ci_hi": 0.0478458594466174,
    "covered": true,
    "insertion_percentile": 0.7532881626145875
  },
  "sigma_chi": {
    "true": 0.11694583091704303,
    "median": 0.13055539420303852,
    "ci_lo": 0.07998148186448656,
    "ci_hi": 0.17852411373134416,
    "covered": true,
    "insertion_percentile": 0.32841769629334394
  },
  "sigma_xi": {
    "true": 0.23291292310162637,
    "median": 0.23856213702977536,
    "ci_lo": 0.2253919348025874,
    "ci_hi": 0.25415914271592543,
    "covered": true,
    "insertion_percentile": 0.24671183738541252
  },
  "rho": {
    "true": -0.16349686420643117,
    "median": -0.12134227587657785,
    "ci_lo": -0.32259793939465575,
    "ci_hi": 0.07382932983646023,
    "covered": true,
    "insertion_percentile": 0.3620964527700279
  },
  "lambda_chi": {
    "true": -0.4283604527953351,
    "median": -0.4092362340032172,
    "ci_lo": -0.4322620888857422,
    "ci_hi": -0.3889472017945982,
    "covered": true,
    "insertion_percentile": 0.08349940215225189
  },
  "chi0": {
    "true": -0.4010333241814682,
    "median": -0.41302040999923334,
    "ci_lo": -0.42634014719447244,
    "ci_hi": -0.3983066398640847,
    "covered": true,
    "insertion_percentile": 0.9137106416899163
  },
  "xi0": {
    "true": 4.965720909916867,
    "median": 4.977592015588696,
    "ci_lo": 4.962871691290282,
    "ci_hi": 4.990754695091839,
    "covered": true,
    "insertion_percentile": 0.0862893583100837
  }
}
Saved KDE posterior plot to /data/wiay/postgrads/shashwat/COMM_DATA/results/CALLIBRATION_S3_L1/bs2048_a0.10_b0.10_ep600_pat40_lr1.0e-04_wd1.0e-05_319402-5/inj_0020/posterior_kde.png
