==========================================
 Stage 3 Layer 1 injection
 model = bs2048_a0.10_b0.10_ep600_pat40_lr1.0e-04_wd1.0e-05_319402-5
 seed  = 13
==========================================
Model: bs2048_a0.10_b0.10_ep600_pat40_lr1.0e-04_wd1.0e-05_319402-5
Injection seed: 13
Output dir: /data/wiay/postgrads/shashwat/COMM_DATA/results/CALLIBRATION_S3_L1/bs2048_a0.10_b0.10_ep600_pat40_lr1.0e-04_wd1.0e-05_319402-5/inj_0013
{
  "kappa": {
    "true": 4.337508176381274,
    "median": 4.792897021849896,
    "ci_lo": 4.473619546309992,
    "ci_hi": 4.977661322812649,
    "covered": false,
    "insertion_percentile": 0.012336009398864305
  },
  "mu_xi": {
    "true": 0.08553025149320591,
    "median": 0.08768910932044123,
    "ci_lo": 0.050937174985505804,
    "ci_hi": 0.0936701663629907,
    "covered": true,
    "insertion_percentile": 0.4108086939494811
  },
  "sigma_chi": {
    "true": 0.4960628693313881,
    "median": 0.3532411951359074,
    "ci_lo": 0.1714572235607506,
    "ci_hi": 0.5070784477885937,
    "covered": true,
    "insertion_percentile": 0.9392990013706677
  },
  "sigma_xi": {
    "true": 0.14150622649576683,
    "median": 0.1241083864238699,
    "ci_lo": 0.058163613376710825,
    "ci_hi": 0.2973471497371354,
    "covered": true,
    "insertion_percentile": 0.5960446446054435
  },
  "rho": {
    "true": -0.7610409761068415,
    "median": -0.38161926018538206,
    "ci_lo": -0.8243754266162794,
    "ci_hi": 0.43380019402005054,
    "covered": true,
    "insertion_percentile": 0.10593303309183473
  },
  "lambda_chi": {
    "true": 0.44646578044606333,
    "median": 0.48452997046384105,
    "ci_lo": 0.4481758058365402,
    "ci_hi": 0.49866135404373,
    "covered": false,
    "insertion_percentile": 0.04386136675151753
  },
  "chi0": {
    "true": 0.11379169104710185,
    "median": 0.1534576770791214,
    "ci_lo": 0.12839734467975394,
    "ci_hi": 0.1711792299853272,
    "covered": false,
    "insertion_percentile": 0.005678480516937537
  },
  "xi0": {
    "true": 2.5065768840657494,
    "median": 2.5035476566998955,
    "ci_lo": 2.50035930715865,
    "ci_hi": 2.511406352687584,
    "covered": true,
    "insertion_percentile": 0.7734482083414921
  }
}
Saved KDE posterior plot to /data/wiay/postgrads/shashwat/COMM_DATA/results/CALLIBRATION_S3_L1/bs2048_a0.10_b0.10_ep600_pat40_lr1.0e-04_wd1.0e-05_319402-5/inj_0013/posterior_kde.png
