==========================================
 Stage 3 Layer 1 injection
 model = bs4096_a0.10_b0.10_ep600_pat40_lr3.0e-04_wd1.0e-05_319402-4
 seed  = 15
==========================================
Model: bs4096_a0.10_b0.10_ep600_pat40_lr3.0e-04_wd1.0e-05_319402-4
Injection seed: 15
Output dir: /data/wiay/postgrads/shashwat/COMM_DATA/results/CALLIBRATION_S3_L1/bs4096_a0.10_b0.10_ep600_pat40_lr3.0e-04_wd1.0e-05_319402-4/inj_0015
{
  "kappa": {
    "true": 3.494442503029247,
    "median": 3.5196797261175456,
    "ci_lo": 3.3424976551720573,
    "ci_hi": 3.7597614150314125,
    "covered": true,
    "insertion_percentile": 0.4162464985994398
  },
  "mu_xi": {
    "true": 0.08158171113360575,
    "median": 0.06904846293288065,
    "ci_lo": 0.015679416586474777,
    "ci_hi": 0.08148014930157545,
    "covered": false,
    "insertion_percentile": 0.9548085901027078
  },
  "sigma_chi": {
    "true": 0.23942371678607116,
    "median": 0.2548420712733692,
    "ci_lo": 0.07601986606115667,
    "ci_hi": 0.45458833966516565,
    "covered": true,
    "insertion_percentile": 0.45975723622782444
  },
  "sigma_xi": {
    "true": 0.06569336149164659,
    "median": 0.17245785103613864,
    "ci_lo": 0.0678995447539712,
    "ci_hi": 0.3692071336955142,
    "covered": false,
    "insertion_percentile": 0.04257703081232493
  },
  "rho": {
    "true": 0.1288750626607157,
    "median": 0.030620741229232265,
    "ci_lo": -0.732349212322052,
    "ci_hi": 0.6638229758341372,
    "covered": true,
    "insertion_percentile": 0.5753501400560224
  },
  "lambda_chi": {
    "true": -0.3537545732764025,
    "median": -0.4018340405043321,
    "ci_lo": -0.49223424266104987,
    "ci_hi": 0.37072088509230056,
    "covered": true,
    "insertion_percentile": 0.6233426704014939
  },
  "chi0": {
    "true": 0.2187713768754712,
    "median": 0.22984783743551881,
    "ci_lo": 0.012682552422164527,
    "ci_hi": 0.2630762387116629,
    "covered": true,
    "insertion_percentile": 0.40261437908496733
  },
  "xi0": {
    "true": 3.363391260189599,
    "median": 3.3508077352431123,
    "ci_lo": 3.3153845207843005,
    "ci_hi": 3.5723110008980434,
    "covered": true,
    "insertion_percentile": 0.6022408963585434
  }
}
Saved KDE posterior plot to /data/wiay/postgrads/shashwat/COMM_DATA/results/CALLIBRATION_S3_L1/bs4096_a0.10_b0.10_ep600_pat40_lr3.0e-04_wd1.0e-05_319402-4/inj_0015/posterior_kde.png
