==========================================
 Stage 3 Layer 1 injection
 model = bs4096_a0.10_b0.10_ep600_pat40_lr3.0e-04_wd1.0e-05_319402-4
 seed  = 54
==========================================
Model: bs4096_a0.10_b0.10_ep600_pat40_lr3.0e-04_wd1.0e-05_319402-4
Injection seed: 54
Output dir: /data/wiay/postgrads/shashwat/COMM_DATA/results/CALLIBRATION_S3_L1/bs4096_a0.10_b0.10_ep600_pat40_lr3.0e-04_wd1.0e-05_319402-4/inj_0054
{
  "kappa": {
    "true": 1.1900125688922862,
    "median": 1.1559892561533407,
    "ci_lo": 1.0763968661699879,
    "ci_hi": 1.2626817235955987,
    "covered": true,
    "insertion_percentile": 0.7368683096838436
  },
  "mu_xi": {
    "true": 0.051857997088295374,
    "median": 0.06218586061015563,
    "ci_lo": 0.01408517460131288,
    "ci_hi": 0.08129448994046755,
    "covered": true,
    "insertion_percentile": 0.35997012696041825
  },
  "sigma_chi": {
    "true": 0.09380968457052531,
    "median": 0.2023936525707751,
    "ci_lo": 0.07442799339137957,
    "ci_hi": 0.41056444295735917,
    "covered": true,
    "insertion_percentile": 0.10405775454319144
  },
  "sigma_xi": {
    "true": 0.2521038984178377,
    "median": 0.20918848362306994,
    "ci_lo": 0.07429741101288957,
    "ci_hi": 0.374492925464222,
    "covered": true,
    "insertion_percentile": 0.6345531491162559
  },
  "rho": {
    "true": -0.7449833012728078,
    "median": -0.0017982230909940437,
    "ci_lo": -0.7373362960766398,
    "ci_hi": 0.7513604683850088,
    "covered": false,
    "insertion_percentile": 0.04680109534478467
  },
  "lambda_chi": {
    "true": -0.044710522607395164,
    "median": -0.013918229583365326,
    "ci_lo": -0.3249244289061181,
    "ci_hi": 0.3998164415878446,
    "covered": true,
    "insertion_percentile": 0.45108289768483945
  },
  "chi0": {
    "true": 0.16768663174068554,
    "median": 0.16469743011108554,
    "ci_lo": -0.19152423412623046,
    "ci_hi": 0.4366977713405056,
    "covered": true,
    "insertion_percentile": 0.5078416728902165
  },
  "xi0": {
    "true": 2.8214294995357885,
    "median": 2.82219765065284,
    "ci_lo": 2.5481216300074783,
    "ci_hi": 3.1763918475818063,
    "covered": true,
    "insertion_percentile": 0.4988797610156833
  }
}
Saved KDE posterior plot to /data/wiay/postgrads/shashwat/COMM_DATA/results/CALLIBRATION_S3_L1/bs4096_a0.10_b0.10_ep600_pat40_lr3.0e-04_wd1.0e-05_319402-4/inj_0054/posterior_kde.png
