==========================================
 Stage 3 Layer 1 injection
 model = bs2048_a0.10_b0.10_ep600_pat40_lr3.0e-04_wd1.0e-04_319402-6
 seed  = 34
==========================================
Model: bs2048_a0.10_b0.10_ep600_pat40_lr3.0e-04_wd1.0e-04_319402-6
Injection seed: 34
Output dir: /data/wiay/postgrads/shashwat/COMM_DATA/results/CALLIBRATION_S3_L1/bs2048_a0.10_b0.10_ep600_pat40_lr3.0e-04_wd1.0e-04_319402-6/inj_0034
{
  "kappa": {
    "true": 0.11973839311591333,
    "median": 0.11993979651432299,
    "ci_lo": 0.11519195293570705,
    "ci_hi": 0.12439982194095088,
    "covered": true,
    "insertion_percentile": 0.47846283783783783
  },
  "mu_xi": {
    "true": 0.08721769142705424,
    "median": 0.09323986365861173,
    "ci_lo": 0.08038155902028009,
    "ci_hi": 0.0990256883106171,
    "covered": true,
    "insertion_percentile": 0.17609797297297297
  },
  "sigma_chi": {
    "true": 0.18350831318242783,
    "median": 0.212667090885864,
    "ci_lo": 0.16386362289841147,
    "ci_hi": 0.2503874205804009,
    "covered": true,
    "insertion_percentile": 0.16089527027027026
  },
  "sigma_xi": {
    "true": 0.2778714542515898,
    "median": 0.2652293538408323,
    "ci_lo": 0.2270018249160976,
    "ci_hi": 0.3040642821912505,
    "covered": true,
    "insertion_percentile": 0.6872888513513513
  },
  "rho": {
    "true": -0.028633710654063727,
    "median": -0.22456212570338518,
    "ci_lo": -0.4338415619924414,
    "ci_hi": -0.00303494650956785,
    "covered": true,
    "insertion_percentile": 0.9265202702702703
  },
  "lambda_chi": {
    "true": 0.28853349416753615,
    "median": 0.2822147574048381,
    "ci_lo": 0.2701288863605354,
    "ci_hi": 0.2938639181471691,
    "covered": true,
    "insertion_percentile": 0.808277027027027
  },
  "chi0": {
    "true": 0.38072256536897386,
    "median": 0.3910586757002984,
    "ci_lo": 0.3162609771060794,
    "ci_hi": 0.4783844472731339,
    "covered": true,
    "insertion_percentile": 0.4250422297297297
  },
  "xi0": {
    "true": 4.749304991192124,
    "median": 4.738562764144543,
    "ci_lo": 4.651222203786427,
    "ci_hi": 4.8128203693874845,
    "covered": true,
    "insertion_percentile": 0.5791807432432432
  }
}
Saved KDE posterior plot to /data/wiay/postgrads/shashwat/COMM_DATA/results/CALLIBRATION_S3_L1/bs2048_a0.10_b0.10_ep600_pat40_lr3.0e-04_wd1.0e-04_319402-6/inj_0034/posterior_kde.png
