==========================================
 Stage 3 Layer 1 injection
 model = bs2048_a0.10_b0.10_ep600_pat40_lr1.0e-04_wd1.0e-05_319402-5
 seed  = 11
==========================================
Model: bs2048_a0.10_b0.10_ep600_pat40_lr1.0e-04_wd1.0e-05_319402-5
Injection seed: 11
Output dir: /data/wiay/postgrads/shashwat/COMM_DATA/results/CALLIBRATION_S3_L1/bs2048_a0.10_b0.10_ep600_pat40_lr1.0e-04_wd1.0e-05_319402-5/inj_0011
{
  "kappa": {
    "true": 0.7299939935690781,
    "median": 0.6864639473626679,
    "ci_lo": 0.5557336417936266,
    "ci_hi": 0.8380602044674061,
    "covered": true,
    "insertion_percentile": 0.6751561749159058
  },
  "mu_xi": {
    "true": 0.0499277862440115,
    "median": 0.03452264772101181,
    "ci_lo": 0.004339027908874514,
    "ci_hi": 0.0507420297533124,
    "covered": true,
    "insertion_percentile": 0.9029312830370014
  },
  "sigma_chi": {
    "true": 0.38082409669284656,
    "median": 0.3221037949273631,
    "ci_lo": 0.11474092159487274,
    "ci_hi": 0.5144769522967501,
    "covered": true,
    "insertion_percentile": 0.6674675636713119
  },
  "sigma_xi": {
    "true": 0.06004115293018059,
    "median": 0.1906034650500148,
    "ci_lo": 0.06116798457683913,
    "ci_hi": 0.31180768370480305,
    "covered": false,
    "insertion_percentile": 0.04469005285920231
  },
  "rho": {
    "true": -0.6337330477605794,
    "median": 0.39855488136019535,
    "ci_lo": -0.6748647515540263,
    "ci_hi": 0.8632579126189341,
    "covered": true,
    "insertion_percentile": 0.06271023546371937
  },
  "lambda_chi": {
    "true": 0.4282110229603695,
    "median": 0.33815956278610065,
    "ci_lo": 0.20579449526568694,
    "ci_hi": 0.4675880968801864,
    "covered": true,
    "insertion_percentile": 0.8522345026429601
  },
  "chi0": {
    "true": -0.42957942384580317,
    "median": -0.28785381276316635,
    "ci_lo": -0.4650307229765814,
    "ci_hi": -0.1261766543039691,
    "covered": true,
    "insertion_percentile": 0.1078808265257088
  },
  "xi0": {
    "true": 2.824434873498245,
    "median": 2.6860868419154795,
    "ci_lo": 2.522623075598264,
    "ci_hi": 2.86444759036585,
    "covered": true,
    "insertion_percentile": 0.8801057184046132
  }
}
Saved KDE posterior plot to /data/wiay/postgrads/shashwat/COMM_DATA/results/CALLIBRATION_S3_L1/bs2048_a0.10_b0.10_ep600_pat40_lr1.0e-04_wd1.0e-05_319402-5/inj_0011/posterior_kde.png
