==========================================
 Stage 3 Layer 1 injection
 model = bs2048_a0.10_b0.10_ep600_pat40_lr3.0e-04_wd1.0e-05_319402-0
 seed  = 58
==========================================
Model: bs2048_a0.10_b0.10_ep600_pat40_lr3.0e-04_wd1.0e-05_319402-0
Injection seed: 58
Output dir: /data/wiay/postgrads/shashwat/COMM_DATA/results/CALLIBRATION_S3_L1/bs2048_a0.10_b0.10_ep600_pat40_lr3.0e-04_wd1.0e-05_319402-0/inj_0058
{
  "kappa": {
    "true": 1.6141578227745996,
    "median": 1.5824465808644474,
    "ci_lo": 1.5320660682079847,
    "ci_hi": 1.6142396088444122,
    "covered": true,
    "insertion_percentile": 0.9491025325792968
  },
  "mu_xi": {
    "true": 0.0879833609230771,
    "median": 0.07280892578427761,
    "ci_lo": 0.02946088143241557,
    "ci_hi": 0.09268945480290369,
    "covered": true,
    "insertion_percentile": 0.7973936562576838
  },
  "sigma_chi": {
    "true": 0.18370029868646648,
    "median": 0.23816694193021684,
    "ci_lo": 0.07115916866144492,
    "ci_hi": 0.4984158175219873,
    "covered": true,
    "insertion_percentile": 0.3599704942217851
  },
  "sigma_xi": {
    "true": 0.1229471629653757,
    "median": 0.2117122032493836,
    "ci_lo": 0.0723317612371682,
    "ci_hi": 0.3629584423211465,
    "covered": true,
    "insertion_percentile": 0.20899926235554464
  },
  "rho": {
    "true": 0.6224632797546367,
    "median": 0.19675486887943563,
    "ci_lo": -0.602565222919674,
    "ci_hi": 0.7761416536916946,
    "covered": true,
    "insertion_percentile": 0.8446029014015245
  },
  "lambda_chi": {
    "true": -0.3594270253131512,
    "median": -0.24148316171966322,
    "ci_lo": -0.4737538707480892,
    "ci_hi": 0.056302869789582106,
    "covered": true,
    "insertion_percentile": 0.2726825670027047
  },
  "chi0": {
    "true": -0.19466746102850996,
    "median": -0.265306515677293,
    "ci_lo": -0.4523819372656607,
    "ci_hi": -0.11645662234094743,
    "covered": true,
    "insertion_percentile": 0.7201868699286944
  },
  "xi0": {
    "true": 2.846202969304789,
    "median": 2.91703608127901,
    "ci_lo": 2.7702066000244687,
    "ci_hi": 3.1007521367142137,
    "covered": true,
    "insertion_percentile": 0.27784607819031226
  }
}
Saved KDE posterior plot to /data/wiay/postgrads/shashwat/COMM_DATA/results/CALLIBRATION_S3_L1/bs2048_a0.10_b0.10_ep600_pat40_lr3.0e-04_wd1.0e-05_319402-0/inj_0058/posterior_kde.png
