==========================================
 Stage 3 Layer 1 injection
 model = bs1024_a0.10_b0.10_ep600_pat40_lr3.0e-04_wd1.0e-05_319402-3
 seed  = 59
==========================================
Model: bs1024_a0.10_b0.10_ep600_pat40_lr3.0e-04_wd1.0e-05_319402-3
Injection seed: 59
Output dir: /data/wiay/postgrads/shashwat/COMM_DATA/results/CALLIBRATION_S3_L1/bs1024_a0.10_b0.10_ep600_pat40_lr3.0e-04_wd1.0e-05_319402-3/inj_0059
{
  "kappa": {
    "true": 2.9799610774651852,
    "median": 2.982185482173469,
    "ci_lo": 2.965570455907367,
    "ci_hi": 2.9923633539689356,
    "covered": true,
    "insertion_percentile": 0.3934923201293452
  },
  "mu_xi": {
    "true": 0.08260661681988353,
    "median": 0.07605017434754385,
    "ci_lo": 0.060832367898537666,
    "ci_hi": 0.08388326125237096,
    "covered": true,
    "insertion_percentile": 0.9001616814874697
  },
  "sigma_chi": {
    "true": 0.11431907913598746,
    "median": 0.15957784057762028,
    "ci_lo": 0.10974205372136295,
    "ci_hi": 0.2799457193821555,
    "covered": true,
    "insertion_percentile": 0.06972514147130153
  },
  "sigma_xi": {
    "true": 0.18210036303649013,
    "median": 0.21503667393765002,
    "ci_lo": 0.1750413973749308,
    "ci_hi": 0.276648607852246,
    "covered": true,
    "insertion_percentile": 0.09842360549717058
  },
  "rho": {
    "true": -0.5647277697420713,
    "median": -0.40405292138168725,
    "ci_lo": -0.6671857243586453,
    "ci_hi": -0.06192381548055253,
    "covered": true,
    "insertion_percentile": 0.1820937752627324
  },
  "lambda_chi": {
    "true": -0.3397173993137629,
    "median": -0.39244209865585483,
    "ci_lo": -0.45846945573935305,
    "ci_hi": -0.3396394462501119,
    "covered": true,
    "insertion_percentile": 0.9496766370250607
  },
  "chi0": {
    "true": -0.4941804199702964,
    "median": -0.4776356731033307,
    "ci_lo": -0.4970195921986065,
    "ci_hi": -0.45407025433452153,
    "covered": true,
    "insertion_percentile": 0.10428455941794665
  },
  "xi0": {
    "true": 4.9316267348241505,
    "median": 4.913697252601295,
    "ci_lo": 4.889795472003193,
    "ci_hi": 4.933572227476581,
    "covered": true,
    "insertion_percentile": 0.9145109135004043
  }
}
Saved KDE posterior plot to /data/wiay/postgrads/shashwat/COMM_DATA/results/CALLIBRATION_S3_L1/bs1024_a0.10_b0.10_ep600_pat40_lr3.0e-04_wd1.0e-05_319402-3/inj_0059/posterior_kde.png
