==========================================
 Stage 3 Layer 1 injection
 model = bs2048_a0.10_b0.10_ep600_pat40_lr3.0e-04_wd1.0e-04_319402-6
 seed  = 27
==========================================
Model: bs2048_a0.10_b0.10_ep600_pat40_lr3.0e-04_wd1.0e-04_319402-6
Injection seed: 27
Output dir: /data/wiay/postgrads/shashwat/COMM_DATA/results/CALLIBRATION_S3_L1/bs2048_a0.10_b0.10_ep600_pat40_lr3.0e-04_wd1.0e-04_319402-6/inj_0027
{
  "kappa": {
    "true": 3.5189074607362483,
    "median": 3.5003420149265874,
    "ci_lo": 3.3934199758386265,
    "ci_hi": 3.6080766682931613,
    "covered": true,
    "insertion_percentile": 0.6225661507738393
  },
  "mu_xi": {
    "true": 0.031381427222243165,
    "median": 0.03238938902090038,
    "ci_lo": 0.006755067773400707,
    "ci_hi": 0.042427099618337585,
    "covered": true,
    "insertion_percentile": 0.47528706939590615
  },
  "sigma_chi": {
    "true": 0.11665840437389502,
    "median": 0.3599393983619339,
    "ci_lo": 0.10273835614965769,
    "ci_hi": 0.5753936331018853,
    "covered": true,
    "insertion_percentile": 0.06864702945581627
  },
  "sigma_xi": {
    "true": 0.16325703256494467,
    "median": 0.15520952564919846,
    "ci_lo": 0.06428408770786426,
    "ci_hi": 0.2745566086576531,
    "covered": true,
    "insertion_percentile": 0.5304543185222167
  },
  "rho": {
    "true": 0.7761813576761406,
    "median": 0.15571416935045623,
    "ci_lo": -0.7108586030531423,
    "ci_hi": 0.82360654813967,
    "covered": true,
    "insertion_percentile": 0.9153769345981029
  },
  "lambda_chi": {
    "true": 0.28966731326579076,
    "median": -0.20975441164360623,
    "ci_lo": -0.4773444569443456,
    "ci_hi": 0.2838122207219639,
    "covered": false,
    "insertion_percentile": 0.954318522216675
  },
  "chi0": {
    "true": -0.4899808760396832,
    "median": -0.34154170645046256,
    "ci_lo": -0.48649074871754083,
    "ci_hi": -0.2608159449991153,
    "covered": false,
    "insertion_percentile": 0.03744383424862706
  },
  "xi0": {
    "true": 2.9973330429661877,
    "median": 2.848645880088661,
    "ci_lo": 2.768400413868292,
    "ci_hi": 2.9936335374005867,
    "covered": false,
    "insertion_percentile": 0.9633050424363455
  }
}
Saved KDE posterior plot to /data/wiay/postgrads/shashwat/COMM_DATA/results/CALLIBRATION_S3_L1/bs2048_a0.10_b0.10_ep600_pat40_lr3.0e-04_wd1.0e-04_319402-6/inj_0027/posterior_kde.png
