==========================================
 Stage 3 Layer 1 injection
 model = bs1024_a0.10_b0.10_ep600_pat40_lr3.0e-04_wd1.0e-05_319402-3
 seed  = 64
==========================================
Model: bs1024_a0.10_b0.10_ep600_pat40_lr3.0e-04_wd1.0e-05_319402-3
Injection seed: 64
Output dir: /data/wiay/postgrads/shashwat/COMM_DATA/results/CALLIBRATION_S3_L1/bs1024_a0.10_b0.10_ep600_pat40_lr3.0e-04_wd1.0e-05_319402-3/inj_0064
{
  "kappa": {
    "true": 4.7231179184279775,
    "median": 4.796957399508863,
    "ci_lo": 4.72666680049373,
    "ci_hi": 4.865489241419237,
    "covered": false,
    "insertion_percentile": 0.04162173819279707
  },
  "mu_xi": {
    "true": 0.05233396291407427,
    "median": 0.04540464885492505,
    "ci_lo": 0.025775749468774665,
    "ci_hi": 0.0602788689004855,
    "covered": true,
    "insertion_percentile": 0.7444468406297174
  },
  "sigma_chi": {
    "true": 0.0861410155859742,
    "median": 0.24338533640540252,
    "ci_lo": 0.07035221731574347,
    "ci_hi": 0.5516130145107805,
    "covered": true,
    "insertion_percentile": 0.09618287686003882
  },
  "sigma_xi": {
    "true": 0.16149557235465212,
    "median": 0.19896644606903371,
    "ci_lo": 0.09961126335667636,
    "ci_hi": 0.28100634528979523,
    "covered": true,
    "insertion_percentile": 0.2600819495363382
  },
  "rho": {
    "true": 0.6451513712203566,
    "median": 0.36141413024555497,
    "ci_lo": -0.7007023506048281,
    "ci_hi": 0.8398957096556046,
    "covered": true,
    "insertion_percentile": 0.7591114945007548
  },
  "lambda_chi": {
    "true": -0.4154412979443316,
    "median": 0.18140669131394258,
    "ci_lo": -0.3737284976490836,
    "ci_hi": 0.42171413785072837,
    "covered": false,
    "insertion_percentile": 0.028035367694630147
  },
  "chi0": {
    "true": 0.48536525002403685,
    "median": 0.3692629763815783,
    "ci_lo": 0.3245320846363188,
    "ci_hi": 0.47759874797727647,
    "covered": false,
    "insertion_percentile": 0.9693767522104809
  },
  "xi0": {
    "true": 4.063453629352292,
    "median": 4.182853835249182,
    "ci_lo": 4.0691400783541605,
    "ci_hi": 4.227402573439289,
    "covered": false,
    "insertion_percentile": 0.03515203795557473
  }
}
Saved KDE posterior plot to /data/wiay/postgrads/shashwat/COMM_DATA/results/CALLIBRATION_S3_L1/bs1024_a0.10_b0.10_ep600_pat40_lr3.0e-04_wd1.0e-05_319402-3/inj_0064/posterior_kde.png
