==========================================
 Stage 3 Layer 1 injection
 model = bs4096_a0.10_b0.10_ep600_pat40_lr3.0e-04_wd1.0e-05_319402-4
 seed  = 32
==========================================
Model: bs4096_a0.10_b0.10_ep600_pat40_lr3.0e-04_wd1.0e-05_319402-4
Injection seed: 32
Output dir: /data/wiay/postgrads/shashwat/COMM_DATA/results/CALLIBRATION_S3_L1/bs4096_a0.10_b0.10_ep600_pat40_lr3.0e-04_wd1.0e-05_319402-4/inj_0032
{
  "kappa": {
    "true": 0.8851898688363635,
    "median": 0.8842982026886368,
    "ci_lo": 0.8762854545657587,
    "ci_hi": 0.8937658600919273,
    "covered": true,
    "insertion_percentile": 0.5430769230769231
  },
  "mu_xi": {
    "true": 0.05722294954720839,
    "median": 0.0596878566468019,
    "ci_lo": 0.04347371155562744,
    "ci_hi": 0.0681322328939379,
    "covered": true,
    "insertion_percentile": 0.4032967032967033
  },
  "sigma_chi": {
    "true": 0.2574245546788085,
    "median": 0.19304499544081233,
    "ci_lo": 0.06933695646302578,
    "ci_hi": 0.2934910895567596,
    "covered": true,
    "insertion_percentile": 0.8079120879120879
  },
  "sigma_xi": {
    "true": 0.16302731295559986,
    "median": 0.14651090033918626,
    "ci_lo": 0.057495519706995964,
    "ci_hi": 0.23402497978863263,
    "covered": true,
    "insertion_percentile": 0.5949450549450549
  },
  "rho": {
    "true": 0.33590499869938173,
    "median": -0.05979747511403423,
    "ci_lo": -0.38370935598652123,
    "ci_hi": 0.20852950379299118,
    "covered": false,
    "insertion_percentile": 0.9949450549450549
  },
  "lambda_chi": {
    "true": 0.47223203334854,
    "median": 0.4709565140681697,
    "ci_lo": 0.42795706299716574,
    "ci_hi": 0.497292104872711,
    "covered": true,
    "insertion_percentile": 0.5224175824175824
  },
  "chi0": {
    "true": 0.46683024610178847,
    "median": 0.4452075320491929,
    "ci_lo": 0.40958596459519114,
    "ci_hi": 0.4884149530653102,
    "covered": true,
    "insertion_percentile": 0.7668131868131868
  },
  "xi0": {
    "true": 4.178246055790133,
    "median": 4.201654679056365,
    "ci_lo": 4.1585537397277115,
    "ci_hi": 4.238793439101186,
    "covered": true,
    "insertion_percentile": 0.2164835164835165
  }
}
Saved KDE posterior plot to /data/wiay/postgrads/shashwat/COMM_DATA/results/CALLIBRATION_S3_L1/bs4096_a0.10_b0.10_ep600_pat40_lr3.0e-04_wd1.0e-05_319402-4/inj_0032/posterior_kde.png
