==========================================
 Stage 3 Layer 1 injection
 model = bs2048_a0.20_b0.20_ep600_pat40_lr3.0e-04_wd1.0e-05_319402-2
 seed  = 2
==========================================
Model: bs2048_a0.20_b0.20_ep600_pat40_lr3.0e-04_wd1.0e-05_319402-2
Injection seed: 2
Output dir: /data/wiay/postgrads/shashwat/COMM_DATA/results/CALLIBRATION_S3_L1/bs2048_a0.20_b0.20_ep600_pat40_lr3.0e-04_wd1.0e-05_319402-2/inj_0002
{
  "kappa": {
    "true": 1.3818994578216506,
    "median": 1.4480030830185768,
    "ci_lo": 1.3032293092404557,
    "ci_hi": 1.5482415860967853,
    "covered": true,
    "insertion_percentile": 0.19860279441117765
  },
  "mu_xi": {
    "true": 0.029849114341412332,
    "median": 0.026202460566635284,
    "ci_lo": 0.006973052963459142,
    "ci_hi": 0.03161740291988658,
    "covered": true,
    "insertion_percentile": 0.7427644710578842
  },
  "sigma_chi": {
    "true": 0.4978241573268541,
    "median": 0.24671567713282358,
    "ci_lo": 0.06974684687223517,
    "ci_hi": 0.5155421207969626,
    "covered": true,
    "insertion_percentile": 0.9343812375249501
  },
  "sigma_xi": {
    "true": 0.08217057974728392,
    "median": 0.11783446077765834,
    "ci_lo": 0.05595158721702077,
    "ci_hi": 0.22880591579836412,
    "covered": true,
    "insertion_percentile": 0.26322355289421157
  },
  "rho": {
    "true": 0.1801809467381773,
    "median": -0.16634883227459968,
    "ci_lo": -0.8217502238805171,
    "ci_hi": 0.7628134741359075,
    "covered": true,
    "insertion_percentile": 0.6953592814371258
  },
  "lambda_chi": {
    "true": 0.22856052681179462,
    "median": 0.1697526571281212,
    "ci_lo": -0.008308355229309701,
    "ci_hi": 0.42641941027056196,
    "covered": true,
    "insertion_percentile": 0.6142714570858283
  },
  "chi0": {
    "true": -0.31209892663339656,
    "median": -0.30138026040262994,
    "ci_lo": -0.4755283572654581,
    "ci_hi": -0.18150784393778208,
    "covered": true,
    "insertion_percentile": 0.4625748502994012
  },
  "xi0": {
    "true": 2.6378665683326705,
    "median": 2.6326337923976126,
    "ci_lo": 2.512972108929045,
    "ci_hi": 2.8055349834382737,
    "covered": true,
    "insertion_percentile": 0.5187125748502994
  }
}
Saved KDE posterior plot to /data/wiay/postgrads/shashwat/COMM_DATA/results/CALLIBRATION_S3_L1/bs2048_a0.20_b0.20_ep600_pat40_lr3.0e-04_wd1.0e-05_319402-2/inj_0002/posterior_kde.png
