==========================================
 Stage 3 Layer 1 injection
 model = bs4096_a0.10_b0.10_ep600_pat40_lr3.0e-04_wd1.0e-05_319402-4
 seed  = 50
==========================================
Model: bs4096_a0.10_b0.10_ep600_pat40_lr3.0e-04_wd1.0e-05_319402-4
Injection seed: 50
Output dir: /data/wiay/postgrads/shashwat/COMM_DATA/results/CALLIBRATION_S3_L1/bs4096_a0.10_b0.10_ep600_pat40_lr3.0e-04_wd1.0e-05_319402-4/inj_0050
{
  "kappa": {
    "true": 3.9583711902444563,
    "median": 3.951780756192805,
    "ci_lo": 3.8906535779945437,
    "ci_hi": 4.017982650974786,
    "covered": true,
    "insertion_percentile": 0.5686847599164927
  },
  "mu_xi": {
    "true": 0.08336693345835826,
    "median": 0.08635444412487908,
    "ci_lo": 0.08040787029873246,
    "ci_hi": 0.09606196946733646,
    "covered": true,
    "insertion_percentile": 0.27620041753653446
  },
  "sigma_chi": {
    "true": 0.3513474531013237,
    "median": 0.38905764073614135,
    "ci_lo": 0.2554514571513379,
    "ci_hi": 0.48822904160580743,
    "covered": true,
    "insertion_percentile": 0.2987473903966597
  },
  "sigma_xi": {
    "true": 0.3907071836490395,
    "median": 0.382783171048628,
    "ci_lo": 0.3567393723341865,
    "ci_hi": 0.397984830914533,
    "covered": true,
    "insertion_percentile": 0.7296450939457203
  },
  "rho": {
    "true": -0.47369959575775233,
    "median": -0.3528910183240266,
    "ci_lo": -0.6130657818942649,
    "ci_hi": -0.1440777514699204,
    "covered": true,
    "insertion_percentile": 0.21336116910229644
  },
  "lambda_chi": {
    "true": 0.1469233432502174,
    "median": 0.13592707727578066,
    "ci_lo": -0.04385778631430085,
    "ci_hi": 0.25211297136750455,
    "covered": true,
    "insertion_percentile": 0.549686847599165
  },
  "chi0": {
    "true": -0.4349739289211112,
    "median": -0.4255042905451837,
    "ci_lo": -0.45584798723161113,
    "ci_hi": -0.3872432605512141,
    "covered": true,
    "insertion_percentile": 0.3275574112734864
  },
  "xi0": {
    "true": 3.8889440166296527,
    "median": 3.879803810027526,
    "ci_lo": 3.8366708179870335,
    "ci_hi": 3.911718390094523,
    "covered": true,
    "insertion_percentile": 0.6532359081419624
  }
}
Saved KDE posterior plot to /data/wiay/postgrads/shashwat/COMM_DATA/results/CALLIBRATION_S3_L1/bs4096_a0.10_b0.10_ep600_pat40_lr3.0e-04_wd1.0e-05_319402-4/inj_0050/posterior_kde.png
