==========================================
 Stage 3 Layer 1 injection
 model = bs2048_a0.05_b0.05_ep600_pat40_lr3.0e-04_wd1.0e-05_319402-1
 seed  = 24
==========================================
Model: bs2048_a0.05_b0.05_ep600_pat40_lr3.0e-04_wd1.0e-05_319402-1
Injection seed: 24
Output dir: /data/wiay/postgrads/shashwat/COMM_DATA/results/CALLIBRATION_S3_L1/bs2048_a0.05_b0.05_ep600_pat40_lr3.0e-04_wd1.0e-05_319402-1/inj_0024
{
  "kappa": {
    "true": 1.7183172996796456,
    "median": 1.7322267209834896,
    "ci_lo": 1.6941942034447646,
    "ci_hi": 1.786849567891995,
    "covered": true,
    "insertion_percentile": 0.2912391475927388
  },
  "mu_xi": {
    "true": 0.04051773156391439,
    "median": 0.044074929834435235,
    "ci_lo": 0.008555490971273123,
    "ci_hi": 0.06375303053836404,
    "covered": true,
    "insertion_percentile": 0.44646145751118127
  },
  "sigma_chi": {
    "true": 0.36610580062995557,
    "median": 0.2600240198751799,
    "ci_lo": 0.0791807450340763,
    "ci_hi": 0.5255216549094327,
    "covered": true,
    "insertion_percentile": 0.73770060510392
  },
  "sigma_xi": {
    "true": 0.22723991854455183,
    "median": 0.21009126466489092,
    "ci_lo": 0.0703014214239609,
    "ci_hi": 0.339229022727085,
    "covered": true,
    "insertion_percentile": 0.5548539857932123
  },
  "rho": {
    "true": 0.11558251337445136,
    "median": 0.13495692436387272,
    "ci_lo": -0.7099974247136268,
    "ci_hi": 0.8008293599743197,
    "covered": true,
    "insertion_percentile": 0.48881873191265457
  },
  "lambda_chi": {
    "true": 0.06968731050840193,
    "median": 0.1449322901210973,
    "ci_lo": -0.12161705738862671,
    "ci_hi": 0.44218527618322123,
    "covered": true,
    "insertion_percentile": 0.3717442778216259
  },
  "chi0": {
    "true": 0.3741165312407412,
    "median": 0.3296673487470528,
    "ci_lo": 0.15386941266272317,
    "ci_hi": 0.47918324715073557,
    "covered": true,
    "insertion_percentile": 0.6261510128913443
  },
  "xi0": {
    "true": 2.7160761524774326,
    "median": 2.766240312248484,
    "ci_lo": 2.6167639481917044,
    "ci_hi": 2.942465832128753,
    "covered": true,
    "insertion_percentile": 0.3572744014732965
  }
}
Saved KDE posterior plot to /data/wiay/postgrads/shashwat/COMM_DATA/results/CALLIBRATION_S3_L1/bs2048_a0.05_b0.05_ep600_pat40_lr3.0e-04_wd1.0e-05_319402-1/inj_0024/posterior_kde.png
