==========================================
 Stage 3 Layer 1 injection
 model = bs2048_a0.10_b0.10_ep600_pat40_lr3.0e-04_wd1.0e-05_319402-0
 seed  = 30
==========================================
Model: bs2048_a0.10_b0.10_ep600_pat40_lr3.0e-04_wd1.0e-05_319402-0
Injection seed: 30
Output dir: /data/wiay/postgrads/shashwat/COMM_DATA/results/CALLIBRATION_S3_L1/bs2048_a0.10_b0.10_ep600_pat40_lr3.0e-04_wd1.0e-05_319402-0/inj_0030
{
  "kappa": {
    "true": 1.2554141435814108,
    "median": 1.4031953321287882,
    "ci_lo": 1.2806549142079973,
    "ci_hi": 1.5686627151586618,
    "covered": false,
    "insertion_percentile": 0.02391304347826087
  },
  "mu_xi": {
    "true": 0.042910699866581116,
    "median": 0.04728101756036256,
    "ci_lo": 0.008994521204003602,
    "ci_hi": 0.07162901711690257,
    "covered": true,
    "insertion_percentile": 0.43091787439613527
  },
  "sigma_chi": {
    "true": 0.10075015910431066,
    "median": 0.20406689589526006,
    "ci_lo": 0.06812536062104552,
    "ci_hi": 0.4731558719583136,
    "covered": true,
    "insertion_percentile": 0.15845410628019324
  },
  "sigma_xi": {
    "true": 0.2574109649341486,
    "median": 0.23835095504127812,
    "ci_lo": 0.08994687142624655,
    "ci_hi": 0.3657003340971494,
    "covered": true,
    "insertion_percentile": 0.5734299516908212
  },
  "rho": {
    "true": 0.5088576240084394,
    "median": 0.1999905470457392,
    "ci_lo": -0.6767421004786964,
    "ci_hi": 0.8200015208727065,
    "covered": true,
    "insertion_percentile": 0.7330917874396136
  },
  "lambda_chi": {
    "true": 0.36757799708113226,
    "median": 0.3246436302964205,
    "ci_lo": 0.05873514266493012,
    "ci_hi": 0.4815748619879193,
    "covered": true,
    "insertion_percentile": 0.6024154589371981
  },
  "chi0": {
    "true": -0.17354514379741592,
    "median": -0.1045372258471417,
    "ci_lo": -0.23196651529218298,
    "ci_hi": 0.07442988787072444,
    "covered": true,
    "insertion_percentile": 0.2463768115942029
  },
  "xi0": {
    "true": 2.773950929274059,
    "median": 2.7076242077329225,
    "ci_lo": 2.5275020259849725,
    "ci_hi": 2.8352397819221915,
    "covered": true,
    "insertion_percentile": 0.7386473429951691
  }
}
Saved KDE posterior plot to /data/wiay/postgrads/shashwat/COMM_DATA/results/CALLIBRATION_S3_L1/bs2048_a0.10_b0.10_ep600_pat40_lr3.0e-04_wd1.0e-05_319402-0/inj_0030/posterior_kde.png
