==========================================
 Stage 3 Layer 1 injection
 model = bs1024_a0.10_b0.10_ep600_pat40_lr3.0e-04_wd1.0e-05_319402-3
 seed  = 50
==========================================
Model: bs1024_a0.10_b0.10_ep600_pat40_lr3.0e-04_wd1.0e-05_319402-3
Injection seed: 50
Output dir: /data/wiay/postgrads/shashwat/COMM_DATA/results/CALLIBRATION_S3_L1/bs1024_a0.10_b0.10_ep600_pat40_lr3.0e-04_wd1.0e-05_319402-3/inj_0050
{
  "kappa": {
    "true": 3.9583711902444563,
    "median": 3.887650428879481,
    "ci_lo": 3.8274861291995483,
    "ci_hi": 3.950346780692312,
    "covered": false,
    "insertion_percentile": 0.9694846292947559
  },
  "mu_xi": {
    "true": 0.08336693345835826,
    "median": 0.09082613395327659,
    "ci_lo": 0.08120791961044142,
    "ci_hi": 0.09896400880413783,
    "covered": true,
    "insertion_percentile": 0.1410488245931284
  },
  "sigma_chi": {
    "true": 0.3513474531013237,
    "median": 0.40821720371822445,
    "ci_lo": 0.20036576824079264,
    "ci_hi": 0.544474952702409,
    "covered": true,
    "insertion_percentile": 0.30040687160940327
  },
  "sigma_xi": {
    "true": 0.3907071836490395,
    "median": 0.37087149398731856,
    "ci_lo": 0.3482163973385803,
    "ci_hi": 0.3960284766917892,
    "covered": true,
    "insertion_percentile": 0.8623417721518988
  },
  "rho": {
    "true": -0.47369959575775233,
    "median": 0.07544170142210438,
    "ci_lo": -0.624702982175463,
    "ci_hi": 0.7250740923250075,
    "covered": true,
    "insertion_percentile": 0.11754068716094032
  },
  "lambda_chi": {
    "true": 0.1469233432502174,
    "median": -0.07807021013043168,
    "ci_lo": -0.41977776596160027,
    "ci_hi": 0.14824963875733357,
    "covered": true,
    "insertion_percentile": 0.9486889692585895
  },
  "chi0": {
    "true": -0.4349739289211112,
    "median": -0.3468786643975772,
    "ci_lo": -0.42939976265715407,
    "ci_hi": -0.25846183754141255,
    "covered": false,
    "insertion_percentile": 0.037070524412296565
  },
  "xi0": {
    "true": 3.8889440166296527,
    "median": 3.806838950674943,
    "ci_lo": 3.7177234702464315,
    "ci_hi": 3.887138538136685,
    "covered": false,
    "insertion_percentile": 0.9550180831826401
  }
}
Saved KDE posterior plot to /data/wiay/postgrads/shashwat/COMM_DATA/results/CALLIBRATION_S3_L1/bs1024_a0.10_b0.10_ep600_pat40_lr3.0e-04_wd1.0e-05_319402-3/inj_0050/posterior_kde.png
