==========================================
 Stage 3 Layer 1 injection
 model = bs2048_a0.20_b0.20_ep600_pat40_lr3.0e-04_wd1.0e-05_319402-2
 seed  = 20
==========================================
Model: bs2048_a0.20_b0.20_ep600_pat40_lr3.0e-04_wd1.0e-05_319402-2
Injection seed: 20
Output dir: /data/wiay/postgrads/shashwat/COMM_DATA/results/CALLIBRATION_S3_L1/bs2048_a0.20_b0.20_ep600_pat40_lr3.0e-04_wd1.0e-05_319402-2/inj_0020
{
  "kappa": {
    "true": 1.4723722168877809,
    "median": 1.4739856716002455,
    "ci_lo": 1.4702031257473471,
    "ci_hi": 1.4780376814274503,
    "covered": true,
    "insertion_percentile": 0.2564046419969345
  },
  "mu_xi": {
    "true": 0.04611467098029422,
    "median": 0.04649317491347063,
    "ci_lo": 0.040434490803882984,
    "ci_hi": 0.05211687699007222,
    "covered": true,
    "insertion_percentile": 0.4598204510619663
  },
  "sigma_chi": {
    "true": 0.11694583091704303,
    "median": 0.12844738507411366,
    "ci_lo": 0.07651497617945716,
    "ci_hi": 0.1686992983689417,
    "covered": true,
    "insertion_percentile": 0.34201883074228157
  },
  "sigma_xi": {
    "true": 0.23291292310162637,
    "median": 0.23141075903253583,
    "ci_lo": 0.20604112554342413,
    "ci_hi": 0.255830842149998,
    "covered": true,
    "insertion_percentile": 0.5397416246989271
  },
  "rho": {
    "true": -0.16349686420643117,
    "median": -0.13910378836392706,
    "ci_lo": -0.7546174429648939,
    "ci_hi": 0.18364722857788848,
    "covered": true,
    "insertion_percentile": 0.4613531858988395
  },
  "lambda_chi": {
    "true": -0.4283604527953351,
    "median": -0.42616706033824536,
    "ci_lo": -0.4804378781324699,
    "ci_hi": -0.3817965176137187,
    "covered": true,
    "insertion_percentile": 0.477556382745785
  },
  "chi0": {
    "true": -0.4010333241814682,
    "median": -0.4041884201926083,
    "ci_lo": -0.43107286065219735,
    "ci_hi": -0.367121417144118,
    "covered": true,
    "insertion_percentile": 0.5530983139916794
  },
  "xi0": {
    "true": 4.965720909916867,
    "median": 4.968558628775009,
    "ci_lo": 4.931317406833731,
    "ci_hi": 4.995793306643083,
    "covered": true,
    "insertion_percentile": 0.450624042040727
  }
}
Saved KDE posterior plot to /data/wiay/postgrads/shashwat/COMM_DATA/results/CALLIBRATION_S3_L1/bs2048_a0.20_b0.20_ep600_pat40_lr3.0e-04_wd1.0e-05_319402-2/inj_0020/posterior_kde.png
