==========================================
 Stage 3 Layer 1 injection
 model = bs2048_a0.10_b0.10_ep600_pat40_lr1.0e-04_wd1.0e-05_319402-5
 seed  = 63
==========================================
Model: bs2048_a0.10_b0.10_ep600_pat40_lr1.0e-04_wd1.0e-05_319402-5
Injection seed: 63
Output dir: /data/wiay/postgrads/shashwat/COMM_DATA/results/CALLIBRATION_S3_L1/bs2048_a0.10_b0.10_ep600_pat40_lr1.0e-04_wd1.0e-05_319402-5/inj_0063
{
  "kappa": {
    "true": 2.8443889222882817,
    "median": 2.7827607065642965,
    "ci_lo": 2.6962859055781907,
    "ci_hi": 2.8670374551708218,
    "covered": true,
    "insertion_percentile": 0.8901345291479821
  },
  "mu_xi": {
    "true": 0.09922588688596239,
    "median": 0.07460042423747784,
    "ci_lo": 0.0515596519792913,
    "ci_hi": 0.09468779320292321,
    "covered": false,
    "insertion_percentile": 0.9964125560538116
  },
  "sigma_chi": {
    "true": 0.15817805698878007,
    "median": 0.4065817415695342,
    "ci_lo": 0.11824694495291876,
    "ci_hi": 0.5751459446434283,
    "covered": true,
    "insertion_percentile": 0.09641255605381166
  },
  "sigma_xi": {
    "true": 0.22685066427791584,
    "median": 0.31729679479935136,
    "ci_lo": 0.24581719528648416,
    "ci_hi": 0.38305078408103077,
    "covered": false,
    "insertion_percentile": 0.003587443946188341
  },
  "rho": {
    "true": -0.539317604521844,
    "median": -0.22475358782168137,
    "ci_lo": -0.8419092378059582,
    "ci_hi": 0.7200654301228041,
    "covered": true,
    "insertion_percentile": 0.3002242152466368
  },
  "lambda_chi": {
    "true": -0.3276718941837966,
    "median": -0.07684253115476072,
    "ci_lo": -0.41599636949183766,
    "ci_hi": 0.4359546881942484,
    "covered": true,
    "insertion_percentile": 0.17399103139013453
  },
  "chi0": {
    "true": -0.1323802011758941,
    "median": -0.20848507909453212,
    "ci_lo": -0.4110314898308403,
    "ci_hi": -0.08490723003387098,
    "covered": true,
    "insertion_percentile": 0.7549327354260089
  },
  "xi0": {
    "true": 3.2195320865896297,
    "median": 3.2959063593202593,
    "ci_lo": 3.1737057084846962,
    "ci_hi": 3.496099308860766,
    "covered": true,
    "insertion_percentile": 0.239237668161435
  }
}
Saved KDE posterior plot to /data/wiay/postgrads/shashwat/COMM_DATA/results/CALLIBRATION_S3_L1/bs2048_a0.10_b0.10_ep600_pat40_lr1.0e-04_wd1.0e-05_319402-5/inj_0063/posterior_kde.png
