==========================================
 Stage 3 Layer 1 injection
 model = bs4096_a0.10_b0.10_ep600_pat40_lr3.0e-04_wd1.0e-05_319402-4
 seed  = 49
==========================================
Model: bs4096_a0.10_b0.10_ep600_pat40_lr3.0e-04_wd1.0e-05_319402-4
Injection seed: 49
Output dir: /data/wiay/postgrads/shashwat/COMM_DATA/results/CALLIBRATION_S3_L1/bs4096_a0.10_b0.10_ep600_pat40_lr3.0e-04_wd1.0e-05_319402-4/inj_0049
{
  "kappa": {
    "true": 1.8779855421530678,
    "median": 1.8866672237510769,
    "ci_lo": 1.8175291146674892,
    "ci_hi": 1.95599627380305,
    "covered": true,
    "insertion_percentile": 0.4247993240388678
  },
  "mu_xi": {
    "true": 0.059321726016973234,
    "median": 0.05952924048377312,
    "ci_lo": 0.05666460481582924,
    "ci_hi": 0.06202446459944502,
    "covered": true,
    "insertion_percentile": 0.44740177439797213
  },
  "sigma_chi": {
    "true": 0.26557261658030284,
    "median": 0.27372688920860233,
    "ci_lo": 0.2552467320905371,
    "ci_hi": 0.2948124620784532,
    "covered": true,
    "insertion_percentile": 0.24440219687367976
  },
  "sigma_xi": {
    "true": 0.26829474998681474,
    "median": 0.26748991676243206,
    "ci_lo": 0.2579645571124555,
    "ci_hi": 0.2779836016902157,
    "covered": true,
    "insertion_percentile": 0.5549218419940853
  },
  "rho": {
    "true": 0.2804664169027936,
    "median": 0.26490789420600563,
    "ci_lo": 0.2213790077229526,
    "ci_hi": 0.3141494620378097,
    "covered": true,
    "insertion_percentile": 0.6998310097169412
  },
  "lambda_chi": {
    "true": -0.4864141383219803,
    "median": -0.48081360146973906,
    "ci_lo": -0.496833703675085,
    "ci_hi": -0.46146434210956927,
    "covered": true,
    "insertion_percentile": 0.3081960287283481
  },
  "chi0": {
    "true": 0.27633560273778135,
    "median": 0.2712282840171347,
    "ci_lo": 0.26577464977075527,
    "ci_hi": 0.28034605186303946,
    "covered": true,
    "insertion_percentile": 0.8208702999577524
  },
  "xi0": {
    "true": 4.989386213888479,
    "median": 4.994207570802287,
    "ci_lo": 4.98558160212632,
    "ci_hi": 4.999387322452484,
    "covered": true,
    "insertion_percentile": 0.180397127165188
  }
}
Saved KDE posterior plot to /data/wiay/postgrads/shashwat/COMM_DATA/results/CALLIBRATION_S3_L1/bs4096_a0.10_b0.10_ep600_pat40_lr3.0e-04_wd1.0e-05_319402-4/inj_0049/posterior_kde.png
