==========================================
 Stage 3 Layer 1 injection
 model = bs1024_a0.10_b0.10_ep600_pat40_lr3.0e-04_wd1.0e-05_319402-3
 seed  = 8
==========================================
Model: bs1024_a0.10_b0.10_ep600_pat40_lr3.0e-04_wd1.0e-05_319402-3
Injection seed: 8
Output dir: /data/wiay/postgrads/shashwat/COMM_DATA/results/CALLIBRATION_S3_L1/bs1024_a0.10_b0.10_ep600_pat40_lr3.0e-04_wd1.0e-05_319402-3/inj_0008
{
  "kappa": {
    "true": 1.7021641553672477,
    "median": 1.645568377833428,
    "ci_lo": 1.542674605216806,
    "ci_hi": 1.7281718278534564,
    "covered": true,
    "insertion_percentile": 0.8495552731893266
  },
  "mu_xi": {
    "true": 0.09872768433379256,
    "median": 0.08684860672408028,
    "ci_lo": 0.07426271044688179,
    "ci_hi": 0.09848064958823084,
    "covered": false,
    "insertion_percentile": 0.9590851334180432
  },
  "sigma_chi": {
    "true": 0.22529096116703418,
    "median": 0.330162383690675,
    "ci_lo": 0.10190566281170339,
    "ci_hi": 0.47534349107411583,
    "covered": true,
    "insertion_percentile": 0.22922490470139772
  },
  "sigma_xi": {
    "true": 0.3259921275370101,
    "median": 0.3603525710932032,
    "ci_lo": 0.3265363572561139,
    "ci_hi": 0.3937457515057629,
    "covered": false,
    "insertion_percentile": 0.0434561626429479
  },
  "rho": {
    "true": 0.665813721053189,
    "median": 0.12972847276872415,
    "ci_lo": -0.7267459202712995,
    "ci_hi": 0.814953143114606,
    "covered": true,
    "insertion_percentile": 0.850571791613723
  },
  "lambda_chi": {
    "true": -0.10891519346080603,
    "median": -0.05013845169320925,
    "ci_lo": -0.42964311972274866,
    "ci_hi": 0.4337378891867679,
    "covered": true,
    "insertion_percentile": 0.4238881829733164
  },
  "chi0": {
    "true": -0.062118126877201196,
    "median": -0.11926256897103128,
    "ci_lo": -0.3971007545523833,
    "ci_hi": 0.1432605072788041,
    "covered": true,
    "insertion_percentile": 0.6282083862770013
  },
  "xi0": {
    "true": 3.4318722577233824,
    "median": 3.4877148304412575,
    "ci_lo": 3.221860885953018,
    "ci_hi": 3.764673230374956,
    "covered": true,
    "insertion_percentile": 0.3753494282083863
  }
}
Saved KDE posterior plot to /data/wiay/postgrads/shashwat/COMM_DATA/results/CALLIBRATION_S3_L1/bs1024_a0.10_b0.10_ep600_pat40_lr3.0e-04_wd1.0e-05_319402-3/inj_0008/posterior_kde.png
