==========================================
 Stage 3 Layer 1 injection
 model = bs2048_a0.10_b0.10_ep600_pat40_lr3.0e-04_wd1.0e-04_319402-6
 seed  = 54
==========================================
Model: bs2048_a0.10_b0.10_ep600_pat40_lr3.0e-04_wd1.0e-04_319402-6
Injection seed: 54
Output dir: /data/wiay/postgrads/shashwat/COMM_DATA/results/CALLIBRATION_S3_L1/bs2048_a0.10_b0.10_ep600_pat40_lr3.0e-04_wd1.0e-04_319402-6/inj_0054
{
  "kappa": {
    "true": 1.1900125688922862,
    "median": 1.1777882882908313,
    "ci_lo": 1.0959389494843554,
    "ci_hi": 1.307695202199056,
    "covered": true,
    "insertion_percentile": 0.5648196549921589
  },
  "mu_xi": {
    "true": 0.051857997088295374,
    "median": 0.05819264225319444,
    "ci_lo": 0.010456572303963445,
    "ci_hi": 0.08132238138185045,
    "covered": true,
    "insertion_percentile": 0.4294302143230528
  },
  "sigma_chi": {
    "true": 0.09380968457052531,
    "median": 0.2457305465019471,
    "ci_lo": 0.08011717379067698,
    "ci_hi": 0.46602676405342125,
    "covered": true,
    "insertion_percentile": 0.0818086774699425
  },
  "sigma_xi": {
    "true": 0.2521038984178377,
    "median": 0.22616018567478435,
    "ci_lo": 0.06998047790493994,
    "ci_hi": 0.382690752874167,
    "covered": true,
    "insertion_percentile": 0.5690015682174595
  },
  "rho": {
    "true": -0.7449833012728078,
    "median": -0.0944615972835659,
    "ci_lo": -0.7799347413376823,
    "ci_hi": 0.7435513305181436,
    "covered": true,
    "insertion_percentile": 0.06847882906429692
  },
  "lambda_chi": {
    "true": -0.044710522607395164,
    "median": 0.05133806156574919,
    "ci_lo": -0.3152096144597395,
    "ci_hi": 0.4324710479145122,
    "covered": true,
    "insertion_percentile": 0.3549398849973863
  },
  "chi0": {
    "true": 0.16768663174068554,
    "median": 0.11141026430003077,
    "ci_lo": -0.23028707668905943,
    "ci_hi": 0.4168156674728157,
    "covered": true,
    "insertion_percentile": 0.6035023523261892
  },
  "xi0": {
    "true": 2.8214294995357885,
    "median": 2.8713117484796857,
    "ci_lo": 2.563678288847568,
    "ci_hi": 3.213614273684973,
    "covered": true,
    "insertion_percentile": 0.4069524307370622
  }
}
Saved KDE posterior plot to /data/wiay/postgrads/shashwat/COMM_DATA/results/CALLIBRATION_S3_L1/bs2048_a0.10_b0.10_ep600_pat40_lr3.0e-04_wd1.0e-04_319402-6/inj_0054/posterior_kde.png
