==========================================
 Stage 3 Layer 1 injection
 model = bs2048_a0.10_b0.10_ep600_pat40_lr1.0e-04_wd1.0e-05_319402-5
 seed  = 12
==========================================
Model: bs2048_a0.10_b0.10_ep600_pat40_lr1.0e-04_wd1.0e-05_319402-5
Injection seed: 12
Output dir: /data/wiay/postgrads/shashwat/COMM_DATA/results/CALLIBRATION_S3_L1/bs2048_a0.10_b0.10_ep600_pat40_lr1.0e-04_wd1.0e-05_319402-5/inj_0012
{
  "kappa": {
    "true": 1.329039844731386,
    "median": 1.777209991568581,
    "ci_lo": 1.2381117702342213,
    "ci_hi": 2.2378716798211595,
    "covered": true,
    "insertion_percentile": 0.08251953125
  },
  "mu_xi": {
    "true": 0.09467529428594246,
    "median": 0.07006915467643908,
    "ci_lo": 0.03119017561224591,
    "ci_hi": 0.09574227231361357,
    "covered": true,
    "insertion_percentile": 0.93212890625
  },
  "sigma_chi": {
    "true": 0.1541262114968687,
    "median": 0.19999609866309226,
    "ci_lo": 0.06364320528536181,
    "ci_hi": 0.39051954561707214,
    "covered": true,
    "insertion_percentile": 0.37353515625
  },
  "sigma_xi": {
    "true": 0.11275199364633766,
    "median": 0.2503662987984152,
    "ci_lo": 0.10538635373313919,
    "ci_hi": 0.37461128739377275,
    "covered": true,
    "insertion_percentile": 0.0654296875
  },
  "rho": {
    "true": -0.27019936692727653,
    "median": 0.010628242801780655,
    "ci_lo": -0.8032480294380189,
    "ci_hi": 0.8025802227677472,
    "covered": true,
    "insertion_percentile": 0.352294921875
  },
  "lambda_chi": {
    "true": -0.26945875341009407,
    "median": 0.04260052761799698,
    "ci_lo": -0.36545963703112383,
    "ci_hi": 0.4388153971659952,
    "covered": true,
    "insertion_percentile": 0.09228515625
  },
  "chi0": {
    "true": 0.17044574277278468,
    "median": -0.04877992114354274,
    "ci_lo": -0.3019306659436051,
    "ci_hi": 0.1869594930300377,
    "covered": true,
    "insertion_percentile": 0.940673828125
  },
  "xi0": {
    "true": 2.7876984553086186,
    "median": 3.002904096496506,
    "ci_lo": 2.7673097535429743,
    "ci_hi": 3.257699197156441,
    "covered": true,
    "insertion_percentile": 0.06396484375
  }
}
Saved KDE posterior plot to /data/wiay/postgrads/shashwat/COMM_DATA/results/CALLIBRATION_S3_L1/bs2048_a0.10_b0.10_ep600_pat40_lr1.0e-04_wd1.0e-05_319402-5/inj_0012/posterior_kde.png
