==========================================
 Stage 3 Layer 1 injection
 model = bs2048_a0.10_b0.10_ep600_pat40_lr3.0e-04_wd1.0e-05_319402-0
 seed  = 57
==========================================
Model: bs2048_a0.10_b0.10_ep600_pat40_lr3.0e-04_wd1.0e-05_319402-0
Injection seed: 57
Output dir: /data/wiay/postgrads/shashwat/COMM_DATA/results/CALLIBRATION_S3_L1/bs2048_a0.10_b0.10_ep600_pat40_lr3.0e-04_wd1.0e-05_319402-0/inj_0057
{
  "kappa": {
    "true": 3.452416845462155,
    "median": 3.5564591286966314,
    "ci_lo": 3.476315186980089,
    "ci_hi": 3.6506251402716816,
    "covered": false,
    "insertion_percentile": 0.0136275146009085
  },
  "mu_xi": {
    "true": 0.04683119682175685,
    "median": 0.046066060632821114,
    "ci_lo": 0.02061955924125007,
    "ci_hi": 0.058982657947285376,
    "covered": true,
    "insertion_percentile": 0.5223880597014925
  },
  "sigma_chi": {
    "true": 0.5126785183635331,
    "median": 0.2796743325465599,
    "ci_lo": 0.081995687219995,
    "ci_hi": 0.4775314654903291,
    "covered": false,
    "insertion_percentile": 0.9833441488211119
  },
  "sigma_xi": {
    "true": 0.1691119327505421,
    "median": 0.17356456820385685,
    "ci_lo": 0.06528141122719386,
    "ci_hi": 0.2846822661646956,
    "covered": true,
    "insertion_percentile": 0.47847717932078737
  },
  "rho": {
    "true": -0.19112114480706366,
    "median": -0.0727430685088922,
    "ci_lo": -0.7023485197985492,
    "ci_hi": 0.6830405848850032,
    "covered": true,
    "insertion_percentile": 0.3761626649361886
  },
  "lambda_chi": {
    "true": -0.34355801538886943,
    "median": -0.1682910000504006,
    "ci_lo": -0.4184776665975353,
    "ci_hi": 0.2319867202837123,
    "covered": true,
    "insertion_percentile": 0.136491455764655
  },
  "chi0": {
    "true": -0.07078186225135885,
    "median": -0.12970742237786181,
    "ci_lo": -0.23826953569330006,
    "ci_hi": -0.05768245446735518,
    "covered": true,
    "insertion_percentile": 0.9013627514600908
  },
  "xi0": {
    "true": 4.315848589375568,
    "median": 4.377594695214325,
    "ci_lo": 4.306309906017805,
    "ci_hi": 4.487592535937449,
    "covered": true,
    "insertion_percentile": 0.08587497296128055
  }
}
Saved KDE posterior plot to /data/wiay/postgrads/shashwat/COMM_DATA/results/CALLIBRATION_S3_L1/bs2048_a0.10_b0.10_ep600_pat40_lr3.0e-04_wd1.0e-05_319402-0/inj_0057/posterior_kde.png
