==========================================
 Stage 3 Layer 1 injection
 model = bs2048_a0.05_b0.05_ep600_pat40_lr3.0e-04_wd1.0e-05_319402-1
 seed  = 29
==========================================
Model: bs2048_a0.05_b0.05_ep600_pat40_lr3.0e-04_wd1.0e-05_319402-1
Injection seed: 29
Output dir: /data/wiay/postgrads/shashwat/COMM_DATA/results/CALLIBRATION_S3_L1/bs2048_a0.05_b0.05_ep600_pat40_lr3.0e-04_wd1.0e-05_319402-1/inj_0029
{
  "kappa": {
    "true": 0.3452301547349377,
    "median": 0.35060205478393774,
    "ci_lo": 0.33620810895862746,
    "ci_hi": 0.3632630163870615,
    "covered": true,
    "insertion_percentile": 0.2677584442169908
  },
  "mu_xi": {
    "true": 0.05063222985714494,
    "median": 0.05181221289178259,
    "ci_lo": 0.04246829029441016,
    "ci_hi": 0.06159648956913665,
    "covered": true,
    "insertion_percentile": 0.42313203684749234
  },
  "sigma_chi": {
    "true": 0.3355787162963413,
    "median": 0.29251187957137614,
    "ci_lo": 0.17603787723124645,
    "ci_hi": 0.3900300942583949,
    "covered": true,
    "insertion_percentile": 0.7330603889457523
  },
  "sigma_xi": {
    "true": 0.14282112487802387,
    "median": 0.13651154200237534,
    "ci_lo": 0.06263591152130435,
    "ci_hi": 0.19025694156844492,
    "covered": true,
    "insertion_percentile": 0.5672466734902764
  },
  "rho": {
    "true": -0.6674010392666987,
    "median": -0.5635906941172031,
    "ci_lo": -0.8609435176400706,
    "ci_hi": 0.6772294133302824,
    "covered": true,
    "insertion_percentile": 0.36438075742067555
  },
  "lambda_chi": {
    "true": -0.4792689674231341,
    "median": -0.46493256263897903,
    "ci_lo": -0.4961101428081212,
    "ci_hi": -0.3955276784216512,
    "covered": true,
    "insertion_percentile": 0.2906857727737973
  },
  "chi0": {
    "true": -0.10617203907634176,
    "median": -0.14153702366987458,
    "ci_lo": -0.3395287433246345,
    "ci_hi": -0.03609928439943653,
    "covered": true,
    "insertion_percentile": 0.6743091095189355
  },
  "xi0": {
    "true": 3.4505715046914487,
    "median": 3.48568681551375,
    "ci_lo": 3.380215286354373,
    "ci_hi": 3.6836655055660326,
    "covered": true,
    "insertion_percentile": 0.32610030706243603
  }
}
Saved KDE posterior plot to /data/wiay/postgrads/shashwat/COMM_DATA/results/CALLIBRATION_S3_L1/bs2048_a0.05_b0.05_ep600_pat40_lr3.0e-04_wd1.0e-05_319402-1/inj_0029/posterior_kde.png
