==========================================
 Stage 3 Layer 1 injection
 model = bs2048_a0.20_b0.20_ep600_pat40_lr3.0e-04_wd1.0e-05_319402-2
 seed  = 5
==========================================
Model: bs2048_a0.20_b0.20_ep600_pat40_lr3.0e-04_wd1.0e-05_319402-2
Injection seed: 5
Output dir: /data/wiay/postgrads/shashwat/COMM_DATA/results/CALLIBRATION_S3_L1/bs2048_a0.20_b0.20_ep600_pat40_lr3.0e-04_wd1.0e-05_319402-2/inj_0005
{
  "kappa": {
    "true": 4.044514326352363,
    "median": 3.770906289324459,
    "ci_lo": 3.2882787034377534,
    "ci_hi": 4.286945436110709,
    "covered": true,
    "insertion_percentile": 0.8191308570041272
  },
  "mu_xi": {
    "true": 0.08079407897364937,
    "median": 0.059144738184747164,
    "ci_lo": 0.019490987831242094,
    "ci_hi": 0.08834270284879552,
    "covered": true,
    "insertion_percentile": 0.8157319737800437
  },
  "sigma_chi": {
    "true": 0.33342905857317806,
    "median": 0.2898486509917832,
    "ci_lo": 0.08268668154397675,
    "ci_hi": 0.549688565570038,
    "covered": true,
    "insertion_percentile": 0.5962612284535082
  },
  "sigma_xi": {
    "true": 0.15003048303084957,
    "median": 0.2570058206377181,
    "ci_lo": 0.08583353514284744,
    "ci_hi": 0.3809966876373257,
    "covered": true,
    "insertion_percentile": 0.1840252488468075
  },
  "rho": {
    "true": -0.8029247357130185,
    "median": -0.13870950862565987,
    "ci_lo": -0.8219183541824429,
    "ci_hi": 0.7676922945356429,
    "covered": true,
    "insertion_percentile": 0.06239378489924739
  },
  "lambda_chi": {
    "true": -0.11663111921448177,
    "median": 0.014064794178623972,
    "ci_lo": -0.4090251818422969,
    "ci_hi": 0.4759712995871766,
    "covered": true,
    "insertion_percentile": 0.3729060451565914
  },
  "chi0": {
    "true": -0.09152679458000135,
    "median": -0.11499059666776616,
    "ci_lo": -0.23759478671203366,
    "ci_hi": -0.005117148097574213,
    "covered": true,
    "insertion_percentile": 0.5826656955571741
  },
  "xi0": {
    "true": 2.613187984756113,
    "median": 2.63836376740161,
    "ci_lo": 2.5256301221430992,
    "ci_hi": 2.7632170796282103,
    "covered": true,
    "insertion_percentile": 0.41223597960670066
  }
}
Saved KDE posterior plot to /data/wiay/postgrads/shashwat/COMM_DATA/results/CALLIBRATION_S3_L1/bs2048_a0.20_b0.20_ep600_pat40_lr3.0e-04_wd1.0e-05_319402-2/inj_0005/posterior_kde.png
