==========================================
 Stage 3 Layer 1 injection
 model = bs2048_a0.10_b0.10_ep600_pat40_lr3.0e-04_wd1.0e-05_319402-0
 seed  = 64
==========================================
Model: bs2048_a0.10_b0.10_ep600_pat40_lr3.0e-04_wd1.0e-05_319402-0
Injection seed: 64
Output dir: /data/wiay/postgrads/shashwat/COMM_DATA/results/CALLIBRATION_S3_L1/bs2048_a0.10_b0.10_ep600_pat40_lr3.0e-04_wd1.0e-05_319402-0/inj_0064
{
  "kappa": {
    "true": 4.7231179184279775,
    "median": 4.673821568813646,
    "ci_lo": 4.5956836048671,
    "ci_hi": 4.751471167914668,
    "covered": true,
    "insertion_percentile": 0.8387327725076069
  },
  "mu_xi": {
    "true": 0.05233396291407427,
    "median": 0.05169887496500794,
    "ci_lo": 0.023640516465301523,
    "ci_hi": 0.06192809138331052,
    "covered": true,
    "insertion_percentile": 0.5265795596921424
  },
  "sigma_chi": {
    "true": 0.0861410155859742,
    "median": 0.2006535324118708,
    "ci_lo": 0.08009085737310155,
    "ci_hi": 0.5399284020550847,
    "covered": true,
    "insertion_percentile": 0.0637193484875604
  },
  "sigma_xi": {
    "true": 0.16149557235465212,
    "median": 0.1658165841113705,
    "ci_lo": 0.0848587930069551,
    "ci_hi": 0.28928764140438007,
    "covered": true,
    "insertion_percentile": 0.4714515840343655
  },
  "rho": {
    "true": 0.6451513712203566,
    "median": 0.3385960584774626,
    "ci_lo": -0.4386254470067332,
    "ci_hi": 0.8317642170533144,
    "covered": true,
    "insertion_percentile": 0.7907642742079828
  },
  "lambda_chi": {
    "true": -0.4154412979443316,
    "median": -0.36108877564606656,
    "ci_lo": -0.47566788541069893,
    "ci_hi": 0.4803700573723794,
    "covered": true,
    "insertion_percentile": 0.3393592267764453
  },
  "chi0": {
    "true": 0.48536525002403685,
    "median": 0.4717030667664646,
    "ci_lo": 0.2846156154931453,
    "ci_hi": 0.4978349418102116,
    "covered": true,
    "insertion_percentile": 0.6762126364775372
  },
  "xi0": {
    "true": 4.063453629352292,
    "median": 4.069687750551741,
    "ci_lo": 4.043352331232736,
    "ci_hi": 4.254617147241089,
    "covered": true,
    "insertion_percentile": 0.4182924646500805
  }
}
Saved KDE posterior plot to /data/wiay/postgrads/shashwat/COMM_DATA/results/CALLIBRATION_S3_L1/bs2048_a0.10_b0.10_ep600_pat40_lr3.0e-04_wd1.0e-05_319402-0/inj_0064/posterior_kde.png
