==========================================
 Stage 3 Layer 1 injection
 model = bs2048_a0.10_b0.10_ep600_pat40_lr3.0e-04_wd1.0e-05_319402-0
 seed  = 45
==========================================
Model: bs2048_a0.10_b0.10_ep600_pat40_lr3.0e-04_wd1.0e-05_319402-0
Injection seed: 45
Output dir: /data/wiay/postgrads/shashwat/COMM_DATA/results/CALLIBRATION_S3_L1/bs2048_a0.10_b0.10_ep600_pat40_lr3.0e-04_wd1.0e-05_319402-0/inj_0045
{
  "kappa": {
    "true": 2.908340219042778,
    "median": 2.88494230202907,
    "ci_lo": 2.848672286304266,
    "ci_hi": 2.9307319428863923,
    "covered": true,
    "insertion_percentile": 0.8028368794326242
  },
  "mu_xi": {
    "true": 0.05284911451702028,
    "median": 0.06883104539534385,
    "ci_lo": 0.038627192505274736,
    "ci_hi": 0.09393992251672248,
    "covered": true,
    "insertion_percentile": 0.20236406619385341
  },
  "sigma_chi": {
    "true": 0.47000763189105926,
    "median": 0.3288962873430561,
    "ci_lo": 0.10045378617474851,
    "ci_hi": 0.5529190931747533,
    "covered": true,
    "insertion_percentile": 0.8094562647754137
  },
  "sigma_xi": {
    "true": 0.3340924684533625,
    "median": 0.2822515718467627,
    "ci_lo": 0.17124914966875343,
    "ci_hi": 0.374330320740705,
    "covered": true,
    "insertion_percentile": 0.7966903073286052
  },
  "rho": {
    "true": 0.018411939361302698,
    "median": -0.15371207376678392,
    "ci_lo": -0.6907123428812806,
    "ci_hi": 0.6307907339607433,
    "covered": true,
    "insertion_percentile": 0.6591016548463356
  },
  "lambda_chi": {
    "true": 0.27933967239778745,
    "median": 0.14125156108568704,
    "ci_lo": -0.1888220461393471,
    "ci_hi": 0.39821334636065153,
    "covered": true,
    "insertion_percentile": 0.7692671394799054
  },
  "chi0": {
    "true": 0.2961133044600447,
    "median": 0.33266187590561425,
    "ci_lo": 0.2386838681845634,
    "ci_hi": 0.4428149318875815,
    "covered": true,
    "insertion_percentile": 0.2945626477541371
  },
  "xi0": {
    "true": 3.9868875108521693,
    "median": 3.9516513725891276,
    "ci_lo": 3.8407515085904333,
    "ci_hi": 4.0471051418116435,
    "covered": true,
    "insertion_percentile": 0.6990543735224586
  }
}
Saved KDE posterior plot to /data/wiay/postgrads/shashwat/COMM_DATA/results/CALLIBRATION_S3_L1/bs2048_a0.10_b0.10_ep600_pat40_lr3.0e-04_wd1.0e-05_319402-0/inj_0045/posterior_kde.png
