==========================================
 Stage 3 Layer 1 injection
 model = bs1024_a0.10_b0.10_ep600_pat40_lr3.0e-04_wd1.0e-05_319402-3
 seed  = 49
==========================================
Model: bs1024_a0.10_b0.10_ep600_pat40_lr3.0e-04_wd1.0e-05_319402-3
Injection seed: 49
Output dir: /data/wiay/postgrads/shashwat/COMM_DATA/results/CALLIBRATION_S3_L1/bs1024_a0.10_b0.10_ep600_pat40_lr3.0e-04_wd1.0e-05_319402-3/inj_0049
{
  "kappa": {
    "true": 1.8779855421530678,
    "median": 1.8960699942945953,
    "ci_lo": 1.7727911584844804,
    "ci_hi": 1.9988183174864795,
    "covered": true,
    "insertion_percentile": 0.39897119341563786
  },
  "mu_xi": {
    "true": 0.059321726016973234,
    "median": 0.05714909398336439,
    "ci_lo": 0.04944571670082854,
    "ci_hi": 0.06532334721356096,
    "covered": true,
    "insertion_percentile": 0.6864197530864198
  },
  "sigma_chi": {
    "true": 0.26557261658030284,
    "median": 0.2569660940048256,
    "ci_lo": 0.22147528316617646,
    "ci_hi": 0.2882947181063385,
    "covered": true,
    "insertion_percentile": 0.668724279835391
  },
  "sigma_xi": {
    "true": 0.26829474998681474,
    "median": 0.27630331911765643,
    "ci_lo": 0.2449347422984741,
    "ci_hi": 0.30284909737786425,
    "covered": true,
    "insertion_percentile": 0.31193415637860084
  },
  "rho": {
    "true": 0.2804664169027936,
    "median": 0.3814603342939167,
    "ci_lo": 0.14771661085971954,
    "ci_hi": 0.5590854821186717,
    "covered": true,
    "insertion_percentile": 0.21008230452674898
  },
  "lambda_chi": {
    "true": -0.4864141383219803,
    "median": -0.4880501148090325,
    "ci_lo": -0.49893507045824975,
    "ci_hi": -0.4677660142322659,
    "covered": true,
    "insertion_percentile": 0.5578189300411522
  },
  "chi0": {
    "true": 0.27633560273778135,
    "median": 0.2778771275377861,
    "ci_lo": 0.2678637371300606,
    "ci_hi": 0.2904196177640051,
    "covered": true,
    "insertion_percentile": 0.42304526748971194
  },
  "xi0": {
    "true": 4.989386213888479,
    "median": 4.988634553164536,
    "ci_lo": 4.975850804432932,
    "ci_hi": 4.998424678180507,
    "covered": true,
    "insertion_percentile": 0.5366255144032922
  }
}
Saved KDE posterior plot to /data/wiay/postgrads/shashwat/COMM_DATA/results/CALLIBRATION_S3_L1/bs1024_a0.10_b0.10_ep600_pat40_lr3.0e-04_wd1.0e-05_319402-3/inj_0049/posterior_kde.png
