==========================================
 Stage 3 Layer 1 injection
 model = bs2048_a0.20_b0.20_ep600_pat40_lr3.0e-04_wd1.0e-05_319402-2
 seed  = 68
==========================================
Model: bs2048_a0.20_b0.20_ep600_pat40_lr3.0e-04_wd1.0e-05_319402-2
Injection seed: 68
Output dir: /data/wiay/postgrads/shashwat/COMM_DATA/results/CALLIBRATION_S3_L1/bs2048_a0.20_b0.20_ep600_pat40_lr3.0e-04_wd1.0e-05_319402-2/inj_0068
{
  "kappa": {
    "true": 2.4733969517481755,
    "median": 2.503222552940125,
    "ci_lo": 2.453674124279103,
    "ci_hi": 2.5379140587905864,
    "covered": true,
    "insertion_percentile": 0.15253831417624522
  },
  "mu_xi": {
    "true": 0.08483262745530858,
    "median": 0.06786066570359052,
    "ci_lo": 0.04424113874781406,
    "ci_hi": 0.09752192961546276,
    "covered": true,
    "insertion_percentile": 0.7207854406130269
  },
  "sigma_chi": {
    "true": 0.42043724959188034,
    "median": 0.29168460671970087,
    "ci_lo": 0.100518213553569,
    "ci_hi": 0.525882033701051,
    "covered": true,
    "insertion_percentile": 0.7885536398467433
  },
  "sigma_xi": {
    "true": 0.26918427099301623,
    "median": 0.3264712973408006,
    "ci_lo": 0.21693690101719262,
    "ci_hi": 0.39222568374468963,
    "covered": true,
    "insertion_percentile": 0.2777777777777778
  },
  "rho": {
    "true": 0.8564716582173363,
    "median": -0.023151004760971816,
    "ci_lo": -0.7972393008645029,
    "ci_hi": 0.7627863595374995,
    "covered": false,
    "insertion_percentile": 0.9882662835249042
  },
  "lambda_chi": {
    "true": 0.19279027327599796,
    "median": 0.024008207140752448,
    "ci_lo": -0.3107692345197088,
    "ci_hi": 0.28680518451653325,
    "covered": true,
    "insertion_percentile": 0.8457854406130269
  },
  "chi0": {
    "true": -0.3697626483305094,
    "median": -0.3458671915757502,
    "ci_lo": -0.4446175249509463,
    "ci_hi": -0.22145391655777705,
    "covered": true,
    "insertion_percentile": 0.36182950191570884
  },
  "xi0": {
    "true": 3.8151170252133735,
    "median": 3.79397045606071,
    "ci_lo": 3.671542114997118,
    "ci_hi": 3.891993205565597,
    "covered": true,
    "insertion_percentile": 0.6240421455938697
  }
}
Saved KDE posterior plot to /data/wiay/postgrads/shashwat/COMM_DATA/results/CALLIBRATION_S3_L1/bs2048_a0.20_b0.20_ep600_pat40_lr3.0e-04_wd1.0e-05_319402-2/inj_0068/posterior_kde.png
