==========================================
 Stage 3 Layer 1 injection
 model = bs2048_a0.10_b0.10_ep600_pat40_lr1.0e-04_wd1.0e-05_319402-5
 seed  = 61
==========================================
Model: bs2048_a0.10_b0.10_ep600_pat40_lr1.0e-04_wd1.0e-05_319402-5
Injection seed: 61
Output dir: /data/wiay/postgrads/shashwat/COMM_DATA/results/CALLIBRATION_S3_L1/bs2048_a0.10_b0.10_ep600_pat40_lr1.0e-04_wd1.0e-05_319402-5/inj_0061
{
  "kappa": {
    "true": 1.934433986100442,
    "median": 1.934043176865177,
    "ci_lo": 1.9314573660696364,
    "ci_hi": 1.9365235605111293,
    "covered": true,
    "insertion_percentile": 0.5990910887176447
  },
  "mu_xi": {
    "true": 0.07719356181922665,
    "median": 0.07937298517224016,
    "ci_lo": 0.07398534018091919,
    "ci_hi": 0.08454605480859255,
    "covered": true,
    "insertion_percentile": 0.24836988737403676
  },
  "sigma_chi": {
    "true": 0.4191287069253106,
    "median": 0.37108872777333374,
    "ci_lo": 0.3349621646209315,
    "ci_hi": 0.4004047389188405,
    "covered": false,
    "insertion_percentile": 0.9986168741355463
  },
  "sigma_xi": {
    "true": 0.29820419278923027,
    "median": 0.29039218067267114,
    "ci_lo": 0.27199800295765364,
    "ci_hi": 0.30844645986265373,
    "covered": true,
    "insertion_percentile": 0.7628927089508002
  },
  "rho": {
    "true": -0.11924497231092901,
    "median": -0.12826959713788033,
    "ci_lo": -0.2127644474095513,
    "ci_hi": -0.0719046950568981,
    "covered": true,
    "insertion_percentile": 0.5866429559375618
  },
  "lambda_chi": {
    "true": 0.49726856798516317,
    "median": 0.4956322716235647,
    "ci_lo": 0.4843705913351453,
    "ci_hi": 0.4996710274671926,
    "covered": true,
    "insertion_percentile": 0.6633076467101363
  },
  "chi0": {
    "true": 0.4980928561898915,
    "median": 0.4971980441652415,
    "ci_lo": 0.49156004188801555,
    "ci_hi": 0.49976634410106735,
    "covered": true,
    "insertion_percentile": 0.6482908516103537
  },
  "xi0": {
    "true": 4.869332003461186,
    "median": 4.87267552798049,
    "ci_lo": 4.869410510911984,
    "ci_hi": 4.878839923273217,
    "covered": false,
    "insertion_percentile": 0.04485279589014029
  }
}
Saved KDE posterior plot to /data/wiay/postgrads/shashwat/COMM_DATA/results/CALLIBRATION_S3_L1/bs2048_a0.10_b0.10_ep600_pat40_lr1.0e-04_wd1.0e-05_319402-5/inj_0061/posterior_kde.png
