==========================================
 Stage 3 Layer 1 injection
 model = bs4096_a0.10_b0.10_ep600_pat40_lr3.0e-04_wd1.0e-05_319402-4
 seed  = 61
==========================================
Model: bs4096_a0.10_b0.10_ep600_pat40_lr3.0e-04_wd1.0e-05_319402-4
Injection seed: 61
Output dir: /data/wiay/postgrads/shashwat/COMM_DATA/results/CALLIBRATION_S3_L1/bs4096_a0.10_b0.10_ep600_pat40_lr3.0e-04_wd1.0e-05_319402-4/inj_0061
{
  "kappa": {
    "true": 1.934433986100442,
    "median": 1.9358011456767967,
    "ci_lo": 1.9301408809569658,
    "ci_hi": 1.940839597902293,
    "covered": true,
    "insertion_percentile": 0.33631265334735366
  },
  "mu_xi": {
    "true": 0.07719356181922665,
    "median": 0.07451233622915848,
    "ci_lo": 0.06887654249823291,
    "ci_hi": 0.0803702255202891,
    "covered": true,
    "insertion_percentile": 0.7847879425166492
  },
  "sigma_chi": {
    "true": 0.4191287069253106,
    "median": 0.42591990885933,
    "ci_lo": 0.3780941587337762,
    "ci_hi": 0.466160713666886,
    "covered": true,
    "insertion_percentile": 0.39519803715387314
  },
  "sigma_xi": {
    "true": 0.29820419278923027,
    "median": 0.30699896623944556,
    "ci_lo": 0.2875203721285816,
    "ci_hi": 0.3246690847082348,
    "covered": true,
    "insertion_percentile": 0.21310900806168945
  },
  "rho": {
    "true": -0.11924497231092901,
    "median": -0.13476692268467888,
    "ci_lo": -0.21998684189478862,
    "ci_hi": -0.08210826405346461,
    "covered": true,
    "insertion_percentile": 0.6713985278654049
  },
  "lambda_chi": {
    "true": 0.49726856798516317,
    "median": 0.4981281321578327,
    "ci_lo": 0.4929790343805351,
    "ci_hi": 0.4998447001248064,
    "covered": true,
    "insertion_percentile": 0.35769365580091134
  },
  "chi0": {
    "true": 0.4980928561898915,
    "median": 0.49770621906710477,
    "ci_lo": 0.49103580719121104,
    "ci_hi": 0.49980918954143116,
    "covered": true,
    "insertion_percentile": 0.570627409744129
  },
  "xi0": {
    "true": 4.869332003461186,
    "median": 4.869551205254562,
    "ci_lo": 4.866149120385454,
    "ci_hi": 4.877479916953197,
    "covered": true,
    "insertion_percentile": 0.47090781633368384
  }
}
Saved KDE posterior plot to /data/wiay/postgrads/shashwat/COMM_DATA/results/CALLIBRATION_S3_L1/bs4096_a0.10_b0.10_ep600_pat40_lr3.0e-04_wd1.0e-05_319402-4/inj_0061/posterior_kde.png
