==========================================
 Stage 3 Layer 1 injection
 model = bs4096_a0.10_b0.10_ep600_pat40_lr3.0e-04_wd1.0e-05_319402-4
 seed  = 40
==========================================
Model: bs4096_a0.10_b0.10_ep600_pat40_lr3.0e-04_wd1.0e-05_319402-4
Injection seed: 40
Output dir: /data/wiay/postgrads/shashwat/COMM_DATA/results/CALLIBRATION_S3_L1/bs4096_a0.10_b0.10_ep600_pat40_lr3.0e-04_wd1.0e-05_319402-4/inj_0040
{
  "kappa": {
    "true": 3.6765026267971166,
    "median": 3.6560699630534628,
    "ci_lo": 3.259605318655671,
    "ci_hi": 4.1388483644633345,
    "covered": true,
    "insertion_percentile": 0.5294469954082651
  },
  "mu_xi": {
    "true": 0.06934149568018803,
    "median": 0.03293010331691578,
    "ci_lo": 0.001760463626078975,
    "ci_hi": 0.0693981088818274,
    "covered": true,
    "insertion_percentile": 0.9472948692353763
  },
  "sigma_chi": {
    "true": 0.5680565594790205,
    "median": 0.34268174605843565,
    "ci_lo": 0.10670261302069924,
    "ci_hi": 0.5397468410075913,
    "covered": false,
    "insertion_percentile": 0.9808344979037732
  },
  "sigma_xi": {
    "true": 0.07087822101567097,
    "median": 0.2787755612783929,
    "ci_lo": 0.06835548234863638,
    "ci_hi": 0.3744651902081912,
    "covered": true,
    "insertion_percentile": 0.0562986624076662
  },
  "rho": {
    "true": 0.342937747306176,
    "median": 0.2908215870379991,
    "ci_lo": -0.5307660503829044,
    "ci_hi": 0.8317406965965177,
    "covered": true,
    "insertion_percentile": 0.5390297464563785
  },
  "lambda_chi": {
    "true": 0.4223975190132162,
    "median": -0.004118579517975118,
    "ci_lo": -0.4145325360322996,
    "ci_hi": 0.47425120308412727,
    "covered": true,
    "insertion_percentile": 0.8726292673188261
  },
  "chi0": {
    "true": -0.024316822479025335,
    "median": 0.08474788799965784,
    "ci_lo": -0.05234073454819907,
    "ci_hi": 0.20057962087781595,
    "covered": true,
    "insertion_percentile": 0.15312437612297863
  },
  "xi0": {
    "true": 3.3459767274653087,
    "median": 3.2429603878782944,
    "ci_lo": 3.120269896407514,
    "ci_hi": 3.3753132090353013,
    "covered": true,
    "insertion_percentile": 0.8342982631263726
  }
}
Saved KDE posterior plot to /data/wiay/postgrads/shashwat/COMM_DATA/results/CALLIBRATION_S3_L1/bs4096_a0.10_b0.10_ep600_pat40_lr3.0e-04_wd1.0e-05_319402-4/inj_0040/posterior_kde.png
