==========================================
 Stage 3 Layer 1 injection
 model = bs2048_a0.20_b0.20_ep600_pat40_lr3.0e-04_wd1.0e-05_319402-2
 seed  = 29
==========================================
Model: bs2048_a0.20_b0.20_ep600_pat40_lr3.0e-04_wd1.0e-05_319402-2
Injection seed: 29
Output dir: /data/wiay/postgrads/shashwat/COMM_DATA/results/CALLIBRATION_S3_L1/bs2048_a0.20_b0.20_ep600_pat40_lr3.0e-04_wd1.0e-05_319402-2/inj_0029
{
  "kappa": {
    "true": 0.3452301547349377,
    "median": 0.3432977052876093,
    "ci_lo": 0.3355730503665051,
    "ci_hi": 0.35014227584966895,
    "covered": true,
    "insertion_percentile": 0.6714710592541753
  },
  "mu_xi": {
    "true": 0.05063222985714494,
    "median": 0.038184401640761444,
    "ci_lo": 0.021261532845315692,
    "ci_hi": 0.05314779590877695,
    "covered": true,
    "insertion_percentile": 0.9009380004575612
  },
  "sigma_chi": {
    "true": 0.3355787162963413,
    "median": 0.3589484594267194,
    "ci_lo": 0.2966698126740758,
    "ci_hi": 0.41684828826284603,
    "covered": true,
    "insertion_percentile": 0.2553191489361702
  },
  "sigma_xi": {
    "true": 0.14282112487802387,
    "median": 0.2105902928035431,
    "ci_lo": 0.1260954100025241,
    "ci_hi": 0.2799189579037714,
    "covered": true,
    "insertion_percentile": 0.0967741935483871
  },
  "rho": {
    "true": -0.6674010392666987,
    "median": -0.19211322415339332,
    "ci_lo": -0.7771800915618432,
    "ci_hi": 0.5160190216670997,
    "covered": true,
    "insertion_percentile": 0.11576298329901624
  },
  "lambda_chi": {
    "true": -0.4792689674231341,
    "median": -0.4268610619308284,
    "ci_lo": -0.48978972323731657,
    "ci_hi": -0.3106101819806272,
    "covered": true,
    "insertion_percentile": 0.10844200411805079
  },
  "chi0": {
    "true": -0.10617203907634176,
    "median": -0.20844768541754716,
    "ci_lo": -0.44549745774964766,
    "ci_hi": 0.006492234124025775,
    "covered": true,
    "insertion_percentile": 0.7831159917638985
  },
  "xi0": {
    "true": 3.4505715046914487,
    "median": 3.5517649198259336,
    "ci_lo": 3.3356781744862163,
    "ci_hi": 3.790272678405343,
    "covered": true,
    "insertion_percentile": 0.22077327842598948
  }
}
Saved KDE posterior plot to /data/wiay/postgrads/shashwat/COMM_DATA/results/CALLIBRATION_S3_L1/bs2048_a0.20_b0.20_ep600_pat40_lr3.0e-04_wd1.0e-05_319402-2/inj_0029/posterior_kde.png
