==========================================
 Stage 3 Layer 1 injection
 model = bs2048_a0.10_b0.10_ep600_pat40_lr1.0e-04_wd1.0e-05_319402-5
 seed  = 49
==========================================
Model: bs2048_a0.10_b0.10_ep600_pat40_lr1.0e-04_wd1.0e-05_319402-5
Injection seed: 49
Output dir: /data/wiay/postgrads/shashwat/COMM_DATA/results/CALLIBRATION_S3_L1/bs2048_a0.10_b0.10_ep600_pat40_lr1.0e-04_wd1.0e-05_319402-5/inj_0049
{
  "kappa": {
    "true": 1.8779855421530678,
    "median": 1.8519321269399587,
    "ci_lo": 1.7793878733210975,
    "ci_hi": 1.918016562133027,
    "covered": true,
    "insertion_percentile": 0.7420710737485671
  },
  "mu_xi": {
    "true": 0.059321726016973234,
    "median": 0.05720545630624782,
    "ci_lo": 0.05088894453331805,
    "ci_hi": 0.06171603839191129,
    "covered": true,
    "insertion_percentile": 0.7651891478792511
  },
  "sigma_chi": {
    "true": 0.26557261658030284,
    "median": 0.25091634799397045,
    "ci_lo": 0.22700820361100188,
    "ci_hi": 0.2740654266130031,
    "covered": true,
    "insertion_percentile": 0.8542223920519679
  },
  "sigma_xi": {
    "true": 0.26829474998681474,
    "median": 0.27578295562288446,
    "ci_lo": 0.25951943387788723,
    "ci_hi": 0.29739602940602233,
    "covered": true,
    "insertion_percentile": 0.2376767290790982
  },
  "rho": {
    "true": 0.2804664169027936,
    "median": 0.3249945470010386,
    "ci_lo": 0.19145379670238313,
    "ci_hi": 0.4285863710347424,
    "covered": true,
    "insertion_percentile": 0.27034772640427973
  },
  "lambda_chi": {
    "true": -0.4864141383219803,
    "median": -0.4936127717589197,
    "ci_lo": -0.49949152505621663,
    "ci_hi": -0.4784803463722634,
    "covered": true,
    "insertion_percentile": 0.8169659915934276
  },
  "chi0": {
    "true": 0.27633560273778135,
    "median": 0.28422219442151186,
    "ci_lo": 0.27652499506522366,
    "ci_hi": 0.2911624503833219,
    "covered": false,
    "insertion_percentile": 0.04757355750859763
  },
  "xi0": {
    "true": 4.989386213888479,
    "median": 4.982052773040698,
    "ci_lo": 4.975276825839757,
    "ci_hi": 4.989419043220311,
    "covered": true,
    "insertion_percentile": 0.9493695070691631
  }
}
Saved KDE posterior plot to /data/wiay/postgrads/shashwat/COMM_DATA/results/CALLIBRATION_S3_L1/bs2048_a0.10_b0.10_ep600_pat40_lr1.0e-04_wd1.0e-05_319402-5/inj_0049/posterior_kde.png
