==========================================
 Stage 3 Layer 1 injection
 model = bs2048_a0.05_b0.05_ep600_pat40_lr3.0e-04_wd1.0e-05_319402-1
 seed  = 45
==========================================
Model: bs2048_a0.05_b0.05_ep600_pat40_lr3.0e-04_wd1.0e-05_319402-1
Injection seed: 45
Output dir: /data/wiay/postgrads/shashwat/COMM_DATA/results/CALLIBRATION_S3_L1/bs2048_a0.05_b0.05_ep600_pat40_lr3.0e-04_wd1.0e-05_319402-1/inj_0045
{
  "kappa": {
    "true": 2.908340219042778,
    "median": 2.8994540568474543,
    "ci_lo": 2.859266311289448,
    "ci_hi": 2.943198774175971,
    "covered": true,
    "insertion_percentile": 0.6252431906614786
  },
  "mu_xi": {
    "true": 0.05284911451702028,
    "median": 0.06370404940021573,
    "ci_lo": 0.03521872931072981,
    "ci_hi": 0.09473034178426136,
    "covered": true,
    "insertion_percentile": 0.29523346303501946
  },
  "sigma_chi": {
    "true": 0.47000763189105926,
    "median": 0.3735431582193131,
    "ci_lo": 0.14785118307792114,
    "ci_hi": 0.5585067043277357,
    "covered": true,
    "insertion_percentile": 0.7568093385214008
  },
  "sigma_xi": {
    "true": 0.3340924684533625,
    "median": 0.2998378575482179,
    "ci_lo": 0.16730006320518317,
    "ci_hi": 0.38322251837672405,
    "covered": true,
    "insertion_percentile": 0.7047665369649806
  },
  "rho": {
    "true": 0.018411939361302698,
    "median": 0.03151264100771184,
    "ci_lo": -0.78160242087085,
    "ci_hi": 0.7928172880519521,
    "covered": true,
    "insertion_percentile": 0.4919747081712062
  },
  "lambda_chi": {
    "true": 0.27933967239778745,
    "median": 0.06510183328709881,
    "ci_lo": -0.24755775237038763,
    "ci_hi": 0.41621869750581614,
    "covered": true,
    "insertion_percentile": 0.7996108949416343
  },
  "chi0": {
    "true": 0.2961133044600447,
    "median": 0.366103626150601,
    "ci_lo": 0.2534858873023415,
    "ci_hi": 0.4695193878962927,
    "covered": true,
    "insertion_percentile": 0.18993190661478598
  },
  "xi0": {
    "true": 3.9868875108521693,
    "median": 3.9192972944288647,
    "ci_lo": 3.81685334275315,
    "ci_hi": 4.031066608156025,
    "covered": true,
    "insertion_percentile": 0.805204280155642
  }
}
Saved KDE posterior plot to /data/wiay/postgrads/shashwat/COMM_DATA/results/CALLIBRATION_S3_L1/bs2048_a0.05_b0.05_ep600_pat40_lr3.0e-04_wd1.0e-05_319402-1/inj_0045/posterior_kde.png
