==========================================
 Stage 3 Layer 1 injection
 model = bs4096_a0.10_b0.10_ep600_pat40_lr3.0e-04_wd1.0e-05_319402-4
 seed  = 0
==========================================
Model: bs4096_a0.10_b0.10_ep600_pat40_lr3.0e-04_wd1.0e-05_319402-4
Injection seed: 0
Output dir: /data/wiay/postgrads/shashwat/COMM_DATA/results/CALLIBRATION_S3_L1/bs4096_a0.10_b0.10_ep600_pat40_lr3.0e-04_wd1.0e-05_319402-4/inj_0000
{
  "kappa": {
    "true": 3.2211122678751263,
    "median": 3.238172554278048,
    "ci_lo": 3.187634170186879,
    "ci_hi": 3.295487771332724,
    "covered": true,
    "insertion_percentile": 0.29926280135485156
  },
  "mu_xi": {
    "true": 0.026978671376387032,
    "median": 0.023594308545917302,
    "ci_lo": 0.014845797609050344,
    "ci_hi": 0.026964346311306186,
    "covered": false,
    "insertion_percentile": 0.9521817095038853
  },
  "sigma_chi": {
    "true": 0.07253543816490708,
    "median": 0.14581682367863052,
    "ci_lo": 0.06582800934508612,
    "ci_hi": 0.2967792603888956,
    "covered": true,
    "insertion_percentile": 0.07810320781032078
  },
  "sigma_xi": {
    "true": 0.05578467243498519,
    "median": 0.09777020098114776,
    "ci_lo": 0.055212298370781156,
    "ci_hi": 0.16445061286914622,
    "covered": true,
    "insertion_percentile": 0.056186491332934844
  },
  "rho": {
    "true": 0.5638864305604904,
    "median": 0.33085605662110884,
    "ci_lo": -0.25479189865561597,
    "ci_hi": 0.6932766552932125,
    "covered": true,
    "insertion_percentile": 0.8340306834030683
  },
  "lambda_chi": {
    "true": 0.4127555772777217,
    "median": 0.4224543372543024,
    "ci_lo": 0.3392968795147523,
    "ci_hi": 0.4846466929740406,
    "covered": true,
    "insertion_percentile": 0.4247858139071528
  },
  "chi0": {
    "true": 0.10663577576717986,
    "median": 0.10365173439485054,
    "ci_lo": 0.08706876117134803,
    "ci_hi": 0.12497641593591753,
    "covered": true,
    "insertion_percentile": 0.5949392309224946
  },
  "xi0": {
    "true": 4.323741402459996,
    "median": 4.324396976916703,
    "ci_lo": 4.301018331964701,
    "ci_hi": 4.34146491590408,
    "covered": true,
    "insertion_percentile": 0.47858139071528194
  }
}
Saved KDE posterior plot to /data/wiay/postgrads/shashwat/COMM_DATA/results/CALLIBRATION_S3_L1/bs4096_a0.10_b0.10_ep600_pat40_lr3.0e-04_wd1.0e-05_319402-4/inj_0000/posterior_kde.png
