==========================================
 Stage 3 Layer 1 injection
 model = bs2048_a0.10_b0.10_ep600_pat40_lr3.0e-04_wd1.0e-05_319402-0
 seed  = 3
==========================================
Model: bs2048_a0.10_b0.10_ep600_pat40_lr3.0e-04_wd1.0e-05_319402-0
Injection seed: 3
Output dir: /data/wiay/postgrads/shashwat/COMM_DATA/results/CALLIBRATION_S3_L1/bs2048_a0.10_b0.10_ep600_pat40_lr3.0e-04_wd1.0e-05_319402-0/inj_0003
{
  "kappa": {
    "true": 0.5196809190037595,
    "median": 1.056070499155201,
    "ci_lo": 0.765380737649797,
    "ci_hi": 1.16338040640641,
    "covered": false,
    "insertion_percentile": 0.0013259668508287293
  },
  "mu_xi": {
    "true": 0.023681050659609973,
    "median": 0.026624103402908585,
    "ci_lo": 0.002680316069492596,
    "ci_hi": 0.050923640966787774,
    "covered": true,
    "insertion_percentile": 0.449060773480663
  },
  "sigma_chi": {
    "true": 0.49070095586351825,
    "median": 0.1808906015430971,
    "ci_lo": 0.06374812408583043,
    "ci_hi": 0.401081650540098,
    "covered": false,
    "insertion_percentile": 0.9995580110497237
  },
  "sigma_xi": {
    "true": 0.25375671262252875,
    "median": 0.24058895694164315,
    "ci_lo": 0.09531414936648876,
    "ci_hi": 0.3252153430812489,
    "covered": true,
    "insertion_percentile": 0.5562430939226519
  },
  "rho": {
    "true": -0.7305684439672815,
    "median": -0.22586673919105937,
    "ci_lo": -0.8392347555440931,
    "ci_hi": 0.7057072056745799,
    "covered": true,
    "insertion_percentile": 0.143646408839779
  },
  "lambda_chi": {
    "true": -0.0668730597635262,
    "median": 0.17205245806650768,
    "ci_lo": -0.284149895870056,
    "ci_hi": 0.4021790680465444,
    "covered": true,
    "insertion_percentile": 0.20707182320441989
  },
  "chi0": {
    "true": -0.020948701859165975,
    "median": -0.25893701005543235,
    "ci_lo": -0.47582551055897476,
    "ci_hi": 0.19264753041706698,
    "covered": true,
    "insertion_percentile": 0.7911602209944751
  },
  "xi0": {
    "true": 2.8993472865926964,
    "median": 3.1383384803988363,
    "ci_lo": 2.684750554891556,
    "ci_hi": 3.3565999536507536,
    "covered": true,
    "insertion_percentile": 0.2079558011049724
  }
}
Saved KDE posterior plot to /data/wiay/postgrads/shashwat/COMM_DATA/results/CALLIBRATION_S3_L1/bs2048_a0.10_b0.10_ep600_pat40_lr3.0e-04_wd1.0e-05_319402-0/inj_0003/posterior_kde.png
