==========================================
 Stage 3 Layer 1 injection
 model = bs2048_a0.10_b0.10_ep600_pat40_lr3.0e-04_wd1.0e-05_319402-0
 seed  = 0
==========================================
Model: bs2048_a0.10_b0.10_ep600_pat40_lr3.0e-04_wd1.0e-05_319402-0
Injection seed: 0
Output dir: /data/wiay/postgrads/shashwat/COMM_DATA/results/CALLIBRATION_S3_L1/bs2048_a0.10_b0.10_ep600_pat40_lr3.0e-04_wd1.0e-05_319402-0/inj_0000
{
  "kappa": {
    "true": 3.2211122678751263,
    "median": 3.249129866564146,
    "ci_lo": 3.1935546471299867,
    "ci_hi": 3.307115568720441,
    "covered": true,
    "insertion_percentile": 0.20768766351378548
  },
  "mu_xi": {
    "true": 0.026978671376387032,
    "median": 0.02186912782464795,
    "ci_lo": 0.011994705212968807,
    "ci_hi": 0.026427873444391924,
    "covered": false,
    "insertion_percentile": 0.9885288790501107
  },
  "sigma_chi": {
    "true": 0.07253543816490708,
    "median": 0.25228298218289597,
    "ci_lo": 0.08065597537479172,
    "ci_hi": 0.5714780031702833,
    "covered": false,
    "insertion_percentile": 0.03541960152948279
  },
  "sigma_xi": {
    "true": 0.05578467243498519,
    "median": 0.11451277836101965,
    "ci_lo": 0.0631651745616847,
    "ci_hi": 0.18103583823656888,
    "covered": false,
    "insertion_percentile": 0.016301066613000605
  },
  "rho": {
    "true": 0.5638864305604904,
    "median": 0.3236018113915707,
    "ci_lo": -0.8048745330874075,
    "ci_hi": 0.8422633148375631,
    "covered": true,
    "insertion_percentile": 0.6393640571543571
  },
  "lambda_chi": {
    "true": 0.4127555772777217,
    "median": 0.3861752478447746,
    "ci_lo": -0.29797286744167445,
    "ci_hi": 0.48602676800132255,
    "covered": true,
    "insertion_percentile": 0.6150130811028376
  },
  "chi0": {
    "true": 0.10663577576717986,
    "median": 0.11873964864881194,
    "ci_lo": 0.08775603495260957,
    "ci_hi": 0.3442775403966648,
    "covered": true,
    "insertion_percentile": 0.3215938820688267
  },
  "xi0": {
    "true": 4.323741402459996,
    "median": 4.31006732604684,
    "ci_lo": 4.0764636437805875,
    "ci_hi": 4.342469053818647,
    "covered": true,
    "insertion_percentile": 0.6957134232239888
  }
}
Saved KDE posterior plot to /data/wiay/postgrads/shashwat/COMM_DATA/results/CALLIBRATION_S3_L1/bs2048_a0.10_b0.10_ep600_pat40_lr3.0e-04_wd1.0e-05_319402-0/inj_0000/posterior_kde.png
