==========================================
 Stage 3 Layer 1 injection
 model = bs4096_a0.10_b0.10_ep600_pat40_lr3.0e-04_wd1.0e-05_319402-4
 seed  = 14
==========================================
Model: bs4096_a0.10_b0.10_ep600_pat40_lr3.0e-04_wd1.0e-05_319402-4
Injection seed: 14
Output dir: /data/wiay/postgrads/shashwat/COMM_DATA/results/CALLIBRATION_S3_L1/bs4096_a0.10_b0.10_ep600_pat40_lr3.0e-04_wd1.0e-05_319402-4/inj_0014
{
  "kappa": {
    "true": 4.171818262556646,
    "median": 4.18861117123814,
    "ci_lo": 4.09028255118252,
    "ci_hi": 4.34192031558281,
    "covered": true,
    "insertion_percentile": 0.3939267886855241
  },
  "mu_xi": {
    "true": 0.03609466668342566,
    "median": 0.07208766930455625,
    "ci_lo": 0.03243313286545314,
    "ci_hi": 0.09381910902492632,
    "covered": true,
    "insertion_percentile": 0.06468386023294509
  },
  "sigma_chi": {
    "true": 0.43650661807013014,
    "median": 0.40257781508965224,
    "ci_lo": 0.18818324193565747,
    "ci_hi": 0.5809838078698679,
    "covered": true,
    "insertion_percentile": 0.5977537437603994
  },
  "sigma_xi": {
    "true": 0.3510415753284081,
    "median": 0.22698089076327285,
    "ci_lo": 0.08794965155067769,
    "ci_hi": 0.3615090785707091,
    "covered": true,
    "insertion_percentile": 0.934900166389351
  },
  "rho": {
    "true": 0.25437146541869626,
    "median": -0.27759741691411965,
    "ci_lo": -0.8211996016991818,
    "ci_hi": 0.5484464131333529,
    "covered": true,
    "insertion_percentile": 0.8465058236272879
  },
  "lambda_chi": {
    "true": 0.04836320881331391,
    "median": 0.10740391123598156,
    "ci_lo": -0.16374560503371377,
    "ci_hi": 0.29839986754996933,
    "covered": true,
    "insertion_percentile": 0.32986688851913476
  },
  "chi0": {
    "true": 0.2623134225311933,
    "median": 0.23560009849182517,
    "ci_lo": 0.18580195393390275,
    "ci_hi": 0.29902101133939535,
    "covered": true,
    "insertion_percentile": 0.7737104825291181
  },
  "xi0": {
    "true": 4.290785956600101,
    "median": 4.320142005757292,
    "ci_lo": 4.255720022425968,
    "ci_hi": 4.367054625895957,
    "covered": true,
    "insertion_percentile": 0.19571547420965058
  }
}
Saved KDE posterior plot to /data/wiay/postgrads/shashwat/COMM_DATA/results/CALLIBRATION_S3_L1/bs4096_a0.10_b0.10_ep600_pat40_lr3.0e-04_wd1.0e-05_319402-4/inj_0014/posterior_kde.png
