==========================================
 Stage 3 Layer 1 injection
 model = bs4096_a0.10_b0.10_ep600_pat40_lr3.0e-04_wd1.0e-05_319402-4
 seed  = 21
==========================================
Model: bs4096_a0.10_b0.10_ep600_pat40_lr3.0e-04_wd1.0e-05_319402-4
Injection seed: 21
Output dir: /data/wiay/postgrads/shashwat/COMM_DATA/results/CALLIBRATION_S3_L1/bs4096_a0.10_b0.10_ep600_pat40_lr3.0e-04_wd1.0e-05_319402-4/inj_0021
{
  "kappa": {
    "true": 3.927476185205608,
    "median": 3.350259652635131,
    "ci_lo": 2.5973978447591204,
    "ci_hi": 4.535473672460986,
    "covered": true,
    "insertion_percentile": 0.8019898082989566
  },
  "mu_xi": {
    "true": 0.06058470295709681,
    "median": 0.04806529313470634,
    "ci_lo": 0.014634117953587995,
    "ci_hi": 0.06111513630286343,
    "covered": true,
    "insertion_percentile": 0.93108468818248
  },
  "sigma_chi": {
    "true": 0.4403906547246338,
    "median": 0.33237468738221815,
    "ci_lo": 0.09230336262300791,
    "ci_hi": 0.5605121987470867,
    "covered": true,
    "insertion_percentile": 0.7308905605435574
  },
  "sigma_xi": {
    "true": 0.08118425552277314,
    "median": 0.1787669766502152,
    "ci_lo": 0.07550683107217224,
    "ci_hi": 0.31448118917272216,
    "covered": true,
    "insertion_percentile": 0.06576073768502791
  },
  "rho": {
    "true": 0.23528594857302776,
    "median": -0.14034399703367323,
    "ci_lo": -0.800834185395676,
    "ci_hi": 0.7141210650327324,
    "covered": true,
    "insertion_percentile": 0.7306479009949042
  },
  "lambda_chi": {
    "true": 0.48081070222445277,
    "median": -0.15125507234751956,
    "ci_lo": -0.4495247436374333,
    "ci_hi": 0.4268637679849966,
    "covered": false,
    "insertion_percentile": 0.9871390439213783
  },
  "chi0": {
    "true": -0.07659482764024395,
    "median": 0.08595028912760731,
    "ci_lo": -0.09063399523898058,
    "ci_hi": 0.18095373215899282,
    "covered": true,
    "insertion_percentile": 0.07231254549866538
  },
  "xi0": {
    "true": 2.7810077083683558,
    "median": 2.623460618204974,
    "ci_lo": 2.519978221845983,
    "ci_hi": 2.795803164234107,
    "covered": true,
    "insertion_percentile": 0.9247755399174957
  }
}
Saved KDE posterior plot to /data/wiay/postgrads/shashwat/COMM_DATA/results/CALLIBRATION_S3_L1/bs4096_a0.10_b0.10_ep600_pat40_lr3.0e-04_wd1.0e-05_319402-4/inj_0021/posterior_kde.png
