==========================================
 Stage 3 Layer 1 injection
 model = bs1024_a0.10_b0.10_ep600_pat40_lr3.0e-04_wd1.0e-05_319402-3
 seed  = 21
==========================================
Model: bs1024_a0.10_b0.10_ep600_pat40_lr3.0e-04_wd1.0e-05_319402-3
Injection seed: 21
Output dir: /data/wiay/postgrads/shashwat/COMM_DATA/results/CALLIBRATION_S3_L1/bs1024_a0.10_b0.10_ep600_pat40_lr3.0e-04_wd1.0e-05_319402-3/inj_0021
{
  "kappa": {
    "true": 3.927476185205608,
    "median": 3.4247698919231904,
    "ci_lo": 2.556321403853326,
    "ci_hi": 4.473900858108673,
    "covered": true,
    "insertion_percentile": 0.7972581070392829
  },
  "mu_xi": {
    "true": 0.06058470295709681,
    "median": 0.040143879709300556,
    "ci_lo": 0.006671889061743947,
    "ci_hi": 0.06158173420218653,
    "covered": true,
    "insertion_percentile": 0.9129976272080148
  },
  "sigma_chi": {
    "true": 0.4403906547246338,
    "median": 0.3070241662280697,
    "ci_lo": 0.0781708009569747,
    "ci_hi": 0.5621673285138018,
    "covered": true,
    "insertion_percentile": 0.7487476931189032
  },
  "sigma_xi": {
    "true": 0.08118425552277314,
    "median": 0.2188286837541666,
    "ci_lo": 0.06888917663205613,
    "ci_hi": 0.3386125264353272,
    "covered": true,
    "insertion_percentile": 0.08252043237542842
  },
  "rho": {
    "true": 0.23528594857302776,
    "median": -0.003265675406595534,
    "ci_lo": -0.805504486943864,
    "ci_hi": 0.8186631543646236,
    "covered": true,
    "insertion_percentile": 0.6203532823622463
  },
  "lambda_chi": {
    "true": 0.48081070222445277,
    "median": 0.00014133793419886936,
    "ci_lo": -0.44219028035373564,
    "ci_hi": 0.44411834482963264,
    "covered": false,
    "insertion_percentile": 0.9815449512259425
  },
  "chi0": {
    "true": -0.07659482764024395,
    "median": 0.044332177745128785,
    "ci_lo": -0.09690824265611347,
    "ci_hi": 0.17307766959399642,
    "covered": true,
    "insertion_percentile": 0.0933298180859478
  },
  "xi0": {
    "true": 2.7810077083683558,
    "median": 2.6632162419381684,
    "ci_lo": 2.531533803527941,
    "ci_hi": 2.801528413329961,
    "covered": true,
    "insertion_percentile": 0.9003427366200897
  }
}
Saved KDE posterior plot to /data/wiay/postgrads/shashwat/COMM_DATA/results/CALLIBRATION_S3_L1/bs1024_a0.10_b0.10_ep600_pat40_lr3.0e-04_wd1.0e-05_319402-3/inj_0021/posterior_kde.png
