==========================================
 Stage 3 Layer 1 injection
 model = bs1024_a0.10_b0.10_ep600_pat40_lr3.0e-04_wd1.0e-05_319402-3
 seed  = 22
==========================================
Model: bs1024_a0.10_b0.10_ep600_pat40_lr3.0e-04_wd1.0e-05_319402-3
Injection seed: 22
Output dir: /data/wiay/postgrads/shashwat/COMM_DATA/results/CALLIBRATION_S3_L1/bs1024_a0.10_b0.10_ep600_pat40_lr3.0e-04_wd1.0e-05_319402-3/inj_0022
{
  "kappa": {
    "true": 1.895099885617173,
    "median": 1.8966253149620884,
    "ci_lo": 1.8894183252021166,
    "ci_hi": 1.9061910011396965,
    "covered": true,
    "insertion_percentile": 0.37850098619329386
  },
  "mu_xi": {
    "true": 0.01992953793750829,
    "median": 0.027410760629984335,
    "ci_lo": 0.015518813538469733,
    "ci_hi": 0.04109305369778718,
    "covered": true,
    "insertion_percentile": 0.15069033530571993
  },
  "sigma_chi": {
    "true": 0.0987071052937034,
    "median": 0.10497289515599847,
    "ci_lo": 0.055271284011114086,
    "ci_hi": 0.22429729373930776,
    "covered": true,
    "insertion_percentile": 0.4489151873767258
  },
  "sigma_xi": {
    "true": 0.27861709066032203,
    "median": 0.2506353496238618,
    "ci_lo": 0.1883388641343731,
    "ci_hi": 0.2941261658332619,
    "covered": true,
    "insertion_percentile": 0.8463510848126232
  },
  "rho": {
    "true": -0.0731933194608958,
    "median": -0.15557117541347665,
    "ci_lo": -0.5954359787771252,
    "ci_hi": 0.33030691063561424,
    "covered": true,
    "insertion_percentile": 0.6096646942800789
  },
  "lambda_chi": {
    "true": 0.4876756188802016,
    "median": 0.44269672198158194,
    "ci_lo": 0.30210076300049143,
    "ci_hi": 0.4950906931789466,
    "covered": true,
    "insertion_percentile": 0.8814595660749507
  },
  "chi0": {
    "true": 0.35156806985113076,
    "median": 0.373735813142796,
    "ci_lo": 0.3460623086901929,
    "ci_hi": 0.4525946029930233,
    "covered": true,
    "insertion_percentile": 0.1378698224852071
  },
  "xi0": {
    "true": 4.592403308092612,
    "median": 4.569865054969162,
    "ci_lo": 4.491161581237087,
    "ci_hi": 4.5974660042302435,
    "covered": true,
    "insertion_percentile": 0.868836291913215
  }
}
Saved KDE posterior plot to /data/wiay/postgrads/shashwat/COMM_DATA/results/CALLIBRATION_S3_L1/bs1024_a0.10_b0.10_ep600_pat40_lr3.0e-04_wd1.0e-05_319402-3/inj_0022/posterior_kde.png
