==========================================
 Stage 3 Layer 1 injection
 model = bs2048_a0.05_b0.05_ep600_pat40_lr3.0e-04_wd1.0e-05_319402-1
 seed  = 49
==========================================
Model: bs2048_a0.05_b0.05_ep600_pat40_lr3.0e-04_wd1.0e-05_319402-1
Injection seed: 49
Output dir: /data/wiay/postgrads/shashwat/COMM_DATA/results/CALLIBRATION_S3_L1/bs2048_a0.05_b0.05_ep600_pat40_lr3.0e-04_wd1.0e-05_319402-1/inj_0049
{
  "kappa": {
    "true": 1.8779855421530678,
    "median": 1.8572008466128305,
    "ci_lo": 1.686588555506007,
    "ci_hi": 1.9929212257370592,
    "covered": true,
    "insertion_percentile": 0.5918550011188185
  },
  "mu_xi": {
    "true": 0.059321726016973234,
    "median": 0.05791859447276075,
    "ci_lo": 0.05432033658083388,
    "ci_hi": 0.061970202156624105,
    "covered": true,
    "insertion_percentile": 0.7167151488028641
  },
  "sigma_chi": {
    "true": 0.26557261658030284,
    "median": 0.2553851312646734,
    "ci_lo": 0.21785831654573196,
    "ci_hi": 0.2890530576090541,
    "covered": true,
    "insertion_percentile": 0.6822555381517118
  },
  "sigma_xi": {
    "true": 0.26829474998681474,
    "median": 0.2735112206519469,
    "ci_lo": 0.25823252236600464,
    "ci_hi": 0.28647427882307974,
    "covered": true,
    "insertion_percentile": 0.2814947415529201
  },
  "rho": {
    "true": 0.2804664169027936,
    "median": 0.3950867948162594,
    "ci_lo": 0.2985735012710053,
    "ci_hi": 0.4862514724134299,
    "covered": false,
    "insertion_percentile": 0.02841799060192437
  },
  "lambda_chi": {
    "true": -0.4864141383219803,
    "median": -0.48785975055115377,
    "ci_lo": -0.49850778196558015,
    "ci_hi": -0.4683229667183963,
    "covered": true,
    "insertion_percentile": 0.552248825240546
  },
  "chi0": {
    "true": 0.27633560273778135,
    "median": 0.2821367426912962,
    "ci_lo": 0.26736384236924443,
    "ci_hi": 0.30966170297923895,
    "covered": true,
    "insertion_percentile": 0.33094652047437906
  },
  "xi0": {
    "true": 4.989386213888479,
    "median": 4.983898841272212,
    "ci_lo": 4.9570907200433805,
    "ci_hi": 4.998362779916531,
    "covered": true,
    "insertion_percentile": 0.662340568359812
  }
}
Saved KDE posterior plot to /data/wiay/postgrads/shashwat/COMM_DATA/results/CALLIBRATION_S3_L1/bs2048_a0.05_b0.05_ep600_pat40_lr3.0e-04_wd1.0e-05_319402-1/inj_0049/posterior_kde.png
