==========================================
 Stage 3 Layer 1 injection
 model = bs4096_a0.10_b0.10_ep600_pat40_lr3.0e-04_wd1.0e-05_319402-4
 seed  = 20
==========================================
Model: bs4096_a0.10_b0.10_ep600_pat40_lr3.0e-04_wd1.0e-05_319402-4
Injection seed: 20
Output dir: /data/wiay/postgrads/shashwat/COMM_DATA/results/CALLIBRATION_S3_L1/bs4096_a0.10_b0.10_ep600_pat40_lr3.0e-04_wd1.0e-05_319402-4/inj_0020
{
  "kappa": {
    "true": 1.4723722168877809,
    "median": 1.4743944772575148,
    "ci_lo": 1.4708581666694043,
    "ci_hi": 1.4775538564263089,
    "covered": true,
    "insertion_percentile": 0.16175653140633686
  },
  "mu_xi": {
    "true": 0.04611467098029422,
    "median": 0.047256427838490336,
    "ci_lo": 0.04226827994775447,
    "ci_hi": 0.05374571551884803,
    "covered": true,
    "insertion_percentile": 0.3589030943116546
  },
  "sigma_chi": {
    "true": 0.11694583091704303,
    "median": 0.11416314941003097,
    "ci_lo": 0.09329309424918326,
    "ci_hi": 0.14215977595673326,
    "covered": true,
    "insertion_percentile": 0.5736520289049472
  },
  "sigma_xi": {
    "true": 0.23291292310162637,
    "median": 0.22817834460459502,
    "ci_lo": 0.19847244416342177,
    "ci_hi": 0.2486264763772913,
    "covered": true,
    "insertion_percentile": 0.6375764313507504
  },
  "rho": {
    "true": -0.16349686420643117,
    "median": -0.18476075873540326,
    "ci_lo": -0.30826476928777735,
    "ci_hi": -0.05867047191004597,
    "covered": true,
    "insertion_percentile": 0.6086714841578654
  },
  "lambda_chi": {
    "true": -0.4283604527953351,
    "median": -0.4255529736138993,
    "ci_lo": -0.44426396903332344,
    "ci_hi": -0.4076419208674908,
    "covered": true,
    "insertion_percentile": 0.4004076338706689
  },
  "chi0": {
    "true": -0.4010333241814682,
    "median": -0.4033675209557178,
    "ci_lo": -0.4150620902087118,
    "ci_hi": -0.3908994413431833,
    "covered": true,
    "insertion_percentile": 0.625532703353715
  },
  "xi0": {
    "true": 4.965720909916867,
    "median": 4.968004660441145,
    "ci_lo": 4.955597028860094,
    "ci_hi": 4.979760547756387,
    "covered": true,
    "insertion_percentile": 0.37576431350750417
  }
}
Saved KDE posterior plot to /data/wiay/postgrads/shashwat/COMM_DATA/results/CALLIBRATION_S3_L1/bs4096_a0.10_b0.10_ep600_pat40_lr3.0e-04_wd1.0e-05_319402-4/inj_0020/posterior_kde.png
