==========================================
 Stage 3 Layer 1 injection
 model = bs4096_a0.10_b0.10_ep600_pat40_lr3.0e-04_wd1.0e-05_319402-4
 seed  = 58
==========================================
Model: bs4096_a0.10_b0.10_ep600_pat40_lr3.0e-04_wd1.0e-05_319402-4
Injection seed: 58
Output dir: /data/wiay/postgrads/shashwat/COMM_DATA/results/CALLIBRATION_S3_L1/bs4096_a0.10_b0.10_ep600_pat40_lr3.0e-04_wd1.0e-05_319402-4/inj_0058
{
  "kappa": {
    "true": 1.6141578227745996,
    "median": 1.5818887598043945,
    "ci_lo": 1.5216487089109236,
    "ci_hi": 1.6227209033964998,
    "covered": true,
    "insertion_percentile": 0.8914786967418546
  },
  "mu_xi": {
    "true": 0.0879833609230771,
    "median": 0.07841156072459543,
    "ci_lo": 0.035696393288124816,
    "ci_hi": 0.09330383255537414,
    "covered": true,
    "insertion_percentile": 0.7308270676691729
  },
  "sigma_chi": {
    "true": 0.18370029868646648,
    "median": 0.3324967009024903,
    "ci_lo": 0.0865704186159159,
    "ci_hi": 0.5587003931617797,
    "covered": true,
    "insertion_percentile": 0.2075187969924812
  },
  "sigma_xi": {
    "true": 0.1229471629653757,
    "median": 0.18530130004632223,
    "ci_lo": 0.06532959016839217,
    "ci_hi": 0.3459185428231883,
    "covered": true,
    "insertion_percentile": 0.268922305764411
  },
  "rho": {
    "true": 0.6224632797546367,
    "median": 0.05293440590995472,
    "ci_lo": -0.6904689602348962,
    "ci_hi": 0.7751762891801252,
    "covered": true,
    "insertion_percentile": 0.8711779448621554
  },
  "lambda_chi": {
    "true": -0.3594270253131512,
    "median": -0.26915635615486655,
    "ci_lo": -0.4699500013093266,
    "ci_hi": 0.023876384037317736,
    "covered": true,
    "insertion_percentile": 0.2929824561403509
  },
  "chi0": {
    "true": -0.19466746102850996,
    "median": -0.24516780957649933,
    "ci_lo": -0.42814351071832746,
    "ci_hi": -0.10454788803021282,
    "covered": true,
    "insertion_percentile": 0.6636591478696742
  },
  "xi0": {
    "true": 2.846202969304789,
    "median": 2.894059417098397,
    "ci_lo": 2.7527477330453873,
    "ci_hi": 3.075294016026458,
    "covered": true,
    "insertion_percentile": 0.3431077694235589
  }
}
Saved KDE posterior plot to /data/wiay/postgrads/shashwat/COMM_DATA/results/CALLIBRATION_S3_L1/bs4096_a0.10_b0.10_ep600_pat40_lr3.0e-04_wd1.0e-05_319402-4/inj_0058/posterior_kde.png
