==========================================
 Stage 3 Layer 1 injection
 model = bs2048_a0.10_b0.10_ep600_pat40_lr1.0e-04_wd1.0e-05_319402-5
 seed  = 55
==========================================
Model: bs2048_a0.10_b0.10_ep600_pat40_lr1.0e-04_wd1.0e-05_319402-5
Injection seed: 55
Output dir: /data/wiay/postgrads/shashwat/COMM_DATA/results/CALLIBRATION_S3_L1/bs2048_a0.10_b0.10_ep600_pat40_lr1.0e-04_wd1.0e-05_319402-5/inj_0055
{
  "kappa": {
    "true": 4.178035698929258,
    "median": 4.20766494136368,
    "ci_lo": 4.1577615781625825,
    "ci_hi": 4.249972468393214,
    "covered": true,
    "insertion_percentile": 0.15620556571196426
  },
  "mu_xi": {
    "true": 0.08706456117163414,
    "median": 0.0908818689502249,
    "ci_lo": 0.08444517707583937,
    "ci_hi": 0.09381856934707984,
    "covered": true,
    "insertion_percentile": 0.13670526101970343
  },
  "sigma_chi": {
    "true": 0.1700990443634426,
    "median": 0.16995849909282593,
    "ci_lo": 0.14119378666254973,
    "ci_hi": 0.20271555844415956,
    "covered": true,
    "insertion_percentile": 0.5035547430428601
  },
  "sigma_xi": {
    "true": 0.1305340027141844,
    "median": 0.09771675566279671,
    "ci_lo": 0.06344945734210145,
    "ci_hi": 0.149417598288606,
    "covered": true,
    "insertion_percentile": 0.8616697135892748
  },
  "rho": {
    "true": -0.013062421358187137,
    "median": -0.1128007420702327,
    "ci_lo": -0.3891660258317974,
    "ci_hi": 0.16459109142874714,
    "covered": true,
    "insertion_percentile": 0.70018281535649
  },
  "lambda_chi": {
    "true": 0.25322290401431646,
    "median": 0.27872994745383667,
    "ci_lo": 0.21440941924401977,
    "ci_hi": 0.33950257735632305,
    "covered": true,
    "insertion_percentile": 0.26792606134470853
  },
  "chi0": {
    "true": 0.20423242601330094,
    "median": 0.2009740471057843,
    "ci_lo": 0.18936102363454263,
    "ci_hi": 0.2133514504219561,
    "covered": true,
    "insertion_percentile": 0.6689010765793215
  },
  "xi0": {
    "true": 4.867714973584174,
    "median": 4.873551294934979,
    "ci_lo": 4.859381533019736,
    "ci_hi": 4.886444889914218,
    "covered": true,
    "insertion_percentile": 0.25533211456429006
  }
}
Saved KDE posterior plot to /data/wiay/postgrads/shashwat/COMM_DATA/results/CALLIBRATION_S3_L1/bs2048_a0.10_b0.10_ep600_pat40_lr1.0e-04_wd1.0e-05_319402-5/inj_0055/posterior_kde.png
