==========================================
 Stage 3 Layer 1 injection
 model = bs2048_a0.10_b0.10_ep600_pat40_lr1.0e-04_wd1.0e-05_319402-5
 seed  = 56
==========================================
Model: bs2048_a0.10_b0.10_ep600_pat40_lr1.0e-04_wd1.0e-05_319402-5
Injection seed: 56
Output dir: /data/wiay/postgrads/shashwat/COMM_DATA/results/CALLIBRATION_S3_L1/bs2048_a0.10_b0.10_ep600_pat40_lr1.0e-04_wd1.0e-05_319402-5/inj_0056
{
  "kappa": {
    "true": 3.6580176448213466,
    "median": 3.3059332814011597,
    "ci_lo": 2.5415744040521626,
    "ci_hi": 4.35653767038022,
    "covered": true,
    "insertion_percentile": 0.7277274892806098
  },
  "mu_xi": {
    "true": 0.0016902814478643169,
    "median": 0.03154812724149693,
    "ci_lo": 0.005177027679648233,
    "ci_hi": 0.04527553208563182,
    "covered": false,
    "insertion_percentile": 0.014530728918532635
  },
  "sigma_chi": {
    "true": 0.5894405872731017,
    "median": 0.34636262573075904,
    "ci_lo": 0.10354018211078848,
    "ci_hi": 0.5653573472591034,
    "covered": false,
    "insertion_percentile": 0.988804192472606
  },
  "sigma_xi": {
    "true": 0.3036114742433301,
    "median": 0.18006253456115284,
    "ci_lo": 0.06998566205332915,
    "ci_hi": 0.2918935146908499,
    "covered": false,
    "insertion_percentile": 0.9852310624106717
  },
  "rho": {
    "true": 0.07958188621689044,
    "median": -0.08181669332101704,
    "ci_lo": -0.7069652434623679,
    "ci_hi": 0.6677864846189482,
    "covered": true,
    "insertion_percentile": 0.6238685088137208
  },
  "lambda_chi": {
    "true": -0.264379657732983,
    "median": -0.11928494008674356,
    "ci_lo": -0.3780573995037315,
    "ci_hi": 0.3699856462199306,
    "covered": true,
    "insertion_percentile": 0.21819914244878513
  },
  "chi0": {
    "true": 0.1066311705975993,
    "median": 0.05740455075916116,
    "ci_lo": -0.07667070758835609,
    "ci_hi": 0.13724458187588495,
    "covered": true,
    "insertion_percentile": 0.8175321581705574
  },
  "xi0": {
    "true": 3.398178763548806,
    "median": 3.4526435697847466,
    "ci_lo": 3.3704058222819806,
    "ci_hi": 3.58806891169986,
    "covered": true,
    "insertion_percentile": 0.15388280133396856
  }
}
Saved KDE posterior plot to /data/wiay/postgrads/shashwat/COMM_DATA/results/CALLIBRATION_S3_L1/bs2048_a0.10_b0.10_ep600_pat40_lr1.0e-04_wd1.0e-05_319402-5/inj_0056/posterior_kde.png
