==========================================
 Stage 3 Layer 1 injection
 model = bs2048_a0.10_b0.10_ep600_pat40_lr3.0e-04_wd1.0e-05_319402-0
 seed  = 33
==========================================
Model: bs2048_a0.10_b0.10_ep600_pat40_lr3.0e-04_wd1.0e-05_319402-0
Injection seed: 33
Output dir: /data/wiay/postgrads/shashwat/COMM_DATA/results/CALLIBRATION_S3_L1/bs2048_a0.10_b0.10_ep600_pat40_lr3.0e-04_wd1.0e-05_319402-0/inj_0033
{
  "kappa": {
    "true": 2.2738469611170693,
    "median": 2.2605699541957893,
    "ci_lo": 2.199149554950557,
    "ci_hi": 2.31532637444611,
    "covered": true,
    "insertion_percentile": 0.6430703624733476
  },
  "mu_xi": {
    "true": 0.056849119192455645,
    "median": 0.06241530048533839,
    "ci_lo": 0.04857488978569255,
    "ci_hi": 0.06503007332783713,
    "covered": true,
    "insertion_percentile": 0.18976545842217485
  },
  "sigma_chi": {
    "true": 0.5494570762284507,
    "median": 0.49033336007903083,
    "ci_lo": 0.3582421706635048,
    "ci_hi": 0.5817396037408802,
    "covered": true,
    "insertion_percentile": 0.8093816631130064
  },
  "sigma_xi": {
    "true": 0.13898734372458071,
    "median": 0.08986993948345098,
    "ci_lo": 0.05319615456277939,
    "ci_hi": 0.1888129777295894,
    "covered": true,
    "insertion_percentile": 0.8130063965884862
  },
  "rho": {
    "true": 0.15980628699872723,
    "median": -0.06166430387695346,
    "ci_lo": -0.5842876186874564,
    "ci_hi": 0.5408993177474806,
    "covered": true,
    "insertion_percentile": 0.7328358208955223
  },
  "lambda_chi": {
    "true": -0.14087667938968673,
    "median": -0.1383914383190504,
    "ci_lo": -0.4290503796845505,
    "ci_hi": 0.2779440834841219,
    "covered": true,
    "insertion_percentile": 0.49402985074626865
  },
  "chi0": {
    "true": 0.2563736170826567,
    "median": 0.243880280391936,
    "ci_lo": 0.05901636086526666,
    "ci_hi": 0.36949368831507373,
    "covered": true,
    "insertion_percentile": 0.5590618336886993
  },
  "xi0": {
    "true": 3.8576471548610822,
    "median": 3.8721310515197214,
    "ci_lo": 3.7453383744657085,
    "ci_hi": 4.058365262893837,
    "covered": true,
    "insertion_percentile": 0.432409381663113
  }
}
Saved KDE posterior plot to /data/wiay/postgrads/shashwat/COMM_DATA/results/CALLIBRATION_S3_L1/bs2048_a0.10_b0.10_ep600_pat40_lr3.0e-04_wd1.0e-05_319402-0/inj_0033/posterior_kde.png
