==========================================
 Stage 3 Layer 1 injection
 model = bs4096_a0.10_b0.10_ep600_pat40_lr3.0e-04_wd1.0e-05_319402-4
 seed  = 24
==========================================
Model: bs4096_a0.10_b0.10_ep600_pat40_lr3.0e-04_wd1.0e-05_319402-4
Injection seed: 24
Output dir: /data/wiay/postgrads/shashwat/COMM_DATA/results/CALLIBRATION_S3_L1/bs4096_a0.10_b0.10_ep600_pat40_lr3.0e-04_wd1.0e-05_319402-4/inj_0024
{
  "kappa": {
    "true": 1.7183172996796456,
    "median": 1.7310614200920615,
    "ci_lo": 1.6875183973206704,
    "ci_hi": 1.7892624168461901,
    "covered": true,
    "insertion_percentile": 0.32622333751568383
  },
  "mu_xi": {
    "true": 0.04051773156391439,
    "median": 0.05001504859189253,
    "ci_lo": 0.017874949313730817,
    "ci_hi": 0.06372801909583577,
    "covered": true,
    "insertion_percentile": 0.2998745294855709
  },
  "sigma_chi": {
    "true": 0.36610580062995557,
    "median": 0.3003284317904722,
    "ci_lo": 0.09433938842465774,
    "ci_hi": 0.5443442301467688,
    "covered": true,
    "insertion_percentile": 0.6481806775407779
  },
  "sigma_xi": {
    "true": 0.22723991854455183,
    "median": 0.1793893323705259,
    "ci_lo": 0.06921629493688473,
    "ci_hi": 0.31053869688663843,
    "covered": true,
    "insertion_percentile": 0.7038895859473023
  },
  "rho": {
    "true": 0.11558251337445136,
    "median": -0.12602725033829312,
    "ci_lo": -0.7694444512168173,
    "ci_hi": 0.6727244049759719,
    "covered": true,
    "insertion_percentile": 0.6750313676286073
  },
  "lambda_chi": {
    "true": 0.06968731050840193,
    "median": 0.08637439685769098,
    "ci_lo": -0.1253009236197026,
    "ci_hi": 0.383851352016574,
    "covered": true,
    "insertion_percentile": 0.46122961104140525
  },
  "chi0": {
    "true": 0.3741165312407412,
    "median": 0.3587516777892975,
    "ci_lo": 0.18504690500335572,
    "ci_hi": 0.4815003706348734,
    "covered": true,
    "insertion_percentile": 0.5628607277289837
  },
  "xi0": {
    "true": 2.7160761524774326,
    "median": 2.736470134373297,
    "ci_lo": 2.613863704629677,
    "ci_hi": 2.9086017419598442,
    "covered": true,
    "insertion_percentile": 0.4213299874529486
  }
}
Saved KDE posterior plot to /data/wiay/postgrads/shashwat/COMM_DATA/results/CALLIBRATION_S3_L1/bs4096_a0.10_b0.10_ep600_pat40_lr3.0e-04_wd1.0e-05_319402-4/inj_0024/posterior_kde.png
