==========================================
 Stage 3 Layer 1 injection
 model = bs2048_a0.10_b0.10_ep600_pat40_lr3.0e-04_wd1.0e-04_319402-6
 seed  = 49
==========================================
Model: bs2048_a0.10_b0.10_ep600_pat40_lr3.0e-04_wd1.0e-04_319402-6
Injection seed: 49
Output dir: /data/wiay/postgrads/shashwat/COMM_DATA/results/CALLIBRATION_S3_L1/bs2048_a0.10_b0.10_ep600_pat40_lr3.0e-04_wd1.0e-04_319402-6/inj_0049
{
  "kappa": {
    "true": 1.8779855421530678,
    "median": 1.8258648582405175,
    "ci_lo": 1.6508681872586428,
    "ci_hi": 1.940874545106815,
    "covered": true,
    "insertion_percentile": 0.734375
  },
  "mu_xi": {
    "true": 0.059321726016973234,
    "median": 0.056441108817786356,
    "ci_lo": 0.04860521814916157,
    "ci_hi": 0.061981130134554765,
    "covered": true,
    "insertion_percentile": 0.7978639240506329
  },
  "sigma_chi": {
    "true": 0.26557261658030284,
    "median": 0.2574747663284963,
    "ci_lo": 0.23866731884085832,
    "ci_hi": 0.27723328726176166,
    "covered": true,
    "insertion_percentile": 0.7488132911392406
  },
  "sigma_xi": {
    "true": 0.26829474998681474,
    "median": 0.278784822876283,
    "ci_lo": 0.25817845881406415,
    "ci_hi": 0.3056220233939495,
    "covered": true,
    "insertion_percentile": 0.20352056962025317
  },
  "rho": {
    "true": 0.2804664169027936,
    "median": 0.23190565940760893,
    "ci_lo": 0.12524986667052251,
    "ci_hi": 0.41448582345640744,
    "covered": true,
    "insertion_percentile": 0.7329905063291139
  },
  "lambda_chi": {
    "true": -0.4864141383219803,
    "median": -0.48419731681392,
    "ci_lo": -0.49827614956166344,
    "ci_hi": -0.44838109037564844,
    "covered": true,
    "insertion_percentile": 0.4307753164556962
  },
  "chi0": {
    "true": 0.27633560273778135,
    "median": 0.2787346961932342,
    "ci_lo": 0.26712984501735665,
    "ci_hi": 0.3056604837148406,
    "covered": true,
    "insertion_percentile": 0.41475474683544306
  },
  "xi0": {
    "true": 4.989386213888479,
    "median": 4.987230416020965,
    "ci_lo": 4.960565913329151,
    "ci_hi": 4.9987703681392945,
    "covered": true,
    "insertion_percentile": 0.5769382911392406
  }
}
Saved KDE posterior plot to /data/wiay/postgrads/shashwat/COMM_DATA/results/CALLIBRATION_S3_L1/bs2048_a0.10_b0.10_ep600_pat40_lr3.0e-04_wd1.0e-04_319402-6/inj_0049/posterior_kde.png
