==========================================
 Stage 3 Layer 1 injection
 model = bs1024_a0.10_b0.10_ep600_pat40_lr3.0e-04_wd1.0e-05_319402-3
 seed  = 11
==========================================
Model: bs1024_a0.10_b0.10_ep600_pat40_lr3.0e-04_wd1.0e-05_319402-3
Injection seed: 11
Output dir: /data/wiay/postgrads/shashwat/COMM_DATA/results/CALLIBRATION_S3_L1/bs1024_a0.10_b0.10_ep600_pat40_lr3.0e-04_wd1.0e-05_319402-3/inj_0011
{
  "kappa": {
    "true": 0.7299939935690781,
    "median": 0.6298426147030957,
    "ci_lo": 0.5282907184818716,
    "ci_hi": 0.779620531568954,
    "covered": true,
    "insertion_percentile": 0.8699444885011896
  },
  "mu_xi": {
    "true": 0.0499277862440115,
    "median": 0.03481282608023252,
    "ci_lo": 0.0066985345278991575,
    "ci_hi": 0.05030740766986412,
    "covered": true,
    "insertion_percentile": 0.936558287073751
  },
  "sigma_chi": {
    "true": 0.38082409669284656,
    "median": 0.2689756000464031,
    "ci_lo": 0.08741199938446742,
    "ci_hi": 0.4616001669937861,
    "covered": true,
    "insertion_percentile": 0.823949246629659
  },
  "sigma_xi": {
    "true": 0.06004115293018059,
    "median": 0.1904665406545905,
    "ci_lo": 0.07102636699345645,
    "ci_hi": 0.3035180949990495,
    "covered": false,
    "insertion_percentile": 0.023261961406291304
  },
  "rho": {
    "true": -0.6337330477605794,
    "median": -0.13512512062548593,
    "ci_lo": -0.7994281916825519,
    "ci_hi": 0.7223509500890083,
    "covered": true,
    "insertion_percentile": 0.15252445149352367
  },
  "lambda_chi": {
    "true": 0.4282110229603695,
    "median": 0.2870835405708929,
    "ci_lo": 0.16825372197236843,
    "ci_hi": 0.4242660712731119,
    "covered": false,
    "insertion_percentile": 0.9569125033042559
  },
  "chi0": {
    "true": -0.42957942384580317,
    "median": -0.2915788405720702,
    "ci_lo": -0.47208869536907655,
    "ci_hi": -0.12399964811567123,
    "covered": true,
    "insertion_percentile": 0.1422151731430082
  },
  "xi0": {
    "true": 2.824434873498245,
    "median": 2.6893350008545176,
    "ci_lo": 2.5222175765126016,
    "ci_hi": 2.871288995407666,
    "covered": true,
    "insertion_percentile": 0.8530266983875231
  }
}
Saved KDE posterior plot to /data/wiay/postgrads/shashwat/COMM_DATA/results/CALLIBRATION_S3_L1/bs1024_a0.10_b0.10_ep600_pat40_lr3.0e-04_wd1.0e-05_319402-3/inj_0011/posterior_kde.png
