==========================================
 Stage 3 Layer 1 injection
 model = bs4096_a0.10_b0.10_ep600_pat40_lr3.0e-04_wd1.0e-05_319402-4
 seed  = 27
==========================================
Model: bs4096_a0.10_b0.10_ep600_pat40_lr3.0e-04_wd1.0e-05_319402-4
Injection seed: 27
Output dir: /data/wiay/postgrads/shashwat/COMM_DATA/results/CALLIBRATION_S3_L1/bs4096_a0.10_b0.10_ep600_pat40_lr3.0e-04_wd1.0e-05_319402-4/inj_0027
{
  "kappa": {
    "true": 3.5189074607362483,
    "median": 3.5225556626857966,
    "ci_lo": 3.4157325446376516,
    "ci_hi": 3.633577076973026,
    "covered": true,
    "insertion_percentile": 0.4805779251539555
  },
  "mu_xi": {
    "true": 0.031381427222243165,
    "median": 0.02014897886862807,
    "ci_lo": 0.0022061319195039314,
    "ci_hi": 0.04201875772006202,
    "covered": true,
    "insertion_percentile": 0.7112742775935575
  },
  "sigma_chi": {
    "true": 0.11665840437389502,
    "median": 0.32644041111561434,
    "ci_lo": 0.09614226028134557,
    "ci_hi": 0.5616963773495323,
    "covered": true,
    "insertion_percentile": 0.08171482709616296
  },
  "sigma_xi": {
    "true": 0.16325703256494467,
    "median": 0.2213016864122167,
    "ci_lo": 0.07278764171979486,
    "ci_hi": 0.2911571886108933,
    "covered": true,
    "insertion_percentile": 0.2901468498342018
  },
  "rho": {
    "true": 0.7761813576761406,
    "median": 0.10968366016525509,
    "ci_lo": -0.7593821031985177,
    "ci_hi": 0.8388261368043444,
    "covered": true,
    "insertion_percentile": 0.896257697773567
  },
  "lambda_chi": {
    "true": 0.28966731326579076,
    "median": -0.1210875665811461,
    "ci_lo": -0.44757028529016507,
    "ci_hi": 0.31156620347579983,
    "covered": true,
    "insertion_percentile": 0.9232591189009948
  },
  "chi0": {
    "true": -0.4899808760396832,
    "median": -0.37051584713248875,
    "ci_lo": -0.48795870830042587,
    "ci_hi": -0.2807046240173547,
    "covered": false,
    "insertion_percentile": 0.04216011369019422
  },
  "xi0": {
    "true": 2.9973330429661877,
    "median": 2.8751562898061866,
    "ci_lo": 2.7866386325125423,
    "ci_hi": 2.998277626683345,
    "covered": true,
    "insertion_percentile": 0.9450497394599716
  }
}
Saved KDE posterior plot to /data/wiay/postgrads/shashwat/COMM_DATA/results/CALLIBRATION_S3_L1/bs4096_a0.10_b0.10_ep600_pat40_lr3.0e-04_wd1.0e-05_319402-4/inj_0027/posterior_kde.png
