==========================================
 Stage 3 Layer 1 injection
 model = bs1024_a0.10_b0.10_ep600_pat40_lr3.0e-04_wd1.0e-05_319402-3
 seed  = 30
==========================================
Model: bs1024_a0.10_b0.10_ep600_pat40_lr3.0e-04_wd1.0e-05_319402-3
Injection seed: 30
Output dir: /data/wiay/postgrads/shashwat/COMM_DATA/results/CALLIBRATION_S3_L1/bs1024_a0.10_b0.10_ep600_pat40_lr3.0e-04_wd1.0e-05_319402-3/inj_0030
{
  "kappa": {
    "true": 1.2554141435814108,
    "median": 1.3896312736235399,
    "ci_lo": 1.2652486307392277,
    "ci_hi": 1.56412860323249,
    "covered": false,
    "insertion_percentile": 0.03660097261325825
  },
  "mu_xi": {
    "true": 0.042910699866581116,
    "median": 0.059950391853059753,
    "ci_lo": 0.012683157193831653,
    "ci_hi": 0.0739520486269637,
    "covered": true,
    "insertion_percentile": 0.28999232147427695
  },
  "sigma_chi": {
    "true": 0.10075015910431066,
    "median": 0.2228779564406463,
    "ci_lo": 0.06996547609102698,
    "ci_hi": 0.47712334909392823,
    "covered": true,
    "insertion_percentile": 0.12771947786025084
  },
  "sigma_xi": {
    "true": 0.2574109649341486,
    "median": 0.1787372959798259,
    "ci_lo": 0.06172895140007984,
    "ci_hi": 0.35595028782178867,
    "covered": true,
    "insertion_percentile": 0.7097517276682876
  },
  "rho": {
    "true": 0.5088576240084394,
    "median": -0.12618943288899462,
    "ci_lo": -0.8150092561052451,
    "ci_hi": 0.7660916930745836,
    "covered": true,
    "insertion_percentile": 0.8382390581008446
  },
  "lambda_chi": {
    "true": 0.36757799708113226,
    "median": 0.2741495700852543,
    "ci_lo": 0.04654927273308539,
    "ci_hi": 0.4783066688119846,
    "covered": true,
    "insertion_percentile": 0.6867161504991042
  },
  "chi0": {
    "true": -0.17354514379741592,
    "median": -0.07763175516105451,
    "ci_lo": -0.23975809475723395,
    "ci_hi": 0.0831376986649523,
    "covered": true,
    "insertion_percentile": 0.23777834655746097
  },
  "xi0": {
    "true": 2.773950929274059,
    "median": 2.680952972279789,
    "ci_lo": 2.51820763244859,
    "ci_hi": 2.8430868779765537,
    "covered": true,
    "insertion_percentile": 0.7540312260046071
  }
}
Saved KDE posterior plot to /data/wiay/postgrads/shashwat/COMM_DATA/results/CALLIBRATION_S3_L1/bs1024_a0.10_b0.10_ep600_pat40_lr3.0e-04_wd1.0e-05_319402-3/inj_0030/posterior_kde.png
