==========================================
 Stage 3 Layer 1 injection
 model = bs2048_a0.05_b0.05_ep600_pat40_lr3.0e-04_wd1.0e-05_319402-1
 seed  = 34
==========================================
Model: bs2048_a0.05_b0.05_ep600_pat40_lr3.0e-04_wd1.0e-05_319402-1
Injection seed: 34
Output dir: /data/wiay/postgrads/shashwat/COMM_DATA/results/CALLIBRATION_S3_L1/bs2048_a0.05_b0.05_ep600_pat40_lr3.0e-04_wd1.0e-05_319402-1/inj_0034
{
  "kappa": {
    "true": 0.11973839311591333,
    "median": 0.1167515164572559,
    "ci_lo": 0.11447227452311955,
    "ci_hi": 0.11867827694221389,
    "covered": false,
    "insertion_percentile": 0.9952143154390345
  },
  "mu_xi": {
    "true": 0.08721769142705424,
    "median": 0.08323723026569502,
    "ci_lo": 0.07628322998497479,
    "ci_hi": 0.09081571329219902,
    "covered": true,
    "insertion_percentile": 0.8035788597586351
  },
  "sigma_chi": {
    "true": 0.18350831318242783,
    "median": 0.15024217288445374,
    "ci_lo": 0.1018369166378171,
    "ci_hi": 0.18859159503782139,
    "covered": true,
    "insertion_percentile": 0.9169787765293383
  },
  "sigma_xi": {
    "true": 0.2778714542515898,
    "median": 0.3005671569420224,
    "ci_lo": 0.2742771745525884,
    "ci_hi": 0.3274393191708637,
    "covered": true,
    "insertion_percentile": 0.08218893050353725
  },
  "rho": {
    "true": -0.028633710654063727,
    "median": -0.2309517885454797,
    "ci_lo": -0.39152417136184364,
    "ci_hi": -0.06605776303695113,
    "covered": false,
    "insertion_percentile": 0.9781523096129837
  },
  "lambda_chi": {
    "true": 0.28853349416753615,
    "median": 0.2742255840720866,
    "ci_lo": 0.26099933318345714,
    "ci_hi": 0.2887095002705357,
    "covered": true,
    "insertion_percentile": 0.9481897627965044
  },
  "chi0": {
    "true": 0.38072256536897386,
    "median": 0.41518202414156935,
    "ci_lo": 0.34990312138616747,
    "ci_hi": 0.4806664774527644,
    "covered": true,
    "insertion_percentile": 0.19101123595505617
  },
  "xi0": {
    "true": 4.749304991192124,
    "median": 4.714876656863004,
    "ci_lo": 4.649368195802298,
    "ci_hi": 4.780189157904301,
    "covered": true,
    "insertion_percentile": 0.809404910528506
  }
}
Saved KDE posterior plot to /data/wiay/postgrads/shashwat/COMM_DATA/results/CALLIBRATION_S3_L1/bs2048_a0.05_b0.05_ep600_pat40_lr3.0e-04_wd1.0e-05_319402-1/inj_0034/posterior_kde.png
