==========================================
 Stage 3 Layer 1 injection
 model = bs2048_a0.05_b0.05_ep600_pat40_lr3.0e-04_wd1.0e-05_319402-1
 seed  = 63
==========================================
Model: bs2048_a0.05_b0.05_ep600_pat40_lr3.0e-04_wd1.0e-05_319402-1
Injection seed: 63
Output dir: /data/wiay/postgrads/shashwat/COMM_DATA/results/CALLIBRATION_S3_L1/bs2048_a0.05_b0.05_ep600_pat40_lr3.0e-04_wd1.0e-05_319402-1/inj_0063
{
  "kappa": {
    "true": 2.8443889222882817,
    "median": 2.7936580269526683,
    "ci_lo": 2.704166738745435,
    "ci_hi": 2.8658865418991386,
    "covered": true,
    "insertion_percentile": 0.867822966507177
  },
  "mu_xi": {
    "true": 0.09922588688596239,
    "median": 0.0940978627034189,
    "ci_lo": 0.07144588743110374,
    "ci_hi": 0.09953712464814296,
    "covered": true,
    "insertion_percentile": 0.919457735247209
  },
  "sigma_chi": {
    "true": 0.15817805698878007,
    "median": 0.22273551192618551,
    "ci_lo": 0.06574570333426828,
    "ci_hi": 0.5479544460339983,
    "covered": true,
    "insertion_percentile": 0.3438995215311005
  },
  "sigma_xi": {
    "true": 0.22685066427791584,
    "median": 0.24809059995049287,
    "ci_lo": 0.2252031729630092,
    "ci_hi": 0.3270516237447673,
    "covered": true,
    "insertion_percentile": 0.08692185007974482
  },
  "rho": {
    "true": -0.539317604521844,
    "median": -0.008771405543197587,
    "ci_lo": -0.7172378196964103,
    "ci_hi": 0.7256189702500627,
    "covered": true,
    "insertion_percentile": 0.12679425837320574
  },
  "lambda_chi": {
    "true": -0.3276718941837966,
    "median": -0.2530000148484132,
    "ci_lo": -0.46910360190796835,
    "ci_hi": 0.22539736539084207,
    "covered": true,
    "insertion_percentile": 0.36862041467304624
  },
  "chi0": {
    "true": -0.1323802011758941,
    "median": -0.14519896035572397,
    "ci_lo": -0.30824164140458055,
    "ci_hi": -0.06533441238559567,
    "covered": true,
    "insertion_percentile": 0.5604066985645934
  },
  "xi0": {
    "true": 3.2195320865896297,
    "median": 3.2334982486094397,
    "ci_lo": 3.1544440154660123,
    "ci_hi": 3.3968133762396304,
    "covered": true,
    "insertion_percentile": 0.4304226475279107
  }
}
Saved KDE posterior plot to /data/wiay/postgrads/shashwat/COMM_DATA/results/CALLIBRATION_S3_L1/bs2048_a0.05_b0.05_ep600_pat40_lr3.0e-04_wd1.0e-05_319402-1/inj_0063/posterior_kde.png
