==========================================
 Stage 3 Layer 1 injection
 model = bs2048_a0.10_b0.10_ep600_pat40_lr3.0e-04_wd1.0e-04_319402-6
 seed  = 52
==========================================
Model: bs2048_a0.10_b0.10_ep600_pat40_lr3.0e-04_wd1.0e-04_319402-6
Injection seed: 52
Output dir: /data/wiay/postgrads/shashwat/COMM_DATA/results/CALLIBRATION_S3_L1/bs2048_a0.10_b0.10_ep600_pat40_lr3.0e-04_wd1.0e-04_319402-6/inj_0052
{
  "kappa": {
    "true": 3.117238478531921,
    "median": 2.9229901680920216,
    "ci_lo": 2.1263760793935345,
    "ci_hi": 3.72062232160537,
    "covered": true,
    "insertion_percentile": 0.6623339110340843
  },
  "mu_xi": {
    "true": 0.0574226295635292,
    "median": 0.04307253044850601,
    "ci_lo": 0.011626722666394168,
    "ci_hi": 0.056383664439859774,
    "covered": false,
    "insertion_percentile": 0.9956672443674177
  },
  "sigma_chi": {
    "true": 0.3357489685544607,
    "median": 0.268381177472161,
    "ci_lo": 0.07442731519106074,
    "ci_hi": 0.5427755826751671,
    "covered": true,
    "insertion_percentile": 0.6395147313691508
  },
  "sigma_xi": {
    "true": 0.05223633952610374,
    "median": 0.17635604403885552,
    "ci_lo": 0.06790574414772406,
    "ci_hi": 0.30621710789779777,
    "covered": false,
    "insertion_percentile": 0.004332755632582322
  },
  "rho": {
    "true": 0.09052630663462757,
    "median": -0.24350752762173483,
    "ci_lo": -0.8280996835971092,
    "ci_hi": 0.6755120537386267,
    "covered": true,
    "insertion_percentile": 0.7082611207394569
  },
  "lambda_chi": {
    "true": 0.46833843231379524,
    "median": 0.4105176341367061,
    "ci_lo": 0.28453958428202586,
    "ci_hi": 0.48890308739628574,
    "covered": true,
    "insertion_percentile": 0.8373772385904101
  },
  "chi0": {
    "true": -0.10194030359864936,
    "median": -0.09552997829883147,
    "ci_lo": -0.15414504099135956,
    "ci_hi": -0.06456781750135933,
    "covered": true,
    "insertion_percentile": 0.4127671865973426
  },
  "xi0": {
    "true": 2.5395935105098006,
    "median": 2.5293869542910947,
    "ci_lo": 2.5029751625726226,
    "ci_hi": 2.583196751063916,
    "covered": true,
    "insertion_percentile": 0.6429809358752167
  }
}
Saved KDE posterior plot to /data/wiay/postgrads/shashwat/COMM_DATA/results/CALLIBRATION_S3_L1/bs2048_a0.10_b0.10_ep600_pat40_lr3.0e-04_wd1.0e-04_319402-6/inj_0052/posterior_kde.png
