==========================================
 Stage 3 Layer 1 injection
 model = bs1024_a0.10_b0.10_ep600_pat40_lr3.0e-04_wd1.0e-05_319402-3
 seed  = 16
==========================================
Model: bs1024_a0.10_b0.10_ep600_pat40_lr3.0e-04_wd1.0e-05_319402-3
Injection seed: 16
Output dir: /data/wiay/postgrads/shashwat/COMM_DATA/results/CALLIBRATION_S3_L1/bs1024_a0.10_b0.10_ep600_pat40_lr3.0e-04_wd1.0e-05_319402-3/inj_0016
{
  "kappa": {
    "true": 2.877892510508889,
    "median": 2.886890542289238,
    "ci_lo": 2.85767627637593,
    "ci_hi": 2.958026861055353,
    "covered": true,
    "insertion_percentile": 0.34928035678086355
  },
  "mu_xi": {
    "true": 0.04307441454901856,
    "median": 0.03290260017849679,
    "ci_lo": 0.01438298986644141,
    "ci_hi": 0.05400558499407947,
    "covered": true,
    "insertion_percentile": 0.7855260490573688
  },
  "sigma_chi": {
    "true": 0.1017406040038385,
    "median": 0.22204432537085192,
    "ci_lo": 0.07430496386273204,
    "ci_hi": 0.5183551014369412,
    "covered": true,
    "insertion_percentile": 0.12933306304480033
  },
  "sigma_xi": {
    "true": 0.17182784265259843,
    "median": 0.22289817428951356,
    "ci_lo": 0.08656256193168117,
    "ci_hi": 0.29438093907724333,
    "covered": true,
    "insertion_percentile": 0.2167038313399554
  },
  "rho": {
    "true": 0.21871626908522301,
    "median": -0.0014538966203039294,
    "ci_lo": -0.5719585984623218,
    "ci_hi": 0.5634793795875603,
    "covered": true,
    "insertion_percentile": 0.7084938171498074
  },
  "lambda_chi": {
    "true": -0.4783449968172895,
    "median": -0.22774697191722043,
    "ci_lo": -0.43501230918488615,
    "ci_hi": 0.3786163887509448,
    "covered": false,
    "insertion_percentile": 0.01236570038516116
  },
  "chi0": {
    "true": 0.3746323779455377,
    "median": 0.2871745878503112,
    "ci_lo": 0.07387171523509072,
    "ci_hi": 0.363723859364314,
    "covered": false,
    "insertion_percentile": 0.9811473748226232
  },
  "xi0": {
    "true": 4.635123828817355,
    "median": 4.720617244796542,
    "ci_lo": 4.643869154835372,
    "ci_hi": 4.933435613766674,
    "covered": false,
    "insertion_percentile": 0.02473140077032232
  }
}
Saved KDE posterior plot to /data/wiay/postgrads/shashwat/COMM_DATA/results/CALLIBRATION_S3_L1/bs1024_a0.10_b0.10_ep600_pat40_lr3.0e-04_wd1.0e-05_319402-3/inj_0016/posterior_kde.png
