==========================================
 Stage 3 Layer 1 injection
 model = bs2048_a0.10_b0.10_ep600_pat40_lr3.0e-04_wd1.0e-04_319402-6
 seed  = 57
==========================================
Model: bs2048_a0.10_b0.10_ep600_pat40_lr3.0e-04_wd1.0e-04_319402-6
Injection seed: 57
Output dir: /data/wiay/postgrads/shashwat/COMM_DATA/results/CALLIBRATION_S3_L1/bs2048_a0.10_b0.10_ep600_pat40_lr3.0e-04_wd1.0e-04_319402-6/inj_0057
{
  "kappa": {
    "true": 3.452416845462155,
    "median": 3.5587288123067435,
    "ci_lo": 3.47448772147364,
    "ci_hi": 3.6233013320479595,
    "covered": false,
    "insertion_percentile": 0.0193868349864743
  },
  "mu_xi": {
    "true": 0.04683119682175685,
    "median": 0.04325936815124341,
    "ci_lo": 0.019695892571880494,
    "ci_hi": 0.054918587233790526,
    "covered": true,
    "insertion_percentile": 0.6467538322813345
  },
  "sigma_chi": {
    "true": 0.5126785183635331,
    "median": 0.2624885049175342,
    "ci_lo": 0.09877927691254021,
    "ci_hi": 0.524829093150499,
    "covered": true,
    "insertion_percentile": 0.9371055004508566
  },
  "sigma_xi": {
    "true": 0.1691119327505421,
    "median": 0.18902028203532145,
    "ci_lo": 0.11103101233586524,
    "ci_hi": 0.2879050624061872,
    "covered": true,
    "insertion_percentile": 0.3539224526600541
  },
  "rho": {
    "true": -0.19112114480706366,
    "median": -0.18730581300006077,
    "ci_lo": -0.7717368206668748,
    "ci_hi": 0.5538694562214141,
    "covered": true,
    "insertion_percentile": 0.4950405770964833
  },
  "lambda_chi": {
    "true": -0.34355801538886943,
    "median": -0.16689175257621802,
    "ci_lo": -0.4138958952270103,
    "ci_hi": 0.3781450214687525,
    "covered": true,
    "insertion_percentile": 0.14540126239855725
  },
  "chi0": {
    "true": -0.07078186225135885,
    "median": -0.13279115212007864,
    "ci_lo": -0.27421940374697057,
    "ci_hi": -0.06027632453693178,
    "covered": true,
    "insertion_percentile": 0.9059963931469792
  },
  "xi0": {
    "true": 4.315848589375568,
    "median": 4.3806396856916825,
    "ci_lo": 4.307065092033361,
    "ci_hi": 4.522355957048407,
    "covered": true,
    "insertion_percentile": 0.08250676284941388
  }
}
Saved KDE posterior plot to /data/wiay/postgrads/shashwat/COMM_DATA/results/CALLIBRATION_S3_L1/bs2048_a0.10_b0.10_ep600_pat40_lr3.0e-04_wd1.0e-04_319402-6/inj_0057/posterior_kde.png
