==========================================
 Stage 3 Layer 1 injection
 model = bs2048_a0.10_b0.10_ep600_pat40_lr3.0e-04_wd1.0e-04_319402-6
 seed  = 41
==========================================
Model: bs2048_a0.10_b0.10_ep600_pat40_lr3.0e-04_wd1.0e-04_319402-6
Injection seed: 41
Output dir: /data/wiay/postgrads/shashwat/COMM_DATA/results/CALLIBRATION_S3_L1/bs2048_a0.10_b0.10_ep600_pat40_lr3.0e-04_wd1.0e-04_319402-6/inj_0041
{
  "kappa": {
    "true": 4.775340404513822,
    "median": 4.121008574782257,
    "ci_lo": 2.9132419761457395,
    "ci_hi": 4.840812246149435,
    "covered": true,
    "insertion_percentile": 0.9233835252435784
  },
  "mu_xi": {
    "true": 0.07679320906355994,
    "median": 0.08256359811289096,
    "ci_lo": 0.061874352774932535,
    "ci_hi": 0.09760289524965976,
    "covered": true,
    "insertion_percentile": 0.3365810451727192
  },
  "sigma_chi": {
    "true": 0.11928391073351113,
    "median": 0.45915305418602365,
    "ci_lo": 0.19171461110557853,
    "ci_hi": 0.5728813934499609,
    "covered": false,
    "insertion_percentile": 0.0059787422497785654
  },
  "sigma_xi": {
    "true": 0.3394458300757607,
    "median": 0.3217805438986211,
    "ci_lo": 0.2712031173590499,
    "ci_hi": 0.3806444290101578,
    "covered": true,
    "insertion_percentile": 0.6649689991142604
  },
  "rho": {
    "true": 0.628329732176152,
    "median": -0.23609620323722902,
    "ci_lo": -0.8136928032965803,
    "ci_hi": 0.6116158229788586,
    "covered": false,
    "insertion_percentile": 0.9534986713906112
  },
  "lambda_chi": {
    "true": -0.15021716333542656,
    "median": 0.03526710982738826,
    "ci_lo": -0.35848964485236845,
    "ci_hi": 0.42998662499747164,
    "covered": true,
    "insertion_percentile": 0.3179805137289637
  },
  "chi0": {
    "true": 0.011409234715459626,
    "median": -0.040869296805623734,
    "ci_lo": -0.12934047368411328,
    "ci_hi": 0.07069057561671009,
    "covered": true,
    "insertion_percentile": 0.7023914968999114
  },
  "xi0": {
    "true": 4.006249771241607,
    "median": 4.052740278796926,
    "ci_lo": 3.941316065765901,
    "ci_hi": 4.143019219641404,
    "covered": true,
    "insertion_percentile": 0.3257307351638618
  }
}
Saved KDE posterior plot to /data/wiay/postgrads/shashwat/COMM_DATA/results/CALLIBRATION_S3_L1/bs2048_a0.10_b0.10_ep600_pat40_lr3.0e-04_wd1.0e-04_319402-6/inj_0041/posterior_kde.png
