==========================================
 Stage 3 Layer 1 injection
 model = bs2048_a0.05_b0.05_ep600_pat40_lr3.0e-04_wd1.0e-05_319402-1
 seed  = 65
==========================================
Model: bs2048_a0.05_b0.05_ep600_pat40_lr3.0e-04_wd1.0e-05_319402-1
Injection seed: 65
Output dir: /data/wiay/postgrads/shashwat/COMM_DATA/results/CALLIBRATION_S3_L1/bs2048_a0.05_b0.05_ep600_pat40_lr3.0e-04_wd1.0e-05_319402-1/inj_0065
{
  "kappa": {
    "true": 0.3322182787710082,
    "median": 0.5086917055301801,
    "ci_lo": 0.2820511509894625,
    "ci_hi": 0.7301838835132981,
    "covered": true,
    "insertion_percentile": 0.12461207925519217
  },
  "mu_xi": {
    "true": 0.05182221775395868,
    "median": 0.04650192785466119,
    "ci_lo": 0.011401164500873617,
    "ci_hi": 0.058020290388870126,
    "covered": true,
    "insertion_percentile": 0.6655526378610647
  },
  "sigma_chi": {
    "true": 0.2561722098542118,
    "median": 0.19897515888846762,
    "ci_lo": 0.08332778374717442,
    "ci_hi": 0.29030554034135636,
    "covered": true,
    "insertion_percentile": 0.8204822153258534
  },
  "sigma_xi": {
    "true": 0.13003748315987482,
    "median": 0.1696873350748706,
    "ci_lo": 0.07180738721656228,
    "ci_hi": 0.31426107086529637,
    "covered": true,
    "insertion_percentile": 0.3110527572212939
  },
  "rho": {
    "true": 0.7951017478526982,
    "median": -0.2166957016746318,
    "ci_lo": -0.8434299377852624,
    "ci_hi": 0.7974405143390388,
    "covered": true,
    "insertion_percentile": 0.9489138219145381
  },
  "lambda_chi": {
    "true": 0.0945015469121685,
    "median": 0.14235653140173826,
    "ci_lo": 0.04893608695839407,
    "ci_hi": 0.24435193204481173,
    "covered": true,
    "insertion_percentile": 0.21651945571735498
  },
  "chi0": {
    "true": -0.22114915606936714,
    "median": -0.3521849978536415,
    "ci_lo": -0.48296159529522964,
    "ci_hi": -0.15463458034770666,
    "covered": true,
    "insertion_percentile": 0.8465027452852709
  },
  "xi0": {
    "true": 2.6077937012432977,
    "median": 2.7384014411832083,
    "ci_lo": 2.5390273765625184,
    "ci_hi": 2.8699281149332014,
    "covered": true,
    "insertion_percentile": 0.15636190021484841
  }
}
Saved KDE posterior plot to /data/wiay/postgrads/shashwat/COMM_DATA/results/CALLIBRATION_S3_L1/bs2048_a0.05_b0.05_ep600_pat40_lr3.0e-04_wd1.0e-05_319402-1/inj_0065/posterior_kde.png
