==========================================
 Stage 3 Layer 1 injection
 model = bs4096_a0.10_b0.10_ep600_pat40_lr3.0e-04_wd1.0e-05_319402-4
 seed  = 42
==========================================
Model: bs4096_a0.10_b0.10_ep600_pat40_lr3.0e-04_wd1.0e-05_319402-4
Injection seed: 42
Output dir: /data/wiay/postgrads/shashwat/COMM_DATA/results/CALLIBRATION_S3_L1/bs4096_a0.10_b0.10_ep600_pat40_lr3.0e-04_wd1.0e-05_319402-4/inj_0042
{
  "kappa": {
    "true": 3.892384637924221,
    "median": 3.8548882270386873,
    "ci_lo": 3.8200287207968686,
    "ci_hi": 3.8983909946172792,
    "covered": true,
    "insertion_percentile": 0.9235897435897436
  },
  "mu_xi": {
    "true": 0.04388784397520523,
    "median": 0.026737645201060423,
    "ci_lo": 0.0143686697631298,
    "ci_hi": 0.05005772744776533,
    "covered": true,
    "insertion_percentile": 0.901025641025641
  },
  "sigma_chi": {
    "true": 0.5222288559512603,
    "median": 0.470422600258941,
    "ci_lo": 0.2629175511386298,
    "ci_hi": 0.5486571039297127,
    "covered": true,
    "insertion_percentile": 0.8641025641025641
  },
  "sigma_xi": {
    "true": 0.2940788101707774,
    "median": 0.3477075508525449,
    "ci_lo": 0.272196814531644,
    "ci_hi": 0.3818323406743339,
    "covered": true,
    "insertion_percentile": 0.09863247863247863
  },
  "rho": {
    "true": -0.7304807738022309,
    "median": -0.7818143595947453,
    "ci_lo": -0.8876136079081322,
    "ci_hi": 0.04372195805594374,
    "covered": true,
    "insertion_percentile": 0.6370940170940171
  },
  "lambda_chi": {
    "true": 0.4756223516367559,
    "median": 0.44426938046531095,
    "ci_lo": -0.3178039467174444,
    "ci_hi": 0.4914043455994488,
    "covered": true,
    "insertion_percentile": 0.8241025641025641
  },
  "chi0": {
    "true": 0.26113970199035297,
    "median": 0.2613303982565016,
    "ci_lo": 0.24236169082898942,
    "ci_hi": 0.4882191803169235,
    "covered": true,
    "insertion_percentile": 0.49572649572649574
  },
  "xi0": {
    "true": 4.465160763192385,
    "median": 4.463514108067174,
    "ci_lo": 4.243415186937924,
    "ci_hi": 4.480321012229025,
    "covered": true,
    "insertion_percentile": 0.5471794871794872
  }
}
Saved KDE posterior plot to /data/wiay/postgrads/shashwat/COMM_DATA/results/CALLIBRATION_S3_L1/bs4096_a0.10_b0.10_ep600_pat40_lr3.0e-04_wd1.0e-05_319402-4/inj_0042/posterior_kde.png
