==========================================
 Stage 3 Layer 1 injection
 model = bs1024_a0.10_b0.10_ep600_pat40_lr3.0e-04_wd1.0e-05_319402-3
 seed  = 63
==========================================
Model: bs1024_a0.10_b0.10_ep600_pat40_lr3.0e-04_wd1.0e-05_319402-3
Injection seed: 63
Output dir: /data/wiay/postgrads/shashwat/COMM_DATA/results/CALLIBRATION_S3_L1/bs1024_a0.10_b0.10_ep600_pat40_lr3.0e-04_wd1.0e-05_319402-3/inj_0063
{
  "kappa": {
    "true": 2.8443889222882817,
    "median": 2.7568275032645904,
    "ci_lo": 2.6586163919315515,
    "ci_hi": 2.85263216795368,
    "covered": true,
    "insertion_percentile": 0.9305338396247487
  },
  "mu_xi": {
    "true": 0.09922588688596239,
    "median": 0.07441696620613512,
    "ci_lo": 0.04964971403960268,
    "ci_hi": 0.09718936492543497,
    "covered": false,
    "insertion_percentile": 0.9877149877149877
  },
  "sigma_chi": {
    "true": 0.15817805698878007,
    "median": 0.35500287636988676,
    "ci_lo": 0.08256491187771922,
    "ci_hi": 0.5862593281787524,
    "covered": true,
    "insertion_percentile": 0.18159481795845434
  },
  "sigma_xi": {
    "true": 0.22685066427791584,
    "median": 0.31770381043357737,
    "ci_lo": 0.23540057511860524,
    "ci_hi": 0.38810624193053617,
    "covered": false,
    "insertion_percentile": 0.013178467723922269
  },
  "rho": {
    "true": -0.539317604521844,
    "median": 0.4104676604357056,
    "ci_lo": -0.7009600600735099,
    "ci_hi": 0.8540628258892081,
    "covered": true,
    "insertion_percentile": 0.09492964038418585
  },
  "lambda_chi": {
    "true": -0.3276718941837966,
    "median": 0.06631040454541741,
    "ci_lo": -0.4323530468709103,
    "ci_hi": 0.46028737420006743,
    "covered": true,
    "insertion_percentile": 0.12932767478222024
  },
  "chi0": {
    "true": -0.1323802011758941,
    "median": -0.2332818844121399,
    "ci_lo": -0.39362333161156354,
    "ci_hi": -0.057797293753928905,
    "covered": true,
    "insertion_percentile": 0.7927183381728836
  },
  "xi0": {
    "true": 3.2195320865896297,
    "median": 3.320335745192488,
    "ci_lo": 3.1450322991865596,
    "ci_hi": 3.4841613755279432,
    "covered": true,
    "insertion_percentile": 0.2048246593701139
  }
}
Saved KDE posterior plot to /data/wiay/postgrads/shashwat/COMM_DATA/results/CALLIBRATION_S3_L1/bs1024_a0.10_b0.10_ep600_pat40_lr3.0e-04_wd1.0e-05_319402-3/inj_0063/posterior_kde.png
