==========================================
 Stage 3 Layer 1 injection
 model = bs4096_a0.10_b0.10_ep600_pat40_lr3.0e-04_wd1.0e-05_319402-4
 seed  = 2
==========================================
Model: bs4096_a0.10_b0.10_ep600_pat40_lr3.0e-04_wd1.0e-05_319402-4
Injection seed: 2
Output dir: /data/wiay/postgrads/shashwat/COMM_DATA/results/CALLIBRATION_S3_L1/bs4096_a0.10_b0.10_ep600_pat40_lr3.0e-04_wd1.0e-05_319402-4/inj_0002
{
  "kappa": {
    "true": 1.3818994578216506,
    "median": 1.443876288673533,
    "ci_lo": 1.2920225746111667,
    "ci_hi": 1.56707846143444,
    "covered": true,
    "insertion_percentile": 0.23044594910109736
  },
  "mu_xi": {
    "true": 0.029849114341412332,
    "median": 0.022299635247360106,
    "ci_lo": 0.0030279352572004673,
    "ci_hi": 0.031305933664588996,
    "covered": true,
    "insertion_percentile": 0.8323604949801541
  },
  "sigma_chi": {
    "true": 0.4978241573268541,
    "median": 0.2692360039460273,
    "ci_lo": 0.0696245347047764,
    "ci_hi": 0.5558830270640315,
    "covered": true,
    "insertion_percentile": 0.8615456455755311
  },
  "sigma_xi": {
    "true": 0.08217057974728392,
    "median": 0.14635608636884115,
    "ci_lo": 0.060189582268651724,
    "ci_hi": 0.2442043497977334,
    "covered": true,
    "insertion_percentile": 0.18094793369133785
  },
  "rho": {
    "true": 0.1801809467381773,
    "median": -0.36939038059387563,
    "ci_lo": -0.8628304372312885,
    "ci_hi": 0.7770759625780393,
    "covered": true,
    "insertion_percentile": 0.7121176745272005
  },
  "lambda_chi": {
    "true": 0.22856052681179462,
    "median": 0.12709837698510368,
    "ci_lo": -0.011206517369873733,
    "ci_hi": 0.37714608171222846,
    "covered": true,
    "insertion_percentile": 0.7228578099462993
  },
  "chi0": {
    "true": -0.31209892663339656,
    "median": -0.26462926442015783,
    "ci_lo": -0.4541125420948786,
    "ci_hi": -0.18081006382433504,
    "covered": true,
    "insertion_percentile": 0.3418164837730563
  },
  "xi0": {
    "true": 2.6378665683326705,
    "median": 2.5923412286564886,
    "ci_lo": 2.508371809070567,
    "ci_hi": 2.7881026105846853,
    "covered": true,
    "insertion_percentile": 0.647676862012608
  }
}
Saved KDE posterior plot to /data/wiay/postgrads/shashwat/COMM_DATA/results/CALLIBRATION_S3_L1/bs4096_a0.10_b0.10_ep600_pat40_lr3.0e-04_wd1.0e-05_319402-4/inj_0002/posterior_kde.png
