==========================================
 Stage 3 Layer 1 injection
 model = bs1024_a0.10_b0.10_ep600_pat40_lr3.0e-04_wd1.0e-05_319402-3
 seed  = 23
==========================================
Model: bs1024_a0.10_b0.10_ep600_pat40_lr3.0e-04_wd1.0e-05_319402-3
Injection seed: 23
Output dir: /data/wiay/postgrads/shashwat/COMM_DATA/results/CALLIBRATION_S3_L1/bs1024_a0.10_b0.10_ep600_pat40_lr3.0e-04_wd1.0e-05_319402-3/inj_0023
{
  "kappa": {
    "true": 3.500272095221085,
    "median": 3.3878618634716915,
    "ci_lo": 3.189990055535566,
    "ci_hi": 3.5925245594582145,
    "covered": true,
    "insertion_percentile": 0.812532637075718
  },
  "mu_xi": {
    "true": 0.06414582208782306,
    "median": 0.05145119015688505,
    "ci_lo": 0.010245493818888228,
    "ci_hi": 0.06576356137868204,
    "covered": true,
    "insertion_percentile": 0.8851174934725848
  },
  "sigma_chi": {
    "true": 0.12075432337469992,
    "median": 0.348666143799945,
    "ci_lo": 0.08417035849253912,
    "ci_hi": 0.5716046494980404,
    "covered": true,
    "insertion_percentile": 0.10652741514360313
  },
  "sigma_xi": {
    "true": 0.08979781754596527,
    "median": 0.18379906709343657,
    "ci_lo": 0.07100369293968242,
    "ci_hi": 0.3406016101375942,
    "covered": true,
    "insertion_percentile": 0.11070496083550914
  },
  "rho": {
    "true": 0.2760219384022572,
    "median": 0.033011628777270166,
    "ci_lo": -0.7693821421898094,
    "ci_hi": 0.7735511436285477,
    "covered": true,
    "insertion_percentile": 0.6600522193211488
  },
  "lambda_chi": {
    "true": 0.35345710596516067,
    "median": -0.09672621002394247,
    "ci_lo": -0.4538668157816412,
    "ci_hi": 0.43210466597763747,
    "covered": true,
    "insertion_percentile": 0.8913838120104438
  },
  "chi0": {
    "true": -0.2982208655595937,
    "median": -0.15836399917708133,
    "ci_lo": -0.31714073318509994,
    "ci_hi": -0.049502445268239346,
    "covered": true,
    "insertion_percentile": 0.09817232375979112
  },
  "xi0": {
    "true": 3.04504659271434,
    "median": 2.9060982065847214,
    "ci_lo": 2.8001864048469938,
    "ci_hi": 3.064414922799196,
    "covered": true,
    "insertion_percentile": 0.9
  }
}
Saved KDE posterior plot to /data/wiay/postgrads/shashwat/COMM_DATA/results/CALLIBRATION_S3_L1/bs1024_a0.10_b0.10_ep600_pat40_lr3.0e-04_wd1.0e-05_319402-3/inj_0023/posterior_kde.png
