==========================================
 Stage 3 Layer 1 injection
 model = bs2048_a0.05_b0.05_ep600_pat40_lr3.0e-04_wd1.0e-05_319402-1
 seed  = 5
==========================================
Model: bs2048_a0.05_b0.05_ep600_pat40_lr3.0e-04_wd1.0e-05_319402-1
Injection seed: 5
Output dir: /data/wiay/postgrads/shashwat/COMM_DATA/results/CALLIBRATION_S3_L1/bs2048_a0.05_b0.05_ep600_pat40_lr3.0e-04_wd1.0e-05_319402-1/inj_0005
{
  "kappa": {
    "true": 4.044514326352363,
    "median": 3.9333877630123797,
    "ci_lo": 3.4345441543337705,
    "ci_hi": 4.464911710983042,
    "covered": true,
    "insertion_percentile": 0.6409931593615404
  },
  "mu_xi": {
    "true": 0.08079407897364937,
    "median": 0.07402660567655713,
    "ci_lo": 0.02456215270364879,
    "ci_hi": 0.09005310660083876,
    "covered": true,
    "insertion_percentile": 0.6341525209019508
  },
  "sigma_chi": {
    "true": 0.33342905857317806,
    "median": 0.3443602909326178,
    "ci_lo": 0.10988839425120436,
    "ci_hi": 0.5608673481304345,
    "covered": true,
    "insertion_percentile": 0.4778312642513301
  },
  "sigma_xi": {
    "true": 0.15003048303084957,
    "median": 0.19012291137839604,
    "ci_lo": 0.06565256008018995,
    "ci_hi": 0.36781211757190996,
    "covered": true,
    "insertion_percentile": 0.36407398023815557
  },
  "rho": {
    "true": -0.8029247357130185,
    "median": 0.01787676709679167,
    "ci_lo": -0.744735819919738,
    "ci_hi": 0.7688977686648998,
    "covered": false,
    "insertion_percentile": 0.027362553838358245
  },
  "lambda_chi": {
    "true": -0.11663111921448177,
    "median": 0.008887261439913124,
    "ci_lo": -0.4639897341776527,
    "ci_hi": 0.4339216637517805,
    "covered": true,
    "insertion_percentile": 0.40613123891563213
  },
  "chi0": {
    "true": -0.09152679458000135,
    "median": -0.11033180208177643,
    "ci_lo": -0.2211099640231943,
    "ci_hi": 0.0044506290091361434,
    "covered": true,
    "insertion_percentile": 0.5528249303268306
  },
  "xi0": {
    "true": 2.613187984756113,
    "median": 2.633045047841786,
    "ci_lo": 2.5150380609581426,
    "ci_hi": 2.742309599550705,
    "covered": true,
    "insertion_percentile": 0.4443881428933367
  }
}
Saved KDE posterior plot to /data/wiay/postgrads/shashwat/COMM_DATA/results/CALLIBRATION_S3_L1/bs2048_a0.05_b0.05_ep600_pat40_lr3.0e-04_wd1.0e-05_319402-1/inj_0005/posterior_kde.png
