==========================================
 Stage 3 Layer 1 injection
 model = bs4096_a0.10_b0.10_ep600_pat40_lr3.0e-04_wd1.0e-05_319402-4
 seed  = 67
==========================================
Model: bs4096_a0.10_b0.10_ep600_pat40_lr3.0e-04_wd1.0e-05_319402-4
Injection seed: 67
Output dir: /data/wiay/postgrads/shashwat/COMM_DATA/results/CALLIBRATION_S3_L1/bs4096_a0.10_b0.10_ep600_pat40_lr3.0e-04_wd1.0e-05_319402-4/inj_0067
{
  "kappa": {
    "true": 2.1302243495210367,
    "median": 2.111637763639774,
    "ci_lo": 2.0291847457541374,
    "ci_hi": 2.1775576741019105,
    "covered": true,
    "insertion_percentile": 0.6721794290892614
  },
  "mu_xi": {
    "true": 0.012693830220007574,
    "median": 0.00954685585418508,
    "ci_lo": 0.0010545783631954974,
    "ci_hi": 0.020354091601141037,
    "covered": true,
    "insertion_percentile": 0.6613049388309923
  },
  "sigma_chi": {
    "true": 0.33269176969643643,
    "median": 0.34000649792415105,
    "ci_lo": 0.1097413573718783,
    "ci_hi": 0.5420380781164468,
    "covered": true,
    "insertion_percentile": 0.4787041232442229
  },
  "sigma_xi": {
    "true": 0.15403491763065028,
    "median": 0.17273612107032174,
    "ci_lo": 0.0912379238590166,
    "ci_hi": 0.21612372606605737,
    "covered": true,
    "insertion_percentile": 0.3407340280924332
  },
  "rho": {
    "true": 0.17646651363752397,
    "median": 0.0187028016086501,
    "ci_lo": -0.6583618850351235,
    "ci_hi": 0.7186567995530685,
    "covered": true,
    "insertion_percentile": 0.6275487086542818
  },
  "lambda_chi": {
    "true": -0.06872944890543387,
    "median": -0.08348397001244673,
    "ci_lo": -0.4160846237328706,
    "ci_hi": 0.2399529109543151,
    "covered": true,
    "insertion_percentile": 0.5224286361576801
  },
  "chi0": {
    "true": -0.19170573124206824,
    "median": -0.1883752562881511,
    "ci_lo": -0.3409324773266217,
    "ci_hi": -0.023669116454955334,
    "covered": true,
    "insertion_percentile": 0.4900317172632533
  },
  "xi0": {
    "true": 3.3882518200580973,
    "median": 3.385264833587254,
    "ci_lo": 3.217079213404156,
    "ci_hi": 3.536378140435547,
    "covered": true,
    "insertion_percentile": 0.5097417308563661
  }
}
Saved KDE posterior plot to /data/wiay/postgrads/shashwat/COMM_DATA/results/CALLIBRATION_S3_L1/bs4096_a0.10_b0.10_ep600_pat40_lr3.0e-04_wd1.0e-05_319402-4/inj_0067/posterior_kde.png
