==========================================
 Stage 3 Layer 1 injection
 model = bs2048_a0.20_b0.20_ep600_pat40_lr3.0e-04_wd1.0e-05_319402-2
 seed  = 65
==========================================
Model: bs2048_a0.20_b0.20_ep600_pat40_lr3.0e-04_wd1.0e-05_319402-2
Injection seed: 65
Output dir: /data/wiay/postgrads/shashwat/COMM_DATA/results/CALLIBRATION_S3_L1/bs2048_a0.20_b0.20_ep600_pat40_lr3.0e-04_wd1.0e-05_319402-2/inj_0065
{
  "kappa": {
    "true": 0.3322182787710082,
    "median": 0.51962998911966,
    "ci_lo": 0.3002425751333681,
    "ci_hi": 0.7172851451667256,
    "covered": true,
    "insertion_percentile": 0.0933572710951526
  },
  "mu_xi": {
    "true": 0.05182221775395868,
    "median": 0.033043910154485115,
    "ci_lo": 0.003973785494610584,
    "ci_hi": 0.05755709170136872,
    "covered": true,
    "insertion_percentile": 0.8340600153885611
  },
  "sigma_chi": {
    "true": 0.2561722098542118,
    "median": 0.16102503715283661,
    "ci_lo": 0.06458767093103013,
    "ci_hi": 0.2733908577569407,
    "covered": true,
    "insertion_percentile": 0.9079251090023083
  },
  "sigma_xi": {
    "true": 0.13003748315987482,
    "median": 0.23494471904971048,
    "ci_lo": 0.08242892788429079,
    "ci_hi": 0.33722562396014727,
    "covered": true,
    "insertion_percentile": 0.1572197999487048
  },
  "rho": {
    "true": 0.7951017478526982,
    "median": 0.16169701545404777,
    "ci_lo": -0.7312778760267843,
    "ci_hi": 0.8283707561580922,
    "covered": true,
    "insertion_percentile": 0.9240830982303154
  },
  "lambda_chi": {
    "true": 0.0945015469121685,
    "median": 0.12982955097914226,
    "ci_lo": 0.04450347042293864,
    "ci_hi": 0.25007448322027215,
    "covered": true,
    "insertion_percentile": 0.2980251346499102
  },
  "chi0": {
    "true": -0.22114915606936714,
    "median": -0.3051548504738049,
    "ci_lo": -0.4750596892277423,
    "ci_hi": -0.13554511024170396,
    "covered": true,
    "insertion_percentile": 0.7117209540907925
  },
  "xi0": {
    "true": 2.6077937012432977,
    "median": 2.6889959133806687,
    "ci_lo": 2.519367602547973,
    "ci_hi": 2.8592843530790857,
    "covered": true,
    "insertion_percentile": 0.29443447037701975
  }
}
Saved KDE posterior plot to /data/wiay/postgrads/shashwat/COMM_DATA/results/CALLIBRATION_S3_L1/bs2048_a0.20_b0.20_ep600_pat40_lr3.0e-04_wd1.0e-05_319402-2/inj_0065/posterior_kde.png
