==========================================
 Stage 3 Layer 1 injection
 model = bs2048_a0.10_b0.10_ep600_pat40_lr1.0e-04_wd1.0e-05_319402-5
 seed  = 43
==========================================
Model: bs2048_a0.10_b0.10_ep600_pat40_lr1.0e-04_wd1.0e-05_319402-5
Injection seed: 43
Output dir: /data/wiay/postgrads/shashwat/COMM_DATA/results/CALLIBRATION_S3_L1/bs2048_a0.10_b0.10_ep600_pat40_lr1.0e-04_wd1.0e-05_319402-5/inj_0043
{
  "kappa": {
    "true": 3.2962663872344624,
    "median": 3.3776780476129264,
    "ci_lo": 3.224970547140514,
    "ci_hi": 3.531847756149523,
    "covered": true,
    "insertion_percentile": 0.19680385288966726
  },
  "mu_xi": {
    "true": 0.004377532363899661,
    "median": 0.03686802015042551,
    "ci_lo": 0.0034487912194586983,
    "ci_hi": 0.061148892183686576,
    "covered": true,
    "insertion_percentile": 0.06239054290718039
  },
  "sigma_chi": {
    "true": 0.06101627278081927,
    "median": 0.2762978568326197,
    "ci_lo": 0.07725833018897395,
    "ci_hi": 0.578442136017441,
    "covered": false,
    "insertion_percentile": 0.01816987740805604
  },
  "sigma_xi": {
    "true": 0.34372440387886055,
    "median": 0.2309598408957196,
    "ci_lo": 0.06835045135680218,
    "ci_hi": 0.3467718745692542,
    "covered": true,
    "insertion_percentile": 0.9356392294220666
  },
  "rho": {
    "true": 0.15685748565850532,
    "median": 0.04976828123435602,
    "ci_lo": -0.8281701841642496,
    "ci_hi": 0.815620099908966,
    "covered": true,
    "insertion_percentile": 0.5507880910683012
  },
  "lambda_chi": {
    "true": -0.27529476979637557,
    "median": -0.0578124541328061,
    "ci_lo": -0.4339111339560051,
    "ci_hi": 0.44009121344446833,
    "covered": true,
    "insertion_percentile": 0.26816987740805603
  },
  "chi0": {
    "true": 0.2517922718186155,
    "median": 0.1932009989390569,
    "ci_lo": 0.04487134604969656,
    "ci_hi": 0.29999038468065564,
    "covered": true,
    "insertion_percentile": 0.7296409807355516
  },
  "xi0": {
    "true": 3.1592304936959366,
    "median": 3.2147086270489016,
    "ci_lo": 3.1112113498672698,
    "ci_hi": 3.3669745724190023,
    "covered": true,
    "insertion_percentile": 0.273861646234676
  }
}
Saved KDE posterior plot to /data/wiay/postgrads/shashwat/COMM_DATA/results/CALLIBRATION_S3_L1/bs2048_a0.10_b0.10_ep600_pat40_lr1.0e-04_wd1.0e-05_319402-5/inj_0043/posterior_kde.png
