==========================================
 Stage 3 Layer 1 injection
 model = bs2048_a0.10_b0.10_ep600_pat40_lr1.0e-04_wd1.0e-05_319402-5
 seed  = 24
==========================================
Model: bs2048_a0.10_b0.10_ep600_pat40_lr1.0e-04_wd1.0e-05_319402-5
Injection seed: 24
Output dir: /data/wiay/postgrads/shashwat/COMM_DATA/results/CALLIBRATION_S3_L1/bs2048_a0.10_b0.10_ep600_pat40_lr1.0e-04_wd1.0e-05_319402-5/inj_0024
{
  "kappa": {
    "true": 1.7183172996796456,
    "median": 1.7374082754259608,
    "ci_lo": 1.6925523312626434,
    "ci_hi": 1.7913077065303666,
    "covered": true,
    "insertion_percentile": 0.25600208768267224
  },
  "mu_xi": {
    "true": 0.04051773156391439,
    "median": 0.05258704515618228,
    "ci_lo": 0.016513125462197062,
    "ci_hi": 0.06389518075117621,
    "covered": true,
    "insertion_percentile": 0.27583507306889354
  },
  "sigma_chi": {
    "true": 0.36610580062995557,
    "median": 0.278618364212371,
    "ci_lo": 0.08025360282114165,
    "ci_hi": 0.5417591549480684,
    "covered": true,
    "insertion_percentile": 0.6764091858037579
  },
  "sigma_xi": {
    "true": 0.22723991854455183,
    "median": 0.16445938170087354,
    "ci_lo": 0.06533751317426832,
    "ci_hi": 0.315003686397126,
    "covered": true,
    "insertion_percentile": 0.7280793319415448
  },
  "rho": {
    "true": 0.11558251337445136,
    "median": -0.022806012785420805,
    "ci_lo": -0.790354133015526,
    "ci_hi": 0.7755840049774175,
    "covered": true,
    "insertion_percentile": 0.5882045929018789
  },
  "lambda_chi": {
    "true": 0.06968731050840193,
    "median": 0.17857776974645603,
    "ci_lo": -0.14366046889407924,
    "ci_hi": 0.46265660750510457,
    "covered": true,
    "insertion_percentile": 0.3418580375782881
  },
  "chi0": {
    "true": 0.3741165312407412,
    "median": 0.30515779523559816,
    "ci_lo": 0.14312842502131254,
    "ci_hi": 0.4799619660325833,
    "covered": true,
    "insertion_percentile": 0.6722338204592901
  },
  "xi0": {
    "true": 2.7160761524774326,
    "median": 2.789502134884203,
    "ci_lo": 2.617068341382615,
    "ci_hi": 2.9521117959793517,
    "covered": true,
    "insertion_percentile": 0.31002087682672236
  }
}
Saved KDE posterior plot to /data/wiay/postgrads/shashwat/COMM_DATA/results/CALLIBRATION_S3_L1/bs2048_a0.10_b0.10_ep600_pat40_lr1.0e-04_wd1.0e-05_319402-5/inj_0024/posterior_kde.png
