==========================================
 Stage 3 Layer 1 injection
 model = bs2048_a0.10_b0.10_ep600_pat40_lr3.0e-04_wd1.0e-04_319402-6
 seed  = 38
==========================================
Model: bs2048_a0.10_b0.10_ep600_pat40_lr3.0e-04_wd1.0e-04_319402-6
Injection seed: 38
Output dir: /data/wiay/postgrads/shashwat/COMM_DATA/results/CALLIBRATION_S3_L1/bs2048_a0.10_b0.10_ep600_pat40_lr3.0e-04_wd1.0e-04_319402-6/inj_0038
{
  "kappa": {
    "true": 2.4802291197055513,
    "median": 2.479024215196936,
    "ci_lo": 2.3612411608954726,
    "ci_hi": 2.65713819680859,
    "covered": true,
    "insertion_percentile": 0.5059288537549407
  },
  "mu_xi": {
    "true": 0.024973585906507757,
    "median": 0.023499252540810103,
    "ci_lo": 0.0020282172434150534,
    "ci_hi": 0.05644051681415884,
    "covered": true,
    "insertion_percentile": 0.5197628458498024
  },
  "sigma_chi": {
    "true": 0.4462096415261053,
    "median": 0.31852641656130487,
    "ci_lo": 0.09952620079711098,
    "ci_hi": 0.571979789316603,
    "covered": true,
    "insertion_percentile": 0.7378129117259552
  },
  "sigma_xi": {
    "true": 0.2721149021916512,
    "median": 0.27740072955889844,
    "ci_lo": 0.10421768195364,
    "ci_hi": 0.34630965496685007,
    "covered": true,
    "insertion_percentile": 0.48122529644268774
  },
  "rho": {
    "true": 0.7786291356155853,
    "median": 0.4591239963705388,
    "ci_lo": -0.671928853437286,
    "ci_hi": 0.8604735215203666,
    "covered": true,
    "insertion_percentile": 0.8341567852437418
  },
  "lambda_chi": {
    "true": -0.46047484544924644,
    "median": -0.24652464966223447,
    "ci_lo": -0.4687957101260948,
    "ci_hi": 0.44948732552130505,
    "covered": true,
    "insertion_percentile": 0.06637022397891963
  },
  "chi0": {
    "true": 0.3350903230139075,
    "median": 0.21657124337509176,
    "ci_lo": -0.08697778649046423,
    "ci_hi": 0.3382023916145614,
    "covered": true,
    "insertion_percentile": 0.9374176548089591
  },
  "xi0": {
    "true": 3.741492620145584,
    "median": 3.86622832321228,
    "ci_lo": 3.737947834465036,
    "ci_hi": 4.169976968723042,
    "covered": true,
    "insertion_percentile": 0.06340579710144928
  }
}
Saved KDE posterior plot to /data/wiay/postgrads/shashwat/COMM_DATA/results/CALLIBRATION_S3_L1/bs2048_a0.10_b0.10_ep600_pat40_lr3.0e-04_wd1.0e-04_319402-6/inj_0038/posterior_kde.png
