==========================================
 Stage 3 Layer 1 injection
 model = bs2048_a0.10_b0.10_ep600_pat40_lr3.0e-04_wd1.0e-04_319402-6
 seed  = 26
==========================================
Model: bs2048_a0.10_b0.10_ep600_pat40_lr3.0e-04_wd1.0e-04_319402-6
Injection seed: 26
Output dir: /data/wiay/postgrads/shashwat/COMM_DATA/results/CALLIBRATION_S3_L1/bs2048_a0.10_b0.10_ep600_pat40_lr3.0e-04_wd1.0e-04_319402-6/inj_0026
{
  "kappa": {
    "true": 2.5088346962640324,
    "median": 2.5398278372992156,
    "ci_lo": 2.389448707110211,
    "ci_hi": 2.6997021135475068,
    "covered": true,
    "insertion_percentile": 0.373015873015873
  },
  "mu_xi": {
    "true": 0.023439952394791654,
    "median": 0.044601624106710855,
    "ci_lo": 0.00800612658067081,
    "ci_hi": 0.06574040111557708,
    "covered": true,
    "insertion_percentile": 0.2058531746031746
  },
  "sigma_chi": {
    "true": 0.08718426700577936,
    "median": 0.2380902724754546,
    "ci_lo": 0.07173522195131252,
    "ci_hi": 0.501462459925242,
    "covered": true,
    "insertion_percentile": 0.08804563492063493
  },
  "sigma_xi": {
    "true": 0.29950037135873986,
    "median": 0.21745688964315169,
    "ci_lo": 0.07085976245193988,
    "ci_hi": 0.3470939239456031,
    "covered": true,
    "insertion_percentile": 0.7946428571428571
  },
  "rho": {
    "true": 0.5636073624649925,
    "median": -0.08101213004603881,
    "ci_lo": -0.8370117318068176,
    "ci_hi": 0.7484943129161361,
    "covered": true,
    "insertion_percentile": 0.8702876984126984
  },
  "lambda_chi": {
    "true": 0.048336684584874945,
    "median": -0.1260923847681172,
    "ci_lo": -0.4138952729252924,
    "ci_hi": 0.36411458730176977,
    "covered": true,
    "insertion_percentile": 0.7378472222222222
  },
  "chi0": {
    "true": 0.1343088042786581,
    "median": 0.19468901584196613,
    "ci_lo": 0.001799646030760286,
    "ci_hi": 0.30576721048029476,
    "covered": true,
    "insertion_percentile": 0.2874503968253968
  },
  "xi0": {
    "true": 2.922999789401132,
    "median": 2.85461241268424,
    "ci_lo": 2.7451280228277253,
    "ci_hi": 3.0476162485173672,
    "covered": true,
    "insertion_percentile": 0.7351190476190477
  }
}
Saved KDE posterior plot to /data/wiay/postgrads/shashwat/COMM_DATA/results/CALLIBRATION_S3_L1/bs2048_a0.10_b0.10_ep600_pat40_lr3.0e-04_wd1.0e-04_319402-6/inj_0026/posterior_kde.png
