==========================================
 Stage 3 Layer 1 injection
 model = bs2048_a0.20_b0.20_ep600_pat40_lr3.0e-04_wd1.0e-05_319402-2
 seed  = 23
==========================================
Model: bs2048_a0.20_b0.20_ep600_pat40_lr3.0e-04_wd1.0e-05_319402-2
Injection seed: 23
Output dir: /data/wiay/postgrads/shashwat/COMM_DATA/results/CALLIBRATION_S3_L1/bs2048_a0.20_b0.20_ep600_pat40_lr3.0e-04_wd1.0e-05_319402-2/inj_0023
{
  "kappa": {
    "true": 3.500272095221085,
    "median": 3.389038168329576,
    "ci_lo": 3.193141042628327,
    "ci_hi": 3.603241828265025,
    "covered": true,
    "insertion_percentile": 0.807372175980975
  },
  "mu_xi": {
    "true": 0.06414582208782306,
    "median": 0.04677879901976284,
    "ci_lo": 0.00585028667160562,
    "ci_hi": 0.06579656529365437,
    "covered": true,
    "insertion_percentile": 0.8827586206896552
  },
  "sigma_chi": {
    "true": 0.12075432337469992,
    "median": 0.3398646725675791,
    "ci_lo": 0.10815925830267346,
    "ci_hi": 0.5618558442906526,
    "covered": true,
    "insertion_percentile": 0.06730083234244946
  },
  "sigma_xi": {
    "true": 0.08979781754596527,
    "median": 0.20745446274059415,
    "ci_lo": 0.0700189390769467,
    "ci_hi": 0.35328944829070735,
    "covered": true,
    "insertion_percentile": 0.11486325802615933
  },
  "rho": {
    "true": 0.2760219384022572,
    "median": 0.10904348287514257,
    "ci_lo": -0.7510688954519429,
    "ci_hi": 0.8178305785970037,
    "covered": true,
    "insertion_percentile": 0.5895362663495838
  },
  "lambda_chi": {
    "true": 0.35345710596516067,
    "median": -0.036823663611514276,
    "ci_lo": -0.42098593551112157,
    "ci_hi": 0.44969816616991715,
    "covered": true,
    "insertion_percentile": 0.8428061831153388
  },
  "chi0": {
    "true": -0.2982208655595937,
    "median": -0.17709490232364636,
    "ci_lo": -0.31928110503078627,
    "ci_hi": -0.05913584094581809,
    "covered": true,
    "insertion_percentile": 0.12437574316290131
  },
  "xi0": {
    "true": 3.04504659271434,
    "median": 2.9274342950184957,
    "ci_lo": 2.8113198497201988,
    "ci_hi": 3.0671418654685407,
    "covered": true,
    "insertion_percentile": 0.8656361474435196
  }
}
Saved KDE posterior plot to /data/wiay/postgrads/shashwat/COMM_DATA/results/CALLIBRATION_S3_L1/bs2048_a0.20_b0.20_ep600_pat40_lr3.0e-04_wd1.0e-05_319402-2/inj_0023/posterior_kde.png
