==========================================
 Stage 3 Layer 1 injection
 model = bs2048_a0.20_b0.20_ep600_pat40_lr3.0e-04_wd1.0e-05_319402-2
 seed  = 59
==========================================
Model: bs2048_a0.20_b0.20_ep600_pat40_lr3.0e-04_wd1.0e-05_319402-2
Injection seed: 59
Output dir: /data/wiay/postgrads/shashwat/COMM_DATA/results/CALLIBRATION_S3_L1/bs2048_a0.20_b0.20_ep600_pat40_lr3.0e-04_wd1.0e-05_319402-2/inj_0059
{
  "kappa": {
    "true": 2.9799610774651852,
    "median": 2.9754326505941915,
    "ci_lo": 2.9592111720790744,
    "ci_hi": 2.9922156760601517,
    "covered": true,
    "insertion_percentile": 0.6654916512059369
  },
  "mu_xi": {
    "true": 0.08260661681988353,
    "median": 0.07837419533454801,
    "ci_lo": 0.07421317694073289,
    "ci_hi": 0.08245909730708761,
    "covered": false,
    "insertion_percentile": 0.9551020408163265
  },
  "sigma_chi": {
    "true": 0.11431907913598746,
    "median": 0.0945964535686499,
    "ci_lo": 0.06705886309282559,
    "ci_hi": 0.1542139450999842,
    "covered": true,
    "insertion_percentile": 0.7968460111317254
  },
  "sigma_xi": {
    "true": 0.18210036303649013,
    "median": 0.2037581041915258,
    "ci_lo": 0.18277042061444793,
    "ci_hi": 0.22307557491533772,
    "covered": false,
    "insertion_percentile": 0.045454545454545456
  },
  "rho": {
    "true": -0.5647277697420713,
    "median": -0.20504292119905043,
    "ci_lo": -0.5272205351359179,
    "ci_hi": 0.29397902911361323,
    "covered": false,
    "insertion_percentile": 0.029684601113172542
  },
  "lambda_chi": {
    "true": -0.3397173993137629,
    "median": -0.34454535050560103,
    "ci_lo": -0.42229309287848293,
    "ci_hi": -0.31756311876764026,
    "covered": true,
    "insertion_percentile": 0.5742115027829313
  },
  "chi0": {
    "true": -0.4941804199702964,
    "median": -0.48933920404498094,
    "ci_lo": -0.4990998766385001,
    "ci_hi": -0.4558068110954461,
    "covered": true,
    "insertion_percentile": 0.3014842300556586
  },
  "xi0": {
    "true": 4.9316267348241505,
    "median": 4.928012813383116,
    "ci_lo": 4.896701855208346,
    "ci_hi": 4.9370755692019035,
    "covered": true,
    "insertion_percentile": 0.6636363636363637
  }
}
Saved KDE posterior plot to /data/wiay/postgrads/shashwat/COMM_DATA/results/CALLIBRATION_S3_L1/bs2048_a0.20_b0.20_ep600_pat40_lr3.0e-04_wd1.0e-05_319402-2/inj_0059/posterior_kde.png
