==========================================
 Stage 3 Layer 1 injection
 model = bs2048_a0.10_b0.10_ep600_pat40_lr3.0e-04_wd1.0e-04_319402-6
 seed  = 36
==========================================
Model: bs2048_a0.10_b0.10_ep600_pat40_lr3.0e-04_wd1.0e-04_319402-6
Injection seed: 36
Output dir: /data/wiay/postgrads/shashwat/COMM_DATA/results/CALLIBRATION_S3_L1/bs2048_a0.10_b0.10_ep600_pat40_lr3.0e-04_wd1.0e-04_319402-6/inj_0036
{
  "kappa": {
    "true": 0.9851021469984305,
    "median": 2.1985495938670874,
    "ci_lo": 2.1001527913141183,
    "ci_hi": 2.275479203421336,
    "covered": false,
    "insertion_percentile": 0.0
  },
  "mu_xi": {
    "true": 0.03982367607356684,
    "median": 0.04027767535004591,
    "ci_lo": 0.03054661207358397,
    "ci_hi": 0.045164409497532886,
    "covered": true,
    "insertion_percentile": 0.4520998645248694
  },
  "sigma_chi": {
    "true": 0.5416078219634328,
    "median": 0.10851899596126684,
    "ci_lo": 0.060615103656671346,
    "ci_hi": 0.17509666962785986,
    "covered": false,
    "insertion_percentile": 1.0
  },
  "sigma_xi": {
    "true": 0.19118510263013339,
    "median": 0.1876623746031122,
    "ci_lo": 0.15969576877868982,
    "ci_hi": 0.23377994919832468,
    "covered": true,
    "insertion_percentile": 0.5668666537642733
  },
  "rho": {
    "true": 0.3294083214503488,
    "median": -0.8281348161063903,
    "ci_lo": -0.8938181187519896,
    "ci_hi": -0.6632551867976365,
    "covered": false,
    "insertion_percentile": 1.0
  },
  "lambda_chi": {
    "true": 0.011080915213594666,
    "median": 0.39811333051685005,
    "ci_lo": 0.3611332576002821,
    "ci_hi": 0.4276243520355854,
    "covered": false,
    "insertion_percentile": 0.0
  },
  "chi0": {
    "true": 0.03542655308230502,
    "median": -0.25384421799212764,
    "ci_lo": -0.2714424091256197,
    "ci_hi": -0.23481963114671525,
    "covered": false,
    "insertion_percentile": 1.0
  },
  "xi0": {
    "true": 4.688386142050726,
    "median": 4.975025389618107,
    "ci_lo": 4.955639278155267,
    "ci_hi": 4.993654822563135,
    "covered": false,
    "insertion_percentile": 0.0
  }
}
Saved KDE posterior plot to /data/wiay/postgrads/shashwat/COMM_DATA/results/CALLIBRATION_S3_L1/bs2048_a0.10_b0.10_ep600_pat40_lr3.0e-04_wd1.0e-04_319402-6/inj_0036/posterior_kde.png
