==========================================
 Stage 3 Layer 1 injection
 model = bs2048_a0.10_b0.10_ep600_pat40_lr1.0e-04_wd1.0e-05_319402-5
 seed  = 29
==========================================
Model: bs2048_a0.10_b0.10_ep600_pat40_lr1.0e-04_wd1.0e-05_319402-5
Injection seed: 29
Output dir: /data/wiay/postgrads/shashwat/COMM_DATA/results/CALLIBRATION_S3_L1/bs2048_a0.10_b0.10_ep600_pat40_lr1.0e-04_wd1.0e-05_319402-5/inj_0029
{
  "kappa": {
    "true": 0.3452301547349377,
    "median": 0.3484620507591712,
    "ci_lo": 0.3436617348625742,
    "ci_hi": 0.3552093842665938,
    "covered": true,
    "insertion_percentile": 0.1404941801102716
  },
  "mu_xi": {
    "true": 0.05063222985714494,
    "median": 0.041556861862024744,
    "ci_lo": 0.02048308642741259,
    "ci_hi": 0.054952940609176056,
    "covered": true,
    "insertion_percentile": 0.8329589544619155
  },
  "sigma_chi": {
    "true": 0.3355787162963413,
    "median": 0.318221480707242,
    "ci_lo": 0.25866443262422417,
    "ci_hi": 0.35879101322163115,
    "covered": true,
    "insertion_percentile": 0.7502552583214213
  },
  "sigma_xi": {
    "true": 0.14282112487802387,
    "median": 0.19857050177266786,
    "ci_lo": 0.11040675112676389,
    "ci_hi": 0.2880224850875413,
    "covered": true,
    "insertion_percentile": 0.15458443945272615
  },
  "rho": {
    "true": -0.6674010392666987,
    "median": -0.28507833249922443,
    "ci_lo": -0.8155468322101909,
    "ci_hi": 0.5353437847114416,
    "covered": true,
    "insertion_percentile": 0.17500510516642842
  },
  "lambda_chi": {
    "true": -0.4792689674231341,
    "median": -0.46553625626583645,
    "ci_lo": -0.495684663537027,
    "ci_hi": -0.4062012389319871,
    "covered": true,
    "insertion_percentile": 0.28221360016336533
  },
  "chi0": {
    "true": -0.10617203907634176,
    "median": -0.11763334567184328,
    "ci_lo": -0.27028172212134194,
    "ci_hi": -0.0015153783533482306,
    "covered": true,
    "insertion_percentile": 0.5558505207269757
  },
  "xi0": {
    "true": 3.4505715046914487,
    "median": 3.4613305383310777,
    "ci_lo": 3.345864297417712,
    "ci_hi": 3.6138243721729744,
    "covered": true,
    "insertion_percentile": 0.4461915458443945
  }
}
Saved KDE posterior plot to /data/wiay/postgrads/shashwat/COMM_DATA/results/CALLIBRATION_S3_L1/bs2048_a0.10_b0.10_ep600_pat40_lr1.0e-04_wd1.0e-05_319402-5/inj_0029/posterior_kde.png
