==========================================
 Stage 3 Layer 1 injection
 model = bs2048_a0.10_b0.10_ep600_pat40_lr1.0e-04_wd1.0e-05_319402-5
 seed  = 69
==========================================
Model: bs2048_a0.10_b0.10_ep600_pat40_lr1.0e-04_wd1.0e-05_319402-5
Injection seed: 69
Output dir: /data/wiay/postgrads/shashwat/COMM_DATA/results/CALLIBRATION_S3_L1/bs2048_a0.10_b0.10_ep600_pat40_lr1.0e-04_wd1.0e-05_319402-5/inj_0069
{
  "kappa": {
    "true": 2.943824638556807,
    "median": 2.8367849053842193,
    "ci_lo": 2.7186281266583574,
    "ci_hi": 2.984227710036329,
    "covered": true,
    "insertion_percentile": 0.8846381384342339
  },
  "mu_xi": {
    "true": 0.05268520358194456,
    "median": 0.08740941878816177,
    "ci_lo": 0.0390051627415927,
    "ci_hi": 0.097566608476541,
    "covered": true,
    "insertion_percentile": 0.111812265825281
  },
  "sigma_chi": {
    "true": 0.5257289123328314,
    "median": 0.27218579083440464,
    "ci_lo": 0.0833766612026168,
    "ci_hi": 0.567961952253344,
    "covered": true,
    "insertion_percentile": 0.8877933346479985
  },
  "sigma_xi": {
    "true": 0.30716614448374024,
    "median": 0.15819407035063898,
    "ci_lo": 0.06880852737498686,
    "ci_hi": 0.3491764305165416,
    "covered": true,
    "insertion_percentile": 0.8883849339380793
  },
  "rho": {
    "true": -0.042147287867118854,
    "median": -0.40733247728385324,
    "ci_lo": -0.8352071043945019,
    "ci_hi": 0.5793895535158337,
    "covered": true,
    "insertion_percentile": 0.7420627095247486
  },
  "lambda_chi": {
    "true": 0.31669622862328095,
    "median": 0.16091674361051317,
    "ci_lo": -0.30644492158733855,
    "ci_hi": 0.4634312420526984,
    "covered": true,
    "insertion_percentile": 0.7440347071583514
  },
  "chi0": {
    "true": 0.04463477611557087,
    "median": 0.0816790690155631,
    "ci_lo": -0.016955266673334544,
    "ci_hi": 0.25812527795964735,
    "covered": true,
    "insertion_percentile": 0.32636560836127
  },
  "xi0": {
    "true": 3.5935394115460273,
    "median": 3.5617821936232943,
    "ci_lo": 3.384224644888068,
    "ci_hi": 3.6611310962697905,
    "covered": true,
    "insertion_percentile": 0.6479984224018931
  }
}
Saved KDE posterior plot to /data/wiay/postgrads/shashwat/COMM_DATA/results/CALLIBRATION_S3_L1/bs2048_a0.10_b0.10_ep600_pat40_lr1.0e-04_wd1.0e-05_319402-5/inj_0069/posterior_kde.png
