==========================================
 Stage 3 Layer 1 injection
 model = bs1024_a0.10_b0.10_ep600_pat40_lr3.0e-04_wd1.0e-05_319402-3
 seed  = 4
==========================================
Model: bs1024_a0.10_b0.10_ep600_pat40_lr3.0e-04_wd1.0e-05_319402-3
Injection seed: 4
Output dir: /data/wiay/postgrads/shashwat/COMM_DATA/results/CALLIBRATION_S3_L1/bs1024_a0.10_b0.10_ep600_pat40_lr3.0e-04_wd1.0e-05_319402-3/inj_0004
{
  "kappa": {
    "true": 4.720974917304601,
    "median": 4.51873173390473,
    "ci_lo": 4.283919639245932,
    "ci_hi": 4.768334582080183,
    "covered": true,
    "insertion_percentile": 0.9124932687129779
  },
  "mu_xi": {
    "true": 0.05113275528143616,
    "median": 0.03680782674298215,
    "ci_lo": 0.0046958191090871225,
    "ci_hi": 0.052380895716680406,
    "covered": true,
    "insertion_percentile": 0.8745288099084545
  },
  "sigma_chi": {
    "true": 0.5869340381392373,
    "median": 0.3354151811023392,
    "ci_lo": 0.08330654134081805,
    "ci_hi": 0.5567057162524691,
    "covered": false,
    "insertion_percentile": 0.9851911685514271
  },
  "sigma_xi": {
    "true": 0.07829260836346078,
    "median": 0.18714116165441327,
    "ci_lo": 0.06275654224583348,
    "ci_hi": 0.31479145316848706,
    "covered": true,
    "insertion_percentile": 0.12116316639741519
  },
  "rho": {
    "true": 0.19324049759105344,
    "median": -0.054294952673073854,
    "ci_lo": -0.8013389758233149,
    "ci_hi": 0.7771668806498824,
    "covered": true,
    "insertion_percentile": 0.628163704900377
  },
  "lambda_chi": {
    "true": -0.12351341562272744,
    "median": 0.02052004266609677,
    "ci_lo": -0.4417057415140681,
    "ci_hi": 0.4546213867988661,
    "covered": true,
    "insertion_percentile": 0.3602584814216478
  },
  "chi0": {
    "true": 0.30190120698580725,
    "median": 0.2513649697434198,
    "ci_lo": 0.15264077943097454,
    "ci_hi": 0.3547898401779138,
    "covered": true,
    "insertion_percentile": 0.7234787291330103
  },
  "xi0": {
    "true": 2.936319540360071,
    "median": 2.9797320431762255,
    "ci_lo": 2.877379845537797,
    "ci_hi": 3.077322044343531,
    "covered": true,
    "insertion_percentile": 0.30990845449649973
  }
}
Saved KDE posterior plot to /data/wiay/postgrads/shashwat/COMM_DATA/results/CALLIBRATION_S3_L1/bs1024_a0.10_b0.10_ep600_pat40_lr3.0e-04_wd1.0e-05_319402-3/inj_0004/posterior_kde.png
