==========================================
 Stage 3 Layer 1 injection
 model = bs2048_a0.10_b0.10_ep600_pat40_lr3.0e-04_wd1.0e-04_319402-6
 seed  = 12
==========================================
Model: bs2048_a0.10_b0.10_ep600_pat40_lr3.0e-04_wd1.0e-04_319402-6
Injection seed: 12
Output dir: /data/wiay/postgrads/shashwat/COMM_DATA/results/CALLIBRATION_S3_L1/bs2048_a0.10_b0.10_ep600_pat40_lr3.0e-04_wd1.0e-04_319402-6/inj_0012
{
  "kappa": {
    "true": 1.329039844731386,
    "median": 1.4215166940101158,
    "ci_lo": 0.95760165933142,
    "ci_hi": 1.8257147023211289,
    "covered": true,
    "insertion_percentile": 0.3784722222222222
  },
  "mu_xi": {
    "true": 0.09467529428594246,
    "median": 0.07948941113454736,
    "ci_lo": 0.033141411897615235,
    "ci_hi": 0.09663571050618153,
    "covered": true,
    "insertion_percentile": 0.90625
  },
  "sigma_chi": {
    "true": 0.1541262114968687,
    "median": 0.23178150297740113,
    "ci_lo": 0.0715822697685712,
    "ci_hi": 0.35462587127979583,
    "covered": true,
    "insertion_percentile": 0.26537698412698413
  },
  "sigma_xi": {
    "true": 0.11275199364633766,
    "median": 0.20773706951643606,
    "ci_lo": 0.09447807082490556,
    "ci_hi": 0.36840282275476866,
    "covered": true,
    "insertion_percentile": 0.0920138888888889
  },
  "rho": {
    "true": -0.27019936692727653,
    "median": 0.11467455368933929,
    "ci_lo": -0.765851387601473,
    "ci_hi": 0.8100590563363549,
    "covered": true,
    "insertion_percentile": 0.27802579365079366
  },
  "lambda_chi": {
    "true": -0.26945875341009407,
    "median": 0.047814193878127104,
    "ci_lo": -0.4312028686390594,
    "ci_hi": 0.43400369764068913,
    "covered": true,
    "insertion_percentile": 0.17410714285714285
  },
  "chi0": {
    "true": 0.17044574277278468,
    "median": -0.05729622784524589,
    "ci_lo": -0.3416680110232389,
    "ci_hi": 0.27335248047783967,
    "covered": true,
    "insertion_percentile": 0.8368055555555556
  },
  "xi0": {
    "true": 2.7876984553086186,
    "median": 3.013266584580385,
    "ci_lo": 2.6831094088488867,
    "ci_hi": 3.2972010733351573,
    "covered": true,
    "insertion_percentile": 0.1671626984126984
  }
}
Saved KDE posterior plot to /data/wiay/postgrads/shashwat/COMM_DATA/results/CALLIBRATION_S3_L1/bs2048_a0.10_b0.10_ep600_pat40_lr3.0e-04_wd1.0e-04_319402-6/inj_0012/posterior_kde.png
