==========================================
 Stage 3 Layer 1 injection
 model = bs1024_a0.10_b0.10_ep600_pat40_lr3.0e-04_wd1.0e-05_319402-3
 seed  = 45
==========================================
Model: bs1024_a0.10_b0.10_ep600_pat40_lr3.0e-04_wd1.0e-05_319402-3
Injection seed: 45
Output dir: /data/wiay/postgrads/shashwat/COMM_DATA/results/CALLIBRATION_S3_L1/bs1024_a0.10_b0.10_ep600_pat40_lr3.0e-04_wd1.0e-05_319402-3/inj_0045
{
  "kappa": {
    "true": 2.908340219042778,
    "median": 2.890419380907224,
    "ci_lo": 2.857144759094209,
    "ci_hi": 2.9311367311880403,
    "covered": true,
    "insertion_percentile": 0.7766323024054983
  },
  "mu_xi": {
    "true": 0.05284911451702028,
    "median": 0.06969846080953476,
    "ci_lo": 0.03579221113375985,
    "ci_hi": 0.09489064654321588,
    "covered": true,
    "insertion_percentile": 0.23956799214531174
  },
  "sigma_chi": {
    "true": 0.47000763189105926,
    "median": 0.33977927502082783,
    "ci_lo": 0.11425461528072942,
    "ci_hi": 0.5621961833440311,
    "covered": true,
    "insertion_percentile": 0.7938144329896907
  },
  "sigma_xi": {
    "true": 0.3340924684533625,
    "median": 0.2791744542098741,
    "ci_lo": 0.16598890725029114,
    "ci_hi": 0.38188085459326704,
    "covered": true,
    "insertion_percentile": 0.7606774668630338
  },
  "rho": {
    "true": 0.018411939361302698,
    "median": -0.03320006088648529,
    "ci_lo": -0.7361077630414107,
    "ci_hi": 0.6887950990077896,
    "covered": true,
    "insertion_percentile": 0.541728031418753
  },
  "lambda_chi": {
    "true": 0.27933967239778745,
    "median": 0.23322917132263404,
    "ci_lo": -0.13386378225014217,
    "ci_hi": 0.47498402088318675,
    "covered": true,
    "insertion_percentile": 0.5790378006872853
  },
  "chi0": {
    "true": 0.2961133044600447,
    "median": 0.30620544795602855,
    "ci_lo": 0.21403771765216242,
    "ci_hi": 0.4363484300263465,
    "covered": true,
    "insertion_percentile": 0.44992636229749633
  },
  "xi0": {
    "true": 3.9868875108521693,
    "median": 3.978649710902898,
    "ci_lo": 3.847266474459544,
    "ci_hi": 4.071756504251424,
    "covered": true,
    "insertion_percentile": 0.5407461953853706
  }
}
Saved KDE posterior plot to /data/wiay/postgrads/shashwat/COMM_DATA/results/CALLIBRATION_S3_L1/bs1024_a0.10_b0.10_ep600_pat40_lr3.0e-04_wd1.0e-05_319402-3/inj_0045/posterior_kde.png
