==========================================
 Stage 3 Layer 1 injection
 model = bs2048_a0.20_b0.20_ep600_pat40_lr3.0e-04_wd1.0e-05_319402-2
 seed  = 54
==========================================
Model: bs2048_a0.20_b0.20_ep600_pat40_lr3.0e-04_wd1.0e-05_319402-2
Injection seed: 54
Output dir: /data/wiay/postgrads/shashwat/COMM_DATA/results/CALLIBRATION_S3_L1/bs2048_a0.20_b0.20_ep600_pat40_lr3.0e-04_wd1.0e-05_319402-2/inj_0054
{
  "kappa": {
    "true": 1.1900125688922862,
    "median": 1.2116709341546286,
    "ci_lo": 1.134043529770195,
    "ci_hi": 1.3395871050177692,
    "covered": true,
    "insertion_percentile": 0.36644261886980334
  },
  "mu_xi": {
    "true": 0.051857997088295374,
    "median": 0.06187175702376373,
    "ci_lo": 0.014371117744634976,
    "ci_hi": 0.08152356713103939,
    "covered": true,
    "insertion_percentile": 0.37565347274085137
  },
  "sigma_chi": {
    "true": 0.09380968457052531,
    "median": 0.2749560576619837,
    "ci_lo": 0.07770799018304635,
    "ci_hi": 0.5006888121893349,
    "covered": true,
    "insertion_percentile": 0.08065720687079911
  },
  "sigma_xi": {
    "true": 0.2521038984178377,
    "median": 0.20953076311438693,
    "ci_lo": 0.06716693786506792,
    "ci_hi": 0.37259296898958166,
    "covered": true,
    "insertion_percentile": 0.6226039332835449
  },
  "rho": {
    "true": -0.7449833012728078,
    "median": 0.0719690527491822,
    "ci_lo": -0.7758887284812291,
    "ci_hi": 0.8211419203704939,
    "covered": true,
    "insertion_percentile": 0.06497386109036594
  },
  "lambda_chi": {
    "true": -0.044710522607395164,
    "median": 0.03330884241400473,
    "ci_lo": -0.3317947769099132,
    "ci_hi": 0.42464443727802365,
    "covered": true,
    "insertion_percentile": 0.3873537465770476
  },
  "chi0": {
    "true": 0.16768663174068554,
    "median": 0.13464836851100684,
    "ci_lo": -0.200791652340658,
    "ci_hi": 0.42671043978658585,
    "covered": true,
    "insertion_percentile": 0.557630072193179
  },
  "xi0": {
    "true": 2.8214294995357885,
    "median": 2.850595228398827,
    "ci_lo": 2.5571170335900453,
    "ci_hi": 3.185675272109889,
    "covered": true,
    "insertion_percentile": 0.4483445357231765
  }
}
Saved KDE posterior plot to /data/wiay/postgrads/shashwat/COMM_DATA/results/CALLIBRATION_S3_L1/bs2048_a0.20_b0.20_ep600_pat40_lr3.0e-04_wd1.0e-05_319402-2/inj_0054/posterior_kde.png
