==========================================
 Stage 3 Layer 1 injection
 model = bs4096_a0.10_b0.10_ep600_pat40_lr3.0e-04_wd1.0e-05_319402-4
 seed  = 26
==========================================
Model: bs4096_a0.10_b0.10_ep600_pat40_lr3.0e-04_wd1.0e-05_319402-4
Injection seed: 26
Output dir: /data/wiay/postgrads/shashwat/COMM_DATA/results/CALLIBRATION_S3_L1/bs4096_a0.10_b0.10_ep600_pat40_lr3.0e-04_wd1.0e-05_319402-4/inj_0026
{
  "kappa": {
    "true": 2.5088346962640324,
    "median": 2.4060308228334906,
    "ci_lo": 2.265455055024341,
    "ci_hi": 2.5610038052011714,
    "covered": true,
    "insertion_percentile": 0.8616636528028933
  },
  "mu_xi": {
    "true": 0.023439952394791654,
    "median": 0.04436492123909855,
    "ci_lo": 0.00745560257673304,
    "ci_hi": 0.06544285354900756,
    "covered": true,
    "insertion_percentile": 0.2115732368896926
  },
  "sigma_chi": {
    "true": 0.08718426700577936,
    "median": 0.21287447393156034,
    "ci_lo": 0.06638862945853082,
    "ci_hi": 0.4938259735556367,
    "covered": true,
    "insertion_percentile": 0.12070524412296564
  },
  "sigma_xi": {
    "true": 0.29950037135873986,
    "median": 0.21917161824004075,
    "ci_lo": 0.07631761197877253,
    "ci_hi": 0.34937221512349387,
    "covered": true,
    "insertion_percentile": 0.7872965641952984
  },
  "rho": {
    "true": 0.5636073624649925,
    "median": 0.12094955593403611,
    "ci_lo": -0.8276269229300367,
    "ci_hi": 0.8233970681162146,
    "covered": true,
    "insertion_percentile": 0.7477396021699819
  },
  "lambda_chi": {
    "true": 0.048336684584874945,
    "median": -0.09603809757722387,
    "ci_lo": -0.4464503006838377,
    "ci_hi": 0.43561904178235744,
    "covered": true,
    "insertion_percentile": 0.5969710669077758
  },
  "chi0": {
    "true": 0.1343088042786581,
    "median": 0.18695073093594144,
    "ci_lo": -0.04085870721113122,
    "ci_hi": 0.32918708590126067,
    "covered": true,
    "insertion_percentile": 0.40687160940325495
  },
  "xi0": {
    "true": 2.922999789401132,
    "median": 2.8601152759435085,
    "ci_lo": 2.716753076811477,
    "ci_hi": 3.0861136875399593,
    "covered": true,
    "insertion_percentile": 0.6091772151898734
  }
}
Saved KDE posterior plot to /data/wiay/postgrads/shashwat/COMM_DATA/results/CALLIBRATION_S3_L1/bs4096_a0.10_b0.10_ep600_pat40_lr3.0e-04_wd1.0e-05_319402-4/inj_0026/posterior_kde.png
