==========================================
 Stage 3 Layer 1 injection
 model = bs2048_a0.05_b0.05_ep600_pat40_lr3.0e-04_wd1.0e-05_319402-1
 seed  = 1
==========================================
Model: bs2048_a0.05_b0.05_ep600_pat40_lr3.0e-04_wd1.0e-05_319402-1
Injection seed: 1
Output dir: /data/wiay/postgrads/shashwat/COMM_DATA/results/CALLIBRATION_S3_L1/bs2048_a0.05_b0.05_ep600_pat40_lr3.0e-04_wd1.0e-05_319402-1/inj_0001
{
  "kappa": {
    "true": 2.6079259610312584,
    "median": 2.6059735227519463,
    "ci_lo": 2.571797310014523,
    "ci_hi": 2.6463590004501194,
    "covered": true,
    "insertion_percentile": 0.5314505776636713
  },
  "mu_xi": {
    "true": 0.09504636963259354,
    "median": 0.09431727754004231,
    "ci_lo": 0.0887168323683208,
    "ci_hi": 0.09940538943199857,
    "covered": true,
    "insertion_percentile": 0.5609756097560976
  },
  "sigma_chi": {
    "true": 0.12928778699579854,
    "median": 0.15434263497853307,
    "ci_lo": 0.062313660375032956,
    "ci_hi": 0.31748912203636453,
    "covered": true,
    "insertion_percentile": 0.3761232349165597
  },
  "sigma_xi": {
    "true": 0.38202730649803535,
    "median": 0.38393902329573626,
    "ci_lo": 0.37041787299663353,
    "ci_hi": 0.3982478195515744,
    "covered": true,
    "insertion_percentile": 0.4411638853230638
  },
  "rho": {
    "true": -0.3387033863811262,
    "median": 0.07667574299421781,
    "ci_lo": -0.47931981288625775,
    "ci_hi": 0.6259398840167791,
    "covered": true,
    "insertion_percentile": 0.11681643132220795
  },
  "lambda_chi": {
    "true": -0.07667355102742435,
    "median": -0.09485466037025964,
    "ci_lo": -0.30531844135013675,
    "ci_hi": 0.05632464461804101,
    "covered": true,
    "insertion_percentile": 0.5883611467693625
  },
  "chi0": {
    "true": 0.32770259382044176,
    "median": 0.3426434284484605,
    "ci_lo": 0.2890956664153029,
    "ci_hi": 0.4360337437477381,
    "covered": true,
    "insertion_percentile": 0.3204963628583654
  },
  "xi0": {
    "true": 3.522997840922903,
    "median": 3.508006242184836,
    "ci_lo": 3.411274848212005,
    "ci_hi": 3.5628554891378013,
    "covered": true,
    "insertion_percentile": 0.6780059905862217
  }
}
Saved KDE posterior plot to /data/wiay/postgrads/shashwat/COMM_DATA/results/CALLIBRATION_S3_L1/bs2048_a0.05_b0.05_ep600_pat40_lr3.0e-04_wd1.0e-05_319402-1/inj_0001/posterior_kde.png
