==========================================
 Stage 3 Layer 1 injection
 model = bs2048_a0.10_b0.10_ep600_pat40_lr3.0e-04_wd1.0e-04_319402-6
 seed  = 19
==========================================
Model: bs2048_a0.10_b0.10_ep600_pat40_lr3.0e-04_wd1.0e-04_319402-6
Injection seed: 19
Output dir: /data/wiay/postgrads/shashwat/COMM_DATA/results/CALLIBRATION_S3_L1/bs2048_a0.10_b0.10_ep600_pat40_lr3.0e-04_wd1.0e-04_319402-6/inj_0019
{
  "kappa": {
    "true": 2.1598560990733784,
    "median": 2.177380183405193,
    "ci_lo": 2.133860614290884,
    "ci_hi": 2.228874332768665,
    "covered": true,
    "insertion_percentile": 0.29691063653327804
  },
  "mu_xi": {
    "true": 0.09258693448167038,
    "median": 0.08831690785115259,
    "ci_lo": 0.047616557450758504,
    "ci_hi": 0.09344655474569978,
    "covered": true,
    "insertion_percentile": 0.8403483309143687
  },
  "sigma_chi": {
    "true": 0.20062849334405514,
    "median": 0.3992032200605996,
    "ci_lo": 0.06905461948733287,
    "ci_hi": 0.5777748995032911,
    "covered": true,
    "insertion_percentile": 0.2993987144930541
  },
  "sigma_xi": {
    "true": 0.07101701144288433,
    "median": 0.11616015035916706,
    "ci_lo": 0.057899860021343404,
    "ci_hi": 0.3085280942908868,
    "covered": true,
    "insertion_percentile": 0.16421314534522083
  },
  "rho": {
    "true": -0.3410217750363985,
    "median": 0.20414506809035743,
    "ci_lo": -0.7271407702416331,
    "ci_hi": 0.8381086036267539,
    "covered": true,
    "insertion_percentile": 0.23014721127928675
  },
  "lambda_chi": {
    "true": 0.218185257872077,
    "median": 0.24740556844249617,
    "ci_lo": -0.11211959156270736,
    "ci_hi": 0.4666648528916987,
    "covered": true,
    "insertion_percentile": 0.4540742276591333
  },
  "chi0": {
    "true": 0.2809655817681831,
    "median": 0.2891324525778923,
    "ci_lo": 0.16667019531466445,
    "ci_hi": 0.44491629355554807,
    "covered": true,
    "insertion_percentile": 0.4623678208583869
  },
  "xi0": {
    "true": 3.846749590198982,
    "median": 3.8343000828105547,
    "ci_lo": 3.676454376706577,
    "ci_hi": 3.957914438455005,
    "covered": true,
    "insertion_percentile": 0.5511092680904002
  }
}
Saved KDE posterior plot to /data/wiay/postgrads/shashwat/COMM_DATA/results/CALLIBRATION_S3_L1/bs2048_a0.10_b0.10_ep600_pat40_lr3.0e-04_wd1.0e-04_319402-6/inj_0019/posterior_kde.png
