==========================================
 Stage 3 Layer 1 injection
 model = bs4096_a0.10_b0.10_ep600_pat40_lr3.0e-04_wd1.0e-05_319402-4
 seed  = 64
==========================================
Model: bs4096_a0.10_b0.10_ep600_pat40_lr3.0e-04_wd1.0e-05_319402-4
Injection seed: 64
Output dir: /data/wiay/postgrads/shashwat/COMM_DATA/results/CALLIBRATION_S3_L1/bs4096_a0.10_b0.10_ep600_pat40_lr3.0e-04_wd1.0e-05_319402-4/inj_0064
{
  "kappa": {
    "true": 4.7231179184279775,
    "median": 4.741353171912742,
    "ci_lo": 4.662184638023434,
    "ci_hi": 4.8604582834694545,
    "covered": true,
    "insertion_percentile": 0.38054034963800104
  },
  "mu_xi": {
    "true": 0.05233396291407427,
    "median": 0.054663144651954654,
    "ci_lo": 0.037954623649643034,
    "ci_hi": 0.0637831287889241,
    "covered": true,
    "insertion_percentile": 0.4142680558008123
  },
  "sigma_chi": {
    "true": 0.0861410155859742,
    "median": 0.18132889385930498,
    "ci_lo": 0.1002287148880833,
    "ci_hi": 0.4140473989010875,
    "covered": false,
    "insertion_percentile": 0.01801165460003532
  },
  "sigma_xi": {
    "true": 0.16149557235465212,
    "median": 0.14657731047867578,
    "ci_lo": 0.058458435343365645,
    "ci_hi": 0.23463102042483464,
    "covered": true,
    "insertion_percentile": 0.584319265407028
  },
  "rho": {
    "true": 0.6451513712203566,
    "median": 0.6342541242033909,
    "ci_lo": -0.22513945571672273,
    "ci_hi": 0.8686571276174619,
    "covered": true,
    "insertion_percentile": 0.5188062864206251
  },
  "lambda_chi": {
    "true": -0.4154412979443316,
    "median": -0.21786688646404462,
    "ci_lo": -0.3838165306193745,
    "ci_hi": 0.1304308832897508,
    "covered": false,
    "insertion_percentile": 0.01430337277061628
  },
  "chi0": {
    "true": 0.48536525002403685,
    "median": 0.44633244653237186,
    "ci_lo": 0.38093415746945897,
    "ci_hi": 0.4820916936035529,
    "covered": false,
    "insertion_percentile": 0.9706869150626877
  },
  "xi0": {
    "true": 4.063453629352292,
    "median": 4.10185394664774,
    "ci_lo": 4.067990401545841,
    "ci_hi": 4.174979710341026,
    "covered": false,
    "insertion_percentile": 0.020130672788274767
  }
}
Saved KDE posterior plot to /data/wiay/postgrads/shashwat/COMM_DATA/results/CALLIBRATION_S3_L1/bs4096_a0.10_b0.10_ep600_pat40_lr3.0e-04_wd1.0e-05_319402-4/inj_0064/posterior_kde.png
