==========================================
 Stage 3 Layer 1 injection
 model = bs2048_a0.20_b0.20_ep600_pat40_lr3.0e-04_wd1.0e-05_319402-2
 seed  = 17
==========================================
Model: bs2048_a0.20_b0.20_ep600_pat40_lr3.0e-04_wd1.0e-05_319402-2
Injection seed: 17
Output dir: /data/wiay/postgrads/shashwat/COMM_DATA/results/CALLIBRATION_S3_L1/bs2048_a0.20_b0.20_ep600_pat40_lr3.0e-04_wd1.0e-05_319402-2/inj_0017
{
  "kappa": {
    "true": 4.240866484709717,
    "median": 4.189672873104619,
    "ci_lo": 3.946974322527487,
    "ci_hi": 4.44866551647553,
    "covered": true,
    "insertion_percentile": 0.6260069044879172
  },
  "mu_xi": {
    "true": 0.016097309116910697,
    "median": 0.025386484010915814,
    "ci_lo": 0.008489040567355489,
    "ci_hi": 0.030403570472312375,
    "covered": true,
    "insertion_percentile": 0.16271576524741083
  },
  "sigma_chi": {
    "true": 0.35675950105113063,
    "median": 0.25475990573526414,
    "ci_lo": 0.08571772036732528,
    "ci_hi": 0.5009026595017836,
    "covered": true,
    "insertion_percentile": 0.7475258918296893
  },
  "sigma_xi": {
    "true": 0.17882797958249497,
    "median": 0.11591754274239367,
    "ci_lo": 0.058317760754286706,
    "ci_hi": 0.21743001316637559,
    "covered": true,
    "insertion_percentile": 0.8365937859608745
  },
  "rho": {
    "true": -0.5131044655888168,
    "median": -0.3029566538158658,
    "ci_lo": -0.8087224587676533,
    "ci_hi": 0.4485276789533403,
    "covered": true,
    "insertion_percentile": 0.30057537399309553
  },
  "lambda_chi": {
    "true": -0.11417596241080152,
    "median": -0.09916500152216173,
    "ci_lo": -0.36954935748685386,
    "ci_hi": 0.22696307529129603,
    "covered": true,
    "insertion_percentile": 0.4681242807825086
  },
  "chi0": {
    "true": -0.07183550090639157,
    "median": -0.06868896193271694,
    "ci_lo": -0.1459651347041705,
    "ci_hi": 0.004066093080902145,
    "covered": true,
    "insertion_percentile": 0.47779056386651325
  },
  "xi0": {
    "true": 4.028357771247451,
    "median": 4.028952706890549,
    "ci_lo": 3.956280131576023,
    "ci_hi": 4.10630788703567,
    "covered": true,
    "insertion_percentile": 0.4957422324510932
  }
}
Saved KDE posterior plot to /data/wiay/postgrads/shashwat/COMM_DATA/results/CALLIBRATION_S3_L1/bs2048_a0.20_b0.20_ep600_pat40_lr3.0e-04_wd1.0e-05_319402-2/inj_0017/posterior_kde.png
