==========================================
 Stage 3 Layer 1 injection
 model = bs2048_a0.10_b0.10_ep600_pat40_lr3.0e-04_wd1.0e-04_319402-6
 seed  = 47
==========================================
Model: bs2048_a0.10_b0.10_ep600_pat40_lr3.0e-04_wd1.0e-04_319402-6
Injection seed: 47
Output dir: /data/wiay/postgrads/shashwat/COMM_DATA/results/CALLIBRATION_S3_L1/bs2048_a0.10_b0.10_ep600_pat40_lr3.0e-04_wd1.0e-04_319402-6/inj_0047
{
  "kappa": {
    "true": 3.7348297737485474,
    "median": 3.722743751103046,
    "ci_lo": 3.6957588488066406,
    "ci_hi": 3.756803948060913,
    "covered": true,
    "insertion_percentile": 0.7243322203672788
  },
  "mu_xi": {
    "true": 0.07536688171196079,
    "median": 0.07581890455083756,
    "ci_lo": 0.07181928209153542,
    "ci_hi": 0.07762953430693421,
    "covered": true,
    "insertion_percentile": 0.3921118530884808
  },
  "sigma_chi": {
    "true": 0.30584929602621586,
    "median": 0.3026915131608164,
    "ci_lo": 0.1558381235730882,
    "ci_hi": 0.3971808058431684,
    "covered": true,
    "insertion_percentile": 0.5171118530884808
  },
  "sigma_xi": {
    "true": 0.0863037603767622,
    "median": 0.08076710810999632,
    "ci_lo": 0.05408643726626713,
    "ci_hi": 0.12041854574188891,
    "covered": true,
    "insertion_percentile": 0.6087228714524207
  },
  "rho": {
    "true": 0.8403333296863206,
    "median": 0.6345361118530779,
    "ci_lo": 0.018578884559229545,
    "ci_hi": 0.8699760914652795,
    "covered": true,
    "insertion_percentile": 0.8958681135225376
  },
  "lambda_chi": {
    "true": -0.17924967912071899,
    "median": -0.13032176801303447,
    "ci_lo": -0.35061524267821054,
    "ci_hi": 0.10073116542572386,
    "covered": true,
    "insertion_percentile": 0.38647746243739567
  },
  "chi0": {
    "true": -0.2996684487815737,
    "median": -0.3135794901115513,
    "ci_lo": -0.3740371636784528,
    "ci_hi": -0.25618043056739087,
    "covered": true,
    "insertion_percentile": 0.6239565943238731
  },
  "xi0": {
    "true": 4.644397972982736,
    "median": 4.659328193155931,
    "ci_lo": 4.6003992564423575,
    "ci_hi": 4.721173953844714,
    "covered": true,
    "insertion_percentile": 0.3670701168614357
  }
}
Saved KDE posterior plot to /data/wiay/postgrads/shashwat/COMM_DATA/results/CALLIBRATION_S3_L1/bs2048_a0.10_b0.10_ep600_pat40_lr3.0e-04_wd1.0e-04_319402-6/inj_0047/posterior_kde.png
