==========================================
 Stage 3 Layer 1 injection
 model = bs2048_a0.20_b0.20_ep600_pat40_lr3.0e-04_wd1.0e-05_319402-2
 seed  = 66
==========================================
Model: bs2048_a0.20_b0.20_ep600_pat40_lr3.0e-04_wd1.0e-05_319402-2
Injection seed: 66
Output dir: /data/wiay/postgrads/shashwat/COMM_DATA/results/CALLIBRATION_S3_L1/bs2048_a0.20_b0.20_ep600_pat40_lr3.0e-04_wd1.0e-05_319402-2/inj_0066
{
  "kappa": {
    "true": 4.626296001886064,
    "median": 4.5550957922545035,
    "ci_lo": 4.424035555096715,
    "ci_hi": 4.68901780422795,
    "covered": true,
    "insertion_percentile": 0.811968016507609
  },
  "mu_xi": {
    "true": 0.06928181311243269,
    "median": 0.06829646576120395,
    "ci_lo": 0.03533282703394421,
    "ci_hi": 0.09564890772781968,
    "covered": true,
    "insertion_percentile": 0.514573123549136
  },
  "sigma_chi": {
    "true": 0.09011412692610535,
    "median": 0.3387301594680943,
    "ci_lo": 0.11066315954540783,
    "ci_hi": 0.5585724056611785,
    "covered": false,
    "insertion_percentile": 0.026566933195769925
  },
  "sigma_xi": {
    "true": 0.26848883190093303,
    "median": 0.2722418532514216,
    "ci_lo": 0.1394339609505785,
    "ci_hi": 0.3742123411974098,
    "covered": true,
    "insertion_percentile": 0.4841372194996131
  },
  "rho": {
    "true": -0.04946562562045875,
    "median": 0.02514894084381858,
    "ci_lo": -0.7861174301838033,
    "ci_hi": 0.7791837543977,
    "covered": true,
    "insertion_percentile": 0.4567964921330926
  },
  "lambda_chi": {
    "true": 0.34901875558228723,
    "median": -0.07000875033295717,
    "ci_lo": -0.41270708924767135,
    "ci_hi": 0.3992348062029418,
    "covered": true,
    "insertion_percentile": 0.9094660820221822
  },
  "chi0": {
    "true": -0.39717173398926076,
    "median": -0.2946089796057993,
    "ci_lo": -0.39945418874959626,
    "ci_hi": -0.21655344539692048,
    "covered": true,
    "insertion_percentile": 0.05751870002579314
  },
  "xi0": {
    "true": 3.5938122058428155,
    "median": 3.4957394266172477,
    "ci_lo": 3.419886293445953,
    "ci_hi": 3.598781623871884,
    "covered": true,
    "insertion_percentile": 0.9344854268764509
  }
}
Saved KDE posterior plot to /data/wiay/postgrads/shashwat/COMM_DATA/results/CALLIBRATION_S3_L1/bs2048_a0.20_b0.20_ep600_pat40_lr3.0e-04_wd1.0e-05_319402-2/inj_0066/posterior_kde.png
