==========================================
 Stage 3 Layer 1 injection
 model = bs2048_a0.10_b0.10_ep600_pat40_lr3.0e-04_wd1.0e-05_319402-0
 seed  = 1
==========================================
Model: bs2048_a0.10_b0.10_ep600_pat40_lr3.0e-04_wd1.0e-05_319402-0
Injection seed: 1
Output dir: /data/wiay/postgrads/shashwat/COMM_DATA/results/CALLIBRATION_S3_L1/bs2048_a0.10_b0.10_ep600_pat40_lr3.0e-04_wd1.0e-05_319402-0/inj_0001
{
  "kappa": {
    "true": 2.6079259610312584,
    "median": 2.610335550038887,
    "ci_lo": 2.5740948620059876,
    "ci_hi": 2.6501498004174393,
    "covered": true,
    "insertion_percentile": 0.46119402985074626
  },
  "mu_xi": {
    "true": 0.09504636963259354,
    "median": 0.09518727610235314,
    "ci_lo": 0.08908888965476168,
    "ci_hi": 0.09956694591369994,
    "covered": true,
    "insertion_percentile": 0.48830845771144277
  },
  "sigma_chi": {
    "true": 0.12928778699579854,
    "median": 0.26234344080373123,
    "ci_lo": 0.09705531919838604,
    "ci_hi": 0.4603728681453548,
    "covered": true,
    "insertion_percentile": 0.11044776119402985
  },
  "sigma_xi": {
    "true": 0.38202730649803535,
    "median": 0.38170837367906224,
    "ci_lo": 0.3700016464831395,
    "ci_hi": 0.397378149548046,
    "covered": true,
    "insertion_percentile": 0.5101990049751244
  },
  "rho": {
    "true": -0.3387033863811262,
    "median": -0.007509231221724864,
    "ci_lo": -0.6448612371976276,
    "ci_hi": 0.6292012841271329,
    "covered": true,
    "insertion_percentile": 0.20621890547263683
  },
  "lambda_chi": {
    "true": -0.07667355102742435,
    "median": 0.0005737799962578401,
    "ci_lo": -0.37150681980417727,
    "ci_hi": 0.26818366129715215,
    "covered": true,
    "insertion_percentile": 0.32935323383084575
  },
  "chi0": {
    "true": 0.32770259382044176,
    "median": 0.3050863307642544,
    "ci_lo": 0.20388073618322616,
    "ci_hi": 0.4531893259723834,
    "covered": true,
    "insertion_percentile": 0.6276119402985074
  },
  "xi0": {
    "true": 3.522997840922903,
    "median": 3.5435260150625636,
    "ci_lo": 3.390372976514159,
    "ci_hi": 3.642785374659775,
    "covered": true,
    "insertion_percentile": 0.3843283582089552
  }
}
Saved KDE posterior plot to /data/wiay/postgrads/shashwat/COMM_DATA/results/CALLIBRATION_S3_L1/bs2048_a0.10_b0.10_ep600_pat40_lr3.0e-04_wd1.0e-05_319402-0/inj_0001/posterior_kde.png
