==========================================
 Stage 3 Layer 1 injection
 model = bs2048_a0.10_b0.10_ep600_pat40_lr3.0e-04_wd1.0e-05_319402-0
 seed  = 66
==========================================
Model: bs2048_a0.10_b0.10_ep600_pat40_lr3.0e-04_wd1.0e-05_319402-0
Injection seed: 66
Output dir: /data/wiay/postgrads/shashwat/COMM_DATA/results/CALLIBRATION_S3_L1/bs2048_a0.10_b0.10_ep600_pat40_lr3.0e-04_wd1.0e-05_319402-0/inj_0066
{
  "kappa": {
    "true": 4.626296001886064,
    "median": 4.637515143190955,
    "ci_lo": 4.497920867555318,
    "ci_hi": 4.776603246822821,
    "covered": true,
    "insertion_percentile": 0.45500848896434637
  },
  "mu_xi": {
    "true": 0.06928181311243269,
    "median": 0.07629000605570557,
    "ci_lo": 0.0585774032955193,
    "ci_hi": 0.08990327075313552,
    "covered": true,
    "insertion_percentile": 0.25318336162988114
  },
  "sigma_chi": {
    "true": 0.09011412692610535,
    "median": 0.2421429402945583,
    "ci_lo": 0.07345702681749779,
    "ci_hi": 0.5073248599081259,
    "covered": true,
    "insertion_percentile": 0.09019524617996605
  },
  "sigma_xi": {
    "true": 0.26848883190093303,
    "median": 0.241525386021538,
    "ci_lo": 0.17643926009617109,
    "ci_hi": 0.3061341120950044,
    "covered": true,
    "insertion_percentile": 0.7436332767402377
  },
  "rho": {
    "true": -0.04946562562045875,
    "median": -0.49243107338400016,
    "ci_lo": -0.8543084939110026,
    "ci_hi": 0.2904616594247319,
    "covered": true,
    "insertion_percentile": 0.8505942275042445
  },
  "lambda_chi": {
    "true": 0.34901875558228723,
    "median": 0.3521421989062964,
    "ci_lo": 0.021227617762166594,
    "ci_hi": 0.48427615447173833,
    "covered": true,
    "insertion_percentile": 0.48896434634974534
  },
  "chi0": {
    "true": -0.39717173398926076,
    "median": -0.3987332895664166,
    "ci_lo": -0.4301109626521408,
    "ci_hi": -0.31969436390658884,
    "covered": true,
    "insertion_percentile": 0.5201612903225806
  },
  "xi0": {
    "true": 3.5938122058428155,
    "median": 3.5952113514586426,
    "ci_lo": 3.520662886103608,
    "ci_hi": 3.6228610774639294,
    "covered": true,
    "insertion_percentile": 0.47835314091680814
  }
}
Saved KDE posterior plot to /data/wiay/postgrads/shashwat/COMM_DATA/results/CALLIBRATION_S3_L1/bs2048_a0.10_b0.10_ep600_pat40_lr3.0e-04_wd1.0e-05_319402-0/inj_0066/posterior_kde.png
