==========================================
 Stage 3 Layer 1 injection
 model = bs1024_a0.10_b0.10_ep600_pat40_lr3.0e-04_wd1.0e-05_319402-3
 seed  = 47
==========================================
Model: bs1024_a0.10_b0.10_ep600_pat40_lr3.0e-04_wd1.0e-05_319402-3
Injection seed: 47
Output dir: /data/wiay/postgrads/shashwat/COMM_DATA/results/CALLIBRATION_S3_L1/bs1024_a0.10_b0.10_ep600_pat40_lr3.0e-04_wd1.0e-05_319402-3/inj_0047
{
  "kappa": {
    "true": 3.7348297737485474,
    "median": 3.73876194384285,
    "ci_lo": 3.7027903051380857,
    "ci_hi": 3.773685726836122,
    "covered": true,
    "insertion_percentile": 0.42267379679144385
  },
  "mu_xi": {
    "true": 0.07536688171196079,
    "median": 0.06656704201298928,
    "ci_lo": 0.03295517331467198,
    "ci_hi": 0.07521122698917798,
    "covered": false,
    "insertion_percentile": 0.9546524064171124
  },
  "sigma_chi": {
    "true": 0.30584929602621586,
    "median": 0.3945418633993345,
    "ci_lo": 0.1340077926522058,
    "ci_hi": 0.5492939647344783,
    "covered": true,
    "insertion_percentile": 0.3593582887700535
  },
  "sigma_xi": {
    "true": 0.0863037603767622,
    "median": 0.15882838095686685,
    "ci_lo": 0.08852362228761178,
    "ci_hi": 0.30397094638801314,
    "covered": false,
    "insertion_percentile": 0.041497326203208555
  },
  "rho": {
    "true": 0.8403333296863206,
    "median": 0.2601035688552385,
    "ci_lo": -0.7167257039853624,
    "ci_hi": 0.8233311023269346,
    "covered": false,
    "insertion_percentile": 0.9614973262032086
  },
  "lambda_chi": {
    "true": -0.17924967912071899,
    "median": -0.11117515165977879,
    "ci_lo": -0.4605214236768962,
    "ci_hi": 0.2902543751834686,
    "covered": true,
    "insertion_percentile": 0.40962566844919784
  },
  "chi0": {
    "true": -0.2996684487815737,
    "median": -0.31495749286807073,
    "ci_lo": -0.4370150293838281,
    "ci_hi": -0.2215130568117596,
    "covered": true,
    "insertion_percentile": 0.5664171122994652
  },
  "xi0": {
    "true": 4.644397972982736,
    "median": 4.656031612174313,
    "ci_lo": 4.561531771281003,
    "ci_hi": 4.780777199257349,
    "covered": true,
    "insertion_percentile": 0.44620320855614976
  }
}
Saved KDE posterior plot to /data/wiay/postgrads/shashwat/COMM_DATA/results/CALLIBRATION_S3_L1/bs1024_a0.10_b0.10_ep600_pat40_lr3.0e-04_wd1.0e-05_319402-3/inj_0047/posterior_kde.png
