==========================================
 Stage 3 Layer 1 injection
 model = bs2048_a0.10_b0.10_ep600_pat40_lr1.0e-04_wd1.0e-05_319402-5
 seed  = 10
==========================================
Model: bs2048_a0.10_b0.10_ep600_pat40_lr1.0e-04_wd1.0e-05_319402-5
Injection seed: 10
Output dir: /data/wiay/postgrads/shashwat/COMM_DATA/results/CALLIBRATION_S3_L1/bs2048_a0.10_b0.10_ep600_pat40_lr1.0e-04_wd1.0e-05_319402-5/inj_0010
{
  "kappa": {
    "true": 4.784408377181979,
    "median": 4.804180155820871,
    "ci_lo": 4.624548981226541,
    "ci_hi": 4.946780341283352,
    "covered": true,
    "insertion_percentile": 0.4243087328426497
  },
  "mu_xi": {
    "true": 0.02076818100791469,
    "median": 0.021644760848615257,
    "ci_lo": 0.017568958756884325,
    "ci_hi": 0.024068004630553155,
    "covered": true,
    "insertion_percentile": 0.3375770837477621
  },
  "sigma_chi": {
    "true": 0.5056446869009918,
    "median": 0.44035080900796064,
    "ci_lo": 0.25331662876557126,
    "ci_hi": 0.5627268845740855,
    "covered": true,
    "insertion_percentile": 0.7676546648100259
  },
  "sigma_xi": {
    "true": 0.1022487430787071,
    "median": 0.09315428816344473,
    "ci_lo": 0.061896554019014664,
    "ci_hi": 0.12995227921304628,
    "covered": true,
    "insertion_percentile": 0.6626218420529143
  },
  "rho": {
    "true": 0.023048309585816718,
    "median": 0.16747692058317942,
    "ci_lo": -0.24522216986604048,
    "ci_hi": 0.6636547160556164,
    "covered": true,
    "insertion_percentile": 0.2663616471056296
  },
  "lambda_chi": {
    "true": -0.3640803959794934,
    "median": -0.35193578615251186,
    "ci_lo": -0.465083730356267,
    "ci_hi": -0.01578019693283174,
    "covered": true,
    "insertion_percentile": 0.42649691665008954
  },
  "chi0": {
    "true": 0.18903647978113114,
    "median": 0.18643969045675152,
    "ci_lo": 0.10841292880701145,
    "ci_hi": 0.20754121197742498,
    "covered": true,
    "insertion_percentile": 0.5782773025661428
  },
  "xi0": {
    "true": 4.604369310780697,
    "median": 4.607801047239788,
    "ci_lo": 4.592294672060185,
    "ci_hi": 4.687038320086061,
    "covered": true,
    "insertion_percentile": 0.3680127312512433
  }
}
Saved KDE posterior plot to /data/wiay/postgrads/shashwat/COMM_DATA/results/CALLIBRATION_S3_L1/bs2048_a0.10_b0.10_ep600_pat40_lr1.0e-04_wd1.0e-05_319402-5/inj_0010/posterior_kde.png
