==========================================
 Stage 3 Layer 1 injection
 model = bs2048_a0.10_b0.10_ep600_pat40_lr3.0e-04_wd1.0e-05_319402-0
 seed  = 8
==========================================
Model: bs2048_a0.10_b0.10_ep600_pat40_lr3.0e-04_wd1.0e-05_319402-0
Injection seed: 8
Output dir: /data/wiay/postgrads/shashwat/COMM_DATA/results/CALLIBRATION_S3_L1/bs2048_a0.10_b0.10_ep600_pat40_lr3.0e-04_wd1.0e-05_319402-0/inj_0008
{
  "kappa": {
    "true": 1.7021641553672477,
    "median": 1.6025244292310936,
    "ci_lo": 1.4698916426129176,
    "ci_hi": 1.7073203176813814,
    "covered": true,
    "insertion_percentile": 0.9372676579925651
  },
  "mu_xi": {
    "true": 0.09872768433379256,
    "median": 0.08510964957638671,
    "ci_lo": 0.07356377347345797,
    "ci_hi": 0.0976893180072808,
    "covered": false,
    "insertion_percentile": 0.970724907063197
  },
  "sigma_chi": {
    "true": 0.22529096116703418,
    "median": 0.43937740928095426,
    "ci_lo": 0.20874394366891738,
    "ci_hi": 0.5521407835072907,
    "covered": true,
    "insertion_percentile": 0.06133828996282528
  },
  "sigma_xi": {
    "true": 0.3259921275370101,
    "median": 0.36531530837873044,
    "ci_lo": 0.3290190698060995,
    "ci_hi": 0.3957210670466406,
    "covered": false,
    "insertion_percentile": 0.02950743494423792
  },
  "rho": {
    "true": 0.665813721053189,
    "median": -0.19770732828564289,
    "ci_lo": -0.8085537178350265,
    "ci_hi": 0.650145605072806,
    "covered": false,
    "insertion_percentile": 0.9558550185873605
  },
  "lambda_chi": {
    "true": -0.10891519346080603,
    "median": -0.1799524857619501,
    "ci_lo": -0.42952000189389755,
    "ci_hi": 0.165513554791679,
    "covered": true,
    "insertion_percentile": 0.6322026022304833
  },
  "chi0": {
    "true": -0.062118126877201196,
    "median": -0.046656991008375066,
    "ci_lo": -0.2613972112264601,
    "ci_hi": 0.1255762265647336,
    "covered": true,
    "insertion_percentile": 0.4579460966542751
  },
  "xi0": {
    "true": 3.4318722577233824,
    "median": 3.412009036117824,
    "ci_lo": 3.2393215409294047,
    "ci_hi": 3.6250327250970926,
    "covered": true,
    "insertion_percentile": 0.5532063197026023
  }
}
Saved KDE posterior plot to /data/wiay/postgrads/shashwat/COMM_DATA/results/CALLIBRATION_S3_L1/bs2048_a0.10_b0.10_ep600_pat40_lr3.0e-04_wd1.0e-05_319402-0/inj_0008/posterior_kde.png
