==========================================
 Stage 3 Layer 1 injection
 model = bs2048_a0.20_b0.20_ep600_pat40_lr3.0e-04_wd1.0e-05_319402-2
 seed  = 27
==========================================
Model: bs2048_a0.20_b0.20_ep600_pat40_lr3.0e-04_wd1.0e-05_319402-2
Injection seed: 27
Output dir: /data/wiay/postgrads/shashwat/COMM_DATA/results/CALLIBRATION_S3_L1/bs2048_a0.20_b0.20_ep600_pat40_lr3.0e-04_wd1.0e-05_319402-2/inj_0027
{
  "kappa": {
    "true": 3.5189074607362483,
    "median": 3.4670130699864523,
    "ci_lo": 3.3637395385432387,
    "ci_hi": 3.5758191069696035,
    "covered": true,
    "insertion_percentile": 0.7692500627037873
  },
  "mu_xi": {
    "true": 0.031381427222243165,
    "median": 0.03378683487119593,
    "ci_lo": 0.005792071512671993,
    "ci_hi": 0.04275439692251548,
    "covered": true,
    "insertion_percentile": 0.4406822172059192
  },
  "sigma_chi": {
    "true": 0.11665840437389502,
    "median": 0.3651413524102746,
    "ci_lo": 0.1114375020964974,
    "ci_hi": 0.5726751603049784,
    "covered": true,
    "insertion_percentile": 0.05492851768246802
  },
  "sigma_xi": {
    "true": 0.16325703256494467,
    "median": 0.14671344589522575,
    "ci_lo": 0.059781640707382885,
    "ci_hi": 0.278618682025838,
    "covered": true,
    "insertion_percentile": 0.5618259342864309
  },
  "rho": {
    "true": 0.7761813576761406,
    "median": -0.06365885190862144,
    "ci_lo": -0.8044396382445514,
    "ci_hi": 0.7829641024132279,
    "covered": true,
    "insertion_percentile": 0.9470780035114121
  },
  "lambda_chi": {
    "true": 0.28966731326579076,
    "median": 0.08929285684709434,
    "ci_lo": -0.3996876815298087,
    "ci_hi": 0.3307590355621736,
    "covered": true,
    "insertion_percentile": 0.8793579132179584
  },
  "chi0": {
    "true": -0.4899808760396832,
    "median": -0.4267443615194738,
    "ci_lo": -0.4934849199711067,
    "ci_hi": -0.2849912714141569,
    "covered": true,
    "insertion_percentile": 0.08301981439678957
  },
  "xi0": {
    "true": 2.9973330429661877,
    "median": 2.939076608350846,
    "ci_lo": 2.7974137422058667,
    "ci_hi": 3.0035457953197504,
    "covered": true,
    "insertion_percentile": 0.9041886129922247
  }
}
Saved KDE posterior plot to /data/wiay/postgrads/shashwat/COMM_DATA/results/CALLIBRATION_S3_L1/bs2048_a0.20_b0.20_ep600_pat40_lr3.0e-04_wd1.0e-05_319402-2/inj_0027/posterior_kde.png
