==========================================
 Stage 3 Layer 1 injection
 model = bs2048_a0.10_b0.10_ep600_pat40_lr1.0e-04_wd1.0e-05_319402-5
 seed  = 34
==========================================
Model: bs2048_a0.10_b0.10_ep600_pat40_lr1.0e-04_wd1.0e-05_319402-5
Injection seed: 34
Output dir: /data/wiay/postgrads/shashwat/COMM_DATA/results/CALLIBRATION_S3_L1/bs2048_a0.10_b0.10_ep600_pat40_lr1.0e-04_wd1.0e-05_319402-5/inj_0034
{
  "kappa": {
    "true": 0.11973839311591333,
    "median": 0.11915319240835921,
    "ci_lo": 0.11715197514870883,
    "ci_hi": 0.12215229516071241,
    "covered": true,
    "insertion_percentile": 0.6545949340590329
  },
  "mu_xi": {
    "true": 0.08721769142705424,
    "median": 0.09120348547755582,
    "ci_lo": 0.08659324623844805,
    "ci_hi": 0.0959015956687513,
    "covered": true,
    "insertion_percentile": 0.08122252459702742
  },
  "sigma_chi": {
    "true": 0.18350831318242783,
    "median": 0.19310027705928076,
    "ci_lo": 0.12452431563769376,
    "ci_hi": 0.25705562735486676,
    "covered": true,
    "insertion_percentile": 0.443583839229642
  },
  "sigma_xi": {
    "true": 0.2778714542515898,
    "median": 0.2692211111577586,
    "ci_lo": 0.24884445093956176,
    "ci_hi": 0.2890651635967241,
    "covered": true,
    "insertion_percentile": 0.7640778731421394
  },
  "rho": {
    "true": -0.028633710654063727,
    "median": 0.1412803311001903,
    "ci_lo": 0.029015904728427546,
    "ci_hi": 0.3641592422203297,
    "covered": false,
    "insertion_percentile": 0.0035587188612099642
  },
  "lambda_chi": {
    "true": 0.28853349416753615,
    "median": 0.298447422259859,
    "ci_lo": 0.27898036378108126,
    "ci_hi": 0.32546890463112943,
    "covered": true,
    "insertion_percentile": 0.26481055055474145
  },
  "chi0": {
    "true": 0.38072256536897386,
    "median": 0.40215311825751676,
    "ci_lo": 0.3697169111914584,
    "ci_hi": 0.43356425711319496,
    "covered": true,
    "insertion_percentile": 0.13188193426836928
  },
  "xi0": {
    "true": 4.749304991192124,
    "median": 4.72694752119315,
    "ci_lo": 4.695420152683998,
    "ci_hi": 4.759222745444733,
    "covered": true,
    "insertion_percentile": 0.8764915218756542
  }
}
Saved KDE posterior plot to /data/wiay/postgrads/shashwat/COMM_DATA/results/CALLIBRATION_S3_L1/bs2048_a0.10_b0.10_ep600_pat40_lr1.0e-04_wd1.0e-05_319402-5/inj_0034/posterior_kde.png
