==========================================
 Stage 3 Layer 1 injection
 model = bs2048_a0.20_b0.20_ep600_pat40_lr3.0e-04_wd1.0e-05_319402-2
 seed  = 32
==========================================
Model: bs2048_a0.20_b0.20_ep600_pat40_lr3.0e-04_wd1.0e-05_319402-2
Injection seed: 32
Output dir: /data/wiay/postgrads/shashwat/COMM_DATA/results/CALLIBRATION_S3_L1/bs2048_a0.20_b0.20_ep600_pat40_lr3.0e-04_wd1.0e-05_319402-2/inj_0032
{
  "kappa": {
    "true": 0.8851898688363635,
    "median": 0.8766423138521184,
    "ci_lo": 0.8712354062344625,
    "ci_hi": 0.8867153243199147,
    "covered": true,
    "insertion_percentile": 0.9252645502645502
  },
  "mu_xi": {
    "true": 0.05722294954720839,
    "median": 0.049466754950219446,
    "ci_lo": 0.031489419999890765,
    "ci_hi": 0.06259973112221978,
    "covered": true,
    "insertion_percentile": 0.8108465608465608
  },
  "sigma_chi": {
    "true": 0.2574245546788085,
    "median": 0.14111920068067024,
    "ci_lo": 0.060602515475646795,
    "ci_hi": 0.2670296520491681,
    "covered": true,
    "insertion_percentile": 0.9367283950617284
  },
  "sigma_xi": {
    "true": 0.16302731295559986,
    "median": 0.20749014821055387,
    "ci_lo": 0.12864343081342103,
    "ci_hi": 0.2812041858927588,
    "covered": true,
    "insertion_percentile": 0.1761463844797178
  },
  "rho": {
    "true": 0.33590499869938173,
    "median": 0.09685746550819894,
    "ci_lo": -0.3653415492442673,
    "ci_hi": 0.4610431311350607,
    "covered": true,
    "insertion_percentile": 0.8454585537918872
  },
  "lambda_chi": {
    "true": 0.47223203334854,
    "median": 0.4628805966398026,
    "ci_lo": 0.4278179949822622,
    "ci_hi": 0.49382106771066725,
    "covered": true,
    "insertion_percentile": 0.6466049382716049
  },
  "chi0": {
    "true": 0.46683024610178847,
    "median": 0.45416618109603635,
    "ci_lo": 0.4145210212282654,
    "ci_hi": 0.4927728402444773,
    "covered": true,
    "insertion_percentile": 0.6589506172839507
  },
  "xi0": {
    "true": 4.178246055790133,
    "median": 4.192887472664697,
    "ci_lo": 4.153417637719025,
    "ci_hi": 4.2331621506476615,
    "covered": true,
    "insertion_percentile": 0.31613756613756616
  }
}
Saved KDE posterior plot to /data/wiay/postgrads/shashwat/COMM_DATA/results/CALLIBRATION_S3_L1/bs2048_a0.20_b0.20_ep600_pat40_lr3.0e-04_wd1.0e-05_319402-2/inj_0032/posterior_kde.png
