==========================================
 Stage 3 Layer 1 injection
 model = bs2048_a0.05_b0.05_ep600_pat40_lr3.0e-04_wd1.0e-05_319402-1
 seed  = 67
==========================================
Model: bs2048_a0.05_b0.05_ep600_pat40_lr3.0e-04_wd1.0e-05_319402-1
Injection seed: 67
Output dir: /data/wiay/postgrads/shashwat/COMM_DATA/results/CALLIBRATION_S3_L1/bs2048_a0.05_b0.05_ep600_pat40_lr3.0e-04_wd1.0e-05_319402-1/inj_0067
{
  "kappa": {
    "true": 2.1302243495210367,
    "median": 2.109613811123769,
    "ci_lo": 2.0362852568565226,
    "ci_hi": 2.1633484850572358,
    "covered": true,
    "insertion_percentile": 0.7219875776397515
  },
  "mu_xi": {
    "true": 0.012693830220007574,
    "median": 0.01749953822740319,
    "ci_lo": 0.00395705856101473,
    "ci_hi": 0.022901054558656486,
    "covered": true,
    "insertion_percentile": 0.2742857142857143
  },
  "sigma_chi": {
    "true": 0.33269176969643643,
    "median": 0.31455180514612935,
    "ci_lo": 0.09173145705851958,
    "ci_hi": 0.5234936121385176,
    "covered": true,
    "insertion_percentile": 0.5468322981366459
  },
  "sigma_xi": {
    "true": 0.15403491763065028,
    "median": 0.11886036102523347,
    "ci_lo": 0.0578462142042222,
    "ci_hi": 0.2028722315375393,
    "covered": true,
    "insertion_percentile": 0.7277018633540373
  },
  "rho": {
    "true": 0.17646651363752397,
    "median": 0.043987374794522215,
    "ci_lo": -0.8013158849939475,
    "ci_hi": 0.8098058556124242,
    "covered": true,
    "insertion_percentile": 0.5768944099378882
  },
  "lambda_chi": {
    "true": -0.06872944890543387,
    "median": -0.06301451467925359,
    "ci_lo": -0.42629008843048755,
    "ci_hi": 0.3117590941688594,
    "covered": true,
    "insertion_percentile": 0.49142857142857144
  },
  "chi0": {
    "true": -0.19170573124206824,
    "median": -0.19717822115473313,
    "ci_lo": -0.38016889381652774,
    "ci_hi": -0.028319995715946986,
    "covered": true,
    "insertion_percentile": 0.51527950310559
  },
  "xi0": {
    "true": 3.3882518200580973,
    "median": 3.3936522506222184,
    "ci_lo": 3.2263030354701483,
    "ci_hi": 3.5766709725563914,
    "covered": true,
    "insertion_percentile": 0.4834782608695652
  }
}
Saved KDE posterior plot to /data/wiay/postgrads/shashwat/COMM_DATA/results/CALLIBRATION_S3_L1/bs2048_a0.05_b0.05_ep600_pat40_lr3.0e-04_wd1.0e-05_319402-1/inj_0067/posterior_kde.png
