==========================================
 Stage 3 Layer 1 injection
 model = bs4096_a0.10_b0.10_ep600_pat40_lr3.0e-04_wd1.0e-05_319402-4
 seed  = 5
==========================================
Model: bs4096_a0.10_b0.10_ep600_pat40_lr3.0e-04_wd1.0e-05_319402-4
Injection seed: 5
Output dir: /data/wiay/postgrads/shashwat/COMM_DATA/results/CALLIBRATION_S3_L1/bs4096_a0.10_b0.10_ep600_pat40_lr3.0e-04_wd1.0e-05_319402-4/inj_0005
{
  "kappa": {
    "true": 4.044514326352363,
    "median": 3.9648568455407625,
    "ci_lo": 3.4646595581109474,
    "ci_hi": 4.490364953089824,
    "covered": true,
    "insertion_percentile": 0.5980534272106026
  },
  "mu_xi": {
    "true": 0.08079407897364937,
    "median": 0.07061791204211197,
    "ci_lo": 0.01737383427453437,
    "ci_hi": 0.08933496983879487,
    "covered": true,
    "insertion_percentile": 0.6984882998550425
  },
  "sigma_chi": {
    "true": 0.33342905857317806,
    "median": 0.25770046692469756,
    "ci_lo": 0.07000107041025311,
    "ci_hi": 0.5428970221806017,
    "covered": true,
    "insertion_percentile": 0.642369020501139
  },
  "sigma_xi": {
    "true": 0.15003048303084957,
    "median": 0.2072691566496229,
    "ci_lo": 0.07521323346590714,
    "ci_hi": 0.38655096613832324,
    "covered": true,
    "insertion_percentile": 0.3019258645682336
  },
  "rho": {
    "true": -0.8029247357130185,
    "median": 0.11360383829218562,
    "ci_lo": -0.8314191603401369,
    "ci_hi": 0.8338022165685146,
    "covered": true,
    "insertion_percentile": 0.07579208945951543
  },
  "lambda_chi": {
    "true": -0.11663111921448177,
    "median": 0.1419532466558936,
    "ci_lo": -0.38876681446264477,
    "ci_hi": 0.4703577528327633,
    "covered": true,
    "insertion_percentile": 0.29343549389107476
  },
  "chi0": {
    "true": -0.09152679458000135,
    "median": -0.14945510775820295,
    "ci_lo": -0.24178640179320648,
    "ci_hi": -0.01964137194244042,
    "covered": true,
    "insertion_percentile": 0.6844067094636571
  },
  "xi0": {
    "true": 2.613187984756113,
    "median": 2.669219343039032,
    "ci_lo": 2.5380359960103007,
    "ci_hi": 2.7571915531778446,
    "covered": true,
    "insertion_percentile": 0.3244978256367778
  }
}
Saved KDE posterior plot to /data/wiay/postgrads/shashwat/COMM_DATA/results/CALLIBRATION_S3_L1/bs4096_a0.10_b0.10_ep600_pat40_lr3.0e-04_wd1.0e-05_319402-4/inj_0005/posterior_kde.png
