==========================================
 Stage 3 Layer 1 injection
 model = bs2048_a0.10_b0.10_ep600_pat40_lr3.0e-04_wd1.0e-05_319402-0
 seed  = 34
==========================================
Model: bs2048_a0.10_b0.10_ep600_pat40_lr3.0e-04_wd1.0e-05_319402-0
Injection seed: 34
Output dir: /data/wiay/postgrads/shashwat/COMM_DATA/results/CALLIBRATION_S3_L1/bs2048_a0.10_b0.10_ep600_pat40_lr3.0e-04_wd1.0e-05_319402-0/inj_0034
{
  "kappa": {
    "true": 0.11973839311591333,
    "median": 0.1202386189198548,
    "ci_lo": 0.11519811657754654,
    "ci_hi": 0.12733250696354712,
    "covered": true,
    "insertion_percentile": 0.45053828966077597
  },
  "mu_xi": {
    "true": 0.08721769142705424,
    "median": 0.08238788251670476,
    "ci_lo": 0.0725999087421176,
    "ci_hi": 0.09061574198786437,
    "covered": true,
    "insertion_percentile": 0.8220597196831201
  },
  "sigma_chi": {
    "true": 0.18350831318242783,
    "median": 0.1947055439987737,
    "ci_lo": 0.1441856203034319,
    "ci_hi": 0.2515154592307671,
    "covered": true,
    "insertion_percentile": 0.38777168393256145
  },
  "sigma_xi": {
    "true": 0.2778714542515898,
    "median": 0.29482771297363386,
    "ci_lo": 0.25602486946173575,
    "ci_hi": 0.3258257296943686,
    "covered": true,
    "insertion_percentile": 0.2136908389193581
  },
  "rho": {
    "true": -0.028633710654063727,
    "median": -0.018344726264978822,
    "ci_lo": -0.4123933879424481,
    "ci_hi": 0.18869305531557565,
    "covered": true,
    "insertion_percentile": 0.47714808043875684
  },
  "lambda_chi": {
    "true": 0.28853349416753615,
    "median": 0.2921020971363798,
    "ci_lo": 0.2585494422358204,
    "ci_hi": 0.31091194562538216,
    "covered": true,
    "insertion_percentile": 0.41803778184034124
  },
  "chi0": {
    "true": 0.38072256536897386,
    "median": 0.36633877814372706,
    "ci_lo": 0.2527432184483678,
    "ci_hi": 0.4652645478547113,
    "covered": true,
    "insertion_percentile": 0.5673369896404631
  },
  "xi0": {
    "true": 4.749304991192124,
    "median": 4.763544094634822,
    "ci_lo": 4.664539535193023,
    "ci_hi": 4.876543531024708,
    "covered": true,
    "insertion_percentile": 0.4330692667072923
  }
}
Saved KDE posterior plot to /data/wiay/postgrads/shashwat/COMM_DATA/results/CALLIBRATION_S3_L1/bs2048_a0.10_b0.10_ep600_pat40_lr3.0e-04_wd1.0e-05_319402-0/inj_0034/posterior_kde.png
