==========================================
 Stage 3 Layer 1 injection
 model = bs4096_a0.10_b0.10_ep600_pat40_lr3.0e-04_wd1.0e-05_319402-4
 seed  = 13
==========================================
Model: bs4096_a0.10_b0.10_ep600_pat40_lr3.0e-04_wd1.0e-05_319402-4
Injection seed: 13
Output dir: /data/wiay/postgrads/shashwat/COMM_DATA/results/CALLIBRATION_S3_L1/bs4096_a0.10_b0.10_ep600_pat40_lr3.0e-04_wd1.0e-05_319402-4/inj_0013
{
  "kappa": {
    "true": 4.337508176381274,
    "median": 4.734244582383096,
    "ci_lo": 4.387133354289185,
    "ci_hi": 4.963063730008111,
    "covered": false,
    "insertion_percentile": 0.031917336394948335
  },
  "mu_xi": {
    "true": 0.08553025149320591,
    "median": 0.04697719127225665,
    "ci_lo": 0.020703864787811114,
    "ci_hi": 0.07623671979533318,
    "covered": false,
    "insertion_percentile": 0.9938002296211251
  },
  "sigma_chi": {
    "true": 0.4960628693313881,
    "median": 0.5075748627600578,
    "ci_lo": 0.27511849930158805,
    "ci_hi": 0.5897905969679438,
    "covered": true,
    "insertion_percentile": 0.45028702640642937
  },
  "sigma_xi": {
    "true": 0.14150622649576683,
    "median": 0.3121868193054936,
    "ci_lo": 0.1967443182093148,
    "ci_hi": 0.3872108928133159,
    "covered": false,
    "insertion_percentile": 0.005281285878300804
  },
  "rho": {
    "true": -0.7610409761068415,
    "median": -0.6877656518695321,
    "ci_lo": -0.8794824069585203,
    "ci_hi": -0.1626866761745467,
    "covered": true,
    "insertion_percentile": 0.34443168771526983
  },
  "lambda_chi": {
    "true": 0.44646578044606333,
    "median": 0.45545088179327753,
    "ci_lo": 0.3892447907316736,
    "ci_hi": 0.4954881942743889,
    "covered": true,
    "insertion_percentile": 0.4121699196326062
  },
  "chi0": {
    "true": 0.11379169104710185,
    "median": 0.14120606313079734,
    "ci_lo": 0.10794405507791886,
    "ci_hi": 0.16455990391472822,
    "covered": true,
    "insertion_percentile": 0.07944890929965556
  },
  "xi0": {
    "true": 2.5065768840657494,
    "median": 2.5076547070225574,
    "ci_lo": 2.500727257751427,
    "ci_hi": 2.524063527232741,
    "covered": true,
    "insertion_percentile": 0.4436280137772675
  }
}
Saved KDE posterior plot to /data/wiay/postgrads/shashwat/COMM_DATA/results/CALLIBRATION_S3_L1/bs4096_a0.10_b0.10_ep600_pat40_lr3.0e-04_wd1.0e-05_319402-4/inj_0013/posterior_kde.png
