==========================================
 Stage 3 Layer 1 injection
 model = bs2048_a0.10_b0.10_ep600_pat40_lr1.0e-04_wd1.0e-05_319402-5
 seed  = 17
==========================================
Model: bs2048_a0.10_b0.10_ep600_pat40_lr1.0e-04_wd1.0e-05_319402-5
Injection seed: 17
Output dir: /data/wiay/postgrads/shashwat/COMM_DATA/results/CALLIBRATION_S3_L1/bs2048_a0.10_b0.10_ep600_pat40_lr1.0e-04_wd1.0e-05_319402-5/inj_0017
{
  "kappa": {
    "true": 4.240866484709717,
    "median": 4.3082152429873535,
    "ci_lo": 4.040717065565081,
    "ci_hi": 4.622354411943791,
    "covered": true,
    "insertion_percentile": 0.34988452655889146
  },
  "mu_xi": {
    "true": 0.016097309116910697,
    "median": 0.019190598996608473,
    "ci_lo": 0.002772861245865583,
    "ci_hi": 0.029598537580359494,
    "covered": true,
    "insertion_percentile": 0.39884526558891453
  },
  "sigma_chi": {
    "true": 0.35675950105113063,
    "median": 0.2996274636119568,
    "ci_lo": 0.08493390680270703,
    "ci_hi": 0.540772641764997,
    "covered": true,
    "insertion_percentile": 0.605080831408776
  },
  "sigma_xi": {
    "true": 0.17882797958249497,
    "median": 0.16119902507405937,
    "ci_lo": 0.07087906300887395,
    "ci_hi": 0.24252622328315723,
    "covered": true,
    "insertion_percentile": 0.5988452655889146
  },
  "rho": {
    "true": -0.5131044655888168,
    "median": -0.24015416853907523,
    "ci_lo": -0.8023957807833727,
    "ci_hi": 0.5842065412487152,
    "covered": true,
    "insertion_percentile": 0.2672055427251732
  },
  "lambda_chi": {
    "true": -0.11417596241080152,
    "median": 0.017364067025095065,
    "ci_lo": -0.2998085781489369,
    "ci_hi": 0.30309027793453425,
    "covered": true,
    "insertion_percentile": 0.2531177829099307
  },
  "chi0": {
    "true": -0.07183550090639157,
    "median": -0.09495877514901643,
    "ci_lo": -0.16121317713861233,
    "ci_hi": -0.01762839061788387,
    "covered": true,
    "insertion_percentile": 0.6884526558891455
  },
  "xi0": {
    "true": 4.028357771247451,
    "median": 4.053487719671464,
    "ci_lo": 3.97850082121116,
    "ci_hi": 4.119486537418951,
    "covered": true,
    "insertion_percentile": 0.29861431870669747
  }
}
Saved KDE posterior plot to /data/wiay/postgrads/shashwat/COMM_DATA/results/CALLIBRATION_S3_L1/bs2048_a0.10_b0.10_ep600_pat40_lr1.0e-04_wd1.0e-05_319402-5/inj_0017/posterior_kde.png
