==========================================
 Stage 3 Layer 1 injection
 model = bs2048_a0.05_b0.05_ep600_pat40_lr3.0e-04_wd1.0e-05_319402-1
 seed  = 50
==========================================
Model: bs2048_a0.05_b0.05_ep600_pat40_lr3.0e-04_wd1.0e-05_319402-1
Injection seed: 50
Output dir: /data/wiay/postgrads/shashwat/COMM_DATA/results/CALLIBRATION_S3_L1/bs2048_a0.05_b0.05_ep600_pat40_lr3.0e-04_wd1.0e-05_319402-1/inj_0050
{
  "kappa": {
    "true": 3.9583711902444563,
    "median": 3.942788399991316,
    "ci_lo": 3.885108643777658,
    "ci_hi": 4.004342187326168,
    "covered": true,
    "insertion_percentile": 0.6638888888888889
  },
  "mu_xi": {
    "true": 0.08336693345835826,
    "median": 0.08684245999833964,
    "ci_lo": 0.0804432419815278,
    "ci_hi": 0.09685782809662306,
    "covered": true,
    "insertion_percentile": 0.24444444444444444
  },
  "sigma_chi": {
    "true": 0.3513474531013237,
    "median": 0.3371353897703476,
    "ci_lo": 0.16653512802668055,
    "ci_hi": 0.4784298388148369,
    "covered": true,
    "insertion_percentile": 0.5574074074074075
  },
  "sigma_xi": {
    "true": 0.3907071836490395,
    "median": 0.3815952511902192,
    "ci_lo": 0.3543012682004814,
    "ci_hi": 0.39803113867185597,
    "covered": true,
    "insertion_percentile": 0.7585648148148149
  },
  "rho": {
    "true": -0.47369959575775233,
    "median": 0.11771190654548327,
    "ci_lo": -0.8119148340905378,
    "ci_hi": 0.8384251876410153,
    "covered": true,
    "insertion_percentile": 0.27152777777777776
  },
  "lambda_chi": {
    "true": 0.1469233432502174,
    "median": 0.12064711719581275,
    "ci_lo": -0.12472625638994796,
    "ci_hi": 0.34157095213185096,
    "covered": true,
    "insertion_percentile": 0.5594907407407408
  },
  "chi0": {
    "true": -0.4349739289211112,
    "median": -0.40759876605547296,
    "ci_lo": -0.47836356357512033,
    "ci_hi": -0.3337609254314466,
    "covered": true,
    "insertion_percentile": 0.26435185185185184
  },
  "xi0": {
    "true": 3.8889440166296527,
    "median": 3.863581497585609,
    "ci_lo": 3.786643232627005,
    "ci_hi": 3.9374645166401163,
    "covered": true,
    "insertion_percentile": 0.7178240740740741
  }
}
Saved KDE posterior plot to /data/wiay/postgrads/shashwat/COMM_DATA/results/CALLIBRATION_S3_L1/bs2048_a0.05_b0.05_ep600_pat40_lr3.0e-04_wd1.0e-05_319402-1/inj_0050/posterior_kde.png
