==========================================
 Stage 3 Layer 1 injection
 model = bs2048_a0.20_b0.20_ep600_pat40_lr3.0e-04_wd1.0e-05_319402-2
 seed  = 39
==========================================
Model: bs2048_a0.20_b0.20_ep600_pat40_lr3.0e-04_wd1.0e-05_319402-2
Injection seed: 39
Output dir: /data/wiay/postgrads/shashwat/COMM_DATA/results/CALLIBRATION_S3_L1/bs2048_a0.20_b0.20_ep600_pat40_lr3.0e-04_wd1.0e-05_319402-2/inj_0039
{
  "kappa": {
    "true": 2.5583885900419,
    "median": 2.4727502140204134,
    "ci_lo": 2.3575645117445174,
    "ci_hi": 2.5802731251703666,
    "covered": true,
    "insertion_percentile": 0.8979343863912516
  },
  "mu_xi": {
    "true": 0.05393354062064886,
    "median": 0.049543641196503424,
    "ci_lo": 0.011688052040513206,
    "ci_hi": 0.06356297744435381,
    "covered": true,
    "insertion_percentile": 0.6194410692588093
  },
  "sigma_chi": {
    "true": 0.12473081107540863,
    "median": 0.3926946205955859,
    "ci_lo": 0.11700907614038925,
    "ci_hi": 0.5776074096781437,
    "covered": true,
    "insertion_percentile": 0.058080194410692586
  },
  "sigma_xi": {
    "true": 0.15723529894758065,
    "median": 0.18268505485781364,
    "ci_lo": 0.07209219846195393,
    "ci_hi": 0.33046107872883407,
    "covered": true,
    "insertion_percentile": 0.3812879708383961
  },
  "rho": {
    "true": 0.14253242184311998,
    "median": -0.01788500470185368,
    "ci_lo": -0.8118893270150238,
    "ci_hi": 0.7619884638843503,
    "covered": true,
    "insertion_percentile": 0.6014580801944107
  },
  "lambda_chi": {
    "true": 0.29128663949656153,
    "median": 0.013453633630987276,
    "ci_lo": -0.4606556291155049,
    "ci_hi": 0.44895303096099115,
    "covered": true,
    "insertion_percentile": 0.7268529769137303
  },
  "chi0": {
    "true": -0.34892601730055794,
    "median": -0.23187107081285904,
    "ci_lo": -0.4116282739197856,
    "ci_hi": -0.03180083881736933,
    "covered": true,
    "insertion_percentile": 0.26294046172539487
  },
  "xi0": {
    "true": 3.0729096667481652,
    "median": 2.954706990449124,
    "ci_lo": 2.7546829317874817,
    "ci_hi": 3.1343930015991806,
    "covered": true,
    "insertion_percentile": 0.7443499392466586
  }
}
Saved KDE posterior plot to /data/wiay/postgrads/shashwat/COMM_DATA/results/CALLIBRATION_S3_L1/bs2048_a0.20_b0.20_ep600_pat40_lr3.0e-04_wd1.0e-05_319402-2/inj_0039/posterior_kde.png
