==========================================
 Stage 3 Layer 1 injection
 model = bs2048_a0.10_b0.10_ep600_pat40_lr3.0e-04_wd1.0e-05_319402-0
 seed  = 18
==========================================
Model: bs2048_a0.10_b0.10_ep600_pat40_lr3.0e-04_wd1.0e-05_319402-0
Injection seed: 18
Output dir: /data/wiay/postgrads/shashwat/COMM_DATA/results/CALLIBRATION_S3_L1/bs2048_a0.10_b0.10_ep600_pat40_lr3.0e-04_wd1.0e-05_319402-0/inj_0018
{
  "kappa": {
    "true": 2.056598269166107,
    "median": 2.079767433945233,
    "ci_lo": 2.040145377466185,
    "ci_hi": 2.2065332944884997,
    "covered": true,
    "insertion_percentile": 0.17656362329259526
  },
  "mu_xi": {
    "true": 0.07174146792882162,
    "median": 0.07238649798410039,
    "ci_lo": 0.016573732249661355,
    "ci_hi": 0.07340954214506128,
    "covered": true,
    "insertion_percentile": 0.42171099928109274
  },
  "sigma_chi": {
    "true": 0.20445283041980183,
    "median": 0.17397149382199661,
    "ci_lo": 0.07053188449891644,
    "ci_hi": 0.5306234863953764,
    "covered": true,
    "insertion_percentile": 0.6274622573687995
  },
  "sigma_xi": {
    "true": 0.07895372129934072,
    "median": 0.06819827925581576,
    "ci_lo": 0.05106360656760296,
    "ci_hi": 0.34055906550101295,
    "covered": true,
    "insertion_percentile": 0.5889288281811647
  },
  "rho": {
    "true": 0.8455883747271477,
    "median": 0.6669323631314973,
    "ci_lo": -0.8429009679420576,
    "ci_hi": 0.8847907826191143,
    "covered": true,
    "insertion_percentile": 0.8270309130122214
  },
  "lambda_chi": {
    "true": 0.06392674536795206,
    "median": 0.04330497321465984,
    "ci_lo": -0.20987208153725695,
    "ci_hi": 0.25885331857924454,
    "covered": true,
    "insertion_percentile": 0.5557153127246586
  },
  "chi0": {
    "true": 0.14432096215124646,
    "median": 0.15018886803432654,
    "ci_lo": 0.05076578721413685,
    "ci_hi": 0.2935959592383625,
    "covered": true,
    "insertion_percentile": 0.45966930265995687
  },
  "xi0": {
    "true": 3.942178658756523,
    "median": 3.9361278399075856,
    "ci_lo": 3.788344104521603,
    "ci_hi": 4.034784234547373,
    "covered": true,
    "insertion_percentile": 0.5409058231488139
  }
}
Saved KDE posterior plot to /data/wiay/postgrads/shashwat/COMM_DATA/results/CALLIBRATION_S3_L1/bs2048_a0.10_b0.10_ep600_pat40_lr3.0e-04_wd1.0e-05_319402-0/inj_0018/posterior_kde.png
