==========================================
 Stage 3 Layer 1 injection
 model = bs2048_a0.05_b0.05_ep600_pat40_lr3.0e-04_wd1.0e-05_319402-1
 seed  = 64
==========================================
Model: bs2048_a0.05_b0.05_ep600_pat40_lr3.0e-04_wd1.0e-05_319402-1
Injection seed: 64
Output dir: /data/wiay/postgrads/shashwat/COMM_DATA/results/CALLIBRATION_S3_L1/bs2048_a0.05_b0.05_ep600_pat40_lr3.0e-04_wd1.0e-05_319402-1/inj_0064
{
  "kappa": {
    "true": 4.7231179184279775,
    "median": 4.731037424030065,
    "ci_lo": 4.6735527115815945,
    "ci_hi": 4.790314888422957,
    "covered": true,
    "insertion_percentile": 0.4119725628767408
  },
  "mu_xi": {
    "true": 0.05233396291407427,
    "median": 0.05594085941879368,
    "ci_lo": 0.04675156205880677,
    "ci_hi": 0.06171937191202388,
    "covered": true,
    "insertion_percentile": 0.24942839326543337
  },
  "sigma_chi": {
    "true": 0.0861410155859742,
    "median": 0.08508857871603501,
    "ci_lo": 0.05409762182199029,
    "ci_hi": 0.15302990283751594,
    "covered": true,
    "insertion_percentile": 0.5154853460818957
  },
  "sigma_xi": {
    "true": 0.16149557235465212,
    "median": 0.13719650216433046,
    "ci_lo": 0.08526259135691079,
    "ci_hi": 0.1926004094460817,
    "covered": true,
    "insertion_percentile": 0.7536894616503845
  },
  "rho": {
    "true": 0.6451513712203566,
    "median": 0.34106623732258406,
    "ci_lo": -0.24962842718797063,
    "ci_hi": 0.8265918686806878,
    "covered": true,
    "insertion_percentile": 0.7971315734774476
  },
  "lambda_chi": {
    "true": -0.4154412979443316,
    "median": -0.36371831146978006,
    "ci_lo": -0.47058283734915507,
    "ci_hi": -0.14206397843104912,
    "covered": true,
    "insertion_percentile": 0.2905840781542299
  },
  "chi0": {
    "true": 0.48536525002403685,
    "median": 0.4710499894204413,
    "ci_lo": 0.42589972540983423,
    "ci_hi": 0.49621982331202696,
    "covered": true,
    "insertion_percentile": 0.7511951777177303
  },
  "xi0": {
    "true": 4.063453629352292,
    "median": 4.075755294914133,
    "ci_lo": 4.054466589759566,
    "ci_hi": 4.121525571027906,
    "covered": true,
    "insertion_percentile": 0.24734982332155478
  }
}
Saved KDE posterior plot to /data/wiay/postgrads/shashwat/COMM_DATA/results/CALLIBRATION_S3_L1/bs2048_a0.05_b0.05_ep600_pat40_lr3.0e-04_wd1.0e-05_319402-1/inj_0064/posterior_kde.png
