==========================================
 Stage 3 Layer 1 injection
 model = bs2048_a0.05_b0.05_ep600_pat40_lr3.0e-04_wd1.0e-05_319402-1
 seed  = 10
==========================================
Model: bs2048_a0.05_b0.05_ep600_pat40_lr3.0e-04_wd1.0e-05_319402-1
Injection seed: 10
Output dir: /data/wiay/postgrads/shashwat/COMM_DATA/results/CALLIBRATION_S3_L1/bs2048_a0.05_b0.05_ep600_pat40_lr3.0e-04_wd1.0e-05_319402-1/inj_0010
{
  "kappa": {
    "true": 4.784408377181979,
    "median": 4.868559076818814,
    "ci_lo": 4.694151967740241,
    "ci_hi": 4.9855596288375,
    "covered": true,
    "insertion_percentile": 0.21368261528469365
  },
  "mu_xi": {
    "true": 0.02076818100791469,
    "median": 0.019906251254495543,
    "ci_lo": 0.011449647617181508,
    "ci_hi": 0.023724200446780013,
    "covered": true,
    "insertion_percentile": 0.600779389478242
  },
  "sigma_chi": {
    "true": 0.5056446869009918,
    "median": 0.38546652227674844,
    "ci_lo": 0.2013213013896096,
    "ci_hi": 0.5400443347326046,
    "covered": true,
    "insertion_percentile": 0.8774626542541676
  },
  "sigma_xi": {
    "true": 0.1022487430787071,
    "median": 0.11029116576534177,
    "ci_lo": 0.0665408715899302,
    "ci_hi": 0.17051464806354533,
    "covered": true,
    "insertion_percentile": 0.39835462221260015
  },
  "rho": {
    "true": 0.023048309585816718,
    "median": 0.047567812886163435,
    "ci_lo": -0.5432301043189598,
    "ci_hi": 0.5857130206954478,
    "covered": true,
    "insertion_percentile": 0.4732626109547521
  },
  "lambda_chi": {
    "true": -0.3640803959794934,
    "median": -0.2548024693967661,
    "ci_lo": -0.42796758275968005,
    "ci_hi": 0.047592865970443946,
    "covered": true,
    "insertion_percentile": 0.1851050010824854
  },
  "chi0": {
    "true": 0.18903647978113114,
    "median": 0.1657063896527263,
    "ci_lo": 0.10018446189903668,
    "ci_hi": 0.19836125633231153,
    "covered": true,
    "insertion_percentile": 0.8512665079021433
  },
  "xi0": {
    "true": 4.604369310780697,
    "median": 4.63101378226537,
    "ci_lo": 4.598063647589005,
    "ci_hi": 4.701272243709519,
    "covered": true,
    "insertion_percentile": 0.10868153279930721
  }
}
Saved KDE posterior plot to /data/wiay/postgrads/shashwat/COMM_DATA/results/CALLIBRATION_S3_L1/bs2048_a0.05_b0.05_ep600_pat40_lr3.0e-04_wd1.0e-05_319402-1/inj_0010/posterior_kde.png
