==========================================
 Stage 3 Layer 1 injection
 model = bs2048_a0.20_b0.20_ep600_pat40_lr3.0e-04_wd1.0e-05_319402-2
 seed  = 4
==========================================
Model: bs2048_a0.20_b0.20_ep600_pat40_lr3.0e-04_wd1.0e-05_319402-2
Injection seed: 4
Output dir: /data/wiay/postgrads/shashwat/COMM_DATA/results/CALLIBRATION_S3_L1/bs2048_a0.20_b0.20_ep600_pat40_lr3.0e-04_wd1.0e-05_319402-2/inj_0004
{
  "kappa": {
    "true": 4.720974917304601,
    "median": 4.4278802273659625,
    "ci_lo": 4.180848028020118,
    "ci_hi": 4.690522877430912,
    "covered": false,
    "insertion_percentile": 0.9653194263363755
  },
  "mu_xi": {
    "true": 0.05113275528143616,
    "median": 0.042115231224862305,
    "ci_lo": 0.009284588351490488,
    "ci_hi": 0.05254962487205332,
    "covered": true,
    "insertion_percentile": 0.8498044328552803
  },
  "sigma_chi": {
    "true": 0.5869340381392373,
    "median": 0.35450178728684417,
    "ci_lo": 0.09814836226502989,
    "ci_hi": 0.5644989483103984,
    "covered": false,
    "insertion_percentile": 0.9796610169491525
  },
  "sigma_xi": {
    "true": 0.07829260836346078,
    "median": 0.15653763597782505,
    "ci_lo": 0.060500272622307984,
    "ci_hi": 0.3002177198904492,
    "covered": true,
    "insertion_percentile": 0.14028683181225554
  },
  "rho": {
    "true": 0.19324049759105344,
    "median": 0.04532572580031396,
    "ci_lo": -0.8112677081062357,
    "ci_hi": 0.8151097818131514,
    "covered": true,
    "insertion_percentile": 0.5718383311603651
  },
  "lambda_chi": {
    "true": -0.12351341562272744,
    "median": -0.06274387668929587,
    "ci_lo": -0.4615081951120005,
    "ci_hi": 0.42435833210086754,
    "covered": true,
    "insertion_percentile": 0.44041720990873534
  },
  "chi0": {
    "true": 0.30190120698580725,
    "median": 0.2685984446546361,
    "ci_lo": 0.1540493801472809,
    "ci_hi": 0.365753312113118,
    "covered": true,
    "insertion_percentile": 0.6474576271186441
  },
  "xi0": {
    "true": 2.936319540360071,
    "median": 2.9595312135426157,
    "ci_lo": 2.8663519969264017,
    "ci_hi": 3.0710045627667415,
    "covered": true,
    "insertion_percentile": 0.3963494132985658
  }
}
Saved KDE posterior plot to /data/wiay/postgrads/shashwat/COMM_DATA/results/CALLIBRATION_S3_L1/bs2048_a0.20_b0.20_ep600_pat40_lr3.0e-04_wd1.0e-05_319402-2/inj_0004/posterior_kde.png
