==========================================
 Stage 3 Layer 1 injection
 model = bs2048_a0.20_b0.20_ep600_pat40_lr3.0e-04_wd1.0e-05_319402-2
 seed  = 51
==========================================
Model: bs2048_a0.20_b0.20_ep600_pat40_lr3.0e-04_wd1.0e-05_319402-2
Injection seed: 51
Output dir: /data/wiay/postgrads/shashwat/COMM_DATA/results/CALLIBRATION_S3_L1/bs2048_a0.20_b0.20_ep600_pat40_lr3.0e-04_wd1.0e-05_319402-2/inj_0051
{
  "kappa": {
    "true": 4.717961861725042,
    "median": 4.719856521521285,
    "ci_lo": 4.6127680982268275,
    "ci_hi": 4.810105606452485,
    "covered": true,
    "insertion_percentile": 0.4888065982157886
  },
  "mu_xi": {
    "true": 0.030713836078874013,
    "median": 0.0331536290923762,
    "ci_lo": 0.01335352575698265,
    "ci_hi": 0.03733848412022641,
    "covered": true,
    "insertion_percentile": 0.3799023733378219
  },
  "sigma_chi": {
    "true": 0.19019864892789684,
    "median": 0.2865732670160645,
    "ci_lo": 0.10554848108270568,
    "ci_hi": 0.4893340297152932,
    "covered": true,
    "insertion_percentile": 0.21427369129776133
  },
  "sigma_xi": {
    "true": 0.12791648374657733,
    "median": 0.10700231267307392,
    "ci_lo": 0.056010535707316914,
    "ci_hi": 0.22591513146081146,
    "covered": true,
    "insertion_percentile": 0.620097626662178
  },
  "rho": {
    "true": 0.5151675972345758,
    "median": 0.6417037261154142,
    "ci_lo": -0.7786078226288268,
    "ci_hi": 0.8798524732463837,
    "covered": true,
    "insertion_percentile": 0.390506648712338
  },
  "lambda_chi": {
    "true": -0.2832919552729509,
    "median": -0.15521166754023885,
    "ci_lo": -0.36968493557651916,
    "ci_hi": 0.06368620280108936,
    "covered": true,
    "insertion_percentile": 0.17539134825786903
  },
  "chi0": {
    "true": 0.3057265038110999,
    "median": 0.2781314712912356,
    "ci_lo": 0.228869482781012,
    "ci_hi": 0.3216228932608685,
    "covered": true,
    "insertion_percentile": 0.8266285137182292
  },
  "xi0": {
    "true": 4.331645366261713,
    "median": 4.356592317505047,
    "ci_lo": 4.313727125916876,
    "ci_hi": 4.402746937428437,
    "covered": true,
    "insertion_percentile": 0.19390674970543678
  }
}
Saved KDE posterior plot to /data/wiay/postgrads/shashwat/COMM_DATA/results/CALLIBRATION_S3_L1/bs2048_a0.20_b0.20_ep600_pat40_lr3.0e-04_wd1.0e-05_319402-2/inj_0051/posterior_kde.png
