==========================================
 Stage 3 Layer 1 injection
 model = bs2048_a0.10_b0.10_ep600_pat40_lr1.0e-04_wd1.0e-05_319402-5
 seed  = 62
==========================================
Model: bs2048_a0.10_b0.10_ep600_pat40_lr1.0e-04_wd1.0e-05_319402-5
Injection seed: 62
Output dir: /data/wiay/postgrads/shashwat/COMM_DATA/results/CALLIBRATION_S3_L1/bs2048_a0.10_b0.10_ep600_pat40_lr1.0e-04_wd1.0e-05_319402-5/inj_0062
{
  "kappa": {
    "true": 3.085668817603375,
    "median": 3.0656030297400196,
    "ci_lo": 2.993188049139255,
    "ci_hi": 3.1346355820355045,
    "covered": true,
    "insertion_percentile": 0.6824082784571966
  },
  "mu_xi": {
    "true": 0.07477733040151792,
    "median": 0.07699180034186737,
    "ci_lo": 0.04080841222265021,
    "ci_hi": 0.08305354330970859,
    "covered": true,
    "insertion_percentile": 0.3657572906867357
  },
  "sigma_chi": {
    "true": 0.4793835613858847,
    "median": 0.3848640889602849,
    "ci_lo": 0.24935673611020878,
    "ci_hi": 0.4902459063894878,
    "covered": true,
    "insertion_percentile": 0.9322671683913453
  },
  "sigma_xi": {
    "true": 0.15074936524748647,
    "median": 0.13487817828453463,
    "ci_lo": 0.07666048977580647,
    "ci_hi": 0.30099183306636373,
    "covered": true,
    "insertion_percentile": 0.6372530573847601
  },
  "rho": {
    "true": 0.3478255425140363,
    "median": 0.07456290380746443,
    "ci_lo": -0.6775592552626698,
    "ci_hi": 0.6799334006968369,
    "covered": true,
    "insertion_percentile": 0.7281279397930386
  },
  "lambda_chi": {
    "true": 0.42607275921826304,
    "median": 0.3257072007844364,
    "ci_lo": -0.429401423633762,
    "ci_hi": 0.4537189783140908,
    "covered": true,
    "insertion_percentile": 0.8748824082784572
  },
  "chi0": {
    "true": 0.013634988856267682,
    "median": 0.036750266464190856,
    "ci_lo": -0.006660856861315582,
    "ci_hi": 0.2701598184865579,
    "covered": true,
    "insertion_percentile": 0.22539981185324554
  },
  "xi0": {
    "true": 4.684874719198028,
    "median": 4.663237058588109,
    "ci_lo": 4.431218209743986,
    "ci_hi": 4.707157486094882,
    "covered": true,
    "insertion_percentile": 0.7540921919096896
  }
}
Saved KDE posterior plot to /data/wiay/postgrads/shashwat/COMM_DATA/results/CALLIBRATION_S3_L1/bs2048_a0.10_b0.10_ep600_pat40_lr1.0e-04_wd1.0e-05_319402-5/inj_0062/posterior_kde.png
