==========================================
 Stage 3 Layer 1 injection
 model = bs2048_a0.05_b0.05_ep600_pat40_lr3.0e-04_wd1.0e-05_319402-1
 seed  = 16
==========================================
Model: bs2048_a0.05_b0.05_ep600_pat40_lr3.0e-04_wd1.0e-05_319402-1
Injection seed: 16
Output dir: /data/wiay/postgrads/shashwat/COMM_DATA/results/CALLIBRATION_S3_L1/bs2048_a0.05_b0.05_ep600_pat40_lr3.0e-04_wd1.0e-05_319402-1/inj_0016
{
  "kappa": {
    "true": 2.877892510508889,
    "median": 2.884073325754616,
    "ci_lo": 2.843195090499489,
    "ci_hi": 2.944857645247454,
    "covered": true,
    "insertion_percentile": 0.4276638228353603
  },
  "mu_xi": {
    "true": 0.04307441454901856,
    "median": 0.03618073030656847,
    "ci_lo": 0.010335189357916327,
    "ci_hi": 0.05112295820212652,
    "covered": true,
    "insertion_percentile": 0.7068433472499546
  },
  "sigma_chi": {
    "true": 0.1017406040038385,
    "median": 0.20186939080715186,
    "ci_lo": 0.08467038778338362,
    "ci_hi": 0.39865591613399776,
    "covered": true,
    "insertion_percentile": 0.10183336358685786
  },
  "sigma_xi": {
    "true": 0.17182784265259843,
    "median": 0.2075710108024922,
    "ci_lo": 0.11464435546273762,
    "ci_hi": 0.30747162404097644,
    "covered": true,
    "insertion_percentile": 0.29769468143038663
  },
  "rho": {
    "true": 0.21871626908522301,
    "median": 0.22068027455116007,
    "ci_lo": -0.5706058338270492,
    "ci_hi": 0.7725864328776816,
    "covered": true,
    "insertion_percentile": 0.4970049010709748
  },
  "lambda_chi": {
    "true": -0.4783449968172895,
    "median": -0.3055292073295854,
    "ci_lo": -0.44956810175577744,
    "ci_hi": 0.2947927892463718,
    "covered": false,
    "insertion_percentile": 0.010165184243964422
  },
  "chi0": {
    "true": 0.3746323779455377,
    "median": 0.3166797299888896,
    "ci_lo": 0.10839804560087418,
    "ci_hi": 0.3676922605151505,
    "covered": false,
    "insertion_percentile": 0.9809402795425667
  },
  "xi0": {
    "true": 4.635123828817355,
    "median": 4.69006764015547,
    "ci_lo": 4.641750018455378,
    "ci_hi": 4.898202190555439,
    "covered": false,
    "insertion_percentile": 0.017789072426937738
  }
}
Saved KDE posterior plot to /data/wiay/postgrads/shashwat/COMM_DATA/results/CALLIBRATION_S3_L1/bs2048_a0.05_b0.05_ep600_pat40_lr3.0e-04_wd1.0e-05_319402-1/inj_0016/posterior_kde.png
