==========================================
 Stage 3 Layer 1 injection
 model = bs4096_a0.10_b0.10_ep600_pat40_lr3.0e-04_wd1.0e-05_319402-4
 seed  = 41
==========================================
Model: bs4096_a0.10_b0.10_ep600_pat40_lr3.0e-04_wd1.0e-05_319402-4
Injection seed: 41
Output dir: /data/wiay/postgrads/shashwat/COMM_DATA/results/CALLIBRATION_S3_L1/bs4096_a0.10_b0.10_ep600_pat40_lr3.0e-04_wd1.0e-05_319402-4/inj_0041
{
  "kappa": {
    "true": 4.775340404513822,
    "median": 4.756311654288887,
    "ci_lo": 3.9073397602671776,
    "ci_hi": 4.98122558955289,
    "covered": true,
    "insertion_percentile": 0.5259701492537313
  },
  "mu_xi": {
    "true": 0.07679320906355994,
    "median": 0.07327410934810909,
    "ci_lo": 0.057410838614312676,
    "ci_hi": 0.08896189219884704,
    "covered": true,
    "insertion_percentile": 0.6529353233830846
  },
  "sigma_chi": {
    "true": 0.11928391073351113,
    "median": 0.11056345976087419,
    "ci_lo": 0.058334708330011364,
    "ci_hi": 0.26357832110629287,
    "covered": true,
    "insertion_percentile": 0.570547263681592
  },
  "sigma_xi": {
    "true": 0.3394458300757607,
    "median": 0.3496278043406853,
    "ci_lo": 0.30176917932000874,
    "ci_hi": 0.39218798965909946,
    "covered": true,
    "insertion_percentile": 0.3472636815920398
  },
  "rho": {
    "true": 0.628329732176152,
    "median": 0.6000193496104331,
    "ci_lo": -0.2307584990247037,
    "ci_hi": 0.8577049617163702,
    "covered": true,
    "insertion_percentile": 0.5412935323383085
  },
  "lambda_chi": {
    "true": -0.15021716333542656,
    "median": -0.1503633266975827,
    "ci_lo": -0.24117648334971323,
    "ci_hi": -0.03654208536251491,
    "covered": true,
    "insertion_percentile": 0.5006965174129353
  },
  "chi0": {
    "true": 0.011409234715459626,
    "median": 0.009815861291556292,
    "ci_lo": -0.010576894378789666,
    "ci_hi": 0.03225901498424184,
    "covered": true,
    "insertion_percentile": 0.5522388059701493
  },
  "xi0": {
    "true": 4.006249771241607,
    "median": 4.006151145363258,
    "ci_lo": 3.984253236782398,
    "ci_hi": 4.026525720273022,
    "covered": true,
    "insertion_percentile": 0.5046766169154229
  }
}
Saved KDE posterior plot to /data/wiay/postgrads/shashwat/COMM_DATA/results/CALLIBRATION_S3_L1/bs4096_a0.10_b0.10_ep600_pat40_lr3.0e-04_wd1.0e-05_319402-4/inj_0041/posterior_kde.png
