==========================================
 Stage 3 Layer 1 injection
 model = bs1024_a0.10_b0.10_ep600_pat40_lr3.0e-04_wd1.0e-05_319402-3
 seed  = 35
==========================================
Model: bs1024_a0.10_b0.10_ep600_pat40_lr3.0e-04_wd1.0e-05_319402-3
Injection seed: 35
Output dir: /data/wiay/postgrads/shashwat/COMM_DATA/results/CALLIBRATION_S3_L1/bs1024_a0.10_b0.10_ep600_pat40_lr3.0e-04_wd1.0e-05_319402-3/inj_0035
{
  "kappa": {
    "true": 1.7559528385302505,
    "median": 1.7710227508392773,
    "ci_lo": 1.752156107150695,
    "ci_hi": 1.788407627585209,
    "covered": true,
    "insertion_percentile": 0.0964542000844238
  },
  "mu_xi": {
    "true": 0.045849555610335296,
    "median": 0.04694105919168372,
    "ci_lo": 0.04026587352884448,
    "ci_hi": 0.05367321481749728,
    "covered": true,
    "insertion_percentile": 0.4035457999155762
  },
  "sigma_chi": {
    "true": 0.564253767967397,
    "median": 0.5744618376451165,
    "ci_lo": 0.5451463281540384,
    "ci_hi": 0.5958503858304387,
    "covered": true,
    "insertion_percentile": 0.2785985647952723
  },
  "sigma_xi": {
    "true": 0.38138899351141226,
    "median": 0.3788534768836931,
    "ci_lo": 0.36060650686321716,
    "ci_hi": 0.39639998498120205,
    "covered": true,
    "insertion_percentile": 0.5844238075137189
  },
  "rho": {
    "true": -0.7257864353616279,
    "median": -0.684499539696998,
    "ci_lo": -0.7646753374533835,
    "ci_hi": -0.6068803963790885,
    "covered": true,
    "insertion_percentile": 0.1956521739130435
  },
  "lambda_chi": {
    "true": -0.49910797841859456,
    "median": -0.44366697834058166,
    "ci_lo": -0.4951609706620852,
    "ci_hi": -0.3312199355892449,
    "covered": false,
    "insertion_percentile": 0.008442380751371888
  },
  "chi0": {
    "true": -0.04671206340604084,
    "median": -0.07478933458160109,
    "ci_lo": -0.1453824445900971,
    "ci_hi": -0.04224591447184638,
    "covered": true,
    "insertion_percentile": 0.89489235964542
  },
  "xi0": {
    "true": 4.770814918638323,
    "median": 4.79746646201478,
    "ci_lo": 4.765148033457489,
    "ci_hi": 4.867842366084412,
    "covered": true,
    "insertion_percentile": 0.12431405656395103
  }
}
Saved KDE posterior plot to /data/wiay/postgrads/shashwat/COMM_DATA/results/CALLIBRATION_S3_L1/bs1024_a0.10_b0.10_ep600_pat40_lr3.0e-04_wd1.0e-05_319402-3/inj_0035/posterior_kde.png
