==========================================
 Stage 3 Layer 1 injection
 model = bs2048_a0.10_b0.10_ep600_pat40_lr3.0e-04_wd1.0e-05_319402-0
 seed  = 37
==========================================
Model: bs2048_a0.10_b0.10_ep600_pat40_lr3.0e-04_wd1.0e-05_319402-0
Injection seed: 37
Output dir: /data/wiay/postgrads/shashwat/COMM_DATA/results/CALLIBRATION_S3_L1/bs2048_a0.10_b0.10_ep600_pat40_lr3.0e-04_wd1.0e-05_319402-0/inj_0037
{
  "kappa": {
    "true": 3.550349854906491,
    "median": 3.566953082382873,
    "ci_lo": 3.48071710424841,
    "ci_hi": 3.658084899219773,
    "covered": true,
    "insertion_percentile": 0.38058405682715074
  },
  "mu_xi": {
    "true": 0.06616687208024741,
    "median": 0.04315880966036854,
    "ci_lo": 0.031021169016326067,
    "ci_hi": 0.0946384437716033,
    "covered": true,
    "insertion_percentile": 0.7782162588792423
  },
  "sigma_chi": {
    "true": 0.08794627992761236,
    "median": 0.1756621213111003,
    "ci_lo": 0.059584624770726576,
    "ci_hi": 0.55844079916135,
    "covered": true,
    "insertion_percentile": 0.18484609313338596
  },
  "sigma_xi": {
    "true": 0.2959805764884016,
    "median": 0.3656860425479469,
    "ci_lo": 0.17514266501952788,
    "ci_hi": 0.3976470484016335,
    "covered": true,
    "insertion_percentile": 0.2219415943172849
  },
  "rho": {
    "true": -0.3258680145943934,
    "median": -0.560622057114199,
    "ci_lo": -0.8790422927652163,
    "ci_hi": 0.634759290945412,
    "covered": true,
    "insertion_percentile": 0.6378847671665351
  },
  "lambda_chi": {
    "true": -0.04990432578964277,
    "median": 0.10295556348196945,
    "ci_lo": -0.11069514586125441,
    "ci_hi": 0.4291643915987225,
    "covered": true,
    "insertion_percentile": 0.19431728492501973
  },
  "chi0": {
    "true": 0.4806145334024735,
    "median": 0.44480957247267755,
    "ci_lo": 0.3500635878287753,
    "ci_hi": 0.49606924011209746,
    "covered": true,
    "insertion_percentile": 0.7677979479084451
  },
  "xi0": {
    "true": 2.6610802417961303,
    "median": 2.698130786617589,
    "ci_lo": 2.645882604553271,
    "ci_hi": 2.794080456176723,
    "covered": true,
    "insertion_percentile": 0.19968429360694553
  }
}
Saved KDE posterior plot to /data/wiay/postgrads/shashwat/COMM_DATA/results/CALLIBRATION_S3_L1/bs2048_a0.10_b0.10_ep600_pat40_lr3.0e-04_wd1.0e-05_319402-0/inj_0037/posterior_kde.png
