==========================================
 Stage 3 Layer 1 injection
 model = bs4096_a0.10_b0.10_ep600_pat40_lr3.0e-04_wd1.0e-05_319402-4
 seed  = 57
==========================================
Model: bs4096_a0.10_b0.10_ep600_pat40_lr3.0e-04_wd1.0e-05_319402-4
Injection seed: 57
Output dir: /data/wiay/postgrads/shashwat/COMM_DATA/results/CALLIBRATION_S3_L1/bs4096_a0.10_b0.10_ep600_pat40_lr3.0e-04_wd1.0e-05_319402-4/inj_0057
{
  "kappa": {
    "true": 3.452416845462155,
    "median": 3.5233328184453883,
    "ci_lo": 3.4433485401935338,
    "ci_hi": 3.58315414683172,
    "covered": true,
    "insertion_percentile": 0.0652036294576915
  },
  "mu_xi": {
    "true": 0.04683119682175685,
    "median": 0.04538327047376711,
    "ci_lo": 0.028676887078840304,
    "ci_hi": 0.055925904509459716,
    "covered": true,
    "insertion_percentile": 0.5564465077020468
  },
  "sigma_chi": {
    "true": 0.5126785183635331,
    "median": 0.2890758086760893,
    "ci_lo": 0.14313655553729654,
    "ci_hi": 0.5160697033474733,
    "covered": true,
    "insertion_percentile": 0.9445030597172399
  },
  "sigma_xi": {
    "true": 0.1691119327505421,
    "median": 0.1774876540669139,
    "ci_lo": 0.10147423612868596,
    "ci_hi": 0.2545987125974351,
    "covered": true,
    "insertion_percentile": 0.4431314623338257
  },
  "rho": {
    "true": -0.19112114480706366,
    "median": -0.41575786272405396,
    "ci_lo": -0.7686199133750594,
    "ci_hi": 0.20273995807762618,
    "covered": true,
    "insertion_percentile": 0.757754800590842
  },
  "lambda_chi": {
    "true": -0.34355801538886943,
    "median": -0.2634815190459697,
    "ci_lo": -0.44368622412191633,
    "ci_hi": 0.3037445043094691,
    "covered": true,
    "insertion_percentile": 0.273897446718717
  },
  "chi0": {
    "true": -0.07078186225135885,
    "median": -0.10412805096363158,
    "ci_lo": -0.25518584966153657,
    "ci_hi": -0.052526387192992456,
    "covered": true,
    "insertion_percentile": 0.8098755011605824
  },
  "xi0": {
    "true": 4.315848589375568,
    "median": 4.353109926627572,
    "ci_lo": 4.303203062148812,
    "ci_hi": 4.504657470824927,
    "covered": true,
    "insertion_percentile": 0.1447562776957164
  }
}
Saved KDE posterior plot to /data/wiay/postgrads/shashwat/COMM_DATA/results/CALLIBRATION_S3_L1/bs4096_a0.10_b0.10_ep600_pat40_lr3.0e-04_wd1.0e-05_319402-4/inj_0057/posterior_kde.png
