==========================================
 Stage 3 Layer 1 injection
 model = bs4096_a0.10_b0.10_ep600_pat40_lr3.0e-04_wd1.0e-05_319402-4
 seed  = 47
==========================================
Model: bs4096_a0.10_b0.10_ep600_pat40_lr3.0e-04_wd1.0e-05_319402-4
Injection seed: 47
Output dir: /data/wiay/postgrads/shashwat/COMM_DATA/results/CALLIBRATION_S3_L1/bs4096_a0.10_b0.10_ep600_pat40_lr3.0e-04_wd1.0e-05_319402-4/inj_0047
{
  "kappa": {
    "true": 3.7348297737485474,
    "median": 3.7328273827675833,
    "ci_lo": 3.701564665391633,
    "ci_hi": 3.7701852743503754,
    "covered": true,
    "insertion_percentile": 0.5382244143033292
  },
  "mu_xi": {
    "true": 0.07536688171196079,
    "median": 0.076062573229119,
    "ci_lo": 0.07352895707485343,
    "ci_hi": 0.07746206783828583,
    "covered": true,
    "insertion_percentile": 0.2979860254829429
  },
  "sigma_chi": {
    "true": 0.30584929602621586,
    "median": 0.3012048680981949,
    "ci_lo": 0.19476260878620996,
    "ci_hi": 0.3865573071623859,
    "covered": true,
    "insertion_percentile": 0.531442663378545
  },
  "sigma_xi": {
    "true": 0.0863037603767622,
    "median": 0.07813017661084629,
    "ci_lo": 0.05720809220852495,
    "ci_hi": 0.10545535349383109,
    "covered": true,
    "insertion_percentile": 0.7001644060830251
  },
  "rho": {
    "true": 0.8403333296863206,
    "median": 0.7113682277701485,
    "ci_lo": 0.47739461675582034,
    "ci_hi": 0.8628387172677427,
    "covered": true,
    "insertion_percentile": 0.8982737361282368
  },
  "lambda_chi": {
    "true": -0.17924967912071899,
    "median": -0.21367073163207848,
    "ci_lo": -0.318117684994123,
    "ci_hi": -0.0728425513987741,
    "covered": true,
    "insertion_percentile": 0.6681052198931361
  },
  "chi0": {
    "true": -0.2996684487815737,
    "median": -0.29203143144566557,
    "ci_lo": -0.331658706384034,
    "ci_hi": -0.2599445610040384,
    "covered": true,
    "insertion_percentile": 0.3738183312782573
  },
  "xi0": {
    "true": 4.644397972982736,
    "median": 4.636683731780037,
    "ci_lo": 4.605045559853377,
    "ci_hi": 4.676041568708065,
    "covered": true,
    "insertion_percentile": 0.6298808055898069
  }
}
Saved KDE posterior plot to /data/wiay/postgrads/shashwat/COMM_DATA/results/CALLIBRATION_S3_L1/bs4096_a0.10_b0.10_ep600_pat40_lr3.0e-04_wd1.0e-05_319402-4/inj_0047/posterior_kde.png
