==========================================
 Stage 3 Layer 1 injection
 model = bs2048_a0.10_b0.10_ep600_pat40_lr3.0e-04_wd1.0e-05_319402-0
 seed  = 16
==========================================
Model: bs2048_a0.10_b0.10_ep600_pat40_lr3.0e-04_wd1.0e-05_319402-0
Injection seed: 16
Output dir: /data/wiay/postgrads/shashwat/COMM_DATA/results/CALLIBRATION_S3_L1/bs2048_a0.10_b0.10_ep600_pat40_lr3.0e-04_wd1.0e-05_319402-0/inj_0016
{
  "kappa": {
    "true": 2.877892510508889,
    "median": 2.8637872010641012,
    "ci_lo": 2.831963494895381,
    "ci_hi": 2.88598754531729,
    "covered": true,
    "insertion_percentile": 0.8512646281615704
  },
  "mu_xi": {
    "true": 0.04307441454901856,
    "median": 0.04706778111383636,
    "ci_lo": 0.041098866341447556,
    "ci_hi": 0.05114698726408873,
    "covered": true,
    "insertion_percentile": 0.11400528501321253
  },
  "sigma_chi": {
    "true": 0.1017406040038385,
    "median": 0.12255179101041463,
    "ci_lo": 0.06333454553136128,
    "ci_hi": 0.21661379062272385,
    "covered": true,
    "insertion_percentile": 0.3131370328425821
  },
  "sigma_xi": {
    "true": 0.17182784265259843,
    "median": 0.14665795786982977,
    "ci_lo": 0.11612896306618413,
    "ci_hi": 0.18303093496620312,
    "covered": true,
    "insertion_percentile": 0.8876934692336731
  },
  "rho": {
    "true": 0.21871626908522301,
    "median": 0.4964956718303166,
    "ci_lo": -0.07775358581637101,
    "ci_hi": 0.8158327014399788,
    "covered": true,
    "insertion_percentile": 0.16062665156662892
  },
  "lambda_chi": {
    "true": -0.4783449968172895,
    "median": -0.4724001646737121,
    "ci_lo": -0.49730844239791083,
    "ci_hi": -0.3987161647448303,
    "covered": true,
    "insertion_percentile": 0.41223103057757643
  },
  "chi0": {
    "true": 0.3746323779455377,
    "median": 0.37493241010863476,
    "ci_lo": 0.3487495742863335,
    "ci_hi": 0.3861805064583841,
    "covered": true,
    "insertion_percentile": 0.48640996602491504
  },
  "xi0": {
    "true": 4.635123828817355,
    "median": 4.633989038727378,
    "ci_lo": 4.622410909431416,
    "ci_hi": 4.66027550241953,
    "covered": true,
    "insertion_percentile": 0.5477538693846734
  }
}
Saved KDE posterior plot to /data/wiay/postgrads/shashwat/COMM_DATA/results/CALLIBRATION_S3_L1/bs2048_a0.10_b0.10_ep600_pat40_lr3.0e-04_wd1.0e-05_319402-0/inj_0016/posterior_kde.png
