==========================================
 Stage 3 Layer 1 injection
 model = bs2048_a0.10_b0.10_ep600_pat40_lr1.0e-04_wd1.0e-05_319402-5
 seed  = 14
==========================================
Model: bs2048_a0.10_b0.10_ep600_pat40_lr1.0e-04_wd1.0e-05_319402-5
Injection seed: 14
Output dir: /data/wiay/postgrads/shashwat/COMM_DATA/results/CALLIBRATION_S3_L1/bs2048_a0.10_b0.10_ep600_pat40_lr1.0e-04_wd1.0e-05_319402-5/inj_0014
{
  "kappa": {
    "true": 4.171818262556646,
    "median": 4.233882734943795,
    "ci_lo": 4.178056941802299,
    "ci_hi": 4.29216986479505,
    "covered": false,
    "insertion_percentile": 0.03345425231761386
  },
  "mu_xi": {
    "true": 0.03609466668342566,
    "median": 0.04652136296512389,
    "ci_lo": 0.034795506655947724,
    "ci_hi": 0.07157228787542506,
    "covered": true,
    "insertion_percentile": 0.07900040306328093
  },
  "sigma_chi": {
    "true": 0.43650661807013014,
    "median": 0.46651170820619625,
    "ci_lo": 0.13743918332917368,
    "ci_hi": 0.563583527755996,
    "covered": true,
    "insertion_percentile": 0.40467553405884726
  },
  "sigma_xi": {
    "true": 0.3510415753284081,
    "median": 0.3199728356274455,
    "ci_lo": 0.22826383417624208,
    "ci_hi": 0.35483767746418987,
    "covered": true,
    "insertion_percentile": 0.9189842805320435
  },
  "rho": {
    "true": 0.25437146541869626,
    "median": 0.08467140763015811,
    "ci_lo": -0.7142366067762761,
    "ci_hi": 0.5523121518069111,
    "covered": true,
    "insertion_percentile": 0.7142281338170092
  },
  "lambda_chi": {
    "true": 0.04836320881331391,
    "median": 0.012084327082343936,
    "ci_lo": -0.3013612636244911,
    "ci_hi": 0.26125404851429573,
    "covered": true,
    "insertion_percentile": 0.5671100362756953
  },
  "chi0": {
    "true": 0.2623134225311933,
    "median": 0.2762129305595977,
    "ci_lo": 0.2131846826713651,
    "ci_hi": 0.33167395859089616,
    "covered": true,
    "insertion_percentile": 0.3845223700120919
  },
  "xi0": {
    "true": 4.290785956600101,
    "median": 4.281058882853987,
    "ci_lo": 4.231382895607189,
    "ci_hi": 4.341617342902249,
    "covered": true,
    "insertion_percentile": 0.5945183393792826
  }
}
Saved KDE posterior plot to /data/wiay/postgrads/shashwat/COMM_DATA/results/CALLIBRATION_S3_L1/bs2048_a0.10_b0.10_ep600_pat40_lr1.0e-04_wd1.0e-05_319402-5/inj_0014/posterior_kde.png
