==========================================
 Stage 3 Layer 1 injection
 model = bs2048_a0.05_b0.05_ep600_pat40_lr3.0e-04_wd1.0e-05_319402-1
 seed  = 23
==========================================
Model: bs2048_a0.05_b0.05_ep600_pat40_lr3.0e-04_wd1.0e-05_319402-1
Injection seed: 23
Output dir: /data/wiay/postgrads/shashwat/COMM_DATA/results/CALLIBRATION_S3_L1/bs2048_a0.05_b0.05_ep600_pat40_lr3.0e-04_wd1.0e-05_319402-1/inj_0023
{
  "kappa": {
    "true": 3.500272095221085,
    "median": 3.3429932674165443,
    "ci_lo": 3.1442082314772777,
    "ci_hi": 3.5463605082674947,
    "covered": true,
    "insertion_percentile": 0.9007215725304802
  },
  "mu_xi": {
    "true": 0.06414582208782306,
    "median": 0.040643713049552166,
    "ci_lo": 0.004129316308045658,
    "ci_hi": 0.06608106124349052,
    "covered": true,
    "insertion_percentile": 0.8728539437671062
  },
  "sigma_chi": {
    "true": 0.12075432337469992,
    "median": 0.3776109219097886,
    "ci_lo": 0.09030256476545759,
    "ci_hi": 0.5627423635297095,
    "covered": true,
    "insertion_percentile": 0.08882806668325455
  },
  "sigma_xi": {
    "true": 0.08979781754596527,
    "median": 0.23490301822172327,
    "ci_lo": 0.06567322233880726,
    "ci_hi": 0.35806187729907796,
    "covered": true,
    "insertion_percentile": 0.12266733018163722
  },
  "rho": {
    "true": 0.2760219384022572,
    "median": 0.13095004981694092,
    "ci_lo": -0.775062248952086,
    "ci_hi": 0.814612240115155,
    "covered": true,
    "insertion_percentile": 0.5901965663100274
  },
  "lambda_chi": {
    "true": 0.35345710596516067,
    "median": 0.07749372201786112,
    "ci_lo": -0.3997302491297863,
    "ci_hi": 0.4402343245091879,
    "covered": true,
    "insertion_percentile": 0.8270714107987062
  },
  "chi0": {
    "true": -0.2982208655595937,
    "median": -0.20329537877785375,
    "ci_lo": -0.3207921823517322,
    "ci_hi": -0.06820173328554523,
    "covered": true,
    "insertion_percentile": 0.13361532719581987
  },
  "xi0": {
    "true": 3.04504659271434,
    "median": 2.954464455301664,
    "ci_lo": 2.819960856989944,
    "ci_hi": 3.072686554721469,
    "covered": true,
    "insertion_percentile": 0.853446130878328
  }
}
Saved KDE posterior plot to /data/wiay/postgrads/shashwat/COMM_DATA/results/CALLIBRATION_S3_L1/bs2048_a0.05_b0.05_ep600_pat40_lr3.0e-04_wd1.0e-05_319402-1/inj_0023/posterior_kde.png
