==========================================
 Stage 3 Layer 1 injection
 model = bs2048_a0.10_b0.10_ep600_pat40_lr3.0e-04_wd1.0e-04_319402-6
 seed  = 44
==========================================
Model: bs2048_a0.10_b0.10_ep600_pat40_lr3.0e-04_wd1.0e-04_319402-6
Injection seed: 44
Output dir: /data/wiay/postgrads/shashwat/COMM_DATA/results/CALLIBRATION_S3_L1/bs2048_a0.10_b0.10_ep600_pat40_lr3.0e-04_wd1.0e-04_319402-6/inj_0044
{
  "kappa": {
    "true": 0.7005709974019708,
    "median": 0.6647916128443068,
    "ci_lo": 0.6331396274012678,
    "ci_hi": 0.7184850289545499,
    "covered": true,
    "insertion_percentile": 0.8714065708418891
  },
  "mu_xi": {
    "true": 0.025811307477277303,
    "median": 0.07165483060913133,
    "ci_lo": 0.03170690101492347,
    "ci_hi": 0.09762174167954761,
    "covered": false,
    "insertion_percentile": 0.015400410677618069
  },
  "sigma_chi": {
    "true": 0.2731739003016221,
    "median": 0.17568701236321843,
    "ci_lo": 0.06672437443229431,
    "ci_hi": 0.32328174227686846,
    "covered": true,
    "insertion_percentile": 0.8575462012320328
  },
  "sigma_xi": {
    "true": 0.38921438185054774,
    "median": 0.24681377668036084,
    "ci_lo": 0.09527755915674359,
    "ci_hi": 0.3748971114676989,
    "covered": false,
    "insertion_percentile": 0.9830595482546202
  },
  "rho": {
    "true": -0.6078291753859797,
    "median": -0.039956976667715444,
    "ci_lo": -0.7688862198680183,
    "ci_hi": 0.7634115081204349,
    "covered": true,
    "insertion_percentile": 0.1324435318275154
  },
  "lambda_chi": {
    "true": 0.35729367355677155,
    "median": 0.215895452877769,
    "ci_lo": -0.07701936624111456,
    "ci_hi": 0.4583348077481335,
    "covered": true,
    "insertion_percentile": 0.771047227926078
  },
  "chi0": {
    "true": -0.3369547289289345,
    "median": -0.0647650168060185,
    "ci_lo": -0.4292984802406389,
    "ci_hi": 0.3709159156769939,
    "covered": true,
    "insertion_percentile": 0.15580082135523615
  },
  "xi0": {
    "true": 3.3449048724147934,
    "median": 3.0744674634240114,
    "ci_lo": 2.6396714321944885,
    "ci_hi": 3.440195955129384,
    "covered": true,
    "insertion_percentile": 0.8408624229979466
  }
}
Saved KDE posterior plot to /data/wiay/postgrads/shashwat/COMM_DATA/results/CALLIBRATION_S3_L1/bs2048_a0.10_b0.10_ep600_pat40_lr3.0e-04_wd1.0e-04_319402-6/inj_0044/posterior_kde.png
