==========================================
 Stage 3 Layer 1 injection
 model = bs2048_a0.10_b0.10_ep600_pat40_lr3.0e-04_wd1.0e-04_319402-6
 seed  = 53
==========================================
Model: bs2048_a0.10_b0.10_ep600_pat40_lr3.0e-04_wd1.0e-04_319402-6
Injection seed: 53
Output dir: /data/wiay/postgrads/shashwat/COMM_DATA/results/CALLIBRATION_S3_L1/bs2048_a0.10_b0.10_ep600_pat40_lr3.0e-04_wd1.0e-04_319402-6/inj_0053
{
  "kappa": {
    "true": 0.15452227336490462,
    "median": 0.16351979226967783,
    "ci_lo": 0.14887323487121,
    "ci_hi": 0.18262906836936735,
    "covered": true,
    "insertion_percentile": 0.1871006389776358
  },
  "mu_xi": {
    "true": 0.07189106537677009,
    "median": 0.0636354632852124,
    "ci_lo": 0.05267951092978727,
    "ci_hi": 0.07667878135948408,
    "covered": true,
    "insertion_percentile": 0.8720047923322684
  },
  "sigma_chi": {
    "true": 0.23211995513304734,
    "median": 0.2743440935751228,
    "ci_lo": 0.16582081206646151,
    "ci_hi": 0.3463810117483088,
    "covered": true,
    "insertion_percentile": 0.24361022364217252
  },
  "sigma_xi": {
    "true": 0.3765810322670093,
    "median": 0.38624356561704654,
    "ci_lo": 0.3603061842452629,
    "ci_hi": 0.39858972518136093,
    "covered": true,
    "insertion_percentile": 0.25539137380191695
  },
  "rho": {
    "true": -0.7113154062864112,
    "median": -0.7111054431936435,
    "ci_lo": -0.8808116739411945,
    "ci_hi": -0.4030604216744992,
    "covered": true,
    "insertion_percentile": 0.4992012779552716
  },
  "lambda_chi": {
    "true": 0.16643664011044257,
    "median": 0.16865880711799253,
    "ci_lo": 0.1099834016948257,
    "ci_hi": 0.23384469353204204,
    "covered": true,
    "insertion_percentile": 0.48262779552715657
  },
  "chi0": {
    "true": 0.3192539268062028,
    "median": 0.24997419728770803,
    "ci_lo": -0.00829149336328508,
    "ci_hi": 0.4598730487610518,
    "covered": true,
    "insertion_percentile": 0.6545527156549521
  },
  "xi0": {
    "true": 4.2289172748526855,
    "median": 4.29748456329062,
    "ci_lo": 4.088305334077292,
    "ci_hi": 4.55647248011294,
    "covered": true,
    "insertion_percentile": 0.3466453674121406
  }
}
Saved KDE posterior plot to /data/wiay/postgrads/shashwat/COMM_DATA/results/CALLIBRATION_S3_L1/bs2048_a0.10_b0.10_ep600_pat40_lr3.0e-04_wd1.0e-04_319402-6/inj_0053/posterior_kde.png
