==========================================
 Stage 3 Layer 1 injection
 model = bs1024_a0.10_b0.10_ep600_pat40_lr3.0e-04_wd1.0e-05_319402-3
 seed  = 17
==========================================
Model: bs1024_a0.10_b0.10_ep600_pat40_lr3.0e-04_wd1.0e-05_319402-3
Injection seed: 17
Output dir: /data/wiay/postgrads/shashwat/COMM_DATA/results/CALLIBRATION_S3_L1/bs1024_a0.10_b0.10_ep600_pat40_lr3.0e-04_wd1.0e-05_319402-3/inj_0017
{
  "kappa": {
    "true": 4.240866484709717,
    "median": 4.208459406654631,
    "ci_lo": 3.9531814058199983,
    "ci_hi": 4.460533336618095,
    "covered": true,
    "insertion_percentile": 0.5878773695296045
  },
  "mu_xi": {
    "true": 0.016097309116910697,
    "median": 0.022786344402606636,
    "ci_lo": 0.004318762409639192,
    "ci_hi": 0.030204851881000465,
    "covered": true,
    "insertion_percentile": 0.2845775801544582
  },
  "sigma_chi": {
    "true": 0.35675950105113063,
    "median": 0.31561699856959347,
    "ci_lo": 0.09930663350988296,
    "ci_hi": 0.5539724349949722,
    "covered": true,
    "insertion_percentile": 0.5979405569857243
  },
  "sigma_xi": {
    "true": 0.17882797958249497,
    "median": 0.13643108009681681,
    "ci_lo": 0.06175641375614765,
    "ci_hi": 0.2359226254382003,
    "covered": true,
    "insertion_percentile": 0.7144863093845074
  },
  "rho": {
    "true": -0.5131044655888168,
    "median": 0.16643626925058924,
    "ci_lo": -0.7498917792474243,
    "ci_hi": 0.8310524107889158,
    "covered": true,
    "insertion_percentile": 0.1469693423824011
  },
  "lambda_chi": {
    "true": -0.11417596241080152,
    "median": -0.03709716417870561,
    "ci_lo": -0.4467040009522404,
    "ci_hi": 0.42413391064575945,
    "covered": true,
    "insertion_percentile": 0.4151649894687573
  },
  "chi0": {
    "true": -0.07183550090639157,
    "median": -0.07847386440168139,
    "ci_lo": -0.18224847672548894,
    "ci_hi": 0.014379831994297496,
    "covered": true,
    "insertion_percentile": 0.533114907559092
  },
  "xi0": {
    "true": 4.028357771247451,
    "median": 4.039098048622257,
    "ci_lo": 3.9458135038588806,
    "ci_hi": 4.139348404977345,
    "covered": true,
    "insertion_percentile": 0.4441844137608238
  }
}
Saved KDE posterior plot to /data/wiay/postgrads/shashwat/COMM_DATA/results/CALLIBRATION_S3_L1/bs1024_a0.10_b0.10_ep600_pat40_lr3.0e-04_wd1.0e-05_319402-3/inj_0017/posterior_kde.png
