==========================================
 Stage 3 Layer 1 injection
 model = bs1024_a0.10_b0.10_ep600_pat40_lr3.0e-04_wd1.0e-05_319402-3
 seed  = 0
==========================================
Model: bs1024_a0.10_b0.10_ep600_pat40_lr3.0e-04_wd1.0e-05_319402-3
Injection seed: 0
Output dir: /data/wiay/postgrads/shashwat/COMM_DATA/results/CALLIBRATION_S3_L1/bs1024_a0.10_b0.10_ep600_pat40_lr3.0e-04_wd1.0e-05_319402-3/inj_0000
{
  "kappa": {
    "true": 3.2211122678751263,
    "median": 3.2806163284969987,
    "ci_lo": 3.2240358321364218,
    "ci_hi": 3.346879661499858,
    "covered": false,
    "insertion_percentile": 0.04106570512820513
  },
  "mu_xi": {
    "true": 0.026978671376387032,
    "median": 0.01764879528218114,
    "ci_lo": 0.0020041141636612065,
    "ci_hi": 0.026668044747261015,
    "covered": false,
    "insertion_percentile": 0.9787660256410257
  },
  "sigma_chi": {
    "true": 0.07253543816490708,
    "median": 0.3063919647838652,
    "ci_lo": 0.06999333427531053,
    "ci_hi": 0.5307789566184504,
    "covered": true,
    "insertion_percentile": 0.05909455128205128
  },
  "sigma_xi": {
    "true": 0.05578467243498519,
    "median": 0.1469103109335227,
    "ci_lo": 0.05920230046068185,
    "ci_hi": 0.2299384647165213,
    "covered": false,
    "insertion_percentile": 0.030849358974358976
  },
  "rho": {
    "true": 0.5638864305604904,
    "median": 0.10251231186750806,
    "ci_lo": -0.7670153811205244,
    "ci_hi": 0.7984160947411577,
    "covered": true,
    "insertion_percentile": 0.7998798076923077
  },
  "lambda_chi": {
    "true": 0.4127555772777217,
    "median": 0.14339430743877288,
    "ci_lo": -0.4415870723230664,
    "ci_hi": 0.4907526088864904,
    "covered": true,
    "insertion_percentile": 0.6782852564102564
  },
  "chi0": {
    "true": 0.10663577576717986,
    "median": 0.20030432223061928,
    "ci_lo": 0.08729725995947728,
    "ci_hi": 0.3704471657158106,
    "covered": true,
    "insertion_percentile": 0.26021634615384615
  },
  "xi0": {
    "true": 4.323741402459996,
    "median": 4.228575034692142,
    "ci_lo": 4.059299112018628,
    "ci_hi": 4.343683915977093,
    "covered": true,
    "insertion_percentile": 0.7377804487179487
  }
}
Saved KDE posterior plot to /data/wiay/postgrads/shashwat/COMM_DATA/results/CALLIBRATION_S3_L1/bs1024_a0.10_b0.10_ep600_pat40_lr3.0e-04_wd1.0e-05_319402-3/inj_0000/posterior_kde.png
