==========================================
 Stage 3 Layer 1 injection
 model = bs2048_a0.10_b0.10_ep600_pat40_lr3.0e-04_wd1.0e-04_319402-6
 seed  = 10
==========================================
Model: bs2048_a0.10_b0.10_ep600_pat40_lr3.0e-04_wd1.0e-04_319402-6
Injection seed: 10
Output dir: /data/wiay/postgrads/shashwat/COMM_DATA/results/CALLIBRATION_S3_L1/bs2048_a0.10_b0.10_ep600_pat40_lr3.0e-04_wd1.0e-04_319402-6/inj_0010
{
  "kappa": {
    "true": 4.784408377181979,
    "median": 4.803512991828926,
    "ci_lo": 4.621361992339106,
    "ci_hi": 4.970773265227845,
    "covered": true,
    "insertion_percentile": 0.4355162715950181
  },
  "mu_xi": {
    "true": 0.02076818100791469,
    "median": 0.02131089301418243,
    "ci_lo": 0.012847006046496273,
    "ci_hi": 0.02438820861593129,
    "covered": true,
    "insertion_percentile": 0.42567296102852553
  },
  "sigma_chi": {
    "true": 0.5056446869009918,
    "median": 0.4775482265825747,
    "ci_lo": 0.28947491000178605,
    "ci_hi": 0.5613123532312094,
    "covered": true,
    "insertion_percentile": 0.6667336279630374
  },
  "sigma_xi": {
    "true": 0.1022487430787071,
    "median": 0.09657836446767565,
    "ci_lo": 0.05715487084281995,
    "ci_hi": 0.16240494271596134,
    "covered": true,
    "insertion_percentile": 0.5745279228605866
  },
  "rho": {
    "true": 0.023048309585816718,
    "median": -0.020026130665959083,
    "ci_lo": -0.7538700880152509,
    "ci_hi": 0.2967904108977667,
    "covered": true,
    "insertion_percentile": 0.5590598633989554
  },
  "lambda_chi": {
    "true": -0.3640803959794934,
    "median": -0.3601192299305722,
    "ci_lo": -0.47313621844078596,
    "ci_hi": -0.16257572820473878,
    "covered": true,
    "insertion_percentile": 0.4789071916432302
  },
  "chi0": {
    "true": 0.18903647978113114,
    "median": 0.18679450015710475,
    "ci_lo": 0.1436408356260842,
    "ci_hi": 0.20801756053859455,
    "covered": true,
    "insertion_percentile": 0.549417436721575
  },
  "xi0": {
    "true": 4.604369310780697,
    "median": 4.607550883861483,
    "ci_lo": 4.586755069607586,
    "ci_hi": 4.650570006979841,
    "covered": true,
    "insertion_percentile": 0.4162314182402571
  }
}
Saved KDE posterior plot to /data/wiay/postgrads/shashwat/COMM_DATA/results/CALLIBRATION_S3_L1/bs2048_a0.10_b0.10_ep600_pat40_lr3.0e-04_wd1.0e-04_319402-6/inj_0010/posterior_kde.png
