==========================================
 Stage 3 Layer 1 injection
 model = bs4096_a0.10_b0.10_ep600_pat40_lr3.0e-04_wd1.0e-05_319402-4
 seed  = 65
==========================================
Model: bs4096_a0.10_b0.10_ep600_pat40_lr3.0e-04_wd1.0e-05_319402-4
Injection seed: 65
Output dir: /data/wiay/postgrads/shashwat/COMM_DATA/results/CALLIBRATION_S3_L1/bs4096_a0.10_b0.10_ep600_pat40_lr3.0e-04_wd1.0e-05_319402-4/inj_0065
{
  "kappa": {
    "true": 0.3322182787710082,
    "median": 0.5289930985302521,
    "ci_lo": 0.29889923847056443,
    "ci_hi": 0.7636750960168774,
    "covered": true,
    "insertion_percentile": 0.08393632416787265
  },
  "mu_xi": {
    "true": 0.05182221775395868,
    "median": 0.05035502287081224,
    "ci_lo": 0.01881914386883617,
    "ci_hi": 0.06008221890328184,
    "covered": true,
    "insertion_percentile": 0.545827303424988
  },
  "sigma_chi": {
    "true": 0.2561722098542118,
    "median": 0.1498096959859285,
    "ci_lo": 0.062327126447025434,
    "ci_hi": 0.2632115780746865,
    "covered": true,
    "insertion_percentile": 0.9382537385431742
  },
  "sigma_xi": {
    "true": 0.13003748315987482,
    "median": 0.14701092170071123,
    "ci_lo": 0.06102980872194075,
    "ci_hi": 0.28872959980466556,
    "covered": true,
    "insertion_percentile": 0.4189580318379161
  },
  "rho": {
    "true": 0.7951017478526982,
    "median": 0.351504485980451,
    "ci_lo": -0.6314160928550067,
    "ci_hi": 0.8356980350540342,
    "covered": true,
    "insertion_percentile": 0.9158224794983116
  },
  "lambda_chi": {
    "true": 0.0945015469121685,
    "median": 0.11858205039088505,
    "ci_lo": 0.050155865134600644,
    "ci_hi": 0.20908758941980723,
    "covered": true,
    "insertion_percentile": 0.3333333333333333
  },
  "chi0": {
    "true": -0.22114915606936714,
    "median": -0.26528366147142757,
    "ci_lo": -0.45448989136971596,
    "ci_hi": -0.1289211920972677,
    "covered": true,
    "insertion_percentile": 0.6386878919440424
  },
  "xi0": {
    "true": 2.6077937012432977,
    "median": 2.6501564773985713,
    "ci_lo": 2.5144636374279306,
    "ci_hi": 2.8404494215428326,
    "covered": true,
    "insertion_percentile": 0.364447660395562
  }
}
Saved KDE posterior plot to /data/wiay/postgrads/shashwat/COMM_DATA/results/CALLIBRATION_S3_L1/bs4096_a0.10_b0.10_ep600_pat40_lr3.0e-04_wd1.0e-05_319402-4/inj_0065/posterior_kde.png
