==========================================
 Stage 3 Layer 1 injection
 model = bs4096_a0.10_b0.10_ep600_pat40_lr3.0e-04_wd1.0e-05_319402-4
 seed  = 55
==========================================
Model: bs4096_a0.10_b0.10_ep600_pat40_lr3.0e-04_wd1.0e-05_319402-4
Injection seed: 55
Output dir: /data/wiay/postgrads/shashwat/COMM_DATA/results/CALLIBRATION_S3_L1/bs4096_a0.10_b0.10_ep600_pat40_lr3.0e-04_wd1.0e-05_319402-4/inj_0055
{
  "kappa": {
    "true": 4.178035698929258,
    "median": 4.21579360118786,
    "ci_lo": 4.175661655083434,
    "ci_hi": 4.263649137988997,
    "covered": true,
    "insertion_percentile": 0.060898626067582624
  },
  "mu_xi": {
    "true": 0.08706456117163414,
    "median": 0.08584056954871766,
    "ci_lo": 0.0805691689566355,
    "ci_hi": 0.09241409249143509,
    "covered": true,
    "insertion_percentile": 0.6613442257705161
  },
  "sigma_chi": {
    "true": 0.1700990443634426,
    "median": 0.11078155616218693,
    "ci_lo": 0.09128554280768672,
    "ci_hi": 0.14170964763602578,
    "covered": false,
    "insertion_percentile": 0.9756776828815448
  },
  "sigma_xi": {
    "true": 0.1305340027141844,
    "median": 0.13899651589038636,
    "ci_lo": 0.08065764631277529,
    "ci_hi": 0.17309673786105761,
    "covered": true,
    "insertion_percentile": 0.3468251021165986
  },
  "rho": {
    "true": -0.013062421358187137,
    "median": 0.5559696197563824,
    "ci_lo": -0.24985395641959893,
    "ci_hi": 0.7085121155646739,
    "covered": true,
    "insertion_percentile": 0.21333085777942815
  },
  "lambda_chi": {
    "true": 0.25322290401431646,
    "median": -0.0975530998274406,
    "ci_lo": -0.16714777027796648,
    "ci_hi": 0.25395725754305515,
    "covered": true,
    "insertion_percentile": 0.9483847010768659
  },
  "chi0": {
    "true": 0.20423242601330094,
    "median": 0.28704532151201023,
    "ci_lo": 0.208644950169019,
    "ci_hi": 0.30286404802001377,
    "covered": false,
    "insertion_percentile": 0.02357965094689937
  },
  "xi0": {
    "true": 4.867714973584174,
    "median": 4.783026675267898,
    "ci_lo": 4.765765095075769,
    "ci_hi": 4.867727146098256,
    "covered": true,
    "insertion_percentile": 0.9496843668770888
  }
}
Saved KDE posterior plot to /data/wiay/postgrads/shashwat/COMM_DATA/results/CALLIBRATION_S3_L1/bs4096_a0.10_b0.10_ep600_pat40_lr3.0e-04_wd1.0e-05_319402-4/inj_0055/posterior_kde.png
