==========================================
 Stage 3 Layer 1 injection
 model = bs2048_a0.10_b0.10_ep600_pat40_lr1.0e-04_wd1.0e-05_319402-5
 seed  = 25
==========================================
Model: bs2048_a0.10_b0.10_ep600_pat40_lr1.0e-04_wd1.0e-05_319402-5
Injection seed: 25
Output dir: /data/wiay/postgrads/shashwat/COMM_DATA/results/CALLIBRATION_S3_L1/bs2048_a0.10_b0.10_ep600_pat40_lr1.0e-04_wd1.0e-05_319402-5/inj_0025
{
  "kappa": {
    "true": 0.8875340428368383,
    "median": 0.8959772923126892,
    "ci_lo": 0.8798095126614647,
    "ci_hi": 0.9127528077819552,
    "covered": true,
    "insertion_percentile": 0.19508477805296248
  },
  "mu_xi": {
    "true": 3.12035171003644e-05,
    "median": 0.0017696065998220748,
    "ci_lo": 0.0001651871809098847,
    "ci_hi": 0.005330866946104779,
    "covered": false,
    "insertion_percentile": 0.009716136406934655
  },
  "sigma_chi": {
    "true": 0.16912915545454932,
    "median": 0.1647257724988388,
    "ci_lo": 0.14227083675685234,
    "ci_hi": 0.18906350134871913,
    "covered": true,
    "insertion_percentile": 0.6231663173937892
  },
  "sigma_xi": {
    "true": 0.17881025394655786,
    "median": 0.1686475654721288,
    "ci_lo": 0.1462167355728801,
    "ci_hi": 0.17774320935788387,
    "covered": false,
    "insertion_percentile": 0.9986664126500285
  },
  "rho": {
    "true": -0.8963528255742561,
    "median": -0.831096456532751,
    "ci_lo": -0.8926020492225437,
    "ci_hi": -0.7117870211285847,
    "covered": false,
    "insertion_percentile": 0.02438559725662031
  },
  "lambda_chi": {
    "true": -0.30691711963239887,
    "median": -0.30355874019744483,
    "ci_lo": -0.31520120186766315,
    "ci_hi": -0.2844363532596619,
    "covered": true,
    "insertion_percentile": 0.34844732329967615
  },
  "chi0": {
    "true": 0.4908621789092069,
    "median": 0.48942868441014403,
    "ci_lo": 0.4687847564014066,
    "ci_hi": 0.4989599417277337,
    "covered": true,
    "insertion_percentile": 0.5660125738235855
  },
  "xi0": {
    "true": 4.467335704566013,
    "median": 4.46942047422323,
    "ci_lo": 4.459722908028544,
    "ci_hi": 4.490389268309708,
    "covered": true,
    "insertion_percentile": 0.40922080396265953
  }
}
Saved KDE posterior plot to /data/wiay/postgrads/shashwat/COMM_DATA/results/CALLIBRATION_S3_L1/bs2048_a0.10_b0.10_ep600_pat40_lr1.0e-04_wd1.0e-05_319402-5/inj_0025/posterior_kde.png
