==========================================
 Stage 3 Layer 1 injection
 model = bs2048_a0.20_b0.20_ep600_pat40_lr3.0e-04_wd1.0e-05_319402-2
 seed  = 16
==========================================
Model: bs2048_a0.20_b0.20_ep600_pat40_lr3.0e-04_wd1.0e-05_319402-2
Injection seed: 16
Output dir: /data/wiay/postgrads/shashwat/COMM_DATA/results/CALLIBRATION_S3_L1/bs2048_a0.20_b0.20_ep600_pat40_lr3.0e-04_wd1.0e-05_319402-2/inj_0016
{
  "kappa": {
    "true": 2.877892510508889,
    "median": 2.8918098603847424,
    "ci_lo": 2.8386371791616285,
    "ci_hi": 2.9272741059512115,
    "covered": true,
    "insertion_percentile": 0.3141204627044276
  },
  "mu_xi": {
    "true": 0.04307441454901856,
    "median": 0.03903862125212151,
    "ci_lo": 0.027722063748327953,
    "ci_hi": 0.05480876861365583,
    "covered": true,
    "insertion_percentile": 0.6687275628240925
  },
  "sigma_chi": {
    "true": 0.1017406040038385,
    "median": 0.1348297442257798,
    "ci_lo": 0.0777320323094874,
    "ci_hi": 0.2142838674623037,
    "covered": true,
    "insertion_percentile": 0.17730355005983248
  },
  "sigma_xi": {
    "true": 0.17182784265259843,
    "median": 0.1938549974241381,
    "ci_lo": 0.07615840744701996,
    "ci_hi": 0.2450455441995343,
    "covered": true,
    "insertion_percentile": 0.33167132030315116
  },
  "rho": {
    "true": 0.21871626908522301,
    "median": 0.38113690007334244,
    "ci_lo": -0.2727533345107443,
    "ci_hi": 0.7514554121901214,
    "covered": true,
    "insertion_percentile": 0.31631431990426806
  },
  "lambda_chi": {
    "true": -0.4783449968172895,
    "median": -0.4269140440425417,
    "ci_lo": -0.48930224567515107,
    "ci_hi": -0.31323745680558784,
    "covered": true,
    "insertion_percentile": 0.1268448344635022
  },
  "chi0": {
    "true": 0.3746323779455377,
    "median": 0.35840542972845635,
    "ci_lo": 0.3188238044613626,
    "ci_hi": 0.38017427780717844,
    "covered": true,
    "insertion_percentile": 0.8422417231751097
  },
  "xi0": {
    "true": 4.635123828817355,
    "median": 4.651015646708984,
    "ci_lo": 4.628149154466383,
    "ci_hi": 4.691328003742458,
    "covered": true,
    "insertion_percentile": 0.1810929397686478
  }
}
Saved KDE posterior plot to /data/wiay/postgrads/shashwat/COMM_DATA/results/CALLIBRATION_S3_L1/bs2048_a0.20_b0.20_ep600_pat40_lr3.0e-04_wd1.0e-05_319402-2/inj_0016/posterior_kde.png
