==========================================
 Stage 3 Layer 1 injection
 model = bs2048_a0.20_b0.20_ep600_pat40_lr3.0e-04_wd1.0e-05_319402-2
 seed  = 61
==========================================
Model: bs2048_a0.20_b0.20_ep600_pat40_lr3.0e-04_wd1.0e-05_319402-2
Injection seed: 61
Output dir: /data/wiay/postgrads/shashwat/COMM_DATA/results/CALLIBRATION_S3_L1/bs2048_a0.20_b0.20_ep600_pat40_lr3.0e-04_wd1.0e-05_319402-2/inj_0061
{
  "kappa": {
    "true": 1.934433986100442,
    "median": 1.9195520759837894,
    "ci_lo": 1.9133353183330961,
    "ci_hi": 1.9284187392403014,
    "covered": false,
    "insertion_percentile": 0.9940907357987038
  },
  "mu_xi": {
    "true": 0.07719356181922665,
    "median": 0.07344289805570145,
    "ci_lo": 0.06639527529750854,
    "ci_hi": 0.08192057528454554,
    "covered": true,
    "insertion_percentile": 0.7901258101410599
  },
  "sigma_chi": {
    "true": 0.4191287069253106,
    "median": 0.3783599857124855,
    "ci_lo": 0.33919905763867325,
    "ci_hi": 0.4260867429442347,
    "covered": true,
    "insertion_percentile": 0.9208921082729699
  },
  "sigma_xi": {
    "true": 0.29820419278923027,
    "median": 0.31084439345265,
    "ci_lo": 0.2823863328035183,
    "ci_hi": 0.33268547728164416,
    "covered": true,
    "insertion_percentile": 0.20358368280594738
  },
  "rho": {
    "true": -0.11924497231092901,
    "median": -0.7179948436640043,
    "ci_lo": -0.872041105189919,
    "ci_hi": -0.4416830715105655,
    "covered": false,
    "insertion_percentile": 0.9992375142966069
  },
  "lambda_chi": {
    "true": 0.49726856798516317,
    "median": 0.41916811378124197,
    "ci_lo": 0.39243542997777836,
    "ci_hi": 0.46118824496372757,
    "covered": false,
    "insertion_percentile": 0.9988562714449104
  },
  "chi0": {
    "true": 0.4980928561898915,
    "median": 0.4956995845969313,
    "ci_lo": 0.4856405371461016,
    "ci_hi": 0.49964122301374747,
    "covered": true,
    "insertion_percentile": 0.7569576820434617
  },
  "xi0": {
    "true": 4.869332003461186,
    "median": 4.869746165366125,
    "ci_lo": 4.865486643286599,
    "ci_hi": 4.879858061856883,
    "covered": true,
    "insertion_percentile": 0.4592070148684712
  }
}
Saved KDE posterior plot to /data/wiay/postgrads/shashwat/COMM_DATA/results/CALLIBRATION_S3_L1/bs2048_a0.20_b0.20_ep600_pat40_lr3.0e-04_wd1.0e-05_319402-2/inj_0061/posterior_kde.png
