==========================================
 Stage 3 Layer 1 injection
 model = bs1024_a0.10_b0.10_ep600_pat40_lr3.0e-04_wd1.0e-05_319402-3
 seed  = 60
==========================================
Model: bs1024_a0.10_b0.10_ep600_pat40_lr3.0e-04_wd1.0e-05_319402-3
Injection seed: 60
Output dir: /data/wiay/postgrads/shashwat/COMM_DATA/results/CALLIBRATION_S3_L1/bs1024_a0.10_b0.10_ep600_pat40_lr3.0e-04_wd1.0e-05_319402-3/inj_0060
{
  "kappa": {
    "true": 1.688990682236255,
    "median": 1.690331618511593,
    "ci_lo": 1.6867312633593368,
    "ci_hi": 1.6939883079824496,
    "covered": true,
    "insertion_percentile": 0.2708333333333333
  },
  "mu_xi": {
    "true": 0.0027146391895004566,
    "median": 0.003621131939654705,
    "ci_lo": 0.001590338481279156,
    "ci_hi": 0.007690673674088184,
    "covered": true,
    "insertion_percentile": 0.30378401360544216
  },
  "sigma_chi": {
    "true": 0.08009648809322285,
    "median": 0.09167088721173638,
    "ci_lo": 0.06431428686081159,
    "ci_hi": 0.11950355058239334,
    "covered": true,
    "insertion_percentile": 0.23915816326530612
  },
  "sigma_xi": {
    "true": 0.3966720324555413,
    "median": 0.394293658611478,
    "ci_lo": 0.3838252270495098,
    "ci_hi": 0.3994644303667035,
    "covered": true,
    "insertion_percentile": 0.7000425170068028
  },
  "rho": {
    "true": 0.6539219262316417,
    "median": 0.5445998426030361,
    "ci_lo": 0.36920035038334736,
    "ci_hi": 0.7121549866305518,
    "covered": true,
    "insertion_percentile": 0.8552295918367347
  },
  "lambda_chi": {
    "true": 0.0505301684532371,
    "median": 0.038142234560592146,
    "ci_lo": 0.00521041342670077,
    "ci_hi": 0.0746787822932654,
    "covered": true,
    "insertion_percentile": 0.6775085034013606
  },
  "chi0": {
    "true": 0.4681845992404976,
    "median": 0.47514623694904035,
    "ci_lo": 0.4505023126784442,
    "ci_hi": 0.4967462014249369,
    "covered": true,
    "insertion_percentile": 0.3575680272108844
  },
  "xi0": {
    "true": 4.978839777698568,
    "median": 4.971866809240588,
    "ci_lo": 4.950607407948037,
    "ci_hi": 4.996054690775079,
    "covered": true,
    "insertion_percentile": 0.6460459183673469
  }
}
Saved KDE posterior plot to /data/wiay/postgrads/shashwat/COMM_DATA/results/CALLIBRATION_S3_L1/bs1024_a0.10_b0.10_ep600_pat40_lr3.0e-04_wd1.0e-05_319402-3/inj_0060/posterior_kde.png
