==========================================
 Stage 3 Layer 1 injection
 model = bs2048_a0.05_b0.05_ep600_pat40_lr3.0e-04_wd1.0e-05_319402-1
 seed  = 14
==========================================
Model: bs2048_a0.05_b0.05_ep600_pat40_lr3.0e-04_wd1.0e-05_319402-1
Injection seed: 14
Output dir: /data/wiay/postgrads/shashwat/COMM_DATA/results/CALLIBRATION_S3_L1/bs2048_a0.05_b0.05_ep600_pat40_lr3.0e-04_wd1.0e-05_319402-1/inj_0014
{
  "kappa": {
    "true": 4.171818262556646,
    "median": 4.16837496114088,
    "ci_lo": 4.098733209099415,
    "ci_hi": 4.233083639067665,
    "covered": true,
    "insertion_percentile": 0.5353708057277196
  },
  "mu_xi": {
    "true": 0.03609466668342566,
    "median": 0.06904619221701477,
    "ci_lo": 0.03250631881959942,
    "ci_hi": 0.08470159977381451,
    "covered": true,
    "insertion_percentile": 0.06518486856165848
  },
  "sigma_chi": {
    "true": 0.43650661807013014,
    "median": 0.4153764841203418,
    "ci_lo": 0.23775667553947058,
    "ci_hi": 0.531726603742139,
    "covered": true,
    "insertion_percentile": 0.6035477666167984
  },
  "sigma_xi": {
    "true": 0.3510415753284081,
    "median": 0.23985334841627798,
    "ci_lo": 0.1618500178847185,
    "ci_hi": 0.36137156510260715,
    "covered": true,
    "insertion_percentile": 0.9348151314383415
  },
  "rho": {
    "true": 0.25437146541869626,
    "median": -0.4657147177304919,
    "ci_lo": -0.8463111684103802,
    "ci_hi": 0.08815453831543774,
    "covered": false,
    "insertion_percentile": 0.9861081427655481
  },
  "lambda_chi": {
    "true": 0.04836320881331391,
    "median": 0.10126627524464346,
    "ci_lo": -0.19856074509066732,
    "ci_hi": 0.4296115127775997,
    "covered": true,
    "insertion_percentile": 0.4086343235734131
  },
  "chi0": {
    "true": 0.2623134225311933,
    "median": 0.23169921884780778,
    "ci_lo": 0.15106809750375685,
    "ci_hi": 0.3062691183689827,
    "covered": true,
    "insertion_percentile": 0.7240863432357342
  },
  "xi0": {
    "true": 4.290785956600101,
    "median": 4.323717616793642,
    "ci_lo": 4.247867099292301,
    "ci_hi": 4.401441479942532,
    "covered": true,
    "insertion_percentile": 0.2545415687112631
  }
}
Saved KDE posterior plot to /data/wiay/postgrads/shashwat/COMM_DATA/results/CALLIBRATION_S3_L1/bs2048_a0.05_b0.05_ep600_pat40_lr3.0e-04_wd1.0e-05_319402-1/inj_0014/posterior_kde.png
