==========================================
 Stage 3 Layer 1 injection
 model = bs2048_a0.05_b0.05_ep600_pat40_lr3.0e-04_wd1.0e-05_319402-1
 seed  = 55
==========================================
Model: bs2048_a0.05_b0.05_ep600_pat40_lr3.0e-04_wd1.0e-05_319402-1
Injection seed: 55
Output dir: /data/wiay/postgrads/shashwat/COMM_DATA/results/CALLIBRATION_S3_L1/bs2048_a0.05_b0.05_ep600_pat40_lr3.0e-04_wd1.0e-05_319402-1/inj_0055
{
  "kappa": {
    "true": 4.178035698929258,
    "median": 4.222000595324731,
    "ci_lo": 4.167955038519814,
    "ci_hi": 4.311500062153934,
    "covered": true,
    "insertion_percentile": 0.10613810741687979
  },
  "mu_xi": {
    "true": 0.08706456117163414,
    "median": 0.08992424554491783,
    "ci_lo": 0.06339851793510597,
    "ci_hi": 0.09241533367083594,
    "covered": true,
    "insertion_percentile": 0.13317500913408842
  },
  "sigma_chi": {
    "true": 0.1700990443634426,
    "median": 0.19336440209773442,
    "ci_lo": 0.1307234982544546,
    "ci_hi": 0.4254673451586684,
    "covered": true,
    "insertion_percentile": 0.3131165509682134
  },
  "sigma_xi": {
    "true": 0.1305340027141844,
    "median": 0.10573710093460473,
    "ci_lo": 0.0778902669292988,
    "ci_hi": 0.25371628282638337,
    "covered": true,
    "insertion_percentile": 0.8684691267811473
  },
  "rho": {
    "true": -0.013062421358187137,
    "median": -0.1345776711443789,
    "ci_lo": -0.5824745776497613,
    "ci_hi": 0.11095165816343616,
    "covered": true,
    "insertion_percentile": 0.7933869199853855
  },
  "lambda_chi": {
    "true": 0.25322290401431646,
    "median": 0.3602746426247264,
    "ci_lo": 0.25411081916528167,
    "ci_hi": 0.44104701768801435,
    "covered": false,
    "insertion_percentile": 0.04914139568871027
  },
  "chi0": {
    "true": 0.20423242601330094,
    "median": 0.18163476377211557,
    "ci_lo": 0.15909890791769232,
    "ci_hi": 0.21400242503814207,
    "covered": true,
    "insertion_percentile": 0.8799780781877968
  },
  "xi0": {
    "true": 4.867714973584174,
    "median": 4.89277394136634,
    "ci_lo": 4.861017578633426,
    "ci_hi": 4.913281370092774,
    "covered": true,
    "insertion_percentile": 0.09261965655827549
  }
}
Saved KDE posterior plot to /data/wiay/postgrads/shashwat/COMM_DATA/results/CALLIBRATION_S3_L1/bs2048_a0.05_b0.05_ep600_pat40_lr3.0e-04_wd1.0e-05_319402-1/inj_0055/posterior_kde.png
