==========================================
 Stage 3 Layer 1 injection
 model = bs1024_a0.10_b0.10_ep600_pat40_lr3.0e-04_wd1.0e-05_319402-3
 seed  = 29
==========================================
Model: bs1024_a0.10_b0.10_ep600_pat40_lr3.0e-04_wd1.0e-05_319402-3
Injection seed: 29
Output dir: /data/wiay/postgrads/shashwat/COMM_DATA/results/CALLIBRATION_S3_L1/bs1024_a0.10_b0.10_ep600_pat40_lr3.0e-04_wd1.0e-05_319402-3/inj_0029
{
  "kappa": {
    "true": 0.3452301547349377,
    "median": 0.34898929721958527,
    "ci_lo": 0.3378131586655429,
    "ci_hi": 0.357636083321633,
    "covered": true,
    "insertion_percentile": 0.27523142921652743
  },
  "mu_xi": {
    "true": 0.05063222985714494,
    "median": 0.04825046560339835,
    "ci_lo": 0.02932144414006692,
    "ci_hi": 0.05684168014957312,
    "covered": true,
    "insertion_percentile": 0.6398735606231655
  },
  "sigma_chi": {
    "true": 0.3355787162963413,
    "median": 0.3161146235161642,
    "ci_lo": 0.22968578128249828,
    "ci_hi": 0.39643641096755844,
    "covered": true,
    "insertion_percentile": 0.6464213140663807
  },
  "sigma_xi": {
    "true": 0.14282112487802387,
    "median": 0.16258781171348993,
    "ci_lo": 0.10196130304625656,
    "ci_hi": 0.2504682133002404,
    "covered": true,
    "insertion_percentile": 0.3124858884624069
  },
  "rho": {
    "true": -0.6674010392666987,
    "median": -0.11310105923004987,
    "ci_lo": -0.7589222632065323,
    "ci_hi": 0.6908750283397964,
    "covered": true,
    "insertion_percentile": 0.10092571686610974
  },
  "lambda_chi": {
    "true": -0.4792689674231341,
    "median": -0.38760131673790255,
    "ci_lo": -0.47455845709331307,
    "ci_hi": -0.301851294918774,
    "covered": false,
    "insertion_percentile": 0.03635132083991872
  },
  "chi0": {
    "true": -0.10617203907634176,
    "median": -0.3065884198412753,
    "ci_lo": -0.4689507955790864,
    "ci_hi": -0.09293632577633604,
    "covered": true,
    "insertion_percentile": 0.9349740347708286
  },
  "xi0": {
    "true": 3.4505715046914487,
    "median": 3.650423167780103,
    "ci_lo": 3.437587698962048,
    "ci_hi": 3.813412450880527,
    "covered": true,
    "insertion_percentile": 0.0657033190336419
  }
}
Saved KDE posterior plot to /data/wiay/postgrads/shashwat/COMM_DATA/results/CALLIBRATION_S3_L1/bs1024_a0.10_b0.10_ep600_pat40_lr3.0e-04_wd1.0e-05_319402-3/inj_0029/posterior_kde.png
