==========================================
 Stage 3 Layer 1 injection
 model = bs2048_a0.20_b0.20_ep600_pat40_lr3.0e-04_wd1.0e-05_319402-2
 seed  = 30
==========================================
Model: bs2048_a0.20_b0.20_ep600_pat40_lr3.0e-04_wd1.0e-05_319402-2
Injection seed: 30
Output dir: /data/wiay/postgrads/shashwat/COMM_DATA/results/CALLIBRATION_S3_L1/bs2048_a0.20_b0.20_ep600_pat40_lr3.0e-04_wd1.0e-05_319402-2/inj_0030
{
  "kappa": {
    "true": 1.2554141435814108,
    "median": 1.407537231256433,
    "ci_lo": 1.2776270110351182,
    "ci_hi": 1.5666084841635324,
    "covered": false,
    "insertion_percentile": 0.03153037682645476
  },
  "mu_xi": {
    "true": 0.042910699866581116,
    "median": 0.05987932859391648,
    "ci_lo": 0.012524944726919014,
    "ci_hi": 0.07353868165760176,
    "covered": true,
    "insertion_percentile": 0.25865162778774675
  },
  "sigma_chi": {
    "true": 0.10075015910431066,
    "median": 0.2087788327385416,
    "ci_lo": 0.0644157984755534,
    "ci_hi": 0.44696331643776754,
    "covered": true,
    "insertion_percentile": 0.15918995129453986
  },
  "sigma_xi": {
    "true": 0.2574109649341486,
    "median": 0.17876224628280518,
    "ci_lo": 0.0682280708062547,
    "ci_hi": 0.3562674565868744,
    "covered": true,
    "insertion_percentile": 0.7413483722122532
  },
  "rho": {
    "true": 0.5088576240084394,
    "median": -0.10597727750507371,
    "ci_lo": -0.8179843973308164,
    "ci_hi": 0.7701691016220424,
    "covered": true,
    "insertion_percentile": 0.8310689566777749
  },
  "lambda_chi": {
    "true": 0.36757799708113226,
    "median": 0.2641030760124363,
    "ci_lo": 0.049841977839951784,
    "ci_hi": 0.47370779274475383,
    "covered": true,
    "insertion_percentile": 0.7210971545757499
  },
  "chi0": {
    "true": -0.17354514379741592,
    "median": -0.06883496418222107,
    "ci_lo": -0.22783023922621393,
    "ci_hi": 0.08570923979573933,
    "covered": true,
    "insertion_percentile": 0.1927710843373494
  },
  "xi0": {
    "true": 2.773950929274059,
    "median": 2.672449466599553,
    "ci_lo": 2.5181746075477065,
    "ci_hi": 2.832523477415248,
    "covered": true,
    "insertion_percentile": 0.7962061009997436
  }
}
Saved KDE posterior plot to /data/wiay/postgrads/shashwat/COMM_DATA/results/CALLIBRATION_S3_L1/bs2048_a0.20_b0.20_ep600_pat40_lr3.0e-04_wd1.0e-05_319402-2/inj_0030/posterior_kde.png
