==========================================
 Stage 3 Layer 1 injection
 model = bs2048_a0.10_b0.10_ep600_pat40_lr3.0e-04_wd1.0e-05_319402-0
 seed  = 22
==========================================
Model: bs2048_a0.10_b0.10_ep600_pat40_lr3.0e-04_wd1.0e-05_319402-0
Injection seed: 22
Output dir: /data/wiay/postgrads/shashwat/COMM_DATA/results/CALLIBRATION_S3_L1/bs2048_a0.10_b0.10_ep600_pat40_lr3.0e-04_wd1.0e-05_319402-0/inj_0022
{
  "kappa": {
    "true": 1.895099885617173,
    "median": 1.899048647985153,
    "ci_lo": 1.8935088444286652,
    "ci_hi": 1.9060433370282281,
    "covered": true,
    "insertion_percentile": 0.12297465724968841
  },
  "mu_xi": {
    "true": 0.01992953793750829,
    "median": 0.011067022617836497,
    "ci_lo": 0.0015013249841517322,
    "ci_hi": 0.027683336049599105,
    "covered": true,
    "insertion_percentile": 0.8236393851267138
  },
  "sigma_chi": {
    "true": 0.0987071052937034,
    "median": 0.11144652939538405,
    "ci_lo": 0.05615048849712279,
    "ci_hi": 0.22402431881479928,
    "covered": true,
    "insertion_percentile": 0.4094308267552971
  },
  "sigma_xi": {
    "true": 0.27861709066032203,
    "median": 0.3088073817818341,
    "ci_lo": 0.2492064636133327,
    "ci_hi": 0.3382811931115085,
    "covered": true,
    "insertion_percentile": 0.1767760697964271
  },
  "rho": {
    "true": -0.0731933194608958,
    "median": -0.19013391790271286,
    "ci_lo": -0.4648185298378654,
    "ci_hi": 0.04590284417353,
    "covered": true,
    "insertion_percentile": 0.7879102617366016
  },
  "lambda_chi": {
    "true": 0.4876756188802016,
    "median": 0.43990863282581294,
    "ci_lo": 0.36766947048458276,
    "ci_hi": 0.49210210368521995,
    "covered": true,
    "insertion_percentile": 0.9175321977565434
  },
  "chi0": {
    "true": 0.35156806985113076,
    "median": 0.37394055028415785,
    "ci_lo": 0.34753523371412004,
    "ci_hi": 0.4126613489302402,
    "covered": true,
    "insertion_percentile": 0.10739509763190694
  },
  "xi0": {
    "true": 4.592403308092612,
    "median": 4.56947536183914,
    "ci_lo": 4.530802538064671,
    "ci_hi": 4.5960941871065195,
    "covered": true,
    "insertion_percentile": 0.898005816368924
  }
}
Saved KDE posterior plot to /data/wiay/postgrads/shashwat/COMM_DATA/results/CALLIBRATION_S3_L1/bs2048_a0.10_b0.10_ep600_pat40_lr3.0e-04_wd1.0e-05_319402-0/inj_0022/posterior_kde.png
