==========================================
 Stage 3 Layer 1 injection
 model = bs2048_a0.05_b0.05_ep600_pat40_lr3.0e-04_wd1.0e-05_319402-1
 seed  = 66
==========================================
Model: bs2048_a0.05_b0.05_ep600_pat40_lr3.0e-04_wd1.0e-05_319402-1
Injection seed: 66
Output dir: /data/wiay/postgrads/shashwat/COMM_DATA/results/CALLIBRATION_S3_L1/bs2048_a0.05_b0.05_ep600_pat40_lr3.0e-04_wd1.0e-05_319402-1/inj_0066
{
  "kappa": {
    "true": 4.626296001886064,
    "median": 4.568677330614242,
    "ci_lo": 4.435122007479037,
    "ci_hi": 4.69769071696372,
    "covered": true,
    "insertion_percentile": 0.7584755669862053
  },
  "mu_xi": {
    "true": 0.06928181311243269,
    "median": 0.07277888284233554,
    "ci_lo": 0.03184517302592787,
    "ci_hi": 0.09611401153957917,
    "covered": true,
    "insertion_percentile": 0.4402618657937807
  },
  "sigma_chi": {
    "true": 0.09011412692610535,
    "median": 0.29939434020742745,
    "ci_lo": 0.0726450277523572,
    "ci_hi": 0.5570484140441717,
    "covered": true,
    "insertion_percentile": 0.08978255786766424
  },
  "sigma_xi": {
    "true": 0.26848883190093303,
    "median": 0.2555933440744836,
    "ci_lo": 0.13610848788557475,
    "ci_hi": 0.38382450234305426,
    "covered": true,
    "insertion_percentile": 0.55810147299509
  },
  "rho": {
    "true": -0.04946562562045875,
    "median": -0.09132677716374335,
    "ci_lo": -0.7809333118423429,
    "ci_hi": 0.7271505446057104,
    "covered": true,
    "insertion_percentile": 0.5270049099836334
  },
  "lambda_chi": {
    "true": 0.34901875558228723,
    "median": -0.22463697010808162,
    "ci_lo": -0.45209540293662603,
    "ci_hi": 0.3522884805244086,
    "covered": true,
    "insertion_percentile": 0.9483282674772037
  },
  "chi0": {
    "true": -0.39717173398926076,
    "median": -0.26489692276070287,
    "ci_lo": -0.39230694438981767,
    "ci_hi": -0.21461010091605867,
    "covered": false,
    "insertion_percentile": 0.04231938274491466
  },
  "xi0": {
    "true": 3.5938122058428155,
    "median": 3.4633088795757723,
    "ci_lo": 3.413967889424759,
    "ci_hi": 3.593336763336545,
    "covered": false,
    "insertion_percentile": 0.9511339724105682
  }
}
Saved KDE posterior plot to /data/wiay/postgrads/shashwat/COMM_DATA/results/CALLIBRATION_S3_L1/bs2048_a0.05_b0.05_ep600_pat40_lr3.0e-04_wd1.0e-05_319402-1/inj_0066/posterior_kde.png
