==========================================
 Stage 3 Layer 1 injection
 model = bs2048_a0.10_b0.10_ep600_pat40_lr3.0e-04_wd1.0e-04_319402-6
 seed  = 46
==========================================
Model: bs2048_a0.10_b0.10_ep600_pat40_lr3.0e-04_wd1.0e-04_319402-6
Injection seed: 46
Output dir: /data/wiay/postgrads/shashwat/COMM_DATA/results/CALLIBRATION_S3_L1/bs2048_a0.10_b0.10_ep600_pat40_lr3.0e-04_wd1.0e-04_319402-6/inj_0046
{
  "kappa": {
    "true": 4.537460955782529,
    "median": 4.278713894283821,
    "ci_lo": 3.8635987280984807,
    "ci_hi": 4.737186531511035,
    "covered": true,
    "insertion_percentile": 0.8290355329949238
  },
  "mu_xi": {
    "true": 0.007722679321174319,
    "median": 0.01222615483775409,
    "ci_lo": 0.0019183108697010927,
    "ci_hi": 0.028078964385335813,
    "covered": true,
    "insertion_percentile": 0.276751269035533
  },
  "sigma_chi": {
    "true": 0.19991336575525076,
    "median": 0.28032652562854,
    "ci_lo": 0.1431247808874732,
    "ci_hi": 0.42247619811983406,
    "covered": true,
    "insertion_percentile": 0.1884263959390863
  },
  "sigma_xi": {
    "true": 0.2676476687861466,
    "median": 0.2507260433208072,
    "ci_lo": 0.17681834330808535,
    "ci_hi": 0.2885760302687186,
    "covered": true,
    "insertion_percentile": 0.7195939086294416
  },
  "rho": {
    "true": 0.7812511349208556,
    "median": 0.6710275662158541,
    "ci_lo": 0.31075623008441183,
    "ci_hi": 0.8654096250834078,
    "covered": true,
    "insertion_percentile": 0.7813197969543147
  },
  "lambda_chi": {
    "true": -0.41505321306122345,
    "median": -0.29161933311277355,
    "ci_lo": -0.4279389333162354,
    "ci_hi": -0.10332503634723779,
    "covered": true,
    "insertion_percentile": 0.07593908629441624
  },
  "chi0": {
    "true": 0.12922976672796216,
    "median": 0.10668343607237456,
    "ci_lo": 0.05894253476125599,
    "ci_hi": 0.13939237913835464,
    "covered": true,
    "insertion_percentile": 0.8552284263959391
  },
  "xi0": {
    "true": 4.438929366185654,
    "median": 4.457783101634788,
    "ci_lo": 4.425316883157729,
    "ci_hi": 4.504793149466496,
    "covered": true,
    "insertion_percentile": 0.19025380710659898
  }
}
Saved KDE posterior plot to /data/wiay/postgrads/shashwat/COMM_DATA/results/CALLIBRATION_S3_L1/bs2048_a0.10_b0.10_ep600_pat40_lr3.0e-04_wd1.0e-04_319402-6/inj_0046/posterior_kde.png
