==========================================
 Stage 3 Layer 1 injection
 model = bs2048_a0.10_b0.10_ep600_pat40_lr3.0e-04_wd1.0e-05_319402-0
 seed  = 67
==========================================
Model: bs2048_a0.10_b0.10_ep600_pat40_lr3.0e-04_wd1.0e-05_319402-0
Injection seed: 67
Output dir: /data/wiay/postgrads/shashwat/COMM_DATA/results/CALLIBRATION_S3_L1/bs2048_a0.10_b0.10_ep600_pat40_lr3.0e-04_wd1.0e-05_319402-0/inj_0067
{
  "kappa": {
    "true": 2.1302243495210367,
    "median": 2.118604957303196,
    "ci_lo": 2.0331382400075064,
    "ci_hi": 2.187580583486678,
    "covered": true,
    "insertion_percentile": 0.5923273657289002
  },
  "mu_xi": {
    "true": 0.012693830220007574,
    "median": 0.017043891349737522,
    "ci_lo": 0.0034858356150830752,
    "ci_hi": 0.022591451909302833,
    "covered": true,
    "insertion_percentile": 0.2956521739130435
  },
  "sigma_chi": {
    "true": 0.33269176969643643,
    "median": 0.30685138105887444,
    "ci_lo": 0.09111661138243005,
    "ci_hi": 0.5268929114831792,
    "covered": true,
    "insertion_percentile": 0.5703324808184144
  },
  "sigma_xi": {
    "true": 0.15403491763065028,
    "median": 0.12167114578553581,
    "ci_lo": 0.0600837223425922,
    "ci_hi": 0.20492074174217925,
    "covered": true,
    "insertion_percentile": 0.7066496163682865
  },
  "rho": {
    "true": 0.17646651363752397,
    "median": -0.13165392426423234,
    "ci_lo": -0.8338698116615091,
    "ci_hi": 0.7318073347283762,
    "covered": true,
    "insertion_percentile": 0.6762148337595908
  },
  "lambda_chi": {
    "true": -0.06872944890543387,
    "median": -0.03744138921758581,
    "ci_lo": -0.39416838913996705,
    "ci_hi": 0.36816300791858597,
    "covered": true,
    "insertion_percentile": 0.461381074168798
  },
  "chi0": {
    "true": -0.19170573124206824,
    "median": -0.21380262238678888,
    "ci_lo": -0.40824927664100596,
    "ci_hi": -0.041029732519616516,
    "covered": true,
    "insertion_percentile": 0.5580562659846547
  },
  "xi0": {
    "true": 3.3882518200580973,
    "median": 3.4096154476438345,
    "ci_lo": 3.237134864184663,
    "ci_hi": 3.6025279138442516,
    "covered": true,
    "insertion_percentile": 0.44475703324808186
  }
}
Saved KDE posterior plot to /data/wiay/postgrads/shashwat/COMM_DATA/results/CALLIBRATION_S3_L1/bs2048_a0.10_b0.10_ep600_pat40_lr3.0e-04_wd1.0e-05_319402-0/inj_0067/posterior_kde.png
