==========================================
 Stage 3 Layer 1 injection
 model = bs2048_a0.10_b0.10_ep600_pat40_lr3.0e-04_wd1.0e-04_319402-6
 seed  = 24
==========================================
Model: bs2048_a0.10_b0.10_ep600_pat40_lr3.0e-04_wd1.0e-04_319402-6
Injection seed: 24
Output dir: /data/wiay/postgrads/shashwat/COMM_DATA/results/CALLIBRATION_S3_L1/bs2048_a0.10_b0.10_ep600_pat40_lr3.0e-04_wd1.0e-04_319402-6/inj_0024
{
  "kappa": {
    "true": 1.7183172996796456,
    "median": 1.732093742604834,
    "ci_lo": 1.6917859300252358,
    "ci_hi": 1.7854389240351562,
    "covered": true,
    "insertion_percentile": 0.30178290508652333
  },
  "mu_xi": {
    "true": 0.04051773156391439,
    "median": 0.0436096589228169,
    "ci_lo": 0.005925654583280101,
    "ci_hi": 0.06362880720364057,
    "covered": true,
    "insertion_percentile": 0.45280545359202934
  },
  "sigma_chi": {
    "true": 0.36610580062995557,
    "median": 0.2602333901313556,
    "ci_lo": 0.07244803595815949,
    "ci_hi": 0.5266570761870277,
    "covered": true,
    "insertion_percentile": 0.7118510749868904
  },
  "sigma_xi": {
    "true": 0.22723991854455183,
    "median": 0.21251951976105046,
    "ci_lo": 0.07181860732983915,
    "ci_hi": 0.3473492028911363,
    "covered": true,
    "insertion_percentile": 0.5485055060304143
  },
  "rho": {
    "true": 0.11558251337445136,
    "median": -0.20454710100467516,
    "ci_lo": -0.8124708230803013,
    "ci_hi": 0.6679201663007877,
    "covered": true,
    "insertion_percentile": 0.7168327215521761
  },
  "lambda_chi": {
    "true": 0.06968731050840193,
    "median": 0.1452089424909419,
    "ci_lo": -0.12634521866873288,
    "ci_hi": 0.4322397401173319,
    "covered": true,
    "insertion_percentile": 0.35789197692711067
  },
  "chi0": {
    "true": 0.3741165312407412,
    "median": 0.32056062667921936,
    "ci_lo": 0.15152115057785437,
    "ci_hi": 0.4769632340451897,
    "covered": true,
    "insertion_percentile": 0.6649187205034085
  },
  "xi0": {
    "true": 2.7160761524774326,
    "median": 2.7747919282662012,
    "ci_lo": 2.619725387707127,
    "ci_hi": 2.9443160359437344,
    "covered": true,
    "insertion_percentile": 0.3188253801782905
  }
}
Saved KDE posterior plot to /data/wiay/postgrads/shashwat/COMM_DATA/results/CALLIBRATION_S3_L1/bs2048_a0.10_b0.10_ep600_pat40_lr3.0e-04_wd1.0e-04_319402-6/inj_0024/posterior_kde.png
