==========================================
 Stage 3 Layer 1 injection
 model = bs1024_a0.10_b0.10_ep600_pat40_lr3.0e-04_wd1.0e-05_319402-3
 seed  = 5
==========================================
Model: bs1024_a0.10_b0.10_ep600_pat40_lr3.0e-04_wd1.0e-05_319402-3
Injection seed: 5
Output dir: /data/wiay/postgrads/shashwat/COMM_DATA/results/CALLIBRATION_S3_L1/bs1024_a0.10_b0.10_ep600_pat40_lr3.0e-04_wd1.0e-05_319402-3/inj_0005
{
  "kappa": {
    "true": 4.044514326352363,
    "median": 3.950236347270889,
    "ci_lo": 3.4446807024381227,
    "ci_hi": 4.524553405316313,
    "covered": true,
    "insertion_percentile": 0.6030396702730552
  },
  "mu_xi": {
    "true": 0.08079407897364937,
    "median": 0.06302413538361995,
    "ci_lo": 0.021010169333475326,
    "ci_hi": 0.08842345449777973,
    "covered": true,
    "insertion_percentile": 0.7936630602782071
  },
  "sigma_chi": {
    "true": 0.33342905857317806,
    "median": 0.24632982961658928,
    "ci_lo": 0.06846765403192177,
    "ci_hi": 0.548819731409973,
    "covered": true,
    "insertion_percentile": 0.6638330757341576
  },
  "sigma_xi": {
    "true": 0.15003048303084957,
    "median": 0.2414722819795871,
    "ci_lo": 0.08618737131472012,
    "ci_hi": 0.3772328809248162,
    "covered": true,
    "insertion_percentile": 0.20453374549201442
  },
  "rho": {
    "true": -0.8029247357130185,
    "median": -0.07483500569147242,
    "ci_lo": -0.7821359599459983,
    "ci_hi": 0.7719451063239164,
    "covered": false,
    "insertion_percentile": 0.0381246780010304
  },
  "lambda_chi": {
    "true": -0.11663111921448177,
    "median": 0.052311968220938906,
    "ci_lo": -0.44194972873796756,
    "ci_hi": 0.461750425867904,
    "covered": true,
    "insertion_percentile": 0.36141164348274085
  },
  "chi0": {
    "true": -0.09152679458000135,
    "median": -0.12738528720591552,
    "ci_lo": -0.2332516979702281,
    "ci_hi": 0.003895421360460721,
    "covered": true,
    "insertion_percentile": 0.6120556414219475
  },
  "xi0": {
    "true": 2.613187984756113,
    "median": 2.6461401392211235,
    "ci_lo": 2.5184456156105637,
    "ci_hi": 2.7530059541435032,
    "covered": true,
    "insertion_percentile": 0.39206594538897477
  }
}
Saved KDE posterior plot to /data/wiay/postgrads/shashwat/COMM_DATA/results/CALLIBRATION_S3_L1/bs1024_a0.10_b0.10_ep600_pat40_lr3.0e-04_wd1.0e-05_319402-3/inj_0005/posterior_kde.png
