==========================================
 Stage 3 Layer 1 injection
 model = bs2048_a0.10_b0.10_ep600_pat40_lr3.0e-04_wd1.0e-04_319402-6
 seed  = 35
==========================================
Model: bs2048_a0.10_b0.10_ep600_pat40_lr3.0e-04_wd1.0e-04_319402-6
Injection seed: 35
Output dir: /data/wiay/postgrads/shashwat/COMM_DATA/results/CALLIBRATION_S3_L1/bs2048_a0.10_b0.10_ep600_pat40_lr3.0e-04_wd1.0e-04_319402-6/inj_0035
{
  "kappa": {
    "true": 1.7559528385302505,
    "median": 1.7720124832409974,
    "ci_lo": 1.7503491269038047,
    "ci_hi": 1.7900090032128226,
    "covered": true,
    "insertion_percentile": 0.10187054232270219
  },
  "mu_xi": {
    "true": 0.045849555610335296,
    "median": 0.05337512890503816,
    "ci_lo": 0.04214490073340121,
    "ci_hi": 0.0984375360009384,
    "covered": true,
    "insertion_percentile": 0.25501278428206164
  },
  "sigma_chi": {
    "true": 0.564253767967397,
    "median": 0.5792536157317986,
    "ci_lo": 0.5258497843685676,
    "ci_hi": 0.5969127025564599,
    "covered": true,
    "insertion_percentile": 0.2262145067958552
  },
  "sigma_xi": {
    "true": 0.38138899351141226,
    "median": 0.36142125982143236,
    "ci_lo": 0.20067970678425107,
    "ci_hi": 0.3909562248480872,
    "covered": true,
    "insertion_percentile": 0.742834073475979
  },
  "rho": {
    "true": -0.7257864353616279,
    "median": -0.44266195457203467,
    "ci_lo": -0.7342251963801666,
    "ci_hi": -0.10365343572181485,
    "covered": true,
    "insertion_percentile": 0.06069169694522945
  },
  "lambda_chi": {
    "true": -0.49910797841859456,
    "median": -0.4615724553058599,
    "ci_lo": -0.4963176843472874,
    "ci_hi": -0.3148919009705664,
    "covered": false,
    "insertion_percentile": 0.011034853990041718
  },
  "chi0": {
    "true": -0.04671206340604084,
    "median": -0.04286870330602357,
    "ci_lo": -0.07748963719201613,
    "ci_hi": 0.002317806470383519,
    "covered": true,
    "insertion_percentile": 0.42363073610550395
  },
  "xi0": {
    "true": 4.770814918638323,
    "median": 4.765775724259494,
    "ci_lo": 4.72257545900441,
    "ci_hi": 4.800780444251368,
    "covered": true,
    "insertion_percentile": 0.6012649710671512
  }
}
Saved KDE posterior plot to /data/wiay/postgrads/shashwat/COMM_DATA/results/CALLIBRATION_S3_L1/bs2048_a0.10_b0.10_ep600_pat40_lr3.0e-04_wd1.0e-04_319402-6/inj_0035/posterior_kde.png
