==========================================
 Stage 3 Layer 1 injection
 model = bs2048_a0.05_b0.05_ep600_pat40_lr3.0e-04_wd1.0e-05_319402-1
 seed  = 18
==========================================
Model: bs2048_a0.05_b0.05_ep600_pat40_lr3.0e-04_wd1.0e-05_319402-1
Injection seed: 18
Output dir: /data/wiay/postgrads/shashwat/COMM_DATA/results/CALLIBRATION_S3_L1/bs2048_a0.05_b0.05_ep600_pat40_lr3.0e-04_wd1.0e-05_319402-1/inj_0018
{
  "kappa": {
    "true": 2.056598269166107,
    "median": 2.117299825884827,
    "ci_lo": 2.0668478303455364,
    "ci_hi": 2.1707298391998906,
    "covered": false,
    "insertion_percentile": 0.021484375
  },
  "mu_xi": {
    "true": 0.07174146792882162,
    "median": 0.06265863397938502,
    "ci_lo": 0.03570001283891114,
    "ci_hi": 0.07245764474172979,
    "covered": true,
    "insertion_percentile": 0.9099392361111112
  },
  "sigma_chi": {
    "true": 0.20445283041980183,
    "median": 0.30838854904761387,
    "ci_lo": 0.17963183129985996,
    "ci_hi": 0.4266176603951456,
    "covered": true,
    "insertion_percentile": 0.091796875
  },
  "sigma_xi": {
    "true": 0.07895372129934072,
    "median": 0.15636116345587708,
    "ci_lo": 0.06884376926377637,
    "ci_hi": 0.2801008198869305,
    "covered": true,
    "insertion_percentile": 0.09114583333333333
  },
  "rho": {
    "true": 0.8455883747271477,
    "median": 0.3648635269718855,
    "ci_lo": -0.4747362289114578,
    "ci_hi": 0.8323462409739032,
    "covered": false,
    "insertion_percentile": 0.9607204861111112
  },
  "lambda_chi": {
    "true": 0.06392674536795206,
    "median": -0.1499819267860465,
    "ci_lo": -0.36835310878475186,
    "ci_hi": 0.1152516108945809,
    "covered": true,
    "insertion_percentile": 0.9088541666666666
  },
  "chi0": {
    "true": 0.14432096215124646,
    "median": 0.25339298900102636,
    "ci_lo": 0.12692846190110488,
    "ci_hi": 0.3574827447226704,
    "covered": true,
    "insertion_percentile": 0.07747395833333333
  },
  "xi0": {
    "true": 3.942178658756523,
    "median": 3.833058731301212,
    "ci_lo": 3.7284150381503487,
    "ci_hi": 3.960460941421728,
    "covered": true,
    "insertion_percentile": 0.9223090277777778
  }
}
Saved KDE posterior plot to /data/wiay/postgrads/shashwat/COMM_DATA/results/CALLIBRATION_S3_L1/bs2048_a0.05_b0.05_ep600_pat40_lr3.0e-04_wd1.0e-05_319402-1/inj_0018/posterior_kde.png
