==========================================
 Stage 3 Layer 1 injection
 model = bs1024_a0.10_b0.10_ep600_pat40_lr3.0e-04_wd1.0e-05_319402-3
 seed  = 2
==========================================
Model: bs1024_a0.10_b0.10_ep600_pat40_lr3.0e-04_wd1.0e-05_319402-3
Injection seed: 2
Output dir: /data/wiay/postgrads/shashwat/COMM_DATA/results/CALLIBRATION_S3_L1/bs1024_a0.10_b0.10_ep600_pat40_lr3.0e-04_wd1.0e-05_319402-3/inj_0002
{
  "kappa": {
    "true": 1.3818994578216506,
    "median": 1.4698510454820266,
    "ci_lo": 1.3249374834868597,
    "ci_hi": 1.5635573725516387,
    "covered": true,
    "insertion_percentile": 0.11961722488038277
  },
  "mu_xi": {
    "true": 0.029849114341412332,
    "median": 0.023996204579115263,
    "ci_lo": 0.004781500311664974,
    "ci_hi": 0.03142401853667538,
    "covered": true,
    "insertion_percentile": 0.8244019138755981
  },
  "sigma_chi": {
    "true": 0.4978241573268541,
    "median": 0.19899921098615642,
    "ci_lo": 0.06606141516663432,
    "ci_hi": 0.5019507730669927,
    "covered": true,
    "insertion_percentile": 0.9471291866028708
  },
  "sigma_xi": {
    "true": 0.08217057974728392,
    "median": 0.13571692729837576,
    "ci_lo": 0.060082608624433785,
    "ci_hi": 0.23861930468525208,
    "covered": true,
    "insertion_percentile": 0.180622009569378
  },
  "rho": {
    "true": 0.1801809467381773,
    "median": 0.11088519986324637,
    "ci_lo": -0.7470895488945487,
    "ci_hi": 0.8058723694845549,
    "covered": true,
    "insertion_percentile": 0.5440191387559808
  },
  "lambda_chi": {
    "true": 0.22856052681179462,
    "median": 0.26706991152115467,
    "ci_lo": 0.01999858046274883,
    "ci_hi": 0.4484118286373913,
    "covered": true,
    "insertion_percentile": 0.4270334928229665
  },
  "chi0": {
    "true": -0.31209892663339656,
    "median": -0.36201314652326977,
    "ci_lo": -0.48798646954426994,
    "ci_hi": -0.19062650118475474,
    "covered": true,
    "insertion_percentile": 0.6318181818181818
  },
  "xi0": {
    "true": 2.6378665683326705,
    "median": 2.6926494897074513,
    "ci_lo": 2.521471419100244,
    "ci_hi": 2.8194009371712916,
    "covered": true,
    "insertion_percentile": 0.35311004784688993
  }
}
Saved KDE posterior plot to /data/wiay/postgrads/shashwat/COMM_DATA/results/CALLIBRATION_S3_L1/bs1024_a0.10_b0.10_ep600_pat40_lr3.0e-04_wd1.0e-05_319402-3/inj_0002/posterior_kde.png
