==========================================
 Stage 3 Layer 1 injection
 model = bs2048_a0.05_b0.05_ep600_pat40_lr3.0e-04_wd1.0e-05_319402-1
 seed  = 48
==========================================
Model: bs2048_a0.05_b0.05_ep600_pat40_lr3.0e-04_wd1.0e-05_319402-1
Injection seed: 48
Output dir: /data/wiay/postgrads/shashwat/COMM_DATA/results/CALLIBRATION_S3_L1/bs2048_a0.05_b0.05_ep600_pat40_lr3.0e-04_wd1.0e-05_319402-1/inj_0048
{
  "kappa": {
    "true": 1.9997293741994135,
    "median": 1.9907209061642053,
    "ci_lo": 1.9254071492863702,
    "ci_hi": 2.0474977378454295,
    "covered": true,
    "insertion_percentile": 0.5711201727032862
  },
  "mu_xi": {
    "true": 0.059577349002934,
    "median": 0.07566846113982717,
    "ci_lo": 0.034895134084623754,
    "ci_hi": 0.09807002640418168,
    "covered": true,
    "insertion_percentile": 0.29719357159990406
  },
  "sigma_chi": {
    "true": 0.3325902997797055,
    "median": 0.41775714375187856,
    "ci_lo": 0.14337890943932377,
    "ci_hi": 0.5756200803307122,
    "covered": true,
    "insertion_percentile": 0.31326457183976975
  },
  "sigma_xi": {
    "true": 0.2930721664025909,
    "median": 0.23203396576766283,
    "ci_lo": 0.09509770146532978,
    "ci_hi": 0.36794298851376256,
    "covered": true,
    "insertion_percentile": 0.702566562724874
  },
  "rho": {
    "true": 0.2744941495561021,
    "median": -0.09494796662512055,
    "ci_lo": -0.7758741183587619,
    "ci_hi": 0.7105969220962933,
    "covered": true,
    "insertion_percentile": 0.7399856080594867
  },
  "lambda_chi": {
    "true": 0.3631168051759368,
    "median": 0.14623981976671357,
    "ci_lo": -0.2228996857121468,
    "ci_hi": 0.4427333953403776,
    "covered": true,
    "insertion_percentile": 0.8311345646437994
  },
  "chi0": {
    "true": 0.08984299879647961,
    "median": 0.18635056187226254,
    "ci_lo": 0.03250817349505228,
    "ci_hi": 0.3623847430960721,
    "covered": true,
    "insertion_percentile": 0.19812904773326936
  },
  "xi0": {
    "true": 3.8199333143051506,
    "median": 3.7196687230179992,
    "ci_lo": 3.5403345987087538,
    "ci_hi": 3.876107202289732,
    "covered": true,
    "insertion_percentile": 0.8093067881986088
  }
}
Saved KDE posterior plot to /data/wiay/postgrads/shashwat/COMM_DATA/results/CALLIBRATION_S3_L1/bs2048_a0.05_b0.05_ep600_pat40_lr3.0e-04_wd1.0e-05_319402-1/inj_0048/posterior_kde.png
