==========================================
 Stage 3 Layer 1 injection
 model = bs2048_a0.10_b0.10_ep600_pat40_lr3.0e-04_wd1.0e-04_319402-6
 seed  = 51
==========================================
Model: bs2048_a0.10_b0.10_ep600_pat40_lr3.0e-04_wd1.0e-04_319402-6
Injection seed: 51
Output dir: /data/wiay/postgrads/shashwat/COMM_DATA/results/CALLIBRATION_S3_L1/bs2048_a0.10_b0.10_ep600_pat40_lr3.0e-04_wd1.0e-04_319402-6/inj_0051
{
  "kappa": {
    "true": 4.717961861725042,
    "median": 4.747310707822825,
    "ci_lo": 4.65187472691318,
    "ci_hi": 4.897280277052629,
    "covered": true,
    "insertion_percentile": 0.32415169660678644
  },
  "mu_xi": {
    "true": 0.030713836078874013,
    "median": 0.02888521290111662,
    "ci_lo": 0.016991825660359387,
    "ci_hi": 0.035686607250538384,
    "covered": true,
    "insertion_percentile": 0.6213572854291417
  },
  "sigma_chi": {
    "true": 0.19019864892789684,
    "median": 0.24887203959992482,
    "ci_lo": 0.06408651493876633,
    "ci_hi": 0.5195802761657806,
    "covered": true,
    "insertion_percentile": 0.3936127744510978
  },
  "sigma_xi": {
    "true": 0.12791648374657733,
    "median": 0.14147499943043454,
    "ci_lo": 0.0802627954433324,
    "ci_hi": 0.20947061540348563,
    "covered": true,
    "insertion_percentile": 0.38063872255489023
  },
  "rho": {
    "true": 0.5151675972345758,
    "median": 0.24313157708461258,
    "ci_lo": -0.6778130995385334,
    "ci_hi": 0.6538554026037195,
    "covered": true,
    "insertion_percentile": 0.8397205588822355
  },
  "lambda_chi": {
    "true": -0.2832919552729509,
    "median": -0.18074521715652336,
    "ci_lo": -0.42184649277288017,
    "ci_hi": 0.4487833689721079,
    "covered": true,
    "insertion_percentile": 0.29860279441117765
  },
  "chi0": {
    "true": 0.3057265038110999,
    "median": 0.2870026569815819,
    "ci_lo": 0.1471592478840418,
    "ci_hi": 0.34156638557593927,
    "covered": true,
    "insertion_percentile": 0.6592814371257485
  },
  "xi0": {
    "true": 4.331645366261713,
    "median": 4.349940380847377,
    "ci_lo": 4.2973091402600705,
    "ci_hi": 4.491400927660805,
    "covered": true,
    "insertion_percentile": 0.3325349301397206
  }
}
Saved KDE posterior plot to /data/wiay/postgrads/shashwat/COMM_DATA/results/CALLIBRATION_S3_L1/bs2048_a0.10_b0.10_ep600_pat40_lr3.0e-04_wd1.0e-04_319402-6/inj_0051/posterior_kde.png
