==========================================
 Stage 3 Layer 1 injection
 model = bs2048_a0.10_b0.10_ep600_pat40_lr1.0e-04_wd1.0e-05_319402-5
 seed  = 5
==========================================
Model: bs2048_a0.10_b0.10_ep600_pat40_lr1.0e-04_wd1.0e-05_319402-5
Injection seed: 5
Output dir: /data/wiay/postgrads/shashwat/COMM_DATA/results/CALLIBRATION_S3_L1/bs2048_a0.10_b0.10_ep600_pat40_lr1.0e-04_wd1.0e-05_319402-5/inj_0005
{
  "kappa": {
    "true": 4.044514326352363,
    "median": 3.812029410017387,
    "ci_lo": 3.3052519212093547,
    "ci_hi": 4.386590296772086,
    "covered": true,
    "insertion_percentile": 0.7520823125918668
  },
  "mu_xi": {
    "true": 0.08079407897364937,
    "median": 0.06784791035008822,
    "ci_lo": 0.026985606096454205,
    "ci_hi": 0.08932058685482419,
    "covered": true,
    "insertion_percentile": 0.7087212150906418
  },
  "sigma_chi": {
    "true": 0.33342905857317806,
    "median": 0.3182642272568462,
    "ci_lo": 0.10755847946133466,
    "ci_hi": 0.5362360643049041,
    "covered": true,
    "insertion_percentile": 0.5399314061734444
  },
  "sigma_xi": {
    "true": 0.15003048303084957,
    "median": 0.21952232250666304,
    "ci_lo": 0.07376510765587369,
    "ci_hi": 0.3604916348650866,
    "covered": true,
    "insertion_percentile": 0.2932386085252327
  },
  "rho": {
    "true": -0.8029247357130185,
    "median": -0.14467674829563737,
    "ci_lo": -0.7983246666217458,
    "ci_hi": 0.7019918202578213,
    "covered": false,
    "insertion_percentile": 0.04703576678098971
  },
  "lambda_chi": {
    "true": -0.11663111921448177,
    "median": 0.11356613442660296,
    "ci_lo": -0.39315661771711247,
    "ci_hi": 0.43275135159004763,
    "covered": true,
    "insertion_percentile": 0.22807447329740324
  },
  "chi0": {
    "true": -0.09152679458000135,
    "median": -0.13855535197460694,
    "ci_lo": -0.22826693882654123,
    "ci_hi": -0.012858221613037894,
    "covered": true,
    "insertion_percentile": 0.7270945614894659
  },
  "xi0": {
    "true": 2.613187984756113,
    "median": 2.6624537246446938,
    "ci_lo": 2.535633266119274,
    "ci_hi": 2.7528256216037583,
    "covered": true,
    "insertion_percentile": 0.27437530622244
  }
}
Saved KDE posterior plot to /data/wiay/postgrads/shashwat/COMM_DATA/results/CALLIBRATION_S3_L1/bs2048_a0.10_b0.10_ep600_pat40_lr1.0e-04_wd1.0e-05_319402-5/inj_0005/posterior_kde.png
