==========================================
 Stage 3 Layer 1 injection
 model = bs2048_a0.05_b0.05_ep600_pat40_lr3.0e-04_wd1.0e-05_319402-1
 seed  = 22
==========================================
Model: bs2048_a0.05_b0.05_ep600_pat40_lr3.0e-04_wd1.0e-05_319402-1
Injection seed: 22
Output dir: /data/wiay/postgrads/shashwat/COMM_DATA/results/CALLIBRATION_S3_L1/bs2048_a0.05_b0.05_ep600_pat40_lr3.0e-04_wd1.0e-05_319402-1/inj_0022
{
  "kappa": {
    "true": 1.895099885617173,
    "median": 1.914193896668523,
    "ci_lo": 1.8957821630129317,
    "ci_hi": 1.935333883920991,
    "covered": false,
    "insertion_percentile": 0.03915553951642006
  },
  "mu_xi": {
    "true": 0.01992953793750829,
    "median": 0.03430274444867577,
    "ci_lo": 0.010427987664634528,
    "ci_hi": 0.05210761440475667,
    "covered": true,
    "insertion_percentile": 0.26236015878744134
  },
  "sigma_chi": {
    "true": 0.0987071052937034,
    "median": 0.2633873445079759,
    "ci_lo": 0.06092954280639421,
    "ci_hi": 0.41786768934686236,
    "covered": true,
    "insertion_percentile": 0.24828581739444244
  },
  "sigma_xi": {
    "true": 0.27861709066032203,
    "median": 0.22025666697150967,
    "ci_lo": 0.11281658406160053,
    "ci_hi": 0.31068786851929636,
    "covered": true,
    "insertion_percentile": 0.7390833634067123
  },
  "rho": {
    "true": -0.0731933194608958,
    "median": -0.18706688030469715,
    "ci_lo": -0.7931618395663234,
    "ci_hi": 0.5643425782834166,
    "covered": true,
    "insertion_percentile": 0.6479610249007578
  },
  "lambda_chi": {
    "true": 0.4876756188802016,
    "median": 0.4625381598543774,
    "ci_lo": 0.3732411447351869,
    "ci_hi": 0.4970431689997748,
    "covered": true,
    "insertion_percentile": 0.7995308552869
  },
  "chi0": {
    "true": 0.35156806985113076,
    "median": 0.36931714011993844,
    "ci_lo": 0.3423962536574259,
    "ci_hi": 0.4191579202324868,
    "covered": true,
    "insertion_percentile": 0.1856730422230242
  },
  "xi0": {
    "true": 4.592403308092612,
    "median": 4.57332062361786,
    "ci_lo": 4.523758710061159,
    "ci_hi": 4.599884888470167,
    "covered": true,
    "insertion_percentile": 0.8390472753518585
  }
}
Saved KDE posterior plot to /data/wiay/postgrads/shashwat/COMM_DATA/results/CALLIBRATION_S3_L1/bs2048_a0.05_b0.05_ep600_pat40_lr3.0e-04_wd1.0e-05_319402-1/inj_0022/posterior_kde.png
