==========================================
 Stage 3 Layer 1 injection
 model = bs2048_a0.10_b0.10_ep600_pat40_lr1.0e-04_wd1.0e-05_319402-5
 seed  = 36
==========================================
Model: bs2048_a0.10_b0.10_ep600_pat40_lr1.0e-04_wd1.0e-05_319402-5
Injection seed: 36
Output dir: /data/wiay/postgrads/shashwat/COMM_DATA/results/CALLIBRATION_S3_L1/bs2048_a0.10_b0.10_ep600_pat40_lr1.0e-04_wd1.0e-05_319402-5/inj_0036
{
  "kappa": {
    "true": 0.9851021469984305,
    "median": 2.18402040117983,
    "ci_lo": 2.136724746871067,
    "ci_hi": 2.2328047017146995,
    "covered": false,
    "insertion_percentile": 0.0
  },
  "mu_xi": {
    "true": 0.03982367607356684,
    "median": 0.053274084124384426,
    "ci_lo": 0.050260197187340955,
    "ci_hi": 0.05533242828100754,
    "covered": false,
    "insertion_percentile": 0.0
  },
  "sigma_chi": {
    "true": 0.5416078219634328,
    "median": 0.18375696590378926,
    "ci_lo": 0.08378392317566022,
    "ci_hi": 0.2737148897902358,
    "covered": false,
    "insertion_percentile": 1.0
  },
  "sigma_xi": {
    "true": 0.19118510263013339,
    "median": 0.09636048486771007,
    "ci_lo": 0.07161740283342517,
    "ci_hi": 0.12402033775588171,
    "covered": false,
    "insertion_percentile": 1.0
  },
  "rho": {
    "true": 0.3294083214503488,
    "median": -0.5864647023083027,
    "ci_lo": -0.8411209476893013,
    "ci_hi": -0.27997452511833415,
    "covered": false,
    "insertion_percentile": 1.0
  },
  "lambda_chi": {
    "true": 0.011080915213594666,
    "median": -0.44482812603577454,
    "ci_lo": -0.4937091040238865,
    "ci_hi": -0.3777723334022298,
    "covered": false,
    "insertion_percentile": 1.0
  },
  "chi0": {
    "true": 0.03542655308230502,
    "median": 0.1366644491257451,
    "ci_lo": 0.10579727773911883,
    "ci_hi": 0.15855985357240562,
    "covered": false,
    "insertion_percentile": 0.0
  },
  "xi0": {
    "true": 4.688386142050726,
    "median": 4.584199293634537,
    "ci_lo": 4.562084207934022,
    "ci_hi": 4.614964217266437,
    "covered": false,
    "insertion_percentile": 1.0
  }
}
Saved KDE posterior plot to /data/wiay/postgrads/shashwat/COMM_DATA/results/CALLIBRATION_S3_L1/bs2048_a0.10_b0.10_ep600_pat40_lr1.0e-04_wd1.0e-05_319402-5/inj_0036/posterior_kde.png
