==========================================
 Stage 3 Layer 1 injection
 model = bs2048_a0.20_b0.20_ep600_pat40_lr3.0e-04_wd1.0e-05_319402-2
 seed  = 12
==========================================
Model: bs2048_a0.20_b0.20_ep600_pat40_lr3.0e-04_wd1.0e-05_319402-2
Injection seed: 12
Output dir: /data/wiay/postgrads/shashwat/COMM_DATA/results/CALLIBRATION_S3_L1/bs2048_a0.20_b0.20_ep600_pat40_lr3.0e-04_wd1.0e-05_319402-2/inj_0012
{
  "kappa": {
    "true": 1.329039844731386,
    "median": 1.4900307257115606,
    "ci_lo": 0.9433195528720764,
    "ci_hi": 1.9609642958529716,
    "covered": true,
    "insertion_percentile": 0.30866425992779783
  },
  "mu_xi": {
    "true": 0.09467529428594246,
    "median": 0.07696286906128413,
    "ci_lo": 0.032574187892329916,
    "ci_hi": 0.09868485660838427,
    "covered": true,
    "insertion_percentile": 0.8189788550799381
  },
  "sigma_chi": {
    "true": 0.1541262114968687,
    "median": 0.25761886876363504,
    "ci_lo": 0.08065859064890195,
    "ci_hi": 0.3754606434767424,
    "covered": true,
    "insertion_percentile": 0.20268179473955647
  },
  "sigma_xi": {
    "true": 0.11275199364633766,
    "median": 0.21957500266087668,
    "ci_lo": 0.0708861111444937,
    "ci_hi": 0.37029687294483565,
    "covered": true,
    "insertion_percentile": 0.17792676637441981
  },
  "rho": {
    "true": -0.27019936692727653,
    "median": 0.017795623985488986,
    "ci_lo": -0.7792983968054086,
    "ci_hi": 0.7879157916628219,
    "covered": true,
    "insertion_percentile": 0.3194945848375451
  },
  "lambda_chi": {
    "true": -0.26945875341009407,
    "median": -0.013847376984933107,
    "ci_lo": -0.36316191044550095,
    "ci_hi": 0.4094479560907,
    "covered": true,
    "insertion_percentile": 0.1374419804022692
  },
  "chi0": {
    "true": 0.17044574277278468,
    "median": -0.017066943802296064,
    "ci_lo": -0.3039444271885369,
    "ci_hi": 0.2452364680461025,
    "covered": true,
    "insertion_percentile": 0.872356884992264
  },
  "xi0": {
    "true": 2.7876984553086186,
    "median": 2.971348847796389,
    "ci_lo": 2.71107977647241,
    "ci_hi": 3.2591609851332417,
    "covered": true,
    "insertion_percentile": 0.13022176379577102
  }
}
Saved KDE posterior plot to /data/wiay/postgrads/shashwat/COMM_DATA/results/CALLIBRATION_S3_L1/bs2048_a0.20_b0.20_ep600_pat40_lr3.0e-04_wd1.0e-05_319402-2/inj_0012/posterior_kde.png
