==========================================
 Stage 3 Layer 1 injection
 model = bs2048_a0.10_b0.10_ep600_pat40_lr3.0e-04_wd1.0e-04_319402-6
 seed  = 58
==========================================
Model: bs2048_a0.10_b0.10_ep600_pat40_lr3.0e-04_wd1.0e-04_319402-6
Injection seed: 58
Output dir: /data/wiay/postgrads/shashwat/COMM_DATA/results/CALLIBRATION_S3_L1/bs2048_a0.10_b0.10_ep600_pat40_lr3.0e-04_wd1.0e-04_319402-6/inj_0058
{
  "kappa": {
    "true": 1.6141578227745996,
    "median": 1.5830670149575385,
    "ci_lo": 1.5365241072648832,
    "ci_hi": 1.612422537959468,
    "covered": false,
    "insertion_percentile": 0.9587355212355212
  },
  "mu_xi": {
    "true": 0.0879833609230771,
    "median": 0.07636024737527594,
    "ci_lo": 0.0240962844762352,
    "ci_hi": 0.09334763955700183,
    "covered": true,
    "insertion_percentile": 0.7297297297297297
  },
  "sigma_chi": {
    "true": 0.18370029868646648,
    "median": 0.23401382553062477,
    "ci_lo": 0.07733960222843624,
    "ci_hi": 0.44969512581557725,
    "covered": true,
    "insertion_percentile": 0.35086872586872586
  },
  "sigma_xi": {
    "true": 0.1229471629653757,
    "median": 0.1951400052985559,
    "ci_lo": 0.06372600564229736,
    "ci_hi": 0.3779673677964548,
    "covered": true,
    "insertion_percentile": 0.27533783783783783
  },
  "rho": {
    "true": 0.6224632797546367,
    "median": 0.20177683405888303,
    "ci_lo": -0.7630029797412219,
    "ci_hi": 0.8395092733490641,
    "covered": true,
    "insertion_percentile": 0.7623069498069498
  },
  "lambda_chi": {
    "true": -0.3594270253131512,
    "median": -0.23322297499626807,
    "ci_lo": -0.4755646955880291,
    "ci_hi": 0.07260179049180474,
    "covered": true,
    "insertion_percentile": 0.27557915057915056
  },
  "chi0": {
    "true": -0.19466746102850996,
    "median": -0.2707516158658325,
    "ci_lo": -0.4627709447506175,
    "ci_hi": -0.11458709545101814,
    "covered": true,
    "insertion_percentile": 0.708976833976834
  },
  "xi0": {
    "true": 2.846202969304789,
    "median": 2.9237794197452707,
    "ci_lo": 2.7664167506953956,
    "ci_hi": 3.1164420296814455,
    "covered": true,
    "insertion_percentile": 0.28812741312741313
  }
}
Saved KDE posterior plot to /data/wiay/postgrads/shashwat/COMM_DATA/results/CALLIBRATION_S3_L1/bs2048_a0.10_b0.10_ep600_pat40_lr3.0e-04_wd1.0e-04_319402-6/inj_0058/posterior_kde.png
