==========================================
 Stage 3 Layer 1 injection
 model = bs1024_a0.10_b0.10_ep600_pat40_lr3.0e-04_wd1.0e-05_319402-3
 seed  = 43
==========================================
Model: bs1024_a0.10_b0.10_ep600_pat40_lr3.0e-04_wd1.0e-05_319402-3
Injection seed: 43
Output dir: /data/wiay/postgrads/shashwat/COMM_DATA/results/CALLIBRATION_S3_L1/bs1024_a0.10_b0.10_ep600_pat40_lr3.0e-04_wd1.0e-05_319402-3/inj_0043
{
  "kappa": {
    "true": 3.2962663872344624,
    "median": 3.2761730410116563,
    "ci_lo": 3.136004245789856,
    "ci_hi": 3.4178854709997437,
    "covered": true,
    "insertion_percentile": 0.5872062663185379
  },
  "mu_xi": {
    "true": 0.004377532363899661,
    "median": 0.044675414458835105,
    "ci_lo": 0.007359335948412985,
    "ci_hi": 0.06157200737184903,
    "covered": false,
    "insertion_percentile": 0.02689295039164491
  },
  "sigma_chi": {
    "true": 0.06101627278081927,
    "median": 0.3100577257393893,
    "ci_lo": 0.07981967146196814,
    "ci_hi": 0.5581027872303158,
    "covered": false,
    "insertion_percentile": 0.020887728459530026
  },
  "sigma_xi": {
    "true": 0.34372440387886055,
    "median": 0.19511949453097088,
    "ci_lo": 0.06529795543786579,
    "ci_hi": 0.33567388647918084,
    "covered": false,
    "insertion_percentile": 0.9718015665796345
  },
  "rho": {
    "true": 0.15685748565850532,
    "median": 0.04001103367348932,
    "ci_lo": -0.7786215441542244,
    "ci_hi": 0.8014353855280559,
    "covered": true,
    "insertion_percentile": 0.5702349869451697
  },
  "lambda_chi": {
    "true": -0.27529476979637557,
    "median": -0.07846064137188224,
    "ci_lo": -0.45035649381155834,
    "ci_hi": 0.41426409558461597,
    "covered": true,
    "insertion_percentile": 0.2597911227154047
  },
  "chi0": {
    "true": 0.2517922718186155,
    "median": 0.19721409622607988,
    "ci_lo": 0.045811389043487034,
    "ci_hi": 0.3090119934942114,
    "covered": true,
    "insertion_percentile": 0.7263707571801566
  },
  "xi0": {
    "true": 3.1592304936959366,
    "median": 3.209643232032507,
    "ci_lo": 3.097473423485109,
    "ci_hi": 3.3596381504792894,
    "covered": true,
    "insertion_percentile": 0.2939947780678851
  }
}
Saved KDE posterior plot to /data/wiay/postgrads/shashwat/COMM_DATA/results/CALLIBRATION_S3_L1/bs1024_a0.10_b0.10_ep600_pat40_lr3.0e-04_wd1.0e-05_319402-3/inj_0043/posterior_kde.png
