==========================================
 Stage 3 Layer 1 injection
 model = bs2048_a0.05_b0.05_ep600_pat40_lr3.0e-04_wd1.0e-05_319402-1
 seed  = 53
==========================================
Model: bs2048_a0.05_b0.05_ep600_pat40_lr3.0e-04_wd1.0e-05_319402-1
Injection seed: 53
Output dir: /data/wiay/postgrads/shashwat/COMM_DATA/results/CALLIBRATION_S3_L1/bs2048_a0.05_b0.05_ep600_pat40_lr3.0e-04_wd1.0e-05_319402-1/inj_0053
{
  "kappa": {
    "true": 0.15452227336490462,
    "median": 0.15333521982035228,
    "ci_lo": 0.14604046725653808,
    "ci_hi": 0.1636283023821634,
    "covered": true,
    "insertion_percentile": 0.5847989949748744
  },
  "mu_xi": {
    "true": 0.07189106537677009,
    "median": 0.08212184312095411,
    "ci_lo": 0.07312756091793622,
    "ci_hi": 0.09539456759406757,
    "covered": false,
    "insertion_percentile": 0.03161641541038526
  },
  "sigma_chi": {
    "true": 0.23211995513304734,
    "median": 0.21273019276122573,
    "ci_lo": 0.13932126099998507,
    "ci_hi": 0.2742505060191955,
    "covered": true,
    "insertion_percentile": 0.6838358458961474
  },
  "sigma_xi": {
    "true": 0.3765810322670093,
    "median": 0.3470557441063774,
    "ci_lo": 0.2966502981941066,
    "ci_hi": 0.37337171304137146,
    "covered": false,
    "insertion_percentile": 0.9744556113902848
  },
  "rho": {
    "true": -0.7113154062864112,
    "median": -0.5533478548995752,
    "ci_lo": -0.832333028527142,
    "ci_hi": -0.23594663180250788,
    "covered": true,
    "insertion_percentile": 0.20728643216080403
  },
  "lambda_chi": {
    "true": 0.16643664011044257,
    "median": 0.2013909341139264,
    "ci_lo": 0.16712427233580307,
    "ci_hi": 0.23187398113598262,
    "covered": false,
    "insertion_percentile": 0.04669179229480737
  },
  "chi0": {
    "true": 0.3192539268062028,
    "median": 0.20651934316622367,
    "ci_lo": 0.07572474563449548,
    "ci_hi": 0.34412498433453076,
    "covered": true,
    "insertion_percentile": 0.9082914572864321
  },
  "xi0": {
    "true": 4.2289172748526855,
    "median": 4.341076363824003,
    "ci_lo": 4.203710393937039,
    "ci_hi": 4.471436491942262,
    "covered": true,
    "insertion_percentile": 0.09317420435510888
  }
}
Saved KDE posterior plot to /data/wiay/postgrads/shashwat/COMM_DATA/results/CALLIBRATION_S3_L1/bs2048_a0.05_b0.05_ep600_pat40_lr3.0e-04_wd1.0e-05_319402-1/inj_0053/posterior_kde.png
