==========================================
 Stage 3 Layer 1 injection
 model = bs2048_a0.20_b0.20_ep600_pat40_lr3.0e-04_wd1.0e-05_319402-2
 seed  = 64
==========================================
Model: bs2048_a0.20_b0.20_ep600_pat40_lr3.0e-04_wd1.0e-05_319402-2
Injection seed: 64
Output dir: /data/wiay/postgrads/shashwat/COMM_DATA/results/CALLIBRATION_S3_L1/bs2048_a0.20_b0.20_ep600_pat40_lr3.0e-04_wd1.0e-05_319402-2/inj_0064
{
  "kappa": {
    "true": 4.7231179184279775,
    "median": 4.765813692948559,
    "ci_lo": 4.7074883518398405,
    "ci_hi": 4.826999286091237,
    "covered": true,
    "insertion_percentile": 0.11634285714285714
  },
  "mu_xi": {
    "true": 0.05233396291407427,
    "median": 0.04676309929022524,
    "ci_lo": 0.02982459176330834,
    "ci_hi": 0.0599666917314034,
    "covered": true,
    "insertion_percentile": 0.6998857142857143
  },
  "sigma_chi": {
    "true": 0.0861410155859742,
    "median": 0.29586436172984243,
    "ci_lo": 0.10065486893694602,
    "ci_hi": 0.5119646897749593,
    "covered": false,
    "insertion_percentile": 0.029942857142857143
  },
  "sigma_xi": {
    "true": 0.16149557235465212,
    "median": 0.19297153336056053,
    "ci_lo": 0.10409861438700255,
    "ci_hi": 0.2666762335439848,
    "covered": true,
    "insertion_percentile": 0.3001142857142857
  },
  "rho": {
    "true": 0.6451513712203566,
    "median": 0.06252927660630216,
    "ci_lo": -0.6369125251579609,
    "ci_hi": 0.7474453245735091,
    "covered": true,
    "insertion_percentile": 0.9056
  },
  "lambda_chi": {
    "true": -0.4154412979443316,
    "median": 0.05288301983817808,
    "ci_lo": -0.3478648466654337,
    "ci_hi": 0.4608424725776279,
    "covered": false,
    "insertion_percentile": 0.010514285714285714
  },
  "chi0": {
    "true": 0.48536525002403685,
    "median": 0.39381129387812086,
    "ci_lo": 0.29822860970833853,
    "ci_hi": 0.47263117722083076,
    "covered": false,
    "insertion_percentile": 0.9888
  },
  "xi0": {
    "true": 4.063453629352292,
    "median": 4.15589121977924,
    "ci_lo": 4.074029847293799,
    "ci_hi": 4.24992447844739,
    "covered": false,
    "insertion_percentile": 0.014171428571428571
  }
}
Saved KDE posterior plot to /data/wiay/postgrads/shashwat/COMM_DATA/results/CALLIBRATION_S3_L1/bs2048_a0.20_b0.20_ep600_pat40_lr3.0e-04_wd1.0e-05_319402-2/inj_0064/posterior_kde.png
