==========================================
 Stage 3 Layer 1 injection
 model = bs2048_a0.20_b0.20_ep600_pat40_lr3.0e-04_wd1.0e-05_319402-2
 seed  = 8
==========================================
Model: bs2048_a0.20_b0.20_ep600_pat40_lr3.0e-04_wd1.0e-05_319402-2
Injection seed: 8
Output dir: /data/wiay/postgrads/shashwat/COMM_DATA/results/CALLIBRATION_S3_L1/bs2048_a0.20_b0.20_ep600_pat40_lr3.0e-04_wd1.0e-05_319402-2/inj_0008
{
  "kappa": {
    "true": 1.7021641553672477,
    "median": 1.646493875683577,
    "ci_lo": 1.5208818274479659,
    "ci_hi": 1.7191864728330408,
    "covered": true,
    "insertion_percentile": 0.8754926964989567
  },
  "mu_xi": {
    "true": 0.09872768433379256,
    "median": 0.08914465875597316,
    "ci_lo": 0.0741650465403573,
    "ci_hi": 0.09891846962030135,
    "covered": true,
    "insertion_percentile": 0.9397171342453049
  },
  "sigma_chi": {
    "true": 0.22529096116703418,
    "median": 0.32717685471045915,
    "ci_lo": 0.11849403515703012,
    "ci_hi": 0.5180823418518412,
    "covered": true,
    "insertion_percentile": 0.22026431718061673
  },
  "sigma_xi": {
    "true": 0.3259921275370101,
    "median": 0.35447047056841946,
    "ci_lo": 0.3256316398887684,
    "ci_hi": 0.3943301784152592,
    "covered": true,
    "insertion_percentile": 0.056341293763041964
  },
  "rho": {
    "true": 0.665813721053189,
    "median": 0.2744053842342699,
    "ci_lo": -0.7671737670670971,
    "ci_hi": 0.8336107906587256,
    "covered": true,
    "insertion_percentile": 0.7996753999536286
  },
  "lambda_chi": {
    "true": -0.10891519346080603,
    "median": 0.07115636989564043,
    "ci_lo": -0.2803502413893639,
    "ci_hi": 0.3965871232790446,
    "covered": true,
    "insertion_percentile": 0.242522606074658
  },
  "chi0": {
    "true": -0.062118126877201196,
    "median": -0.16646349906055585,
    "ci_lo": -0.4132741741740166,
    "ci_hi": 0.05549977537539763,
    "covered": true,
    "insertion_percentile": 0.7182935311847902
  },
  "xi0": {
    "true": 3.4318722577233824,
    "median": 3.5341479130979363,
    "ci_lo": 3.3113182021286054,
    "ci_hi": 3.781276477414322,
    "covered": true,
    "insertion_percentile": 0.2858798979828426
  }
}
Saved KDE posterior plot to /data/wiay/postgrads/shashwat/COMM_DATA/results/CALLIBRATION_S3_L1/bs2048_a0.20_b0.20_ep600_pat40_lr3.0e-04_wd1.0e-05_319402-2/inj_0008/posterior_kde.png
