==========================================
 Stage 3 Layer 1 injection
 model = bs2048_a0.20_b0.20_ep600_pat40_lr3.0e-04_wd1.0e-05_319402-2
 seed  = 3
==========================================
Model: bs2048_a0.20_b0.20_ep600_pat40_lr3.0e-04_wd1.0e-05_319402-2
Injection seed: 3
Output dir: /data/wiay/postgrads/shashwat/COMM_DATA/results/CALLIBRATION_S3_L1/bs2048_a0.20_b0.20_ep600_pat40_lr3.0e-04_wd1.0e-05_319402-2/inj_0003
{
  "kappa": {
    "true": 0.5196809190037595,
    "median": 1.0864922295101773,
    "ci_lo": 0.7480446439612634,
    "ci_hi": 1.1829982394866219,
    "covered": false,
    "insertion_percentile": 0.001474615546661049
  },
  "mu_xi": {
    "true": 0.023681050659609973,
    "median": 0.03511859046451472,
    "ci_lo": 0.004554175695489888,
    "ci_hi": 0.05257545528711431,
    "covered": true,
    "insertion_percentile": 0.3126184958921424
  },
  "sigma_chi": {
    "true": 0.49070095586351825,
    "median": 0.1658797731477099,
    "ci_lo": 0.06143298890848596,
    "ci_hi": 0.4283382001572042,
    "covered": false,
    "insertion_percentile": 0.9989467031809564
  },
  "sigma_xi": {
    "true": 0.25375671262252875,
    "median": 0.2015151526159672,
    "ci_lo": 0.07442221873452264,
    "ci_hi": 0.3185733378188522,
    "covered": true,
    "insertion_percentile": 0.6949652412049716
  },
  "rho": {
    "true": -0.7305684439672815,
    "median": -0.14410967489080007,
    "ci_lo": -0.8210879603589466,
    "ci_hi": 0.7823812028984708,
    "covered": true,
    "insertion_percentile": 0.10806825363387403
  },
  "lambda_chi": {
    "true": -0.0668730597635262,
    "median": 0.20952974747004646,
    "ci_lo": -0.11226773106664503,
    "ci_hi": 0.40406081413241524,
    "covered": true,
    "insertion_percentile": 0.06951759005687803
  },
  "chi0": {
    "true": -0.020948701859165975,
    "median": -0.28532532165064894,
    "ci_lo": -0.464744598378176,
    "ci_hi": 0.03960846710325986,
    "covered": true,
    "insertion_percentile": 0.9264798820307563
  },
  "xi0": {
    "true": 2.8993472865926964,
    "median": 3.163252899300229,
    "ci_lo": 2.837942410999475,
    "ci_hi": 3.3438750866796574,
    "covered": true,
    "insertion_percentile": 0.0741520960606699
  }
}
Saved KDE posterior plot to /data/wiay/postgrads/shashwat/COMM_DATA/results/CALLIBRATION_S3_L1/bs2048_a0.20_b0.20_ep600_pat40_lr3.0e-04_wd1.0e-05_319402-2/inj_0003/posterior_kde.png
