==========================================
 Stage 3 Layer 1 injection
 model = bs1024_a0.10_b0.10_ep600_pat40_lr3.0e-04_wd1.0e-05_319402-3
 seed  = 37
==========================================
Model: bs1024_a0.10_b0.10_ep600_pat40_lr3.0e-04_wd1.0e-05_319402-3
Injection seed: 37
Output dir: /data/wiay/postgrads/shashwat/COMM_DATA/results/CALLIBRATION_S3_L1/bs1024_a0.10_b0.10_ep600_pat40_lr3.0e-04_wd1.0e-05_319402-3/inj_0037
{
  "kappa": {
    "true": 3.550349854906491,
    "median": 3.6399370847058856,
    "ci_lo": 3.545044202807537,
    "ci_hi": 3.737055671529194,
    "covered": true,
    "insertion_percentile": 0.062469615945551775
  },
  "mu_xi": {
    "true": 0.06616687208024741,
    "median": 0.07573269352694811,
    "ci_lo": 0.039059469524452356,
    "ci_hi": 0.09783071573982843,
    "covered": true,
    "insertion_percentile": 0.359504132231405
  },
  "sigma_chi": {
    "true": 0.08794627992761236,
    "median": 0.39872478650584503,
    "ci_lo": 0.12579941544346177,
    "ci_hi": 0.5863457334902548,
    "covered": false,
    "insertion_percentile": 0.018230432668935342
  },
  "sigma_xi": {
    "true": 0.2959805764884016,
    "median": 0.26140524105272656,
    "ci_lo": 0.15454348505049728,
    "ci_hi": 0.3762500617970437,
    "covered": true,
    "insertion_percentile": 0.6414681575109382
  },
  "rho": {
    "true": -0.3258680145943934,
    "median": -0.273867000739619,
    "ci_lo": -0.8445251103434276,
    "ci_hi": 0.7164467023022016,
    "covered": true,
    "insertion_percentile": 0.46937287311618864
  },
  "lambda_chi": {
    "true": -0.04990432578964277,
    "median": 0.23002847377576802,
    "ci_lo": -0.04869974961521999,
    "ci_hi": 0.457071497263249,
    "covered": false,
    "insertion_percentile": 0.04885755955274672
  },
  "chi0": {
    "true": 0.4806145334024735,
    "median": 0.41704157881577125,
    "ci_lo": 0.34599060336179177,
    "ci_hi": 0.48857919127114413,
    "covered": true,
    "insertion_percentile": 0.9095770539620807
  },
  "xi0": {
    "true": 2.6610802417961303,
    "median": 2.729987603765885,
    "ci_lo": 2.659912150349299,
    "ci_hi": 2.7971476211662503,
    "covered": true,
    "insertion_percentile": 0.05614973262032086
  }
}
Saved KDE posterior plot to /data/wiay/postgrads/shashwat/COMM_DATA/results/CALLIBRATION_S3_L1/bs1024_a0.10_b0.10_ep600_pat40_lr3.0e-04_wd1.0e-05_319402-3/inj_0037/posterior_kde.png
