==========================================
 Stage 3 Layer 1 injection
 model = bs2048_a0.10_b0.10_ep600_pat40_lr3.0e-04_wd1.0e-05_319402-0
 seed  = 48
==========================================
Model: bs2048_a0.10_b0.10_ep600_pat40_lr3.0e-04_wd1.0e-05_319402-0
Injection seed: 48
Output dir: /data/wiay/postgrads/shashwat/COMM_DATA/results/CALLIBRATION_S3_L1/bs2048_a0.10_b0.10_ep600_pat40_lr3.0e-04_wd1.0e-05_319402-0/inj_0048
{
  "kappa": {
    "true": 1.9997293741994135,
    "median": 1.987551435223997,
    "ci_lo": 1.9385886669252839,
    "ci_hi": 2.0479119055011576,
    "covered": true,
    "insertion_percentile": 0.6239623064841822
  },
  "mu_xi": {
    "true": 0.059577349002934,
    "median": 0.05924343799046082,
    "ci_lo": 0.031234504802736367,
    "ci_hi": 0.08623590498837956,
    "covered": true,
    "insertion_percentile": 0.506843168050258
  },
  "sigma_chi": {
    "true": 0.3325902997797055,
    "median": 0.3476953518410214,
    "ci_lo": 0.1102186576547907,
    "ci_hi": 0.5324590425314845,
    "covered": true,
    "insertion_percentile": 0.4612968364370653
  },
  "sigma_xi": {
    "true": 0.2930721664025909,
    "median": 0.2943724656246685,
    "ci_lo": 0.18090499709488664,
    "ci_hi": 0.3776986536777819,
    "covered": true,
    "insertion_percentile": 0.49270809961857753
  },
  "rho": {
    "true": 0.2744941495561021,
    "median": 0.0947483711853653,
    "ci_lo": -0.700424944221427,
    "ci_hi": 0.7476436068547374,
    "covered": true,
    "insertion_percentile": 0.6421359658963428
  },
  "lambda_chi": {
    "true": 0.3631168051759368,
    "median": 0.2194163675316059,
    "ci_lo": -0.26513276484807485,
    "ci_hi": 0.4432977090179273,
    "covered": true,
    "insertion_percentile": 0.8063719991025353
  },
  "chi0": {
    "true": 0.08984299879647961,
    "median": 0.15958030591674222,
    "ci_lo": 0.025018853653818094,
    "ci_hi": 0.3847861416736935,
    "covered": true,
    "insertion_percentile": 0.24500785281579537
  },
  "xi0": {
    "true": 3.8199333143051506,
    "median": 3.7483445254217793,
    "ci_lo": 3.524936403222213,
    "ci_hi": 3.884909218731873,
    "covered": true,
    "insertion_percentile": 0.7646398923042406
  }
}
Saved KDE posterior plot to /data/wiay/postgrads/shashwat/COMM_DATA/results/CALLIBRATION_S3_L1/bs2048_a0.10_b0.10_ep600_pat40_lr3.0e-04_wd1.0e-05_319402-0/inj_0048/posterior_kde.png
