000 (89418.000.000) 2026-07-06 13:55:33 Job submitted from host: <130.209.203.177:9618?addrs=130.209.203.177-9618&alias=condor-submit.astro.gla.ac.uk&noUDP&sock=schedd_30_9c63>
    DAG Node: OPTIONS_chunk0060
...
001 (89418.000.000) 2026-07-06 13:55:34 Job executing on host: <130.209.45.170:9619?addrs=130.209.45.170-9619+[2001-8b0-92d-821f--2]-9619&alias=hermes.astro.gla.ac.uk&noUDP&sock=startd_35_e64f>
	SlotName: slot1_4@hermes.astro.gla.ac.uk
	CondorScratchDir = "/var/lib/condor/execute/dir_16302"
	Cpus = 1
	Disk = 2048
	GPUs = 0
	Memory = 4096
...
006 (89418.000.000) 2026-07-06 13:55:42 Image size of job updated: 452600
	442  -  MemoryUsage of job (MB)
	452600  -  ResidentSetSize of job (KB)
...
006 (89418.000.000) 2026-07-06 14:00:11 Image size of job updated: 452724
	442  -  MemoryUsage of job (MB)
	452600  -  ResidentSetSize of job (KB)
...
005 (89418.000.000) 2026-07-06 14:00:13 Job terminated.
	(1) Normal termination (return value 0)
		Usr 0 00:04:25, Sys 0 00:00:09  -  Run Remote Usage
		Usr 0 00:00:00, Sys 0 00:00:00  -  Run Local Usage
		Usr 0 00:04:25, Sys 0 00:00:09  -  Total Remote Usage
		Usr 0 00:00:00, Sys 0 00:00:00  -  Total Local Usage
	0  -  Run Bytes Sent By Job
	0  -  Run Bytes Received By Job
	0  -  Total Bytes Sent By Job
	0  -  Total Bytes Received By Job
	Partitionable Resources :    Usage  Request Allocated 
	   Cpus                 :     1.01        1         1 
	   Disk (KB)            :     1        1024      2048 
	   GPUs                 :                           0 
	   Memory (MB)          :   442        4096      4096 
	   TimeExecute (s)      :   277                       
	   TimeSlotBusy (s)     :   278                       
...
