000 (89393.000.000) 2026-07-06 13:48:33 Job submitted from host: <130.209.203.177:9618?addrs=130.209.203.177-9618&alias=condor-submit.astro.gla.ac.uk&noUDP&sock=schedd_30_9c63>
    DAG Node: OPTIONS_chunk0036
...
021 (89393.000.000) 2026-07-06 13:49:49 Error from starter on slot1_2@butterfly.astro.gla.ac.uk:
	Failed to open '/home/2673888s/commodity_futures/OUTPUT_FILES/options_chunk36.out' as standard output: No such file or directory (errno 2)
	Code 7 Subcode 2
...
004 (89393.000.000) 2026-07-06 13:50:09 Job was evicted. Code 7 Subcode 2
	(0) CPU times
		Usr 0 00:00:00, Sys 0 00:00:00  -  Run Remote Usage
		Usr 0 00:00:00, Sys 0 00:00:00  -  Run Local Usage
	0  -  Run Bytes Sent By Job
	0  -  Run Bytes Received By Job
	Reason: Error from slot1_2@butterfly.astro.gla.ac.uk: Failed to open '/home/2673888s/commodity_futures/OUTPUT_FILES/options_chunk36.out' as standard output: No such file or directory (errno 2)
	Partitionable Resources :    Usage  Request Allocated 
	   Cpus                 :                 1         1 
	   Disk (KB)            :        1     1024      2048 
	   GPUs                 :                           0 
	   Memory (MB)          :              4096      4096 
...
012 (89393.000.000) 2026-07-06 13:50:09 Job was held.
	Error from slot1_2@butterfly.astro.gla.ac.uk: Failed to open '/home/2673888s/commodity_futures/OUTPUT_FILES/options_chunk36.out' as standard output: No such file or directory (errno 2)
	Code 7 Subcode 2
...
013 (89393.000.000) 2026-07-06 14:03:51 Job was released.
	via condor_release (by user 2673888s)
...
001 (89393.000.000) 2026-07-06 14:04:29 Job executing on host: <130.209.45.170:9619?addrs=130.209.45.170-9619+[2001-8b0-92d-821f--2]-9619&alias=hermes.astro.gla.ac.uk&noUDP&sock=startd_35_e64f>
	SlotName: slot1_7@hermes.astro.gla.ac.uk
	CondorScratchDir = "/var/lib/condor/execute/dir_16435"
	Cpus = 1
	Disk = 2048
	GPUs = 0
	Memory = 4096
...
006 (89393.000.000) 2026-07-06 14:04:37 Image size of job updated: 452572
	442  -  MemoryUsage of job (MB)
	452572  -  ResidentSetSize of job (KB)
...
