000 (89355.003.000) 2026-07-06 13:44:24 Job submitted from host: <130.209.203.177:9618?addrs=130.209.203.177-9618&alias=condor-submit.astro.gla.ac.uk&noUDP&sock=schedd_30_9c63>
...
001 (89355.003.000) 2026-07-06 13:45:36 Job executing on host: <130.209.45.193:9619?addrs=130.209.45.193-9619&alias=deimos.astro.gla.ac.uk&noUDP&sock=startd_86_e1a3>
	SlotName: slot1_1@deimos.astro.gla.ac.uk
	AvailableGPUs = { GPUs_GPU_9ed99095 }
	CondorScratchDir = "/var/lib/condor/execute/dir_254052"
	Cpus = 1
	Disk = 2048
	GPUs = 1
	GPUs_GPU_9ed99095 = [ Id = "GPU-9ed99095"; ClockMhz = 1695.0; Capability = 8.6; CoresPerCU = 128; DeviceName = "NVIDIA GeForce RTX 3090"; DeviceUuid = "9ed99095-ea7d-ae22-8aa3-a439270c7875"; ECCEnabled = false; ComputeUnits = 82; NvidiaDriver = "580.82.07"; DriverVersion = 13.0; DevicePciBusId = "0000:3B:00.0"; GlobalMemoryMb = 24124; MaxSupportedVersion = 13000 ]
	Memory = 12288
...
006 (89355.003.000) 2026-07-06 13:45:44 Image size of job updated: 700144
	684  -  MemoryUsage of job (MB)
	700144  -  ResidentSetSize of job (KB)
...
006 (89355.003.000) 2026-07-06 13:50:45 Image size of job updated: 2176048
	2125  -  MemoryUsage of job (MB)
	2175860  -  ResidentSetSize of job (KB)
...
006 (89355.003.000) 2026-07-06 13:55:46 Image size of job updated: 2178896
	2127  -  MemoryUsage of job (MB)
	2177840  -  ResidentSetSize of job (KB)
...
006 (89355.003.000) 2026-07-06 14:00:46 Image size of job updated: 2178964
	2128  -  MemoryUsage of job (MB)
	2178964  -  ResidentSetSize of job (KB)
...
006 (89355.003.000) 2026-07-06 14:05:47 Image size of job updated: 2179344
	2129  -  MemoryUsage of job (MB)
	2179344  -  ResidentSetSize of job (KB)
...
