000 (89355.001.000) 2026-07-06 13:44:24 Job submitted from host: <130.209.203.177:9618?addrs=130.209.203.177-9618&alias=condor-submit.astro.gla.ac.uk&noUDP&sock=schedd_30_9c63>
...
001 (89355.001.000) 2026-07-06 13:44:35 Job executing on host: <130.209.203.171:9619?addrs=130.209.203.171-9619&alias=balta.physics.gla.ac.uk&noUDP&sock=startd_77_b549>
	SlotName: slot1_4@balta.physics.gla.ac.uk
	AvailableGPUs = { GPUs_GPU_10fb820d }
	CondorScratchDir = "/var/lib/condor/execute/dir_602631"
	Cpus = 1
	Disk = 2048
	GPUs = 1
	GPUs_GPU_10fb820d = [ Id = "GPU-10fb820d"; ClockMhz = 2520.0; Capability = 8.9; CoresPerCU = 128; DeviceName = "NVIDIA GeForce RTX 4090"; DeviceUuid = "10fb820d-ed41-e438-ee3c-a9fa4b0bf11d"; ECCEnabled = false; ComputeUnits = 128; NvidiaDriver = "535.261.03"; DriverVersion = 12.2; DevicePciBusId = "0000:C3:00.0"; GlobalMemoryMb = 24217; MaxSupportedVersion = 12020 ]
	Memory = 12288
...
006 (89355.001.000) 2026-07-06 13:44:44 Image size of job updated: 928932
	908  -  MemoryUsage of job (MB)
	928932  -  ResidentSetSize of job (KB)
...
006 (89355.001.000) 2026-07-06 13:49:45 Image size of job updated: 1854924
	1811  -  MemoryUsage of job (MB)
	1854192  -  ResidentSetSize of job (KB)
...
006 (89355.001.000) 2026-07-06 13:54:45 Image size of job updated: 1864956
	1822  -  MemoryUsage of job (MB)
	1864956  -  ResidentSetSize of job (KB)
...
006 (89355.001.000) 2026-07-06 13:59:45 Image size of job updated: 1865640
	1822  -  MemoryUsage of job (MB)
	1864956  -  ResidentSetSize of job (KB)
...
006 (89355.001.000) 2026-07-06 14:04:46 Image size of job updated: 1866556
	1822  -  MemoryUsage of job (MB)
	1864956  -  ResidentSetSize of job (KB)
...
