000 (89354.000.000) 2026-07-06 13:14:15 Job submitted from host: <130.209.203.177:9618?addrs=130.209.203.177-9618&alias=condor-submit.astro.gla.ac.uk&noUDP&sock=schedd_30_9c63>
...
001 (89354.000.000) 2026-07-06 13:14:16 Job executing on host: <130.209.45.170:9619?addrs=130.209.45.170-9619+[2001-8b0-92d-821f--2]-9619&alias=hermes.astro.gla.ac.uk&noUDP&sock=startd_35_e64f>
	SlotName: slot1_1@hermes.astro.gla.ac.uk
	CondorScratchDir = "/var/lib/condor/execute/dir_16032"
	Cpus = 1
	Disk = 2048
	GPUs = 0
	Memory = 16384
...
006 (89354.000.000) 2026-07-06 13:14:24 Image size of job updated: 236132
	231  -  MemoryUsage of job (MB)
	236132  -  ResidentSetSize of job (KB)
...
006 (89354.000.000) 2026-07-06 13:15:09 Image size of job updated: 2620748
	231  -  MemoryUsage of job (MB)
	236132  -  ResidentSetSize of job (KB)
...
005 (89354.000.000) 2026-07-06 13:15:09 Job terminated.
	(1) Normal termination (return value 0)
		Usr 0 00:00:31, Sys 0 00:00:01  -  Run Remote Usage
		Usr 0 00:00:00, Sys 0 00:00:00  -  Run Local Usage
		Usr 0 00:00:31, Sys 0 00:00:01  -  Total Remote Usage
		Usr 0 00:00:00, Sys 0 00:00:00  -  Total Local Usage
	0  -  Run Bytes Sent By Job
	0  -  Run Bytes Received By Job
	0  -  Total Bytes Sent By Job
	0  -  Total Bytes Received By Job
	Partitionable Resources :    Usage  Request Allocated 
	   Cpus                 :        0        1         1 
	   Disk (KB)            :        1     1024      2048 
	   GPUs                 :                           0 
	   Memory (MB)          :      231    16384     16384 
	   TimeExecute (s)      :       53                    
	   TimeSlotBusy (s)     :       53                    
...
