/data/wiay/postgrads/shashwat/qunat_com_future/lib/python3.11/site-packages/nessai/utils/logging.py:133: FutureWarning: setup_logger is deprecated, use configure_logger instead
  warnings.warn(
08-04 13:25 nessai INFO    : Running Nessai version 0.15.2
08-04 13:25 nessai INFO    : Starting multiprocessing pool with 4 processes
08-04 13:25 nessai INFO    : Initialising nested sampler
08-04 13:25 nessai WARNING : Multiprocessing pool has already been configured.
/data/wiay/postgrads/shashwat/qunat_com_future/lib/python3.11/site-packages/nessai/gw/__init__.py:12: FutureWarning: The `nessai.gw` module will be deprecated in the next release in favour of the nessai-gw package. This packages provides the same functionality as`nessai.gw` via the plugin interface.For more details, see: https://github.com/mj-will/nessai-gw
  warnings.warn(
08-04 13:25 nessai INFO    : Passing kwargs to FlowProposal: {'poolsize': 1000}
08-04 13:25 nessai INFO    : No reparameterisations provided, using default reparameterisations included in FlowProposal
08-04 13:25 nessai INFO    : Adding reparameterisations from: {}
08-04 13:25 nessai INFO    : Assuming fallback reparameterisation (ScaleAndShift) for ['kappa', 'mu_xi', 'sigma_chi', 'sigma_xi', 'rho', 'lambda_chi', 'chi0', 'xi0'] with kwargs: {'estimate_scale': True, 'estimate_shift': True, 'prior_bounds': {'kappa': array([0.1, 5. ]), 'mu_xi': array([0. , 0.1]), 'sigma_chi': array([0.05, 0.6 ]), 'sigma_xi': array([0.05, 0.4 ]), 'rho': array([-0.9,  0.9]), 'lambda_chi': array([-0.5,  0.5]), 'chi0': array([-0.5,  0.5]), 'xi0': array([2.5, 5. ])}}.
08-04 13:25 nessai INFO    : x space parameters: ['kappa', 'mu_xi', 'sigma_chi', 'sigma_xi', 'rho', 'lambda_chi', 'chi0', 'xi0']
08-04 13:25 nessai INFO    : x prime space parameters: ['kappa_prime', 'mu_xi_prime', 'sigma_chi_prime', 'sigma_xi_prime', 'rho_prime', 'lambda_chi_prime', 'chi0_prime', 'xi0_prime']
08-04 13:25 nessai INFO    : Overwriting fuzz factor with expansion fraction
08-04 13:25 nessai INFO    : New fuzz factor: 1.2228445449938519
08-04 13:25 nessai INFO    : Verifying rescaling functions
08-04 13:25 nessai INFO    : Rescaling functions are invertible
08-04 13:25 nessai INFO    : Populating initial live points
08-04 13:25 nessai INFO    : Populated 100 / 1000 live points
08-04 13:25 nessai INFO    : Populated 200 / 1000 live points
08-04 13:25 nessai INFO    : Populated 300 / 1000 live points
08-04 13:25 nessai INFO    : Populated 400 / 1000 live points
08-04 13:25 nessai INFO    : Populated 500 / 1000 live points
08-04 13:25 nessai INFO    : Populated 600 / 1000 live points
08-04 13:25 nessai INFO    : Populated 700 / 1000 live points
08-04 13:25 nessai INFO    : Populated 800 / 1000 live points
08-04 13:25 nessai INFO    : Populated 900 / 1000 live points
08-04 13:25 nessai INFO    : Populated 1000 / 1000 live points
08-04 13:25 nessai INFO    : Starting nested sampling loop
08-04 13:25 nessai INFO    : it:  1000: Rolling KS test: D=0.028, p-value=0.2046
08-04 13:25 nessai INFO    : it:  1000: n eval: 3000 H: 7.91 dlogZ: 35187851.411 logZ: -35264906.293 +/- 0.089 logLmax: -77053.88
08-04 13:25 nessai INFO    : it:  2000: Rolling KS test: D=0.024, p-value=0.311
08-04 13:25 nessai INFO    : it:  2000: n eval: 8000 H: 8.91 dlogZ: 11850394.691 logZ: -11855983.240 +/- 0.094 logLmax: -5586.55
08-04 13:25 nessai INFO    : Switching to FlowProposal
/data/wiay/postgrads/shashwat/qunat_com_future/lib/python3.11/site-packages/torch/autograd/graph.py:882: UserWarning: CUDA initialization: The NVIDIA driver on your system is too old (found version 12020). Please update your GPU driver by downloading and installing a new version from the URL: http://www.nvidia.com/Download/index.aspx Alternatively, go to: https://pytorch.org to install a PyTorch version that has been compiled with your version of the CUDA driver. (Triggered internally at /pytorch/c10/cuda/CUDAFunctions.cpp:119.)
  return Variable._execution_engine.run_backward(  # Calls into the C++ engine to run the backward pass
08-04 13:25 nessai INFO    : it:  3000: Rolling KS test: D=0.029, p-value=0.1825
08-04 13:25 nessai INFO    : it:  3000: n eval: 12006 H: 9.91 dlogZ: 4723701.868 logZ: -4729291.417 +/- 0.100 logLmax: -5586.55
08-04 13:25 nessai INFO    : it:  4000: Rolling KS test: D=0.029, p-value=0.1825
08-04 13:25 nessai INFO    : it:  4000: n eval: 13701 H: 10.91 dlogZ: 1968594.383 logZ: -1974184.932 +/- 0.104 logLmax: -5586.55
08-04 13:25 nessai INFO    : it:  5000: Rolling KS test: D=0.006, p-value=0.9268
08-04 13:25 nessai INFO    : it:  5000: n eval: 17209 H: 11.91 dlogZ: 829318.801 logZ: -834910.350 +/- 0.109 logLmax: -5586.55
08-04 13:25 nessai INFO    : it:  6000: Rolling KS test: D=0.017, p-value=0.5547
08-04 13:25 nessai INFO    : it:  6000: n eval: 20965 H: 12.91 dlogZ: 357732.888 logZ: -358874.592 +/- 0.114 logLmax: -1135.71
08-04 13:25 nessai INFO    : it:  7000: Rolling KS test: D=0.034, p-value=0.09683
08-04 13:25 nessai INFO    : it:  7000: n eval: 25289 H: 13.91 dlogZ: 165673.363 logZ: -166816.067 +/- 0.118 logLmax: -1135.71
08-04 13:26 nessai INFO    : it:  8000: Rolling KS test: D=0.026, p-value=0.2543
08-04 13:26 nessai INFO    : it:  8000: n eval: 29941 H: 14.91 dlogZ: 82263.156 logZ: -83406.860 +/- 0.122 logLmax: -1135.71
08-04 13:26 nessai INFO    : it:  9000: Rolling KS test: D=0.02, p-value=0.4434
08-04 13:26 nessai INFO    : it:  9000: n eval: 35135 H: 15.91 dlogZ: 42525.540 logZ: -43255.907 +/- 0.126 logLmax: -721.37
08-04 13:26 nessai INFO    : it: 10000: Rolling KS test: D=0.025, p-value=0.2818
08-04 13:26 nessai INFO    : it: 10000: n eval: 40332 H: 16.91 dlogZ: 21587.703 logZ: -22319.070 +/- 0.130 logLmax: -721.37
08-04 13:26 nessai INFO    : it: 11000: Rolling KS test: D=0.007, p-value=0.9024
08-04 13:26 nessai INFO    : it: 11000: n eval: 48914 H: 17.34 dlogZ: 11658.855 logZ: -11752.715 +/- 0.132 logLmax: -82.86
08-04 13:26 nessai INFO    : it: 12000: Rolling KS test: D=0.026, p-value=0.2543
08-04 13:26 nessai INFO    : it: 12000: n eval: 53950 H: 18.81 dlogZ: 5798.949 logZ: -5893.810 +/- 0.137 logLmax: -82.86
08-04 13:26 nessai INFO    : it: 13000: Rolling KS test: D=0.022, p-value=0.3744
08-04 13:26 nessai INFO    : it: 13000: n eval: 60060 H: 18.68 dlogZ: 2987.563 logZ: -3083.423 +/- 0.137 logLmax: -82.86
08-04 13:26 nessai INFO    : it: 14000: Rolling KS test: D=0.023, p-value=0.3419
08-04 13:26 nessai INFO    : it: 14000: n eval: 65771 H: 19.62 dlogZ: 1573.509 logZ: -1600.250 +/- 0.140 logLmax: -12.74
08-04 13:26 nessai INFO    : it: 15000: Rolling KS test: D=0.016, p-value=0.593
08-04 13:26 nessai INFO    : it: 15000: n eval: 76106 H: 19.88 dlogZ: 788.581 logZ: -816.322 +/- 0.141 logLmax: -12.74
08-04 13:26 nessai INFO    : it: 16000: Rolling KS test: D=0.006, p-value=0.9268
08-04 13:26 nessai INFO    : it: 16000: n eval: 83517 H: 20.90 dlogZ: 416.200 logZ: -437.653 +/- 0.145 logLmax: -5.45
08-04 13:26 nessai INFO    : it: 17000: Rolling KS test: D=0.027, p-value=0.2286
08-04 13:26 nessai INFO    : it: 17000: n eval: 96229 H: 20.99 dlogZ: 225.234 logZ: -246.857 +/- 0.145 logLmax: -4.62
08-04 13:26 nessai INFO    : it: 18000: Rolling KS test: D=0.005, p-value=0.9481
08-04 13:26 nessai INFO    : it: 18000: n eval: 110024 H: 21.37 dlogZ: 120.162 logZ: -141.930 +/- 0.146 logLmax: -3.77
08-04 13:27 nessai INFO    : it: 19000: Rolling KS test: D=0.003, p-value=0.9802
08-04 13:27 nessai INFO    : it: 19000: n eval: 124530 H: 21.65 dlogZ: 62.292 logZ: -85.060 +/- 0.147 logLmax: -3.77
08-04 13:27 nessai INFO    : it: 20000: Rolling KS test: D=0.022, p-value=0.3744
08-04 13:27 nessai INFO    : it: 20000: n eval: 144033 H: 21.83 dlogZ: 33.946 logZ: -57.714 +/- 0.148 logLmax: -3.77
08-04 13:27 nessai INFO    : it: 21000: Rolling KS test: D=0.007, p-value=0.9024
08-04 13:27 nessai INFO    : it: 21000: n eval: 174087 H: 22.16 dlogZ: 21.136 logZ: -44.384 +/- 0.149 logLmax: -2.25
08-04 13:27 nessai INFO    : it: 22000: Rolling KS test: D=0.029, p-value=0.1825
08-04 13:27 nessai INFO    : it: 22000: n eval: 210826 H: 22.56 dlogZ: 12.941 logZ: -37.076 +/- 0.150 logLmax: -2.14
08-04 13:27 nessai INFO    : it: 23000: Rolling KS test: D=0.006, p-value=0.9268
08-04 13:27 nessai INFO    : it: 23000: n eval: 270826 H: 22.95 dlogZ: 8.705 logZ: -33.182 +/- 0.151 logLmax: -1.48
08-04 13:28 nessai INFO    : it: 24000: Rolling KS test: D=0.043, p-value=0.02406
08-04 13:28 nessai INFO    : it: 24000: n eval: 340826 H: 23.27 dlogZ: 5.526 logZ: -30.999 +/- 0.153 logLmax: -1.48
08-04 13:28 nessai INFO    : it: 25000: Rolling KS test: D=0.015, p-value=0.6313
08-04 13:28 nessai INFO    : it: 25000: n eval: 440826 H: 23.58 dlogZ: 3.538 logZ: -29.780 +/- 0.154 logLmax: -1.27
08-04 13:29 nessai INFO    : it: 26000: Rolling KS test: D=0.034, p-value=0.09683
08-04 13:29 nessai INFO    : it: 26000: n eval: 570826 H: 23.82 dlogZ: 2.278 logZ: -29.121 +/- 0.154 logLmax: -0.95
08-04 13:30 nessai INFO    : it: 27000: Rolling KS test: D=0.025, p-value=0.2818
08-04 13:30 nessai INFO    : it: 27000: n eval: 720826 H: 24.04 dlogZ: 1.406 logZ: -28.742 +/- 0.155 logLmax: -0.62
08-04 13:31 nessai INFO    : it: 28000: Rolling KS test: D=0.043, p-value=0.02406
08-04 13:31 nessai INFO    : it: 28000: n eval: 920826 H: 24.21 dlogZ: 0.658 logZ: -28.527 +/- 0.156 logLmax: -0.60
08-04 13:32 nessai INFO    : it: 29000: Rolling KS test: D=0.022, p-value=0.3744
08-04 13:32 nessai INFO    : it: 29000: n eval: 1100826 H: 24.33 dlogZ: 0.308 logZ: -28.411 +/- 0.156 logLmax: -0.43
08-04 13:33 nessai INFO    : it: 30000: Rolling KS test: D=0.025, p-value=0.2818
08-04 13:33 nessai INFO    : it: 30000: n eval: 1270826 H: 24.41 dlogZ: 0.118 logZ: -28.351 +/- 0.156 logLmax: -0.43
08-04 13:33 nessai INFO    : Stopping with difference_log_evidence=0.100
08-04 13:33 nessai INFO    : Finalising
08-04 13:33 nessai INFO    : Final ln-evidence: -28.298 +/- 0.157
08-04 13:33 nessai INFO    : Information: 24.50
08-04 13:33 nessai INFO    : Final KS test: D=0.006824, p-value=0.05997
08-04 13:33 nessai INFO    : Checkpointing nested sampling
08-04 13:33 nessai INFO    : Total sampling time: 0:07:57.546369
08-04 13:33 nessai INFO    : Total training time: 0:02:15.579637
08-04 13:33 nessai INFO    : Total population time: 0:03:28.514737
08-04 13:33 nessai INFO    : Total likelihood evaluations: 1290826
08-04 13:33 nessai INFO    : Time spent evaluating likelihood: 0:01:16.567384
08-04 13:33 nessai INFO    : Total sampling time: 0:07:57.546369
08-04 13:33 nessai INFO    : Total likelihood evaluations: 1290826
08-04 13:33 nessai INFO    : Starting post processing
08-04 13:33 nessai INFO    : Computing posterior samples
08-04 13:33 nessai INFO    : Effective sample size: 6418.8
08-04 13:33 nessai INFO    : Producing posterior samples using rejection sampling
08-04 13:33 nessai INFO    : Expect 4502.143561831304 samples from rejection sampling
08-04 13:33 nessai INFO    : Returned 4516 posterior samples
08-04 13:33 nessai INFO    : Starting to close worker pool.
08-04 13:33 nessai INFO    : Finished closing worker pool.
