/data/wiay/postgrads/shashwat/qunat_com_future/lib/python3.11/site-packages/nessai/utils/logging.py:133: FutureWarning: setup_logger is deprecated, use configure_logger instead
  warnings.warn(
08-04 15:11 nessai INFO    : Running Nessai version 0.15.2
08-04 15:11 nessai INFO    : Starting multiprocessing pool with 4 processes
08-04 15:11 nessai INFO    : Initialising nested sampler
08-04 15:11 nessai WARNING : Multiprocessing pool has already been configured.
/data/wiay/postgrads/shashwat/qunat_com_future/lib/python3.11/site-packages/nessai/gw/__init__.py:12: FutureWarning: The `nessai.gw` module will be deprecated in the next release in favour of the nessai-gw package. This packages provides the same functionality as`nessai.gw` via the plugin interface.For more details, see: https://github.com/mj-will/nessai-gw
  warnings.warn(
08-04 15:11 nessai INFO    : Passing kwargs to FlowProposal: {'poolsize': 1000}
08-04 15:11 nessai INFO    : No reparameterisations provided, using default reparameterisations included in FlowProposal
08-04 15:11 nessai INFO    : Adding reparameterisations from: {}
08-04 15:11 nessai INFO    : Assuming fallback reparameterisation (ScaleAndShift) for ['kappa', 'mu_xi', 'sigma_chi', 'sigma_xi', 'rho', 'lambda_chi', 'chi0', 'xi0'] with kwargs: {'estimate_scale': True, 'estimate_shift': True, 'prior_bounds': {'kappa': array([0.1, 5. ]), 'mu_xi': array([0. , 0.1]), 'sigma_chi': array([0.05, 0.6 ]), 'sigma_xi': array([0.05, 0.4 ]), 'rho': array([-0.9,  0.9]), 'lambda_chi': array([-0.5,  0.5]), 'chi0': array([-0.5,  0.5]), 'xi0': array([2.5, 5. ])}}.
08-04 15:11 nessai INFO    : x space parameters: ['kappa', 'mu_xi', 'sigma_chi', 'sigma_xi', 'rho', 'lambda_chi', 'chi0', 'xi0']
08-04 15:11 nessai INFO    : x prime space parameters: ['kappa_prime', 'mu_xi_prime', 'sigma_chi_prime', 'sigma_xi_prime', 'rho_prime', 'lambda_chi_prime', 'chi0_prime', 'xi0_prime']
08-04 15:11 nessai INFO    : Overwriting fuzz factor with expansion fraction
08-04 15:11 nessai INFO    : New fuzz factor: 1.2228445449938519
08-04 15:11 nessai INFO    : Verifying rescaling functions
08-04 15:11 nessai INFO    : Rescaling functions are invertible
08-04 15:11 nessai INFO    : Populating initial live points
08-04 15:11 nessai INFO    : Populated 100 / 1000 live points
08-04 15:11 nessai INFO    : Populated 200 / 1000 live points
08-04 15:11 nessai INFO    : Populated 300 / 1000 live points
08-04 15:11 nessai INFO    : Populated 400 / 1000 live points
08-04 15:11 nessai INFO    : Populated 500 / 1000 live points
08-04 15:11 nessai INFO    : Populated 600 / 1000 live points
08-04 15:11 nessai INFO    : Populated 700 / 1000 live points
08-04 15:11 nessai INFO    : Populated 800 / 1000 live points
08-04 15:11 nessai INFO    : Populated 900 / 1000 live points
08-04 15:11 nessai INFO    : Populated 1000 / 1000 live points
08-04 15:11 nessai INFO    : Starting nested sampling loop
08-04 15:11 nessai INFO    : it:  1000: Rolling KS test: D=0.006, p-value=0.9268
08-04 15:11 nessai INFO    : it:  1000: n eval: 3000 H: 7.91 dlogZ: 39390496.052 logZ: -39781430.162 +/- 0.089 logLmax: -390933.11
08-04 15:11 nessai INFO    : it:  2000: Rolling KS test: D=0.017, p-value=0.5547
08-04 15:11 nessai INFO    : it:  2000: n eval: 8000 H: 8.91 dlogZ: 17002522.687 logZ: -17211960.154 +/- 0.094 logLmax: -209435.47
08-04 15:11 nessai INFO    : Switching to FlowProposal
08-04 15:11 nessai INFO    : it:  3000: Rolling KS test: D=0.043, p-value=0.02406
08-04 15:11 nessai INFO    : it:  3000: n eval: 12088 H: 9.91 dlogZ: 8198119.571 logZ: -8273707.342 +/- 0.100 logLmax: -75584.77
08-04 15:11 nessai INFO    : it:  4000: Rolling KS test: D=0.006, p-value=0.9268
08-04 15:11 nessai INFO    : it:  4000: n eval: 15972 H: 10.91 dlogZ: 3962784.655 logZ: -4038373.426 +/- 0.104 logLmax: -75584.77
08-04 15:11 nessai INFO    : it:  5000: Rolling KS test: D=0.018, p-value=0.5169
08-04 15:11 nessai INFO    : it:  5000: n eval: 20058 H: 11.91 dlogZ: 1882099.736 logZ: -1897432.163 +/- 0.109 logLmax: -15327.43
08-04 15:11 nessai INFO    : it:  6000: Rolling KS test: D=0.039, p-value=0.0465
08-04 15:11 nessai INFO    : it:  6000: n eval: 24579 H: 12.91 dlogZ: 853655.033 logZ: -868988.460 +/- 0.114 logLmax: -15327.43
08-04 15:11 nessai INFO    : it:  7000: Rolling KS test: D=0.01, p-value=0.8133
08-04 15:11 nessai INFO    : it:  7000: n eval: 29263 H: 13.91 dlogZ: 375823.130 logZ: -382890.449 +/- 0.118 logLmax: -7060.32
08-04 15:11 nessai INFO    : it:  8000: Rolling KS test: D=0.019, p-value=0.4797
08-04 15:11 nessai INFO    : it:  8000: n eval: 33806 H: 14.91 dlogZ: 174410.392 logZ: -175659.641 +/- 0.122 logLmax: -1241.25
08-04 15:11 nessai INFO    : it:  9000: Rolling KS test: D=0.038, p-value=0.05428
08-04 15:11 nessai INFO    : it:  9000: n eval: 38755 H: 15.34 dlogZ: 85081.410 logZ: -86182.303 +/- 0.124 logLmax: -1091.89
08-04 15:11 nessai INFO    : it: 10000: Rolling KS test: D=0.031, p-value=0.1433
08-04 15:11 nessai INFO    : it: 10000: n eval: 43689 H: 16.91 dlogZ: 43079.255 logZ: -44181.148 +/- 0.130 logLmax: -1091.89
08-04 15:11 nessai INFO    : it: 11000: Rolling KS test: D=0.04, p-value=0.03967
08-04 15:11 nessai INFO    : it: 11000: n eval: 48795 H: 17.34 dlogZ: 21765.205 logZ: -22763.669 +/- 0.132 logLmax: -987.46
08-04 15:11 nessai INFO    : it: 12000: Rolling KS test: D=0.019, p-value=0.4797
08-04 15:11 nessai INFO    : it: 12000: n eval: 53428 H: 18.71 dlogZ: 11750.551 logZ: -12065.251 +/- 0.137 logLmax: -302.70
08-04 15:11 nessai INFO    : it: 13000: Rolling KS test: D=0.022, p-value=0.3744
08-04 15:11 nessai INFO    : it: 13000: n eval: 58761 H: 18.59 dlogZ: 6281.547 logZ: -6499.442 +/- 0.136 logLmax: -204.90
08-04 15:11 nessai INFO    : it: 14000: Rolling KS test: D=0.03, p-value=0.162
08-04 15:11 nessai INFO    : it: 14000: n eval: 63663 H: 20.25 dlogZ: 3454.904 logZ: -3566.544 +/- 0.142 logLmax: -97.64
08-04 15:11 nessai INFO    : it: 15000: Rolling KS test: D=0.01, p-value=0.8133
08-04 15:11 nessai INFO    : it: 15000: n eval: 69177 H: 20.42 dlogZ: 1866.671 logZ: -1979.311 +/- 0.143 logLmax: -97.64
08-04 15:11 nessai INFO    : it: 16000: Rolling KS test: D=0.035, p-value=0.08429
08-04 15:11 nessai INFO    : it: 16000: n eval: 74399 H: 21.31 dlogZ: 1108.201 logZ: -1160.553 +/- 0.146 logLmax: -36.35
08-04 15:11 nessai INFO    : it: 17000: Rolling KS test: D=0.016, p-value=0.593
08-04 15:11 nessai INFO    : it: 17000: n eval: 83181 H: 21.62 dlogZ: 643.813 logZ: -677.950 +/- 0.147 logLmax: -17.14
08-04 15:11 nessai INFO    : it: 18000: Rolling KS test: D=0.023, p-value=0.3419
08-04 15:11 nessai INFO    : it: 18000: n eval: 89056 H: 22.10 dlogZ: 382.195 logZ: -412.550 +/- 0.149 logLmax: -12.36
08-04 15:11 nessai INFO    : it: 19000: Rolling KS test: D=0.025, p-value=0.2818
08-04 15:11 nessai INFO    : it: 19000: n eval: 95176 H: 22.91 dlogZ: 236.896 logZ: -267.077 +/- 0.151 logLmax: -11.18
08-04 15:11 nessai INFO    : it: 20000: Rolling KS test: D=0.04, p-value=0.03967
08-04 15:11 nessai INFO    : it: 20000: n eval: 104763 H: 23.37 dlogZ: 144.273 logZ: -175.453 +/- 0.153 logLmax: -11.18
08-04 15:11 nessai INFO    : it: 21000: Rolling KS test: D=0.025, p-value=0.2818
08-04 15:11 nessai INFO    : it: 21000: n eval: 111793 H: 23.71 dlogZ: 88.158 logZ: -118.879 +/- 0.154 logLmax: -9.72
08-04 15:12 nessai INFO    : it: 22000: Rolling KS test: D=0.02, p-value=0.4434
08-04 15:12 nessai INFO    : it: 22000: n eval: 123764 H: 24.29 dlogZ: 57.572 logZ: -84.088 +/- 0.156 logLmax: -4.52
08-04 15:12 nessai INFO    : it: 23000: Rolling KS test: D=0.018, p-value=0.5169
08-04 15:12 nessai INFO    : it: 23000: n eval: 137167 H: 24.83 dlogZ: 36.415 logZ: -63.770 +/- 0.158 logLmax: -4.36
08-04 15:12 nessai INFO    : it: 24000: Rolling KS test: D=0.009, p-value=0.8454
08-04 15:12 nessai INFO    : it: 24000: n eval: 155418 H: 25.15 dlogZ: 23.745 logZ: -52.100 +/- 0.159 logLmax: -4.36
08-04 15:12 nessai INFO    : it: 25000: Rolling KS test: D=0.031, p-value=0.1433
08-04 15:12 nessai INFO    : it: 25000: n eval: 176957 H: 25.62 dlogZ: 15.459 logZ: -44.740 +/- 0.160 logLmax: -4.28
08-04 15:12 nessai INFO    : it: 26000: Rolling KS test: D=0.022, p-value=0.3744
08-04 15:12 nessai INFO    : it: 26000: n eval: 197977 H: 26.08 dlogZ: 10.741 logZ: -40.469 +/- 0.162 logLmax: -3.73
08-04 15:12 nessai INFO    : it: 27000: Rolling KS test: D=0.025, p-value=0.2818
08-04 15:12 nessai INFO    : it: 27000: n eval: 230751 H: 26.49 dlogZ: 7.224 logZ: -37.813 +/- 0.163 logLmax: -3.59
08-04 15:12 nessai INFO    : it: 28000: Rolling KS test: D=0.039, p-value=0.0465
08-04 15:12 nessai INFO    : it: 28000: n eval: 278538 H: 26.90 dlogZ: 5.761 logZ: -36.213 +/- 0.164 logLmax: -2.46
08-04 15:12 nessai INFO    : it: 29000: Rolling KS test: D=0.016, p-value=0.593
08-04 15:12 nessai INFO    : it: 29000: n eval: 317807 H: 27.27 dlogZ: 4.215 logZ: -35.231 +/- 0.165 logLmax: -2.03
08-04 15:12 nessai INFO    : it: 30000: Rolling KS test: D=0.027, p-value=0.2286
08-04 15:12 nessai INFO    : it: 30000: n eval: 377807 H: 27.56 dlogZ: 3.154 logZ: -34.654 +/- 0.166 logLmax: -1.54
08-04 15:12 nessai INFO    : it: 31000: Rolling KS test: D=0.022, p-value=0.3744
08-04 15:12 nessai INFO    : it: 31000: n eval: 487807 H: 27.80 dlogZ: 2.447 logZ: -34.317 +/- 0.167 logLmax: -0.96
08-04 15:13 nessai INFO    : it: 32000: Rolling KS test: D=0.024, p-value=0.311
08-04 15:13 nessai INFO    : it: 32000: n eval: 627807 H: 27.99 dlogZ: 1.447 logZ: -34.119 +/- 0.167 logLmax: -0.94
08-04 15:13 nessai INFO    : it: 33000: Rolling KS test: D=0.022, p-value=0.3744
08-04 15:13 nessai INFO    : it: 33000: n eval: 747807 H: 28.14 dlogZ: 0.725 logZ: -34.002 +/- 0.168 logLmax: -0.94
08-04 15:13 nessai INFO    : it: 34000: Rolling KS test: D=0.051, p-value=0.005312
08-04 15:13 nessai INFO    : it: 34000: n eval: 817412 H: 28.25 dlogZ: 0.444 logZ: -33.931 +/- 0.168 logLmax: -0.51
08-04 15:13 nessai INFO    : it: 35000: Rolling KS test: D=0.046, p-value=0.01407
08-04 15:13 nessai INFO    : it: 35000: n eval: 843915 H: 28.35 dlogZ: 0.184 logZ: -33.885 +/- 0.168 logLmax: -0.48
08-04 15:13 nessai INFO    : Stopping with difference_log_evidence=0.100
08-04 15:13 nessai INFO    : Finalising
08-04 15:13 nessai INFO    : Final ln-evidence: -33.828 +/- 0.169
08-04 15:13 nessai INFO    : Information: 28.51
08-04 15:13 nessai INFO    : Final KS test: D=0.01039, p-value=0.0004501
08-04 15:13 nessai WARNING : Final p-value for the insertion indices is less than 0.05, this could be an indication of problems during sampling. Consider checking the diagnostic plots.
08-04 15:13 nessai INFO    : Checkpointing nested sampling
08-04 15:13 nessai INFO    : Total sampling time: 0:02:34.995505
08-04 15:13 nessai INFO    : Total training time: 0:00:53.004224
08-04 15:13 nessai INFO    : Total population time: 0:00:47.117247
08-04 15:13 nessai INFO    : Total likelihood evaluations: 848768
08-04 15:13 nessai INFO    : Time spent evaluating likelihood: 0:00:17.101535
08-04 15:13 nessai INFO    : Total sampling time: 0:02:34.995505
08-04 15:13 nessai INFO    : Total likelihood evaluations: 848768
08-04 15:13 nessai INFO    : Starting post processing
08-04 15:13 nessai INFO    : Computing posterior samples
08-04 15:13 nessai INFO    : Effective sample size: 7535.3
08-04 15:13 nessai INFO    : Producing posterior samples using rejection sampling
08-04 15:13 nessai INFO    : Expect 5109.290827520126 samples from rejection sampling
08-04 15:13 nessai INFO    : Returned 5111 posterior samples
08-04 15:13 nessai INFO    : Starting to close worker pool.
08-04 15:13 nessai INFO    : Finished closing worker pool.
