/data/wiay/postgrads/shashwat/qunat_com_future/lib/python3.11/site-packages/nessai/utils/logging.py:133: FutureWarning: setup_logger is deprecated, use configure_logger instead
  warnings.warn(
08-04 14:29 nessai INFO    : Running Nessai version 0.15.2
08-04 14:29 nessai INFO    : Starting multiprocessing pool with 4 processes
08-04 14:29 nessai INFO    : Initialising nested sampler
08-04 14:29 nessai WARNING : Multiprocessing pool has already been configured.
/data/wiay/postgrads/shashwat/qunat_com_future/lib/python3.11/site-packages/nessai/gw/__init__.py:12: FutureWarning: The `nessai.gw` module will be deprecated in the next release in favour of the nessai-gw package. This packages provides the same functionality as`nessai.gw` via the plugin interface.For more details, see: https://github.com/mj-will/nessai-gw
  warnings.warn(
08-04 14:29 nessai INFO    : Passing kwargs to FlowProposal: {'poolsize': 1000}
08-04 14:29 nessai INFO    : No reparameterisations provided, using default reparameterisations included in FlowProposal
08-04 14:29 nessai INFO    : Adding reparameterisations from: {}
08-04 14:29 nessai INFO    : Assuming fallback reparameterisation (ScaleAndShift) for ['kappa', 'mu_xi', 'sigma_chi', 'sigma_xi', 'rho', 'lambda_chi', 'chi0', 'xi0'] with kwargs: {'estimate_scale': True, 'estimate_shift': True, 'prior_bounds': {'kappa': array([0.1, 5. ]), 'mu_xi': array([0. , 0.1]), 'sigma_chi': array([0.05, 0.6 ]), 'sigma_xi': array([0.05, 0.4 ]), 'rho': array([-0.9,  0.9]), 'lambda_chi': array([-0.5,  0.5]), 'chi0': array([-0.5,  0.5]), 'xi0': array([2.5, 5. ])}}.
08-04 14:29 nessai INFO    : x space parameters: ['kappa', 'mu_xi', 'sigma_chi', 'sigma_xi', 'rho', 'lambda_chi', 'chi0', 'xi0']
08-04 14:29 nessai INFO    : x prime space parameters: ['kappa_prime', 'mu_xi_prime', 'sigma_chi_prime', 'sigma_xi_prime', 'rho_prime', 'lambda_chi_prime', 'chi0_prime', 'xi0_prime']
08-04 14:29 nessai INFO    : Overwriting fuzz factor with expansion fraction
08-04 14:29 nessai INFO    : New fuzz factor: 1.2228445449938519
08-04 14:29 nessai INFO    : Verifying rescaling functions
08-04 14:29 nessai INFO    : Rescaling functions are invertible
08-04 14:29 nessai INFO    : Populating initial live points
08-04 14:29 nessai INFO    : Populated 100 / 1000 live points
08-04 14:29 nessai INFO    : Populated 200 / 1000 live points
08-04 14:29 nessai INFO    : Populated 300 / 1000 live points
08-04 14:29 nessai INFO    : Populated 400 / 1000 live points
08-04 14:29 nessai INFO    : Populated 500 / 1000 live points
08-04 14:29 nessai INFO    : Populated 600 / 1000 live points
08-04 14:29 nessai INFO    : Populated 700 / 1000 live points
08-04 14:29 nessai INFO    : Populated 800 / 1000 live points
08-04 14:29 nessai INFO    : Populated 900 / 1000 live points
08-04 14:29 nessai INFO    : Populated 1000 / 1000 live points
08-04 14:29 nessai INFO    : Starting nested sampling loop
08-04 14:29 nessai INFO    : it:  1000: Rolling KS test: D=0.029, p-value=0.1825
08-04 14:29 nessai INFO    : it:  1000: n eval: 3000 H: 7.91 dlogZ: 3651312.892 logZ: -3661616.914 +/- 0.089 logLmax: -10303.02
08-04 14:29 nessai INFO    : it:  2000: Rolling KS test: D=0.025, p-value=0.2818
08-04 14:29 nessai INFO    : it:  2000: n eval: 8000 H: 8.91 dlogZ: 1125297.209 logZ: -1130337.104 +/- 0.094 logLmax: -5037.90
08-04 14:29 nessai INFO    : Switching to FlowProposal
/data/wiay/postgrads/shashwat/qunat_com_future/lib/python3.11/site-packages/torch/autograd/graph.py:882: UserWarning: CUDA initialization: The NVIDIA driver on your system is too old (found version 12020). Please update your GPU driver by downloading and installing a new version from the URL: http://www.nvidia.com/Download/index.aspx Alternatively, go to: https://pytorch.org to install a PyTorch version that has been compiled with your version of the CUDA driver. (Triggered internally at /pytorch/c10/cuda/CUDAFunctions.cpp:119.)
  return Variable._execution_engine.run_backward(  # Calls into the C++ engine to run the backward pass
08-04 14:29 nessai INFO    : it:  3000: Rolling KS test: D=0.031, p-value=0.1433
08-04 14:29 nessai INFO    : it:  3000: n eval: 12215 H: 9.91 dlogZ: 441995.781 logZ: -444674.472 +/- 0.100 logLmax: -2675.69
08-04 14:29 nessai INFO    : it:  4000: Rolling KS test: D=0.028, p-value=0.2046
08-04 14:29 nessai INFO    : it:  4000: n eval: 15846 H: 10.91 dlogZ: 191787.045 logZ: -193688.655 +/- 0.104 logLmax: -1897.61
08-04 14:29 nessai INFO    : it:  5000: Rolling KS test: D=0.008, p-value=0.8752
08-04 14:29 nessai INFO    : it:  5000: n eval: 17780 H: 11.91 dlogZ: 86874.116 logZ: -88776.727 +/- 0.109 logLmax: -1897.61
08-04 14:30 nessai INFO    : it:  6000: Rolling KS test: D=0.006, p-value=0.9268
08-04 14:30 nessai INFO    : it:  6000: n eval: 22100 H: 12.91 dlogZ: 42778.829 logZ: -42990.795 +/- 0.114 logLmax: -205.97
08-04 14:30 nessai INFO    : it:  7000: Rolling KS test: D=0.023, p-value=0.3419
08-04 14:30 nessai INFO    : it:  7000: n eval: 26351 H: 13.91 dlogZ: 21120.274 logZ: -21333.241 +/- 0.118 logLmax: -205.97
08-04 14:30 nessai INFO    : it:  8000: Rolling KS test: D=0.036, p-value=0.07308
08-04 14:30 nessai INFO    : it:  8000: n eval: 30621 H: 14.64 dlogZ: 10603.795 logZ: -10817.761 +/- 0.121 logLmax: -205.97
08-04 14:30 nessai INFO    : it:  9000: Rolling KS test: D=0.025, p-value=0.2818
08-04 14:30 nessai INFO    : it:  9000: n eval: 35200 H: 14.87 dlogZ: 5449.922 logZ: -5552.412 +/- 0.122 logLmax: -93.49
08-04 14:30 nessai INFO    : it: 10000: Rolling KS test: D=0.018, p-value=0.5169
08-04 14:30 nessai INFO    : it: 10000: n eval: 39679 H: 16.85 dlogZ: 3106.816 logZ: -3141.668 +/- 0.130 logLmax: -24.85
08-04 14:30 nessai INFO    : it: 11000: Rolling KS test: D=0.01, p-value=0.8133
08-04 14:30 nessai INFO    : it: 11000: n eval: 44649 H: 16.21 dlogZ: 1898.556 logZ: -1934.407 +/- 0.127 logLmax: -24.85
08-04 14:30 nessai INFO    : it: 12000: Rolling KS test: D=0.018, p-value=0.5169
08-04 14:30 nessai INFO    : it: 12000: n eval: 49879 H: 17.01 dlogZ: 1158.069 logZ: -1194.920 +/- 0.130 logLmax: -24.85
08-04 14:30 nessai INFO    : it: 13000: Rolling KS test: D=0.016, p-value=0.593
08-04 14:30 nessai INFO    : it: 13000: n eval: 54738 H: 17.51 dlogZ: 685.495 logZ: -716.471 +/- 0.132 logLmax: -17.98
08-04 14:30 nessai INFO    : it: 14000: Rolling KS test: D=0.01, p-value=0.8133
08-04 14:30 nessai INFO    : it: 14000: n eval: 60305 H: 18.33 dlogZ: 425.689 logZ: -457.665 +/- 0.135 logLmax: -17.98
08-04 14:30 nessai INFO    : it: 15000: Rolling KS test: D=0.02, p-value=0.4434
08-04 14:30 nessai INFO    : it: 15000: n eval: 68909 H: 19.00 dlogZ: 256.509 logZ: -283.821 +/- 0.138 logLmax: -12.31
08-04 14:30 nessai INFO    : it: 16000: Rolling KS test: D=0.023, p-value=0.3419
08-04 14:30 nessai INFO    : it: 16000: n eval: 74888 H: 19.40 dlogZ: 156.577 logZ: -177.253 +/- 0.139 logLmax: -4.68
08-04 14:30 nessai INFO    : it: 17000: Rolling KS test: D=0.015, p-value=0.6313
08-04 14:30 nessai INFO    : it: 17000: n eval: 82129 H: 19.59 dlogZ: 97.362 logZ: -119.038 +/- 0.140 logLmax: -4.68
08-04 14:30 nessai INFO    : it: 18000: Rolling KS test: D=0.02, p-value=0.4434
08-04 14:30 nessai INFO    : it: 18000: n eval: 91853 H: 20.43 dlogZ: 60.886 logZ: -82.358 +/- 0.143 logLmax: -3.47
08-04 14:31 nessai INFO    : it: 19000: Rolling KS test: D=0.031, p-value=0.1433
08-04 14:31 nessai INFO    : it: 19000: n eval: 98621 H: 20.76 dlogZ: 37.509 logZ: -59.398 +/- 0.144 logLmax: -2.89
08-04 14:31 nessai INFO    : it: 20000: Rolling KS test: D=0.006, p-value=0.9268
08-04 14:31 nessai INFO    : it: 20000: n eval: 110656 H: 21.26 dlogZ: 22.808 logZ: -45.697 +/- 0.146 logLmax: -2.89
08-04 14:31 nessai INFO    : it: 21000: Rolling KS test: D=0.019, p-value=0.4797
08-04 14:31 nessai INFO    : it: 21000: n eval: 126608 H: 21.68 dlogZ: 14.408 logZ: -37.752 +/- 0.147 logLmax: -2.35
08-04 14:31 nessai INFO    : it: 22000: Rolling KS test: D=0.037, p-value=0.06311
08-04 14:31 nessai INFO    : it: 22000: n eval: 163110 H: 22.07 dlogZ: 9.185 logZ: -33.308 +/- 0.149 logLmax: -2.12
08-04 14:31 nessai INFO    : it: 23000: Rolling KS test: D=0.055, p-value=0.002267
08-04 14:31 nessai INFO    : it: 23000: n eval: 174026 H: 22.40 dlogZ: 5.735 logZ: -30.855 +/- 0.150 logLmax: -2.12
08-04 14:31 nessai INFO    : it: 24000: Rolling KS test: D=0.024, p-value=0.311
08-04 14:31 nessai INFO    : it: 24000: n eval: 204187 H: 22.73 dlogZ: 3.754 logZ: -29.469 +/- 0.151 logLmax: -1.74
08-04 14:31 nessai INFO    : it: 25000: Rolling KS test: D=0.005, p-value=0.9481
08-04 14:31 nessai INFO    : it: 25000: n eval: 224969 H: 23.00 dlogZ: 2.088 logZ: -28.694 +/- 0.152 logLmax: -1.74
08-04 14:32 nessai INFO    : it: 26000: Rolling KS test: D=0.013, p-value=0.7071
08-04 14:32 nessai INFO    : it: 26000: n eval: 256390 H: 23.19 dlogZ: 1.004 logZ: -28.287 +/- 0.152 logLmax: -1.74
08-04 14:32 nessai INFO    : it: 27000: Rolling KS test: D=0.006, p-value=0.9268
08-04 14:32 nessai INFO    : it: 27000: n eval: 282605 H: 23.32 dlogZ: 0.418 logZ: -28.081 +/- 0.153 logLmax: -1.74
08-04 14:32 nessai INFO    : it: 28000: Rolling KS test: D=0.024, p-value=0.311
08-04 14:32 nessai INFO    : it: 28000: n eval: 321371 H: 23.40 dlogZ: 0.192 logZ: -27.982 +/- 0.153 logLmax: -1.53
08-04 14:32 nessai INFO    : Stopping with difference_log_evidence=0.100
08-04 14:32 nessai INFO    : Finalising
08-04 14:32 nessai INFO    : Final ln-evidence: -27.900 +/- 0.153
08-04 14:32 nessai INFO    : Information: 23.49
08-04 14:32 nessai INFO    : Final KS test: D=0.006229, p-value=0.1063
08-04 14:32 nessai INFO    : Checkpointing nested sampling
08-04 14:32 nessai INFO    : Total sampling time: 0:02:55.521779
08-04 14:32 nessai INFO    : Total training time: 0:00:59.600458
08-04 14:32 nessai INFO    : Total population time: 0:00:46.569815
08-04 14:32 nessai INFO    : Total likelihood evaluations: 350166
08-04 14:32 nessai INFO    : Time spent evaluating likelihood: 0:00:20.620656
08-04 14:32 nessai INFO    : Total sampling time: 0:02:55.521779
08-04 14:32 nessai INFO    : Total likelihood evaluations: 350166
08-04 14:32 nessai INFO    : Starting post processing
08-04 14:32 nessai INFO    : Computing posterior samples
08-04 14:32 nessai INFO    : Effective sample size: 5694.9
08-04 14:32 nessai INFO    : Producing posterior samples using rejection sampling
08-04 14:32 nessai INFO    : Expect 3912.396405429504 samples from rejection sampling
08-04 14:32 nessai INFO    : Returned 3910 posterior samples
08-04 14:32 nessai INFO    : Starting to close worker pool.
08-04 14:32 nessai INFO    : Finished closing worker pool.
