/data/wiay/postgrads/shashwat/qunat_com_future/lib/python3.11/site-packages/nessai/utils/logging.py:133: FutureWarning: setup_logger is deprecated, use configure_logger instead
  warnings.warn(
08-04 12:52 nessai INFO    : Running Nessai version 0.15.2
08-04 12:52 nessai INFO    : Starting multiprocessing pool with 4 processes
08-04 12:52 nessai INFO    : Initialising nested sampler
08-04 12:52 nessai WARNING : Multiprocessing pool has already been configured.
/data/wiay/postgrads/shashwat/qunat_com_future/lib/python3.11/site-packages/nessai/gw/__init__.py:12: FutureWarning: The `nessai.gw` module will be deprecated in the next release in favour of the nessai-gw package. This packages provides the same functionality as`nessai.gw` via the plugin interface.For more details, see: https://github.com/mj-will/nessai-gw
  warnings.warn(
08-04 12:52 nessai INFO    : Passing kwargs to FlowProposal: {'poolsize': 1000}
08-04 12:52 nessai INFO    : No reparameterisations provided, using default reparameterisations included in FlowProposal
08-04 12:52 nessai INFO    : Adding reparameterisations from: {}
08-04 12:52 nessai INFO    : Assuming fallback reparameterisation (ScaleAndShift) for ['kappa', 'mu_xi', 'sigma_chi', 'sigma_xi', 'rho', 'lambda_chi', 'chi0', 'xi0'] with kwargs: {'estimate_scale': True, 'estimate_shift': True, 'prior_bounds': {'kappa': array([0.1, 5. ]), 'mu_xi': array([0. , 0.1]), 'sigma_chi': array([0.05, 0.6 ]), 'sigma_xi': array([0.05, 0.4 ]), 'rho': array([-0.9,  0.9]), 'lambda_chi': array([-0.5,  0.5]), 'chi0': array([-0.5,  0.5]), 'xi0': array([2.5, 5. ])}}.
08-04 12:52 nessai INFO    : x space parameters: ['kappa', 'mu_xi', 'sigma_chi', 'sigma_xi', 'rho', 'lambda_chi', 'chi0', 'xi0']
08-04 12:52 nessai INFO    : x prime space parameters: ['kappa_prime', 'mu_xi_prime', 'sigma_chi_prime', 'sigma_xi_prime', 'rho_prime', 'lambda_chi_prime', 'chi0_prime', 'xi0_prime']
08-04 12:52 nessai INFO    : Overwriting fuzz factor with expansion fraction
08-04 12:52 nessai INFO    : New fuzz factor: 1.2228445449938519
08-04 12:52 nessai INFO    : Verifying rescaling functions
08-04 12:52 nessai INFO    : Rescaling functions are invertible
08-04 12:53 nessai INFO    : Populating initial live points
08-04 12:53 nessai INFO    : Populated 100 / 1000 live points
08-04 12:53 nessai INFO    : Populated 200 / 1000 live points
08-04 12:53 nessai INFO    : Populated 300 / 1000 live points
08-04 12:53 nessai INFO    : Populated 400 / 1000 live points
08-04 12:53 nessai INFO    : Populated 500 / 1000 live points
08-04 12:53 nessai INFO    : Populated 600 / 1000 live points
08-04 12:53 nessai INFO    : Populated 700 / 1000 live points
08-04 12:53 nessai INFO    : Populated 800 / 1000 live points
08-04 12:53 nessai INFO    : Populated 900 / 1000 live points
08-04 12:53 nessai INFO    : Populated 1000 / 1000 live points
08-04 12:53 nessai INFO    : Starting nested sampling loop
08-04 12:53 nessai INFO    : it:  1000: Rolling KS test: D=0.029, p-value=0.1825
08-04 12:53 nessai INFO    : it:  1000: n eval: 3000 H: 7.91 dlogZ: 7936709.180 logZ: -7946133.053 +/- 0.089 logLmax: -9422.87
08-04 12:53 nessai INFO    : it:  2000: Rolling KS test: D=0.027, p-value=0.2286
08-04 12:53 nessai INFO    : it:  2000: n eval: 7000 H: 8.91 dlogZ: 2766426.792 logZ: -2773057.165 +/- 0.094 logLmax: -6628.37
08-04 12:53 nessai INFO    : Switching to FlowProposal
08-04 12:53 nessai INFO    : it:  3000: Rolling KS test: D=0.015, p-value=0.6313
08-04 12:53 nessai INFO    : it:  3000: n eval: 10994 H: 9.91 dlogZ: 1024943.053 logZ: -1028979.898 +/- 0.100 logLmax: -4033.85
08-04 12:53 nessai INFO    : it:  4000: Rolling KS test: D=0.017, p-value=0.5547
08-04 12:53 nessai INFO    : it:  4000: n eval: 14672 H: 10.91 dlogZ: 393948.685 logZ: -397986.530 +/- 0.104 logLmax: -4033.85
08-04 12:53 nessai INFO    : it:  5000: Rolling KS test: D=0.029, p-value=0.1825
08-04 12:53 nessai INFO    : it:  5000: n eval: 18655 H: 11.91 dlogZ: 175604.208 logZ: -177328.900 +/- 0.109 logLmax: -1719.69
08-04 12:53 nessai INFO    : it:  6000: Rolling KS test: D=0.008, p-value=0.8752
08-04 12:53 nessai INFO    : it:  6000: n eval: 20827 H: 12.91 dlogZ: 81584.513 logZ: -82380.244 +/- 0.114 logLmax: -789.73
08-04 12:53 nessai INFO    : it:  7000: Rolling KS test: D=0.018, p-value=0.5169
08-04 12:53 nessai INFO    : it:  7000: n eval: 27765 H: 13.91 dlogZ: 38726.388 logZ: -39280.919 +/- 0.118 logLmax: -547.53
08-04 12:53 nessai INFO    : it:  8000: Rolling KS test: D=0.016, p-value=0.593
08-04 12:53 nessai INFO    : it:  8000: n eval: 32871 H: 14.29 dlogZ: 18066.408 logZ: -18606.955 +/- 0.120 logLmax: -532.55
08-04 12:53 nessai INFO    : it:  9000: Rolling KS test: D=0.012, p-value=0.7438
08-04 12:53 nessai INFO    : it:  9000: n eval: 37723 H: 15.45 dlogZ: 9518.285 logZ: -9729.132 +/- 0.124 logLmax: -201.85
08-04 12:53 nessai INFO    : it: 10000: Rolling KS test: D=0.015, p-value=0.6313
08-04 12:53 nessai INFO    : it: 10000: n eval: 42580 H: 15.99 dlogZ: 5092.238 logZ: -5211.361 +/- 0.126 logLmax: -109.12
08-04 12:53 nessai INFO    : it: 11000: Rolling KS test: D=0.021, p-value=0.4082
08-04 12:53 nessai INFO    : it: 11000: n eval: 48042 H: 17.45 dlogZ: 2722.488 logZ: -2812.579 +/- 0.132 logLmax: -79.09
08-04 12:53 nessai INFO    : it: 12000: Rolling KS test: D=0.01, p-value=0.8133
08-04 12:53 nessai INFO    : it: 12000: n eval: 53269 H: 17.66 dlogZ: 1489.567 logZ: -1532.371 +/- 0.133 logLmax: -30.80
08-04 12:53 nessai INFO    : it: 13000: Rolling KS test: D=0.041, p-value=0.03371
08-04 12:54 nessai INFO    : it: 13000: n eval: 62991 H: 17.81 dlogZ: 892.174 logZ: -923.410 +/- 0.133 logLmax: -18.24
08-04 12:54 nessai INFO    : it: 14000: Rolling KS test: D=0.008, p-value=0.8752
08-04 12:54 nessai INFO    : it: 14000: n eval: 68893 H: 18.88 dlogZ: 543.555 logZ: -575.790 +/- 0.137 logLmax: -18.24
08-04 12:54 nessai INFO    : it: 15000: Rolling KS test: D=0.039, p-value=0.0465
08-04 12:54 nessai INFO    : it: 15000: n eval: 76319 H: 19.49 dlogZ: 332.313 logZ: -365.549 +/- 0.140 logLmax: -18.24
08-04 12:54 nessai INFO    : it: 16000: Rolling KS test: D=0.035, p-value=0.08429
08-04 12:54 nessai INFO    : it: 16000: n eval: 86145 H: 19.65 dlogZ: 207.198 logZ: -235.964 +/- 0.140 logLmax: -12.77
08-04 12:54 nessai INFO    : it: 17000: Rolling KS test: D=0.005, p-value=0.9481
08-04 12:54 nessai INFO    : it: 17000: n eval: 99602 H: 20.12 dlogZ: 126.670 logZ: -156.437 +/- 0.142 logLmax: -12.77
08-04 12:54 nessai INFO    : it: 18000: Rolling KS test: D=0.014, p-value=0.6695
08-04 12:54 nessai INFO    : it: 18000: n eval: 111751 H: 20.58 dlogZ: 77.688 logZ: -108.454 +/- 0.143 logLmax: -12.77
08-04 12:54 nessai INFO    : it: 19000: Rolling KS test: D=0.024, p-value=0.311
08-04 12:54 nessai INFO    : it: 19000: n eval: 124755 H: 21.07 dlogZ: 48.090 logZ: -78.656 +/- 0.145 logLmax: -11.57
08-04 12:54 nessai INFO    : it: 20000: Rolling KS test: D=0.011, p-value=0.7794
08-04 12:54 nessai INFO    : it: 20000: n eval: 147558 H: 21.53 dlogZ: 31.901 logZ: -61.213 +/- 0.147 logLmax: -9.31
08-04 12:54 nessai INFO    : it: 21000: Rolling KS test: D=0.032, p-value=0.1263
08-04 12:54 nessai INFO    : it: 21000: n eval: 163762 H: 22.18 dlogZ: 21.935 logZ: -50.008 +/- 0.149 logLmax: -7.07
08-04 12:54 nessai INFO    : it: 22000: Rolling KS test: D=0.029, p-value=0.1825
08-04 12:54 nessai INFO    : it: 22000: n eval: 189980 H: 22.52 dlogZ: 14.194 logZ: -43.267 +/- 0.150 logLmax: -7.07
08-04 12:54 nessai INFO    : it: 23000: Rolling KS test: D=0.03, p-value=0.162
08-04 12:54 nessai INFO    : it: 23000: n eval: 214062 H: 22.94 dlogZ: 9.449 logZ: -39.522 +/- 0.151 logLmax: -7.07
08-04 12:54 nessai INFO    : it: 24000: Rolling KS test: D=0.036, p-value=0.07308
08-04 12:54 nessai INFO    : it: 24000: n eval: 249224 H: 23.34 dlogZ: 7.166 logZ: -37.231 +/- 0.153 logLmax: -6.07
08-04 12:54 nessai INFO    : it: 25000: Rolling KS test: D=0.032, p-value=0.1263
08-04 12:54 nessai INFO    : it: 25000: n eval: 277290 H: 23.73 dlogZ: 4.835 logZ: -35.830 +/- 0.154 logLmax: -6.00
08-04 12:55 nessai INFO    : it: 26000: Rolling KS test: D=0.045, p-value=0.01689
08-04 12:55 nessai INFO    : it: 26000: n eval: 327290 H: 24.05 dlogZ: 3.057 logZ: -35.011 +/- 0.155 logLmax: -6.00
08-04 12:55 nessai INFO    : it: 27000: Rolling KS test: D=0.03, p-value=0.162
08-04 12:55 nessai INFO    : it: 27000: n eval: 367186 H: 24.32 dlogZ: 2.364 logZ: -34.528 +/- 0.156 logLmax: -5.26
08-04 12:55 nessai INFO    : it: 28000: Rolling KS test: D=0.028, p-value=0.2046
08-04 12:55 nessai INFO    : it: 28000: n eval: 416606 H: 24.56 dlogZ: 1.291 logZ: -34.231 +/- 0.157 logLmax: -5.26
08-04 12:55 nessai INFO    : it: 29000: Rolling KS test: D=0.029, p-value=0.1825
08-04 12:55 nessai INFO    : it: 29000: n eval: 452614 H: 24.75 dlogZ: 0.720 logZ: -34.054 +/- 0.157 logLmax: -5.00
08-04 12:55 nessai INFO    : it: 30000: Rolling KS test: D=0.033, p-value=0.1108
08-04 12:55 nessai INFO    : it: 30000: n eval: 474293 H: 24.89 dlogZ: 0.301 logZ: -33.954 +/- 0.158 logLmax: -5.00
08-04 12:55 nessai INFO    : it: 31000: Rolling KS test: D=0.004, p-value=0.9659
08-04 12:55 nessai INFO    : it: 31000: n eval: 490500 H: 24.97 dlogZ: 0.116 logZ: -33.901 +/- 0.158 logLmax: -5.00
08-04 12:55 nessai INFO    : Stopping with difference_log_evidence=0.100
08-04 12:55 nessai INFO    : Finalising
08-04 12:55 nessai INFO    : Final ln-evidence: -33.852 +/- 0.158
08-04 12:55 nessai INFO    : Information: 25.07
08-04 12:55 nessai INFO    : Final KS test: D=0.007385, p-value=0.03328
08-04 12:55 nessai WARNING : Final p-value for the insertion indices is less than 0.05, this could be an indication of problems during sampling. Consider checking the diagnostic plots.
08-04 12:55 nessai INFO    : Checkpointing nested sampling
08-04 12:55 nessai INFO    : Total sampling time: 0:02:31.985384
08-04 12:55 nessai INFO    : Total training time: 0:00:45.476895
08-04 12:55 nessai INFO    : Total population time: 0:00:42.706432
08-04 12:55 nessai INFO    : Total likelihood evaluations: 490500
08-04 12:55 nessai INFO    : Time spent evaluating likelihood: 0:00:16.939723
08-04 12:55 nessai INFO    : Total sampling time: 0:02:31.985384
08-04 12:55 nessai INFO    : Total likelihood evaluations: 490500
08-04 12:55 nessai INFO    : Starting post processing
08-04 12:55 nessai INFO    : Computing posterior samples
08-04 12:55 nessai INFO    : Effective sample size: 7025.1
08-04 12:55 nessai INFO    : Producing posterior samples using rejection sampling
08-04 12:55 nessai INFO    : Expect 5016.563216227139 samples from rejection sampling
08-04 12:55 nessai INFO    : Returned 5016 posterior samples
08-04 12:55 nessai INFO    : Starting to close worker pool.
08-04 12:55 nessai INFO    : Finished closing worker pool.
