/data/wiay/postgrads/shashwat/qunat_com_future/lib/python3.11/site-packages/nessai/utils/logging.py:133: FutureWarning: setup_logger is deprecated, use configure_logger instead
  warnings.warn(
08-04 13:28 nessai INFO    : Running Nessai version 0.15.2
08-04 13:28 nessai INFO    : Starting multiprocessing pool with 4 processes
08-04 13:28 nessai INFO    : Initialising nested sampler
08-04 13:28 nessai WARNING : Multiprocessing pool has already been configured.
/data/wiay/postgrads/shashwat/qunat_com_future/lib/python3.11/site-packages/nessai/gw/__init__.py:12: FutureWarning: The `nessai.gw` module will be deprecated in the next release in favour of the nessai-gw package. This packages provides the same functionality as`nessai.gw` via the plugin interface.For more details, see: https://github.com/mj-will/nessai-gw
  warnings.warn(
08-04 13:28 nessai INFO    : Passing kwargs to FlowProposal: {'poolsize': 1000}
08-04 13:28 nessai INFO    : No reparameterisations provided, using default reparameterisations included in FlowProposal
08-04 13:28 nessai INFO    : Adding reparameterisations from: {}
08-04 13:28 nessai INFO    : Assuming fallback reparameterisation (ScaleAndShift) for ['kappa', 'mu_xi', 'sigma_chi', 'sigma_xi', 'rho', 'lambda_chi', 'chi0', 'xi0'] with kwargs: {'estimate_scale': True, 'estimate_shift': True, 'prior_bounds': {'kappa': array([0.1, 5. ]), 'mu_xi': array([0. , 0.1]), 'sigma_chi': array([0.05, 0.6 ]), 'sigma_xi': array([0.05, 0.4 ]), 'rho': array([-0.9,  0.9]), 'lambda_chi': array([-0.5,  0.5]), 'chi0': array([-0.5,  0.5]), 'xi0': array([2.5, 5. ])}}.
08-04 13:28 nessai INFO    : x space parameters: ['kappa', 'mu_xi', 'sigma_chi', 'sigma_xi', 'rho', 'lambda_chi', 'chi0', 'xi0']
08-04 13:28 nessai INFO    : x prime space parameters: ['kappa_prime', 'mu_xi_prime', 'sigma_chi_prime', 'sigma_xi_prime', 'rho_prime', 'lambda_chi_prime', 'chi0_prime', 'xi0_prime']
08-04 13:28 nessai INFO    : Overwriting fuzz factor with expansion fraction
08-04 13:28 nessai INFO    : New fuzz factor: 1.2228445449938519
08-04 13:28 nessai INFO    : Verifying rescaling functions
08-04 13:28 nessai INFO    : Rescaling functions are invertible
08-04 13:28 nessai INFO    : Populating initial live points
08-04 13:28 nessai INFO    : Populated 100 / 1000 live points
08-04 13:28 nessai INFO    : Populated 200 / 1000 live points
08-04 13:28 nessai INFO    : Populated 300 / 1000 live points
08-04 13:28 nessai INFO    : Populated 400 / 1000 live points
08-04 13:28 nessai INFO    : Populated 500 / 1000 live points
08-04 13:28 nessai INFO    : Populated 600 / 1000 live points
08-04 13:28 nessai INFO    : Populated 700 / 1000 live points
08-04 13:28 nessai INFO    : Populated 800 / 1000 live points
08-04 13:28 nessai INFO    : Populated 900 / 1000 live points
08-04 13:28 nessai INFO    : Populated 1000 / 1000 live points
08-04 13:28 nessai INFO    : Starting nested sampling loop
08-04 13:28 nessai INFO    : it:  1000: Rolling KS test: D=0.025, p-value=0.2818
08-04 13:28 nessai INFO    : it:  1000: n eval: 3000 H: 7.91 dlogZ: 5120867.546 logZ: -5122212.274 +/- 0.089 logLmax: -1343.73
08-04 13:28 nessai INFO    : it:  2000: Rolling KS test: D=0.015, p-value=0.6313
08-04 13:28 nessai INFO    : it:  2000: n eval: 8000 H: 8.91 dlogZ: 464829.299 logZ: -466175.027 +/- 0.094 logLmax: -1343.73
08-04 13:28 nessai INFO    : Switching to FlowProposal
08-04 13:28 nessai INFO    : it:  3000: Rolling KS test: D=0.029, p-value=0.1825
08-04 13:28 nessai INFO    : it:  3000: n eval: 11995 H: 9.91 dlogZ: 150406.528 logZ: -151416.076 +/- 0.100 logLmax: -1006.55
08-04 13:28 nessai INFO    : it:  4000: Rolling KS test: D=0.019, p-value=0.4797
08-04 13:28 nessai INFO    : it:  4000: n eval: 15919 H: 10.86 dlogZ: 61801.101 logZ: -62811.649 +/- 0.104 logLmax: -1006.55
08-04 13:28 nessai INFO    : it:  5000: Rolling KS test: D=0.01, p-value=0.8133
08-04 13:28 nessai INFO    : it:  5000: n eval: 20243 H: 11.91 dlogZ: 29269.772 logZ: -29584.266 +/- 0.109 logLmax: -309.49
08-04 13:28 nessai INFO    : it:  6000: Rolling KS test: D=0.041, p-value=0.03371
08-04 13:28 nessai INFO    : it:  6000: n eval: 25066 H: 12.02 dlogZ: 13836.398 logZ: -14151.892 +/- 0.110 logLmax: -309.49
08-04 13:28 nessai INFO    : it:  7000: Rolling KS test: D=0.008, p-value=0.8752
08-04 13:29 nessai INFO    : it:  7000: n eval: 30148 H: 13.46 dlogZ: 6940.325 logZ: -7247.696 +/- 0.116 logLmax: -300.37
08-04 13:29 nessai INFO    : it:  8000: Rolling KS test: D=0.015, p-value=0.6313
08-04 13:29 nessai INFO    : it:  8000: n eval: 34707 H: 13.99 dlogZ: 3784.622 logZ: -3898.069 +/- 0.118 logLmax: -105.45
08-04 13:29 nessai INFO    : it:  9000: Rolling KS test: D=0.021, p-value=0.4082
08-04 13:29 nessai INFO    : it:  9000: n eval: 40068 H: 15.12 dlogZ: 2295.428 logZ: -2380.840 +/- 0.123 logLmax: -76.41
08-04 13:29 nessai INFO    : it: 10000: Rolling KS test: D=0.0, p-value=1.0
08-04 13:29 nessai INFO    : it: 10000: n eval: 46270 H: 15.66 dlogZ: 1499.905 logZ: -1586.318 +/- 0.125 logLmax: -76.41
08-04 13:29 nessai INFO    : it: 11000: Rolling KS test: D=0.028, p-value=0.2046
08-04 13:29 nessai INFO    : it: 11000: n eval: 55861 H: 16.57 dlogZ: 1008.886 logZ: -1084.145 +/- 0.129 logLmax: -64.26
08-04 13:29 nessai INFO    : it: 12000: Rolling KS test: D=0.029, p-value=0.1825
08-04 13:29 nessai INFO    : it: 12000: n eval: 63333 H: 16.42 dlogZ: 677.886 logZ: -710.407 +/- 0.128 logLmax: -20.52
08-04 13:29 nessai INFO    : it: 13000: Rolling KS test: D=0.015, p-value=0.6313
08-04 13:29 nessai INFO    : it: 13000: n eval: 74220 H: 17.11 dlogZ: 405.917 logZ: -439.438 +/- 0.131 logLmax: -20.52
08-04 13:29 nessai INFO    : it: 14000: Rolling KS test: D=0.004, p-value=0.9659
08-04 13:29 nessai INFO    : it: 14000: n eval: 81361 H: 18.21 dlogZ: 257.282 logZ: -283.274 +/- 0.135 logLmax: -11.99
08-04 13:29 nessai INFO    : it: 15000: Rolling KS test: D=0.021, p-value=0.4082
08-04 13:29 nessai INFO    : it: 15000: n eval: 93209 H: 18.25 dlogZ: 152.987 logZ: -179.491 +/- 0.135 logLmax: -11.50
08-04 13:29 nessai INFO    : it: 16000: Rolling KS test: D=0.028, p-value=0.2046
08-04 13:29 nessai INFO    : it: 16000: n eval: 102708 H: 18.75 dlogZ: 94.100 logZ: -118.483 +/- 0.137 logLmax: -8.38
08-04 13:29 nessai INFO    : it: 17000: Rolling KS test: D=0.034, p-value=0.09683
08-04 13:29 nessai INFO    : it: 17000: n eval: 115593 H: 19.24 dlogZ: 60.358 logZ: -81.029 +/- 0.139 logLmax: -3.67
08-04 13:29 nessai INFO    : it: 18000: Rolling KS test: D=0.014, p-value=0.6695
08-04 13:29 nessai INFO    : it: 18000: n eval: 136498 H: 19.87 dlogZ: 37.286 logZ: -58.957 +/- 0.141 logLmax: -3.67
08-04 13:29 nessai INFO    : it: 19000: Rolling KS test: D=0.017, p-value=0.5547
08-04 13:29 nessai INFO    : it: 19000: n eval: 162235 H: 20.32 dlogZ: 23.741 logZ: -45.834 +/- 0.143 logLmax: -3.09
08-04 13:29 nessai INFO    : it: 20000: Rolling KS test: D=0.025, p-value=0.2818
08-04 13:29 nessai INFO    : it: 20000: n eval: 187183 H: 20.66 dlogZ: 15.408 logZ: -37.765 +/- 0.144 logLmax: -2.36
08-04 13:29 nessai INFO    : it: 21000: Rolling KS test: D=0.031, p-value=0.1433
08-04 13:30 nessai INFO    : it: 21000: n eval: 222848 H: 21.17 dlogZ: 9.726 logZ: -33.083 +/- 0.146 logLmax: -2.36
08-04 13:30 nessai INFO    : it: 22000: Rolling KS test: D=0.021, p-value=0.4082
08-04 13:30 nessai INFO    : it: 22000: n eval: 272848 H: 21.53 dlogZ: 6.209 logZ: -30.397 +/- 0.147 logLmax: -2.19
08-04 13:30 nessai INFO    : it: 23000: Rolling KS test: D=0.013, p-value=0.7071
08-04 13:30 nessai INFO    : it: 23000: n eval: 332848 H: 21.88 dlogZ: 3.787 logZ: -28.825 +/- 0.148 logLmax: -2.06
08-04 13:30 nessai INFO    : it: 24000: Rolling KS test: D=0.027, p-value=0.2286
08-04 13:30 nessai INFO    : it: 24000: n eval: 402848 H: 22.13 dlogZ: 2.131 logZ: -27.981 +/- 0.149 logLmax: -1.98
08-04 13:30 nessai INFO    : it: 25000: Rolling KS test: D=0.029, p-value=0.1825
08-04 13:30 nessai INFO    : it: 25000: n eval: 512848 H: 22.33 dlogZ: 1.010 logZ: -27.534 +/- 0.149 logLmax: -1.98
08-04 13:31 nessai INFO    : it: 26000: Rolling KS test: D=0.035, p-value=0.08429
08-04 13:31 nessai INFO    : it: 26000: n eval: 632848 H: 22.45 dlogZ: 0.457 logZ: -27.310 +/- 0.150 logLmax: -1.86
08-04 13:31 nessai INFO    : it: 27000: Rolling KS test: D=0.019, p-value=0.4797
08-04 13:31 nessai INFO    : it: 27000: n eval: 802848 H: 22.54 dlogZ: 0.234 logZ: -27.201 +/- 0.150 logLmax: -1.54
08-04 13:32 nessai INFO    : Stopping with difference_log_evidence=0.100
08-04 13:32 nessai INFO    : Finalising
08-04 13:32 nessai INFO    : Final ln-evidence: -27.108 +/- 0.150
08-04 13:32 nessai INFO    : Information: 22.64
08-04 13:32 nessai INFO    : Final KS test: D=0.006532, p-value=0.09231
08-04 13:32 nessai INFO    : Checkpointing nested sampling
08-04 13:32 nessai INFO    : Total sampling time: 0:03:22.202183
08-04 13:32 nessai INFO    : Total training time: 0:01:02.730144
08-04 13:32 nessai INFO    : Total population time: 0:01:14.395673
08-04 13:32 nessai INFO    : Total likelihood evaluations: 1002848
08-04 13:32 nessai INFO    : Time spent evaluating likelihood: 0:00:30.728836
08-04 13:32 nessai INFO    : Total sampling time: 0:03:22.202183
08-04 13:32 nessai INFO    : Total likelihood evaluations: 1002848
08-04 13:32 nessai INFO    : Starting post processing
08-04 13:32 nessai INFO    : Computing posterior samples
08-04 13:32 nessai INFO    : Effective sample size: 5660.1
08-04 13:32 nessai INFO    : Producing posterior samples using rejection sampling
08-04 13:32 nessai INFO    : Expect 3858.3806475297883 samples from rejection sampling
08-04 13:32 nessai INFO    : Returned 3826 posterior samples
08-04 13:32 nessai INFO    : Starting to close worker pool.
08-04 13:32 nessai INFO    : Finished closing worker pool.
