/data/wiay/postgrads/shashwat/qunat_com_future/lib/python3.11/site-packages/nessai/utils/logging.py:133: FutureWarning: setup_logger is deprecated, use configure_logger instead
  warnings.warn(
08-04 14:05 nessai INFO    : Running Nessai version 0.15.2
08-04 14:05 nessai INFO    : Starting multiprocessing pool with 4 processes
08-04 14:05 nessai INFO    : Initialising nested sampler
08-04 14:05 nessai WARNING : Multiprocessing pool has already been configured.
/data/wiay/postgrads/shashwat/qunat_com_future/lib/python3.11/site-packages/nessai/gw/__init__.py:12: FutureWarning: The `nessai.gw` module will be deprecated in the next release in favour of the nessai-gw package. This packages provides the same functionality as`nessai.gw` via the plugin interface.For more details, see: https://github.com/mj-will/nessai-gw
  warnings.warn(
08-04 14:05 nessai INFO    : Passing kwargs to FlowProposal: {'poolsize': 1000}
08-04 14:05 nessai INFO    : No reparameterisations provided, using default reparameterisations included in FlowProposal
08-04 14:05 nessai INFO    : Adding reparameterisations from: {}
08-04 14:05 nessai INFO    : Assuming fallback reparameterisation (ScaleAndShift) for ['kappa', 'mu_xi', 'sigma_chi', 'sigma_xi', 'rho', 'lambda_chi', 'chi0', 'xi0'] with kwargs: {'estimate_scale': True, 'estimate_shift': True, 'prior_bounds': {'kappa': array([0.1, 5. ]), 'mu_xi': array([0. , 0.1]), 'sigma_chi': array([0.05, 0.6 ]), 'sigma_xi': array([0.05, 0.4 ]), 'rho': array([-0.9,  0.9]), 'lambda_chi': array([-0.5,  0.5]), 'chi0': array([-0.5,  0.5]), 'xi0': array([2.5, 5. ])}}.
08-04 14:05 nessai INFO    : x space parameters: ['kappa', 'mu_xi', 'sigma_chi', 'sigma_xi', 'rho', 'lambda_chi', 'chi0', 'xi0']
08-04 14:05 nessai INFO    : x prime space parameters: ['kappa_prime', 'mu_xi_prime', 'sigma_chi_prime', 'sigma_xi_prime', 'rho_prime', 'lambda_chi_prime', 'chi0_prime', 'xi0_prime']
08-04 14:05 nessai INFO    : Overwriting fuzz factor with expansion fraction
08-04 14:05 nessai INFO    : New fuzz factor: 1.2228445449938519
08-04 14:05 nessai INFO    : Verifying rescaling functions
08-04 14:05 nessai INFO    : Rescaling functions are invertible
08-04 14:05 nessai INFO    : Populating initial live points
08-04 14:05 nessai INFO    : Populated 100 / 1000 live points
08-04 14:05 nessai INFO    : Populated 200 / 1000 live points
08-04 14:05 nessai INFO    : Populated 300 / 1000 live points
08-04 14:05 nessai INFO    : Populated 400 / 1000 live points
08-04 14:05 nessai INFO    : Populated 500 / 1000 live points
08-04 14:05 nessai INFO    : Populated 600 / 1000 live points
08-04 14:05 nessai INFO    : Populated 700 / 1000 live points
08-04 14:05 nessai INFO    : Populated 800 / 1000 live points
08-04 14:05 nessai INFO    : Populated 900 / 1000 live points
08-04 14:05 nessai INFO    : Populated 1000 / 1000 live points
08-04 14:05 nessai INFO    : Starting nested sampling loop
08-04 14:05 nessai INFO    : it:  1000: Rolling KS test: D=0.015, p-value=0.6313
08-04 14:05 nessai INFO    : it:  1000: n eval: 3000 H: 7.91 dlogZ: 5953432.067 logZ: -5957927.483 +/- 0.089 logLmax: -4494.42
08-04 14:05 nessai INFO    : it:  2000: Rolling KS test: D=0.051, p-value=0.005312
08-04 14:05 nessai INFO    : it:  2000: n eval: 8000 H: 8.91 dlogZ: 500869.288 logZ: -502473.294 +/- 0.094 logLmax: -1602.01
08-04 14:05 nessai INFO    : Switching to FlowProposal
08-04 14:05 nessai INFO    : it:  3000: Rolling KS test: D=0.012, p-value=0.7438
08-04 14:05 nessai INFO    : it:  3000: n eval: 11915 H: 9.91 dlogZ: 160168.007 logZ: -161773.012 +/- 0.100 logLmax: -1602.01
08-04 14:05 nessai INFO    : it:  4000: Rolling KS test: D=0.01, p-value=0.8133
08-04 14:05 nessai INFO    : it:  4000: n eval: 15864 H: 10.91 dlogZ: 66539.024 logZ: -67102.082 +/- 0.104 logLmax: -559.06
08-04 14:05 nessai INFO    : it:  5000: Rolling KS test: D=0.008, p-value=0.8752
08-04 14:05 nessai INFO    : it:  5000: n eval: 20040 H: 11.33 dlogZ: 30706.399 logZ: -31203.658 +/- 0.106 logLmax: -492.26
08-04 14:05 nessai INFO    : it:  6000: Rolling KS test: D=0.019, p-value=0.4797
08-04 14:05 nessai INFO    : it:  6000: n eval: 24952 H: 12.91 dlogZ: 15363.065 logZ: -15414.772 +/- 0.114 logLmax: -45.71
08-04 14:05 nessai INFO    : it:  7000: Rolling KS test: D=0.01, p-value=0.8133
08-04 14:05 nessai INFO    : it:  7000: n eval: 29851 H: 12.85 dlogZ: 7522.718 logZ: -7575.425 +/- 0.113 logLmax: -45.71
08-04 14:05 nessai INFO    : it:  8000: Rolling KS test: D=0.035, p-value=0.08429
08-04 14:05 nessai INFO    : it:  8000: n eval: 31989 H: 14.31 dlogZ: 3964.299 logZ: -4012.872 +/- 0.120 logLmax: -40.57
08-04 14:05 nessai INFO    : it:  9000: Rolling KS test: D=0.033, p-value=0.1108
08-04 14:05 nessai INFO    : it:  9000: n eval: 36765 H: 14.36 dlogZ: 2061.825 logZ: -2111.398 +/- 0.120 logLmax: -40.57
08-04 14:05 nessai INFO    : it: 10000: Rolling KS test: D=0.032, p-value=0.1263
08-04 14:05 nessai INFO    : it: 10000: n eval: 44477 H: 14.78 dlogZ: 1083.470 logZ: -1134.043 +/- 0.122 logLmax: -40.57
08-04 14:05 nessai INFO    : it: 11000: Rolling KS test: D=0.013, p-value=0.7071
08-04 14:05 nessai INFO    : it: 11000: n eval: 51876 H: 15.80 dlogZ: 627.350 logZ: -669.184 +/- 0.126 logLmax: -30.83
08-04 14:05 nessai INFO    : it: 12000: Rolling KS test: D=0.025, p-value=0.2818
08-04 14:05 nessai INFO    : it: 12000: n eval: 57754 H: 16.47 dlogZ: 383.701 logZ: -417.626 +/- 0.128 logLmax: -21.93
08-04 14:05 nessai INFO    : it: 13000: Rolling KS test: D=0.016, p-value=0.593
08-04 14:05 nessai INFO    : it: 13000: n eval: 63840 H: 16.57 dlogZ: 237.180 logZ: -263.258 +/- 0.129 logLmax: -13.08
08-04 14:05 nessai INFO    : it: 14000: Rolling KS test: D=0.015, p-value=0.6313
08-04 14:05 nessai INFO    : it: 14000: n eval: 72519 H: 17.39 dlogZ: 145.525 logZ: -166.173 +/- 0.132 logLmax: -6.65
08-04 14:06 nessai INFO    : it: 15000: Rolling KS test: D=0.045, p-value=0.01689
08-04 14:06 nessai INFO    : it: 15000: n eval: 81701 H: 17.85 dlogZ: 91.367 logZ: -110.932 +/- 0.134 logLmax: -4.57
08-04 14:06 nessai INFO    : it: 16000: Rolling KS test: D=0.043, p-value=0.02406
08-04 14:06 nessai INFO    : it: 16000: n eval: 91504 H: 18.35 dlogZ: 54.342 logZ: -74.907 +/- 0.135 logLmax: -4.57
08-04 14:06 nessai INFO    : it: 17000: Rolling KS test: D=0.02, p-value=0.4434
08-04 14:06 nessai INFO    : it: 17000: n eval: 100064 H: 18.82 dlogZ: 34.063 logZ: -54.320 +/- 0.137 logLmax: -3.26
08-04 14:06 nessai INFO    : it: 18000: Rolling KS test: D=0.041, p-value=0.03371
08-04 14:06 nessai INFO    : it: 18000: n eval: 113280 H: 19.25 dlogZ: 20.918 logZ: -42.175 +/- 0.139 logLmax: -3.26
08-04 14:06 nessai INFO    : it: 19000: Rolling KS test: D=0.023, p-value=0.3419
08-04 14:06 nessai INFO    : it: 19000: n eval: 129935 H: 19.54 dlogZ: 12.655 logZ: -34.911 +/- 0.140 logLmax: -3.26
08-04 14:06 nessai INFO    : it: 20000: Rolling KS test: D=0.049, p-value=0.007937
08-04 14:06 nessai INFO    : it: 20000: n eval: 155869 H: 19.99 dlogZ: 8.171 logZ: -30.920 +/- 0.141 logLmax: -2.75
08-04 14:06 nessai INFO    : it: 21000: Rolling KS test: D=0.021, p-value=0.4082
08-04 14:06 nessai INFO    : it: 21000: n eval: 178293 H: 20.34 dlogZ: 5.417 logZ: -28.604 +/- 0.143 logLmax: -2.19
08-04 14:06 nessai INFO    : it: 22000: Rolling KS test: D=0.019, p-value=0.4797
08-04 14:06 nessai INFO    : it: 22000: n eval: 215064 H: 20.64 dlogZ: 3.588 logZ: -27.333 +/- 0.144 logLmax: -1.77
08-04 14:06 nessai INFO    : it: 23000: Rolling KS test: D=0.03, p-value=0.162
08-04 14:06 nessai INFO    : it: 23000: n eval: 254511 H: 20.87 dlogZ: 2.393 logZ: -26.645 +/- 0.144 logLmax: -1.35
08-04 14:06 nessai INFO    : it: 24000: Rolling KS test: D=0.016, p-value=0.593
08-04 14:06 nessai INFO    : it: 24000: n eval: 304511 H: 21.03 dlogZ: 1.276 logZ: -26.296 +/- 0.145 logLmax: -1.35
08-04 14:06 nessai INFO    : it: 25000: Rolling KS test: D=0.036, p-value=0.07308
08-04 14:06 nessai INFO    : it: 25000: n eval: 364282 H: 21.15 dlogZ: 0.730 logZ: -26.118 +/- 0.145 logLmax: -1.05
08-04 14:07 nessai INFO    : it: 26000: Rolling KS test: D=0.024, p-value=0.311
08-04 14:07 nessai INFO    : it: 26000: n eval: 414282 H: 21.23 dlogZ: 0.441 logZ: -26.024 +/- 0.146 logLmax: -0.61
08-04 14:07 nessai INFO    : it: 27000: Rolling KS test: D=0.023, p-value=0.3419
08-04 14:07 nessai INFO    : it: 27000: n eval: 451427 H: 21.30 dlogZ: 0.180 logZ: -25.973 +/- 0.146 logLmax: -0.60
08-04 14:07 nessai INFO    : Stopping with difference_log_evidence=0.100
08-04 14:07 nessai INFO    : Finalising
08-04 14:07 nessai INFO    : Final ln-evidence: -25.918 +/- 0.146
08-04 14:07 nessai INFO    : Information: 21.40
08-04 14:07 nessai INFO    : Final KS test: D=0.009817, p-value=0.004853
08-04 14:07 nessai WARNING : Final p-value for the insertion indices is less than 0.05, this could be an indication of problems during sampling. Consider checking the diagnostic plots.
08-04 14:07 nessai INFO    : Checkpointing nested sampling
08-04 14:07 nessai INFO    : Total sampling time: 0:01:47.099610
08-04 14:07 nessai INFO    : Total training time: 0:00:36.984018
08-04 14:07 nessai INFO    : Total population time: 0:00:30.480589
08-04 14:07 nessai INFO    : Total likelihood evaluations: 476512
08-04 14:07 nessai INFO    : Time spent evaluating likelihood: 0:00:09.820626
08-04 14:07 nessai INFO    : Total sampling time: 0:01:47.099610
08-04 14:07 nessai INFO    : Total likelihood evaluations: 476512
08-04 14:07 nessai INFO    : Starting post processing
08-04 14:07 nessai INFO    : Computing posterior samples
08-04 14:07 nessai INFO    : Effective sample size: 6092.4
08-04 14:07 nessai INFO    : Producing posterior samples using rejection sampling
08-04 14:07 nessai INFO    : Expect 4001.2231168070934 samples from rejection sampling
08-04 14:07 nessai INFO    : Returned 3916 posterior samples
08-04 14:07 nessai INFO    : Starting to close worker pool.
08-04 14:07 nessai INFO    : Finished closing worker pool.
