/data/wiay/postgrads/shashwat/qunat_com_future/lib/python3.11/site-packages/nessai/utils/logging.py:133: FutureWarning: setup_logger is deprecated, use configure_logger instead
  warnings.warn(
08-04 13:29 nessai INFO    : Running Nessai version 0.15.2
08-04 13:29 nessai INFO    : Starting multiprocessing pool with 4 processes
08-04 13:29 nessai INFO    : Initialising nested sampler
08-04 13:29 nessai WARNING : Multiprocessing pool has already been configured.
/data/wiay/postgrads/shashwat/qunat_com_future/lib/python3.11/site-packages/nessai/gw/__init__.py:12: FutureWarning: The `nessai.gw` module will be deprecated in the next release in favour of the nessai-gw package. This packages provides the same functionality as`nessai.gw` via the plugin interface.For more details, see: https://github.com/mj-will/nessai-gw
  warnings.warn(
08-04 13:29 nessai INFO    : Passing kwargs to FlowProposal: {'poolsize': 1000}
08-04 13:29 nessai INFO    : No reparameterisations provided, using default reparameterisations included in FlowProposal
08-04 13:29 nessai INFO    : Adding reparameterisations from: {}
08-04 13:29 nessai INFO    : Assuming fallback reparameterisation (ScaleAndShift) for ['kappa', 'mu_xi', 'sigma_chi', 'sigma_xi', 'rho', 'lambda_chi', 'chi0', 'xi0'] with kwargs: {'estimate_scale': True, 'estimate_shift': True, 'prior_bounds': {'kappa': array([0.1, 5. ]), 'mu_xi': array([0. , 0.1]), 'sigma_chi': array([0.05, 0.6 ]), 'sigma_xi': array([0.05, 0.4 ]), 'rho': array([-0.9,  0.9]), 'lambda_chi': array([-0.5,  0.5]), 'chi0': array([-0.5,  0.5]), 'xi0': array([2.5, 5. ])}}.
08-04 13:29 nessai INFO    : x space parameters: ['kappa', 'mu_xi', 'sigma_chi', 'sigma_xi', 'rho', 'lambda_chi', 'chi0', 'xi0']
08-04 13:29 nessai INFO    : x prime space parameters: ['kappa_prime', 'mu_xi_prime', 'sigma_chi_prime', 'sigma_xi_prime', 'rho_prime', 'lambda_chi_prime', 'chi0_prime', 'xi0_prime']
08-04 13:29 nessai INFO    : Overwriting fuzz factor with expansion fraction
08-04 13:29 nessai INFO    : New fuzz factor: 1.2228445449938519
08-04 13:29 nessai INFO    : Verifying rescaling functions
08-04 13:29 nessai INFO    : Rescaling functions are invertible
08-04 13:29 nessai INFO    : Populating initial live points
08-04 13:29 nessai INFO    : Populated 100 / 1000 live points
08-04 13:29 nessai INFO    : Populated 200 / 1000 live points
08-04 13:29 nessai INFO    : Populated 300 / 1000 live points
08-04 13:29 nessai INFO    : Populated 400 / 1000 live points
08-04 13:29 nessai INFO    : Populated 500 / 1000 live points
08-04 13:29 nessai INFO    : Populated 600 / 1000 live points
08-04 13:29 nessai INFO    : Populated 700 / 1000 live points
08-04 13:29 nessai INFO    : Populated 800 / 1000 live points
08-04 13:29 nessai INFO    : Populated 900 / 1000 live points
08-04 13:29 nessai INFO    : Populated 1000 / 1000 live points
08-04 13:29 nessai INFO    : Starting nested sampling loop
08-04 13:29 nessai INFO    : it:  1000: Rolling KS test: D=0.039, p-value=0.0465
08-04 13:29 nessai INFO    : it:  1000: n eval: 3000 H: 7.91 dlogZ: 157965018.444 logZ: -158010979.264 +/- 0.089 logLmax: -45959.82
08-04 13:29 nessai INFO    : it:  2000: Rolling KS test: D=0.025, p-value=0.2818
08-04 13:29 nessai INFO    : it:  2000: n eval: 8000 H: 8.91 dlogZ: 36210186.661 logZ: -36256148.481 +/- 0.094 logLmax: -45959.82
08-04 13:29 nessai INFO    : Switching to FlowProposal
08-04 13:29 nessai INFO    : it:  3000: Rolling KS test: D=0.008, p-value=0.8752
08-04 13:29 nessai INFO    : it:  3000: n eval: 12008 H: 9.91 dlogZ: 10976400.794 logZ: -11020993.018 +/- 0.100 logLmax: -44589.22
08-04 13:29 nessai INFO    : it:  4000: Rolling KS test: D=0.013, p-value=0.7071
08-04 13:29 nessai INFO    : it:  4000: n eval: 13768 H: 10.91 dlogZ: 4080241.131 logZ: -4124834.355 +/- 0.104 logLmax: -44589.22
08-04 13:29 nessai INFO    : it:  5000: Rolling KS test: D=0.006, p-value=0.9268
08-04 13:29 nessai INFO    : it:  5000: n eval: 17247 H: 11.91 dlogZ: 1700234.137 logZ: -1712934.182 +/- 0.109 logLmax: -12695.05
08-04 13:29 nessai INFO    : it:  6000: Rolling KS test: D=0.016, p-value=0.593
08-04 13:29 nessai INFO    : it:  6000: n eval: 21387 H: 12.91 dlogZ: 811287.604 logZ: -815642.279 +/- 0.114 logLmax: -4348.68
08-04 13:29 nessai INFO    : it:  7000: Rolling KS test: D=0.013, p-value=0.7071
08-04 13:29 nessai INFO    : it:  7000: n eval: 26086 H: 13.91 dlogZ: 397693.604 logZ: -402049.278 +/- 0.118 logLmax: -4348.68
08-04 13:29 nessai INFO    : it:  8000: Rolling KS test: D=0.023, p-value=0.3419
08-04 13:29 nessai INFO    : it:  8000: n eval: 31081 H: 14.91 dlogZ: 194575.642 logZ: -198932.317 +/- 0.122 logLmax: -4348.68
08-04 13:29 nessai INFO    : it:  9000: Rolling KS test: D=0.019, p-value=0.4797
08-04 13:29 nessai INFO    : it:  9000: n eval: 35803 H: 15.91 dlogZ: 101810.700 logZ: -105428.656 +/- 0.126 logLmax: -3608.96
08-04 13:29 nessai INFO    : it: 10000: Rolling KS test: D=0.022, p-value=0.3744
08-04 13:29 nessai INFO    : it: 10000: n eval: 44474 H: 16.91 dlogZ: 55772.943 logZ: -55946.956 +/- 0.130 logLmax: -164.01
08-04 13:29 nessai INFO    : it: 11000: Rolling KS test: D=0.007, p-value=0.9024
08-04 13:29 nessai INFO    : it: 11000: n eval: 49259 H: 17.91 dlogZ: 31330.036 logZ: -31505.049 +/- 0.134 logLmax: -164.01
08-04 13:29 nessai INFO    : it: 12000: Rolling KS test: D=0.014, p-value=0.6695
08-04 13:29 nessai INFO    : it: 12000: n eval: 54572 H: 18.91 dlogZ: 16965.029 logZ: -17141.042 +/- 0.138 logLmax: -164.01
08-04 13:29 nessai INFO    : it: 13000: Rolling KS test: D=0.033, p-value=0.1108
08-04 13:29 nessai INFO    : it: 13000: n eval: 60402 H: 19.90 dlogZ: 9041.667 logZ: -9218.680 +/- 0.141 logLmax: -164.01
08-04 13:29 nessai INFO    : it: 14000: Rolling KS test: D=0.017, p-value=0.5547
08-04 13:29 nessai INFO    : it: 14000: n eval: 66277 H: 20.85 dlogZ: 4950.791 logZ: -5123.399 +/- 0.144 logLmax: -158.61
08-04 13:29 nessai INFO    : it: 15000: Rolling KS test: D=0.021, p-value=0.4082
08-04 13:29 nessai INFO    : it: 15000: n eval: 76652 H: 21.10 dlogZ: 2766.763 logZ: -2891.845 +/- 0.145 logLmax: -110.08
08-04 13:29 nessai INFO    : it: 16000: Rolling KS test: D=0.014, p-value=0.6695
08-04 13:29 nessai INFO    : it: 16000: n eval: 83096 H: 21.64 dlogZ: 1559.809 logZ: -1667.571 +/- 0.147 logLmax: -91.76
08-04 13:29 nessai INFO    : it: 17000: Rolling KS test: D=0.027, p-value=0.2286
08-04 13:29 nessai INFO    : it: 17000: n eval: 93922 H: 21.90 dlogZ: 914.914 logZ: -1023.676 +/- 0.148 logLmax: -91.76
08-04 13:29 nessai INFO    : it: 18000: Rolling KS test: D=0.023, p-value=0.3419
08-04 13:29 nessai INFO    : it: 18000: n eval: 107820 H: 22.86 dlogZ: 553.568 logZ: -643.714 +/- 0.151 logLmax: -72.15
08-04 13:30 nessai INFO    : it: 19000: Rolling KS test: D=0.03, p-value=0.162
08-04 13:30 nessai INFO    : it: 19000: n eval: 126143 H: 23.25 dlogZ: 351.151 logZ: -420.392 +/- 0.152 logLmax: -50.24
08-04 13:30 nessai INFO    : it: 20000: Rolling KS test: D=0.019, p-value=0.4797
08-04 13:30 nessai INFO    : it: 20000: n eval: 153311 H: 23.47 dlogZ: 241.133 logZ: -291.089 +/- 0.153 logLmax: -29.96
08-04 13:30 nessai INFO    : it: 21000: Rolling KS test: D=0.034, p-value=0.09683
08-04 13:30 nessai INFO    : it: 21000: n eval: 178405 H: 24.27 dlogZ: 156.400 logZ: -207.357 +/- 0.156 logLmax: -29.96
08-04 13:30 nessai INFO    : it: 22000: Rolling KS test: D=0.006, p-value=0.9268
08-04 13:30 nessai INFO    : it: 22000: n eval: 211861 H: 24.87 dlogZ: 113.261 logZ: -155.958 +/- 0.158 logLmax: -20.70
08-04 13:30 nessai INFO    : it: 23000: Rolling KS test: D=0.027, p-value=0.2286
08-04 13:30 nessai INFO    : it: 23000: n eval: 248411 H: 25.35 dlogZ: 76.960 logZ: -120.657 +/- 0.159 logLmax: -20.70
08-04 13:30 nessai INFO    : it: 24000: Rolling KS test: D=0.017, p-value=0.5547
08-04 13:30 nessai INFO    : it: 24000: n eval: 288411 H: 25.83 dlogZ: 58.350 logZ: -97.592 +/- 0.161 logLmax: -15.24
08-04 13:30 nessai INFO    : it: 25000: Rolling KS test: D=0.035, p-value=0.08429
08-04 13:30 nessai INFO    : it: 25000: n eval: 336797 H: 26.53 dlogZ: 42.614 logZ: -82.152 +/- 0.163 logLmax: -14.54
08-04 13:30 nessai INFO    : it: 26000: Rolling KS test: D=0.002, p-value=0.9907
08-04 13:30 nessai INFO    : it: 26000: n eval: 386797 H: 27.18 dlogZ: 31.909 logZ: -71.218 +/- 0.165 logLmax: -13.31
08-04 13:30 nessai INFO    : it: 27000: Rolling KS test: D=0.017, p-value=0.5547
08-04 13:30 nessai INFO    : it: 27000: n eval: 425228 H: 27.88 dlogZ: 25.016 logZ: -63.216 +/- 0.167 logLmax: -11.20
08-04 13:31 nessai INFO    : it: 28000: Rolling KS test: D=0.01, p-value=0.8133
08-04 13:31 nessai INFO    : it: 28000: n eval: 464183 H: 28.55 dlogZ: 22.596 logZ: -56.889 +/- 0.169 logLmax: -6.29
08-04 13:31 nessai INFO    : it: 29000: Rolling KS test: D=0.01, p-value=0.8133
08-04 13:31 nessai INFO    : it: 29000: n eval: 501092 H: 29.22 dlogZ: 17.115 logZ: -52.408 +/- 0.171 logLmax: -6.29
08-04 13:31 nessai INFO    : it: 30000: Rolling KS test: D=0.032, p-value=0.1263
08-04 13:31 nessai INFO    : it: 30000: n eval: 525077 H: 29.76 dlogZ: 12.832 logZ: -49.096 +/- 0.172 logLmax: -6.27
08-04 13:31 nessai INFO    : it: 31000: Rolling KS test: D=0.016, p-value=0.593
08-04 13:31 nessai INFO    : it: 31000: n eval: 558327 H: 30.42 dlogZ: 10.193 logZ: -46.706 +/- 0.174 logLmax: -5.51
08-04 13:31 nessai INFO    : it: 32000: Rolling KS test: D=0.018, p-value=0.5169
08-04 13:31 nessai INFO    : it: 32000: n eval: 605960 H: 30.98 dlogZ: 7.713 logZ: -44.988 +/- 0.176 logLmax: -5.28
08-04 13:31 nessai INFO    : it: 33000: Rolling KS test: D=0.018, p-value=0.5169
08-04 13:31 nessai INFO    : it: 33000: n eval: 645098 H: 31.49 dlogZ: 5.883 logZ: -43.792 +/- 0.177 logLmax: -4.91
08-04 13:31 nessai INFO    : it: 34000: Rolling KS test: D=0.018, p-value=0.5169
08-04 13:31 nessai INFO    : it: 34000: n eval: 715098 H: 31.98 dlogZ: 5.198 logZ: -42.945 +/- 0.179 logLmax: -3.75
08-04 13:31 nessai INFO    : it: 35000: Rolling KS test: D=0.028, p-value=0.2046
08-04 13:31 nessai INFO    : it: 35000: n eval: 765098 H: 32.40 dlogZ: 3.687 logZ: -42.372 +/- 0.180 logLmax: -3.71
08-04 13:31 nessai INFO    : it: 36000: Rolling KS test: D=0.038, p-value=0.05428
08-04 13:31 nessai INFO    : it: 36000: n eval: 825098 H: 32.79 dlogZ: 2.766 logZ: -41.974 +/- 0.181 logLmax: -3.27
08-04 13:31 nessai INFO    : it: 37000: Rolling KS test: D=0.056, p-value=0.001814
08-04 13:31 nessai INFO    : it: 37000: n eval: 863901 H: 33.12 dlogZ: 1.976 logZ: -41.703 +/- 0.182 logLmax: -2.88
08-04 13:31 nessai INFO    : it: 38000: Rolling KS test: D=0.016, p-value=0.593
08-04 13:31 nessai INFO    : it: 38000: n eval: 876733 H: 33.42 dlogZ: 1.477 logZ: -41.511 +/- 0.183 logLmax: -2.29
08-04 13:31 nessai INFO    : it: 39000: Rolling KS test: D=0.016, p-value=0.593
08-04 13:31 nessai INFO    : it: 39000: n eval: 884059 H: 33.66 dlogZ: 0.739 logZ: -41.383 +/- 0.183 logLmax: -2.29
08-04 13:32 nessai INFO    : it: 40000: Rolling KS test: D=0.013, p-value=0.7071
08-04 13:32 nessai INFO    : it: 40000: n eval: 890455 H: 33.83 dlogZ: 0.317 logZ: -41.305 +/- 0.184 logLmax: -2.29
08-04 13:32 nessai INFO    : it: 41000: Rolling KS test: D=0.004, p-value=0.9659
08-04 13:32 nessai INFO    : it: 41000: n eval: 897209 H: 33.94 dlogZ: 0.135 logZ: -41.261 +/- 0.184 logLmax: -2.19
08-04 13:32 nessai INFO    : Stopping with difference_log_evidence=0.100
08-04 13:32 nessai INFO    : Finalising
08-04 13:32 nessai INFO    : Final ln-evidence: -41.217 +/- 0.185
08-04 13:32 nessai INFO    : Information: 34.07
08-04 13:32 nessai INFO    : Final KS test: D=0.005148, p-value=0.1115
08-04 13:32 nessai INFO    : Checkpointing nested sampling
08-04 13:32 nessai INFO    : Total sampling time: 0:02:50.486462
08-04 13:32 nessai INFO    : Total training time: 0:00:57.534908
08-04 13:32 nessai INFO    : Total population time: 0:00:50.220484
08-04 13:32 nessai INFO    : Total likelihood evaluations: 900738
08-04 13:32 nessai INFO    : Time spent evaluating likelihood: 0:00:17.759738
08-04 13:32 nessai INFO    : Total sampling time: 0:02:50.486462
08-04 13:32 nessai INFO    : Total likelihood evaluations: 900738
08-04 13:32 nessai INFO    : Starting post processing
08-04 13:32 nessai INFO    : Computing posterior samples
08-04 13:32 nessai INFO    : Effective sample size: 8823.0
08-04 13:32 nessai INFO    : Producing posterior samples using rejection sampling
08-04 13:32 nessai INFO    : Expect 6332.536899426465 samples from rejection sampling
08-04 13:32 nessai INFO    : Returned 6345 posterior samples
08-04 13:32 nessai INFO    : Starting to close worker pool.
08-04 13:32 nessai INFO    : Finished closing worker pool.
