/data/wiay/postgrads/shashwat/qunat_com_future/lib/python3.11/site-packages/nessai/utils/logging.py:133: FutureWarning: setup_logger is deprecated, use configure_logger instead
  warnings.warn(
08-04 12:53 nessai INFO    : Running Nessai version 0.15.2
08-04 12:53 nessai INFO    : Starting multiprocessing pool with 4 processes
08-04 12:53 nessai INFO    : Initialising nested sampler
08-04 12:53 nessai WARNING : Multiprocessing pool has already been configured.
/data/wiay/postgrads/shashwat/qunat_com_future/lib/python3.11/site-packages/nessai/gw/__init__.py:12: FutureWarning: The `nessai.gw` module will be deprecated in the next release in favour of the nessai-gw package. This packages provides the same functionality as`nessai.gw` via the plugin interface.For more details, see: https://github.com/mj-will/nessai-gw
  warnings.warn(
08-04 12:53 nessai INFO    : Passing kwargs to FlowProposal: {'poolsize': 1000}
08-04 12:53 nessai INFO    : No reparameterisations provided, using default reparameterisations included in FlowProposal
08-04 12:53 nessai INFO    : Adding reparameterisations from: {}
08-04 12:53 nessai INFO    : Assuming fallback reparameterisation (ScaleAndShift) for ['kappa', 'mu_xi', 'sigma_chi', 'sigma_xi', 'rho', 'lambda_chi', 'chi0', 'xi0'] with kwargs: {'estimate_scale': True, 'estimate_shift': True, 'prior_bounds': {'kappa': array([0.1, 5. ]), 'mu_xi': array([0. , 0.1]), 'sigma_chi': array([0.05, 0.6 ]), 'sigma_xi': array([0.05, 0.4 ]), 'rho': array([-0.9,  0.9]), 'lambda_chi': array([-0.5,  0.5]), 'chi0': array([-0.5,  0.5]), 'xi0': array([2.5, 5. ])}}.
08-04 12:53 nessai INFO    : x space parameters: ['kappa', 'mu_xi', 'sigma_chi', 'sigma_xi', 'rho', 'lambda_chi', 'chi0', 'xi0']
08-04 12:53 nessai INFO    : x prime space parameters: ['kappa_prime', 'mu_xi_prime', 'sigma_chi_prime', 'sigma_xi_prime', 'rho_prime', 'lambda_chi_prime', 'chi0_prime', 'xi0_prime']
08-04 12:53 nessai INFO    : Overwriting fuzz factor with expansion fraction
08-04 12:53 nessai INFO    : New fuzz factor: 1.2228445449938519
08-04 12:53 nessai INFO    : Verifying rescaling functions
08-04 12:53 nessai INFO    : Rescaling functions are invertible
08-04 12:53 nessai INFO    : Populating initial live points
08-04 12:53 nessai INFO    : Populated 100 / 1000 live points
08-04 12:53 nessai INFO    : Populated 200 / 1000 live points
08-04 12:53 nessai INFO    : Populated 300 / 1000 live points
08-04 12:53 nessai INFO    : Populated 400 / 1000 live points
08-04 12:53 nessai INFO    : Populated 500 / 1000 live points
08-04 12:53 nessai INFO    : Populated 600 / 1000 live points
08-04 12:53 nessai INFO    : Populated 700 / 1000 live points
08-04 12:53 nessai INFO    : Populated 800 / 1000 live points
08-04 12:53 nessai INFO    : Populated 900 / 1000 live points
08-04 12:53 nessai INFO    : Populated 1000 / 1000 live points
08-04 12:53 nessai INFO    : Starting nested sampling loop
08-04 12:53 nessai INFO    : it:  1000: Rolling KS test: D=0.03, p-value=0.162
08-04 12:53 nessai INFO    : it:  1000: n eval: 3000 H: 7.91 dlogZ: 3646013.422 logZ: -3656357.942 +/- 0.089 logLmax: -10343.52
08-04 12:53 nessai INFO    : it:  2000: Rolling KS test: D=0.021, p-value=0.4082
08-04 12:53 nessai INFO    : it:  2000: n eval: 8000 H: 8.91 dlogZ: 1126072.948 logZ: -1131063.340 +/- 0.094 logLmax: -4988.39
08-04 12:53 nessai INFO    : Switching to FlowProposal
/data/wiay/postgrads/shashwat/qunat_com_future/lib/python3.11/site-packages/torch/autograd/graph.py:882: UserWarning: CUDA initialization: The NVIDIA driver on your system is too old (found version 12020). Please update your GPU driver by downloading and installing a new version from the URL: http://www.nvidia.com/Download/index.aspx Alternatively, go to: https://pytorch.org to install a PyTorch version that has been compiled with your version of the CUDA driver. (Triggered internally at /pytorch/c10/cuda/CUDAFunctions.cpp:119.)
  return Variable._execution_engine.run_backward(  # Calls into the C++ engine to run the backward pass
08-04 12:53 nessai INFO    : it:  3000: Rolling KS test: D=0.015, p-value=0.6313
08-04 12:53 nessai INFO    : it:  3000: n eval: 12217 H: 9.91 dlogZ: 442659.473 logZ: -446760.438 +/- 0.100 logLmax: -4097.97
08-04 12:53 nessai INFO    : it:  4000: Rolling KS test: D=0.04, p-value=0.03967
08-04 12:53 nessai INFO    : it:  4000: n eval: 15887 H: 10.91 dlogZ: 195002.377 logZ: -196454.480 +/- 0.104 logLmax: -1448.10
08-04 12:54 nessai INFO    : it:  5000: Rolling KS test: D=0.012, p-value=0.7438
08-04 12:54 nessai INFO    : it:  5000: n eval: 17717 H: 11.91 dlogZ: 91541.629 logZ: -92635.005 +/- 0.109 logLmax: -1088.38
08-04 12:54 nessai INFO    : it:  6000: Rolling KS test: D=0.044, p-value=0.0202
08-04 12:54 nessai INFO    : it:  6000: n eval: 21865 H: 12.91 dlogZ: 45759.249 logZ: -46134.982 +/- 0.114 logLmax: -369.73
08-04 12:54 nessai INFO    : it:  7000: Rolling KS test: D=0.019, p-value=0.4797
08-04 12:54 nessai INFO    : it:  7000: n eval: 26178 H: 13.91 dlogZ: 22207.196 logZ: -22474.558 +/- 0.118 logLmax: -260.36
08-04 12:54 nessai INFO    : it:  8000: Rolling KS test: D=0.034, p-value=0.09683
08-04 12:54 nessai INFO    : it:  8000: n eval: 31225 H: 14.76 dlogZ: 10787.385 logZ: -10983.552 +/- 0.121 logLmax: -188.17
08-04 12:54 nessai INFO    : it:  9000: Rolling KS test: D=0.014, p-value=0.6695
08-04 12:54 nessai INFO    : it:  9000: n eval: 35898 H: 15.75 dlogZ: 5756.061 logZ: -5866.637 +/- 0.126 logLmax: -101.58
08-04 12:54 nessai INFO    : it: 10000: Rolling KS test: D=0.015, p-value=0.6313
08-04 12:54 nessai INFO    : it: 10000: n eval: 41266 H: 16.48 dlogZ: 3231.515 logZ: -3343.091 +/- 0.128 logLmax: -101.58
08-04 12:54 nessai INFO    : it: 11000: Rolling KS test: D=0.02, p-value=0.4434
08-04 12:54 nessai INFO    : it: 11000: n eval: 49176 H: 16.46 dlogZ: 1916.905 logZ: -1988.366 +/- 0.128 logLmax: -60.46
08-04 12:54 nessai INFO    : it: 12000: Rolling KS test: D=0.014, p-value=0.6695
08-04 12:54 nessai INFO    : it: 12000: n eval: 51636 H: 17.04 dlogZ: 1175.265 logZ: -1218.013 +/- 0.131 logLmax: -30.75
08-04 12:54 nessai INFO    : it: 13000: Rolling KS test: D=0.016, p-value=0.593
08-04 12:54 nessai INFO    : it: 13000: n eval: 57244 H: 18.04 dlogZ: 734.141 logZ: -777.889 +/- 0.134 logLmax: -30.75
08-04 12:54 nessai INFO    : it: 14000: Rolling KS test: D=0.02, p-value=0.4434
08-04 12:54 nessai INFO    : it: 14000: n eval: 65705 H: 18.70 dlogZ: 455.326 logZ: -482.320 +/- 0.137 logLmax: -12.99
08-04 12:54 nessai INFO    : it: 15000: Rolling KS test: D=0.016, p-value=0.593
08-04 12:54 nessai INFO    : it: 15000: n eval: 71141 H: 18.68 dlogZ: 277.050 logZ: -305.043 +/- 0.137 logLmax: -12.99
08-04 12:54 nessai INFO    : it: 16000: Rolling KS test: D=0.006, p-value=0.9268
08-04 12:54 nessai INFO    : it: 16000: n eval: 76206 H: 19.32 dlogZ: 166.479 logZ: -187.335 +/- 0.139 logLmax: -4.86
08-04 12:54 nessai INFO    : it: 17000: Rolling KS test: D=0.033, p-value=0.1108
08-04 12:54 nessai INFO    : it: 17000: n eval: 81794 H: 19.73 dlogZ: 100.961 logZ: -122.816 +/- 0.140 logLmax: -4.86
08-04 12:54 nessai INFO    : it: 18000: Rolling KS test: D=0.004, p-value=0.9659
08-04 12:55 nessai INFO    : it: 18000: n eval: 88761 H: 20.32 dlogZ: 61.675 logZ: -84.531 +/- 0.143 logLmax: -4.86
08-04 12:55 nessai INFO    : it: 19000: Rolling KS test: D=0.01, p-value=0.8133
08-04 12:55 nessai INFO    : it: 19000: n eval: 98229 H: 20.85 dlogZ: 39.738 logZ: -61.550 +/- 0.144 logLmax: -2.81
08-04 12:55 nessai INFO    : it: 20000: Rolling KS test: D=0.023, p-value=0.3419
08-04 12:55 nessai INFO    : it: 20000: n eval: 106414 H: 21.34 dlogZ: 24.783 logZ: -47.595 +/- 0.146 logLmax: -2.81
08-04 12:55 nessai INFO    : it: 21000: Rolling KS test: D=0.023, p-value=0.3419
08-04 12:55 nessai INFO    : it: 21000: n eval: 119345 H: 21.82 dlogZ: 15.955 logZ: -39.472 +/- 0.148 logLmax: -2.52
08-04 12:55 nessai INFO    : it: 22000: Rolling KS test: D=0.036, p-value=0.07308
08-04 12:55 nessai INFO    : it: 22000: n eval: 132837 H: 22.22 dlogZ: 10.227 logZ: -34.465 +/- 0.149 logLmax: -2.24
08-04 12:55 nessai INFO    : it: 23000: Rolling KS test: D=0.032, p-value=0.1263
08-04 12:55 nessai INFO    : it: 23000: n eval: 151256 H: 22.63 dlogZ: 6.472 logZ: -31.486 +/- 0.150 logLmax: -2.02
08-04 12:55 nessai INFO    : it: 24000: Rolling KS test: D=0.011, p-value=0.7794
08-04 12:55 nessai INFO    : it: 24000: n eval: 169016 H: 22.95 dlogZ: 3.823 logZ: -29.816 +/- 0.151 logLmax: -2.02
08-04 12:55 nessai INFO    : it: 25000: Rolling KS test: D=0.014, p-value=0.6695
08-04 12:55 nessai INFO    : it: 25000: n eval: 201518 H: 23.20 dlogZ: 2.242 logZ: -28.924 +/- 0.152 logLmax: -1.80
08-04 12:55 nessai INFO    : it: 26000: Rolling KS test: D=0.037, p-value=0.06311
08-04 12:56 nessai INFO    : it: 26000: n eval: 233969 H: 23.41 dlogZ: 1.325 logZ: -28.447 +/- 0.153 logLmax: -1.43
08-04 12:56 nessai INFO    : it: 27000: Rolling KS test: D=0.026, p-value=0.2543
08-04 12:56 nessai INFO    : it: 27000: n eval: 271704 H: 23.55 dlogZ: 0.584 logZ: -28.200 +/- 0.153 logLmax: -1.43
08-04 12:56 nessai INFO    : it: 28000: Rolling KS test: D=0.007, p-value=0.9024
08-04 12:56 nessai INFO    : it: 28000: n eval: 300748 H: 23.65 dlogZ: 0.277 logZ: -28.076 +/- 0.154 logLmax: -1.22
08-04 12:56 nessai INFO    : it: 29000: Rolling KS test: D=0.007, p-value=0.9024
08-04 12:56 nessai INFO    : it: 29000: n eval: 348989 H: 23.70 dlogZ: 0.105 logZ: -28.016 +/- 0.154 logLmax: -1.22
08-04 12:56 nessai INFO    : Stopping with difference_log_evidence=0.100
08-04 12:56 nessai INFO    : Finalising
08-04 12:56 nessai INFO    : Final ln-evidence: -27.969 +/- 0.154
08-04 12:56 nessai INFO    : Information: 23.77
08-04 12:56 nessai INFO    : Final KS test: D=0.006897, p-value=0.06279
08-04 12:56 nessai INFO    : Checkpointing nested sampling
08-04 12:56 nessai INFO    : Total sampling time: 0:02:56.154851
08-04 12:56 nessai INFO    : Total training time: 0:00:59.147893
08-04 12:56 nessai INFO    : Total population time: 0:00:45.749449
08-04 12:56 nessai INFO    : Total likelihood evaluations: 348989
08-04 12:56 nessai INFO    : Time spent evaluating likelihood: 0:00:20.459065
08-04 12:56 nessai INFO    : Total sampling time: 0:02:56.154851
08-04 12:56 nessai INFO    : Total likelihood evaluations: 348989
08-04 12:56 nessai INFO    : Starting post processing
08-04 12:56 nessai INFO    : Computing posterior samples
08-04 12:56 nessai INFO    : Effective sample size: 5774.2
08-04 12:56 nessai INFO    : Producing posterior samples using rejection sampling
08-04 12:56 nessai INFO    : Expect 4018.283486616754 samples from rejection sampling
08-04 12:56 nessai INFO    : Returned 4025 posterior samples
08-04 12:56 nessai INFO    : Starting to close worker pool.
08-04 12:56 nessai INFO    : Finished closing worker pool.
