/data/wiay/postgrads/shashwat/qunat_com_future/lib/python3.11/site-packages/nessai/utils/logging.py:133: FutureWarning: setup_logger is deprecated, use configure_logger instead
  warnings.warn(
08-04 11:46 nessai INFO    : Running Nessai version 0.15.2
08-04 11:46 nessai INFO    : Starting multiprocessing pool with 4 processes
08-04 11:46 nessai INFO    : Initialising nested sampler
08-04 11:46 nessai WARNING : Multiprocessing pool has already been configured.
/data/wiay/postgrads/shashwat/qunat_com_future/lib/python3.11/site-packages/nessai/gw/__init__.py:12: FutureWarning: The `nessai.gw` module will be deprecated in the next release in favour of the nessai-gw package. This packages provides the same functionality as`nessai.gw` via the plugin interface.For more details, see: https://github.com/mj-will/nessai-gw
  warnings.warn(
08-04 11:46 nessai INFO    : Passing kwargs to FlowProposal: {'poolsize': 1000}
08-04 11:46 nessai INFO    : No reparameterisations provided, using default reparameterisations included in FlowProposal
08-04 11:46 nessai INFO    : Adding reparameterisations from: {}
08-04 11:46 nessai INFO    : Assuming fallback reparameterisation (ScaleAndShift) for ['kappa', 'mu_xi', 'sigma_chi', 'sigma_xi', 'rho', 'lambda_chi', 'chi0', 'xi0'] with kwargs: {'estimate_scale': True, 'estimate_shift': True, 'prior_bounds': {'kappa': array([0.1, 5. ]), 'mu_xi': array([0. , 0.1]), 'sigma_chi': array([0.05, 0.6 ]), 'sigma_xi': array([0.05, 0.4 ]), 'rho': array([-0.9,  0.9]), 'lambda_chi': array([-0.5,  0.5]), 'chi0': array([-0.5,  0.5]), 'xi0': array([2.5, 5. ])}}.
08-04 11:46 nessai INFO    : x space parameters: ['kappa', 'mu_xi', 'sigma_chi', 'sigma_xi', 'rho', 'lambda_chi', 'chi0', 'xi0']
08-04 11:46 nessai INFO    : x prime space parameters: ['kappa_prime', 'mu_xi_prime', 'sigma_chi_prime', 'sigma_xi_prime', 'rho_prime', 'lambda_chi_prime', 'chi0_prime', 'xi0_prime']
08-04 11:46 nessai INFO    : Overwriting fuzz factor with expansion fraction
08-04 11:46 nessai INFO    : New fuzz factor: 1.2228445449938519
08-04 11:46 nessai INFO    : Verifying rescaling functions
08-04 11:46 nessai INFO    : Rescaling functions are invertible
08-04 11:46 nessai INFO    : Populating initial live points
08-04 11:46 nessai INFO    : Populated 100 / 1000 live points
08-04 11:46 nessai INFO    : Populated 200 / 1000 live points
08-04 11:46 nessai INFO    : Populated 300 / 1000 live points
08-04 11:46 nessai INFO    : Populated 400 / 1000 live points
08-04 11:46 nessai INFO    : Populated 500 / 1000 live points
08-04 11:46 nessai INFO    : Populated 600 / 1000 live points
08-04 11:46 nessai INFO    : Populated 700 / 1000 live points
08-04 11:46 nessai INFO    : Populated 800 / 1000 live points
08-04 11:46 nessai INFO    : Populated 900 / 1000 live points
08-04 11:46 nessai INFO    : Populated 1000 / 1000 live points
08-04 11:46 nessai INFO    : Starting nested sampling loop
08-04 11:46 nessai INFO    : it:  1000: Rolling KS test: D=0.009, p-value=0.8454
08-04 11:46 nessai INFO    : it:  1000: n eval: 3000 H: 7.91 dlogZ: 146317073.100 logZ: -147413554.300 +/- 0.089 logLmax: -1096480.20
08-04 11:46 nessai INFO    : it:  2000: Rolling KS test: D=0.017, p-value=0.5547
08-04 11:46 nessai INFO    : it:  2000: n eval: 8000 H: 8.91 dlogZ: 38318901.365 logZ: -39415383.565 +/- 0.094 logLmax: -1096480.20
08-04 11:46 nessai INFO    : Switching to FlowProposal
08-04 11:47 nessai INFO    : it:  3000: Rolling KS test: D=0.013, p-value=0.7071
08-04 11:47 nessai INFO    : it:  3000: n eval: 12111 H: 9.91 dlogZ: 14735868.695 logZ: -15334289.546 +/- 0.100 logLmax: -598417.85
08-04 11:47 nessai INFO    : it:  4000: Rolling KS test: D=0.028, p-value=0.2046
08-04 11:47 nessai INFO    : it:  4000: n eval: 15675 H: 10.91 dlogZ: 7576758.054 logZ: -8153328.622 +/- 0.104 logLmax: -576566.57
08-04 11:47 nessai INFO    : it:  5000: Rolling KS test: D=0.012, p-value=0.7438
08-04 11:47 nessai INFO    : it:  5000: n eval: 19921 H: 11.91 dlogZ: 4990198.371 logZ: -5230499.542 +/- 0.109 logLmax: -240296.17
08-04 11:47 nessai INFO    : it:  6000: Rolling KS test: D=0.018, p-value=0.5169
08-04 11:47 nessai INFO    : it:  6000: n eval: 22124 H: 12.91 dlogZ: 3422700.850 logZ: -3588349.266 +/- 0.114 logLmax: -165642.42
08-04 11:47 nessai INFO    : it:  7000: Rolling KS test: D=0.012, p-value=0.7438
08-04 11:47 nessai INFO    : it:  7000: n eval: 26556 H: 13.91 dlogZ: 2347430.524 logZ: -2473613.715 +/- 0.118 logLmax: -126176.19
08-04 11:47 nessai INFO    : it:  8000: Rolling KS test: D=0.033, p-value=0.1108
08-04 11:47 nessai INFO    : it:  8000: n eval: 30778 H: 14.91 dlogZ: 1608783.094 logZ: -1707325.313 +/- 0.122 logLmax: -98534.22
08-04 11:47 nessai INFO    : it:  9000: Rolling KS test: D=0.016, p-value=0.593
08-04 11:47 nessai INFO    : it:  9000: n eval: 35070 H: 15.91 dlogZ: 1064912.171 logZ: -1110471.329 +/- 0.126 logLmax: -45550.16
08-04 11:47 nessai INFO    : it: 10000: Rolling KS test: D=0.03, p-value=0.162
08-04 11:47 nessai INFO    : it: 10000: n eval: 39567 H: 16.91 dlogZ: 707528.513 logZ: -726415.661 +/- 0.130 logLmax: -18877.15
08-04 11:47 nessai INFO    : it: 11000: Rolling KS test: D=0.022, p-value=0.3744
08-04 11:47 nessai INFO    : it: 11000: n eval: 43819 H: 17.91 dlogZ: 460018.070 logZ: -475161.674 +/- 0.134 logLmax: -15132.61
08-04 11:47 nessai INFO    : it: 12000: Rolling KS test: D=0.042, p-value=0.02854
08-04 11:47 nessai INFO    : it: 12000: n eval: 47967 H: 18.91 dlogZ: 294249.323 logZ: -309393.927 +/- 0.138 logLmax: -15132.61
08-04 11:47 nessai INFO    : it: 13000: Rolling KS test: D=0.034, p-value=0.09683
08-04 11:47 nessai INFO    : it: 13000: n eval: 50014 H: 19.91 dlogZ: 182260.609 logZ: -197406.214 +/- 0.141 logLmax: -15132.61
08-04 11:47 nessai INFO    : it: 14000: Rolling KS test: D=0.027, p-value=0.2286
08-04 11:47 nessai INFO    : it: 14000: n eval: 54195 H: 20.91 dlogZ: 120722.839 logZ: -124834.341 +/- 0.145 logLmax: -4097.50
08-04 11:47 nessai INFO    : it: 15000: Rolling KS test: D=0.026, p-value=0.2543
08-04 11:47 nessai INFO    : it: 15000: n eval: 58377 H: 21.91 dlogZ: 75680.688 logZ: -79793.190 +/- 0.148 logLmax: -4097.50
08-04 11:47 nessai INFO    : it: 16000: Rolling KS test: D=0.051, p-value=0.005312
08-04 11:47 nessai INFO    : it: 16000: n eval: 62620 H: 22.55 dlogZ: 49695.197 logZ: -51819.654 +/- 0.150 logLmax: -2108.46
08-04 11:47 nessai INFO    : it: 17000: Rolling KS test: D=0.03, p-value=0.162
08-04 11:47 nessai INFO    : it: 17000: n eval: 67238 H: 23.90 dlogZ: 32511.251 logZ: -32768.875 +/- 0.155 logLmax: -240.63
08-04 11:47 nessai INFO    : it: 18000: Rolling KS test: D=0.017, p-value=0.5547
08-04 11:47 nessai INFO    : it: 18000: n eval: 71632 H: 24.40 dlogZ: 20530.047 logZ: -20788.671 +/- 0.156 logLmax: -240.63
08-04 11:47 nessai INFO    : it: 19000: Rolling KS test: D=0.041, p-value=0.03371
08-04 11:47 nessai INFO    : it: 19000: n eval: 76297 H: 25.68 dlogZ: 12914.160 logZ: -13173.784 +/- 0.160 logLmax: -240.63
08-04 11:47 nessai INFO    : it: 20000: Rolling KS test: D=0.015, p-value=0.6313
08-04 11:47 nessai INFO    : it: 20000: n eval: 80860 H: 26.22 dlogZ: 7899.411 logZ: -8160.035 +/- 0.162 logLmax: -240.63
08-04 11:47 nessai INFO    : it: 21000: Rolling KS test: D=0.024, p-value=0.311
08-04 11:47 nessai INFO    : it: 21000: n eval: 83522 H: 27.55 dlogZ: 4756.564 logZ: -5018.188 +/- 0.166 logLmax: -240.63
08-04 11:47 nessai INFO    : it: 22000: Rolling KS test: D=0.028, p-value=0.2046
08-04 11:47 nessai INFO    : it: 22000: n eval: 90699 H: 27.52 dlogZ: 2925.469 logZ: -3095.728 +/- 0.166 logLmax: -148.26
08-04 11:47 nessai INFO    : it: 23000: Rolling KS test: D=0.023, p-value=0.3419
08-04 11:47 nessai INFO    : it: 23000: n eval: 96519 H: 28.75 dlogZ: 1699.304 logZ: -1820.801 +/- 0.170 logLmax: -98.50
08-04 11:47 nessai INFO    : it: 24000: Rolling KS test: D=0.033, p-value=0.1108
08-04 11:47 nessai INFO    : it: 24000: n eval: 102448 H: 29.26 dlogZ: 1043.465 logZ: -1116.404 +/- 0.171 logLmax: -48.94
08-04 11:47 nessai INFO    : it: 25000: Rolling KS test: D=0.051, p-value=0.005312
08-04 11:47 nessai INFO    : it: 25000: n eval: 112756 H: 29.61 dlogZ: 640.102 logZ: -704.883 +/- 0.172 logLmax: -39.78
08-04 11:47 nessai INFO    : it: 26000: Rolling KS test: D=0.024, p-value=0.311
08-04 11:47 nessai INFO    : it: 26000: n eval: 121635 H: 30.04 dlogZ: 400.898 logZ: -450.606 +/- 0.173 logLmax: -23.71
08-04 11:47 nessai INFO    : it: 27000: Rolling KS test: D=0.019, p-value=0.4797
08-04 11:47 nessai INFO    : it: 27000: n eval: 132371 H: 30.85 dlogZ: 245.485 logZ: -296.194 +/- 0.176 logLmax: -23.71
08-04 11:47 nessai INFO    : it: 28000: Rolling KS test: D=0.023, p-value=0.3419
08-04 11:48 nessai INFO    : it: 28000: n eval: 140053 H: 31.15 dlogZ: 154.291 logZ: -204.691 +/- 0.176 logLmax: -22.40
08-04 11:48 nessai INFO    : it: 29000: Rolling KS test: D=0.039, p-value=0.0465
08-04 11:48 nessai INFO    : it: 29000: n eval: 158175 H: 31.71 dlogZ: 101.803 logZ: -149.374 +/- 0.178 logLmax: -18.57
08-04 11:48 nessai INFO    : it: 30000: Rolling KS test: D=0.032, p-value=0.1263
08-04 11:48 nessai INFO    : it: 30000: n eval: 176694 H: 32.21 dlogZ: 74.022 logZ: -114.742 +/- 0.179 logLmax: -10.72
08-04 11:48 nessai INFO    : it: 31000: Rolling KS test: D=0.028, p-value=0.2046
08-04 11:48 nessai INFO    : it: 31000: n eval: 193109 H: 32.81 dlogZ: 50.980 logZ: -92.700 +/- 0.181 logLmax: -10.72
08-04 11:48 nessai INFO    : it: 32000: Rolling KS test: D=0.026, p-value=0.2543
08-04 11:48 nessai INFO    : it: 32000: n eval: 212772 H: 33.43 dlogZ: 36.178 logZ: -78.897 +/- 0.183 logLmax: -10.72
08-04 11:48 nessai INFO    : it: 33000: Rolling KS test: D=0.022, p-value=0.3744
08-04 11:48 nessai INFO    : it: 33000: n eval: 233479 H: 33.95 dlogZ: 25.298 logZ: -68.863 +/- 0.184 logLmax: -10.57
08-04 11:48 nessai INFO    : it: 34000: Rolling KS test: D=0.021, p-value=0.4082
08-04 11:48 nessai INFO    : it: 34000: n eval: 254267 H: 34.57 dlogZ: 18.089 logZ: -62.654 +/- 0.186 logLmax: -10.57
08-04 11:48 nessai INFO    : it: 35000: Rolling KS test: D=0.031, p-value=0.1433
08-04 11:48 nessai INFO    : it: 35000: n eval: 282703 H: 35.15 dlogZ: 12.943 logZ: -58.180 +/- 0.187 logLmax: -10.24
08-04 11:48 nessai INFO    : it: 36000: Rolling KS test: D=0.016, p-value=0.593
08-04 11:48 nessai INFO    : it: 36000: n eval: 302834 H: 35.68 dlogZ: 11.104 logZ: -55.174 +/- 0.189 logLmax: -8.07
08-04 11:48 nessai INFO    : it: 37000: Rolling KS test: D=0.006, p-value=0.9268
08-04 11:48 nessai INFO    : it: 37000: n eval: 325536 H: 36.25 dlogZ: 8.000 logZ: -53.069 +/- 0.190 logLmax: -8.07
08-04 11:48 nessai INFO    : it: 38000: Rolling KS test: D=0.017, p-value=0.5547
08-04 11:48 nessai INFO    : it: 38000: n eval: 351772 H: 36.72 dlogZ: 5.599 logZ: -51.665 +/- 0.192 logLmax: -8.07
08-04 11:48 nessai INFO    : it: 39000: Rolling KS test: D=0.027, p-value=0.2286
08-04 11:48 nessai INFO    : it: 39000: n eval: 382841 H: 37.14 dlogZ: 3.717 logZ: -50.762 +/- 0.193 logLmax: -8.07
08-04 11:48 nessai INFO    : it: 40000: Rolling KS test: D=0.029, p-value=0.1825
08-04 11:48 nessai INFO    : it: 40000: n eval: 406552 H: 37.47 dlogZ: 2.241 logZ: -50.198 +/- 0.194 logLmax: -8.07
08-04 11:48 nessai INFO    : it: 41000: Rolling KS test: D=0.013, p-value=0.7071
08-04 11:49 nessai INFO    : it: 41000: n eval: 441250 H: 37.74 dlogZ: 1.191 logZ: -49.858 +/- 0.194 logLmax: -8.03
08-04 11:49 nessai INFO    : it: 42000: Rolling KS test: D=0.012, p-value=0.7438
08-04 11:49 nessai INFO    : it: 42000: n eval: 480033 H: 37.94 dlogZ: 0.886 logZ: -49.661 +/- 0.195 logLmax: -7.31
08-04 11:49 nessai INFO    : it: 43000: Rolling KS test: D=0.026, p-value=0.2543
08-04 11:49 nessai INFO    : it: 43000: n eval: 540033 H: 38.08 dlogZ: 0.420 logZ: -49.550 +/- 0.195 logLmax: -7.20
08-04 11:49 nessai INFO    : it: 44000: Rolling KS test: D=0.018, p-value=0.5169
08-04 11:49 nessai INFO    : it: 44000: n eval: 578522 H: 38.17 dlogZ: 0.166 logZ: -49.490 +/- 0.195 logLmax: -7.20
08-04 11:49 nessai INFO    : Stopping with difference_log_evidence=0.100
08-04 11:49 nessai INFO    : Finalising
08-04 11:49 nessai INFO    : Final ln-evidence: -49.433 +/- 0.196
08-04 11:49 nessai INFO    : Information: 38.28
08-04 11:49 nessai INFO    : Final KS test: D=0.01021, p-value=9.305e-05
08-04 11:49 nessai WARNING : Final p-value for the insertion indices is less than 0.05, this could be an indication of problems during sampling. Consider checking the diagnostic plots.
08-04 11:49 nessai INFO    : Checkpointing nested sampling
08-04 11:49 nessai INFO    : Total sampling time: 0:02:27.686048
08-04 11:49 nessai INFO    : Total training time: 0:00:51.449008
08-04 11:49 nessai INFO    : Total population time: 0:00:35.600648
08-04 11:49 nessai INFO    : Total likelihood evaluations: 618522
08-04 11:49 nessai INFO    : Time spent evaluating likelihood: 0:00:11.882599
08-04 11:49 nessai INFO    : Total sampling time: 0:02:27.686048
08-04 11:49 nessai INFO    : Total likelihood evaluations: 618522
08-04 11:49 nessai INFO    : Starting post processing
08-04 11:49 nessai INFO    : Computing posterior samples
08-04 11:49 nessai INFO    : Effective sample size: 6976.0
08-04 11:49 nessai INFO    : Producing posterior samples using rejection sampling
08-04 11:49 nessai INFO    : Expect 4834.980718869756 samples from rejection sampling
08-04 11:49 nessai INFO    : Returned 4830 posterior samples
08-04 11:49 nessai INFO    : Starting to close worker pool.
08-04 11:49 nessai INFO    : Finished closing worker pool.
