/data/wiay/postgrads/shashwat/qunat_com_future/lib/python3.11/site-packages/nessai/utils/logging.py:133: FutureWarning: setup_logger is deprecated, use configure_logger instead
  warnings.warn(
08-04 09:45 nessai INFO    : Running Nessai version 0.15.2
08-04 09:45 nessai INFO    : Starting multiprocessing pool with 4 processes
08-04 09:45 nessai INFO    : Initialising nested sampler
08-04 09:45 nessai WARNING : Multiprocessing pool has already been configured.
/data/wiay/postgrads/shashwat/qunat_com_future/lib/python3.11/site-packages/nessai/gw/__init__.py:12: FutureWarning: The `nessai.gw` module will be deprecated in the next release in favour of the nessai-gw package. This packages provides the same functionality as`nessai.gw` via the plugin interface.For more details, see: https://github.com/mj-will/nessai-gw
  warnings.warn(
08-04 09:45 nessai INFO    : Passing kwargs to FlowProposal: {'poolsize': 1000}
08-04 09:45 nessai INFO    : No reparameterisations provided, using default reparameterisations included in FlowProposal
08-04 09:45 nessai INFO    : Adding reparameterisations from: {}
08-04 09:45 nessai INFO    : Assuming fallback reparameterisation (ScaleAndShift) for ['kappa', 'mu_xi', 'sigma_chi', 'sigma_xi', 'rho', 'lambda_chi', 'chi0', 'xi0'] with kwargs: {'estimate_scale': True, 'estimate_shift': True, 'prior_bounds': {'kappa': array([0.1, 5. ]), 'mu_xi': array([0. , 0.1]), 'sigma_chi': array([0.05, 0.6 ]), 'sigma_xi': array([0.05, 0.4 ]), 'rho': array([-0.9,  0.9]), 'lambda_chi': array([-0.5,  0.5]), 'chi0': array([-0.5,  0.5]), 'xi0': array([2.5, 5. ])}}.
08-04 09:45 nessai INFO    : x space parameters: ['kappa', 'mu_xi', 'sigma_chi', 'sigma_xi', 'rho', 'lambda_chi', 'chi0', 'xi0']
08-04 09:45 nessai INFO    : x prime space parameters: ['kappa_prime', 'mu_xi_prime', 'sigma_chi_prime', 'sigma_xi_prime', 'rho_prime', 'lambda_chi_prime', 'chi0_prime', 'xi0_prime']
08-04 09:45 nessai INFO    : Overwriting fuzz factor with expansion fraction
08-04 09:45 nessai INFO    : New fuzz factor: 1.2228445449938519
08-04 09:45 nessai INFO    : Verifying rescaling functions
08-04 09:45 nessai INFO    : Rescaling functions are invertible
08-04 09:45 nessai INFO    : Populating initial live points
08-04 09:45 nessai INFO    : Populated 100 / 1000 live points
08-04 09:45 nessai INFO    : Populated 200 / 1000 live points
08-04 09:45 nessai INFO    : Populated 300 / 1000 live points
08-04 09:45 nessai INFO    : Populated 400 / 1000 live points
08-04 09:45 nessai INFO    : Populated 500 / 1000 live points
08-04 09:45 nessai INFO    : Populated 600 / 1000 live points
08-04 09:45 nessai INFO    : Populated 700 / 1000 live points
08-04 09:45 nessai INFO    : Populated 800 / 1000 live points
08-04 09:45 nessai INFO    : Populated 900 / 1000 live points
08-04 09:45 nessai INFO    : Populated 1000 / 1000 live points
08-04 09:45 nessai INFO    : Starting nested sampling loop
08-04 09:45 nessai INFO    : it:  1000: Rolling KS test: D=0.023, p-value=0.3419
08-04 09:45 nessai INFO    : it:  1000: n eval: 3000 H: 7.91 dlogZ: 25428685.778 logZ: -25504294.603 +/- 0.089 logLmax: -75607.83
08-04 09:45 nessai INFO    : it:  2000: Rolling KS test: D=0.017, p-value=0.5547
08-04 09:45 nessai INFO    : it:  2000: n eval: 7000 H: 8.91 dlogZ: 11103619.192 logZ: -11179229.017 +/- 0.094 logLmax: -75607.83
08-04 09:45 nessai INFO    : Switching to FlowProposal
08-04 09:45 nessai INFO    : it:  3000: Rolling KS test: D=0.013, p-value=0.7071
08-04 09:45 nessai INFO    : it:  3000: n eval: 11100 H: 9.91 dlogZ: 5449100.578 logZ: -5452910.844 +/- 0.100 logLmax: -3807.27
08-04 09:45 nessai INFO    : it:  4000: Rolling KS test: D=0.017, p-value=0.5547
08-04 09:45 nessai INFO    : it:  4000: n eval: 14934 H: 10.91 dlogZ: 2812206.537 logZ: -2816017.803 +/- 0.104 logLmax: -3807.27
08-04 09:45 nessai INFO    : it:  5000: Rolling KS test: D=0.011, p-value=0.7794
08-04 09:45 nessai INFO    : it:  5000: n eval: 18990 H: 11.91 dlogZ: 1339152.900 logZ: -1342965.166 +/- 0.109 logLmax: -3807.27
08-04 09:45 nessai INFO    : it:  6000: Rolling KS test: D=0.017, p-value=0.5547
08-04 09:45 nessai INFO    : it:  6000: n eval: 21028 H: 12.91 dlogZ: 635557.862 logZ: -639371.127 +/- 0.114 logLmax: -3807.27
08-04 09:45 nessai INFO    : it:  7000: Rolling KS test: D=0.019, p-value=0.4797
08-04 09:45 nessai INFO    : it:  7000: n eval: 25337 H: 13.91 dlogZ: 293542.686 logZ: -297356.951 +/- 0.118 logLmax: -3807.27
08-04 09:45 nessai INFO    : it:  8000: Rolling KS test: D=0.008, p-value=0.8752
08-04 09:45 nessai INFO    : it:  8000: n eval: 29575 H: 14.91 dlogZ: 151048.138 logZ: -153345.721 +/- 0.122 logLmax: -2289.58
08-04 09:45 nessai INFO    : it:  9000: Rolling KS test: D=0.018, p-value=0.5169
08-04 09:45 nessai INFO    : it:  9000: n eval: 34166 H: 15.91 dlogZ: 78552.518 logZ: -79491.457 +/- 0.126 logLmax: -929.94
08-04 09:45 nessai INFO    : it: 10000: Rolling KS test: D=0.011, p-value=0.7794
08-04 09:45 nessai INFO    : it: 10000: n eval: 38742 H: 16.91 dlogZ: 40232.125 logZ: -41160.058 +/- 0.130 logLmax: -917.93
08-04 09:46 nessai INFO    : it: 11000: Rolling KS test: D=0.03, p-value=0.162
08-04 09:46 nessai INFO    : it: 11000: n eval: 43505 H: 17.91 dlogZ: 21190.030 logZ: -21478.513 +/- 0.134 logLmax: -277.48
08-04 09:46 nessai INFO    : it: 12000: Rolling KS test: D=0.02, p-value=0.4434
08-04 09:46 nessai INFO    : it: 12000: n eval: 48343 H: 18.91 dlogZ: 11690.231 logZ: -11900.100 +/- 0.138 logLmax: -197.87
08-04 09:46 nessai INFO    : it: 13000: Rolling KS test: D=0.032, p-value=0.1263
08-04 09:46 nessai INFO    : it: 13000: n eval: 53987 H: 19.26 dlogZ: 6612.439 logZ: -6768.033 +/- 0.139 logLmax: -142.60
08-04 09:46 nessai INFO    : it: 14000: Rolling KS test: D=0.006, p-value=0.9268
08-04 09:46 nessai INFO    : it: 14000: n eval: 61508 H: 20.81 dlogZ: 3902.938 logZ: -4036.449 +/- 0.144 logLmax: -119.51
08-04 09:46 nessai INFO    : it: 15000: Rolling KS test: D=0.029, p-value=0.1825
08-04 09:46 nessai INFO    : it: 15000: n eval: 66875 H: 20.85 dlogZ: 2367.267 logZ: -2450.137 +/- 0.144 logLmax: -67.87
08-04 09:46 nessai INFO    : it: 16000: Rolling KS test: D=0.03, p-value=0.162
08-04 09:46 nessai INFO    : it: 16000: n eval: 71647 H: 21.72 dlogZ: 1449.447 logZ: -1498.361 +/- 0.147 logLmax: -32.92
08-04 09:46 nessai INFO    : it: 17000: Rolling KS test: D=0.016, p-value=0.593
08-04 09:46 nessai INFO    : it: 17000: n eval: 77161 H: 22.00 dlogZ: 864.611 logZ: -908.151 +/- 0.148 logLmax: -26.54
08-04 09:46 nessai INFO    : it: 18000: Rolling KS test: D=0.016, p-value=0.593
08-04 09:46 nessai INFO    : it: 18000: n eval: 83424 H: 22.96 dlogZ: 513.056 logZ: -550.272 +/- 0.152 logLmax: -19.22
08-04 09:46 nessai INFO    : it: 19000: Rolling KS test: D=0.025, p-value=0.2818
08-04 09:46 nessai INFO    : it: 19000: n eval: 89193 H: 23.19 dlogZ: 298.566 logZ: -335.914 +/- 0.152 logLmax: -18.35
08-04 09:46 nessai INFO    : it: 20000: Rolling KS test: D=0.029, p-value=0.1825
08-04 09:46 nessai INFO    : it: 20000: n eval: 98673 H: 23.69 dlogZ: 187.031 logZ: -211.486 +/- 0.154 logLmax: -4.46
08-04 09:46 nessai INFO    : it: 21000: Rolling KS test: D=0.016, p-value=0.593
08-04 09:46 nessai INFO    : it: 21000: n eval: 105184 H: 24.15 dlogZ: 109.255 logZ: -134.710 +/- 0.155 logLmax: -4.46
08-04 09:46 nessai INFO    : it: 22000: Rolling KS test: D=0.01, p-value=0.8133
08-04 09:46 nessai INFO    : it: 22000: n eval: 115426 H: 24.40 dlogZ: 67.959 logZ: -94.414 +/- 0.156 logLmax: -4.46
08-04 09:46 nessai INFO    : it: 23000: Rolling KS test: D=0.018, p-value=0.5169
08-04 09:46 nessai INFO    : it: 23000: n eval: 128549 H: 24.97 dlogZ: 42.853 logZ: -68.421 +/- 0.158 logLmax: -2.57
08-04 09:46 nessai INFO    : it: 24000: Rolling KS test: D=0.021, p-value=0.4082
08-04 09:46 nessai INFO    : it: 24000: n eval: 147900 H: 25.40 dlogZ: 27.084 logZ: -53.652 +/- 0.159 logLmax: -2.57
08-04 09:46 nessai INFO    : it: 25000: Rolling KS test: D=0.036, p-value=0.07308
08-04 09:46 nessai INFO    : it: 25000: n eval: 165510 H: 25.84 dlogZ: 17.987 logZ: -44.552 +/- 0.161 logLmax: -1.57
08-04 09:46 nessai INFO    : it: 26000: Rolling KS test: D=0.029, p-value=0.1825
08-04 09:46 nessai INFO    : it: 26000: n eval: 199022 H: 26.28 dlogZ: 11.932 logZ: -39.204 +/- 0.162 logLmax: -1.27
08-04 09:46 nessai INFO    : it: 27000: Rolling KS test: D=0.02, p-value=0.4434
08-04 09:46 nessai INFO    : it: 27000: n eval: 227607 H: 26.70 dlogZ: 7.992 logZ: -36.081 +/- 0.163 logLmax: -1.09
08-04 09:46 nessai INFO    : it: 28000: Rolling KS test: D=0.018, p-value=0.5169
08-04 09:46 nessai INFO    : it: 28000: n eval: 261385 H: 27.09 dlogZ: 5.321 logZ: -34.189 +/- 0.165 logLmax: -0.87
08-04 09:46 nessai INFO    : it: 29000: Rolling KS test: D=0.035, p-value=0.08429
08-04 09:46 nessai INFO    : it: 29000: n eval: 286654 H: 27.44 dlogZ: 3.438 logZ: -33.085 +/- 0.166 logLmax: -0.68
08-04 09:47 nessai INFO    : it: 30000: Rolling KS test: D=0.015, p-value=0.6313
08-04 09:47 nessai INFO    : it: 30000: n eval: 322375 H: 27.72 dlogZ: 1.980 logZ: -32.450 +/- 0.166 logLmax: -0.62
08-04 09:47 nessai INFO    : it: 31000: Rolling KS test: D=0.028, p-value=0.2046
08-04 09:47 nessai INFO    : it: 31000: n eval: 360967 H: 27.95 dlogZ: 0.954 logZ: -32.085 +/- 0.167 logLmax: -0.62
08-04 09:47 nessai INFO    : it: 32000: Rolling KS test: D=0.034, p-value=0.09683
08-04 09:47 nessai INFO    : it: 32000: n eval: 418384 H: 28.12 dlogZ: 0.418 logZ: -31.883 +/- 0.168 logLmax: -0.54
08-04 09:47 nessai INFO    : it: 33000: Rolling KS test: D=0.018, p-value=0.5169
08-04 09:47 nessai INFO    : it: 33000: n eval: 455312 H: 28.23 dlogZ: 0.175 logZ: -31.779 +/- 0.168 logLmax: -0.43
08-04 09:47 nessai INFO    : Stopping with difference_log_evidence=0.100
08-04 09:47 nessai INFO    : Finalising
08-04 09:47 nessai INFO    : Final ln-evidence: -31.688 +/- 0.168
08-04 09:47 nessai INFO    : Information: 28.35
08-04 09:47 nessai INFO    : Final KS test: D=0.005282, p-value=0.1531
08-04 09:47 nessai INFO    : Checkpointing nested sampling
08-04 09:47 nessai INFO    : Total sampling time: 0:01:42.013536
08-04 09:47 nessai INFO    : Total training time: 0:00:32.721896
08-04 09:47 nessai INFO    : Total population time: 0:00:29.790097
08-04 09:47 nessai INFO    : Total likelihood evaluations: 494366
08-04 09:47 nessai INFO    : Time spent evaluating likelihood: 0:00:07.937173
08-04 09:47 nessai INFO    : Total sampling time: 0:01:42.013536
08-04 09:47 nessai INFO    : Total likelihood evaluations: 494366
08-04 09:47 nessai INFO    : Starting post processing
08-04 09:47 nessai INFO    : Computing posterior samples
08-04 09:47 nessai INFO    : Effective sample size: 6232.8
08-04 09:47 nessai INFO    : Producing posterior samples using rejection sampling
08-04 09:47 nessai INFO    : Expect 4414.950716533654 samples from rejection sampling
08-04 09:47 nessai INFO    : Returned 4401 posterior samples
08-04 09:47 nessai INFO    : Starting to close worker pool.
08-04 09:47 nessai INFO    : Finished closing worker pool.
