/data/wiay/postgrads/shashwat/qunat_com_future/lib/python3.11/site-packages/nessai/utils/logging.py:133: FutureWarning: setup_logger is deprecated, use configure_logger instead
  warnings.warn(
08-04 14:40 nessai INFO    : Running Nessai version 0.15.2
08-04 14:40 nessai INFO    : Starting multiprocessing pool with 4 processes
08-04 14:40 nessai INFO    : Initialising nested sampler
08-04 14:40 nessai WARNING : Multiprocessing pool has already been configured.
/data/wiay/postgrads/shashwat/qunat_com_future/lib/python3.11/site-packages/nessai/gw/__init__.py:12: FutureWarning: The `nessai.gw` module will be deprecated in the next release in favour of the nessai-gw package. This packages provides the same functionality as`nessai.gw` via the plugin interface.For more details, see: https://github.com/mj-will/nessai-gw
  warnings.warn(
08-04 14:40 nessai INFO    : Passing kwargs to FlowProposal: {'poolsize': 1000}
08-04 14:40 nessai INFO    : No reparameterisations provided, using default reparameterisations included in FlowProposal
08-04 14:40 nessai INFO    : Adding reparameterisations from: {}
08-04 14:40 nessai INFO    : Assuming fallback reparameterisation (ScaleAndShift) for ['kappa', 'mu_xi', 'sigma_chi', 'sigma_xi', 'rho', 'lambda_chi', 'chi0', 'xi0'] with kwargs: {'estimate_scale': True, 'estimate_shift': True, 'prior_bounds': {'kappa': array([0.1, 5. ]), 'mu_xi': array([0. , 0.1]), 'sigma_chi': array([0.05, 0.6 ]), 'sigma_xi': array([0.05, 0.4 ]), 'rho': array([-0.9,  0.9]), 'lambda_chi': array([-0.5,  0.5]), 'chi0': array([-0.5,  0.5]), 'xi0': array([2.5, 5. ])}}.
08-04 14:40 nessai INFO    : x space parameters: ['kappa', 'mu_xi', 'sigma_chi', 'sigma_xi', 'rho', 'lambda_chi', 'chi0', 'xi0']
08-04 14:40 nessai INFO    : x prime space parameters: ['kappa_prime', 'mu_xi_prime', 'sigma_chi_prime', 'sigma_xi_prime', 'rho_prime', 'lambda_chi_prime', 'chi0_prime', 'xi0_prime']
08-04 14:40 nessai INFO    : Overwriting fuzz factor with expansion fraction
08-04 14:40 nessai INFO    : New fuzz factor: 1.2228445449938519
08-04 14:40 nessai INFO    : Verifying rescaling functions
08-04 14:40 nessai INFO    : Rescaling functions are invertible
08-04 14:40 nessai INFO    : Populating initial live points
08-04 14:40 nessai INFO    : Populated 100 / 1000 live points
08-04 14:40 nessai INFO    : Populated 200 / 1000 live points
08-04 14:40 nessai INFO    : Populated 300 / 1000 live points
08-04 14:40 nessai INFO    : Populated 400 / 1000 live points
08-04 14:40 nessai INFO    : Populated 500 / 1000 live points
08-04 14:40 nessai INFO    : Populated 600 / 1000 live points
08-04 14:40 nessai INFO    : Populated 700 / 1000 live points
08-04 14:40 nessai INFO    : Populated 800 / 1000 live points
08-04 14:40 nessai INFO    : Populated 900 / 1000 live points
08-04 14:40 nessai INFO    : Populated 1000 / 1000 live points
08-04 14:40 nessai INFO    : Starting nested sampling loop
08-04 14:40 nessai INFO    : it:  1000: Rolling KS test: D=0.014, p-value=0.6695
08-04 14:40 nessai INFO    : it:  1000: n eval: 3000 H: 7.91 dlogZ: 5536675.271 logZ: -5539700.087 +/- 0.089 logLmax: -3023.82
08-04 14:40 nessai INFO    : it:  2000: Rolling KS test: D=0.018, p-value=0.5169
08-04 14:40 nessai INFO    : it:  2000: n eval: 8000 H: 8.91 dlogZ: 473535.824 logZ: -476144.657 +/- 0.094 logLmax: -2606.83
08-04 14:40 nessai INFO    : Switching to FlowProposal
08-04 14:40 nessai INFO    : it:  3000: Rolling KS test: D=0.032, p-value=0.1263
08-04 14:40 nessai INFO    : it:  3000: n eval: 11867 H: 9.91 dlogZ: 150628.495 logZ: -152471.713 +/- 0.100 logLmax: -1840.22
08-04 14:40 nessai INFO    : it:  4000: Rolling KS test: D=0.03, p-value=0.162
08-04 14:40 nessai INFO    : it:  4000: n eval: 15822 H: 10.91 dlogZ: 59274.388 logZ: -60619.946 +/- 0.104 logLmax: -1341.56
08-04 14:40 nessai INFO    : it:  5000: Rolling KS test: D=0.015, p-value=0.6313
08-04 14:40 nessai INFO    : it:  5000: n eval: 20382 H: 11.66 dlogZ: 26383.597 logZ: -27317.581 +/- 0.108 logLmax: -928.99
08-04 14:40 nessai INFO    : it:  6000: Rolling KS test: D=0.011, p-value=0.7794
08-04 14:40 nessai INFO    : it:  6000: n eval: 24686 H: 12.76 dlogZ: 12556.433 logZ: -13195.662 +/- 0.113 logLmax: -633.23
08-04 14:40 nessai INFO    : it:  7000: Rolling KS test: D=0.031, p-value=0.1433
08-04 14:40 nessai INFO    : it:  7000: n eval: 29551 H: 13.71 dlogZ: 6294.792 logZ: -6501.823 +/- 0.117 logLmax: -200.03
08-04 14:40 nessai INFO    : it:  8000: Rolling KS test: D=0.033, p-value=0.1108
08-04 14:40 nessai INFO    : it:  8000: n eval: 34184 H: 14.06 dlogZ: 3354.918 logZ: -3438.556 +/- 0.119 logLmax: -75.64
08-04 14:40 nessai INFO    : it:  9000: Rolling KS test: D=0.019, p-value=0.4797
08-04 14:40 nessai INFO    : it:  9000: n eval: 39402 H: 14.86 dlogZ: 1846.474 logZ: -1931.112 +/- 0.122 logLmax: -75.64
08-04 14:40 nessai INFO    : it: 10000: Rolling KS test: D=0.008, p-value=0.8752
08-04 14:40 nessai INFO    : it: 10000: n eval: 45294 H: 15.56 dlogZ: 1129.656 logZ: -1174.407 +/- 0.125 logLmax: -34.75
08-04 14:40 nessai INFO    : it: 11000: Rolling KS test: D=0.009, p-value=0.8454
08-04 14:40 nessai INFO    : it: 11000: n eval: 53724 H: 15.26 dlogZ: 744.470 logZ: -780.497 +/- 0.124 logLmax: -25.03
08-04 14:40 nessai INFO    : it: 12000: Rolling KS test: D=0.002, p-value=0.9907
08-04 14:40 nessai INFO    : it: 12000: n eval: 60238 H: 16.37 dlogZ: 513.727 logZ: -546.546 +/- 0.128 logLmax: -20.82
08-04 14:41 nessai INFO    : it: 13000: Rolling KS test: D=0.024, p-value=0.311
08-04 14:41 nessai INFO    : it: 13000: n eval: 66207 H: 17.37 dlogZ: 333.036 logZ: -361.725 +/- 0.132 logLmax: -15.69
08-04 14:41 nessai INFO    : it: 14000: Rolling KS test: D=0.017, p-value=0.5547
08-04 14:41 nessai INFO    : it: 14000: n eval: 72884 H: 17.48 dlogZ: 206.808 logZ: -236.496 +/- 0.132 logLmax: -15.69
08-04 14:41 nessai INFO    : it: 15000: Rolling KS test: D=0.019, p-value=0.4797
08-04 14:41 nessai INFO    : it: 15000: n eval: 85185 H: 18.06 dlogZ: 130.302 logZ: -156.038 +/- 0.134 logLmax: -10.74
08-04 14:41 nessai INFO    : it: 16000: Rolling KS test: D=0.025, p-value=0.2818
08-04 14:41 nessai INFO    : it: 16000: n eval: 98321 H: 18.61 dlogZ: 78.798 logZ: -105.535 +/- 0.136 logLmax: -10.74
08-04 14:41 nessai INFO    : it: 17000: Rolling KS test: D=0.024, p-value=0.311
08-04 14:41 nessai INFO    : it: 17000: n eval: 113102 H: 19.06 dlogZ: 49.247 logZ: -75.654 +/- 0.138 logLmax: -9.41
08-04 14:41 nessai INFO    : it: 18000: Rolling KS test: D=0.016, p-value=0.593
08-04 14:41 nessai INFO    : it: 18000: n eval: 129006 H: 19.57 dlogZ: 30.930 logZ: -58.337 +/- 0.140 logLmax: -9.41
08-04 14:41 nessai INFO    : it: 19000: Rolling KS test: D=0.023, p-value=0.3419
08-04 14:41 nessai INFO    : it: 19000: n eval: 144251 H: 20.07 dlogZ: 19.012 logZ: -47.279 +/- 0.142 logLmax: -9.27
08-04 14:41 nessai INFO    : it: 20000: Rolling KS test: D=0.021, p-value=0.4082
08-04 14:41 nessai INFO    : it: 20000: n eval: 161415 H: 20.53 dlogZ: 13.103 logZ: -40.663 +/- 0.143 logLmax: -7.56
08-04 14:41 nessai INFO    : it: 21000: Rolling KS test: D=0.02, p-value=0.4434
08-04 14:41 nessai INFO    : it: 21000: n eval: 191682 H: 20.89 dlogZ: 8.690 logZ: -36.929 +/- 0.145 logLmax: -7.24
08-04 14:41 nessai INFO    : it: 22000: Rolling KS test: D=0.037, p-value=0.06311
08-04 14:41 nessai INFO    : it: 22000: n eval: 227756 H: 21.28 dlogZ: 6.359 logZ: -34.764 +/- 0.146 logLmax: -6.41
08-04 14:41 nessai INFO    : it: 23000: Rolling KS test: D=0.025, p-value=0.2818
08-04 14:41 nessai INFO    : it: 23000: n eval: 267503 H: 21.60 dlogZ: 4.136 logZ: -33.510 +/- 0.147 logLmax: -6.39
08-04 14:41 nessai INFO    : it: 24000: Rolling KS test: D=0.029, p-value=0.1825
08-04 14:41 nessai INFO    : it: 24000: n eval: 304274 H: 21.87 dlogZ: 2.743 logZ: -32.808 +/- 0.148 logLmax: -6.13
08-04 14:42 nessai INFO    : it: 25000: Rolling KS test: D=0.017, p-value=0.5547
08-04 14:42 nessai INFO    : it: 25000: n eval: 342578 H: 22.12 dlogZ: 1.511 logZ: -32.394 +/- 0.149 logLmax: -6.13
08-04 14:42 nessai INFO    : it: 26000: Rolling KS test: D=0.023, p-value=0.3419
08-04 14:42 nessai INFO    : it: 26000: n eval: 378758 H: 22.32 dlogZ: 0.812 logZ: -32.151 +/- 0.149 logLmax: -5.93
08-04 14:42 nessai INFO    : it: 27000: Rolling KS test: D=0.036, p-value=0.07308
08-04 14:42 nessai INFO    : it: 27000: n eval: 415055 H: 22.47 dlogZ: 0.406 logZ: -32.016 +/- 0.150 logLmax: -5.71
08-04 14:42 nessai INFO    : it: 28000: Rolling KS test: D=0.019, p-value=0.4797
08-04 14:42 nessai INFO    : it: 28000: n eval: 448982 H: 22.56 dlogZ: 0.158 logZ: -31.946 +/- 0.150 logLmax: -5.71
08-04 14:42 nessai INFO    : Stopping with difference_log_evidence=0.100
08-04 14:42 nessai INFO    : Finalising
08-04 14:42 nessai INFO    : Final ln-evidence: -31.883 +/- 0.151
08-04 14:42 nessai INFO    : Information: 22.66
08-04 14:42 nessai INFO    : Final KS test: D=0.007387, p-value=0.04449
08-04 14:42 nessai WARNING : Final p-value for the insertion indices is less than 0.05, this could be an indication of problems during sampling. Consider checking the diagnostic plots.
08-04 14:42 nessai INFO    : Checkpointing nested sampling
08-04 14:42 nessai INFO    : Total sampling time: 0:01:51.470918
08-04 14:42 nessai INFO    : Total training time: 0:00:35.878184
08-04 14:42 nessai INFO    : Total population time: 0:00:36.198036
08-04 14:42 nessai INFO    : Total likelihood evaluations: 456917
08-04 14:42 nessai INFO    : Time spent evaluating likelihood: 0:00:08.825335
08-04 14:42 nessai INFO    : Total sampling time: 0:01:51.470918
08-04 14:42 nessai INFO    : Total likelihood evaluations: 456917
08-04 14:42 nessai INFO    : Starting post processing
08-04 14:42 nessai INFO    : Computing posterior samples
08-04 14:42 nessai INFO    : Effective sample size: 6609.6
08-04 14:42 nessai INFO    : Producing posterior samples using rejection sampling
08-04 14:42 nessai INFO    : Expect 4721.223085822339 samples from rejection sampling
08-04 14:42 nessai INFO    : Returned 4747 posterior samples
08-04 14:42 nessai INFO    : Starting to close worker pool.
08-04 14:42 nessai INFO    : Finished closing worker pool.
