/data/wiay/postgrads/shashwat/qunat_com_future/lib/python3.11/site-packages/nessai/utils/logging.py:133: FutureWarning: setup_logger is deprecated, use configure_logger instead
  warnings.warn(
08-04 10:11 nessai INFO    : Running Nessai version 0.15.2
08-04 10:11 nessai INFO    : Starting multiprocessing pool with 4 processes
08-04 10:11 nessai INFO    : Initialising nested sampler
08-04 10:11 nessai WARNING : Multiprocessing pool has already been configured.
/data/wiay/postgrads/shashwat/qunat_com_future/lib/python3.11/site-packages/nessai/gw/__init__.py:12: FutureWarning: The `nessai.gw` module will be deprecated in the next release in favour of the nessai-gw package. This packages provides the same functionality as`nessai.gw` via the plugin interface.For more details, see: https://github.com/mj-will/nessai-gw
  warnings.warn(
08-04 10:11 nessai INFO    : Passing kwargs to FlowProposal: {'poolsize': 1000}
08-04 10:11 nessai INFO    : No reparameterisations provided, using default reparameterisations included in FlowProposal
08-04 10:11 nessai INFO    : Adding reparameterisations from: {}
08-04 10:11 nessai INFO    : Assuming fallback reparameterisation (ScaleAndShift) for ['kappa', 'mu_xi', 'sigma_chi', 'sigma_xi', 'rho', 'lambda_chi', 'chi0', 'xi0'] with kwargs: {'estimate_scale': True, 'estimate_shift': True, 'prior_bounds': {'kappa': array([0.1, 5. ]), 'mu_xi': array([0. , 0.1]), 'sigma_chi': array([0.05, 0.6 ]), 'sigma_xi': array([0.05, 0.4 ]), 'rho': array([-0.9,  0.9]), 'lambda_chi': array([-0.5,  0.5]), 'chi0': array([-0.5,  0.5]), 'xi0': array([2.5, 5. ])}}.
08-04 10:11 nessai INFO    : x space parameters: ['kappa', 'mu_xi', 'sigma_chi', 'sigma_xi', 'rho', 'lambda_chi', 'chi0', 'xi0']
08-04 10:11 nessai INFO    : x prime space parameters: ['kappa_prime', 'mu_xi_prime', 'sigma_chi_prime', 'sigma_xi_prime', 'rho_prime', 'lambda_chi_prime', 'chi0_prime', 'xi0_prime']
08-04 10:11 nessai INFO    : Overwriting fuzz factor with expansion fraction
08-04 10:11 nessai INFO    : New fuzz factor: 1.2228445449938519
08-04 10:11 nessai INFO    : Verifying rescaling functions
08-04 10:11 nessai INFO    : Rescaling functions are invertible
08-04 10:11 nessai INFO    : Populating initial live points
08-04 10:11 nessai INFO    : Populated 100 / 1000 live points
08-04 10:11 nessai INFO    : Populated 200 / 1000 live points
08-04 10:11 nessai INFO    : Populated 300 / 1000 live points
08-04 10:11 nessai INFO    : Populated 400 / 1000 live points
08-04 10:11 nessai INFO    : Populated 500 / 1000 live points
08-04 10:11 nessai INFO    : Populated 600 / 1000 live points
08-04 10:11 nessai INFO    : Populated 700 / 1000 live points
08-04 10:11 nessai INFO    : Populated 800 / 1000 live points
08-04 10:11 nessai INFO    : Populated 900 / 1000 live points
08-04 10:11 nessai INFO    : Populated 1000 / 1000 live points
08-04 10:11 nessai INFO    : Starting nested sampling loop
08-04 10:11 nessai INFO    : it:  1000: Rolling KS test: D=0.011, p-value=0.7794
08-04 10:11 nessai INFO    : it:  1000: n eval: 3000 H: 7.91 dlogZ: 8030423.999 logZ: -8035503.987 +/- 0.089 logLmax: -5078.99
08-04 10:11 nessai INFO    : it:  2000: Rolling KS test: D=0.038, p-value=0.05428
08-04 10:11 nessai INFO    : it:  2000: n eval: 8000 H: 8.91 dlogZ: 528476.188 logZ: -533557.176 +/- 0.094 logLmax: -5078.99
08-04 10:11 nessai INFO    : Switching to FlowProposal
08-04 10:11 nessai INFO    : it:  3000: Rolling KS test: D=0.043, p-value=0.02406
08-04 10:11 nessai INFO    : it:  3000: n eval: 11982 H: 9.91 dlogZ: 133053.049 logZ: -137667.818 +/- 0.100 logLmax: -4611.77
08-04 10:11 nessai INFO    : it:  4000: Rolling KS test: D=0.018, p-value=0.5169
08-04 10:11 nessai INFO    : it:  4000: n eval: 13590 H: 10.91 dlogZ: 60907.111 logZ: -62557.367 +/- 0.104 logLmax: -1646.26
08-04 10:11 nessai INFO    : it:  5000: Rolling KS test: D=0.035, p-value=0.08429
08-04 10:11 nessai INFO    : it:  5000: n eval: 17466 H: 11.91 dlogZ: 31927.992 logZ: -32567.825 +/- 0.109 logLmax: -634.83
08-04 10:11 nessai INFO    : it:  6000: Rolling KS test: D=0.024, p-value=0.311
08-04 10:11 nessai INFO    : it:  6000: n eval: 21872 H: 12.82 dlogZ: 17730.804 logZ: -18169.346 +/- 0.113 logLmax: -432.54
08-04 10:11 nessai INFO    : it:  7000: Rolling KS test: D=0.016, p-value=0.593
08-04 10:11 nessai INFO    : it:  7000: n eval: 26492 H: 13.60 dlogZ: 10279.091 logZ: -10492.952 +/- 0.117 logLmax: -206.86
08-04 10:11 nessai INFO    : it:  8000: Rolling KS test: D=0.039, p-value=0.0465
08-04 10:11 nessai INFO    : it:  8000: n eval: 31431 H: 14.75 dlogZ: 5856.895 logZ: -6054.022 +/- 0.121 logLmax: -189.13
08-04 10:11 nessai INFO    : it:  9000: Rolling KS test: D=0.02, p-value=0.4434
08-04 10:11 nessai INFO    : it:  9000: n eval: 35835 H: 14.66 dlogZ: 3403.723 logZ: -3553.786 +/- 0.121 logLmax: -141.06
08-04 10:11 nessai INFO    : it: 10000: Rolling KS test: D=0.021, p-value=0.4082
08-04 10:11 nessai INFO    : it: 10000: n eval: 40812 H: 15.85 dlogZ: 2050.670 logZ: -2146.501 +/- 0.126 logLmax: -85.83
08-04 10:11 nessai INFO    : it: 11000: Rolling KS test: D=0.017, p-value=0.5547
08-04 10:11 nessai INFO    : it: 11000: n eval: 45305 H: 16.80 dlogZ: 1287.782 logZ: -1303.807 +/- 0.130 logLmax: -5.03
08-04 10:11 nessai INFO    : it: 12000: Rolling KS test: D=0.029, p-value=0.1825
08-04 10:11 nessai INFO    : it: 12000: n eval: 49716 H: 17.27 dlogZ: 774.567 logZ: -791.591 +/- 0.131 logLmax: -5.03
08-04 10:11 nessai INFO    : it: 13000: Rolling KS test: D=0.011, p-value=0.7794
08-04 10:11 nessai INFO    : it: 13000: n eval: 54597 H: 17.06 dlogZ: 466.571 logZ: -484.596 +/- 0.131 logLmax: -5.03
08-04 10:11 nessai INFO    : it: 14000: Rolling KS test: D=0.033, p-value=0.1108
08-04 10:11 nessai INFO    : it: 14000: n eval: 59654 H: 17.78 dlogZ: 280.699 logZ: -299.724 +/- 0.133 logLmax: -5.03
08-04 10:11 nessai INFO    : it: 15000: Rolling KS test: D=0.033, p-value=0.1108
08-04 10:11 nessai INFO    : it: 15000: n eval: 65508 H: 18.27 dlogZ: 168.329 logZ: -188.354 +/- 0.135 logLmax: -5.03
08-04 10:11 nessai INFO    : it: 16000: Rolling KS test: D=0.034, p-value=0.09683
08-04 10:11 nessai INFO    : it: 16000: n eval: 74733 H: 19.00 dlogZ: 103.792 logZ: -124.817 +/- 0.138 logLmax: -5.03
08-04 10:11 nessai INFO    : it: 17000: Rolling KS test: D=0.022, p-value=0.3744
08-04 10:11 nessai INFO    : it: 17000: n eval: 80126 H: 19.60 dlogZ: 62.490 logZ: -84.451 +/- 0.140 logLmax: -4.96
08-04 10:12 nessai INFO    : it: 18000: Rolling KS test: D=0.025, p-value=0.2818
08-04 10:12 nessai INFO    : it: 18000: n eval: 86820 H: 19.99 dlogZ: 38.524 logZ: -60.097 +/- 0.141 logLmax: -3.57
08-04 10:12 nessai INFO    : it: 19000: Rolling KS test: D=0.013, p-value=0.7071
08-04 10:12 nessai INFO    : it: 19000: n eval: 97379 H: 20.33 dlogZ: 23.753 logZ: -45.661 +/- 0.143 logLmax: -2.91
08-04 10:12 nessai INFO    : it: 20000: Rolling KS test: D=0.01, p-value=0.8133
08-04 10:12 nessai INFO    : it: 20000: n eval: 109957 H: 20.77 dlogZ: 14.232 logZ: -37.140 +/- 0.144 logLmax: -2.91
08-04 10:12 nessai INFO    : it: 21000: Rolling KS test: D=0.003, p-value=0.9802
08-04 10:12 nessai INFO    : it: 21000: n eval: 126212 H: 21.15 dlogZ: 8.626 logZ: -32.534 +/- 0.145 logLmax: -2.91
08-04 10:12 nessai INFO    : it: 22000: Rolling KS test: D=0.033, p-value=0.1108
08-04 10:12 nessai INFO    : it: 22000: n eval: 146192 H: 21.44 dlogZ: 5.102 logZ: -30.004 +/- 0.146 logLmax: -2.91
08-04 10:12 nessai INFO    : it: 23000: Rolling KS test: D=0.032, p-value=0.1263
08-04 10:12 nessai INFO    : it: 23000: n eval: 174313 H: 21.74 dlogZ: 3.193 logZ: -28.629 +/- 0.147 logLmax: -2.48
08-04 10:12 nessai INFO    : it: 24000: Rolling KS test: D=0.011, p-value=0.7794
08-04 10:12 nessai INFO    : it: 24000: n eval: 198148 H: 21.99 dlogZ: 1.612 logZ: -27.868 +/- 0.148 logLmax: -2.48
08-04 10:12 nessai INFO    : it: 25000: Rolling KS test: D=0.018, p-value=0.5169
08-04 10:12 nessai INFO    : it: 25000: n eval: 233787 H: 22.17 dlogZ: 0.828 logZ: -27.473 +/- 0.149 logLmax: -2.22
08-04 10:12 nessai INFO    : it: 26000: Rolling KS test: D=0.033, p-value=0.1108
08-04 10:12 nessai INFO    : it: 26000: n eval: 272639 H: 22.29 dlogZ: 0.329 logZ: -27.277 +/- 0.149 logLmax: -2.22
08-04 10:12 nessai INFO    : it: 27000: Rolling KS test: D=0.016, p-value=0.593
08-04 10:12 nessai INFO    : it: 27000: n eval: 322639 H: 22.36 dlogZ: 0.129 logZ: -27.184 +/- 0.150 logLmax: -2.17
08-04 10:12 nessai INFO    : Stopping with difference_log_evidence=0.100
08-04 10:12 nessai INFO    : Finalising
08-04 10:12 nessai INFO    : Final ln-evidence: -27.111 +/- 0.150
08-04 10:12 nessai INFO    : Information: 22.43
08-04 10:12 nessai INFO    : Final KS test: D=0.00816, p-value=0.02631
08-04 10:12 nessai WARNING : Final p-value for the insertion indices is less than 0.05, this could be an indication of problems during sampling. Consider checking the diagnostic plots.
08-04 10:12 nessai INFO    : Checkpointing nested sampling
08-04 10:12 nessai INFO    : Total sampling time: 0:01:15.430400
08-04 10:12 nessai INFO    : Total training time: 0:00:24.263282
08-04 10:12 nessai INFO    : Total population time: 0:00:20.462772
08-04 10:12 nessai INFO    : Total likelihood evaluations: 332639
08-04 10:12 nessai INFO    : Time spent evaluating likelihood: 0:00:05.443455
08-04 10:12 nessai INFO    : Total sampling time: 0:01:15.430400
08-04 10:12 nessai INFO    : Total likelihood evaluations: 332639
08-04 10:12 nessai INFO    : Starting post processing
08-04 10:12 nessai INFO    : Computing posterior samples
08-04 10:12 nessai INFO    : Effective sample size: 5550.0
08-04 10:12 nessai INFO    : Producing posterior samples using rejection sampling
08-04 10:12 nessai INFO    : Expect 3880.126868124818 samples from rejection sampling
08-04 10:12 nessai INFO    : Returned 3930 posterior samples
08-04 10:12 nessai INFO    : Starting to close worker pool.
08-04 10:12 nessai INFO    : Finished closing worker pool.
