/data/wiay/postgrads/shashwat/qunat_com_future/lib/python3.11/site-packages/nessai/utils/logging.py:133: FutureWarning: setup_logger is deprecated, use configure_logger instead
  warnings.warn(
08-04 13:18 nessai INFO    : Running Nessai version 0.15.2
08-04 13:18 nessai INFO    : Starting multiprocessing pool with 4 processes
08-04 13:18 nessai INFO    : Initialising nested sampler
08-04 13:18 nessai WARNING : Multiprocessing pool has already been configured.
/data/wiay/postgrads/shashwat/qunat_com_future/lib/python3.11/site-packages/nessai/gw/__init__.py:12: FutureWarning: The `nessai.gw` module will be deprecated in the next release in favour of the nessai-gw package. This packages provides the same functionality as`nessai.gw` via the plugin interface.For more details, see: https://github.com/mj-will/nessai-gw
  warnings.warn(
08-04 13:18 nessai INFO    : Passing kwargs to FlowProposal: {'poolsize': 1000}
08-04 13:18 nessai INFO    : No reparameterisations provided, using default reparameterisations included in FlowProposal
08-04 13:18 nessai INFO    : Adding reparameterisations from: {}
08-04 13:18 nessai INFO    : Assuming fallback reparameterisation (ScaleAndShift) for ['kappa', 'mu_xi', 'sigma_chi', 'sigma_xi', 'rho', 'lambda_chi', 'chi0', 'xi0'] with kwargs: {'estimate_scale': True, 'estimate_shift': True, 'prior_bounds': {'kappa': array([0.1, 5. ]), 'mu_xi': array([0. , 0.1]), 'sigma_chi': array([0.05, 0.6 ]), 'sigma_xi': array([0.05, 0.4 ]), 'rho': array([-0.9,  0.9]), 'lambda_chi': array([-0.5,  0.5]), 'chi0': array([-0.5,  0.5]), 'xi0': array([2.5, 5. ])}}.
08-04 13:18 nessai INFO    : x space parameters: ['kappa', 'mu_xi', 'sigma_chi', 'sigma_xi', 'rho', 'lambda_chi', 'chi0', 'xi0']
08-04 13:18 nessai INFO    : x prime space parameters: ['kappa_prime', 'mu_xi_prime', 'sigma_chi_prime', 'sigma_xi_prime', 'rho_prime', 'lambda_chi_prime', 'chi0_prime', 'xi0_prime']
08-04 13:18 nessai INFO    : Overwriting fuzz factor with expansion fraction
08-04 13:18 nessai INFO    : New fuzz factor: 1.2228445449938519
08-04 13:18 nessai INFO    : Verifying rescaling functions
08-04 13:18 nessai INFO    : Rescaling functions are invertible
08-04 13:18 nessai INFO    : Populating initial live points
08-04 13:18 nessai INFO    : Populated 100 / 1000 live points
08-04 13:18 nessai INFO    : Populated 200 / 1000 live points
08-04 13:18 nessai INFO    : Populated 300 / 1000 live points
08-04 13:18 nessai INFO    : Populated 400 / 1000 live points
08-04 13:18 nessai INFO    : Populated 500 / 1000 live points
08-04 13:18 nessai INFO    : Populated 600 / 1000 live points
08-04 13:18 nessai INFO    : Populated 700 / 1000 live points
08-04 13:18 nessai INFO    : Populated 800 / 1000 live points
08-04 13:18 nessai INFO    : Populated 900 / 1000 live points
08-04 13:18 nessai INFO    : Populated 1000 / 1000 live points
08-04 13:18 nessai INFO    : Starting nested sampling loop
08-04 13:18 nessai INFO    : it:  1000: Rolling KS test: D=0.03, p-value=0.162
08-04 13:18 nessai INFO    : it:  1000: n eval: 3000 H: 7.91 dlogZ: 35144830.842 logZ: -35379112.185 +/- 0.089 logLmax: -234280.34
08-04 13:18 nessai INFO    : it:  2000: Rolling KS test: D=0.021, p-value=0.4082
08-04 13:18 nessai INFO    : it:  2000: n eval: 8000 H: 8.91 dlogZ: 11430787.400 logZ: -11665069.743 +/- 0.094 logLmax: -234280.34
08-04 13:18 nessai INFO    : Switching to FlowProposal
08-04 13:19 nessai INFO    : it:  3000: Rolling KS test: D=0.018, p-value=0.5169
08-04 13:19 nessai INFO    : it:  3000: n eval: 12070 H: 9.91 dlogZ: 4644435.726 logZ: -4702829.688 +/- 0.100 logLmax: -58390.96
08-04 13:19 nessai INFO    : it:  4000: Rolling KS test: D=0.034, p-value=0.09683
08-04 13:19 nessai INFO    : it:  4000: n eval: 16438 H: 10.91 dlogZ: 2289126.756 logZ: -2347521.718 +/- 0.104 logLmax: -58390.96
08-04 13:19 nessai INFO    : it:  5000: Rolling KS test: D=0.015, p-value=0.6313
08-04 13:19 nessai INFO    : it:  5000: n eval: 20722 H: 11.91 dlogZ: 1297146.040 logZ: -1311220.300 +/- 0.109 logLmax: -14069.26
08-04 13:19 nessai INFO    : it:  6000: Rolling KS test: D=0.02, p-value=0.4434
08-04 13:19 nessai INFO    : it:  6000: n eval: 25272 H: 12.91 dlogZ: 792266.508 logZ: -806341.768 +/- 0.114 logLmax: -14069.26
08-04 13:19 nessai INFO    : it:  7000: Rolling KS test: D=0.036, p-value=0.07308
08-04 13:19 nessai INFO    : it:  7000: n eval: 29965 H: 13.91 dlogZ: 497046.232 logZ: -508024.469 +/- 0.118 logLmax: -10971.24
08-04 13:19 nessai INFO    : it:  8000: Rolling KS test: D=0.031, p-value=0.1433
08-04 13:19 nessai INFO    : it:  8000: n eval: 34787 H: 14.91 dlogZ: 306023.072 logZ: -313828.690 +/- 0.122 logLmax: -7797.62
08-04 13:19 nessai INFO    : it:  9000: Rolling KS test: D=0.003, p-value=0.9802
08-04 13:19 nessai INFO    : it:  9000: n eval: 39651 H: 15.91 dlogZ: 188468.415 logZ: -193627.152 +/- 0.126 logLmax: -5149.74
08-04 13:19 nessai INFO    : it: 10000: Rolling KS test: D=0.013, p-value=0.7071
08-04 13:19 nessai INFO    : it: 10000: n eval: 44990 H: 16.91 dlogZ: 113875.689 logZ: -116242.231 +/- 0.130 logLmax: -2356.54
08-04 13:19 nessai INFO    : it: 11000: Rolling KS test: D=0.032, p-value=0.1263
08-04 13:19 nessai INFO    : it: 11000: n eval: 50065 H: 17.91 dlogZ: 69132.059 logZ: -70428.314 +/- 0.134 logLmax: -1285.26
08-04 13:19 nessai INFO    : it: 12000: Rolling KS test: D=0.028, p-value=0.2046
08-04 13:19 nessai INFO    : it: 12000: n eval: 55486 H: 18.22 dlogZ: 40541.945 logZ: -41839.200 +/- 0.135 logLmax: -1285.26
08-04 13:19 nessai INFO    : it: 13000: Rolling KS test: D=0.024, p-value=0.311
08-04 13:19 nessai INFO    : it: 13000: n eval: 60250 H: 19.72 dlogZ: 23194.323 logZ: -24492.578 +/- 0.140 logLmax: -1285.26
08-04 13:19 nessai INFO    : it: 14000: Rolling KS test: D=0.021, p-value=0.4082
08-04 13:19 nessai INFO    : it: 14000: n eval: 65348 H: 20.78 dlogZ: 13966.757 logZ: -14367.480 +/- 0.144 logLmax: -386.72
08-04 13:19 nessai INFO    : it: 15000: Rolling KS test: D=0.005, p-value=0.9481
08-04 13:19 nessai INFO    : it: 15000: n eval: 70702 H: 21.55 dlogZ: 8311.912 logZ: -8645.890 +/- 0.147 logLmax: -318.98
08-04 13:19 nessai INFO    : it: 16000: Rolling KS test: D=0.017, p-value=0.5547
08-04 13:19 nessai INFO    : it: 16000: n eval: 79706 H: 22.90 dlogZ: 4881.575 logZ: -5155.301 +/- 0.151 logLmax: -257.73
08-04 13:19 nessai INFO    : it: 17000: Rolling KS test: D=0.02, p-value=0.4434
08-04 13:19 nessai INFO    : it: 17000: n eval: 86728 H: 22.82 dlogZ: 2981.498 logZ: -3102.196 +/- 0.151 logLmax: -103.70
08-04 13:19 nessai INFO    : it: 18000: Rolling KS test: D=0.02, p-value=0.4434
08-04 13:19 nessai INFO    : it: 18000: n eval: 92714 H: 23.70 dlogZ: 1766.023 logZ: -1840.051 +/- 0.154 logLmax: -56.03
08-04 13:19 nessai INFO    : it: 19000: Rolling KS test: D=0.011, p-value=0.7794
08-04 13:19 nessai INFO    : it: 19000: n eval: 101759 H: 23.93 dlogZ: 1043.833 logZ: -1107.663 +/- 0.155 logLmax: -44.83
08-04 13:19 nessai INFO    : it: 20000: Rolling KS test: D=0.015, p-value=0.6313
08-04 13:19 nessai INFO    : it: 20000: n eval: 107767 H: 24.66 dlogZ: 638.161 logZ: -702.990 +/- 0.157 logLmax: -44.83
08-04 13:19 nessai INFO    : it: 21000: Rolling KS test: D=0.021, p-value=0.4082
08-04 13:19 nessai INFO    : it: 21000: n eval: 119146 H: 25.12 dlogZ: 418.860 logZ: -444.716 +/- 0.159 logLmax: -4.86
08-04 13:19 nessai INFO    : it: 22000: Rolling KS test: D=0.039, p-value=0.0465
08-04 13:19 nessai INFO    : it: 22000: n eval: 134224 H: 25.62 dlogZ: 258.068 logZ: -284.924 +/- 0.160 logLmax: -4.86
08-04 13:19 nessai INFO    : it: 23000: Rolling KS test: D=0.006, p-value=0.9268
08-04 13:20 nessai INFO    : it: 23000: n eval: 142560 H: 26.37 dlogZ: 165.810 logZ: -193.666 +/- 0.162 logLmax: -4.86
08-04 13:20 nessai INFO    : it: 24000: Rolling KS test: D=0.028, p-value=0.2046
08-04 13:20 nessai INFO    : it: 24000: n eval: 157005 H: 26.72 dlogZ: 106.749 logZ: -135.605 +/- 0.163 logLmax: -4.86
08-04 13:20 nessai INFO    : it: 25000: Rolling KS test: D=0.031, p-value=0.1433
08-04 13:20 nessai INFO    : it: 25000: n eval: 184725 H: 27.19 dlogZ: 70.168 logZ: -100.024 +/- 0.165 logLmax: -4.86
08-04 13:20 nessai INFO    : it: 26000: Rolling KS test: D=0.014, p-value=0.6695
08-04 13:20 nessai INFO    : it: 26000: n eval: 205281 H: 27.82 dlogZ: 47.664 logZ: -78.520 +/- 0.167 logLmax: -4.86
08-04 13:20 nessai INFO    : it: 27000: Rolling KS test: D=0.039, p-value=0.0465
08-04 13:20 nessai INFO    : it: 27000: n eval: 232263 H: 28.29 dlogZ: 33.697 logZ: -65.552 +/- 0.168 logLmax: -4.86
08-04 13:20 nessai INFO    : it: 28000: Rolling KS test: D=0.025, p-value=0.2818
08-04 13:20 nessai INFO    : it: 28000: n eval: 269713 H: 28.87 dlogZ: 23.815 logZ: -56.671 +/- 0.170 logLmax: -4.86
08-04 13:20 nessai INFO    : it: 29000: Rolling KS test: D=0.005, p-value=0.9481
08-04 13:20 nessai INFO    : it: 29000: n eval: 319713 H: 29.40 dlogZ: 17.623 logZ: -51.218 +/- 0.171 logLmax: -4.60
08-04 13:20 nessai INFO    : it: 30000: Rolling KS test: D=0.02, p-value=0.4434
08-04 13:20 nessai INFO    : it: 30000: n eval: 359713 H: 29.94 dlogZ: 12.834 logZ: -47.429 +/- 0.173 logLmax: -4.60
08-04 13:20 nessai INFO    : it: 31000: Rolling KS test: D=0.021, p-value=0.4082
08-04 13:20 nessai INFO    : it: 31000: n eval: 409713 H: 30.53 dlogZ: 9.216 logZ: -44.811 +/- 0.175 logLmax: -4.60
08-04 13:21 nessai INFO    : it: 32000: Rolling KS test: D=0.03, p-value=0.162
08-04 13:21 nessai INFO    : it: 32000: n eval: 469713 H: 31.02 dlogZ: 7.137 logZ: -43.031 +/- 0.176 logLmax: -3.90
08-04 13:21 nessai INFO    : it: 33000: Rolling KS test: D=0.028, p-value=0.2046
08-04 13:21 nessai INFO    : it: 33000: n eval: 509713 H: 31.50 dlogZ: 5.643 logZ: -41.843 +/- 0.177 logLmax: -3.20
08-04 13:21 nessai INFO    : it: 34000: Rolling KS test: D=0.04, p-value=0.03967
08-04 13:21 nessai INFO    : it: 34000: n eval: 545837 H: 31.95 dlogZ: 3.845 logZ: -41.027 +/- 0.179 logLmax: -3.20
08-04 13:21 nessai INFO    : it: 35000: Rolling KS test: D=0.037, p-value=0.06311
08-04 13:21 nessai INFO    : it: 35000: n eval: 584254 H: 32.37 dlogZ: 3.770 logZ: -40.470 +/- 0.180 logLmax: -1.72
08-04 13:21 nessai INFO    : it: 36000: Rolling KS test: D=0.044, p-value=0.0202
08-04 13:21 nessai INFO    : it: 36000: n eval: 609010 H: 32.73 dlogZ: 2.455 logZ: -40.089 +/- 0.181 logLmax: -1.72
08-04 13:21 nessai INFO    : it: 37000: Rolling KS test: D=0.026, p-value=0.2543
08-04 13:21 nessai INFO    : it: 37000: n eval: 633455 H: 33.03 dlogZ: 1.402 logZ: -39.843 +/- 0.182 logLmax: -1.72
08-04 13:21 nessai INFO    : it: 38000: Rolling KS test: D=0.02, p-value=0.4434
08-04 13:21 nessai INFO    : it: 38000: n eval: 653986 H: 33.23 dlogZ: 0.681 logZ: -39.699 +/- 0.182 logLmax: -1.72
08-04 13:21 nessai INFO    : it: 39000: Rolling KS test: D=0.043, p-value=0.02406
08-04 13:21 nessai INFO    : it: 39000: n eval: 670757 H: 33.37 dlogZ: 0.285 logZ: -39.615 +/- 0.183 logLmax: -1.72
08-04 13:21 nessai INFO    : it: 40000: Rolling KS test: D=0.025, p-value=0.2818
08-04 13:21 nessai INFO    : it: 40000: n eval: 687523 H: 33.46 dlogZ: 0.120 logZ: -39.569 +/- 0.183 logLmax: -1.63
08-04 13:21 nessai INFO    : Stopping with difference_log_evidence=0.100
08-04 13:21 nessai INFO    : Finalising
08-04 13:21 nessai INFO    : Final ln-evidence: -39.523 +/- 0.183
08-04 13:21 nessai INFO    : Information: 33.58
08-04 13:21 nessai INFO    : Final KS test: D=0.007412, p-value=0.01203
08-04 13:21 nessai WARNING : Final p-value for the insertion indices is less than 0.05, this could be an indication of problems during sampling. Consider checking the diagnostic plots.
08-04 13:21 nessai INFO    : Checkpointing nested sampling
08-04 13:21 nessai INFO    : Total sampling time: 0:02:59.034530
08-04 13:21 nessai INFO    : Total training time: 0:00:57.373153
08-04 13:21 nessai INFO    : Total population time: 0:00:47.506065
08-04 13:21 nessai INFO    : Total likelihood evaluations: 687523
08-04 13:21 nessai INFO    : Time spent evaluating likelihood: 0:00:22.873978
08-04 13:21 nessai INFO    : Total sampling time: 0:02:59.034530
08-04 13:21 nessai INFO    : Total likelihood evaluations: 687523
08-04 13:21 nessai INFO    : Starting post processing
08-04 13:21 nessai INFO    : Computing posterior samples
08-04 13:21 nessai INFO    : Effective sample size: 7794.3
08-04 13:21 nessai INFO    : Producing posterior samples using rejection sampling
08-04 13:21 nessai INFO    : Expect 5383.000492630745 samples from rejection sampling
08-04 13:21 nessai INFO    : Returned 5376 posterior samples
08-04 13:21 nessai INFO    : Starting to close worker pool.
08-04 13:21 nessai INFO    : Finished closing worker pool.
