/data/wiay/postgrads/shashwat/qunat_com_future/lib/python3.11/site-packages/nessai/utils/logging.py:133: FutureWarning: setup_logger is deprecated, use configure_logger instead
  warnings.warn(
08-04 10:03 nessai INFO    : Running Nessai version 0.15.2
08-04 10:03 nessai INFO    : Starting multiprocessing pool with 4 processes
08-04 10:03 nessai INFO    : Initialising nested sampler
08-04 10:03 nessai WARNING : Multiprocessing pool has already been configured.
/data/wiay/postgrads/shashwat/qunat_com_future/lib/python3.11/site-packages/nessai/gw/__init__.py:12: FutureWarning: The `nessai.gw` module will be deprecated in the next release in favour of the nessai-gw package. This packages provides the same functionality as`nessai.gw` via the plugin interface.For more details, see: https://github.com/mj-will/nessai-gw
  warnings.warn(
08-04 10:03 nessai INFO    : Passing kwargs to FlowProposal: {'poolsize': 1000}
08-04 10:03 nessai INFO    : No reparameterisations provided, using default reparameterisations included in FlowProposal
08-04 10:03 nessai INFO    : Adding reparameterisations from: {}
08-04 10:03 nessai INFO    : Assuming fallback reparameterisation (ScaleAndShift) for ['kappa', 'mu_xi', 'sigma_chi', 'sigma_xi', 'rho', 'lambda_chi', 'chi0', 'xi0'] with kwargs: {'estimate_scale': True, 'estimate_shift': True, 'prior_bounds': {'kappa': array([0.1, 5. ]), 'mu_xi': array([0. , 0.1]), 'sigma_chi': array([0.05, 0.6 ]), 'sigma_xi': array([0.05, 0.4 ]), 'rho': array([-0.9,  0.9]), 'lambda_chi': array([-0.5,  0.5]), 'chi0': array([-0.5,  0.5]), 'xi0': array([2.5, 5. ])}}.
08-04 10:03 nessai INFO    : x space parameters: ['kappa', 'mu_xi', 'sigma_chi', 'sigma_xi', 'rho', 'lambda_chi', 'chi0', 'xi0']
08-04 10:03 nessai INFO    : x prime space parameters: ['kappa_prime', 'mu_xi_prime', 'sigma_chi_prime', 'sigma_xi_prime', 'rho_prime', 'lambda_chi_prime', 'chi0_prime', 'xi0_prime']
08-04 10:03 nessai INFO    : Overwriting fuzz factor with expansion fraction
08-04 10:03 nessai INFO    : New fuzz factor: 1.2228445449938519
08-04 10:03 nessai INFO    : Verifying rescaling functions
08-04 10:03 nessai INFO    : Rescaling functions are invertible
08-04 10:03 nessai INFO    : Populating initial live points
08-04 10:03 nessai INFO    : Populated 100 / 1000 live points
08-04 10:03 nessai INFO    : Populated 200 / 1000 live points
08-04 10:03 nessai INFO    : Populated 300 / 1000 live points
08-04 10:03 nessai INFO    : Populated 400 / 1000 live points
08-04 10:03 nessai INFO    : Populated 500 / 1000 live points
08-04 10:03 nessai INFO    : Populated 600 / 1000 live points
08-04 10:03 nessai INFO    : Populated 700 / 1000 live points
08-04 10:03 nessai INFO    : Populated 800 / 1000 live points
08-04 10:03 nessai INFO    : Populated 900 / 1000 live points
08-04 10:03 nessai INFO    : Populated 1000 / 1000 live points
08-04 10:03 nessai INFO    : Starting nested sampling loop
08-04 10:03 nessai INFO    : it:  1000: Rolling KS test: D=0.009, p-value=0.8454
08-04 10:03 nessai INFO    : it:  1000: n eval: 3000 H: 7.91 dlogZ: 13634448.275 logZ: -13675376.090 +/- 0.089 logLmax: -40926.82
08-04 10:03 nessai INFO    : it:  2000: Rolling KS test: D=0.037, p-value=0.06311
08-04 10:03 nessai INFO    : it:  2000: n eval: 8000 H: 8.91 dlogZ: 4275921.139 logZ: -4286429.584 +/- 0.094 logLmax: -10506.45
08-04 10:03 nessai INFO    : Switching to FlowProposal
08-04 10:03 nessai INFO    : it:  3000: Rolling KS test: D=0.021, p-value=0.4082
08-04 10:03 nessai INFO    : it:  3000: n eval: 12092 H: 9.91 dlogZ: 1614717.641 logZ: -1625227.087 +/- 0.100 logLmax: -10506.45
08-04 10:03 nessai INFO    : it:  4000: Rolling KS test: D=0.025, p-value=0.2818
08-04 10:03 nessai INFO    : it:  4000: n eval: 16200 H: 10.91 dlogZ: 640592.365 logZ: -644116.325 +/- 0.104 logLmax: -3519.96
08-04 10:03 nessai INFO    : it:  5000: Rolling KS test: D=0.008, p-value=0.8752
08-04 10:03 nessai INFO    : it:  5000: n eval: 20374 H: 11.91 dlogZ: 263879.864 logZ: -267404.824 +/- 0.109 logLmax: -3519.96
08-04 10:03 nessai INFO    : it:  6000: Rolling KS test: D=0.006, p-value=0.9268
08-04 10:03 nessai INFO    : it:  6000: n eval: 24821 H: 12.91 dlogZ: 125482.764 logZ: -127880.376 +/- 0.114 logLmax: -2391.61
08-04 10:03 nessai INFO    : it:  7000: Rolling KS test: D=0.025, p-value=0.2818
08-04 10:03 nessai INFO    : it:  7000: n eval: 29318 H: 13.91 dlogZ: 63154.710 logZ: -63291.762 +/- 0.118 logLmax: -130.05
08-04 10:03 nessai INFO    : it:  8000: Rolling KS test: D=0.028, p-value=0.2046
08-04 10:03 nessai INFO    : it:  8000: n eval: 34422 H: 14.91 dlogZ: 31559.314 logZ: -31697.366 +/- 0.122 logLmax: -130.05
08-04 10:03 nessai INFO    : it:  9000: Rolling KS test: D=0.012, p-value=0.7438
08-04 10:03 nessai INFO    : it:  9000: n eval: 39300 H: 15.91 dlogZ: 15790.078 logZ: -15929.131 +/- 0.126 logLmax: -130.05
08-04 10:03 nessai INFO    : it: 10000: Rolling KS test: D=0.004, p-value=0.9659
08-04 10:03 nessai INFO    : it: 10000: n eval: 43943 H: 16.90 dlogZ: 8418.684 logZ: -8558.736 +/- 0.130 logLmax: -130.05
08-04 10:03 nessai INFO    : it: 11000: Rolling KS test: D=0.006, p-value=0.9268
08-04 10:03 nessai INFO    : it: 11000: n eval: 48862 H: 17.22 dlogZ: 4423.617 logZ: -4492.840 +/- 0.131 logLmax: -58.22
08-04 10:03 nessai INFO    : it: 12000: Rolling KS test: D=0.018, p-value=0.5169
08-04 10:03 nessai INFO    : it: 12000: n eval: 54230 H: 18.04 dlogZ: 2281.076 logZ: -2351.300 +/- 0.134 logLmax: -58.22
08-04 10:03 nessai INFO    : it: 13000: Rolling KS test: D=0.03, p-value=0.162
08-04 10:03 nessai INFO    : it: 13000: n eval: 59889 H: 17.98 dlogZ: 1228.172 logZ: -1266.913 +/- 0.134 logLmax: -25.74
08-04 10:03 nessai INFO    : it: 14000: Rolling KS test: D=0.045, p-value=0.01689
08-04 10:03 nessai INFO    : it: 14000: n eval: 68127 H: 19.12 dlogZ: 676.274 logZ: -710.135 +/- 0.138 logLmax: -19.86
08-04 10:03 nessai INFO    : it: 15000: Rolling KS test: D=0.006, p-value=0.9268
08-04 10:03 nessai INFO    : it: 15000: n eval: 74938 H: 19.47 dlogZ: 360.798 logZ: -390.851 +/- 0.140 logLmax: -15.05
08-04 10:03 nessai INFO    : it: 16000: Rolling KS test: D=0.021, p-value=0.4082
08-04 10:03 nessai INFO    : it: 16000: n eval: 82607 H: 19.77 dlogZ: 204.464 logZ: -231.521 +/- 0.141 logLmax: -11.06
08-04 10:04 nessai INFO    : it: 17000: Rolling KS test: D=0.015, p-value=0.6313
08-04 10:04 nessai INFO    : it: 17000: n eval: 91635 H: 20.15 dlogZ: 115.998 logZ: -139.140 +/- 0.142 logLmax: -6.14
08-04 10:04 nessai INFO    : it: 18000: Rolling KS test: D=0.025, p-value=0.2818
08-04 10:04 nessai INFO    : it: 18000: n eval: 98927 H: 20.48 dlogZ: 65.391 logZ: -89.044 +/- 0.143 logLmax: -5.65
08-04 10:04 nessai INFO    : it: 19000: Rolling KS test: D=0.025, p-value=0.2818
08-04 10:04 nessai INFO    : it: 19000: n eval: 110862 H: 20.95 dlogZ: 37.117 logZ: -60.619 +/- 0.145 logLmax: -4.50
08-04 10:04 nessai INFO    : it: 20000: Rolling KS test: D=0.017, p-value=0.5547
08-04 10:04 nessai INFO    : it: 20000: n eval: 123125 H: 21.36 dlogZ: 22.194 logZ: -45.783 +/- 0.146 logLmax: -3.59
08-04 10:04 nessai INFO    : it: 21000: Rolling KS test: D=0.026, p-value=0.2543
08-04 10:04 nessai INFO    : it: 21000: n eval: 133001 H: 21.67 dlogZ: 14.698 logZ: -38.082 +/- 0.147 logLmax: -2.38
08-04 10:04 nessai INFO    : it: 22000: Rolling KS test: D=0.025, p-value=0.2818
08-04 10:04 nessai INFO    : it: 22000: n eval: 155622 H: 22.13 dlogZ: 9.883 logZ: -33.744 +/- 0.149 logLmax: -1.86
08-04 10:04 nessai INFO    : it: 23000: Rolling KS test: D=0.039, p-value=0.0465
08-04 10:04 nessai INFO    : it: 23000: n eval: 177755 H: 22.46 dlogZ: 6.534 logZ: -31.175 +/- 0.150 logLmax: -1.64
08-04 10:04 nessai INFO    : it: 24000: Rolling KS test: D=0.018, p-value=0.5169
08-04 10:04 nessai INFO    : it: 24000: n eval: 207564 H: 22.82 dlogZ: 4.045 logZ: -29.670 +/- 0.151 logLmax: -1.64
08-04 10:04 nessai INFO    : it: 25000: Rolling KS test: D=0.036, p-value=0.07308
08-04 10:04 nessai INFO    : it: 25000: n eval: 243548 H: 23.10 dlogZ: 2.300 logZ: -28.837 +/- 0.152 logLmax: -1.64
08-04 10:04 nessai INFO    : it: 26000: Rolling KS test: D=0.015, p-value=0.6313
08-04 10:04 nessai INFO    : it: 26000: n eval: 303548 H: 23.31 dlogZ: 1.235 logZ: -28.384 +/- 0.153 logLmax: -1.49
08-04 10:04 nessai INFO    : it: 27000: Rolling KS test: D=0.031, p-value=0.1433
08-04 10:04 nessai INFO    : it: 27000: n eval: 353548 H: 23.49 dlogZ: 0.581 logZ: -28.132 +/- 0.153 logLmax: -1.37
08-04 10:04 nessai INFO    : it: 28000: Rolling KS test: D=0.049, p-value=0.007937
08-04 10:04 nessai INFO    : it: 28000: n eval: 443548 H: 23.60 dlogZ: 0.253 logZ: -28.000 +/- 0.154 logLmax: -1.25
08-04 10:05 nessai INFO    : it: 29000: Rolling KS test: D=0.034, p-value=0.09683
08-04 10:05 nessai INFO    : it: 29000: n eval: 583548 H: 23.67 dlogZ: 0.125 logZ: -27.936 +/- 0.154 logLmax: -0.96
08-04 10:05 nessai INFO    : Stopping with difference_log_evidence=0.100
08-04 10:05 nessai INFO    : Finalising
08-04 10:05 nessai INFO    : Final ln-evidence: -27.883 +/- 0.154
08-04 10:05 nessai INFO    : Information: 23.75
08-04 10:05 nessai INFO    : Final KS test: D=0.007973, p-value=0.0242
08-04 10:05 nessai WARNING : Final p-value for the insertion indices is less than 0.05, this could be an indication of problems during sampling. Consider checking the diagnostic plots.
08-04 10:05 nessai INFO    : Checkpointing nested sampling
08-04 10:05 nessai INFO    : Total sampling time: 0:01:44.749840
08-04 10:05 nessai INFO    : Total training time: 0:00:36.452252
08-04 10:05 nessai INFO    : Total population time: 0:00:30.937916
08-04 10:05 nessai INFO    : Total likelihood evaluations: 623548
08-04 10:05 nessai INFO    : Time spent evaluating likelihood: 0:00:09.961877
08-04 10:05 nessai INFO    : Total sampling time: 0:01:44.749840
08-04 10:05 nessai INFO    : Total likelihood evaluations: 623548
08-04 10:05 nessai INFO    : Starting post processing
08-04 10:05 nessai INFO    : Computing posterior samples
08-04 10:05 nessai INFO    : Effective sample size: 6076.7
08-04 10:05 nessai INFO    : Producing posterior samples using rejection sampling
08-04 10:05 nessai INFO    : Expect 4277.209280900594 samples from rejection sampling
08-04 10:05 nessai INFO    : Returned 4273 posterior samples
08-04 10:05 nessai INFO    : Starting to close worker pool.
08-04 10:05 nessai INFO    : Finished closing worker pool.
