/data/wiay/postgrads/shashwat/qunat_com_future/lib/python3.11/site-packages/nessai/utils/logging.py:133: FutureWarning: setup_logger is deprecated, use configure_logger instead
  warnings.warn(
08-04 14:41 nessai INFO    : Running Nessai version 0.15.2
08-04 14:41 nessai INFO    : Starting multiprocessing pool with 4 processes
08-04 14:41 nessai INFO    : Initialising nested sampler
08-04 14:41 nessai WARNING : Multiprocessing pool has already been configured.
/data/wiay/postgrads/shashwat/qunat_com_future/lib/python3.11/site-packages/nessai/gw/__init__.py:12: FutureWarning: The `nessai.gw` module will be deprecated in the next release in favour of the nessai-gw package. This packages provides the same functionality as`nessai.gw` via the plugin interface.For more details, see: https://github.com/mj-will/nessai-gw
  warnings.warn(
08-04 14:41 nessai INFO    : Passing kwargs to FlowProposal: {'poolsize': 1000}
08-04 14:41 nessai INFO    : No reparameterisations provided, using default reparameterisations included in FlowProposal
08-04 14:41 nessai INFO    : Adding reparameterisations from: {}
08-04 14:41 nessai INFO    : Assuming fallback reparameterisation (ScaleAndShift) for ['kappa', 'mu_xi', 'sigma_chi', 'sigma_xi', 'rho', 'lambda_chi', 'chi0', 'xi0'] with kwargs: {'estimate_scale': True, 'estimate_shift': True, 'prior_bounds': {'kappa': array([0.1, 5. ]), 'mu_xi': array([0. , 0.1]), 'sigma_chi': array([0.05, 0.6 ]), 'sigma_xi': array([0.05, 0.4 ]), 'rho': array([-0.9,  0.9]), 'lambda_chi': array([-0.5,  0.5]), 'chi0': array([-0.5,  0.5]), 'xi0': array([2.5, 5. ])}}.
08-04 14:41 nessai INFO    : x space parameters: ['kappa', 'mu_xi', 'sigma_chi', 'sigma_xi', 'rho', 'lambda_chi', 'chi0', 'xi0']
08-04 14:41 nessai INFO    : x prime space parameters: ['kappa_prime', 'mu_xi_prime', 'sigma_chi_prime', 'sigma_xi_prime', 'rho_prime', 'lambda_chi_prime', 'chi0_prime', 'xi0_prime']
08-04 14:41 nessai INFO    : Overwriting fuzz factor with expansion fraction
08-04 14:41 nessai INFO    : New fuzz factor: 1.2228445449938519
08-04 14:41 nessai INFO    : Verifying rescaling functions
08-04 14:41 nessai INFO    : Rescaling functions are invertible
08-04 14:41 nessai INFO    : Populating initial live points
08-04 14:41 nessai INFO    : Populated 100 / 1000 live points
08-04 14:41 nessai INFO    : Populated 200 / 1000 live points
08-04 14:41 nessai INFO    : Populated 300 / 1000 live points
08-04 14:41 nessai INFO    : Populated 400 / 1000 live points
08-04 14:41 nessai INFO    : Populated 500 / 1000 live points
08-04 14:41 nessai INFO    : Populated 600 / 1000 live points
08-04 14:41 nessai INFO    : Populated 700 / 1000 live points
08-04 14:41 nessai INFO    : Populated 800 / 1000 live points
08-04 14:41 nessai INFO    : Populated 900 / 1000 live points
08-04 14:41 nessai INFO    : Populated 1000 / 1000 live points
08-04 14:41 nessai INFO    : Starting nested sampling loop
08-04 14:41 nessai INFO    : it:  1000: Rolling KS test: D=0.023, p-value=0.3419
08-04 14:41 nessai INFO    : it:  1000: n eval: 3000 H: 7.91 dlogZ: 3784929.170 logZ: -3788332.691 +/- 0.089 logLmax: -3402.52
08-04 14:41 nessai INFO    : it:  2000: Rolling KS test: D=0.028, p-value=0.2046
08-04 14:41 nessai INFO    : it:  2000: n eval: 8000 H: 8.91 dlogZ: 745223.506 logZ: -748121.447 +/- 0.094 logLmax: -2895.94
08-04 14:41 nessai INFO    : Switching to FlowProposal
08-04 14:41 nessai INFO    : it:  3000: Rolling KS test: D=0.026, p-value=0.2543
08-04 14:41 nessai INFO    : it:  3000: n eval: 12120 H: 9.91 dlogZ: 240006.130 logZ: -241138.090 +/- 0.100 logLmax: -1128.96
08-04 14:41 nessai INFO    : it:  4000: Rolling KS test: D=0.018, p-value=0.5169
08-04 14:41 nessai INFO    : it:  4000: n eval: 16307 H: 10.91 dlogZ: 91831.280 logZ: -92357.756 +/- 0.104 logLmax: -522.48
08-04 14:41 nessai INFO    : it:  5000: Rolling KS test: D=0.008, p-value=0.8752
08-04 14:41 nessai INFO    : it:  5000: n eval: 20840 H: 11.91 dlogZ: 38101.244 logZ: -38628.719 +/- 0.109 logLmax: -522.48
08-04 14:41 nessai INFO    : it:  6000: Rolling KS test: D=0.029, p-value=0.1825
08-04 14:41 nessai INFO    : it:  6000: n eval: 25951 H: 12.90 dlogZ: 17456.159 logZ: -17677.933 +/- 0.114 logLmax: -215.78
08-04 14:41 nessai INFO    : it:  7000: Rolling KS test: D=0.038, p-value=0.05428
08-04 14:41 nessai INFO    : it:  7000: n eval: 30683 H: 13.26 dlogZ: 8372.910 logZ: -8507.767 +/- 0.115 logLmax: -127.86
08-04 14:41 nessai INFO    : it:  8000: Rolling KS test: D=0.034, p-value=0.09683
08-04 14:41 nessai INFO    : it:  8000: n eval: 35839 H: 14.21 dlogZ: 4054.976 logZ: -4160.019 +/- 0.119 logLmax: -97.04
08-04 14:41 nessai INFO    : it:  9000: Rolling KS test: D=0.019, p-value=0.4797
08-04 14:42 nessai INFO    : it:  9000: n eval: 40775 H: 15.16 dlogZ: 2016.071 logZ: -2038.574 +/- 0.123 logLmax: -13.50
08-04 14:42 nessai INFO    : it: 10000: Rolling KS test: D=0.011, p-value=0.7794
08-04 14:42 nessai INFO    : it: 10000: n eval: 50250 H: 15.65 dlogZ: 1018.284 logZ: -1041.786 +/- 0.125 logLmax: -13.50
08-04 14:42 nessai INFO    : it: 11000: Rolling KS test: D=0.019, p-value=0.4797
08-04 14:42 nessai INFO    : it: 11000: n eval: 56631 H: 16.29 dlogZ: 533.543 logZ: -558.046 +/- 0.128 logLmax: -13.50
08-04 14:42 nessai INFO    : it: 12000: Rolling KS test: D=0.02, p-value=0.4434
08-04 14:42 nessai INFO    : it: 12000: n eval: 67552 H: 15.82 dlogZ: 281.422 logZ: -306.924 +/- 0.126 logLmax: -13.50
08-04 14:42 nessai INFO    : it: 13000: Rolling KS test: D=0.009, p-value=0.8454
08-04 14:42 nessai INFO    : it: 13000: n eval: 74595 H: 16.44 dlogZ: 157.250 logZ: -177.388 +/- 0.128 logLmax: -7.14
08-04 14:42 nessai INFO    : it: 14000: Rolling KS test: D=0.012, p-value=0.7438
08-04 14:42 nessai INFO    : it: 14000: n eval: 87010 H: 16.67 dlogZ: 91.073 logZ: -110.035 +/- 0.129 logLmax: -4.96
08-04 14:42 nessai INFO    : it: 15000: Rolling KS test: D=0.014, p-value=0.6695
08-04 14:42 nessai INFO    : it: 15000: n eval: 101213 H: 17.16 dlogZ: 55.638 logZ: -75.600 +/- 0.131 logLmax: -4.96
08-04 14:42 nessai INFO    : it: 16000: Rolling KS test: D=0.03, p-value=0.162
08-04 14:42 nessai INFO    : it: 16000: n eval: 118283 H: 17.63 dlogZ: 37.563 logZ: -57.480 +/- 0.133 logLmax: -3.92
08-04 14:42 nessai INFO    : it: 17000: Rolling KS test: D=0.041, p-value=0.03371
08-04 14:42 nessai INFO    : it: 17000: n eval: 147503 H: 18.15 dlogZ: 24.699 logZ: -45.616 +/- 0.135 logLmax: -3.92
08-04 14:42 nessai INFO    : it: 18000: Rolling KS test: D=0.035, p-value=0.08429
08-04 14:42 nessai INFO    : it: 18000: n eval: 168187 H: 18.78 dlogZ: 16.895 logZ: -37.871 +/- 0.137 logLmax: -2.98
08-04 14:42 nessai INFO    : it: 19000: Rolling KS test: D=0.026, p-value=0.2543
08-04 14:42 nessai INFO    : it: 19000: n eval: 199471 H: 19.32 dlogZ: 10.791 logZ: -32.452 +/- 0.139 logLmax: -2.66
08-04 14:42 nessai INFO    : it: 20000: Rolling KS test: D=0.018, p-value=0.5169
08-04 14:42 nessai INFO    : it: 20000: n eval: 234217 H: 19.71 dlogZ: 7.223 logZ: -29.240 +/- 0.140 logLmax: -2.02
08-04 14:42 nessai INFO    : it: 21000: Rolling KS test: D=0.015, p-value=0.6313
08-04 14:42 nessai INFO    : it: 21000: n eval: 272765 H: 20.12 dlogZ: 4.329 logZ: -27.334 +/- 0.142 logLmax: -2.02
08-04 14:43 nessai INFO    : it: 22000: Rolling KS test: D=0.025, p-value=0.2818
08-04 14:43 nessai INFO    : it: 22000: n eval: 342765 H: 20.40 dlogZ: 2.410 logZ: -26.280 +/- 0.143 logLmax: -1.97
08-04 14:43 nessai INFO    : it: 23000: Rolling KS test: D=0.022, p-value=0.3744
08-04 14:43 nessai INFO    : it: 23000: n eval: 412765 H: 20.62 dlogZ: 1.318 logZ: -25.710 +/- 0.144 logLmax: -1.70
08-04 14:43 nessai INFO    : it: 24000: Rolling KS test: D=0.043, p-value=0.02406
08-04 14:43 nessai INFO    : it: 24000: n eval: 522765 H: 20.79 dlogZ: 0.559 logZ: -25.414 +/- 0.144 logLmax: -1.70
08-04 14:43 nessai INFO    : it: 25000: Rolling KS test: D=0.022, p-value=0.3744
08-04 14:43 nessai INFO    : it: 25000: n eval: 652765 H: 20.88 dlogZ: 0.266 logZ: -25.270 +/- 0.145 logLmax: -1.46
08-04 14:43 nessai INFO    : it: 26000: Rolling KS test: D=0.036, p-value=0.07308
08-04 14:43 nessai INFO    : it: 26000: n eval: 802765 H: 20.94 dlogZ: 0.105 logZ: -25.203 +/- 0.145 logLmax: -1.40
08-04 14:43 nessai INFO    : Stopping with difference_log_evidence=0.100
08-04 14:43 nessai INFO    : Finalising
08-04 14:44 nessai INFO    : Final ln-evidence: -25.151 +/- 0.145
08-04 14:44 nessai INFO    : Information: 21.00
08-04 14:44 nessai INFO    : Final KS test: D=0.009986, p-value=0.005405
08-04 14:44 nessai WARNING : Final p-value for the insertion indices is less than 0.05, this could be an indication of problems during sampling. Consider checking the diagnostic plots.
08-04 14:44 nessai INFO    : Checkpointing nested sampling
08-04 14:44 nessai INFO    : Total sampling time: 0:02:19.329772
08-04 14:44 nessai INFO    : Total training time: 0:00:45.277334
08-04 14:44 nessai INFO    : Total population time: 0:00:50.242974
08-04 14:44 nessai INFO    : Total likelihood evaluations: 822765
08-04 14:44 nessai INFO    : Time spent evaluating likelihood: 0:00:15.316224
08-04 14:44 nessai INFO    : Total sampling time: 0:02:19.329772
08-04 14:44 nessai INFO    : Total likelihood evaluations: 822765
08-04 14:44 nessai INFO    : Starting post processing
08-04 14:44 nessai INFO    : Computing posterior samples
08-04 14:44 nessai INFO    : Effective sample size: 5626.8
08-04 14:44 nessai INFO    : Producing posterior samples using rejection sampling
08-04 14:44 nessai INFO    : Expect 3848.401393655683 samples from rejection sampling
08-04 14:44 nessai INFO    : Returned 3878 posterior samples
08-04 14:44 nessai INFO    : Starting to close worker pool.
08-04 14:44 nessai INFO    : Finished closing worker pool.
