/data/wiay/postgrads/shashwat/qunat_com_future/lib/python3.11/site-packages/nessai/utils/logging.py:133: FutureWarning: setup_logger is deprecated, use configure_logger instead
  warnings.warn(
08-04 12:36 nessai INFO    : Running Nessai version 0.15.2
08-04 12:36 nessai INFO    : Starting multiprocessing pool with 4 processes
08-04 12:36 nessai INFO    : Initialising nested sampler
08-04 12:36 nessai WARNING : Multiprocessing pool has already been configured.
/data/wiay/postgrads/shashwat/qunat_com_future/lib/python3.11/site-packages/nessai/gw/__init__.py:12: FutureWarning: The `nessai.gw` module will be deprecated in the next release in favour of the nessai-gw package. This packages provides the same functionality as`nessai.gw` via the plugin interface.For more details, see: https://github.com/mj-will/nessai-gw
  warnings.warn(
08-04 12:36 nessai INFO    : Passing kwargs to FlowProposal: {'poolsize': 1000}
08-04 12:36 nessai INFO    : No reparameterisations provided, using default reparameterisations included in FlowProposal
08-04 12:36 nessai INFO    : Adding reparameterisations from: {}
08-04 12:36 nessai INFO    : Assuming fallback reparameterisation (ScaleAndShift) for ['kappa', 'mu_xi', 'sigma_chi', 'sigma_xi', 'rho', 'lambda_chi', 'chi0', 'xi0'] with kwargs: {'estimate_scale': True, 'estimate_shift': True, 'prior_bounds': {'kappa': array([0.1, 5. ]), 'mu_xi': array([0. , 0.1]), 'sigma_chi': array([0.05, 0.6 ]), 'sigma_xi': array([0.05, 0.4 ]), 'rho': array([-0.9,  0.9]), 'lambda_chi': array([-0.5,  0.5]), 'chi0': array([-0.5,  0.5]), 'xi0': array([2.5, 5. ])}}.
08-04 12:36 nessai INFO    : x space parameters: ['kappa', 'mu_xi', 'sigma_chi', 'sigma_xi', 'rho', 'lambda_chi', 'chi0', 'xi0']
08-04 12:36 nessai INFO    : x prime space parameters: ['kappa_prime', 'mu_xi_prime', 'sigma_chi_prime', 'sigma_xi_prime', 'rho_prime', 'lambda_chi_prime', 'chi0_prime', 'xi0_prime']
08-04 12:36 nessai INFO    : Overwriting fuzz factor with expansion fraction
08-04 12:36 nessai INFO    : New fuzz factor: 1.2228445449938519
08-04 12:36 nessai INFO    : Verifying rescaling functions
08-04 12:36 nessai INFO    : Rescaling functions are invertible
08-04 12:36 nessai INFO    : Populating initial live points
08-04 12:36 nessai INFO    : Populated 100 / 1000 live points
08-04 12:36 nessai INFO    : Populated 200 / 1000 live points
08-04 12:36 nessai INFO    : Populated 300 / 1000 live points
08-04 12:36 nessai INFO    : Populated 400 / 1000 live points
08-04 12:36 nessai INFO    : Populated 500 / 1000 live points
08-04 12:36 nessai INFO    : Populated 600 / 1000 live points
08-04 12:36 nessai INFO    : Populated 700 / 1000 live points
08-04 12:36 nessai INFO    : Populated 800 / 1000 live points
08-04 12:36 nessai INFO    : Populated 900 / 1000 live points
08-04 12:36 nessai INFO    : Populated 1000 / 1000 live points
08-04 12:36 nessai INFO    : Starting nested sampling loop
08-04 12:36 nessai INFO    : it:  1000: Rolling KS test: D=0.01, p-value=0.8133
08-04 12:36 nessai INFO    : it:  1000: n eval: 3000 H: 7.91 dlogZ: 11782942.762 logZ: -11810649.919 +/- 0.089 logLmax: -27706.16
08-04 12:36 nessai INFO    : it:  2000: Rolling KS test: D=0.011, p-value=0.7794
08-04 12:36 nessai INFO    : it:  2000: n eval: 8000 H: 8.91 dlogZ: 2848909.192 logZ: -2876617.350 +/- 0.094 logLmax: -27706.16
08-04 12:36 nessai INFO    : Switching to FlowProposal
08-04 12:36 nessai INFO    : it:  3000: Rolling KS test: D=0.025, p-value=0.2818
08-04 12:36 nessai INFO    : it:  3000: n eval: 12118 H: 9.91 dlogZ: 1099587.934 logZ: -1121752.894 +/- 0.100 logLmax: -22161.96
08-04 12:36 nessai INFO    : it:  4000: Rolling KS test: D=0.024, p-value=0.311
08-04 12:36 nessai INFO    : it:  4000: n eval: 15914 H: 10.91 dlogZ: 515291.554 logZ: -520173.979 +/- 0.104 logLmax: -4878.43
08-04 12:36 nessai INFO    : it:  5000: Rolling KS test: D=0.004, p-value=0.9659
08-04 12:36 nessai INFO    : it:  5000: n eval: 17730 H: 11.91 dlogZ: 264819.788 logZ: -265563.651 +/- 0.109 logLmax: -738.86
08-04 12:36 nessai INFO    : it:  6000: Rolling KS test: D=0.021, p-value=0.4082
08-04 12:36 nessai INFO    : it:  6000: n eval: 21962 H: 12.91 dlogZ: 139763.744 logZ: -140508.608 +/- 0.114 logLmax: -738.86
08-04 12:36 nessai INFO    : it:  7000: Rolling KS test: D=0.005, p-value=0.9481
08-04 12:36 nessai INFO    : it:  7000: n eval: 29757 H: 13.91 dlogZ: 77958.053 logZ: -78703.916 +/- 0.118 logLmax: -738.86
08-04 12:36 nessai INFO    : it:  8000: Rolling KS test: D=0.011, p-value=0.7794
08-04 12:36 nessai INFO    : it:  8000: n eval: 31968 H: 14.90 dlogZ: 44683.517 logZ: -45430.380 +/- 0.122 logLmax: -738.86
08-04 12:36 nessai INFO    : it:  9000: Rolling KS test: D=0.039, p-value=0.0465
08-04 12:36 nessai INFO    : it:  9000: n eval: 37173 H: 15.91 dlogZ: 25751.394 logZ: -26499.257 +/- 0.126 logLmax: -738.86
08-04 12:36 nessai INFO    : it: 10000: Rolling KS test: D=0.021, p-value=0.4082
08-04 12:36 nessai INFO    : it: 10000: n eval: 44918 H: 16.78 dlogZ: 14779.708 logZ: -15310.011 +/- 0.130 logLmax: -520.30
08-04 12:36 nessai INFO    : it: 11000: Rolling KS test: D=0.012, p-value=0.7438
08-04 12:36 nessai INFO    : it: 11000: n eval: 49617 H: 17.42 dlogZ: 8641.695 logZ: -9111.266 +/- 0.132 logLmax: -458.57
08-04 12:36 nessai INFO    : it: 12000: Rolling KS test: D=0.017, p-value=0.5547
08-04 12:36 nessai INFO    : it: 12000: n eval: 54716 H: 18.61 dlogZ: 5418.920 logZ: -5511.335 +/- 0.136 logLmax: -80.42
08-04 12:36 nessai INFO    : it: 13000: Rolling KS test: D=0.017, p-value=0.5547
08-04 12:36 nessai INFO    : it: 13000: n eval: 60679 H: 19.85 dlogZ: 3259.806 logZ: -3353.221 +/- 0.141 logLmax: -80.42
08-04 12:36 nessai INFO    : it: 14000: Rolling KS test: D=0.029, p-value=0.1825
08-04 12:36 nessai INFO    : it: 14000: n eval: 66020 H: 19.44 dlogZ: 1974.166 logZ: -2065.115 +/- 0.139 logLmax: -76.95
08-04 12:36 nessai INFO    : it: 15000: Rolling KS test: D=0.002, p-value=0.9907
08-04 12:36 nessai INFO    : it: 15000: n eval: 75596 H: 20.44 dlogZ: 1175.548 logZ: -1250.497 +/- 0.143 logLmax: -59.95
08-04 12:36 nessai INFO    : it: 16000: Rolling KS test: D=0.015, p-value=0.6313
08-04 12:36 nessai INFO    : it: 16000: n eval: 81992 H: 20.95 dlogZ: 720.355 logZ: -758.452 +/- 0.145 logLmax: -22.10
08-04 12:36 nessai INFO    : it: 17000: Rolling KS test: D=0.017, p-value=0.5547
08-04 12:36 nessai INFO    : it: 17000: n eval: 92912 H: 21.27 dlogZ: 432.623 logZ: -464.443 +/- 0.146 logLmax: -14.82
08-04 12:36 nessai INFO    : it: 18000: Rolling KS test: D=0.012, p-value=0.7438
08-04 12:36 nessai INFO    : it: 18000: n eval: 100387 H: 21.96 dlogZ: 256.338 logZ: -288.935 +/- 0.148 logLmax: -14.60
08-04 12:36 nessai INFO    : it: 19000: Rolling KS test: D=0.048, p-value=0.009645
08-04 12:36 nessai INFO    : it: 19000: n eval: 113083 H: 22.17 dlogZ: 155.573 logZ: -182.634 +/- 0.149 logLmax: -8.06
08-04 12:36 nessai INFO    : it: 20000: Rolling KS test: D=0.013, p-value=0.7071
08-04 12:36 nessai INFO    : it: 20000: n eval: 126839 H: 23.02 dlogZ: 94.366 logZ: -121.539 +/- 0.152 logLmax: -7.17
08-04 12:37 nessai INFO    : it: 21000: Rolling KS test: D=0.013, p-value=0.7071
08-04 12:37 nessai INFO    : it: 21000: n eval: 140547 H: 23.22 dlogZ: 59.689 logZ: -85.724 +/- 0.152 logLmax: -5.04
08-04 12:37 nessai INFO    : it: 22000: Rolling KS test: D=0.009, p-value=0.8454
08-04 12:37 nessai INFO    : it: 22000: n eval: 160584 H: 23.81 dlogZ: 37.879 logZ: -63.618 +/- 0.154 logLmax: -3.74
08-04 12:37 nessai INFO    : it: 23000: Rolling KS test: D=0.036, p-value=0.07308
08-04 12:37 nessai INFO    : it: 23000: n eval: 189190 H: 24.23 dlogZ: 23.247 logZ: -49.986 +/- 0.156 logLmax: -3.74
08-04 12:37 nessai INFO    : it: 24000: Rolling KS test: D=0.022, p-value=0.3744
08-04 12:37 nessai INFO    : it: 24000: n eval: 213723 H: 24.69 dlogZ: 14.468 logZ: -42.207 +/- 0.157 logLmax: -3.74
08-04 12:37 nessai INFO    : it: 25000: Rolling KS test: D=0.019, p-value=0.4797
08-04 12:37 nessai INFO    : it: 25000: n eval: 260967 H: 25.05 dlogZ: 10.010 logZ: -37.940 +/- 0.158 logLmax: -2.93
08-04 12:37 nessai INFO    : it: 26000: Rolling KS test: D=0.033, p-value=0.1108
08-04 12:37 nessai INFO    : it: 26000: n eval: 320316 H: 25.41 dlogZ: 7.077 logZ: -35.477 +/- 0.159 logLmax: -2.40
08-04 12:37 nessai INFO    : it: 27000: Rolling KS test: D=0.062, p-value=0.0004376
08-04 12:37 nessai INFO    : it: 27000: n eval: 390316 H: 25.81 dlogZ: 4.936 logZ: -33.991 +/- 0.161 logLmax: -2.06
08-04 12:37 nessai INFO    : it: 28000: Rolling KS test: D=0.021, p-value=0.4082
08-04 12:37 nessai INFO    : it: 28000: n eval: 490316 H: 26.16 dlogZ: 3.497 logZ: -33.093 +/- 0.162 logLmax: -1.63
08-04 12:38 nessai INFO    : it: 29000: Rolling KS test: D=0.017, p-value=0.5547
08-04 12:38 nessai INFO    : it: 29000: n eval: 610316 H: 26.47 dlogZ: 2.234 logZ: -32.546 +/- 0.163 logLmax: -1.43
08-04 12:38 nessai INFO    : it: 30000: Rolling KS test: D=0.024, p-value=0.311
08-04 12:38 nessai INFO    : it: 30000: n eval: 740316 H: 26.71 dlogZ: 1.341 logZ: -32.222 +/- 0.163 logLmax: -1.18
08-04 12:38 nessai INFO    : it: 31000: Rolling KS test: D=0.032, p-value=0.1263
08-04 12:38 nessai INFO    : it: 31000: n eval: 860316 H: 26.89 dlogZ: 0.623 logZ: -32.039 +/- 0.164 logLmax: -1.18
08-04 12:39 nessai INFO    : it: 32000: Rolling KS test: D=0.053, p-value=0.003498
08-04 12:39 nessai INFO    : it: 32000: n eval: 1030316 H: 27.01 dlogZ: 0.257 logZ: -31.941 +/- 0.164 logLmax: -1.17
08-04 12:39 nessai INFO    : it: 33000: Rolling KS test: D=0.016, p-value=0.593
08-04 12:39 nessai INFO    : it: 33000: n eval: 1220316 H: 27.08 dlogZ: 0.104 logZ: -31.890 +/- 0.165 logLmax: -1.10
08-04 12:39 nessai INFO    : Stopping with difference_log_evidence=0.100
08-04 12:39 nessai INFO    : Finalising
08-04 12:39 nessai INFO    : Final ln-evidence: -31.845 +/- 0.165
08-04 12:39 nessai INFO    : Information: 27.16
08-04 12:39 nessai INFO    : Final KS test: D=0.00755, p-value=0.02301
08-04 12:39 nessai WARNING : Final p-value for the insertion indices is less than 0.05, this could be an indication of problems during sampling. Consider checking the diagnostic plots.
08-04 12:39 nessai INFO    : Checkpointing nested sampling
08-04 12:39 nessai INFO    : Total sampling time: 0:03:21.502251
08-04 12:39 nessai INFO    : Total training time: 0:01:05.662057
08-04 12:39 nessai INFO    : Total population time: 0:01:16.598359
08-04 12:39 nessai INFO    : Total likelihood evaluations: 1230316
08-04 12:39 nessai INFO    : Time spent evaluating likelihood: 0:00:23.121010
08-04 12:39 nessai INFO    : Total sampling time: 0:03:21.502251
08-04 12:39 nessai INFO    : Total likelihood evaluations: 1230316
08-04 12:39 nessai INFO    : Starting post processing
08-04 12:39 nessai INFO    : Computing posterior samples
08-04 12:39 nessai INFO    : Effective sample size: 6683.0
08-04 12:39 nessai INFO    : Producing posterior samples using rejection sampling
08-04 12:39 nessai INFO    : Expect 4720.354870320344 samples from rejection sampling
08-04 12:39 nessai INFO    : Returned 4737 posterior samples
08-04 12:39 nessai INFO    : Starting to close worker pool.
08-04 12:39 nessai INFO    : Finished closing worker pool.
