/data/wiay/postgrads/shashwat/qunat_com_future/lib/python3.11/site-packages/nessai/utils/logging.py:133: FutureWarning: setup_logger is deprecated, use configure_logger instead
  warnings.warn(
08-04 14:20 nessai INFO    : Running Nessai version 0.15.2
08-04 14:20 nessai INFO    : Starting multiprocessing pool with 4 processes
08-04 14:20 nessai INFO    : Initialising nested sampler
08-04 14:20 nessai WARNING : Multiprocessing pool has already been configured.
/data/wiay/postgrads/shashwat/qunat_com_future/lib/python3.11/site-packages/nessai/gw/__init__.py:12: FutureWarning: The `nessai.gw` module will be deprecated in the next release in favour of the nessai-gw package. This packages provides the same functionality as`nessai.gw` via the plugin interface.For more details, see: https://github.com/mj-will/nessai-gw
  warnings.warn(
08-04 14:20 nessai INFO    : Passing kwargs to FlowProposal: {'poolsize': 1000}
08-04 14:20 nessai INFO    : No reparameterisations provided, using default reparameterisations included in FlowProposal
08-04 14:20 nessai INFO    : Adding reparameterisations from: {}
08-04 14:20 nessai INFO    : Assuming fallback reparameterisation (ScaleAndShift) for ['kappa', 'mu_xi', 'sigma_chi', 'sigma_xi', 'rho', 'lambda_chi', 'chi0', 'xi0'] with kwargs: {'estimate_scale': True, 'estimate_shift': True, 'prior_bounds': {'kappa': array([0.1, 5. ]), 'mu_xi': array([0. , 0.1]), 'sigma_chi': array([0.05, 0.6 ]), 'sigma_xi': array([0.05, 0.4 ]), 'rho': array([-0.9,  0.9]), 'lambda_chi': array([-0.5,  0.5]), 'chi0': array([-0.5,  0.5]), 'xi0': array([2.5, 5. ])}}.
08-04 14:20 nessai INFO    : x space parameters: ['kappa', 'mu_xi', 'sigma_chi', 'sigma_xi', 'rho', 'lambda_chi', 'chi0', 'xi0']
08-04 14:20 nessai INFO    : x prime space parameters: ['kappa_prime', 'mu_xi_prime', 'sigma_chi_prime', 'sigma_xi_prime', 'rho_prime', 'lambda_chi_prime', 'chi0_prime', 'xi0_prime']
08-04 14:20 nessai INFO    : Overwriting fuzz factor with expansion fraction
08-04 14:20 nessai INFO    : New fuzz factor: 1.2228445449938519
08-04 14:20 nessai INFO    : Verifying rescaling functions
08-04 14:20 nessai INFO    : Rescaling functions are invertible
08-04 14:20 nessai INFO    : Populating initial live points
08-04 14:20 nessai INFO    : Populated 100 / 1000 live points
08-04 14:20 nessai INFO    : Populated 200 / 1000 live points
08-04 14:20 nessai INFO    : Populated 300 / 1000 live points
08-04 14:20 nessai INFO    : Populated 400 / 1000 live points
08-04 14:20 nessai INFO    : Populated 500 / 1000 live points
08-04 14:20 nessai INFO    : Populated 600 / 1000 live points
08-04 14:20 nessai INFO    : Populated 700 / 1000 live points
08-04 14:20 nessai INFO    : Populated 800 / 1000 live points
08-04 14:20 nessai INFO    : Populated 900 / 1000 live points
08-04 14:20 nessai INFO    : Populated 1000 / 1000 live points
08-04 14:20 nessai INFO    : Starting nested sampling loop
08-04 14:20 nessai INFO    : it:  1000: Rolling KS test: D=0.014, p-value=0.6695
08-04 14:20 nessai INFO    : it:  1000: n eval: 3000 H: 7.91 dlogZ: 30922834.451 logZ: -30961562.034 +/- 0.089 logLmax: -38726.58
08-04 14:20 nessai INFO    : it:  2000: Rolling KS test: D=0.046, p-value=0.01407
08-04 14:20 nessai INFO    : it:  2000: n eval: 8000 H: 8.91 dlogZ: 8177668.606 logZ: -8216397.189 +/- 0.094 logLmax: -38726.58
08-04 14:20 nessai INFO    : Switching to FlowProposal
/data/wiay/postgrads/shashwat/qunat_com_future/lib/python3.11/site-packages/torch/autograd/graph.py:882: UserWarning: CUDA initialization: The NVIDIA driver on your system is too old (found version 12020). Please update your GPU driver by downloading and installing a new version from the URL: http://www.nvidia.com/Download/index.aspx Alternatively, go to: https://pytorch.org to install a PyTorch version that has been compiled with your version of the CUDA driver. (Triggered internally at /pytorch/c10/cuda/CUDAFunctions.cpp:119.)
  return Variable._execution_engine.run_backward(  # Calls into the C++ engine to run the backward pass
08-04 14:20 nessai INFO    : it:  3000: Rolling KS test: D=0.009, p-value=0.8454
08-04 14:20 nessai INFO    : it:  3000: n eval: 12214 H: 9.91 dlogZ: 2821078.899 logZ: -2826478.400 +/- 0.100 logLmax: -5396.50
08-04 14:20 nessai INFO    : it:  4000: Rolling KS test: D=0.017, p-value=0.5547
08-04 14:20 nessai INFO    : it:  4000: n eval: 15970 H: 10.91 dlogZ: 1137522.779 logZ: -1142923.280 +/- 0.104 logLmax: -5396.50
08-04 14:20 nessai INFO    : it:  5000: Rolling KS test: D=0.008, p-value=0.8752
08-04 14:20 nessai INFO    : it:  5000: n eval: 17906 H: 11.91 dlogZ: 501905.291 logZ: -507306.791 +/- 0.109 logLmax: -5396.50
08-04 14:20 nessai INFO    : it:  6000: Rolling KS test: D=0.024, p-value=0.311
08-04 14:20 nessai INFO    : it:  6000: n eval: 24365 H: 12.91 dlogZ: 231613.406 logZ: -232146.336 +/- 0.114 logLmax: -526.93
08-04 14:20 nessai INFO    : it:  7000: Rolling KS test: D=0.012, p-value=0.7438
08-04 14:20 nessai INFO    : it:  7000: n eval: 26656 H: 13.91 dlogZ: 112809.517 logZ: -113343.447 +/- 0.118 logLmax: -526.93
08-04 14:21 nessai INFO    : it:  8000: Rolling KS test: D=0.014, p-value=0.6695
08-04 14:21 nessai INFO    : it:  8000: n eval: 31180 H: 14.91 dlogZ: 57958.304 logZ: -58493.235 +/- 0.122 logLmax: -526.93
08-04 14:21 nessai INFO    : it:  9000: Rolling KS test: D=0.023, p-value=0.3419
08-04 14:21 nessai INFO    : it:  9000: n eval: 38333 H: 15.91 dlogZ: 29873.910 logZ: -30291.895 +/- 0.126 logLmax: -408.99
08-04 14:21 nessai INFO    : it: 10000: Rolling KS test: D=0.036, p-value=0.07308
08-04 14:21 nessai INFO    : it: 10000: n eval: 44032 H: 16.91 dlogZ: 15557.056 logZ: -15911.235 +/- 0.130 logLmax: -344.18
08-04 14:21 nessai INFO    : it: 11000: Rolling KS test: D=0.034, p-value=0.09683
08-04 14:21 nessai INFO    : it: 11000: n eval: 50026 H: 17.91 dlogZ: 7906.680 logZ: -8261.859 +/- 0.134 logLmax: -344.18
08-04 14:21 nessai INFO    : it: 12000: Rolling KS test: D=0.032, p-value=0.1263
08-04 14:21 nessai INFO    : it: 12000: n eval: 55962 H: 17.88 dlogZ: 4409.852 logZ: -4480.065 +/- 0.134 logLmax: -58.21
08-04 14:21 nessai INFO    : it: 13000: Rolling KS test: D=0.022, p-value=0.3744
08-04 14:21 nessai INFO    : it: 13000: n eval: 65722 H: 19.01 dlogZ: 2310.141 logZ: -2381.355 +/- 0.138 logLmax: -58.21
08-04 14:21 nessai INFO    : it: 14000: Rolling KS test: D=0.025, p-value=0.2818
08-04 14:21 nessai INFO    : it: 14000: n eval: 80853 H: 19.32 dlogZ: 1372.850 logZ: -1399.914 +/- 0.139 logLmax: -13.06
08-04 14:21 nessai INFO    : it: 15000: Rolling KS test: D=0.027, p-value=0.2286
08-04 14:21 nessai INFO    : it: 15000: n eval: 96655 H: 19.44 dlogZ: 796.509 logZ: -822.364 +/- 0.139 logLmax: -10.86
08-04 14:21 nessai INFO    : it: 16000: Rolling KS test: D=0.025, p-value=0.2818
08-04 14:21 nessai INFO    : it: 16000: n eval: 117783 H: 20.61 dlogZ: 489.167 logZ: -510.173 +/- 0.144 logLmax: -5.01
08-04 14:22 nessai INFO    : it: 17000: Rolling KS test: D=0.004, p-value=0.9659
08-04 14:22 nessai INFO    : it: 17000: n eval: 135847 H: 20.86 dlogZ: 299.528 logZ: -321.534 +/- 0.144 logLmax: -5.01
08-04 14:22 nessai INFO    : it: 18000: Rolling KS test: D=0.035, p-value=0.08429
08-04 14:22 nessai INFO    : it: 18000: n eval: 155713 H: 21.27 dlogZ: 182.443 logZ: -205.449 +/- 0.146 logLmax: -5.01
08-04 14:22 nessai INFO    : it: 19000: Rolling KS test: D=0.007, p-value=0.9024
08-04 14:22 nessai INFO    : it: 19000: n eval: 181171 H: 22.29 dlogZ: 108.062 logZ: -132.067 +/- 0.149 logLmax: -5.01
08-04 14:22 nessai INFO    : it: 20000: Rolling KS test: D=0.037, p-value=0.06311
08-04 14:22 nessai INFO    : it: 20000: n eval: 204522 H: 22.49 dlogZ: 65.934 logZ: -90.939 +/- 0.150 logLmax: -5.01
08-04 14:22 nessai INFO    : it: 21000: Rolling KS test: D=0.013, p-value=0.7071
08-04 14:22 nessai INFO    : it: 21000: n eval: 243205 H: 22.81 dlogZ: 42.036 logZ: -66.822 +/- 0.151 logLmax: -3.79
08-04 14:22 nessai INFO    : it: 22000: Rolling KS test: D=0.023, p-value=0.3419
08-04 14:23 nessai INFO    : it: 22000: n eval: 291560 H: 23.34 dlogZ: 26.124 logZ: -51.910 +/- 0.153 logLmax: -3.79
08-04 14:23 nessai INFO    : it: 23000: Rolling KS test: D=0.029, p-value=0.1825
08-04 14:23 nessai INFO    : it: 23000: n eval: 341351 H: 23.85 dlogZ: 18.786 logZ: -42.993 +/- 0.154 logLmax: -1.21
08-04 14:23 nessai INFO    : it: 24000: Rolling KS test: D=0.036, p-value=0.07308
08-04 14:23 nessai INFO    : it: 24000: n eval: 411351 H: 24.31 dlogZ: 12.471 logZ: -37.678 +/- 0.156 logLmax: -1.21
08-04 14:24 nessai INFO    : it: 25000: Rolling KS test: D=0.021, p-value=0.4082
08-04 14:24 nessai INFO    : it: 25000: n eval: 511351 H: 24.68 dlogZ: 8.518 logZ: -34.636 +/- 0.157 logLmax: -1.12
08-04 14:24 nessai INFO    : it: 26000: Rolling KS test: D=0.023, p-value=0.3419
08-04 14:24 nessai INFO    : it: 26000: n eval: 641351 H: 25.09 dlogZ: 5.785 logZ: -32.784 +/- 0.158 logLmax: -1.00
08-04 14:25 nessai INFO    : it: 27000: Rolling KS test: D=0.05, p-value=0.006506
08-04 14:25 nessai INFO    : it: 27000: n eval: 771351 H: 25.45 dlogZ: 3.869 logZ: -31.663 +/- 0.160 logLmax: -0.82
08-04 14:26 nessai INFO    : it: 28000: Rolling KS test: D=0.017, p-value=0.5547
08-04 14:26 nessai INFO    : it: 28000: n eval: 921351 H: 25.77 dlogZ: 2.394 logZ: -30.991 +/- 0.161 logLmax: -0.69
08-04 14:26 nessai INFO    : it: 29000: Rolling KS test: D=0.019, p-value=0.4797
08-04 14:26 nessai INFO    : it: 29000: n eval: 1061351 H: 26.02 dlogZ: 1.245 logZ: -30.598 +/- 0.161 logLmax: -0.69
08-04 14:27 nessai INFO    : it: 30000: Rolling KS test: D=0.035, p-value=0.08429
08-04 14:27 nessai INFO    : it: 30000: n eval: 1191351 H: 26.21 dlogZ: 0.560 logZ: -30.373 +/- 0.162 logLmax: -0.66
08-04 14:28 nessai INFO    : it: 31000: Rolling KS test: D=0.041, p-value=0.03371
08-04 14:28 nessai INFO    : it: 31000: n eval: 1351351 H: 26.34 dlogZ: 0.261 logZ: -30.252 +/- 0.162 logLmax: -0.46
08-04 14:28 nessai INFO    : Stopping with difference_log_evidence=0.100
08-04 14:28 nessai INFO    : Finalising
08-04 14:29 nessai INFO    : Final ln-evidence: -30.140 +/- 0.163
08-04 14:29 nessai INFO    : Information: 26.50
08-04 14:29 nessai INFO    : Final KS test: D=0.01117, p-value=0.0003406
08-04 14:29 nessai WARNING : Final p-value for the insertion indices is less than 0.05, this could be an indication of problems during sampling. Consider checking the diagnostic plots.
08-04 14:29 nessai INFO    : Checkpointing nested sampling
08-04 14:29 nessai INFO    : Total sampling time: 0:08:29.866499
08-04 14:29 nessai INFO    : Total training time: 0:02:30.129567
08-04 14:29 nessai INFO    : Total population time: 0:03:32.546546
08-04 14:29 nessai INFO    : Total likelihood evaluations: 1491351
08-04 14:29 nessai INFO    : Time spent evaluating likelihood: 0:01:26.001207
08-04 14:29 nessai INFO    : Total sampling time: 0:08:29.866499
08-04 14:29 nessai INFO    : Total likelihood evaluations: 1491351
08-04 14:29 nessai INFO    : Starting post processing
08-04 14:29 nessai INFO    : Computing posterior samples
08-04 14:29 nessai INFO    : Effective sample size: 6463.4
08-04 14:29 nessai INFO    : Producing posterior samples using rejection sampling
08-04 14:29 nessai INFO    : Expect 4586.108129952758 samples from rejection sampling
08-04 14:29 nessai INFO    : Returned 4623 posterior samples
08-04 14:29 nessai INFO    : Starting to close worker pool.
08-04 14:29 nessai INFO    : Finished closing worker pool.
