/data/wiay/postgrads/shashwat/qunat_com_future/lib/python3.11/site-packages/nessai/utils/logging.py:133: FutureWarning: setup_logger is deprecated, use configure_logger instead
  warnings.warn(
08-04 13:11 nessai INFO    : Running Nessai version 0.15.2
08-04 13:11 nessai INFO    : Starting multiprocessing pool with 4 processes
08-04 13:11 nessai INFO    : Initialising nested sampler
08-04 13:11 nessai WARNING : Multiprocessing pool has already been configured.
/data/wiay/postgrads/shashwat/qunat_com_future/lib/python3.11/site-packages/nessai/gw/__init__.py:12: FutureWarning: The `nessai.gw` module will be deprecated in the next release in favour of the nessai-gw package. This packages provides the same functionality as`nessai.gw` via the plugin interface.For more details, see: https://github.com/mj-will/nessai-gw
  warnings.warn(
08-04 13:11 nessai INFO    : Passing kwargs to FlowProposal: {'poolsize': 1000}
08-04 13:11 nessai INFO    : No reparameterisations provided, using default reparameterisations included in FlowProposal
08-04 13:11 nessai INFO    : Adding reparameterisations from: {}
08-04 13:11 nessai INFO    : Assuming fallback reparameterisation (ScaleAndShift) for ['kappa', 'mu_xi', 'sigma_chi', 'sigma_xi', 'rho', 'lambda_chi', 'chi0', 'xi0'] with kwargs: {'estimate_scale': True, 'estimate_shift': True, 'prior_bounds': {'kappa': array([0.1, 5. ]), 'mu_xi': array([0. , 0.1]), 'sigma_chi': array([0.05, 0.6 ]), 'sigma_xi': array([0.05, 0.4 ]), 'rho': array([-0.9,  0.9]), 'lambda_chi': array([-0.5,  0.5]), 'chi0': array([-0.5,  0.5]), 'xi0': array([2.5, 5. ])}}.
08-04 13:11 nessai INFO    : x space parameters: ['kappa', 'mu_xi', 'sigma_chi', 'sigma_xi', 'rho', 'lambda_chi', 'chi0', 'xi0']
08-04 13:11 nessai INFO    : x prime space parameters: ['kappa_prime', 'mu_xi_prime', 'sigma_chi_prime', 'sigma_xi_prime', 'rho_prime', 'lambda_chi_prime', 'chi0_prime', 'xi0_prime']
08-04 13:11 nessai INFO    : Overwriting fuzz factor with expansion fraction
08-04 13:11 nessai INFO    : New fuzz factor: 1.2228445449938519
08-04 13:11 nessai INFO    : Verifying rescaling functions
08-04 13:11 nessai INFO    : Rescaling functions are invertible
08-04 13:11 nessai INFO    : Populating initial live points
08-04 13:11 nessai INFO    : Populated 100 / 1000 live points
08-04 13:11 nessai INFO    : Populated 200 / 1000 live points
08-04 13:11 nessai INFO    : Populated 300 / 1000 live points
08-04 13:11 nessai INFO    : Populated 400 / 1000 live points
08-04 13:11 nessai INFO    : Populated 500 / 1000 live points
08-04 13:11 nessai INFO    : Populated 600 / 1000 live points
08-04 13:11 nessai INFO    : Populated 700 / 1000 live points
08-04 13:11 nessai INFO    : Populated 800 / 1000 live points
08-04 13:11 nessai INFO    : Populated 900 / 1000 live points
08-04 13:11 nessai INFO    : Populated 1000 / 1000 live points
08-04 13:11 nessai INFO    : Starting nested sampling loop
08-04 13:11 nessai INFO    : it:  1000: Rolling KS test: D=0.017, p-value=0.5547
08-04 13:11 nessai INFO    : it:  1000: n eval: 3000 H: 7.91 dlogZ: 11876951.798 logZ: -11879897.150 +/- 0.089 logLmax: -2944.35
08-04 13:11 nessai INFO    : it:  2000: Rolling KS test: D=0.009, p-value=0.8454
08-04 13:11 nessai INFO    : it:  2000: n eval: 8000 H: 8.91 dlogZ: 1435609.225 logZ: -1438117.118 +/- 0.094 logLmax: -2505.89
08-04 13:11 nessai INFO    : Switching to FlowProposal
08-04 13:11 nessai INFO    : it:  3000: Rolling KS test: D=0.023, p-value=0.3419
08-04 13:11 nessai INFO    : it:  3000: n eval: 12116 H: 9.91 dlogZ: 247217.458 logZ: -248228.729 +/- 0.100 logLmax: -1008.27
08-04 13:11 nessai INFO    : it:  4000: Rolling KS test: D=0.019, p-value=0.4797
08-04 13:11 nessai INFO    : it:  4000: n eval: 13609 H: 10.91 dlogZ: 77122.474 logZ: -78134.744 +/- 0.104 logLmax: -1008.27
08-04 13:11 nessai INFO    : it:  5000: Rolling KS test: D=0.033, p-value=0.1108
08-04 13:12 nessai INFO    : it:  5000: n eval: 16889 H: 11.91 dlogZ: 32904.056 logZ: -33638.077 +/- 0.109 logLmax: -729.02
08-04 13:12 nessai INFO    : it:  6000: Rolling KS test: D=0.028, p-value=0.2046
08-04 13:12 nessai INFO    : it:  6000: n eval: 18649 H: 12.91 dlogZ: 15446.601 logZ: -15668.932 +/- 0.114 logLmax: -216.33
08-04 13:12 nessai INFO    : it:  7000: Rolling KS test: D=0.019, p-value=0.4797
08-04 13:12 nessai INFO    : it:  7000: n eval: 22319 H: 13.91 dlogZ: 7039.425 logZ: -7121.304 +/- 0.118 logLmax: -74.88
08-04 13:12 nessai INFO    : it:  8000: Rolling KS test: D=0.021, p-value=0.4082
08-04 13:12 nessai INFO    : it:  8000: n eval: 26882 H: 14.66 dlogZ: 3306.418 logZ: -3389.296 +/- 0.121 logLmax: -74.88
08-04 13:12 nessai INFO    : it:  9000: Rolling KS test: D=0.027, p-value=0.2286
08-04 13:12 nessai INFO    : it:  9000: n eval: 31551 H: 15.57 dlogZ: 1668.775 logZ: -1742.968 +/- 0.125 logLmax: -65.19
08-04 13:12 nessai INFO    : it: 10000: Rolling KS test: D=0.016, p-value=0.593
08-04 13:12 nessai INFO    : it: 10000: n eval: 36130 H: 15.31 dlogZ: 855.701 logZ: -921.643 +/- 0.124 logLmax: -55.94
08-04 13:12 nessai INFO    : it: 11000: Rolling KS test: D=0.021, p-value=0.4082
08-04 13:12 nessai INFO    : it: 11000: n eval: 44560 H: 15.20 dlogZ: 459.888 logZ: -514.899 +/- 0.123 logLmax: -44.01
08-04 13:12 nessai INFO    : it: 12000: Rolling KS test: D=0.018, p-value=0.5169
08-04 13:12 nessai INFO    : it: 12000: n eval: 50686 H: 16.24 dlogZ: 283.118 logZ: -306.780 +/- 0.127 logLmax: -11.66
08-04 13:12 nessai INFO    : it: 13000: Rolling KS test: D=0.006, p-value=0.9268
08-04 13:12 nessai INFO    : it: 13000: n eval: 61210 H: 16.44 dlogZ: 173.247 logZ: -197.908 +/- 0.128 logLmax: -11.66
08-04 13:12 nessai INFO    : it: 14000: Rolling KS test: D=0.023, p-value=0.3419
08-04 13:12 nessai INFO    : it: 14000: n eval: 74383 H: 16.85 dlogZ: 121.454 logZ: -143.480 +/- 0.130 logLmax: -8.03
08-04 13:12 nessai INFO    : it: 15000: Rolling KS test: D=0.016, p-value=0.593
08-04 13:12 nessai INFO    : it: 15000: n eval: 82218 H: 17.30 dlogZ: 86.506 logZ: -109.531 +/- 0.132 logLmax: -8.03
08-04 13:12 nessai INFO    : it: 16000: Rolling KS test: D=0.013, p-value=0.7071
08-04 13:12 nessai INFO    : it: 16000: n eval: 94031 H: 18.18 dlogZ: 61.826 logZ: -83.186 +/- 0.135 logLmax: -5.36
08-04 13:12 nessai INFO    : it: 17000: Rolling KS test: D=0.023, p-value=0.3419
08-04 13:12 nessai INFO    : it: 17000: n eval: 103860 H: 18.68 dlogZ: 42.009 logZ: -64.369 +/- 0.137 logLmax: -5.29
08-04 13:12 nessai INFO    : it: 18000: Rolling KS test: D=0.031, p-value=0.1433
08-04 13:12 nessai INFO    : it: 18000: n eval: 119205 H: 19.45 dlogZ: 27.948 logZ: -51.239 +/- 0.139 logLmax: -5.29
08-04 13:12 nessai INFO    : it: 19000: Rolling KS test: D=0.012, p-value=0.7438
08-04 13:12 nessai INFO    : it: 19000: n eval: 140278 H: 19.90 dlogZ: 18.838 logZ: -42.081 +/- 0.141 logLmax: -4.24
08-04 13:12 nessai INFO    : it: 20000: Rolling KS test: D=0.013, p-value=0.7071
08-04 13:12 nessai INFO    : it: 20000: n eval: 160037 H: 20.40 dlogZ: 13.862 logZ: -36.319 +/- 0.143 logLmax: -2.46
08-04 13:13 nessai INFO    : it: 21000: Rolling KS test: D=0.009, p-value=0.8454
08-04 13:13 nessai INFO    : it: 21000: n eval: 178220 H: 20.84 dlogZ: 9.268 logZ: -32.725 +/- 0.144 logLmax: -2.46
08-04 13:13 nessai INFO    : it: 22000: Rolling KS test: D=0.022, p-value=0.3744
08-04 13:13 nessai INFO    : it: 22000: n eval: 201989 H: 21.20 dlogZ: 6.230 logZ: -30.685 +/- 0.146 logLmax: -2.46
08-04 13:13 nessai INFO    : it: 23000: Rolling KS test: D=0.017, p-value=0.5547
08-04 13:13 nessai INFO    : it: 23000: n eval: 225667 H: 21.51 dlogZ: 4.080 logZ: -29.520 +/- 0.147 logLmax: -2.46
08-04 13:13 nessai INFO    : it: 24000: Rolling KS test: D=0.01, p-value=0.8133
08-04 13:13 nessai INFO    : it: 24000: n eval: 257209 H: 21.76 dlogZ: 2.505 logZ: -28.876 +/- 0.148 logLmax: -2.46
08-04 13:13 nessai INFO    : it: 25000: Rolling KS test: D=0.012, p-value=0.7438
08-04 13:13 nessai INFO    : it: 25000: n eval: 286860 H: 21.97 dlogZ: 1.367 logZ: -28.523 +/- 0.148 logLmax: -2.45
08-04 13:13 nessai INFO    : it: 26000: Rolling KS test: D=0.014, p-value=0.6695
08-04 13:13 nessai INFO    : it: 26000: n eval: 312322 H: 22.13 dlogZ: 0.780 logZ: -28.320 +/- 0.149 logLmax: -2.16
08-04 13:13 nessai INFO    : it: 27000: Rolling KS test: D=0.008, p-value=0.8752
08-04 13:13 nessai INFO    : it: 27000: n eval: 345506 H: 22.26 dlogZ: 0.434 logZ: -28.208 +/- 0.149 logLmax: -1.82
08-04 13:13 nessai INFO    : it: 28000: Rolling KS test: D=0.026, p-value=0.2543
08-04 13:13 nessai INFO    : it: 28000: n eval: 370841 H: 22.33 dlogZ: 0.173 logZ: -28.149 +/- 0.149 logLmax: -1.82
08-04 13:13 nessai INFO    : Stopping with difference_log_evidence=0.100
08-04 13:13 nessai INFO    : Finalising
08-04 13:13 nessai INFO    : Final ln-evidence: -28.093 +/- 0.150
08-04 13:13 nessai INFO    : Information: 22.43
08-04 13:13 nessai INFO    : Final KS test: D=0.00545, p-value=0.1826
08-04 13:13 nessai INFO    : Checkpointing nested sampling
08-04 13:13 nessai INFO    : Total sampling time: 0:02:04.077700
08-04 13:13 nessai INFO    : Total training time: 0:00:38.619676
08-04 13:13 nessai INFO    : Total population time: 0:00:37.978611
08-04 13:13 nessai INFO    : Total likelihood evaluations: 398300
08-04 13:13 nessai INFO    : Time spent evaluating likelihood: 0:00:13.326686
08-04 13:13 nessai INFO    : Total sampling time: 0:02:04.077700
08-04 13:13 nessai INFO    : Total likelihood evaluations: 398300
08-04 13:13 nessai INFO    : Starting post processing
08-04 13:13 nessai INFO    : Computing posterior samples
08-04 13:13 nessai INFO    : Effective sample size: 6519.5
08-04 13:13 nessai INFO    : Producing posterior samples using rejection sampling
08-04 13:13 nessai INFO    : Expect 4477.0772045452895 samples from rejection sampling
08-04 13:13 nessai INFO    : Returned 4465 posterior samples
08-04 13:13 nessai INFO    : Starting to close worker pool.
08-04 13:13 nessai INFO    : Finished closing worker pool.
