/data/wiay/postgrads/shashwat/qunat_com_future/lib/python3.11/site-packages/nessai/utils/logging.py:133: FutureWarning: setup_logger is deprecated, use configure_logger instead
  warnings.warn(
08-04 13:20 nessai INFO    : Running Nessai version 0.15.2
08-04 13:20 nessai INFO    : Starting multiprocessing pool with 4 processes
08-04 13:20 nessai INFO    : Initialising nested sampler
08-04 13:20 nessai WARNING : Multiprocessing pool has already been configured.
/data/wiay/postgrads/shashwat/qunat_com_future/lib/python3.11/site-packages/nessai/gw/__init__.py:12: FutureWarning: The `nessai.gw` module will be deprecated in the next release in favour of the nessai-gw package. This packages provides the same functionality as`nessai.gw` via the plugin interface.For more details, see: https://github.com/mj-will/nessai-gw
  warnings.warn(
08-04 13:20 nessai INFO    : Passing kwargs to FlowProposal: {'poolsize': 1000}
08-04 13:20 nessai INFO    : No reparameterisations provided, using default reparameterisations included in FlowProposal
08-04 13:20 nessai INFO    : Adding reparameterisations from: {}
08-04 13:20 nessai INFO    : Assuming fallback reparameterisation (ScaleAndShift) for ['kappa', 'mu_xi', 'sigma_chi', 'sigma_xi', 'rho', 'lambda_chi', 'chi0', 'xi0'] with kwargs: {'estimate_scale': True, 'estimate_shift': True, 'prior_bounds': {'kappa': array([0.1, 5. ]), 'mu_xi': array([0. , 0.1]), 'sigma_chi': array([0.05, 0.6 ]), 'sigma_xi': array([0.05, 0.4 ]), 'rho': array([-0.9,  0.9]), 'lambda_chi': array([-0.5,  0.5]), 'chi0': array([-0.5,  0.5]), 'xi0': array([2.5, 5. ])}}.
08-04 13:20 nessai INFO    : x space parameters: ['kappa', 'mu_xi', 'sigma_chi', 'sigma_xi', 'rho', 'lambda_chi', 'chi0', 'xi0']
08-04 13:20 nessai INFO    : x prime space parameters: ['kappa_prime', 'mu_xi_prime', 'sigma_chi_prime', 'sigma_xi_prime', 'rho_prime', 'lambda_chi_prime', 'chi0_prime', 'xi0_prime']
08-04 13:20 nessai INFO    : Overwriting fuzz factor with expansion fraction
08-04 13:20 nessai INFO    : New fuzz factor: 1.2228445449938519
08-04 13:20 nessai INFO    : Verifying rescaling functions
08-04 13:20 nessai INFO    : Rescaling functions are invertible
08-04 13:20 nessai INFO    : Populating initial live points
08-04 13:20 nessai INFO    : Populated 100 / 1000 live points
08-04 13:20 nessai INFO    : Populated 200 / 1000 live points
08-04 13:20 nessai INFO    : Populated 300 / 1000 live points
08-04 13:20 nessai INFO    : Populated 400 / 1000 live points
08-04 13:20 nessai INFO    : Populated 500 / 1000 live points
08-04 13:20 nessai INFO    : Populated 600 / 1000 live points
08-04 13:20 nessai INFO    : Populated 700 / 1000 live points
08-04 13:20 nessai INFO    : Populated 800 / 1000 live points
08-04 13:20 nessai INFO    : Populated 900 / 1000 live points
08-04 13:20 nessai INFO    : Populated 1000 / 1000 live points
08-04 13:20 nessai INFO    : Starting nested sampling loop
08-04 13:20 nessai INFO    : it:  1000: Rolling KS test: D=0.035, p-value=0.08429
08-04 13:20 nessai INFO    : it:  1000: n eval: 3000 H: 7.91 dlogZ: 203137181.505 logZ: -203293539.081 +/- 0.089 logLmax: -156356.58
08-04 13:20 nessai INFO    : it:  2000: Rolling KS test: D=0.025, p-value=0.2818
08-04 13:20 nessai INFO    : it:  2000: n eval: 7000 H: 8.91 dlogZ: 56192179.673 logZ: -56348538.248 +/- 0.094 logLmax: -156356.58
08-04 13:20 nessai INFO    : Switching to FlowProposal
08-04 13:20 nessai INFO    : it:  3000: Rolling KS test: D=0.024, p-value=0.311
08-04 13:20 nessai INFO    : it:  3000: n eval: 10769 H: 9.91 dlogZ: 16660963.542 logZ: -16745079.800 +/- 0.100 logLmax: -84113.26
08-04 13:20 nessai INFO    : it:  4000: Rolling KS test: D=0.027, p-value=0.2286
08-04 13:20 nessai INFO    : it:  4000: n eval: 12646 H: 10.91 dlogZ: 6106707.480 logZ: -6163298.159 +/- 0.104 logLmax: -56586.68
08-04 13:20 nessai INFO    : it:  5000: Rolling KS test: D=0.049, p-value=0.007937
08-04 13:20 nessai INFO    : it:  5000: n eval: 16430 H: 11.91 dlogZ: 2583407.819 logZ: -2627564.440 +/- 0.109 logLmax: -44151.62
08-04 13:20 nessai INFO    : it:  6000: Rolling KS test: D=0.026, p-value=0.2543
08-04 13:20 nessai INFO    : it:  6000: n eval: 20539 H: 12.91 dlogZ: 1178562.659 logZ: -1191018.542 +/- 0.114 logLmax: -12449.88
08-04 13:20 nessai INFO    : it:  7000: Rolling KS test: D=0.007, p-value=0.9024
08-04 13:20 nessai INFO    : it:  7000: n eval: 25029 H: 13.91 dlogZ: 592912.259 logZ: -602314.083 +/- 0.118 logLmax: -9394.83
08-04 13:20 nessai INFO    : it:  8000: Rolling KS test: D=0.023, p-value=0.3419
08-04 13:20 nessai INFO    : it:  8000: n eval: 29240 H: 14.91 dlogZ: 291605.579 logZ: -295130.638 +/- 0.122 logLmax: -3517.06
08-04 13:20 nessai INFO    : it:  9000: Rolling KS test: D=0.004, p-value=0.9659
08-04 13:20 nessai INFO    : it:  9000: n eval: 33864 H: 15.91 dlogZ: 144962.531 logZ: -148488.590 +/- 0.126 logLmax: -3517.06
08-04 13:20 nessai INFO    : it: 10000: Rolling KS test: D=0.04, p-value=0.03967
08-04 13:20 nessai INFO    : it: 10000: n eval: 39058 H: 16.91 dlogZ: 73549.701 logZ: -77076.759 +/- 0.130 logLmax: -3517.06
08-04 13:20 nessai INFO    : it: 11000: Rolling KS test: D=0.022, p-value=0.3744
08-04 13:20 nessai INFO    : it: 11000: n eval: 43903 H: 17.91 dlogZ: 39129.906 logZ: -40704.564 +/- 0.134 logLmax: -1563.66
08-04 13:20 nessai INFO    : it: 12000: Rolling KS test: D=0.033, p-value=0.1108
08-04 13:20 nessai INFO    : it: 12000: n eval: 49050 H: 18.91 dlogZ: 21622.531 logZ: -22028.023 +/- 0.138 logLmax: -393.49
08-04 13:20 nessai INFO    : it: 13000: Rolling KS test: D=0.014, p-value=0.6695
08-04 13:20 nessai INFO    : it: 13000: n eval: 55065 H: 19.77 dlogZ: 11688.284 logZ: -12094.777 +/- 0.141 logLmax: -393.49
08-04 13:20 nessai INFO    : it: 14000: Rolling KS test: D=0.024, p-value=0.311
08-04 13:20 nessai INFO    : it: 14000: n eval: 63858 H: 20.91 dlogZ: 6524.385 logZ: -6819.140 +/- 0.145 logLmax: -280.76
08-04 13:21 nessai INFO    : it: 15000: Rolling KS test: D=0.023, p-value=0.3419
08-04 13:21 nessai INFO    : it: 15000: n eval: 70077 H: 21.55 dlogZ: 3600.507 logZ: -3811.141 +/- 0.147 logLmax: -195.63
08-04 13:21 nessai INFO    : it: 16000: Rolling KS test: D=0.048, p-value=0.009645
08-04 13:21 nessai INFO    : it: 16000: n eval: 79858 H: 22.25 dlogZ: 2142.219 logZ: -2254.440 +/- 0.149 logLmax: -96.22
08-04 13:21 nessai INFO    : it: 17000: Rolling KS test: D=0.022, p-value=0.3744
08-04 13:21 nessai INFO    : it: 17000: n eval: 88603 H: 23.02 dlogZ: 1288.878 logZ: -1402.099 +/- 0.152 logLmax: -96.22
08-04 13:21 nessai INFO    : it: 18000: Rolling KS test: D=0.002, p-value=0.9907
08-04 13:21 nessai INFO    : it: 18000: n eval: 109533 H: 22.95 dlogZ: 791.564 logZ: -905.786 +/- 0.151 logLmax: -96.22
08-04 13:21 nessai INFO    : it: 19000: Rolling KS test: D=0.008, p-value=0.8752
08-04 13:21 nessai INFO    : it: 19000: n eval: 126888 H: 23.42 dlogZ: 517.787 logZ: -601.845 +/- 0.153 logLmax: -65.06
08-04 13:21 nessai INFO    : it: 20000: Rolling KS test: D=0.03, p-value=0.162
08-04 13:21 nessai INFO    : it: 20000: n eval: 147342 H: 23.84 dlogZ: 350.443 logZ: -415.092 +/- 0.154 logLmax: -44.65
08-04 13:21 nessai INFO    : it: 21000: Rolling KS test: D=0.027, p-value=0.2286
08-04 13:21 nessai INFO    : it: 21000: n eval: 184246 H: 24.59 dlogZ: 243.484 logZ: -298.041 +/- 0.157 logLmax: -33.56
08-04 13:21 nessai INFO    : it: 22000: Rolling KS test: D=0.015, p-value=0.6313
08-04 13:21 nessai INFO    : it: 22000: n eval: 224246 H: 25.22 dlogZ: 169.281 logZ: -219.858 +/- 0.159 logLmax: -28.58
08-04 13:21 nessai INFO    : it: 23000: Rolling KS test: D=0.016, p-value=0.593
08-04 13:21 nessai INFO    : it: 23000: n eval: 263885 H: 25.61 dlogZ: 119.228 logZ: -170.369 +/- 0.160 logLmax: -28.14
08-04 13:22 nessai INFO    : it: 24000: Rolling KS test: D=0.016, p-value=0.593
08-04 13:22 nessai INFO    : it: 24000: n eval: 312497 H: 26.41 dlogZ: 93.520 logZ: -135.099 +/- 0.163 logLmax: -17.58
08-04 13:22 nessai INFO    : it: 25000: Rolling KS test: D=0.044, p-value=0.0202
08-04 13:22 nessai INFO    : it: 25000: n eval: 362497 H: 27.00 dlogZ: 73.844 logZ: -110.271 +/- 0.164 logLmax: -11.43
08-04 13:22 nessai INFO    : it: 26000: Rolling KS test: D=0.012, p-value=0.7438
08-04 13:22 nessai INFO    : it: 26000: n eval: 412497 H: 27.66 dlogZ: 54.188 logZ: -91.615 +/- 0.166 logLmax: -11.43
08-04 13:22 nessai INFO    : it: 27000: Rolling KS test: D=0.015, p-value=0.6313
08-04 13:22 nessai INFO    : it: 27000: n eval: 472497 H: 28.41 dlogZ: 45.467 logZ: -78.841 +/- 0.169 logLmax: -6.37
08-04 13:22 nessai INFO    : it: 28000: Rolling KS test: D=0.031, p-value=0.1433
08-04 13:22 nessai INFO    : it: 28000: n eval: 532497 H: 29.14 dlogZ: 34.376 logZ: -68.750 +/- 0.171 logLmax: -6.37
08-04 13:22 nessai INFO    : it: 29000: Rolling KS test: D=0.024, p-value=0.311
08-04 13:22 nessai INFO    : it: 29000: n eval: 602497 H: 29.84 dlogZ: 29.100 logZ: -61.086 +/- 0.173 logLmax: -2.99
08-04 13:23 nessai INFO    : it: 30000: Rolling KS test: D=0.016, p-value=0.593
08-04 13:23 nessai INFO    : it: 30000: n eval: 682497 H: 30.38 dlogZ: 22.622 logZ: -55.608 +/- 0.174 logLmax: -2.99
08-04 13:23 nessai INFO    : it: 31000: Rolling KS test: D=0.015, p-value=0.6313
08-04 13:23 nessai INFO    : it: 31000: n eval: 762497 H: 31.13 dlogZ: 18.175 logZ: -51.461 +/- 0.176 logLmax: -2.29
08-04 13:23 nessai INFO    : it: 32000: Rolling KS test: D=0.013, p-value=0.7071
08-04 13:23 nessai INFO    : it: 32000: n eval: 832497 H: 31.79 dlogZ: 13.984 logZ: -48.269 +/- 0.178 logLmax: -2.29
08-04 13:23 nessai INFO    : it: 33000: Rolling KS test: D=0.009, p-value=0.8454
08-04 13:23 nessai INFO    : it: 33000: n eval: 922497 H: 32.38 dlogZ: 10.645 logZ: -45.930 +/- 0.180 logLmax: -2.29
08-04 13:24 nessai INFO    : it: 34000: Rolling KS test: D=0.042, p-value=0.02854
08-04 13:24 nessai INFO    : it: 34000: n eval: 992497 H: 33.00 dlogZ: 8.179 logZ: -44.190 +/- 0.182 logLmax: -2.01
08-04 13:24 nessai INFO    : it: 35000: Rolling KS test: D=0.062, p-value=0.0004376
08-04 13:24 nessai INFO    : it: 35000: n eval: 1082497 H: 33.54 dlogZ: 5.930 logZ: -42.939 +/- 0.183 logLmax: -2.01
08-04 13:24 nessai INFO    : it: 36000: Rolling KS test: D=0.036, p-value=0.07308
08-04 13:24 nessai INFO    : it: 36000: n eval: 1172497 H: 34.03 dlogZ: 4.708 logZ: -42.078 +/- 0.184 logLmax: -1.38
08-04 13:24 nessai INFO    : it: 37000: Rolling KS test: D=0.033, p-value=0.1108
08-04 13:25 nessai INFO    : it: 37000: n eval: 1232305 H: 34.47 dlogZ: 3.338 logZ: -41.475 +/- 0.186 logLmax: -1.17
08-04 13:25 nessai INFO    : it: 38000: Rolling KS test: D=0.016, p-value=0.593
08-04 13:25 nessai INFO    : it: 38000: n eval: 1332305 H: 34.91 dlogZ: 2.002 logZ: -41.030 +/- 0.187 logLmax: -1.17
08-04 13:25 nessai INFO    : it: 39000: Rolling KS test: D=0.043, p-value=0.02406
08-04 13:25 nessai INFO    : it: 39000: n eval: 1342470 H: 35.26 dlogZ: 1.032 logZ: -40.735 +/- 0.188 logLmax: -1.14
08-04 13:25 nessai INFO    : it: 40000: Rolling KS test: D=0.026, p-value=0.2543
08-04 13:25 nessai INFO    : it: 40000: n eval: 1356617 H: 35.49 dlogZ: 0.472 logZ: -40.561 +/- 0.188 logLmax: -1.07
08-04 13:25 nessai INFO    : it: 41000: Rolling KS test: D=0.021, p-value=0.4082
08-04 13:25 nessai INFO    : it: 41000: n eval: 1365093 H: 35.64 dlogZ: 0.214 logZ: -40.467 +/- 0.189 logLmax: -0.90
08-04 13:25 nessai INFO    : Stopping with difference_log_evidence=0.100
08-04 13:25 nessai INFO    : Finalising
08-04 13:25 nessai INFO    : Final ln-evidence: -40.377 +/- 0.189
08-04 13:25 nessai INFO    : Information: 35.81
08-04 13:25 nessai INFO    : Final KS test: D=0.00861, p-value=0.001983
08-04 13:25 nessai WARNING : Final p-value for the insertion indices is less than 0.05, this could be an indication of problems during sampling. Consider checking the diagnostic plots.
08-04 13:25 nessai INFO    : Checkpointing nested sampling
08-04 13:25 nessai INFO    : Total sampling time: 0:05:17.786861
08-04 13:25 nessai INFO    : Total training time: 0:01:24.723393
08-04 13:25 nessai INFO    : Total population time: 0:01:59.412848
08-04 13:25 nessai INFO    : Total likelihood evaluations: 1379743
08-04 13:25 nessai INFO    : Time spent evaluating likelihood: 0:00:55.265753
08-04 13:25 nessai INFO    : Total sampling time: 0:05:17.786861
08-04 13:25 nessai INFO    : Total likelihood evaluations: 1379743
08-04 13:25 nessai INFO    : Starting post processing
08-04 13:25 nessai INFO    : Computing posterior samples
08-04 13:25 nessai INFO    : Effective sample size: 7474.3
08-04 13:25 nessai INFO    : Producing posterior samples using rejection sampling
08-04 13:25 nessai INFO    : Expect 5085.198245161527 samples from rejection sampling
08-04 13:25 nessai INFO    : Returned 5103 posterior samples
08-04 13:25 nessai INFO    : Starting to close worker pool.
08-04 13:25 nessai INFO    : Finished closing worker pool.
