/data/wiay/postgrads/shashwat/qunat_com_future/lib/python3.11/site-packages/nessai/utils/logging.py:133: FutureWarning: setup_logger is deprecated, use configure_logger instead
  warnings.warn(
08-04 13:41 nessai INFO    : Running Nessai version 0.15.2
08-04 13:41 nessai INFO    : Starting multiprocessing pool with 4 processes
08-04 13:41 nessai INFO    : Initialising nested sampler
08-04 13:41 nessai WARNING : Multiprocessing pool has already been configured.
/data/wiay/postgrads/shashwat/qunat_com_future/lib/python3.11/site-packages/nessai/gw/__init__.py:12: FutureWarning: The `nessai.gw` module will be deprecated in the next release in favour of the nessai-gw package. This packages provides the same functionality as`nessai.gw` via the plugin interface.For more details, see: https://github.com/mj-will/nessai-gw
  warnings.warn(
08-04 13:41 nessai INFO    : Passing kwargs to FlowProposal: {'poolsize': 1000}
08-04 13:41 nessai INFO    : No reparameterisations provided, using default reparameterisations included in FlowProposal
08-04 13:41 nessai INFO    : Adding reparameterisations from: {}
08-04 13:41 nessai INFO    : Assuming fallback reparameterisation (ScaleAndShift) for ['kappa', 'mu_xi', 'sigma_chi', 'sigma_xi', 'rho', 'lambda_chi', 'chi0', 'xi0'] with kwargs: {'estimate_scale': True, 'estimate_shift': True, 'prior_bounds': {'kappa': array([0.1, 5. ]), 'mu_xi': array([0. , 0.1]), 'sigma_chi': array([0.05, 0.6 ]), 'sigma_xi': array([0.05, 0.4 ]), 'rho': array([-0.9,  0.9]), 'lambda_chi': array([-0.5,  0.5]), 'chi0': array([-0.5,  0.5]), 'xi0': array([2.5, 5. ])}}.
08-04 13:41 nessai INFO    : x space parameters: ['kappa', 'mu_xi', 'sigma_chi', 'sigma_xi', 'rho', 'lambda_chi', 'chi0', 'xi0']
08-04 13:41 nessai INFO    : x prime space parameters: ['kappa_prime', 'mu_xi_prime', 'sigma_chi_prime', 'sigma_xi_prime', 'rho_prime', 'lambda_chi_prime', 'chi0_prime', 'xi0_prime']
08-04 13:41 nessai INFO    : Overwriting fuzz factor with expansion fraction
08-04 13:41 nessai INFO    : New fuzz factor: 1.2228445449938519
08-04 13:41 nessai INFO    : Verifying rescaling functions
08-04 13:41 nessai INFO    : Rescaling functions are invertible
08-04 13:41 nessai INFO    : Populating initial live points
08-04 13:41 nessai INFO    : Populated 100 / 1000 live points
08-04 13:41 nessai INFO    : Populated 200 / 1000 live points
08-04 13:41 nessai INFO    : Populated 300 / 1000 live points
08-04 13:41 nessai INFO    : Populated 400 / 1000 live points
08-04 13:41 nessai INFO    : Populated 500 / 1000 live points
08-04 13:41 nessai INFO    : Populated 600 / 1000 live points
08-04 13:41 nessai INFO    : Populated 700 / 1000 live points
08-04 13:41 nessai INFO    : Populated 800 / 1000 live points
08-04 13:41 nessai INFO    : Populated 900 / 1000 live points
08-04 13:41 nessai INFO    : Populated 1000 / 1000 live points
08-04 13:41 nessai INFO    : Starting nested sampling loop
08-04 13:41 nessai INFO    : it:  1000: Rolling KS test: D=0.017, p-value=0.5547
08-04 13:41 nessai INFO    : it:  1000: n eval: 3000 H: 7.91 dlogZ: 13894609.762 logZ: -13896962.145 +/- 0.089 logLmax: -2351.38
08-04 13:41 nessai INFO    : it:  2000: Rolling KS test: D=0.044, p-value=0.0202
08-04 13:41 nessai INFO    : it:  2000: n eval: 8000 H: 8.91 dlogZ: 2139256.550 logZ: -2141609.933 +/- 0.094 logLmax: -2351.38
08-04 13:41 nessai INFO    : Switching to FlowProposal
08-04 13:41 nessai INFO    : it:  3000: Rolling KS test: D=0.028, p-value=0.2046
08-04 13:41 nessai INFO    : it:  3000: n eval: 11812 H: 9.91 dlogZ: 576411.062 logZ: -578765.445 +/- 0.100 logLmax: -2351.38
08-04 13:41 nessai INFO    : it:  4000: Rolling KS test: D=0.02, p-value=0.4434
08-04 13:41 nessai INFO    : it:  4000: n eval: 13210 H: 10.91 dlogZ: 177270.864 logZ: -177844.888 +/- 0.104 logLmax: -570.03
08-04 13:41 nessai INFO    : it:  5000: Rolling KS test: D=0.021, p-value=0.4082
08-04 13:41 nessai INFO    : it:  5000: n eval: 14757 H: 11.91 dlogZ: 58909.644 logZ: -59484.669 +/- 0.109 logLmax: -570.03
08-04 13:41 nessai INFO    : it:  6000: Rolling KS test: D=0.019, p-value=0.4797
08-04 13:41 nessai INFO    : it:  6000: n eval: 18092 H: 12.91 dlogZ: 24101.057 logZ: -24173.332 +/- 0.114 logLmax: -66.28
08-04 13:41 nessai INFO    : it:  7000: Rolling KS test: D=0.018, p-value=0.5169
08-04 13:41 nessai INFO    : it:  7000: n eval: 21694 H: 13.53 dlogZ: 11548.804 logZ: -11622.078 +/- 0.116 logLmax: -66.28
08-04 13:41 nessai INFO    : it:  8000: Rolling KS test: D=0.008, p-value=0.8752
08-04 13:41 nessai INFO    : it:  8000: n eval: 25507 H: 14.90 dlogZ: 5949.418 logZ: -6023.692 +/- 0.122 logLmax: -66.28
08-04 13:41 nessai INFO    : it:  9000: Rolling KS test: D=0.032, p-value=0.1263
08-04 13:41 nessai INFO    : it:  9000: n eval: 29906 H: 14.29 dlogZ: 3257.246 logZ: -3285.147 +/- 0.120 logLmax: -18.90
08-04 13:41 nessai INFO    : it: 10000: Rolling KS test: D=0.014, p-value=0.6695
08-04 13:41 nessai INFO    : it: 10000: n eval: 35250 H: 15.58 dlogZ: 1730.310 logZ: -1759.212 +/- 0.125 logLmax: -18.90
08-04 13:41 nessai INFO    : it: 11000: Rolling KS test: D=0.015, p-value=0.6313
08-04 13:41 nessai INFO    : it: 11000: n eval: 40494 H: 16.16 dlogZ: 917.878 logZ: -947.780 +/- 0.127 logLmax: -18.90
08-04 13:41 nessai INFO    : it: 12000: Rolling KS test: D=0.03, p-value=0.162
08-04 13:41 nessai INFO    : it: 12000: n eval: 45762 H: 16.85 dlogZ: 515.387 logZ: -546.289 +/- 0.130 logLmax: -18.90
08-04 13:41 nessai INFO    : it: 13000: Rolling KS test: D=0.031, p-value=0.1433
08-04 13:41 nessai INFO    : it: 13000: n eval: 50789 H: 17.22 dlogZ: 295.168 logZ: -325.924 +/- 0.131 logLmax: -17.76
08-04 13:41 nessai INFO    : it: 14000: Rolling KS test: D=0.029, p-value=0.1825
08-04 13:41 nessai INFO    : it: 14000: n eval: 56428 H: 17.49 dlogZ: 181.282 logZ: -203.187 +/- 0.132 logLmax: -7.91
08-04 13:41 nessai INFO    : it: 15000: Rolling KS test: D=0.025, p-value=0.2818
08-04 13:41 nessai INFO    : it: 15000: n eval: 65427 H: 17.98 dlogZ: 111.432 logZ: -132.360 +/- 0.134 logLmax: -5.93
08-04 13:41 nessai INFO    : it: 16000: Rolling KS test: D=0.03, p-value=0.162
08-04 13:41 nessai INFO    : it: 16000: n eval: 71063 H: 18.37 dlogZ: 67.594 logZ: -88.848 +/- 0.136 logLmax: -5.26
08-04 13:41 nessai INFO    : it: 17000: Rolling KS test: D=0.047, p-value=0.01167
08-04 13:41 nessai INFO    : it: 17000: n eval: 77150 H: 18.95 dlogZ: 41.613 logZ: -62.674 +/- 0.138 logLmax: -4.06
08-04 13:41 nessai INFO    : it: 18000: Rolling KS test: D=0.015, p-value=0.6313
08-04 13:41 nessai INFO    : it: 18000: n eval: 87100 H: 19.36 dlogZ: 25.545 logZ: -47.606 +/- 0.139 logLmax: -4.06
08-04 13:41 nessai INFO    : it: 19000: Rolling KS test: D=0.043, p-value=0.02406
08-04 13:41 nessai INFO    : it: 19000: n eval: 93801 H: 19.85 dlogZ: 15.853 logZ: -38.548 +/- 0.141 logLmax: -3.70
08-04 13:42 nessai INFO    : it: 20000: Rolling KS test: D=0.035, p-value=0.08429
08-04 13:42 nessai INFO    : it: 20000: n eval: 104626 H: 20.28 dlogZ: 10.894 logZ: -33.316 +/- 0.142 logLmax: -2.42
08-04 13:42 nessai INFO    : it: 21000: Rolling KS test: D=0.006, p-value=0.9268
08-04 13:42 nessai INFO    : it: 21000: n eval: 112885 H: 20.60 dlogZ: 7.553 logZ: -30.444 +/- 0.144 logLmax: -1.89
08-04 13:42 nessai INFO    : it: 22000: Rolling KS test: D=0.004, p-value=0.9659
08-04 13:42 nessai INFO    : it: 22000: n eval: 126803 H: 20.96 dlogZ: 4.880 logZ: -28.763 +/- 0.145 logLmax: -1.89
08-04 13:42 nessai INFO    : it: 23000: Rolling KS test: D=0.031, p-value=0.1433
08-04 13:42 nessai INFO    : it: 23000: n eval: 152109 H: 21.24 dlogZ: 3.460 logZ: -27.832 +/- 0.146 logLmax: -1.40
08-04 13:42 nessai INFO    : it: 24000: Rolling KS test: D=0.017, p-value=0.5547
08-04 13:42 nessai INFO    : it: 24000: n eval: 173609 H: 21.48 dlogZ: 2.046 logZ: -27.312 +/- 0.147 logLmax: -1.40
08-04 13:42 nessai INFO    : it: 25000: Rolling KS test: D=0.012, p-value=0.7438
08-04 13:42 nessai INFO    : it: 25000: n eval: 194845 H: 21.68 dlogZ: 1.046 logZ: -27.018 +/- 0.147 logLmax: -1.40
08-04 13:42 nessai INFO    : it: 26000: Rolling KS test: D=0.037, p-value=0.06311
08-04 13:42 nessai INFO    : it: 26000: n eval: 205750 H: 21.83 dlogZ: 0.455 logZ: -26.853 +/- 0.148 logLmax: -1.40
08-04 13:42 nessai INFO    : it: 27000: Rolling KS test: D=0.026, p-value=0.2543
08-04 13:42 nessai INFO    : it: 27000: n eval: 227514 H: 21.93 dlogZ: 0.177 logZ: -26.764 +/- 0.148 logLmax: -1.40
08-04 13:42 nessai INFO    : Stopping with difference_log_evidence=0.100
08-04 13:42 nessai INFO    : Finalising
08-04 13:42 nessai INFO    : Final ln-evidence: -26.683 +/- 0.149
08-04 13:42 nessai INFO    : Information: 22.06
08-04 13:42 nessai INFO    : Final KS test: D=0.009895, p-value=0.00448
08-04 13:42 nessai WARNING : Final p-value for the insertion indices is less than 0.05, this could be an indication of problems during sampling. Consider checking the diagnostic plots.
08-04 13:42 nessai INFO    : Checkpointing nested sampling
08-04 13:42 nessai INFO    : Total sampling time: 0:01:16.005756
08-04 13:42 nessai INFO    : Total training time: 0:00:26.254236
08-04 13:42 nessai INFO    : Total population time: 0:00:18.018350
08-04 13:42 nessai INFO    : Total likelihood evaluations: 232128
08-04 13:42 nessai INFO    : Time spent evaluating likelihood: 0:00:04.304334
08-04 13:42 nessai INFO    : Total sampling time: 0:01:16.005756
08-04 13:42 nessai INFO    : Total likelihood evaluations: 232128
08-04 13:42 nessai INFO    : Starting post processing
08-04 13:42 nessai INFO    : Computing posterior samples
08-04 13:42 nessai INFO    : Effective sample size: 6399.9
08-04 13:42 nessai INFO    : Producing posterior samples using rejection sampling
08-04 13:42 nessai INFO    : Expect 4489.9051755943765 samples from rejection sampling
08-04 13:42 nessai INFO    : Returned 4505 posterior samples
08-04 13:42 nessai INFO    : Starting to close worker pool.
08-04 13:42 nessai INFO    : Finished closing worker pool.
