/data/wiay/postgrads/shashwat/qunat_com_future/lib/python3.11/site-packages/nessai/utils/logging.py:133: FutureWarning: setup_logger is deprecated, use configure_logger instead
  warnings.warn(
08-04 13:22 nessai INFO    : Running Nessai version 0.15.2
08-04 13:22 nessai INFO    : Starting multiprocessing pool with 4 processes
08-04 13:22 nessai INFO    : Initialising nested sampler
08-04 13:22 nessai WARNING : Multiprocessing pool has already been configured.
/data/wiay/postgrads/shashwat/qunat_com_future/lib/python3.11/site-packages/nessai/gw/__init__.py:12: FutureWarning: The `nessai.gw` module will be deprecated in the next release in favour of the nessai-gw package. This packages provides the same functionality as`nessai.gw` via the plugin interface.For more details, see: https://github.com/mj-will/nessai-gw
  warnings.warn(
08-04 13:22 nessai INFO    : Passing kwargs to FlowProposal: {'poolsize': 1000}
08-04 13:22 nessai INFO    : No reparameterisations provided, using default reparameterisations included in FlowProposal
08-04 13:22 nessai INFO    : Adding reparameterisations from: {}
08-04 13:22 nessai INFO    : Assuming fallback reparameterisation (ScaleAndShift) for ['kappa', 'mu_xi', 'sigma_chi', 'sigma_xi', 'rho', 'lambda_chi', 'chi0', 'xi0'] with kwargs: {'estimate_scale': True, 'estimate_shift': True, 'prior_bounds': {'kappa': array([0.1, 5. ]), 'mu_xi': array([0. , 0.1]), 'sigma_chi': array([0.05, 0.6 ]), 'sigma_xi': array([0.05, 0.4 ]), 'rho': array([-0.9,  0.9]), 'lambda_chi': array([-0.5,  0.5]), 'chi0': array([-0.5,  0.5]), 'xi0': array([2.5, 5. ])}}.
08-04 13:22 nessai INFO    : x space parameters: ['kappa', 'mu_xi', 'sigma_chi', 'sigma_xi', 'rho', 'lambda_chi', 'chi0', 'xi0']
08-04 13:22 nessai INFO    : x prime space parameters: ['kappa_prime', 'mu_xi_prime', 'sigma_chi_prime', 'sigma_xi_prime', 'rho_prime', 'lambda_chi_prime', 'chi0_prime', 'xi0_prime']
08-04 13:22 nessai INFO    : Overwriting fuzz factor with expansion fraction
08-04 13:22 nessai INFO    : New fuzz factor: 1.2228445449938519
08-04 13:22 nessai INFO    : Verifying rescaling functions
08-04 13:22 nessai INFO    : Rescaling functions are invertible
08-04 13:22 nessai INFO    : Populating initial live points
08-04 13:22 nessai INFO    : Populated 100 / 1000 live points
08-04 13:22 nessai INFO    : Populated 200 / 1000 live points
08-04 13:22 nessai INFO    : Populated 300 / 1000 live points
08-04 13:22 nessai INFO    : Populated 400 / 1000 live points
08-04 13:22 nessai INFO    : Populated 500 / 1000 live points
08-04 13:22 nessai INFO    : Populated 600 / 1000 live points
08-04 13:22 nessai INFO    : Populated 700 / 1000 live points
08-04 13:22 nessai INFO    : Populated 800 / 1000 live points
08-04 13:22 nessai INFO    : Populated 900 / 1000 live points
08-04 13:22 nessai INFO    : Populated 1000 / 1000 live points
08-04 13:22 nessai INFO    : Starting nested sampling loop
08-04 13:22 nessai INFO    : it:  1000: Rolling KS test: D=0.003, p-value=0.9802
08-04 13:22 nessai INFO    : it:  1000: n eval: 3000 H: 7.91 dlogZ: 392955684.955 logZ: -393322766.831 +/- 0.089 logLmax: -367080.88
08-04 13:22 nessai INFO    : it:  2000: Rolling KS test: D=0.017, p-value=0.5547
08-04 13:22 nessai INFO    : it:  2000: n eval: 8000 H: 8.91 dlogZ: 154866744.348 logZ: -155233827.224 +/- 0.094 logLmax: -367080.88
08-04 13:22 nessai INFO    : Switching to FlowProposal
08-04 13:22 nessai INFO    : it:  3000: Rolling KS test: D=0.033, p-value=0.1108
08-04 13:22 nessai INFO    : it:  3000: n eval: 11975 H: 9.91 dlogZ: 51866571.382 logZ: -52233655.258 +/- 0.100 logLmax: -367080.88
08-04 13:22 nessai INFO    : it:  4000: Rolling KS test: D=0.026, p-value=0.2543
08-04 13:22 nessai INFO    : it:  4000: n eval: 15829 H: 10.91 dlogZ: 16191648.318 logZ: -16394473.723 +/- 0.104 logLmax: -202821.41
08-04 13:22 nessai INFO    : it:  5000: Rolling KS test: D=0.02, p-value=0.4434
08-04 13:22 nessai INFO    : it:  5000: n eval: 17609 H: 11.91 dlogZ: 6348714.256 logZ: -6429316.084 +/- 0.109 logLmax: -80596.83
08-04 13:22 nessai INFO    : it:  6000: Rolling KS test: D=0.015, p-value=0.6313
08-04 13:22 nessai INFO    : it:  6000: n eval: 21527 H: 12.91 dlogZ: 2870430.149 logZ: -2922267.851 +/- 0.114 logLmax: -51831.70
08-04 13:22 nessai INFO    : it:  7000: Rolling KS test: D=0.015, p-value=0.6313
08-04 13:22 nessai INFO    : it:  7000: n eval: 25693 H: 13.91 dlogZ: 1449200.357 logZ: -1479098.911 +/- 0.118 logLmax: -29891.56
08-04 13:22 nessai INFO    : it:  8000: Rolling KS test: D=0.031, p-value=0.1433
08-04 13:23 nessai INFO    : it:  8000: n eval: 30460 H: 14.91 dlogZ: 721284.335 logZ: -751183.889 +/- 0.122 logLmax: -29891.56
08-04 13:23 nessai INFO    : it:  9000: Rolling KS test: D=0.038, p-value=0.05428
08-04 13:23 nessai INFO    : it:  9000: n eval: 35474 H: 15.91 dlogZ: 370353.204 logZ: -393289.787 +/- 0.126 logLmax: -22927.58
08-04 13:23 nessai INFO    : it: 10000: Rolling KS test: D=0.029, p-value=0.1825
08-04 13:23 nessai INFO    : it: 10000: n eval: 40224 H: 16.91 dlogZ: 216262.371 logZ: -219722.046 +/- 0.130 logLmax: -3449.68
08-04 13:23 nessai INFO    : it: 11000: Rolling KS test: D=0.026, p-value=0.2543
08-04 13:23 nessai INFO    : it: 11000: n eval: 44756 H: 17.91 dlogZ: 128618.618 logZ: -132079.293 +/- 0.134 logLmax: -3449.68
08-04 13:23 nessai INFO    : it: 12000: Rolling KS test: D=0.027, p-value=0.2286
08-04 13:23 nessai INFO    : it: 12000: n eval: 49208 H: 18.91 dlogZ: 80990.883 logZ: -82403.924 +/- 0.138 logLmax: -1401.04
08-04 13:23 nessai INFO    : it: 13000: Rolling KS test: D=0.021, p-value=0.4082
08-04 13:23 nessai INFO    : it: 13000: n eval: 54207 H: 19.91 dlogZ: 50553.083 logZ: -51967.123 +/- 0.141 logLmax: -1401.04
08-04 13:23 nessai INFO    : it: 14000: Rolling KS test: D=0.021, p-value=0.4082
08-04 13:23 nessai INFO    : it: 14000: n eval: 59045 H: 20.90 dlogZ: 31140.513 logZ: -32290.479 +/- 0.145 logLmax: -1135.97
08-04 13:23 nessai INFO    : it: 15000: Rolling KS test: D=0.035, p-value=0.08429
08-04 13:23 nessai INFO    : it: 15000: n eval: 64429 H: 21.91 dlogZ: 19374.463 logZ: -19802.344 +/- 0.148 logLmax: -412.88
08-04 13:23 nessai INFO    : it: 16000: Rolling KS test: D=0.033, p-value=0.1108
08-04 13:23 nessai INFO    : it: 16000: n eval: 73099 H: 22.67 dlogZ: 11194.269 logZ: -11616.506 +/- 0.151 logLmax: -406.24
08-04 13:23 nessai INFO    : it: 17000: Rolling KS test: D=0.027, p-value=0.2286
08-04 13:23 nessai INFO    : it: 17000: n eval: 79682 H: 23.74 dlogZ: 6751.317 logZ: -7083.450 +/- 0.154 logLmax: -315.13
08-04 13:23 nessai INFO    : it: 18000: Rolling KS test: D=0.012, p-value=0.7438
08-04 13:23 nessai INFO    : it: 18000: n eval: 85355 H: 24.09 dlogZ: 3978.036 logZ: -4271.988 +/- 0.155 logLmax: -275.95
08-04 13:23 nessai INFO    : it: 19000: Rolling KS test: D=0.021, p-value=0.4082
08-04 13:23 nessai INFO    : it: 19000: n eval: 95516 H: 24.85 dlogZ: 2376.126 logZ: -2544.280 +/- 0.158 logLmax: -149.16
08-04 13:23 nessai INFO    : it: 20000: Rolling KS test: D=0.014, p-value=0.6695
08-04 13:23 nessai INFO    : it: 20000: n eval: 101915 H: 26.18 dlogZ: 1423.803 logZ: -1550.709 +/- 0.162 logLmax: -106.91
08-04 13:23 nessai INFO    : it: 21000: Rolling KS test: D=0.011, p-value=0.7794
08-04 13:23 nessai INFO    : it: 21000: n eval: 113363 H: 26.09 dlogZ: 854.466 logZ: -967.220 +/- 0.162 logLmax: -91.75
08-04 13:23 nessai INFO    : it: 22000: Rolling KS test: D=0.021, p-value=0.4082
08-04 13:23 nessai INFO    : it: 22000: n eval: 133977 H: 26.72 dlogZ: 567.757 logZ: -621.783 +/- 0.163 logLmax: -32.03
08-04 13:23 nessai INFO    : it: 23000: Rolling KS test: D=0.026, p-value=0.2543
08-04 13:23 nessai INFO    : it: 23000: n eval: 144243 H: 27.06 dlogZ: 353.345 logZ: -408.371 +/- 0.164 logLmax: -32.03
08-04 13:23 nessai INFO    : it: 24000: Rolling KS test: D=0.014, p-value=0.6695
08-04 13:23 nessai INFO    : it: 24000: n eval: 170337 H: 27.47 dlogZ: 222.769 logZ: -278.795 +/- 0.166 logLmax: -32.03
08-04 13:24 nessai INFO    : it: 25000: Rolling KS test: D=0.03, p-value=0.162
08-04 13:24 nessai INFO    : it: 25000: n eval: 205091 H: 28.00 dlogZ: 145.630 logZ: -201.538 +/- 0.167 logLmax: -30.91
08-04 13:24 nessai INFO    : it: 26000: Rolling KS test: D=0.039, p-value=0.0465
08-04 13:24 nessai INFO    : it: 26000: n eval: 242889 H: 28.56 dlogZ: 118.625 logZ: -155.808 +/- 0.169 logLmax: -11.18
08-04 13:24 nessai INFO    : it: 27000: Rolling KS test: D=0.033, p-value=0.1108
08-04 13:24 nessai INFO    : it: 27000: n eval: 292652 H: 29.12 dlogZ: 86.962 logZ: -125.089 +/- 0.171 logLmax: -11.13
08-04 13:24 nessai INFO    : it: 28000: Rolling KS test: D=0.025, p-value=0.2818
08-04 13:24 nessai INFO    : it: 28000: n eval: 362652 H: 29.80 dlogZ: 66.373 logZ: -102.930 +/- 0.173 logLmax: -8.56
08-04 13:24 nessai INFO    : it: 29000: Rolling KS test: D=0.037, p-value=0.06311
08-04 13:24 nessai INFO    : it: 29000: n eval: 412652 H: 30.57 dlogZ: 49.724 logZ: -87.281 +/- 0.175 logLmax: -8.56
08-04 13:25 nessai INFO    : it: 30000: Rolling KS test: D=0.007, p-value=0.9024
08-04 13:25 nessai INFO    : it: 30000: n eval: 492652 H: 31.25 dlogZ: 36.441 logZ: -74.998 +/- 0.177 logLmax: -8.56
08-04 13:25 nessai INFO    : it: 31000: Rolling KS test: D=0.032, p-value=0.1263
08-04 13:25 nessai INFO    : it: 31000: n eval: 562652 H: 32.06 dlogZ: 25.539 logZ: -65.096 +/- 0.179 logLmax: -8.56
08-04 13:25 nessai INFO    : it: 32000: Rolling KS test: D=0.028, p-value=0.2046
08-04 13:25 nessai INFO    : it: 32000: n eval: 632652 H: 32.60 dlogZ: 20.444 logZ: -58.161 +/- 0.181 logLmax: -5.72
08-04 13:25 nessai INFO    : it: 33000: Rolling KS test: D=0.019, p-value=0.4797
08-04 13:25 nessai INFO    : it: 33000: n eval: 742652 H: 33.17 dlogZ: 15.001 logZ: -53.717 +/- 0.182 logLmax: -5.72
08-04 13:26 nessai INFO    : it: 34000: Rolling KS test: D=0.011, p-value=0.7794
08-04 13:26 nessai INFO    : it: 34000: n eval: 822652 H: 33.75 dlogZ: 11.130 logZ: -50.511 +/- 0.184 logLmax: -5.38
08-04 13:26 nessai INFO    : it: 35000: Rolling KS test: D=0.008, p-value=0.8752
08-04 13:26 nessai INFO    : it: 35000: n eval: 922652 H: 34.25 dlogZ: 8.019 logZ: -48.400 +/- 0.185 logLmax: -5.38
08-04 13:26 nessai INFO    : it: 36000: Rolling KS test: D=0.008, p-value=0.8752
08-04 13:26 nessai INFO    : it: 36000: n eval: 1062652 H: 34.74 dlogZ: 5.762 logZ: -46.971 +/- 0.186 logLmax: -5.21
08-04 13:27 nessai INFO    : it: 37000: Rolling KS test: D=0.029, p-value=0.1825
08-04 13:27 nessai INFO    : it: 37000: n eval: 1172652 H: 35.23 dlogZ: 5.206 logZ: -45.977 +/- 0.188 logLmax: -3.78
08-04 13:27 nessai INFO    : it: 38000: Rolling KS test: D=0.049, p-value=0.007937
08-04 13:27 nessai INFO    : it: 38000: n eval: 1302652 H: 35.68 dlogZ: 5.156 logZ: -45.289 +/- 0.189 logLmax: -2.14
08-04 13:28 nessai INFO    : it: 39000: Rolling KS test: D=0.033, p-value=0.1108
08-04 13:28 nessai INFO    : it: 39000: n eval: 1512652 H: 36.05 dlogZ: 5.150 logZ: -44.839 +/- 0.190 logLmax: -0.70
08-04 13:28 nessai INFO    : it: 40000: Rolling KS test: D=0.045, p-value=0.01689
08-04 13:28 nessai INFO    : it: 40000: n eval: 1752652 H: 36.36 dlogZ: 3.870 logZ: -44.544 +/- 0.191 logLmax: -0.70
08-04 13:29 nessai INFO    : it: 41000: Rolling KS test: D=0.053, p-value=0.003498
08-04 13:29 nessai INFO    : it: 41000: n eval: 2022652 H: 36.66 dlogZ: 2.707 logZ: -44.333 +/- 0.191 logLmax: -0.70
08-04 13:31 nessai INFO    : it: 42000: Rolling KS test: D=0.024, p-value=0.311
08-04 13:31 nessai INFO    : it: 42000: n eval: 2242652 H: 36.97 dlogZ: 1.680 logZ: -44.168 +/- 0.192 logLmax: -0.70
08-04 13:31 nessai INFO    : it: 43000: Rolling KS test: D=0.034, p-value=0.09683
08-04 13:31 nessai INFO    : it: 43000: n eval: 2279130 H: 37.28 dlogZ: 0.878 logZ: -44.036 +/- 0.193 logLmax: -0.70
08-04 13:31 nessai INFO    : it: 44000: Rolling KS test: D=0.022, p-value=0.3744
08-04 13:31 nessai INFO    : it: 44000: n eval: 2297971 H: 37.53 dlogZ: 0.386 logZ: -43.943 +/- 0.194 logLmax: -0.70
08-04 13:31 nessai INFO    : it: 45000: Rolling KS test: D=0.047, p-value=0.01167
08-04 13:31 nessai INFO    : it: 45000: n eval: 2323626 H: 37.69 dlogZ: 0.177 logZ: -43.888 +/- 0.194 logLmax: -0.53
08-04 13:31 nessai INFO    : Stopping with difference_log_evidence=0.100
08-04 13:31 nessai INFO    : Finalising
08-04 13:31 nessai INFO    : Final ln-evidence: -43.827 +/- 0.195
08-04 13:31 nessai INFO    : Information: 37.90
08-04 13:31 nessai INFO    : Final KS test: D=0.01031, p-value=6.155e-05
08-04 13:31 nessai WARNING : Final p-value for the insertion indices is less than 0.05, this could be an indication of problems during sampling. Consider checking the diagnostic plots.
08-04 13:31 nessai INFO    : Checkpointing nested sampling
08-04 13:31 nessai INFO    : Total sampling time: 0:08:56.902471
08-04 13:31 nessai INFO    : Total training time: 0:02:19.042489
08-04 13:31 nessai INFO    : Total population time: 0:04:26.826615
08-04 13:31 nessai INFO    : Total likelihood evaluations: 2328213
08-04 13:31 nessai INFO    : Time spent evaluating likelihood: 0:01:09.393404
08-04 13:31 nessai INFO    : Total sampling time: 0:08:56.902471
08-04 13:31 nessai INFO    : Total likelihood evaluations: 2328213
08-04 13:31 nessai INFO    : Starting post processing
08-04 13:31 nessai INFO    : Computing posterior samples
08-04 13:31 nessai INFO    : Effective sample size: 10069.2
08-04 13:31 nessai INFO    : Producing posterior samples using rejection sampling
08-04 13:31 nessai INFO    : Expect 7464.637408105103 samples from rejection sampling
08-04 13:31 nessai INFO    : Returned 7431 posterior samples
08-04 13:31 nessai INFO    : Starting to close worker pool.
08-04 13:31 nessai INFO    : Finished closing worker pool.
