/data/wiay/postgrads/shashwat/qunat_com_future/lib/python3.11/site-packages/nessai/utils/logging.py:133: FutureWarning: setup_logger is deprecated, use configure_logger instead
  warnings.warn(
08-04 13:30 nessai INFO    : Running Nessai version 0.15.2
08-04 13:30 nessai INFO    : Starting multiprocessing pool with 4 processes
08-04 13:30 nessai INFO    : Initialising nested sampler
08-04 13:30 nessai WARNING : Multiprocessing pool has already been configured.
/data/wiay/postgrads/shashwat/qunat_com_future/lib/python3.11/site-packages/nessai/gw/__init__.py:12: FutureWarning: The `nessai.gw` module will be deprecated in the next release in favour of the nessai-gw package. This packages provides the same functionality as`nessai.gw` via the plugin interface.For more details, see: https://github.com/mj-will/nessai-gw
  warnings.warn(
08-04 13:30 nessai INFO    : Passing kwargs to FlowProposal: {'poolsize': 1000}
08-04 13:30 nessai INFO    : No reparameterisations provided, using default reparameterisations included in FlowProposal
08-04 13:30 nessai INFO    : Adding reparameterisations from: {}
08-04 13:30 nessai INFO    : Assuming fallback reparameterisation (ScaleAndShift) for ['kappa', 'mu_xi', 'sigma_chi', 'sigma_xi', 'rho', 'lambda_chi', 'chi0', 'xi0'] with kwargs: {'estimate_scale': True, 'estimate_shift': True, 'prior_bounds': {'kappa': array([0.1, 5. ]), 'mu_xi': array([0. , 0.1]), 'sigma_chi': array([0.05, 0.6 ]), 'sigma_xi': array([0.05, 0.4 ]), 'rho': array([-0.9,  0.9]), 'lambda_chi': array([-0.5,  0.5]), 'chi0': array([-0.5,  0.5]), 'xi0': array([2.5, 5. ])}}.
08-04 13:30 nessai INFO    : x space parameters: ['kappa', 'mu_xi', 'sigma_chi', 'sigma_xi', 'rho', 'lambda_chi', 'chi0', 'xi0']
08-04 13:30 nessai INFO    : x prime space parameters: ['kappa_prime', 'mu_xi_prime', 'sigma_chi_prime', 'sigma_xi_prime', 'rho_prime', 'lambda_chi_prime', 'chi0_prime', 'xi0_prime']
08-04 13:30 nessai INFO    : Overwriting fuzz factor with expansion fraction
08-04 13:30 nessai INFO    : New fuzz factor: 1.2228445449938519
08-04 13:30 nessai INFO    : Verifying rescaling functions
08-04 13:30 nessai INFO    : Rescaling functions are invertible
08-04 13:30 nessai INFO    : Populating initial live points
08-04 13:30 nessai INFO    : Populated 100 / 1000 live points
08-04 13:30 nessai INFO    : Populated 200 / 1000 live points
08-04 13:30 nessai INFO    : Populated 300 / 1000 live points
08-04 13:30 nessai INFO    : Populated 400 / 1000 live points
08-04 13:30 nessai INFO    : Populated 500 / 1000 live points
08-04 13:30 nessai INFO    : Populated 600 / 1000 live points
08-04 13:30 nessai INFO    : Populated 700 / 1000 live points
08-04 13:30 nessai INFO    : Populated 800 / 1000 live points
08-04 13:30 nessai INFO    : Populated 900 / 1000 live points
08-04 13:30 nessai INFO    : Populated 1000 / 1000 live points
08-04 13:30 nessai INFO    : Starting nested sampling loop
08-04 13:30 nessai INFO    : it:  1000: Rolling KS test: D=0.004, p-value=0.9659
08-04 13:30 nessai INFO    : it:  1000: n eval: 3000 H: 7.91 dlogZ: 309250931.929 logZ: -309716784.283 +/- 0.089 logLmax: -465851.35
08-04 13:30 nessai INFO    : it:  2000: Rolling KS test: D=0.017, p-value=0.5547
08-04 13:30 nessai INFO    : it:  2000: n eval: 8000 H: 8.91 dlogZ: 104875754.145 logZ: -105341607.499 +/- 0.094 logLmax: -465851.35
08-04 13:30 nessai INFO    : Switching to FlowProposal
08-04 13:30 nessai INFO    : it:  3000: Rolling KS test: D=0.021, p-value=0.4082
08-04 13:30 nessai INFO    : it:  3000: n eval: 11806 H: 9.91 dlogZ: 32372275.747 logZ: -32697682.452 +/- 0.100 logLmax: -325403.71
08-04 13:30 nessai INFO    : it:  4000: Rolling KS test: D=0.04, p-value=0.03967
08-04 13:30 nessai INFO    : it:  4000: n eval: 13520 H: 10.91 dlogZ: 11330008.263 logZ: -11593187.098 +/- 0.104 logLmax: -263174.84
08-04 13:30 nessai INFO    : it:  5000: Rolling KS test: D=0.011, p-value=0.7794
08-04 13:30 nessai INFO    : it:  5000: n eval: 16967 H: 11.91 dlogZ: 5026672.096 logZ: -5193175.413 +/- 0.109 logLmax: -166498.32
08-04 13:30 nessai INFO    : it:  6000: Rolling KS test: D=0.026, p-value=0.2543
08-04 13:30 nessai INFO    : it:  6000: n eval: 20768 H: 12.91 dlogZ: 2647000.750 logZ: -2694461.454 +/- 0.114 logLmax: -47454.71
08-04 13:30 nessai INFO    : it:  7000: Rolling KS test: D=0.009, p-value=0.8454
08-04 13:30 nessai INFO    : it:  7000: n eval: 24824 H: 13.91 dlogZ: 1431267.534 logZ: -1457349.354 +/- 0.118 logLmax: -26074.82
08-04 13:30 nessai INFO    : it:  8000: Rolling KS test: D=0.032, p-value=0.1263
08-04 13:30 nessai INFO    : it:  8000: n eval: 29277 H: 14.91 dlogZ: 796285.468 logZ: -810499.909 +/- 0.122 logLmax: -14206.44
08-04 13:30 nessai INFO    : it:  9000: Rolling KS test: D=0.041, p-value=0.03371
08-04 13:30 nessai INFO    : it:  9000: n eval: 34245 H: 15.91 dlogZ: 462216.392 logZ: -473358.272 +/- 0.126 logLmax: -11132.88
08-04 13:30 nessai INFO    : it: 10000: Rolling KS test: D=0.017, p-value=0.5547
08-04 13:30 nessai INFO    : it: 10000: n eval: 39526 H: 16.91 dlogZ: 280774.779 logZ: -284889.983 +/- 0.130 logLmax: -4105.21
08-04 13:30 nessai INFO    : it: 11000: Rolling KS test: D=0.012, p-value=0.7438
08-04 13:30 nessai INFO    : it: 11000: n eval: 43980 H: 17.91 dlogZ: 157340.118 logZ: -161456.322 +/- 0.134 logLmax: -4105.21
08-04 13:30 nessai INFO    : it: 12000: Rolling KS test: D=0.036, p-value=0.07308
08-04 13:30 nessai INFO    : it: 12000: n eval: 48849 H: 18.89 dlogZ: 90344.067 logZ: -94461.271 +/- 0.137 logLmax: -4105.21
08-04 13:30 nessai INFO    : it: 13000: Rolling KS test: D=0.038, p-value=0.05428
08-04 13:30 nessai INFO    : it: 13000: n eval: 51357 H: 19.91 dlogZ: 52561.952 logZ: -55581.212 +/- 0.141 logLmax: -3006.26
08-04 13:30 nessai INFO    : it: 14000: Rolling KS test: D=0.017, p-value=0.5547
08-04 13:31 nessai INFO    : it: 14000: n eval: 58100 H: 20.89 dlogZ: 29904.627 logZ: -32037.040 +/- 0.145 logLmax: -2118.41
08-04 13:31 nessai INFO    : it: 15000: Rolling KS test: D=0.025, p-value=0.2818
08-04 13:31 nessai INFO    : it: 15000: n eval: 63419 H: 21.91 dlogZ: 18593.499 logZ: -19307.406 +/- 0.148 logLmax: -698.91
08-04 13:31 nessai INFO    : it: 16000: Rolling KS test: D=0.027, p-value=0.2286
08-04 13:31 nessai INFO    : it: 16000: n eval: 69699 H: 22.81 dlogZ: 10782.181 logZ: -11497.088 +/- 0.151 logLmax: -698.91
08-04 13:31 nessai INFO    : it: 17000: Rolling KS test: D=0.037, p-value=0.06311
08-04 13:31 nessai INFO    : it: 17000: n eval: 75440 H: 23.84 dlogZ: 6547.681 logZ: -6795.898 +/- 0.154 logLmax: -231.22
08-04 13:31 nessai INFO    : it: 18000: Rolling KS test: D=0.024, p-value=0.311
08-04 13:31 nessai INFO    : it: 18000: n eval: 84340 H: 24.21 dlogZ: 3951.316 logZ: -4200.533 +/- 0.156 logLmax: -231.22
08-04 13:31 nessai INFO    : it: 19000: Rolling KS test: D=0.04, p-value=0.03967
08-04 13:31 nessai INFO    : it: 19000: n eval: 92231 H: 25.46 dlogZ: 2408.992 logZ: -2573.779 +/- 0.160 logLmax: -145.79
08-04 13:31 nessai INFO    : it: 20000: Rolling KS test: D=0.013, p-value=0.7071
08-04 13:31 nessai INFO    : it: 20000: n eval: 103745 H: 25.44 dlogZ: 1473.868 logZ: -1583.104 +/- 0.159 logLmax: -89.24
08-04 13:31 nessai INFO    : it: 21000: Rolling KS test: D=0.006, p-value=0.9268
08-04 13:31 nessai INFO    : it: 21000: n eval: 111097 H: 25.90 dlogZ: 931.971 logZ: -1042.208 +/- 0.161 logLmax: -89.24
08-04 13:31 nessai INFO    : it: 22000: Rolling KS test: D=0.014, p-value=0.6695
08-04 13:31 nessai INFO    : it: 22000: n eval: 125421 H: 26.57 dlogZ: 626.211 logZ: -717.490 +/- 0.163 logLmax: -69.28
08-04 13:31 nessai INFO    : it: 23000: Rolling KS test: D=0.015, p-value=0.6313
08-04 13:31 nessai INFO    : it: 23000: n eval: 140750 H: 27.45 dlogZ: 426.961 logZ: -494.371 +/- 0.166 logLmax: -44.41
08-04 13:31 nessai INFO    : it: 24000: Rolling KS test: D=0.04, p-value=0.03967
08-04 13:31 nessai INFO    : it: 24000: n eval: 162955 H: 27.89 dlogZ: 293.313 logZ: -344.704 +/- 0.167 logLmax: -27.39
08-04 13:31 nessai INFO    : it: 25000: Rolling KS test: D=0.013, p-value=0.7071
08-04 13:31 nessai INFO    : it: 25000: n eval: 196830 H: 28.61 dlogZ: 206.281 logZ: -248.595 +/- 0.169 logLmax: -17.31
08-04 13:31 nessai INFO    : it: 26000: Rolling KS test: D=0.018, p-value=0.5169
08-04 13:31 nessai INFO    : it: 26000: n eval: 233271 H: 28.94 dlogZ: 139.276 logZ: -182.589 +/- 0.170 logLmax: -17.31
08-04 13:32 nessai INFO    : it: 27000: Rolling KS test: D=0.008, p-value=0.8752
08-04 13:32 nessai INFO    : it: 27000: n eval: 273051 H: 29.41 dlogZ: 96.676 logZ: -140.990 +/- 0.171 logLmax: -17.31
08-04 13:32 nessai INFO    : it: 28000: Rolling KS test: D=0.025, p-value=0.2818
08-04 13:32 nessai INFO    : it: 28000: n eval: 312056 H: 30.23 dlogZ: 70.397 logZ: -112.761 +/- 0.174 logLmax: -14.36
08-04 13:32 nessai INFO    : it: 29000: Rolling KS test: D=0.028, p-value=0.2046
08-04 13:32 nessai INFO    : it: 29000: n eval: 360937 H: 30.91 dlogZ: 50.231 logZ: -91.716 +/- 0.176 logLmax: -12.49
08-04 13:32 nessai INFO    : it: 30000: Rolling KS test: D=0.03, p-value=0.162
08-04 13:32 nessai INFO    : it: 30000: n eval: 399129 H: 31.45 dlogZ: 40.220 logZ: -76.740 +/- 0.177 logLmax: -6.52
08-04 13:32 nessai INFO    : it: 31000: Rolling KS test: D=0.032, p-value=0.1263
08-04 13:33 nessai INFO    : it: 31000: n eval: 446169 H: 31.96 dlogZ: 29.424 logZ: -66.943 +/- 0.179 logLmax: -6.52
08-04 13:33 nessai INFO    : it: 32000: Rolling KS test: D=0.032, p-value=0.1263
08-04 13:33 nessai INFO    : it: 32000: n eval: 496169 H: 32.61 dlogZ: 22.116 logZ: -60.030 +/- 0.181 logLmax: -5.91
08-04 13:33 nessai INFO    : it: 33000: Rolling KS test: D=0.027, p-value=0.2286
08-04 13:33 nessai INFO    : it: 33000: n eval: 535694 H: 33.29 dlogZ: 17.655 logZ: -55.147 +/- 0.182 logLmax: -4.49
08-04 13:33 nessai INFO    : it: 34000: Rolling KS test: D=0.021, p-value=0.4082
08-04 13:33 nessai INFO    : it: 34000: n eval: 572934 H: 33.87 dlogZ: 14.346 logZ: -51.533 +/- 0.184 logLmax: -3.19
08-04 13:33 nessai INFO    : it: 35000: Rolling KS test: D=0.033, p-value=0.1108
08-04 13:33 nessai INFO    : it: 35000: n eval: 642355 H: 34.49 dlogZ: 11.141 logZ: -49.044 +/- 0.186 logLmax: -2.90
08-04 13:34 nessai INFO    : it: 36000: Rolling KS test: D=0.037, p-value=0.06311
08-04 13:34 nessai INFO    : it: 36000: n eval: 732209 H: 35.19 dlogZ: 9.055 logZ: -47.035 +/- 0.188 logLmax: -1.98
08-04 13:34 nessai INFO    : it: 37000: Rolling KS test: D=0.008, p-value=0.8752
08-04 13:34 nessai INFO    : it: 37000: n eval: 759275 H: 35.85 dlogZ: 6.492 logZ: -45.471 +/- 0.189 logLmax: -1.98
08-04 13:34 nessai INFO    : it: 38000: Rolling KS test: D=0.02, p-value=0.4434
08-04 13:34 nessai INFO    : it: 38000: n eval: 780651 H: 36.41 dlogZ: 4.359 logZ: -44.326 +/- 0.191 logLmax: -1.98
08-04 13:34 nessai INFO    : it: 39000: Rolling KS test: D=0.013, p-value=0.7071
08-04 13:34 nessai INFO    : it: 39000: n eval: 801785 H: 36.84 dlogZ: 3.245 logZ: -43.572 +/- 0.192 logLmax: -1.37
08-04 13:34 nessai INFO    : it: 40000: Rolling KS test: D=0.007, p-value=0.9024
08-04 13:34 nessai INFO    : it: 40000: n eval: 817076 H: 37.21 dlogZ: 1.880 logZ: -43.080 +/- 0.193 logLmax: -1.37
08-04 13:34 nessai INFO    : it: 41000: Rolling KS test: D=0.014, p-value=0.6695
08-04 13:34 nessai INFO    : it: 41000: n eval: 836363 H: 37.47 dlogZ: 0.926 logZ: -42.788 +/- 0.194 logLmax: -1.37
08-04 13:34 nessai INFO    : it: 42000: Rolling KS test: D=0.022, p-value=0.3744
08-04 13:34 nessai INFO    : it: 42000: n eval: 853236 H: 37.65 dlogZ: 0.390 logZ: -42.625 +/- 0.194 logLmax: -1.37
08-04 13:35 nessai INFO    : it: 43000: Rolling KS test: D=0.025, p-value=0.2818
08-04 13:35 nessai INFO    : it: 43000: n eval: 872659 H: 37.76 dlogZ: 0.168 logZ: -42.540 +/- 0.194 logLmax: -1.24
08-04 13:35 nessai INFO    : Stopping with difference_log_evidence=0.100
08-04 13:35 nessai INFO    : Finalising
08-04 13:35 nessai INFO    : Final ln-evidence: -42.464 +/- 0.195
08-04 13:35 nessai INFO    : Information: 37.88
08-04 13:35 nessai INFO    : Final KS test: D=0.008486, p-value=0.001883
08-04 13:35 nessai WARNING : Final p-value for the insertion indices is less than 0.05, this could be an indication of problems during sampling. Consider checking the diagnostic plots.
08-04 13:35 nessai INFO    : Checkpointing nested sampling
08-04 13:35 nessai INFO    : Total sampling time: 0:04:44.998118
08-04 13:35 nessai INFO    : Total training time: 0:01:28.427314
08-04 13:35 nessai INFO    : Total population time: 0:01:37.266581
08-04 13:35 nessai INFO    : Total likelihood evaluations: 884645
08-04 13:35 nessai INFO    : Time spent evaluating likelihood: 0:00:35.745795
08-04 13:35 nessai INFO    : Total sampling time: 0:04:44.998118
08-04 13:35 nessai INFO    : Total likelihood evaluations: 884645
08-04 13:35 nessai INFO    : Starting post processing
08-04 13:35 nessai INFO    : Computing posterior samples
08-04 13:35 nessai INFO    : Effective sample size: 6735.0
08-04 13:35 nessai INFO    : Producing posterior samples using rejection sampling
08-04 13:35 nessai INFO    : Expect 4646.905304101366 samples from rejection sampling
08-04 13:35 nessai INFO    : Returned 4630 posterior samples
08-04 13:35 nessai INFO    : Starting to close worker pool.
08-04 13:35 nessai INFO    : Finished closing worker pool.
