/data/wiay/postgrads/shashwat/qunat_com_future/lib/python3.11/site-packages/nessai/utils/logging.py:133: FutureWarning: setup_logger is deprecated, use configure_logger instead
  warnings.warn(
08-04 15:34 nessai INFO    : Running Nessai version 0.15.2
08-04 15:34 nessai INFO    : Starting multiprocessing pool with 4 processes
08-04 15:34 nessai INFO    : Initialising nested sampler
08-04 15:34 nessai WARNING : Multiprocessing pool has already been configured.
/data/wiay/postgrads/shashwat/qunat_com_future/lib/python3.11/site-packages/nessai/gw/__init__.py:12: FutureWarning: The `nessai.gw` module will be deprecated in the next release in favour of the nessai-gw package. This packages provides the same functionality as`nessai.gw` via the plugin interface.For more details, see: https://github.com/mj-will/nessai-gw
  warnings.warn(
08-04 15:34 nessai INFO    : Passing kwargs to FlowProposal: {'poolsize': 1000}
08-04 15:34 nessai INFO    : No reparameterisations provided, using default reparameterisations included in FlowProposal
08-04 15:34 nessai INFO    : Adding reparameterisations from: {}
08-04 15:34 nessai INFO    : Assuming fallback reparameterisation (ScaleAndShift) for ['kappa', 'mu_xi', 'sigma_chi', 'sigma_xi', 'rho', 'lambda_chi', 'chi0', 'xi0'] with kwargs: {'estimate_scale': True, 'estimate_shift': True, 'prior_bounds': {'kappa': array([0.1, 5. ]), 'mu_xi': array([0. , 0.1]), 'sigma_chi': array([0.05, 0.6 ]), 'sigma_xi': array([0.05, 0.4 ]), 'rho': array([-0.9,  0.9]), 'lambda_chi': array([-0.5,  0.5]), 'chi0': array([-0.5,  0.5]), 'xi0': array([2.5, 5. ])}}.
08-04 15:34 nessai INFO    : x space parameters: ['kappa', 'mu_xi', 'sigma_chi', 'sigma_xi', 'rho', 'lambda_chi', 'chi0', 'xi0']
08-04 15:34 nessai INFO    : x prime space parameters: ['kappa_prime', 'mu_xi_prime', 'sigma_chi_prime', 'sigma_xi_prime', 'rho_prime', 'lambda_chi_prime', 'chi0_prime', 'xi0_prime']
08-04 15:34 nessai INFO    : Overwriting fuzz factor with expansion fraction
08-04 15:34 nessai INFO    : New fuzz factor: 1.2228445449938519
08-04 15:34 nessai INFO    : Verifying rescaling functions
08-04 15:34 nessai INFO    : Rescaling functions are invertible
08-04 15:34 nessai INFO    : Populating initial live points
08-04 15:34 nessai INFO    : Populated 100 / 1000 live points
08-04 15:34 nessai INFO    : Populated 200 / 1000 live points
08-04 15:34 nessai INFO    : Populated 300 / 1000 live points
08-04 15:34 nessai INFO    : Populated 400 / 1000 live points
08-04 15:34 nessai INFO    : Populated 500 / 1000 live points
08-04 15:34 nessai INFO    : Populated 600 / 1000 live points
08-04 15:34 nessai INFO    : Populated 700 / 1000 live points
08-04 15:34 nessai INFO    : Populated 800 / 1000 live points
08-04 15:34 nessai INFO    : Populated 900 / 1000 live points
08-04 15:34 nessai INFO    : Populated 1000 / 1000 live points
08-04 15:34 nessai INFO    : Starting nested sampling loop
08-04 15:34 nessai INFO    : it:  1000: Rolling KS test: D=0.025, p-value=0.2818
08-04 15:34 nessai INFO    : it:  1000: n eval: 3000 H: 7.91 dlogZ: 18482518.838 logZ: -18548198.292 +/- 0.089 logLmax: -65678.46
08-04 15:34 nessai INFO    : it:  2000: Rolling KS test: D=0.021, p-value=0.4082
08-04 15:34 nessai INFO    : it:  2000: n eval: 8000 H: 8.91 dlogZ: 7479529.428 logZ: -7543357.478 +/- 0.094 logLmax: -63826.05
08-04 15:34 nessai INFO    : Switching to FlowProposal
08-04 15:34 nessai INFO    : it:  3000: Rolling KS test: D=0.027, p-value=0.2286
08-04 15:34 nessai INFO    : it:  3000: n eval: 12116 H: 9.91 dlogZ: 3282153.926 logZ: -3312767.604 +/- 0.100 logLmax: -30610.68
08-04 15:34 nessai INFO    : it:  4000: Rolling KS test: D=0.002, p-value=0.9907
08-04 15:34 nessai INFO    : it:  4000: n eval: 16862 H: 10.91 dlogZ: 1516512.949 logZ: -1520345.858 +/- 0.104 logLmax: -3828.91
08-04 15:34 nessai INFO    : it:  5000: Rolling KS test: D=0.016, p-value=0.593
08-04 15:34 nessai INFO    : it:  5000: n eval: 24558 H: 11.91 dlogZ: 620697.995 logZ: -624531.904 +/- 0.109 logLmax: -3828.91
08-04 15:34 nessai INFO    : it:  6000: Rolling KS test: D=0.046, p-value=0.01407
08-04 15:34 nessai INFO    : it:  6000: n eval: 30829 H: 12.91 dlogZ: 254693.599 logZ: -257547.503 +/- 0.114 logLmax: -2847.91
08-04 15:34 nessai INFO    : it:  7000: Rolling KS test: D=0.016, p-value=0.593
08-04 15:34 nessai INFO    : it:  7000: n eval: 35794 H: 13.91 dlogZ: 120010.850 logZ: -122666.409 +/- 0.118 logLmax: -2648.56
08-04 15:34 nessai INFO    : it:  8000: Rolling KS test: D=0.032, p-value=0.1263
08-04 15:34 nessai INFO    : it:  8000: n eval: 40634 H: 14.91 dlogZ: 56677.103 logZ: -57821.753 +/- 0.122 logLmax: -1136.65
08-04 15:34 nessai INFO    : it:  9000: Rolling KS test: D=0.02, p-value=0.4434
08-04 15:34 nessai INFO    : it:  9000: n eval: 45794 H: 15.91 dlogZ: 27934.633 logZ: -28675.539 +/- 0.126 logLmax: -731.91
08-04 15:34 nessai INFO    : it: 10000: Rolling KS test: D=0.011, p-value=0.7794
08-04 15:34 nessai INFO    : it: 10000: n eval: 51084 H: 16.85 dlogZ: 14661.139 logZ: -14928.408 +/- 0.130 logLmax: -257.27
08-04 15:34 nessai INFO    : it: 11000: Rolling KS test: D=0.019, p-value=0.4797
08-04 15:34 nessai INFO    : it: 11000: n eval: 55906 H: 17.68 dlogZ: 7808.424 logZ: -8076.693 +/- 0.133 logLmax: -257.27
08-04 15:34 nessai INFO    : it: 12000: Rolling KS test: D=0.024, p-value=0.311
08-04 15:34 nessai INFO    : it: 12000: n eval: 61143 H: 18.49 dlogZ: 4624.175 logZ: -4818.098 +/- 0.136 logLmax: -181.92
08-04 15:34 nessai INFO    : it: 13000: Rolling KS test: D=0.025, p-value=0.2818
08-04 15:34 nessai INFO    : it: 13000: n eval: 70198 H: 18.98 dlogZ: 2972.297 logZ: -3070.677 +/- 0.138 logLmax: -85.38
08-04 15:34 nessai INFO    : it: 14000: Rolling KS test: D=0.012, p-value=0.7438
08-04 15:34 nessai INFO    : it: 14000: n eval: 76661 H: 19.86 dlogZ: 1800.530 logZ: -1899.910 +/- 0.141 logLmax: -85.38
08-04 15:34 nessai INFO    : it: 15000: Rolling KS test: D=0.025, p-value=0.2818
08-04 15:34 nessai INFO    : it: 15000: n eval: 87222 H: 20.17 dlogZ: 1101.789 logZ: -1202.169 +/- 0.142 logLmax: -85.38
08-04 15:34 nessai INFO    : it: 16000: Rolling KS test: D=0.023, p-value=0.3419
08-04 15:34 nessai INFO    : it: 16000: n eval: 93476 H: 21.12 dlogZ: 654.301 logZ: -737.322 +/- 0.145 logLmax: -67.02
08-04 15:34 nessai INFO    : it: 17000: Rolling KS test: D=0.019, p-value=0.4797
08-04 15:34 nessai INFO    : it: 17000: n eval: 104987 H: 20.98 dlogZ: 428.893 logZ: -461.934 +/- 0.145 logLmax: -16.04
08-04 15:34 nessai INFO    : it: 18000: Rolling KS test: D=0.046, p-value=0.01407
08-04 15:34 nessai INFO    : it: 18000: n eval: 117721 H: 21.59 dlogZ: 264.642 logZ: -298.683 +/- 0.147 logLmax: -16.04
08-04 15:34 nessai INFO    : it: 19000: Rolling KS test: D=0.004, p-value=0.9659
08-04 15:35 nessai INFO    : it: 19000: n eval: 133130 H: 22.18 dlogZ: 161.313 logZ: -194.926 +/- 0.149 logLmax: -14.61
08-04 15:35 nessai INFO    : it: 20000: Rolling KS test: D=0.009, p-value=0.8454
08-04 15:35 nessai INFO    : it: 20000: n eval: 143584 H: 22.88 dlogZ: 106.873 logZ: -134.351 +/- 0.151 logLmax: -7.48
08-04 15:35 nessai INFO    : it: 21000: Rolling KS test: D=0.022, p-value=0.3744
08-04 15:35 nessai INFO    : it: 21000: n eval: 159908 H: 23.38 dlogZ: 68.958 logZ: -97.436 +/- 0.153 logLmax: -7.48
08-04 15:35 nessai INFO    : it: 22000: Rolling KS test: D=0.018, p-value=0.5169
08-04 15:35 nessai INFO    : it: 22000: n eval: 183426 H: 23.91 dlogZ: 44.518 logZ: -73.995 +/- 0.155 logLmax: -7.48
08-04 15:35 nessai INFO    : it: 23000: Rolling KS test: D=0.037, p-value=0.06311
08-04 15:35 nessai INFO    : it: 23000: n eval: 201132 H: 24.37 dlogZ: 32.109 logZ: -59.275 +/- 0.156 logLmax: -4.17
08-04 15:35 nessai INFO    : it: 24000: Rolling KS test: D=0.012, p-value=0.7438
08-04 15:35 nessai INFO    : it: 24000: n eval: 235136 H: 24.91 dlogZ: 22.540 logZ: -50.227 +/- 0.158 logLmax: -3.69
08-04 15:35 nessai INFO    : it: 25000: Rolling KS test: D=0.037, p-value=0.06311
08-04 15:35 nessai INFO    : it: 25000: n eval: 260573 H: 25.46 dlogZ: 16.163 logZ: -44.089 +/- 0.160 logLmax: -2.93
08-04 15:35 nessai INFO    : it: 26000: Rolling KS test: D=0.021, p-value=0.4082
08-04 15:35 nessai INFO    : it: 26000: n eval: 298018 H: 26.03 dlogZ: 11.507 logZ: -40.070 +/- 0.161 logLmax: -2.56
08-04 15:35 nessai INFO    : it: 27000: Rolling KS test: D=0.018, p-value=0.5169
08-04 15:35 nessai INFO    : it: 27000: n eval: 327229 H: 26.52 dlogZ: 8.336 logZ: -37.445 +/- 0.163 logLmax: -2.11
08-04 15:35 nessai INFO    : it: 28000: Rolling KS test: D=0.027, p-value=0.2286
08-04 15:35 nessai INFO    : it: 28000: n eval: 363590 H: 26.97 dlogZ: 5.619 logZ: -35.724 +/- 0.164 logLmax: -2.11
08-04 15:35 nessai INFO    : it: 29000: Rolling KS test: D=0.013, p-value=0.7071
08-04 15:35 nessai INFO    : it: 29000: n eval: 412422 H: 27.34 dlogZ: 3.607 logZ: -34.688 +/- 0.165 logLmax: -2.11
08-04 15:35 nessai INFO    : it: 30000: Rolling KS test: D=0.02, p-value=0.4434
08-04 15:35 nessai INFO    : it: 30000: n eval: 482422 H: 27.69 dlogZ: 2.417 logZ: -34.040 +/- 0.166 logLmax: -1.72
08-04 15:36 nessai INFO    : it: 31000: Rolling KS test: D=0.032, p-value=0.1263
08-04 15:36 nessai INFO    : it: 31000: n eval: 532422 H: 27.93 dlogZ: 1.281 logZ: -33.673 +/- 0.167 logLmax: -1.72
08-04 15:36 nessai INFO    : it: 32000: Rolling KS test: D=0.028, p-value=0.2046
08-04 15:36 nessai INFO    : it: 32000: n eval: 602422 H: 28.10 dlogZ: 0.664 logZ: -33.473 +/- 0.168 logLmax: -1.53
08-04 15:36 nessai INFO    : it: 33000: Rolling KS test: D=0.046, p-value=0.01407
08-04 15:36 nessai INFO    : it: 33000: n eval: 662422 H: 28.21 dlogZ: 0.314 logZ: -33.366 +/- 0.168 logLmax: -1.36
08-04 15:36 nessai INFO    : it: 34000: Rolling KS test: D=0.036, p-value=0.07308
08-04 15:36 nessai INFO    : it: 34000: n eval: 712422 H: 28.29 dlogZ: 0.168 logZ: -33.310 +/- 0.168 logLmax: -1.01
08-04 15:36 nessai INFO    : Stopping with difference_log_evidence=0.100
08-04 15:36 nessai INFO    : Finalising
08-04 15:36 nessai INFO    : Final ln-evidence: -33.256 +/- 0.168
08-04 15:36 nessai INFO    : Information: 28.38
08-04 15:36 nessai INFO    : Final KS test: D=0.00888, p-value=0.004284
08-04 15:36 nessai WARNING : Final p-value for the insertion indices is less than 0.05, this could be an indication of problems during sampling. Consider checking the diagnostic plots.
08-04 15:36 nessai INFO    : Checkpointing nested sampling
08-04 15:36 nessai INFO    : Total sampling time: 0:02:25.349732
08-04 15:36 nessai INFO    : Total training time: 0:00:44.299829
08-04 15:36 nessai INFO    : Total population time: 0:00:48.586047
08-04 15:36 nessai INFO    : Total likelihood evaluations: 742422
08-04 15:36 nessai INFO    : Time spent evaluating likelihood: 0:00:15.183330
08-04 15:36 nessai INFO    : Total sampling time: 0:02:25.349732
08-04 15:36 nessai INFO    : Total likelihood evaluations: 742422
08-04 15:36 nessai INFO    : Starting post processing
08-04 15:36 nessai INFO    : Computing posterior samples
08-04 15:36 nessai INFO    : Effective sample size: 6527.2
08-04 15:36 nessai INFO    : Producing posterior samples using rejection sampling
08-04 15:36 nessai INFO    : Expect 4387.509621123413 samples from rejection sampling
08-04 15:36 nessai INFO    : Returned 4379 posterior samples
08-04 15:36 nessai INFO    : Starting to close worker pool.
08-04 15:36 nessai INFO    : Finished closing worker pool.
