/data/wiay/postgrads/shashwat/qunat_com_future/lib/python3.11/site-packages/nessai/utils/logging.py:133: FutureWarning: setup_logger is deprecated, use configure_logger instead
  warnings.warn(
08-04 13:40 nessai INFO    : Running Nessai version 0.15.2
08-04 13:40 nessai INFO    : Starting multiprocessing pool with 4 processes
08-04 13:40 nessai INFO    : Initialising nested sampler
08-04 13:40 nessai WARNING : Multiprocessing pool has already been configured.
/data/wiay/postgrads/shashwat/qunat_com_future/lib/python3.11/site-packages/nessai/gw/__init__.py:12: FutureWarning: The `nessai.gw` module will be deprecated in the next release in favour of the nessai-gw package. This packages provides the same functionality as`nessai.gw` via the plugin interface.For more details, see: https://github.com/mj-will/nessai-gw
  warnings.warn(
08-04 13:40 nessai INFO    : Passing kwargs to FlowProposal: {'poolsize': 1000}
08-04 13:40 nessai INFO    : No reparameterisations provided, using default reparameterisations included in FlowProposal
08-04 13:40 nessai INFO    : Adding reparameterisations from: {}
08-04 13:40 nessai INFO    : Assuming fallback reparameterisation (ScaleAndShift) for ['kappa', 'mu_xi', 'sigma_chi', 'sigma_xi', 'rho', 'lambda_chi', 'chi0', 'xi0'] with kwargs: {'estimate_scale': True, 'estimate_shift': True, 'prior_bounds': {'kappa': array([0.1, 5. ]), 'mu_xi': array([0. , 0.1]), 'sigma_chi': array([0.05, 0.6 ]), 'sigma_xi': array([0.05, 0.4 ]), 'rho': array([-0.9,  0.9]), 'lambda_chi': array([-0.5,  0.5]), 'chi0': array([-0.5,  0.5]), 'xi0': array([2.5, 5. ])}}.
08-04 13:40 nessai INFO    : x space parameters: ['kappa', 'mu_xi', 'sigma_chi', 'sigma_xi', 'rho', 'lambda_chi', 'chi0', 'xi0']
08-04 13:40 nessai INFO    : x prime space parameters: ['kappa_prime', 'mu_xi_prime', 'sigma_chi_prime', 'sigma_xi_prime', 'rho_prime', 'lambda_chi_prime', 'chi0_prime', 'xi0_prime']
08-04 13:40 nessai INFO    : Overwriting fuzz factor with expansion fraction
08-04 13:40 nessai INFO    : New fuzz factor: 1.2228445449938519
08-04 13:40 nessai INFO    : Verifying rescaling functions
08-04 13:40 nessai INFO    : Rescaling functions are invertible
08-04 13:40 nessai INFO    : Populating initial live points
08-04 13:40 nessai INFO    : Populated 100 / 1000 live points
08-04 13:40 nessai INFO    : Populated 200 / 1000 live points
08-04 13:40 nessai INFO    : Populated 300 / 1000 live points
08-04 13:40 nessai INFO    : Populated 400 / 1000 live points
08-04 13:40 nessai INFO    : Populated 500 / 1000 live points
08-04 13:40 nessai INFO    : Populated 600 / 1000 live points
08-04 13:40 nessai INFO    : Populated 700 / 1000 live points
08-04 13:40 nessai INFO    : Populated 800 / 1000 live points
08-04 13:40 nessai INFO    : Populated 900 / 1000 live points
08-04 13:40 nessai INFO    : Populated 1000 / 1000 live points
08-04 13:40 nessai INFO    : Starting nested sampling loop
08-04 13:40 nessai INFO    : it:  1000: Rolling KS test: D=0.029, p-value=0.1825
08-04 13:40 nessai INFO    : it:  1000: n eval: 3000 H: 7.91 dlogZ: 7944324.196 logZ: -7953138.221 +/- 0.089 logLmax: -8813.03
08-04 13:40 nessai INFO    : it:  2000: Rolling KS test: D=0.026, p-value=0.2543
08-04 13:40 nessai INFO    : it:  2000: n eval: 7000 H: 8.91 dlogZ: 2765706.452 logZ: -2772238.392 +/- 0.094 logLmax: -6529.94
08-04 13:40 nessai INFO    : Switching to FlowProposal
08-04 13:40 nessai INFO    : it:  3000: Rolling KS test: D=0.017, p-value=0.5547
08-04 13:40 nessai INFO    : it:  3000: n eval: 11143 H: 9.91 dlogZ: 1043010.796 logZ: -1048798.538 +/- 0.100 logLmax: -5784.74
08-04 13:40 nessai INFO    : it:  4000: Rolling KS test: D=0.021, p-value=0.4082
08-04 13:40 nessai INFO    : it:  4000: n eval: 15042 H: 10.91 dlogZ: 422609.627 logZ: -428242.214 +/- 0.104 logLmax: -5628.59
08-04 13:40 nessai INFO    : it:  5000: Rolling KS test: D=0.018, p-value=0.5169
08-04 13:40 nessai INFO    : it:  5000: n eval: 19627 H: 11.91 dlogZ: 176895.222 logZ: -182528.810 +/- 0.109 logLmax: -5628.59
08-04 13:40 nessai INFO    : it:  6000: Rolling KS test: D=0.022, p-value=0.3744
08-04 13:40 nessai INFO    : it:  6000: n eval: 24120 H: 12.90 dlogZ: 83152.548 logZ: -84228.618 +/- 0.114 logLmax: -1070.07
08-04 13:40 nessai INFO    : it:  7000: Rolling KS test: D=0.004, p-value=0.9659
08-04 13:40 nessai INFO    : it:  7000: n eval: 28602 H: 13.91 dlogZ: 40353.866 logZ: -40602.290 +/- 0.118 logLmax: -241.42
08-04 13:40 nessai INFO    : it:  8000: Rolling KS test: D=0.008, p-value=0.8752
08-04 13:40 nessai INFO    : it:  8000: n eval: 33993 H: 14.91 dlogZ: 20021.606 logZ: -20271.030 +/- 0.122 logLmax: -241.42
08-04 13:40 nessai INFO    : it:  9000: Rolling KS test: D=0.013, p-value=0.7071
08-04 13:40 nessai INFO    : it:  9000: n eval: 39827 H: 15.89 dlogZ: 10099.304 logZ: -10349.728 +/- 0.126 logLmax: -241.42
08-04 13:40 nessai INFO    : it: 10000: Rolling KS test: D=0.034, p-value=0.09683
08-04 13:40 nessai INFO    : it: 10000: n eval: 45022 H: 16.59 dlogZ: 5155.523 logZ: -5286.623 +/- 0.129 logLmax: -121.10
08-04 13:40 nessai INFO    : it: 11000: Rolling KS test: D=0.005, p-value=0.9481
08-04 13:40 nessai INFO    : it: 11000: n eval: 50593 H: 16.90 dlogZ: 2782.454 logZ: -2877.853 +/- 0.130 logLmax: -84.40
08-04 13:40 nessai INFO    : it: 12000: Rolling KS test: D=0.022, p-value=0.3744
08-04 13:40 nessai INFO    : it: 12000: n eval: 59505 H: 17.75 dlogZ: 1567.049 logZ: -1639.717 +/- 0.133 logLmax: -60.67
08-04 13:40 nessai INFO    : it: 13000: Rolling KS test: D=0.011, p-value=0.7794
08-04 13:40 nessai INFO    : it: 13000: n eval: 64845 H: 18.42 dlogZ: 907.755 logZ: -981.424 +/- 0.136 logLmax: -60.67
08-04 13:40 nessai INFO    : it: 14000: Rolling KS test: D=0.023, p-value=0.3419
08-04 13:40 nessai INFO    : it: 14000: n eval: 70865 H: 18.29 dlogZ: 566.031 logZ: -600.217 +/- 0.135 logLmax: -20.19
08-04 13:40 nessai INFO    : it: 15000: Rolling KS test: D=0.039, p-value=0.0465
08-04 13:40 nessai INFO    : it: 15000: n eval: 77784 H: 19.04 dlogZ: 361.990 logZ: -389.046 +/- 0.138 logLmax: -12.06
08-04 13:40 nessai INFO    : it: 16000: Rolling KS test: D=0.022, p-value=0.3744
08-04 13:40 nessai INFO    : it: 16000: n eval: 87360 H: 19.95 dlogZ: 218.522 logZ: -246.577 +/- 0.141 logLmax: -12.06
08-04 13:40 nessai INFO    : it: 17000: Rolling KS test: D=0.01, p-value=0.8133
08-04 13:40 nessai INFO    : it: 17000: n eval: 94365 H: 19.97 dlogZ: 134.213 logZ: -163.269 +/- 0.141 logLmax: -12.06
08-04 13:40 nessai INFO    : it: 18000: Rolling KS test: D=0.023, p-value=0.3419
08-04 13:40 nessai INFO    : it: 18000: n eval: 105996 H: 20.76 dlogZ: 86.039 logZ: -114.166 +/- 0.144 logLmax: -10.13
08-04 13:40 nessai INFO    : it: 19000: Rolling KS test: D=0.007, p-value=0.9024
08-04 13:40 nessai INFO    : it: 19000: n eval: 115193 H: 21.23 dlogZ: 55.438 logZ: -80.961 +/- 0.146 logLmax: -6.52
08-04 13:41 nessai INFO    : it: 20000: Rolling KS test: D=0.043, p-value=0.02406
08-04 13:41 nessai INFO    : it: 20000: n eval: 128235 H: 21.71 dlogZ: 35.263 logZ: -61.787 +/- 0.147 logLmax: -6.52
08-04 13:41 nessai INFO    : it: 21000: Rolling KS test: D=0.023, p-value=0.3419
08-04 13:41 nessai INFO    : it: 21000: n eval: 150034 H: 22.27 dlogZ: 22.030 logZ: -49.554 +/- 0.149 logLmax: -6.52
08-04 13:41 nessai INFO    : it: 22000: Rolling KS test: D=0.011, p-value=0.7794
08-04 13:41 nessai INFO    : it: 22000: n eval: 172171 H: 22.66 dlogZ: 14.290 logZ: -41.968 +/- 0.151 logLmax: -5.68
08-04 13:41 nessai INFO    : it: 23000: Rolling KS test: D=0.018, p-value=0.5169
08-04 13:41 nessai INFO    : it: 23000: n eval: 194486 H: 23.06 dlogZ: 9.038 logZ: -37.716 +/- 0.152 logLmax: -5.68
08-04 13:41 nessai INFO    : it: 24000: Rolling KS test: D=0.024, p-value=0.311
08-04 13:41 nessai INFO    : it: 24000: n eval: 225994 H: 23.39 dlogZ: 5.978 logZ: -35.310 +/- 0.153 logLmax: -5.34
08-04 13:41 nessai INFO    : it: 25000: Rolling KS test: D=0.035, p-value=0.08429
08-04 13:41 nessai INFO    : it: 25000: n eval: 264431 H: 23.72 dlogZ: 4.620 logZ: -33.945 +/- 0.154 logLmax: -4.34
08-04 13:41 nessai INFO    : it: 26000: Rolling KS test: D=0.006, p-value=0.9268
08-04 13:41 nessai INFO    : it: 26000: n eval: 314083 H: 24.04 dlogZ: 2.856 logZ: -33.132 +/- 0.155 logLmax: -4.34
08-04 13:41 nessai INFO    : it: 27000: Rolling KS test: D=0.023, p-value=0.3419
08-04 13:41 nessai INFO    : it: 27000: n eval: 374083 H: 24.27 dlogZ: 1.623 logZ: -32.685 +/- 0.156 logLmax: -4.28
08-04 13:41 nessai INFO    : it: 28000: Rolling KS test: D=0.024, p-value=0.311
08-04 13:41 nessai INFO    : it: 28000: n eval: 444083 H: 24.43 dlogZ: 0.778 logZ: -32.445 +/- 0.156 logLmax: -4.28
08-04 13:42 nessai INFO    : it: 29000: Rolling KS test: D=0.043, p-value=0.02406
08-04 13:42 nessai INFO    : it: 29000: n eval: 554083 H: 24.54 dlogZ: 0.351 logZ: -32.322 +/- 0.157 logLmax: -4.19
08-04 13:42 nessai INFO    : it: 30000: Rolling KS test: D=0.048, p-value=0.009645
08-04 13:42 nessai INFO    : it: 30000: n eval: 704083 H: 24.61 dlogZ: 0.183 logZ: -32.260 +/- 0.157 logLmax: -3.86
08-04 13:42 nessai INFO    : Stopping with difference_log_evidence=0.100
08-04 13:42 nessai INFO    : Finalising
08-04 13:42 nessai INFO    : Final ln-evidence: -32.204 +/- 0.157
08-04 13:42 nessai INFO    : Information: 24.70
08-04 13:42 nessai INFO    : Final KS test: D=0.006778, p-value=0.05968
08-04 13:42 nessai INFO    : Checkpointing nested sampling
08-04 13:42 nessai INFO    : Total sampling time: 0:02:17.179962
08-04 13:42 nessai INFO    : Total training time: 0:00:44.881314
08-04 13:42 nessai INFO    : Total population time: 0:00:45.076079
08-04 13:42 nessai INFO    : Total likelihood evaluations: 814083
08-04 13:42 nessai INFO    : Time spent evaluating likelihood: 0:00:14.909235
08-04 13:42 nessai INFO    : Total sampling time: 0:02:17.179962
08-04 13:42 nessai INFO    : Total likelihood evaluations: 814083
08-04 13:42 nessai INFO    : Starting post processing
08-04 13:42 nessai INFO    : Computing posterior samples
08-04 13:42 nessai INFO    : Effective sample size: 6142.0
08-04 13:42 nessai INFO    : Producing posterior samples using rejection sampling
08-04 13:42 nessai INFO    : Expect 4174.249123756909 samples from rejection sampling
08-04 13:42 nessai INFO    : Returned 4182 posterior samples
08-04 13:42 nessai INFO    : Starting to close worker pool.
08-04 13:42 nessai INFO    : Finished closing worker pool.
