/data/wiay/postgrads/shashwat/qunat_com_future/lib/python3.11/site-packages/nessai/utils/logging.py:133: FutureWarning: setup_logger is deprecated, use configure_logger instead
  warnings.warn(
08-04 15:12 nessai INFO    : Running Nessai version 0.15.2
08-04 15:12 nessai INFO    : Starting multiprocessing pool with 4 processes
08-04 15:12 nessai INFO    : Initialising nested sampler
08-04 15:12 nessai WARNING : Multiprocessing pool has already been configured.
/data/wiay/postgrads/shashwat/qunat_com_future/lib/python3.11/site-packages/nessai/gw/__init__.py:12: FutureWarning: The `nessai.gw` module will be deprecated in the next release in favour of the nessai-gw package. This packages provides the same functionality as`nessai.gw` via the plugin interface.For more details, see: https://github.com/mj-will/nessai-gw
  warnings.warn(
08-04 15:12 nessai INFO    : Passing kwargs to FlowProposal: {'poolsize': 1000}
08-04 15:12 nessai INFO    : No reparameterisations provided, using default reparameterisations included in FlowProposal
08-04 15:12 nessai INFO    : Adding reparameterisations from: {}
08-04 15:12 nessai INFO    : Assuming fallback reparameterisation (ScaleAndShift) for ['kappa', 'mu_xi', 'sigma_chi', 'sigma_xi', 'rho', 'lambda_chi', 'chi0', 'xi0'] with kwargs: {'estimate_scale': True, 'estimate_shift': True, 'prior_bounds': {'kappa': array([0.1, 5. ]), 'mu_xi': array([0. , 0.1]), 'sigma_chi': array([0.05, 0.6 ]), 'sigma_xi': array([0.05, 0.4 ]), 'rho': array([-0.9,  0.9]), 'lambda_chi': array([-0.5,  0.5]), 'chi0': array([-0.5,  0.5]), 'xi0': array([2.5, 5. ])}}.
08-04 15:12 nessai INFO    : x space parameters: ['kappa', 'mu_xi', 'sigma_chi', 'sigma_xi', 'rho', 'lambda_chi', 'chi0', 'xi0']
08-04 15:12 nessai INFO    : x prime space parameters: ['kappa_prime', 'mu_xi_prime', 'sigma_chi_prime', 'sigma_xi_prime', 'rho_prime', 'lambda_chi_prime', 'chi0_prime', 'xi0_prime']
08-04 15:12 nessai INFO    : Overwriting fuzz factor with expansion fraction
08-04 15:12 nessai INFO    : New fuzz factor: 1.2228445449938519
08-04 15:12 nessai INFO    : Verifying rescaling functions
08-04 15:12 nessai INFO    : Rescaling functions are invertible
08-04 15:12 nessai INFO    : Populating initial live points
08-04 15:12 nessai INFO    : Populated 100 / 1000 live points
08-04 15:12 nessai INFO    : Populated 200 / 1000 live points
08-04 15:12 nessai INFO    : Populated 300 / 1000 live points
08-04 15:12 nessai INFO    : Populated 400 / 1000 live points
08-04 15:12 nessai INFO    : Populated 500 / 1000 live points
08-04 15:12 nessai INFO    : Populated 600 / 1000 live points
08-04 15:12 nessai INFO    : Populated 700 / 1000 live points
08-04 15:12 nessai INFO    : Populated 800 / 1000 live points
08-04 15:12 nessai INFO    : Populated 900 / 1000 live points
08-04 15:12 nessai INFO    : Populated 1000 / 1000 live points
08-04 15:12 nessai INFO    : Starting nested sampling loop
08-04 15:12 nessai INFO    : it:  1000: Rolling KS test: D=0.014, p-value=0.6695
08-04 15:12 nessai INFO    : it:  1000: n eval: 3000 H: 7.91 dlogZ: 13598081.785 logZ: -13601027.366 +/- 0.089 logLmax: -2944.58
08-04 15:12 nessai INFO    : it:  2000: Rolling KS test: D=0.012, p-value=0.7438
08-04 15:12 nessai INFO    : it:  2000: n eval: 8000 H: 8.91 dlogZ: 1619265.308 logZ: -1619832.546 +/- 0.094 logLmax: -565.24
08-04 15:12 nessai INFO    : Switching to FlowProposal
08-04 15:12 nessai INFO    : it:  3000: Rolling KS test: D=0.022, p-value=0.3744
08-04 15:12 nessai INFO    : it:  3000: n eval: 11879 H: 9.91 dlogZ: 345303.313 logZ: -345538.479 +/- 0.100 logLmax: -232.17
08-04 15:12 nessai INFO    : it:  4000: Rolling KS test: D=0.024, p-value=0.311
08-04 15:12 nessai INFO    : it:  4000: n eval: 13300 H: 10.91 dlogZ: 94135.827 logZ: -94371.994 +/- 0.104 logLmax: -232.17
08-04 15:12 nessai INFO    : it:  5000: Rolling KS test: D=0.014, p-value=0.6695
08-04 15:12 nessai INFO    : it:  5000: n eval: 16756 H: 11.87 dlogZ: 34787.817 logZ: -34931.112 +/- 0.109 logLmax: -138.30
08-04 15:12 nessai INFO    : it:  6000: Rolling KS test: D=0.024, p-value=0.311
08-04 15:13 nessai INFO    : it:  6000: n eval: 20664 H: 12.90 dlogZ: 15213.421 logZ: -15357.716 +/- 0.114 logLmax: -138.30
08-04 15:13 nessai INFO    : it:  7000: Rolling KS test: D=0.014, p-value=0.6695
08-04 15:13 nessai INFO    : it:  7000: n eval: 25309 H: 13.91 dlogZ: 7198.007 logZ: -7209.237 +/- 0.118 logLmax: -4.23
08-04 15:13 nessai INFO    : it:  8000: Rolling KS test: D=0.009, p-value=0.8454
08-04 15:13 nessai INFO    : it:  8000: n eval: 29905 H: 14.32 dlogZ: 3521.150 logZ: -3533.380 +/- 0.120 logLmax: -4.23
08-04 15:13 nessai INFO    : it:  9000: Rolling KS test: D=0.041, p-value=0.03371
08-04 15:13 nessai INFO    : it:  9000: n eval: 35439 H: 14.65 dlogZ: 1774.102 logZ: -1787.333 +/- 0.121 logLmax: -4.23
08-04 15:13 nessai INFO    : it: 10000: Rolling KS test: D=0.031, p-value=0.1433
08-04 15:13 nessai INFO    : it: 10000: n eval: 41348 H: 15.02 dlogZ: 947.762 logZ: -961.993 +/- 0.123 logLmax: -4.23
08-04 15:13 nessai INFO    : it: 11000: Rolling KS test: D=0.031, p-value=0.1433
08-04 15:13 nessai INFO    : it: 11000: n eval: 46876 H: 15.86 dlogZ: 484.844 logZ: -500.075 +/- 0.126 logLmax: -4.23
08-04 15:13 nessai INFO    : it: 12000: Rolling KS test: D=0.041, p-value=0.03371
08-04 15:13 nessai INFO    : it: 12000: n eval: 55513 H: 16.06 dlogZ: 255.737 logZ: -270.671 +/- 0.127 logLmax: -2.93
08-04 15:13 nessai INFO    : it: 13000: Rolling KS test: D=0.019, p-value=0.4797
08-04 15:13 nessai INFO    : it: 13000: n eval: 63484 H: 16.56 dlogZ: 138.848 logZ: -154.748 +/- 0.129 logLmax: -2.90
08-04 15:13 nessai INFO    : it: 14000: Rolling KS test: D=0.035, p-value=0.08429
08-04 15:13 nessai INFO    : it: 14000: n eval: 69183 H: 16.79 dlogZ: 74.196 logZ: -89.376 +/- 0.130 logLmax: -1.18
08-04 15:13 nessai INFO    : it: 15000: Rolling KS test: D=0.016, p-value=0.593
08-04 15:13 nessai INFO    : it: 15000: n eval: 79117 H: 17.06 dlogZ: 41.942 logZ: -58.123 +/- 0.131 logLmax: -1.18
08-04 15:13 nessai INFO    : it: 16000: Rolling KS test: D=0.017, p-value=0.5547
08-04 15:13 nessai INFO    : it: 16000: n eval: 93289 H: 17.41 dlogZ: 23.945 logZ: -41.125 +/- 0.132 logLmax: -1.18
08-04 15:13 nessai INFO    : it: 17000: Rolling KS test: D=0.019, p-value=0.4797
08-04 15:13 nessai INFO    : it: 17000: n eval: 101775 H: 17.86 dlogZ: 13.983 logZ: -32.164 +/- 0.134 logLmax: -1.18
08-04 15:13 nessai INFO    : it: 18000: Rolling KS test: D=0.017, p-value=0.5547
08-04 15:13 nessai INFO    : it: 18000: n eval: 115297 H: 18.09 dlogZ: 8.330 logZ: -27.510 +/- 0.134 logLmax: -1.18
08-04 15:13 nessai INFO    : it: 19000: Rolling KS test: D=0.008, p-value=0.8752
08-04 15:13 nessai INFO    : it: 19000: n eval: 128683 H: 18.41 dlogZ: 4.908 logZ: -25.059 +/- 0.136 logLmax: -1.16
08-04 15:13 nessai INFO    : it: 20000: Rolling KS test: D=0.024, p-value=0.311
08-04 15:13 nessai INFO    : it: 20000: n eval: 142214 H: 18.69 dlogZ: 2.826 logZ: -23.718 +/- 0.137 logLmax: -0.95
08-04 15:13 nessai INFO    : it: 21000: Rolling KS test: D=0.028, p-value=0.2046
08-04 15:13 nessai INFO    : it: 21000: n eval: 158148 H: 18.89 dlogZ: 1.380 logZ: -23.042 +/- 0.137 logLmax: -0.95
08-04 15:13 nessai INFO    : it: 22000: Rolling KS test: D=0.029, p-value=0.1825
08-04 15:13 nessai INFO    : it: 22000: n eval: 171172 H: 19.02 dlogZ: 0.578 logZ: -22.708 +/- 0.138 logLmax: -0.95
08-04 15:13 nessai INFO    : it: 23000: Rolling KS test: D=0.016, p-value=0.593
08-04 15:13 nessai INFO    : it: 23000: n eval: 186316 H: 19.12 dlogZ: 0.241 logZ: -22.546 +/- 0.138 logLmax: -0.84
08-04 15:13 nessai INFO    : Stopping with difference_log_evidence=0.100
08-04 15:13 nessai INFO    : Finalising
08-04 15:13 nessai INFO    : Final ln-evidence: -22.415 +/- 0.139
08-04 15:13 nessai INFO    : Information: 19.22
08-04 15:13 nessai INFO    : Final KS test: D=0.007116, p-value=0.08842
08-04 15:13 nessai INFO    : Checkpointing nested sampling
08-04 15:13 nessai INFO    : Total sampling time: 0:01:01.259759
08-04 15:13 nessai INFO    : Total training time: 0:00:19.994549
08-04 15:13 nessai INFO    : Total population time: 0:00:13.851198
08-04 15:13 nessai INFO    : Total likelihood evaluations: 205223
08-04 15:13 nessai INFO    : Time spent evaluating likelihood: 0:00:03.910274
08-04 15:13 nessai INFO    : Total sampling time: 0:01:01.259759
08-04 15:13 nessai INFO    : Total likelihood evaluations: 205223
08-04 15:13 nessai INFO    : Starting post processing
08-04 15:13 nessai INFO    : Computing posterior samples
08-04 15:13 nessai INFO    : Effective sample size: 5348.6
08-04 15:13 nessai INFO    : Producing posterior samples using rejection sampling
08-04 15:13 nessai INFO    : Expect 3694.278157235315 samples from rejection sampling
08-04 15:13 nessai INFO    : Returned 3693 posterior samples
08-04 15:13 nessai INFO    : Starting to close worker pool.
08-04 15:13 nessai INFO    : Finished closing worker pool.
