/data/wiay/postgrads/shashwat/qunat_com_future/lib/python3.11/site-packages/nessai/utils/logging.py:133: FutureWarning: setup_logger is deprecated, use configure_logger instead
  warnings.warn(
08-04 09:58 nessai INFO    : Running Nessai version 0.15.2
08-04 09:58 nessai INFO    : Starting multiprocessing pool with 4 processes
08-04 09:58 nessai INFO    : Initialising nested sampler
08-04 09:58 nessai WARNING : Multiprocessing pool has already been configured.
/data/wiay/postgrads/shashwat/qunat_com_future/lib/python3.11/site-packages/nessai/gw/__init__.py:12: FutureWarning: The `nessai.gw` module will be deprecated in the next release in favour of the nessai-gw package. This packages provides the same functionality as`nessai.gw` via the plugin interface.For more details, see: https://github.com/mj-will/nessai-gw
  warnings.warn(
08-04 09:58 nessai INFO    : Passing kwargs to FlowProposal: {'poolsize': 1000}
08-04 09:58 nessai INFO    : No reparameterisations provided, using default reparameterisations included in FlowProposal
08-04 09:58 nessai INFO    : Adding reparameterisations from: {}
08-04 09:58 nessai INFO    : Assuming fallback reparameterisation (ScaleAndShift) for ['kappa', 'mu_xi', 'sigma_chi', 'sigma_xi', 'rho', 'lambda_chi', 'chi0', 'xi0'] with kwargs: {'estimate_scale': True, 'estimate_shift': True, 'prior_bounds': {'kappa': array([0.1, 5. ]), 'mu_xi': array([0. , 0.1]), 'sigma_chi': array([0.05, 0.6 ]), 'sigma_xi': array([0.05, 0.4 ]), 'rho': array([-0.9,  0.9]), 'lambda_chi': array([-0.5,  0.5]), 'chi0': array([-0.5,  0.5]), 'xi0': array([2.5, 5. ])}}.
08-04 09:58 nessai INFO    : x space parameters: ['kappa', 'mu_xi', 'sigma_chi', 'sigma_xi', 'rho', 'lambda_chi', 'chi0', 'xi0']
08-04 09:58 nessai INFO    : x prime space parameters: ['kappa_prime', 'mu_xi_prime', 'sigma_chi_prime', 'sigma_xi_prime', 'rho_prime', 'lambda_chi_prime', 'chi0_prime', 'xi0_prime']
08-04 09:58 nessai INFO    : Overwriting fuzz factor with expansion fraction
08-04 09:58 nessai INFO    : New fuzz factor: 1.2228445449938519
08-04 09:58 nessai INFO    : Verifying rescaling functions
08-04 09:58 nessai INFO    : Rescaling functions are invertible
08-04 09:58 nessai INFO    : Populating initial live points
08-04 09:58 nessai INFO    : Populated 100 / 1000 live points
08-04 09:58 nessai INFO    : Populated 200 / 1000 live points
08-04 09:58 nessai INFO    : Populated 300 / 1000 live points
08-04 09:58 nessai INFO    : Populated 400 / 1000 live points
08-04 09:58 nessai INFO    : Populated 500 / 1000 live points
08-04 09:58 nessai INFO    : Populated 600 / 1000 live points
08-04 09:58 nessai INFO    : Populated 700 / 1000 live points
08-04 09:58 nessai INFO    : Populated 800 / 1000 live points
08-04 09:58 nessai INFO    : Populated 900 / 1000 live points
08-04 09:58 nessai INFO    : Populated 1000 / 1000 live points
08-04 09:58 nessai INFO    : Starting nested sampling loop
08-04 09:58 nessai INFO    : it:  1000: Rolling KS test: D=0.022, p-value=0.3744
08-04 09:58 nessai INFO    : it:  1000: n eval: 3000 H: 7.91 dlogZ: 3789222.711 logZ: -3792787.692 +/- 0.089 logLmax: -3563.98
08-04 09:58 nessai INFO    : it:  2000: Rolling KS test: D=0.025, p-value=0.2818
08-04 09:58 nessai INFO    : it:  2000: n eval: 8000 H: 8.91 dlogZ: 749032.043 logZ: -751749.358 +/- 0.094 logLmax: -2715.32
08-04 09:58 nessai INFO    : Switching to FlowProposal
08-04 09:58 nessai INFO    : it:  3000: Rolling KS test: D=0.016, p-value=0.593
08-04 09:58 nessai INFO    : it:  3000: n eval: 12075 H: 9.91 dlogZ: 246885.865 logZ: -247854.213 +/- 0.100 logLmax: -965.35
08-04 09:59 nessai INFO    : it:  4000: Rolling KS test: D=0.032, p-value=0.1263
08-04 09:59 nessai INFO    : it:  4000: n eval: 15958 H: 10.91 dlogZ: 96368.054 logZ: -97337.402 +/- 0.104 logLmax: -965.35
08-04 09:59 nessai INFO    : it:  5000: Rolling KS test: D=0.009, p-value=0.8454
08-04 09:59 nessai INFO    : it:  5000: n eval: 20016 H: 11.91 dlogZ: 39239.502 logZ: -39412.005 +/- 0.109 logLmax: -167.50
08-04 09:59 nessai INFO    : it:  6000: Rolling KS test: D=0.052, p-value=0.004319
08-04 09:59 nessai INFO    : it:  6000: n eval: 24869 H: 12.91 dlogZ: 18471.953 logZ: -18517.408 +/- 0.114 logLmax: -39.46
08-04 09:59 nessai INFO    : it:  7000: Rolling KS test: D=0.023, p-value=0.3419
08-04 09:59 nessai INFO    : it:  7000: n eval: 29612 H: 13.70 dlogZ: 9059.676 logZ: -9106.131 +/- 0.117 logLmax: -39.46
08-04 09:59 nessai INFO    : it:  8000: Rolling KS test: D=0.045, p-value=0.01689
08-04 09:59 nessai INFO    : it:  8000: n eval: 35059 H: 14.15 dlogZ: 4588.910 logZ: -4635.109 +/- 0.119 logLmax: -38.20
08-04 09:59 nessai INFO    : it:  9000: Rolling KS test: D=0.031, p-value=0.1433
08-04 09:59 nessai INFO    : it:  9000: n eval: 40840 H: 15.03 dlogZ: 2356.818 logZ: -2404.017 +/- 0.123 logLmax: -38.20
08-04 09:59 nessai INFO    : it: 10000: Rolling KS test: D=0.004, p-value=0.9659
08-04 09:59 nessai INFO    : it: 10000: n eval: 49194 H: 15.76 dlogZ: 1169.332 logZ: -1217.531 +/- 0.126 logLmax: -38.20
08-04 09:59 nessai INFO    : it: 11000: Rolling KS test: D=0.027, p-value=0.2286
08-04 09:59 nessai INFO    : it: 11000: n eval: 51649 H: 15.78 dlogZ: 598.233 logZ: -633.739 +/- 0.126 logLmax: -24.51
08-04 09:59 nessai INFO    : it: 12000: Rolling KS test: D=0.025, p-value=0.2818
08-04 09:59 nessai INFO    : it: 12000: n eval: 60619 H: 16.46 dlogZ: 331.854 logZ: -353.305 +/- 0.128 logLmax: -9.45
08-04 09:59 nessai INFO    : it: 13000: Rolling KS test: D=0.021, p-value=0.4082
08-04 09:59 nessai INFO    : it: 13000: n eval: 71865 H: 16.38 dlogZ: 175.231 logZ: -197.682 +/- 0.128 logLmax: -9.45
08-04 09:59 nessai INFO    : it: 14000: Rolling KS test: D=0.009, p-value=0.8454
08-04 09:59 nessai INFO    : it: 14000: n eval: 79516 H: 16.90 dlogZ: 101.339 logZ: -118.729 +/- 0.130 logLmax: -3.39
08-04 09:59 nessai INFO    : it: 15000: Rolling KS test: D=0.033, p-value=0.1108
08-04 09:59 nessai INFO    : it: 15000: n eval: 93679 H: 17.25 dlogZ: 59.822 logZ: -78.212 +/- 0.131 logLmax: -3.39
08-04 09:59 nessai INFO    : it: 16000: Rolling KS test: D=0.017, p-value=0.5547
08-04 09:59 nessai INFO    : it: 16000: n eval: 108729 H: 17.65 dlogZ: 39.658 logZ: -59.047 +/- 0.133 logLmax: -3.39
08-04 09:59 nessai INFO    : it: 17000: Rolling KS test: D=0.03, p-value=0.162
08-04 09:59 nessai INFO    : it: 17000: n eval: 137372 H: 18.17 dlogZ: 27.567 logZ: -46.915 +/- 0.135 logLmax: -2.35
08-04 09:59 nessai INFO    : it: 18000: Rolling KS test: D=0.018, p-value=0.5169
08-04 09:59 nessai INFO    : it: 18000: n eval: 158671 H: 18.91 dlogZ: 17.661 logZ: -38.010 +/- 0.138 logLmax: -2.35
08-04 09:59 nessai INFO    : it: 19000: Rolling KS test: D=0.037, p-value=0.06311
08-04 09:59 nessai INFO    : it: 19000: n eval: 201487 H: 19.25 dlogZ: 11.165 logZ: -32.514 +/- 0.139 logLmax: -2.35
08-04 09:59 nessai INFO    : it: 20000: Rolling KS test: D=0.049, p-value=0.007937
08-04 09:59 nessai INFO    : it: 20000: n eval: 241487 H: 19.70 dlogZ: 7.316 logZ: -29.379 +/- 0.140 logLmax: -2.06
08-04 09:59 nessai INFO    : it: 21000: Rolling KS test: D=0.017, p-value=0.5547
08-04 10:00 nessai INFO    : it: 21000: n eval: 301487 H: 20.08 dlogZ: 4.503 logZ: -27.528 +/- 0.142 logLmax: -2.04
08-04 10:00 nessai INFO    : it: 22000: Rolling KS test: D=0.02, p-value=0.4434
08-04 10:00 nessai INFO    : it: 22000: n eval: 371487 H: 20.35 dlogZ: 2.708 logZ: -26.521 +/- 0.143 logLmax: -1.88
08-04 10:00 nessai INFO    : it: 23000: Rolling KS test: D=0.006, p-value=0.9268
08-04 10:00 nessai INFO    : it: 23000: n eval: 471487 H: 20.56 dlogZ: 1.388 logZ: -25.983 +/- 0.143 logLmax: -1.88
08-04 10:00 nessai INFO    : it: 24000: Rolling KS test: D=0.051, p-value=0.005312
08-04 10:00 nessai INFO    : it: 24000: n eval: 601487 H: 20.71 dlogZ: 0.660 logZ: -25.707 +/- 0.144 logLmax: -1.77
08-04 10:00 nessai INFO    : it: 25000: Rolling KS test: D=0.018, p-value=0.5169
08-04 10:00 nessai INFO    : it: 25000: n eval: 741487 H: 20.82 dlogZ: 0.304 logZ: -25.566 +/- 0.144 logLmax: -1.60
08-04 10:01 nessai INFO    : it: 26000: Rolling KS test: D=0.023, p-value=0.3419
08-04 10:01 nessai INFO    : it: 26000: n eval: 851487 H: 20.89 dlogZ: 0.127 logZ: -25.494 +/- 0.145 logLmax: -1.50
08-04 10:01 nessai INFO    : Stopping with difference_log_evidence=0.100
08-04 10:01 nessai INFO    : Finalising
08-04 10:01 nessai INFO    : Final ln-evidence: -25.433 +/- 0.145
08-04 10:01 nessai INFO    : Information: 20.97
08-04 10:01 nessai INFO    : Final KS test: D=0.01091, p-value=0.00192
08-04 10:01 nessai WARNING : Final p-value for the insertion indices is less than 0.05, this could be an indication of problems during sampling. Consider checking the diagnostic plots.
08-04 10:01 nessai INFO    : Checkpointing nested sampling
08-04 10:01 nessai INFO    : Total sampling time: 0:02:18.787549
08-04 10:01 nessai INFO    : Total training time: 0:00:44.588069
08-04 10:01 nessai INFO    : Total population time: 0:00:54.522470
08-04 10:01 nessai INFO    : Total likelihood evaluations: 871487
08-04 10:01 nessai INFO    : Time spent evaluating likelihood: 0:00:13.925440
08-04 10:01 nessai INFO    : Total sampling time: 0:02:18.787549
08-04 10:01 nessai INFO    : Total likelihood evaluations: 871487
08-04 10:01 nessai INFO    : Starting post processing
08-04 10:01 nessai INFO    : Computing posterior samples
08-04 10:01 nessai INFO    : Effective sample size: 5831.5
08-04 10:01 nessai INFO    : Producing posterior samples using rejection sampling
08-04 10:01 nessai INFO    : Expect 3981.7638421620427 samples from rejection sampling
08-04 10:01 nessai INFO    : Returned 3937 posterior samples
08-04 10:01 nessai INFO    : Starting to close worker pool.
08-04 10:01 nessai INFO    : Finished closing worker pool.
