/data/wiay/postgrads/shashwat/qunat_com_future/lib/python3.11/site-packages/nessai/utils/logging.py:133: FutureWarning: setup_logger is deprecated, use configure_logger instead
  warnings.warn(
08-04 12:55 nessai INFO    : Running Nessai version 0.15.2
08-04 12:55 nessai INFO    : Starting multiprocessing pool with 4 processes
08-04 12:55 nessai INFO    : Initialising nested sampler
08-04 12:55 nessai WARNING : Multiprocessing pool has already been configured.
/data/wiay/postgrads/shashwat/qunat_com_future/lib/python3.11/site-packages/nessai/gw/__init__.py:12: FutureWarning: The `nessai.gw` module will be deprecated in the next release in favour of the nessai-gw package. This packages provides the same functionality as`nessai.gw` via the plugin interface.For more details, see: https://github.com/mj-will/nessai-gw
  warnings.warn(
08-04 12:55 nessai INFO    : Passing kwargs to FlowProposal: {'poolsize': 1000}
08-04 12:55 nessai INFO    : No reparameterisations provided, using default reparameterisations included in FlowProposal
08-04 12:55 nessai INFO    : Adding reparameterisations from: {}
08-04 12:55 nessai INFO    : Assuming fallback reparameterisation (ScaleAndShift) for ['kappa', 'mu_xi', 'sigma_chi', 'sigma_xi', 'rho', 'lambda_chi', 'chi0', 'xi0'] with kwargs: {'estimate_scale': True, 'estimate_shift': True, 'prior_bounds': {'kappa': array([0.1, 5. ]), 'mu_xi': array([0. , 0.1]), 'sigma_chi': array([0.05, 0.6 ]), 'sigma_xi': array([0.05, 0.4 ]), 'rho': array([-0.9,  0.9]), 'lambda_chi': array([-0.5,  0.5]), 'chi0': array([-0.5,  0.5]), 'xi0': array([2.5, 5. ])}}.
08-04 12:55 nessai INFO    : x space parameters: ['kappa', 'mu_xi', 'sigma_chi', 'sigma_xi', 'rho', 'lambda_chi', 'chi0', 'xi0']
08-04 12:55 nessai INFO    : x prime space parameters: ['kappa_prime', 'mu_xi_prime', 'sigma_chi_prime', 'sigma_xi_prime', 'rho_prime', 'lambda_chi_prime', 'chi0_prime', 'xi0_prime']
08-04 12:55 nessai INFO    : Overwriting fuzz factor with expansion fraction
08-04 12:55 nessai INFO    : New fuzz factor: 1.2228445449938519
08-04 12:55 nessai INFO    : Verifying rescaling functions
08-04 12:55 nessai INFO    : Rescaling functions are invertible
08-04 12:55 nessai INFO    : Populating initial live points
08-04 12:55 nessai INFO    : Populated 100 / 1000 live points
08-04 12:55 nessai INFO    : Populated 200 / 1000 live points
08-04 12:55 nessai INFO    : Populated 300 / 1000 live points
08-04 12:55 nessai INFO    : Populated 400 / 1000 live points
08-04 12:55 nessai INFO    : Populated 500 / 1000 live points
08-04 12:55 nessai INFO    : Populated 600 / 1000 live points
08-04 12:55 nessai INFO    : Populated 700 / 1000 live points
08-04 12:55 nessai INFO    : Populated 800 / 1000 live points
08-04 12:55 nessai INFO    : Populated 900 / 1000 live points
08-04 12:55 nessai INFO    : Populated 1000 / 1000 live points
08-04 12:55 nessai INFO    : Starting nested sampling loop
08-04 12:55 nessai INFO    : it:  1000: Rolling KS test: D=0.014, p-value=0.6695
08-04 12:55 nessai INFO    : it:  1000: n eval: 3000 H: 7.91 dlogZ: 5549654.141 logZ: -5552445.045 +/- 0.089 logLmax: -2789.91
08-04 12:55 nessai INFO    : it:  2000: Rolling KS test: D=0.017, p-value=0.5547
08-04 12:55 nessai INFO    : it:  2000: n eval: 8000 H: 8.91 dlogZ: 473116.667 logZ: -475727.134 +/- 0.094 logLmax: -2608.47
08-04 12:55 nessai INFO    : Switching to FlowProposal
08-04 12:55 nessai INFO    : it:  3000: Rolling KS test: D=0.027, p-value=0.2286
08-04 12:55 nessai INFO    : it:  3000: n eval: 12020 H: 9.91 dlogZ: 151975.764 logZ: -152948.225 +/- 0.100 logLmax: -969.46
08-04 12:55 nessai INFO    : it:  4000: Rolling KS test: D=0.024, p-value=0.311
08-04 12:55 nessai INFO    : it:  4000: n eval: 15740 H: 10.91 dlogZ: 61207.481 logZ: -61631.008 +/- 0.104 logLmax: -419.53
08-04 12:55 nessai INFO    : it:  5000: Rolling KS test: D=0.025, p-value=0.2818
08-04 12:55 nessai INFO    : it:  5000: n eval: 19718 H: 11.91 dlogZ: 28311.558 logZ: -28736.085 +/- 0.109 logLmax: -419.53
08-04 12:55 nessai INFO    : it:  6000: Rolling KS test: D=0.033, p-value=0.1108
08-04 12:55 nessai INFO    : it:  6000: n eval: 25127 H: 12.91 dlogZ: 13959.135 logZ: -14384.662 +/- 0.114 logLmax: -419.53
08-04 12:55 nessai INFO    : it:  7000: Rolling KS test: D=0.015, p-value=0.6313
08-04 12:55 nessai INFO    : it:  7000: n eval: 29995 H: 13.32 dlogZ: 7094.089 logZ: -7355.719 +/- 0.115 logLmax: -254.63
08-04 12:56 nessai INFO    : it:  8000: Rolling KS test: D=0.008, p-value=0.8752
08-04 12:56 nessai INFO    : it:  8000: n eval: 34658 H: 14.08 dlogZ: 3754.030 logZ: -3901.732 +/- 0.119 logLmax: -139.70
08-04 12:56 nessai INFO    : it:  9000: Rolling KS test: D=0.016, p-value=0.593
08-04 12:56 nessai INFO    : it:  9000: n eval: 39471 H: 14.67 dlogZ: 2079.396 logZ: -2185.236 +/- 0.121 logLmax: -96.84
08-04 12:56 nessai INFO    : it: 10000: Rolling KS test: D=0.03, p-value=0.162
08-04 12:56 nessai INFO    : it: 10000: n eval: 44444 H: 15.15 dlogZ: 1229.178 logZ: -1271.385 +/- 0.123 logLmax: -32.21
08-04 12:56 nessai INFO    : it: 11000: Rolling KS test: D=0.027, p-value=0.2286
08-04 12:56 nessai INFO    : it: 11000: n eval: 50312 H: 15.35 dlogZ: 739.881 logZ: -783.088 +/- 0.124 logLmax: -32.21
08-04 12:56 nessai INFO    : it: 12000: Rolling KS test: D=0.016, p-value=0.593
08-04 12:56 nessai INFO    : it: 12000: n eval: 59966 H: 16.46 dlogZ: 498.296 logZ: -526.865 +/- 0.128 logLmax: -16.57
08-04 12:56 nessai INFO    : it: 13000: Rolling KS test: D=0.03, p-value=0.162
08-04 12:56 nessai INFO    : it: 13000: n eval: 66476 H: 17.13 dlogZ: 330.554 logZ: -360.124 +/- 0.131 logLmax: -16.57
08-04 12:56 nessai INFO    : it: 14000: Rolling KS test: D=0.023, p-value=0.3419
08-04 12:56 nessai INFO    : it: 14000: n eval: 77349 H: 17.66 dlogZ: 215.841 logZ: -239.033 +/- 0.133 logLmax: -9.19
08-04 12:56 nessai INFO    : it: 15000: Rolling KS test: D=0.028, p-value=0.2046
08-04 12:56 nessai INFO    : it: 15000: n eval: 86038 H: 18.14 dlogZ: 131.748 logZ: -155.939 +/- 0.135 logLmax: -9.19
08-04 12:56 nessai INFO    : it: 16000: Rolling KS test: D=0.014, p-value=0.6695
08-04 12:56 nessai INFO    : it: 16000: n eval: 97696 H: 18.72 dlogZ: 81.218 logZ: -106.410 +/- 0.137 logLmax: -9.19
08-04 12:56 nessai INFO    : it: 17000: Rolling KS test: D=0.009, p-value=0.8454
08-04 12:56 nessai INFO    : it: 17000: n eval: 111263 H: 19.20 dlogZ: 53.716 logZ: -77.021 +/- 0.139 logLmax: -6.31
08-04 12:56 nessai INFO    : it: 18000: Rolling KS test: D=0.035, p-value=0.08429
08-04 12:56 nessai INFO    : it: 18000: n eval: 127281 H: 19.72 dlogZ: 33.814 logZ: -57.661 +/- 0.140 logLmax: -5.85
08-04 12:56 nessai INFO    : it: 19000: Rolling KS test: D=0.026, p-value=0.2543
08-04 12:56 nessai INFO    : it: 19000: n eval: 148651 H: 20.11 dlogZ: 21.940 logZ: -45.954 +/- 0.142 logLmax: -5.02
08-04 12:56 nessai INFO    : it: 20000: Rolling KS test: D=0.024, p-value=0.311
08-04 12:56 nessai INFO    : it: 20000: n eval: 170903 H: 20.57 dlogZ: 14.107 logZ: -39.121 +/- 0.143 logLmax: -5.02
08-04 12:56 nessai INFO    : it: 21000: Rolling KS test: D=0.024, p-value=0.311
08-04 12:56 nessai INFO    : it: 21000: n eval: 191731 H: 20.99 dlogZ: 9.866 logZ: -35.136 +/- 0.145 logLmax: -4.27
08-04 12:57 nessai INFO    : it: 22000: Rolling KS test: D=0.014, p-value=0.6695
08-04 12:57 nessai INFO    : it: 22000: n eval: 224154 H: 21.45 dlogZ: 6.451 logZ: -32.621 +/- 0.146 logLmax: -4.17
08-04 12:57 nessai INFO    : it: 23000: Rolling KS test: D=0.028, p-value=0.2046
08-04 12:57 nessai INFO    : it: 23000: n eval: 256918 H: 21.78 dlogZ: 4.055 logZ: -31.180 +/- 0.148 logLmax: -4.14
08-04 12:57 nessai INFO    : it: 24000: Rolling KS test: D=0.032, p-value=0.1263
08-04 12:57 nessai INFO    : it: 24000: n eval: 296643 H: 22.07 dlogZ: 2.640 logZ: -30.362 +/- 0.149 logLmax: -3.80
08-04 12:57 nessai INFO    : it: 25000: Rolling KS test: D=0.04, p-value=0.03967
08-04 12:57 nessai INFO    : it: 25000: n eval: 336262 H: 22.31 dlogZ: 2.167 logZ: -29.895 +/- 0.149 logLmax: -2.85
08-04 12:57 nessai INFO    : it: 26000: Rolling KS test: D=0.029, p-value=0.1825
08-04 12:57 nessai INFO    : it: 26000: n eval: 365439 H: 22.50 dlogZ: 1.159 logZ: -29.632 +/- 0.150 logLmax: -2.85
08-04 12:57 nessai INFO    : it: 27000: Rolling KS test: D=0.014, p-value=0.6695
08-04 12:57 nessai INFO    : it: 27000: n eval: 401543 H: 22.64 dlogZ: 0.542 logZ: -29.487 +/- 0.150 logLmax: -2.82
08-04 12:57 nessai INFO    : it: 28000: Rolling KS test: D=0.023, p-value=0.3419
08-04 12:57 nessai INFO    : it: 28000: n eval: 441543 H: 22.73 dlogZ: 0.318 logZ: -29.410 +/- 0.151 logLmax: -2.39
08-04 12:57 nessai INFO    : it: 29000: Rolling KS test: D=0.027, p-value=0.2286
08-04 12:57 nessai INFO    : it: 29000: n eval: 500616 H: 22.79 dlogZ: 0.125 logZ: -29.371 +/- 0.151 logLmax: -2.39
08-04 12:57 nessai INFO    : Stopping with difference_log_evidence=0.100
08-04 12:57 nessai INFO    : Finalising
08-04 12:57 nessai INFO    : Final ln-evidence: -29.335 +/- 0.151
08-04 12:57 nessai INFO    : Information: 22.86
08-04 12:57 nessai INFO    : Final KS test: D=0.005942, p-value=0.1264
08-04 12:57 nessai INFO    : Checkpointing nested sampling
08-04 12:57 nessai INFO    : Total sampling time: 0:02:14.926636
08-04 12:57 nessai INFO    : Total training time: 0:00:40.177398
08-04 12:57 nessai INFO    : Total population time: 0:00:44.500624
08-04 12:57 nessai INFO    : Total likelihood evaluations: 510616
08-04 12:57 nessai INFO    : Time spent evaluating likelihood: 0:00:16.237308
08-04 12:57 nessai INFO    : Total sampling time: 0:02:14.926636
08-04 12:57 nessai INFO    : Total likelihood evaluations: 510616
08-04 12:57 nessai INFO    : Starting post processing
08-04 12:57 nessai INFO    : Computing posterior samples
08-04 12:57 nessai INFO    : Effective sample size: 6523.1
08-04 12:57 nessai INFO    : Producing posterior samples using rejection sampling
08-04 12:57 nessai INFO    : Expect 4500.990362757592 samples from rejection sampling
08-04 12:57 nessai INFO    : Returned 4492 posterior samples
08-04 12:58 nessai INFO    : Starting to close worker pool.
08-04 12:58 nessai INFO    : Finished closing worker pool.
