/data/wiay/postgrads/shashwat/qunat_com_future/lib/python3.11/site-packages/nessai/utils/logging.py:133: FutureWarning: setup_logger is deprecated, use configure_logger instead
  warnings.warn(
08-04 15:33 nessai INFO    : Running Nessai version 0.15.2
08-04 15:33 nessai INFO    : Starting multiprocessing pool with 4 processes
08-04 15:33 nessai INFO    : Initialising nested sampler
08-04 15:33 nessai WARNING : Multiprocessing pool has already been configured.
/data/wiay/postgrads/shashwat/qunat_com_future/lib/python3.11/site-packages/nessai/gw/__init__.py:12: FutureWarning: The `nessai.gw` module will be deprecated in the next release in favour of the nessai-gw package. This packages provides the same functionality as`nessai.gw` via the plugin interface.For more details, see: https://github.com/mj-will/nessai-gw
  warnings.warn(
08-04 15:33 nessai INFO    : Passing kwargs to FlowProposal: {'poolsize': 1000}
08-04 15:33 nessai INFO    : No reparameterisations provided, using default reparameterisations included in FlowProposal
08-04 15:33 nessai INFO    : Adding reparameterisations from: {}
08-04 15:33 nessai INFO    : Assuming fallback reparameterisation (ScaleAndShift) for ['kappa', 'mu_xi', 'sigma_chi', 'sigma_xi', 'rho', 'lambda_chi', 'chi0', 'xi0'] with kwargs: {'estimate_scale': True, 'estimate_shift': True, 'prior_bounds': {'kappa': array([0.1, 5. ]), 'mu_xi': array([0. , 0.1]), 'sigma_chi': array([0.05, 0.6 ]), 'sigma_xi': array([0.05, 0.4 ]), 'rho': array([-0.9,  0.9]), 'lambda_chi': array([-0.5,  0.5]), 'chi0': array([-0.5,  0.5]), 'xi0': array([2.5, 5. ])}}.
08-04 15:33 nessai INFO    : x space parameters: ['kappa', 'mu_xi', 'sigma_chi', 'sigma_xi', 'rho', 'lambda_chi', 'chi0', 'xi0']
08-04 15:33 nessai INFO    : x prime space parameters: ['kappa_prime', 'mu_xi_prime', 'sigma_chi_prime', 'sigma_xi_prime', 'rho_prime', 'lambda_chi_prime', 'chi0_prime', 'xi0_prime']
08-04 15:33 nessai INFO    : Overwriting fuzz factor with expansion fraction
08-04 15:33 nessai INFO    : New fuzz factor: 1.2228445449938519
08-04 15:33 nessai INFO    : Verifying rescaling functions
08-04 15:33 nessai INFO    : Rescaling functions are invertible
08-04 15:33 nessai INFO    : Populating initial live points
08-04 15:33 nessai INFO    : Populated 100 / 1000 live points
08-04 15:33 nessai INFO    : Populated 200 / 1000 live points
08-04 15:33 nessai INFO    : Populated 300 / 1000 live points
08-04 15:33 nessai INFO    : Populated 400 / 1000 live points
08-04 15:33 nessai INFO    : Populated 500 / 1000 live points
08-04 15:33 nessai INFO    : Populated 600 / 1000 live points
08-04 15:33 nessai INFO    : Populated 700 / 1000 live points
08-04 15:33 nessai INFO    : Populated 800 / 1000 live points
08-04 15:33 nessai INFO    : Populated 900 / 1000 live points
08-04 15:33 nessai INFO    : Populated 1000 / 1000 live points
08-04 15:33 nessai INFO    : Starting nested sampling loop
08-04 15:33 nessai INFO    : it:  1000: Rolling KS test: D=0.026, p-value=0.2543
08-04 15:33 nessai INFO    : it:  1000: n eval: 3000 H: 7.91 dlogZ: 51518402.996 logZ: -51619611.620 +/- 0.089 logLmax: -101207.63
08-04 15:33 nessai INFO    : it:  2000: Rolling KS test: D=0.018, p-value=0.5169
08-04 15:33 nessai INFO    : it:  2000: n eval: 8000 H: 8.91 dlogZ: 17174273.076 logZ: -17196573.619 +/- 0.094 logLmax: -22298.54
08-04 15:33 nessai INFO    : Switching to FlowProposal
08-04 15:33 nessai INFO    : it:  3000: Rolling KS test: D=0.038, p-value=0.05428
08-04 15:33 nessai INFO    : it:  3000: n eval: 11915 H: 9.91 dlogZ: 6779589.162 logZ: -6801890.706 +/- 0.100 logLmax: -22298.54
08-04 15:33 nessai INFO    : it:  4000: Rolling KS test: D=0.009, p-value=0.8454
08-04 15:33 nessai INFO    : it:  4000: n eval: 15506 H: 10.91 dlogZ: 2696137.223 logZ: -2718439.767 +/- 0.104 logLmax: -22298.54
08-04 15:33 nessai INFO    : it:  5000: Rolling KS test: D=0.004, p-value=0.9659
08-04 15:33 nessai INFO    : it:  5000: n eval: 17378 H: 11.91 dlogZ: 1151203.523 logZ: -1161648.900 +/- 0.109 logLmax: -10440.38
08-04 15:33 nessai INFO    : it:  6000: Rolling KS test: D=0.009, p-value=0.8454
08-04 15:33 nessai INFO    : it:  6000: n eval: 24013 H: 12.91 dlogZ: 516256.786 logZ: -526703.163 +/- 0.114 logLmax: -10440.38
08-04 15:33 nessai INFO    : it:  7000: Rolling KS test: D=0.025, p-value=0.2818
08-04 15:33 nessai INFO    : it:  7000: n eval: 28827 H: 13.91 dlogZ: 254342.091 logZ: -256778.668 +/- 0.118 logLmax: -2429.58
08-04 15:33 nessai INFO    : it:  8000: Rolling KS test: D=0.026, p-value=0.2543
08-04 15:33 nessai INFO    : it:  8000: n eval: 34393 H: 14.91 dlogZ: 125664.605 logZ: -127054.293 +/- 0.122 logLmax: -1381.69
08-04 15:33 nessai INFO    : it:  9000: Rolling KS test: D=0.026, p-value=0.2543
08-04 15:33 nessai INFO    : it:  9000: n eval: 39222 H: 15.91 dlogZ: 64527.530 logZ: -65405.293 +/- 0.126 logLmax: -868.76
08-04 15:33 nessai INFO    : it: 10000: Rolling KS test: D=0.009, p-value=0.8454
08-04 15:33 nessai INFO    : it: 10000: n eval: 44680 H: 16.91 dlogZ: 33033.609 logZ: -33747.493 +/- 0.130 logLmax: -703.88
08-04 15:33 nessai INFO    : it: 11000: Rolling KS test: D=0.029, p-value=0.1825
08-04 15:33 nessai INFO    : it: 11000: n eval: 50255 H: 17.91 dlogZ: 16860.283 logZ: -17048.399 +/- 0.134 logLmax: -177.12
08-04 15:33 nessai INFO    : it: 12000: Rolling KS test: D=0.032, p-value=0.1263
08-04 15:33 nessai INFO    : it: 12000: n eval: 56261 H: 18.61 dlogZ: 9067.534 logZ: -9220.132 +/- 0.136 logLmax: -140.60
08-04 15:33 nessai INFO    : it: 13000: Rolling KS test: D=0.021, p-value=0.4082
08-04 15:33 nessai INFO    : it: 13000: n eval: 64737 H: 19.85 dlogZ: 4864.059 logZ: -5017.658 +/- 0.141 logLmax: -140.60
08-04 15:33 nessai INFO    : it: 14000: Rolling KS test: D=0.024, p-value=0.311
08-04 15:33 nessai INFO    : it: 14000: n eval: 67626 H: 19.70 dlogZ: 2733.240 logZ: -2804.911 +/- 0.140 logLmax: -57.67
08-04 15:33 nessai INFO    : it: 15000: Rolling KS test: D=0.017, p-value=0.5547
08-04 15:33 nessai INFO    : it: 15000: n eval: 75707 H: 20.44 dlogZ: 1508.359 logZ: -1576.953 +/- 0.143 logLmax: -53.59
08-04 15:33 nessai INFO    : it: 16000: Rolling KS test: D=0.023, p-value=0.3419
08-04 15:33 nessai INFO    : it: 16000: n eval: 81549 H: 20.96 dlogZ: 840.825 logZ: -908.903 +/- 0.145 logLmax: -52.08
08-04 15:33 nessai INFO    : it: 17000: Rolling KS test: D=0.032, p-value=0.1263
08-04 15:33 nessai INFO    : it: 17000: n eval: 92579 H: 21.42 dlogZ: 503.475 logZ: -549.228 +/- 0.146 logLmax: -28.75
08-04 15:33 nessai INFO    : it: 18000: Rolling KS test: D=0.016, p-value=0.593
08-04 15:33 nessai INFO    : it: 18000: n eval: 100094 H: 21.92 dlogZ: 296.805 logZ: -343.558 +/- 0.148 logLmax: -28.75
08-04 15:33 nessai INFO    : it: 19000: Rolling KS test: D=0.016, p-value=0.593
08-04 15:33 nessai INFO    : it: 19000: n eval: 110814 H: 22.30 dlogZ: 185.365 logZ: -225.132 +/- 0.149 logLmax: -20.77
08-04 15:33 nessai INFO    : it: 20000: Rolling KS test: D=0.013, p-value=0.7071
08-04 15:33 nessai INFO    : it: 20000: n eval: 119596 H: 22.84 dlogZ: 120.324 logZ: -158.130 +/- 0.151 logLmax: -17.81
08-04 15:33 nessai INFO    : it: 21000: Rolling KS test: D=0.03, p-value=0.162
08-04 15:33 nessai INFO    : it: 21000: n eval: 133282 H: 23.60 dlogZ: 83.290 logZ: -115.676 +/- 0.154 logLmax: -11.39
08-04 15:34 nessai INFO    : it: 22000: Rolling KS test: D=0.033, p-value=0.1108
08-04 15:34 nessai INFO    : it: 22000: n eval: 150035 H: 23.84 dlogZ: 62.559 logZ: -90.208 +/- 0.154 logLmax: -5.65
08-04 15:34 nessai INFO    : it: 23000: Rolling KS test: D=0.005, p-value=0.9481
08-04 15:34 nessai INFO    : it: 23000: n eval: 178502 H: 24.67 dlogZ: 45.074 logZ: -73.430 +/- 0.157 logLmax: -5.36
08-04 15:34 nessai INFO    : it: 24000: Rolling KS test: D=0.03, p-value=0.162
08-04 15:34 nessai INFO    : it: 24000: n eval: 215504 H: 25.15 dlogZ: 33.424 logZ: -62.301 +/- 0.159 logLmax: -4.88
08-04 15:34 nessai INFO    : it: 25000: Rolling KS test: D=0.029, p-value=0.1825
08-04 15:34 nessai INFO    : it: 25000: n eval: 265504 H: 25.82 dlogZ: 23.916 logZ: -53.793 +/- 0.161 logLmax: -4.88
08-04 15:34 nessai INFO    : it: 26000: Rolling KS test: D=0.009, p-value=0.8454
08-04 15:34 nessai INFO    : it: 26000: n eval: 345504 H: 26.41 dlogZ: 17.876 logZ: -48.090 +/- 0.163 logLmax: -4.22
08-04 15:34 nessai INFO    : it: 27000: Rolling KS test: D=0.022, p-value=0.3744
08-04 15:34 nessai INFO    : it: 27000: n eval: 394702 H: 27.11 dlogZ: 14.393 logZ: -43.907 +/- 0.165 logLmax: -2.51
08-04 15:34 nessai INFO    : it: 28000: Rolling KS test: D=0.041, p-value=0.03371
08-04 15:34 nessai INFO    : it: 28000: n eval: 433578 H: 27.72 dlogZ: 11.895 logZ: -40.843 +/- 0.166 logLmax: -0.95
08-04 15:34 nessai INFO    : it: 29000: Rolling KS test: D=0.011, p-value=0.7794
08-04 15:34 nessai INFO    : it: 29000: n eval: 456993 H: 28.32 dlogZ: 8.659 logZ: -38.607 +/- 0.168 logLmax: -0.95
08-04 15:34 nessai INFO    : it: 30000: Rolling KS test: D=0.041, p-value=0.03371
08-04 15:34 nessai INFO    : it: 30000: n eval: 472320 H: 28.82 dlogZ: 6.155 logZ: -37.101 +/- 0.170 logLmax: -0.95
08-04 15:34 nessai INFO    : it: 31000: Rolling KS test: D=0.019, p-value=0.4797
08-04 15:34 nessai INFO    : it: 31000: n eval: 482589 H: 29.28 dlogZ: 4.146 logZ: -36.077 +/- 0.171 logLmax: -0.95
08-04 15:34 nessai INFO    : it: 32000: Rolling KS test: D=0.028, p-value=0.2046
08-04 15:34 nessai INFO    : it: 32000: n eval: 496012 H: 29.64 dlogZ: 2.641 logZ: -35.441 +/- 0.172 logLmax: -0.88
08-04 15:34 nessai INFO    : it: 33000: Rolling KS test: D=0.023, p-value=0.3419
08-04 15:35 nessai INFO    : it: 33000: n eval: 510952 H: 29.95 dlogZ: 1.843 logZ: -35.042 +/- 0.173 logLmax: -0.37
08-04 15:35 nessai INFO    : it: 34000: Rolling KS test: D=0.019, p-value=0.4797
08-04 15:35 nessai INFO    : it: 34000: n eval: 523895 H: 30.17 dlogZ: 0.936 logZ: -34.810 +/- 0.174 logLmax: -0.37
08-04 15:35 nessai INFO    : it: 35000: Rolling KS test: D=0.016, p-value=0.593
08-04 15:35 nessai INFO    : it: 35000: n eval: 531847 H: 30.32 dlogZ: 0.406 logZ: -34.681 +/- 0.174 logLmax: -0.37
08-04 15:35 nessai INFO    : it: 36000: Rolling KS test: D=0.016, p-value=0.593
08-04 15:35 nessai INFO    : it: 36000: n eval: 547225 H: 30.42 dlogZ: 0.163 logZ: -34.611 +/- 0.174 logLmax: -0.34
08-04 15:35 nessai INFO    : Stopping with difference_log_evidence=0.100
08-04 15:35 nessai INFO    : Finalising
08-04 15:35 nessai INFO    : Final ln-evidence: -34.546 +/- 0.175
08-04 15:35 nessai INFO    : Information: 30.54
08-04 15:35 nessai INFO    : Final KS test: D=0.005367, p-value=0.1217
08-04 15:35 nessai INFO    : Checkpointing nested sampling
08-04 15:35 nessai INFO    : Total sampling time: 0:02:09.065255
08-04 15:35 nessai INFO    : Total training time: 0:00:43.220968
08-04 15:35 nessai INFO    : Total population time: 0:00:33.831550
08-04 15:35 nessai INFO    : Total likelihood evaluations: 551384
08-04 15:35 nessai INFO    : Time spent evaluating likelihood: 0:00:11.246080
08-04 15:35 nessai INFO    : Total sampling time: 0:02:09.065255
08-04 15:35 nessai INFO    : Total likelihood evaluations: 551384
08-04 15:35 nessai INFO    : Starting post processing
08-04 15:35 nessai INFO    : Computing posterior samples
08-04 15:35 nessai INFO    : Effective sample size: 6893.1
08-04 15:35 nessai INFO    : Producing posterior samples using rejection sampling
08-04 15:35 nessai INFO    : Expect 4709.488608057645 samples from rejection sampling
08-04 15:35 nessai INFO    : Returned 4732 posterior samples
08-04 15:35 nessai INFO    : Starting to close worker pool.
08-04 15:35 nessai INFO    : Finished closing worker pool.
