/data/wiay/postgrads/shashwat/qunat_com_future/lib/python3.11/site-packages/nessai/utils/logging.py:133: FutureWarning: setup_logger is deprecated, use configure_logger instead
  warnings.warn(
08-04 13:52 nessai INFO    : Running Nessai version 0.15.2
08-04 13:52 nessai INFO    : Starting multiprocessing pool with 4 processes
08-04 13:52 nessai INFO    : Initialising nested sampler
08-04 13:52 nessai WARNING : Multiprocessing pool has already been configured.
/data/wiay/postgrads/shashwat/qunat_com_future/lib/python3.11/site-packages/nessai/gw/__init__.py:12: FutureWarning: The `nessai.gw` module will be deprecated in the next release in favour of the nessai-gw package. This packages provides the same functionality as`nessai.gw` via the plugin interface.For more details, see: https://github.com/mj-will/nessai-gw
  warnings.warn(
08-04 13:52 nessai INFO    : Passing kwargs to FlowProposal: {'poolsize': 1000}
08-04 13:52 nessai INFO    : No reparameterisations provided, using default reparameterisations included in FlowProposal
08-04 13:52 nessai INFO    : Adding reparameterisations from: {}
08-04 13:52 nessai INFO    : Assuming fallback reparameterisation (ScaleAndShift) for ['kappa', 'mu_xi', 'sigma_chi', 'sigma_xi', 'rho', 'lambda_chi', 'chi0', 'xi0'] with kwargs: {'estimate_scale': True, 'estimate_shift': True, 'prior_bounds': {'kappa': array([0.1, 5. ]), 'mu_xi': array([0. , 0.1]), 'sigma_chi': array([0.05, 0.6 ]), 'sigma_xi': array([0.05, 0.4 ]), 'rho': array([-0.9,  0.9]), 'lambda_chi': array([-0.5,  0.5]), 'chi0': array([-0.5,  0.5]), 'xi0': array([2.5, 5. ])}}.
08-04 13:52 nessai INFO    : x space parameters: ['kappa', 'mu_xi', 'sigma_chi', 'sigma_xi', 'rho', 'lambda_chi', 'chi0', 'xi0']
08-04 13:52 nessai INFO    : x prime space parameters: ['kappa_prime', 'mu_xi_prime', 'sigma_chi_prime', 'sigma_xi_prime', 'rho_prime', 'lambda_chi_prime', 'chi0_prime', 'xi0_prime']
08-04 13:52 nessai INFO    : Overwriting fuzz factor with expansion fraction
08-04 13:52 nessai INFO    : New fuzz factor: 1.2228445449938519
08-04 13:52 nessai INFO    : Verifying rescaling functions
08-04 13:52 nessai INFO    : Rescaling functions are invertible
08-04 13:52 nessai INFO    : Populating initial live points
08-04 13:52 nessai INFO    : Populated 100 / 1000 live points
08-04 13:52 nessai INFO    : Populated 200 / 1000 live points
08-04 13:52 nessai INFO    : Populated 300 / 1000 live points
08-04 13:52 nessai INFO    : Populated 400 / 1000 live points
08-04 13:52 nessai INFO    : Populated 500 / 1000 live points
08-04 13:52 nessai INFO    : Populated 600 / 1000 live points
08-04 13:52 nessai INFO    : Populated 700 / 1000 live points
08-04 13:52 nessai INFO    : Populated 800 / 1000 live points
08-04 13:52 nessai INFO    : Populated 900 / 1000 live points
08-04 13:52 nessai INFO    : Populated 1000 / 1000 live points
08-04 13:52 nessai INFO    : Starting nested sampling loop
08-04 13:52 nessai INFO    : it:  1000: Rolling KS test: D=0.031, p-value=0.1433
08-04 13:52 nessai INFO    : it:  1000: n eval: 3000 H: 7.91 dlogZ: 35134274.978 logZ: -35367892.229 +/- 0.089 logLmax: -233616.25
08-04 13:52 nessai INFO    : it:  2000: Rolling KS test: D=0.022, p-value=0.3744
08-04 13:52 nessai INFO    : it:  2000: n eval: 8000 H: 8.91 dlogZ: 11418361.351 logZ: -11651979.602 +/- 0.094 logLmax: -233616.25
08-04 13:52 nessai INFO    : Switching to FlowProposal
/data/wiay/postgrads/shashwat/qunat_com_future/lib/python3.11/site-packages/torch/autograd/graph.py:882: UserWarning: CUDA initialization: The NVIDIA driver on your system is too old (found version 12020). Please update your GPU driver by downloading and installing a new version from the URL: http://www.nvidia.com/Download/index.aspx Alternatively, go to: https://pytorch.org to install a PyTorch version that has been compiled with your version of the CUDA driver. (Triggered internally at /pytorch/c10/cuda/CUDAFunctions.cpp:119.)
  return Variable._execution_engine.run_backward(  # Calls into the C++ engine to run the backward pass
08-04 13:53 nessai INFO    : it:  3000: Rolling KS test: D=0.025, p-value=0.2818
08-04 13:53 nessai INFO    : it:  3000: n eval: 12039 H: 9.91 dlogZ: 4595202.332 logZ: -4778621.509 +/- 0.100 logLmax: -183416.18
08-04 13:53 nessai INFO    : it:  4000: Rolling KS test: D=0.018, p-value=0.5169
08-04 13:53 nessai INFO    : it:  4000: n eval: 16082 H: 10.91 dlogZ: 2344212.171 logZ: -2436594.791 +/- 0.104 logLmax: -92378.62
08-04 13:53 nessai INFO    : it:  5000: Rolling KS test: D=0.021, p-value=0.4082
08-04 13:53 nessai INFO    : it:  5000: n eval: 20207 H: 11.91 dlogZ: 1339096.124 logZ: -1405000.613 +/- 0.109 logLmax: -65899.49
08-04 13:53 nessai INFO    : it:  6000: Rolling KS test: D=0.027, p-value=0.2286
08-04 13:53 nessai INFO    : it:  6000: n eval: 24722 H: 12.91 dlogZ: 851357.184 logZ: -867484.848 +/- 0.114 logLmax: -16121.66
08-04 13:53 nessai INFO    : it:  7000: Rolling KS test: D=0.031, p-value=0.1433
08-04 13:53 nessai INFO    : it:  7000: n eval: 29096 H: 13.91 dlogZ: 516493.887 logZ: -532087.567 +/- 0.118 logLmax: -15586.68
08-04 13:53 nessai INFO    : it:  8000: Rolling KS test: D=0.031, p-value=0.1433
08-04 13:53 nessai INFO    : it:  8000: n eval: 33994 H: 14.91 dlogZ: 325533.071 logZ: -329532.149 +/- 0.122 logLmax: -3991.08
08-04 13:53 nessai INFO    : it:  9000: Rolling KS test: D=0.044, p-value=0.0202
08-04 13:53 nessai INFO    : it:  9000: n eval: 38745 H: 15.91 dlogZ: 195315.597 logZ: -199315.675 +/- 0.126 logLmax: -3991.08
08-04 13:53 nessai INFO    : it: 10000: Rolling KS test: D=0.049, p-value=0.007937
08-04 13:53 nessai INFO    : it: 10000: n eval: 44032 H: 16.91 dlogZ: 114044.347 logZ: -118045.425 +/- 0.130 logLmax: -3991.08
08-04 13:53 nessai INFO    : it: 11000: Rolling KS test: D=0.034, p-value=0.09683
08-04 13:53 nessai INFO    : it: 11000: n eval: 49441 H: 17.91 dlogZ: 67275.816 logZ: -70871.165 +/- 0.134 logLmax: -3584.35
08-04 13:53 nessai INFO    : it: 12000: Rolling KS test: D=0.043, p-value=0.02406
08-04 13:53 nessai INFO    : it: 12000: n eval: 54172 H: 18.91 dlogZ: 39171.880 logZ: -40657.784 +/- 0.138 logLmax: -1473.90
08-04 13:53 nessai INFO    : it: 13000: Rolling KS test: D=0.031, p-value=0.1433
08-04 13:53 nessai INFO    : it: 13000: n eval: 58944 H: 19.72 dlogZ: 23043.581 logZ: -24267.294 +/- 0.140 logLmax: -1210.71
08-04 13:53 nessai INFO    : it: 14000: Rolling KS test: D=0.036, p-value=0.07308
08-04 13:53 nessai INFO    : it: 14000: n eval: 64559 H: 20.91 dlogZ: 14151.037 logZ: -14656.420 +/- 0.145 logLmax: -491.38
08-04 13:53 nessai INFO    : it: 15000: Rolling KS test: D=0.02, p-value=0.4434
08-04 13:53 nessai INFO    : it: 15000: n eval: 70600 H: 21.90 dlogZ: 8750.501 logZ: -8817.646 +/- 0.148 logLmax: -52.15
08-04 13:53 nessai INFO    : it: 16000: Rolling KS test: D=0.01, p-value=0.8133
08-04 13:53 nessai INFO    : it: 16000: n eval: 78982 H: 22.13 dlogZ: 5233.009 logZ: -5301.153 +/- 0.149 logLmax: -52.15
08-04 13:54 nessai INFO    : it: 17000: Rolling KS test: D=0.038, p-value=0.05428
08-04 13:54 nessai INFO    : it: 17000: n eval: 85208 H: 23.28 dlogZ: 3147.534 logZ: -3216.679 +/- 0.153 logLmax: -52.15
08-04 13:54 nessai INFO    : it: 18000: Rolling KS test: D=0.034, p-value=0.09683
08-04 13:54 nessai INFO    : it: 18000: n eval: 91007 H: 23.76 dlogZ: 1898.085 logZ: -1968.229 +/- 0.154 logLmax: -52.15
08-04 13:54 nessai INFO    : it: 19000: Rolling KS test: D=0.019, p-value=0.4797
08-04 13:54 nessai INFO    : it: 19000: n eval: 100860 H: 24.29 dlogZ: 1155.926 logZ: -1207.628 +/- 0.156 logLmax: -32.70
08-04 13:54 nessai INFO    : it: 20000: Rolling KS test: D=0.013, p-value=0.7071
08-04 13:54 nessai INFO    : it: 20000: n eval: 107562 H: 24.77 dlogZ: 697.440 logZ: -750.142 +/- 0.157 logLmax: -32.70
08-04 13:54 nessai INFO    : it: 21000: Rolling KS test: D=0.011, p-value=0.7794
08-04 13:54 nessai INFO    : it: 21000: n eval: 115572 H: 25.24 dlogZ: 424.375 logZ: -478.078 +/- 0.159 logLmax: -32.70
08-04 13:54 nessai INFO    : it: 22000: Rolling KS test: D=0.031, p-value=0.1433
08-04 13:54 nessai INFO    : it: 22000: n eval: 127713 H: 25.72 dlogZ: 264.364 logZ: -303.012 +/- 0.160 logLmax: -16.65
08-04 13:54 nessai INFO    : it: 23000: Rolling KS test: D=0.013, p-value=0.7071
08-04 13:54 nessai INFO    : it: 23000: n eval: 141252 H: 26.42 dlogZ: 162.277 logZ: -201.925 +/- 0.163 logLmax: -16.65
08-04 13:54 nessai INFO    : it: 24000: Rolling KS test: D=0.015, p-value=0.6313
08-04 13:54 nessai INFO    : it: 24000: n eval: 154712 H: 26.78 dlogZ: 101.345 logZ: -141.526 +/- 0.164 logLmax: -16.18
08-04 13:54 nessai INFO    : it: 25000: Rolling KS test: D=0.001, p-value=0.9973
08-04 13:54 nessai INFO    : it: 25000: n eval: 170539 H: 27.28 dlogZ: 68.496 logZ: -106.437 +/- 0.165 logLmax: -12.94
08-04 13:55 nessai INFO    : it: 26000: Rolling KS test: D=0.006, p-value=0.9268
08-04 13:55 nessai INFO    : it: 26000: n eval: 202349 H: 27.81 dlogZ: 46.139 logZ: -85.081 +/- 0.167 logLmax: -12.94
08-04 13:55 nessai INFO    : it: 27000: Rolling KS test: D=0.017, p-value=0.5547
08-04 13:55 nessai INFO    : it: 27000: n eval: 227081 H: 28.49 dlogZ: 34.804 logZ: -70.696 +/- 0.169 logLmax: -8.89
08-04 13:55 nessai INFO    : it: 28000: Rolling KS test: D=0.011, p-value=0.7794
08-04 13:55 nessai INFO    : it: 28000: n eval: 262338 H: 29.00 dlogZ: 27.010 logZ: -61.006 +/- 0.170 logLmax: -6.00
08-04 13:55 nessai INFO    : it: 29000: Rolling KS test: D=0.013, p-value=0.7071
08-04 13:55 nessai INFO    : it: 29000: n eval: 311880 H: 29.52 dlogZ: 19.623 logZ: -54.619 +/- 0.172 logLmax: -6.00
08-04 13:55 nessai INFO    : it: 30000: Rolling KS test: D=0.03, p-value=0.162
08-04 13:55 nessai INFO    : it: 30000: n eval: 351880 H: 30.13 dlogZ: 15.046 logZ: -50.192 +/- 0.174 logLmax: -5.15
08-04 13:56 nessai INFO    : it: 31000: Rolling KS test: D=0.023, p-value=0.3419
08-04 13:56 nessai INFO    : it: 31000: n eval: 401519 H: 30.67 dlogZ: 11.131 logZ: -47.276 +/- 0.175 logLmax: -5.15
08-04 13:56 nessai INFO    : it: 32000: Rolling KS test: D=0.057, p-value=0.001446
08-04 13:56 nessai INFO    : it: 32000: n eval: 430215 H: 31.29 dlogZ: 8.686 logZ: -45.131 +/- 0.177 logLmax: -4.45
08-04 13:56 nessai INFO    : it: 33000: Rolling KS test: D=0.008, p-value=0.8752
08-04 13:56 nessai INFO    : it: 33000: n eval: 463616 H: 31.86 dlogZ: 6.128 logZ: -43.571 +/- 0.179 logLmax: -4.45
08-04 13:56 nessai INFO    : it: 34000: Rolling KS test: D=0.022, p-value=0.3744
08-04 13:56 nessai INFO    : it: 34000: n eval: 485854 H: 32.38 dlogZ: 4.196 logZ: -42.462 +/- 0.180 logLmax: -4.28
08-04 13:56 nessai INFO    : it: 35000: Rolling KS test: D=0.035, p-value=0.08429
08-04 13:56 nessai INFO    : it: 35000: n eval: 507462 H: 32.81 dlogZ: 2.781 logZ: -41.722 +/- 0.181 logLmax: -4.01
08-04 13:57 nessai INFO    : it: 36000: Rolling KS test: D=0.029, p-value=0.1825
08-04 13:57 nessai INFO    : it: 36000: n eval: 526110 H: 33.17 dlogZ: 1.663 logZ: -41.244 +/- 0.182 logLmax: -3.79
08-04 13:57 nessai INFO    : it: 37000: Rolling KS test: D=0.046, p-value=0.01407
08-04 13:57 nessai INFO    : it: 37000: n eval: 542592 H: 33.43 dlogZ: 0.939 logZ: -40.958 +/- 0.183 logLmax: -3.52
08-04 13:57 nessai INFO    : it: 38000: Rolling KS test: D=0.036, p-value=0.07308
08-04 13:57 nessai INFO    : it: 38000: n eval: 559453 H: 33.62 dlogZ: 0.499 logZ: -40.795 +/- 0.183 logLmax: -3.23
08-04 13:57 nessai INFO    : it: 39000: Rolling KS test: D=0.045, p-value=0.01689
08-04 13:57 nessai INFO    : it: 39000: n eval: 577368 H: 33.73 dlogZ: 0.206 logZ: -40.709 +/- 0.184 logLmax: -3.19
08-04 13:57 nessai INFO    : Stopping with difference_log_evidence=0.100
08-04 13:57 nessai INFO    : Finalising
08-04 13:57 nessai INFO    : Final ln-evidence: -40.627 +/- 0.184
08-04 13:57 nessai INFO    : Information: 33.87
08-04 13:57 nessai INFO    : Final KS test: D=0.0128, p-value=2.209e-06
08-04 13:57 nessai WARNING : Final p-value for the insertion indices is less than 0.05, this could be an indication of problems during sampling. Consider checking the diagnostic plots.
08-04 13:57 nessai INFO    : Checkpointing nested sampling
08-04 13:57 nessai INFO    : Total sampling time: 0:04:36.954677
08-04 13:57 nessai INFO    : Total training time: 0:01:31.356166
08-04 13:57 nessai INFO    : Total population time: 0:01:20.327849
08-04 13:57 nessai INFO    : Total likelihood evaluations: 588040
08-04 13:57 nessai INFO    : Time spent evaluating likelihood: 0:00:34.770804
08-04 13:57 nessai INFO    : Total sampling time: 0:04:36.954677
08-04 13:57 nessai INFO    : Total likelihood evaluations: 588040
08-04 13:57 nessai INFO    : Starting post processing
08-04 13:57 nessai INFO    : Computing posterior samples
08-04 13:57 nessai INFO    : Effective sample size: 6902.3
08-04 13:57 nessai INFO    : Producing posterior samples using rejection sampling
08-04 13:57 nessai INFO    : Expect 4768.328000561387 samples from rejection sampling
08-04 13:57 nessai INFO    : Returned 4814 posterior samples
08-04 13:57 nessai INFO    : Starting to close worker pool.
08-04 13:57 nessai INFO    : Finished closing worker pool.
