/data/wiay/postgrads/shashwat/qunat_com_future/lib/python3.11/site-packages/nessai/utils/logging.py:133: FutureWarning: setup_logger is deprecated, use configure_logger instead
  warnings.warn(
08-04 12:15 nessai INFO    : Running Nessai version 0.15.2
08-04 12:15 nessai INFO    : Starting multiprocessing pool with 4 processes
08-04 12:15 nessai INFO    : Initialising nested sampler
08-04 12:15 nessai WARNING : Multiprocessing pool has already been configured.
/data/wiay/postgrads/shashwat/qunat_com_future/lib/python3.11/site-packages/nessai/gw/__init__.py:12: FutureWarning: The `nessai.gw` module will be deprecated in the next release in favour of the nessai-gw package. This packages provides the same functionality as`nessai.gw` via the plugin interface.For more details, see: https://github.com/mj-will/nessai-gw
  warnings.warn(
08-04 12:15 nessai INFO    : Passing kwargs to FlowProposal: {'poolsize': 1000}
08-04 12:15 nessai INFO    : No reparameterisations provided, using default reparameterisations included in FlowProposal
08-04 12:15 nessai INFO    : Adding reparameterisations from: {}
08-04 12:15 nessai INFO    : Assuming fallback reparameterisation (ScaleAndShift) for ['kappa', 'mu_xi', 'sigma_chi', 'sigma_xi', 'rho', 'lambda_chi', 'chi0', 'xi0'] with kwargs: {'estimate_scale': True, 'estimate_shift': True, 'prior_bounds': {'kappa': array([0.1, 5. ]), 'mu_xi': array([0. , 0.1]), 'sigma_chi': array([0.05, 0.6 ]), 'sigma_xi': array([0.05, 0.4 ]), 'rho': array([-0.9,  0.9]), 'lambda_chi': array([-0.5,  0.5]), 'chi0': array([-0.5,  0.5]), 'xi0': array([2.5, 5. ])}}.
08-04 12:15 nessai INFO    : x space parameters: ['kappa', 'mu_xi', 'sigma_chi', 'sigma_xi', 'rho', 'lambda_chi', 'chi0', 'xi0']
08-04 12:15 nessai INFO    : x prime space parameters: ['kappa_prime', 'mu_xi_prime', 'sigma_chi_prime', 'sigma_xi_prime', 'rho_prime', 'lambda_chi_prime', 'chi0_prime', 'xi0_prime']
08-04 12:15 nessai INFO    : Overwriting fuzz factor with expansion fraction
08-04 12:15 nessai INFO    : New fuzz factor: 1.2228445449938519
08-04 12:15 nessai INFO    : Verifying rescaling functions
08-04 12:15 nessai INFO    : Rescaling functions are invertible
08-04 12:16 nessai INFO    : Populating initial live points
08-04 12:16 nessai INFO    : Populated 100 / 1000 live points
08-04 12:16 nessai INFO    : Populated 200 / 1000 live points
08-04 12:16 nessai INFO    : Populated 300 / 1000 live points
08-04 12:16 nessai INFO    : Populated 400 / 1000 live points
08-04 12:16 nessai INFO    : Populated 500 / 1000 live points
08-04 12:16 nessai INFO    : Populated 600 / 1000 live points
08-04 12:16 nessai INFO    : Populated 700 / 1000 live points
08-04 12:16 nessai INFO    : Populated 800 / 1000 live points
08-04 12:16 nessai INFO    : Populated 900 / 1000 live points
08-04 12:16 nessai INFO    : Populated 1000 / 1000 live points
08-04 12:16 nessai INFO    : Starting nested sampling loop
08-04 12:16 nessai INFO    : it:  1000: Rolling KS test: D=0.027, p-value=0.2286
08-04 12:16 nessai INFO    : it:  1000: n eval: 3000 H: 7.91 dlogZ: 51374625.108 logZ: -51466658.883 +/- 0.089 logLmax: -92032.78
08-04 12:16 nessai INFO    : it:  2000: Rolling KS test: D=0.018, p-value=0.5169
08-04 12:16 nessai INFO    : it:  2000: n eval: 8000 H: 8.91 dlogZ: 17151651.022 logZ: -17174317.479 +/- 0.094 logLmax: -22664.46
08-04 12:16 nessai INFO    : Switching to FlowProposal
08-04 12:16 nessai INFO    : it:  3000: Rolling KS test: D=0.041, p-value=0.03371
08-04 12:16 nessai INFO    : it:  3000: n eval: 11964 H: 9.91 dlogZ: 6683586.163 logZ: -6706253.620 +/- 0.100 logLmax: -22664.46
08-04 12:16 nessai INFO    : it:  4000: Rolling KS test: D=0.023, p-value=0.3419
08-04 12:16 nessai INFO    : it:  4000: n eval: 15726 H: 10.91 dlogZ: 2656053.607 logZ: -2672194.959 +/- 0.104 logLmax: -16137.35
08-04 12:16 nessai INFO    : it:  5000: Rolling KS test: D=0.025, p-value=0.2818
08-04 12:16 nessai INFO    : it:  5000: n eval: 19623 H: 11.91 dlogZ: 1072168.049 logZ: -1086456.893 +/- 0.109 logLmax: -14283.85
08-04 12:16 nessai INFO    : it:  6000: Rolling KS test: D=0.014, p-value=0.6695
08-04 12:16 nessai INFO    : it:  6000: n eval: 24413 H: 12.91 dlogZ: 486911.322 logZ: -491483.542 +/- 0.114 logLmax: -4566.22
08-04 12:16 nessai INFO    : it:  7000: Rolling KS test: D=0.017, p-value=0.5547
08-04 12:16 nessai INFO    : it:  7000: n eval: 29700 H: 13.91 dlogZ: 241404.136 logZ: -245977.356 +/- 0.118 logLmax: -4566.22
08-04 12:16 nessai INFO    : it:  8000: Rolling KS test: D=0.014, p-value=0.6695
08-04 12:16 nessai INFO    : it:  8000: n eval: 35224 H: 14.91 dlogZ: 122993.128 logZ: -124281.372 +/- 0.122 logLmax: -1280.25
08-04 12:16 nessai INFO    : it:  9000: Rolling KS test: D=0.023, p-value=0.3419
08-04 12:16 nessai INFO    : it:  9000: n eval: 41613 H: 15.91 dlogZ: 65013.594 logZ: -65860.097 +/- 0.126 logLmax: -837.50
08-04 12:16 nessai INFO    : it: 10000: Rolling KS test: D=0.019, p-value=0.4797
08-04 12:16 nessai INFO    : it: 10000: n eval: 50776 H: 16.88 dlogZ: 33971.871 logZ: -34819.374 +/- 0.130 logLmax: -837.50
08-04 12:16 nessai INFO    : it: 11000: Rolling KS test: D=0.031, p-value=0.1433
08-04 12:16 nessai INFO    : it: 11000: n eval: 56804 H: 17.88 dlogZ: 17619.954 logZ: -17996.003 +/- 0.134 logLmax: -365.05
08-04 12:16 nessai INFO    : it: 12000: Rolling KS test: D=0.023, p-value=0.3419
08-04 12:16 nessai INFO    : it: 12000: n eval: 65614 H: 18.87 dlogZ: 9825.840 logZ: -10117.405 +/- 0.137 logLmax: -279.57
08-04 12:16 nessai INFO    : it: 13000: Rolling KS test: D=0.026, p-value=0.2543
08-04 12:17 nessai INFO    : it: 13000: n eval: 71468 H: 19.83 dlogZ: 5378.280 logZ: -5468.220 +/- 0.141 logLmax: -76.94
08-04 12:17 nessai INFO    : it: 14000: Rolling KS test: D=0.014, p-value=0.6695
08-04 12:17 nessai INFO    : it: 14000: n eval: 77623 H: 19.47 dlogZ: 2906.021 logZ: -2996.961 +/- 0.140 logLmax: -76.94
08-04 12:17 nessai INFO    : it: 15000: Rolling KS test: D=0.019, p-value=0.4797
08-04 12:17 nessai INFO    : it: 15000: n eval: 83777 H: 20.75 dlogZ: 1629.148 logZ: -1701.645 +/- 0.144 logLmax: -57.50
08-04 12:17 nessai INFO    : it: 16000: Rolling KS test: D=0.013, p-value=0.7071
08-04 12:17 nessai INFO    : it: 16000: n eval: 90452 H: 21.34 dlogZ: 918.598 logZ: -944.893 +/- 0.146 logLmax: -10.30
08-04 12:17 nessai INFO    : it: 17000: Rolling KS test: D=0.025, p-value=0.2818
08-04 12:17 nessai INFO    : it: 17000: n eval: 99801 H: 21.69 dlogZ: 544.386 logZ: -571.681 +/- 0.147 logLmax: -10.30
08-04 12:17 nessai INFO    : it: 18000: Rolling KS test: D=0.033, p-value=0.1108
08-04 12:17 nessai INFO    : it: 18000: n eval: 106192 H: 22.42 dlogZ: 313.758 logZ: -342.054 +/- 0.150 logLmax: -10.30
08-04 12:17 nessai INFO    : it: 19000: Rolling KS test: D=0.032, p-value=0.1263
08-04 12:17 nessai INFO    : it: 19000: n eval: 112099 H: 22.38 dlogZ: 185.772 logZ: -215.068 +/- 0.150 logLmax: -10.30
08-04 12:17 nessai INFO    : it: 20000: Rolling KS test: D=0.026, p-value=0.2543
08-04 12:17 nessai INFO    : it: 20000: n eval: 122550 H: 23.03 dlogZ: 109.796 logZ: -140.092 +/- 0.152 logLmax: -10.30
08-04 12:17 nessai INFO    : it: 21000: Rolling KS test: D=0.031, p-value=0.1433
08-04 12:17 nessai INFO    : it: 21000: n eval: 129448 H: 23.39 dlogZ: 65.212 logZ: -94.472 +/- 0.153 logLmax: -8.26
08-04 12:17 nessai INFO    : it: 22000: Rolling KS test: D=0.03, p-value=0.162
08-04 12:18 nessai INFO    : it: 22000: n eval: 142360 H: 23.86 dlogZ: 42.563 logZ: -69.189 +/- 0.154 logLmax: -4.63
08-04 12:18 nessai INFO    : it: 23000: Rolling KS test: D=0.034, p-value=0.09683
08-04 12:18 nessai INFO    : it: 23000: n eval: 156388 H: 24.33 dlogZ: 27.117 logZ: -54.742 +/- 0.156 logLmax: -4.63
08-04 12:18 nessai INFO    : it: 24000: Rolling KS test: D=0.033, p-value=0.1108
08-04 12:18 nessai INFO    : it: 24000: n eval: 172354 H: 24.80 dlogZ: 19.000 logZ: -46.278 +/- 0.157 logLmax: -3.28
08-04 12:18 nessai INFO    : it: 25000: Rolling KS test: D=0.037, p-value=0.06311
08-04 12:18 nessai INFO    : it: 25000: n eval: 191478 H: 25.31 dlogZ: 13.908 logZ: -40.801 +/- 0.159 logLmax: -1.89
08-04 12:18 nessai INFO    : it: 26000: Rolling KS test: D=0.033, p-value=0.1108
08-04 12:18 nessai INFO    : it: 26000: n eval: 224037 H: 25.85 dlogZ: 9.393 logZ: -37.286 +/- 0.161 logLmax: -1.89
08-04 12:18 nessai INFO    : it: 27000: Rolling KS test: D=0.018, p-value=0.5169
08-04 12:18 nessai INFO    : it: 27000: n eval: 261187 H: 26.26 dlogZ: 6.712 logZ: -35.169 +/- 0.162 logLmax: -1.46
08-04 12:18 nessai INFO    : it: 28000: Rolling KS test: D=0.03, p-value=0.162
08-04 12:18 nessai INFO    : it: 28000: n eval: 284802 H: 26.64 dlogZ: 4.846 logZ: -33.873 +/- 0.163 logLmax: -1.04
08-04 12:19 nessai INFO    : it: 29000: Rolling KS test: D=0.015, p-value=0.6313
08-04 12:19 nessai INFO    : it: 29000: n eval: 318876 H: 26.98 dlogZ: 3.096 logZ: -33.084 +/- 0.164 logLmax: -1.04
08-04 12:19 nessai INFO    : it: 30000: Rolling KS test: D=0.031, p-value=0.1433
08-04 12:19 nessai INFO    : it: 30000: n eval: 356772 H: 27.27 dlogZ: 2.221 logZ: -32.606 +/- 0.165 logLmax: -0.50
08-04 12:19 nessai INFO    : it: 31000: Rolling KS test: D=0.021, p-value=0.4082
08-04 12:19 nessai INFO    : it: 31000: n eval: 406772 H: 27.50 dlogZ: 1.191 logZ: -32.328 +/- 0.166 logLmax: -0.50
08-04 12:19 nessai INFO    : it: 32000: Rolling KS test: D=0.015, p-value=0.6313
08-04 12:19 nessai INFO    : it: 32000: n eval: 442418 H: 27.66 dlogZ: 0.543 logZ: -32.172 +/- 0.166 logLmax: -0.50
08-04 12:20 nessai INFO    : it: 33000: Rolling KS test: D=0.01, p-value=0.8133
08-04 12:20 nessai INFO    : it: 33000: n eval: 479376 H: 27.77 dlogZ: 0.218 logZ: -32.088 +/- 0.167 logLmax: -0.50
08-04 12:20 nessai INFO    : Stopping with difference_log_evidence=0.100
08-04 12:20 nessai INFO    : Finalising
08-04 12:20 nessai INFO    : Final ln-evidence: -32.008 +/- 0.167
08-04 12:20 nessai INFO    : Information: 27.90
08-04 12:20 nessai INFO    : Final KS test: D=0.009671, p-value=0.001783
08-04 12:20 nessai WARNING : Final p-value for the insertion indices is less than 0.05, this could be an indication of problems during sampling. Consider checking the diagnostic plots.
08-04 12:20 nessai INFO    : Checkpointing nested sampling
08-04 12:20 nessai INFO    : Total sampling time: 0:04:17.598397
08-04 12:20 nessai INFO    : Total training time: 0:01:29.427166
08-04 12:20 nessai INFO    : Total population time: 0:01:09.359974
08-04 12:20 nessai INFO    : Total likelihood evaluations: 499376
08-04 12:20 nessai INFO    : Time spent evaluating likelihood: 0:00:27.287894
08-04 12:20 nessai INFO    : Total sampling time: 0:04:17.598397
08-04 12:20 nessai INFO    : Total likelihood evaluations: 499376
08-04 12:20 nessai INFO    : Starting post processing
08-04 12:20 nessai INFO    : Computing posterior samples
08-04 12:20 nessai INFO    : Effective sample size: 6698.8
08-04 12:20 nessai INFO    : Producing posterior samples using rejection sampling
08-04 12:20 nessai INFO    : Expect 4638.630233488172 samples from rejection sampling
08-04 12:20 nessai INFO    : Returned 4619 posterior samples
08-04 12:20 nessai INFO    : Starting to close worker pool.
08-04 12:20 nessai INFO    : Finished closing worker pool.
