/data/wiay/postgrads/shashwat/qunat_com_future/lib/python3.11/site-packages/nessai/utils/logging.py:133: FutureWarning: setup_logger is deprecated, use configure_logger instead
  warnings.warn(
08-04 12:27 nessai INFO    : Running Nessai version 0.15.2
08-04 12:27 nessai INFO    : Starting multiprocessing pool with 4 processes
08-04 12:27 nessai INFO    : Initialising nested sampler
08-04 12:27 nessai WARNING : Multiprocessing pool has already been configured.
/data/wiay/postgrads/shashwat/qunat_com_future/lib/python3.11/site-packages/nessai/gw/__init__.py:12: FutureWarning: The `nessai.gw` module will be deprecated in the next release in favour of the nessai-gw package. This packages provides the same functionality as`nessai.gw` via the plugin interface.For more details, see: https://github.com/mj-will/nessai-gw
  warnings.warn(
08-04 12:27 nessai INFO    : Passing kwargs to FlowProposal: {'poolsize': 1000}
08-04 12:27 nessai INFO    : No reparameterisations provided, using default reparameterisations included in FlowProposal
08-04 12:27 nessai INFO    : Adding reparameterisations from: {}
08-04 12:27 nessai INFO    : Assuming fallback reparameterisation (ScaleAndShift) for ['kappa', 'mu_xi', 'sigma_chi', 'sigma_xi', 'rho', 'lambda_chi', 'chi0', 'xi0'] with kwargs: {'estimate_scale': True, 'estimate_shift': True, 'prior_bounds': {'kappa': array([0.1, 5. ]), 'mu_xi': array([0. , 0.1]), 'sigma_chi': array([0.05, 0.6 ]), 'sigma_xi': array([0.05, 0.4 ]), 'rho': array([-0.9,  0.9]), 'lambda_chi': array([-0.5,  0.5]), 'chi0': array([-0.5,  0.5]), 'xi0': array([2.5, 5. ])}}.
08-04 12:27 nessai INFO    : x space parameters: ['kappa', 'mu_xi', 'sigma_chi', 'sigma_xi', 'rho', 'lambda_chi', 'chi0', 'xi0']
08-04 12:27 nessai INFO    : x prime space parameters: ['kappa_prime', 'mu_xi_prime', 'sigma_chi_prime', 'sigma_xi_prime', 'rho_prime', 'lambda_chi_prime', 'chi0_prime', 'xi0_prime']
08-04 12:27 nessai INFO    : Overwriting fuzz factor with expansion fraction
08-04 12:27 nessai INFO    : New fuzz factor: 1.2228445449938519
08-04 12:27 nessai INFO    : Verifying rescaling functions
08-04 12:27 nessai INFO    : Rescaling functions are invertible
08-04 12:27 nessai INFO    : Populating initial live points
08-04 12:27 nessai INFO    : Populated 100 / 1000 live points
08-04 12:27 nessai INFO    : Populated 200 / 1000 live points
08-04 12:27 nessai INFO    : Populated 300 / 1000 live points
08-04 12:27 nessai INFO    : Populated 400 / 1000 live points
08-04 12:27 nessai INFO    : Populated 500 / 1000 live points
08-04 12:27 nessai INFO    : Populated 600 / 1000 live points
08-04 12:27 nessai INFO    : Populated 700 / 1000 live points
08-04 12:27 nessai INFO    : Populated 800 / 1000 live points
08-04 12:27 nessai INFO    : Populated 900 / 1000 live points
08-04 12:27 nessai INFO    : Populated 1000 / 1000 live points
08-04 12:27 nessai INFO    : Starting nested sampling loop
08-04 12:27 nessai INFO    : it:  1000: Rolling KS test: D=0.014, p-value=0.6695
08-04 12:27 nessai INFO    : it:  1000: n eval: 3000 H: 7.91 dlogZ: 5629845.496 logZ: -5638247.950 +/- 0.089 logLmax: -8401.45
08-04 12:27 nessai INFO    : it:  2000: Rolling KS test: D=0.025, p-value=0.2818
08-04 12:27 nessai INFO    : it:  2000: n eval: 8000 H: 8.91 dlogZ: 444797.231 logZ: -448490.521 +/- 0.094 logLmax: -3691.29
08-04 12:27 nessai INFO    : Switching to FlowProposal
08-04 12:27 nessai INFO    : it:  3000: Rolling KS test: D=0.024, p-value=0.311
08-04 12:27 nessai INFO    : it:  3000: n eval: 12130 H: 9.91 dlogZ: 142049.755 logZ: -143152.449 +/- 0.100 logLmax: -1099.70
08-04 12:27 nessai INFO    : it:  4000: Rolling KS test: D=0.015, p-value=0.6313
08-04 12:27 nessai INFO    : it:  4000: n eval: 15936 H: 10.91 dlogZ: 57424.320 logZ: -58528.015 +/- 0.104 logLmax: -1099.70
08-04 12:27 nessai INFO    : it:  5000: Rolling KS test: D=0.014, p-value=0.6695
08-04 12:27 nessai INFO    : it:  5000: n eval: 20310 H: 11.70 dlogZ: 26587.179 logZ: -27041.426 +/- 0.108 logLmax: -449.25
08-04 12:28 nessai INFO    : it:  6000: Rolling KS test: D=0.041, p-value=0.03371
08-04 12:28 nessai INFO    : it:  6000: n eval: 22833 H: 11.97 dlogZ: 12950.858 logZ: -13078.581 +/- 0.109 logLmax: -121.72
08-04 12:28 nessai INFO    : it:  7000: Rolling KS test: D=0.013, p-value=0.7071
08-04 12:28 nessai INFO    : it:  7000: n eval: 30267 H: 13.09 dlogZ: 6655.988 logZ: -6784.711 +/- 0.114 logLmax: -121.72
08-04 12:28 nessai INFO    : it:  8000: Rolling KS test: D=0.021, p-value=0.4082
08-04 12:28 nessai INFO    : it:  8000: n eval: 37330 H: 14.74 dlogZ: 3560.905 logZ: -3632.090 +/- 0.121 logLmax: -63.19
08-04 12:28 nessai INFO    : it:  9000: Rolling KS test: D=0.022, p-value=0.3744
08-04 12:28 nessai INFO    : it:  9000: n eval: 42387 H: 14.72 dlogZ: 1876.445 logZ: -1935.720 +/- 0.121 logLmax: -50.28
08-04 12:28 nessai INFO    : it: 10000: Rolling KS test: D=0.007, p-value=0.9024
08-04 12:28 nessai INFO    : it: 10000: n eval: 47739 H: 15.46 dlogZ: 973.059 logZ: -1033.334 +/- 0.124 logLmax: -50.28
08-04 12:28 nessai INFO    : it: 11000: Rolling KS test: D=0.027, p-value=0.2286
08-04 12:28 nessai INFO    : it: 11000: n eval: 56256 H: 15.37 dlogZ: 553.005 logZ: -589.780 +/- 0.124 logLmax: -25.78
08-04 12:28 nessai INFO    : it: 12000: Rolling KS test: D=0.007, p-value=0.9024
08-04 12:28 nessai INFO    : it: 12000: n eval: 62581 H: 16.53 dlogZ: 334.521 logZ: -356.760 +/- 0.129 logLmax: -10.24
08-04 12:28 nessai INFO    : it: 13000: Rolling KS test: D=0.008, p-value=0.8752
08-04 12:28 nessai INFO    : it: 13000: n eval: 68532 H: 16.60 dlogZ: 201.050 logZ: -224.290 +/- 0.129 logLmax: -10.24
08-04 12:28 nessai INFO    : it: 14000: Rolling KS test: D=0.031, p-value=0.1433
08-04 12:28 nessai INFO    : it: 14000: n eval: 78397 H: 17.15 dlogZ: 126.856 logZ: -151.095 +/- 0.131 logLmax: -10.24
08-04 12:28 nessai INFO    : it: 15000: Rolling KS test: D=0.024, p-value=0.311
08-04 12:28 nessai INFO    : it: 15000: n eval: 86943 H: 17.77 dlogZ: 76.516 logZ: -101.755 +/- 0.133 logLmax: -10.24
08-04 12:28 nessai INFO    : it: 16000: Rolling KS test: D=0.039, p-value=0.0465
08-04 12:29 nessai INFO    : it: 16000: n eval: 97538 H: 18.05 dlogZ: 48.407 logZ: -72.544 +/- 0.134 logLmax: -8.14
08-04 12:29 nessai INFO    : it: 17000: Rolling KS test: D=0.019, p-value=0.4797
08-04 12:29 nessai INFO    : it: 17000: n eval: 106204 H: 18.53 dlogZ: 31.269 logZ: -54.572 +/- 0.136 logLmax: -6.30
08-04 12:29 nessai INFO    : it: 18000: Rolling KS test: D=0.013, p-value=0.7071
08-04 12:29 nessai INFO    : it: 18000: n eval: 120269 H: 19.07 dlogZ: 19.666 logZ: -43.968 +/- 0.138 logLmax: -6.30
08-04 12:29 nessai INFO    : it: 19000: Rolling KS test: D=0.019, p-value=0.4797
08-04 12:29 nessai INFO    : it: 19000: n eval: 134544 H: 19.53 dlogZ: 12.190 logZ: -37.382 +/- 0.140 logLmax: -6.19
08-04 12:29 nessai INFO    : it: 20000: Rolling KS test: D=0.021, p-value=0.4082
08-04 12:29 nessai INFO    : it: 20000: n eval: 151852 H: 19.92 dlogZ: 7.769 logZ: -33.670 +/- 0.141 logLmax: -5.90
08-04 12:29 nessai INFO    : it: 21000: Rolling KS test: D=0.036, p-value=0.07308
08-04 12:29 nessai INFO    : it: 21000: n eval: 179031 H: 20.27 dlogZ: 5.784 logZ: -31.458 +/- 0.142 logLmax: -4.68
08-04 12:29 nessai INFO    : it: 22000: Rolling KS test: D=0.018, p-value=0.5169
08-04 12:29 nessai INFO    : it: 22000: n eval: 206355 H: 20.55 dlogZ: 3.632 logZ: -30.283 +/- 0.143 logLmax: -4.68
08-04 12:30 nessai INFO    : it: 23000: Rolling KS test: D=0.017, p-value=0.5547
08-04 12:30 nessai INFO    : it: 23000: n eval: 229898 H: 20.76 dlogZ: 2.115 logZ: -29.664 +/- 0.144 logLmax: -4.68
08-04 12:30 nessai INFO    : it: 24000: Rolling KS test: D=0.01, p-value=0.8133
08-04 12:30 nessai INFO    : it: 24000: n eval: 268025 H: 20.94 dlogZ: 1.261 logZ: -29.325 +/- 0.145 logLmax: -4.40
08-04 12:30 nessai INFO    : it: 25000: Rolling KS test: D=0.016, p-value=0.593
08-04 12:30 nessai INFO    : it: 25000: n eval: 307407 H: 21.07 dlogZ: 0.576 logZ: -29.148 +/- 0.145 logLmax: -4.40
08-04 12:30 nessai INFO    : it: 26000: Rolling KS test: D=0.04, p-value=0.03967
08-04 12:30 nessai INFO    : it: 26000: n eval: 357407 H: 21.15 dlogZ: 0.233 logZ: -29.060 +/- 0.145 logLmax: -4.40
08-04 12:30 nessai INFO    : Stopping with difference_log_evidence=0.100
08-04 12:30 nessai INFO    : Finalising
08-04 12:30 nessai INFO    : Final ln-evidence: -28.983 +/- 0.146
08-04 12:30 nessai INFO    : Information: 21.25
08-04 12:30 nessai INFO    : Final KS test: D=0.0047, p-value=0.3041
08-04 12:30 nessai INFO    : Checkpointing nested sampling
08-04 12:30 nessai INFO    : Total sampling time: 0:03:12.001370
08-04 12:30 nessai INFO    : Total training time: 0:01:04.007733
08-04 12:30 nessai INFO    : Total population time: 0:00:55.586233
08-04 12:30 nessai INFO    : Total likelihood evaluations: 406873
08-04 12:30 nessai INFO    : Time spent evaluating likelihood: 0:00:19.350345
08-04 12:30 nessai INFO    : Total sampling time: 0:03:12.001370
08-04 12:30 nessai INFO    : Total likelihood evaluations: 406873
08-04 12:30 nessai INFO    : Starting post processing
08-04 12:30 nessai INFO    : Computing posterior samples
08-04 12:30 nessai INFO    : Effective sample size: 5933.5
08-04 12:30 nessai INFO    : Producing posterior samples using rejection sampling
08-04 12:30 nessai INFO    : Expect 4203.2693111360595 samples from rejection sampling
08-04 12:30 nessai INFO    : Returned 4186 posterior samples
08-04 12:30 nessai INFO    : Starting to close worker pool.
08-04 12:30 nessai INFO    : Finished closing worker pool.
