/data/wiay/postgrads/shashwat/qunat_com_future/lib/python3.11/site-packages/nessai/utils/logging.py:133: FutureWarning: setup_logger is deprecated, use configure_logger instead
  warnings.warn(
08-04 09:47 nessai INFO    : Running Nessai version 0.15.2
08-04 09:47 nessai INFO    : Starting multiprocessing pool with 4 processes
08-04 09:47 nessai INFO    : Initialising nested sampler
08-04 09:47 nessai WARNING : Multiprocessing pool has already been configured.
/data/wiay/postgrads/shashwat/qunat_com_future/lib/python3.11/site-packages/nessai/gw/__init__.py:12: FutureWarning: The `nessai.gw` module will be deprecated in the next release in favour of the nessai-gw package. This packages provides the same functionality as`nessai.gw` via the plugin interface.For more details, see: https://github.com/mj-will/nessai-gw
  warnings.warn(
08-04 09:47 nessai INFO    : Passing kwargs to FlowProposal: {'poolsize': 1000}
08-04 09:47 nessai INFO    : No reparameterisations provided, using default reparameterisations included in FlowProposal
08-04 09:47 nessai INFO    : Adding reparameterisations from: {}
08-04 09:47 nessai INFO    : Assuming fallback reparameterisation (ScaleAndShift) for ['kappa', 'mu_xi', 'sigma_chi', 'sigma_xi', 'rho', 'lambda_chi', 'chi0', 'xi0'] with kwargs: {'estimate_scale': True, 'estimate_shift': True, 'prior_bounds': {'kappa': array([0.1, 5. ]), 'mu_xi': array([0. , 0.1]), 'sigma_chi': array([0.05, 0.6 ]), 'sigma_xi': array([0.05, 0.4 ]), 'rho': array([-0.9,  0.9]), 'lambda_chi': array([-0.5,  0.5]), 'chi0': array([-0.5,  0.5]), 'xi0': array([2.5, 5. ])}}.
08-04 09:47 nessai INFO    : x space parameters: ['kappa', 'mu_xi', 'sigma_chi', 'sigma_xi', 'rho', 'lambda_chi', 'chi0', 'xi0']
08-04 09:47 nessai INFO    : x prime space parameters: ['kappa_prime', 'mu_xi_prime', 'sigma_chi_prime', 'sigma_xi_prime', 'rho_prime', 'lambda_chi_prime', 'chi0_prime', 'xi0_prime']
08-04 09:47 nessai INFO    : Overwriting fuzz factor with expansion fraction
08-04 09:47 nessai INFO    : New fuzz factor: 1.2228445449938519
08-04 09:47 nessai INFO    : Verifying rescaling functions
08-04 09:47 nessai INFO    : Rescaling functions are invertible
08-04 09:47 nessai INFO    : Populating initial live points
08-04 09:47 nessai INFO    : Populated 100 / 1000 live points
08-04 09:47 nessai INFO    : Populated 200 / 1000 live points
08-04 09:47 nessai INFO    : Populated 300 / 1000 live points
08-04 09:47 nessai INFO    : Populated 400 / 1000 live points
08-04 09:47 nessai INFO    : Populated 500 / 1000 live points
08-04 09:47 nessai INFO    : Populated 600 / 1000 live points
08-04 09:47 nessai INFO    : Populated 700 / 1000 live points
08-04 09:47 nessai INFO    : Populated 800 / 1000 live points
08-04 09:47 nessai INFO    : Populated 900 / 1000 live points
08-04 09:47 nessai INFO    : Populated 1000 / 1000 live points
08-04 09:47 nessai INFO    : Starting nested sampling loop
08-04 09:47 nessai INFO    : it:  1000: Rolling KS test: D=0.015, p-value=0.6313
08-04 09:47 nessai INFO    : it:  1000: n eval: 3000 H: 7.91 dlogZ: 6726694.045 logZ: -6733158.230 +/- 0.089 logLmax: -6463.19
08-04 09:47 nessai INFO    : it:  2000: Rolling KS test: D=0.029, p-value=0.1825
08-04 09:47 nessai INFO    : it:  2000: n eval: 8000 H: 8.91 dlogZ: 531568.292 logZ: -533973.922 +/- 0.094 logLmax: -2403.63
08-04 09:47 nessai INFO    : Switching to FlowProposal
08-04 09:47 nessai INFO    : it:  3000: Rolling KS test: D=0.011, p-value=0.7794
08-04 09:47 nessai INFO    : it:  3000: n eval: 11981 H: 9.91 dlogZ: 169587.085 logZ: -170964.892 +/- 0.100 logLmax: -1374.81
08-04 09:47 nessai INFO    : it:  4000: Rolling KS test: D=0.023, p-value=0.3419
08-04 09:47 nessai INFO    : it:  4000: n eval: 15989 H: 10.70 dlogZ: 71204.443 logZ: -71944.649 +/- 0.103 logLmax: -736.21
08-04 09:47 nessai INFO    : it:  5000: Rolling KS test: D=0.017, p-value=0.5547
08-04 09:47 nessai INFO    : it:  5000: n eval: 20411 H: 11.91 dlogZ: 32409.307 logZ: -32649.801 +/- 0.109 logLmax: -235.50
08-04 09:47 nessai INFO    : it:  6000: Rolling KS test: D=0.0, p-value=1.0
08-04 09:47 nessai INFO    : it:  6000: n eval: 25725 H: 12.91 dlogZ: 15936.889 logZ: -16178.383 +/- 0.114 logLmax: -235.50
08-04 09:47 nessai INFO    : it:  7000: Rolling KS test: D=0.016, p-value=0.593
08-04 09:47 nessai INFO    : it:  7000: n eval: 30606 H: 13.86 dlogZ: 8152.838 logZ: -8199.738 +/- 0.118 logLmax: -39.90
08-04 09:47 nessai INFO    : it:  8000: Rolling KS test: D=0.029, p-value=0.1825
08-04 09:47 nessai INFO    : it:  8000: n eval: 35746 H: 13.52 dlogZ: 4114.199 logZ: -4162.099 +/- 0.116 logLmax: -39.90
08-04 09:47 nessai INFO    : it:  9000: Rolling KS test: D=0.011, p-value=0.7794
08-04 09:47 nessai INFO    : it:  9000: n eval: 41288 H: 15.15 dlogZ: 2212.855 logZ: -2245.119 +/- 0.123 logLmax: -23.26
08-04 09:47 nessai INFO    : it: 10000: Rolling KS test: D=0.013, p-value=0.7071
08-04 09:47 nessai INFO    : it: 10000: n eval: 46364 H: 15.56 dlogZ: 1166.935 logZ: -1200.199 +/- 0.125 logLmax: -23.26
08-04 09:47 nessai INFO    : it: 11000: Rolling KS test: D=0.02, p-value=0.4434
08-04 09:47 nessai INFO    : it: 11000: n eval: 51537 H: 15.55 dlogZ: 636.857 logZ: -666.697 +/- 0.125 logLmax: -18.84
08-04 09:47 nessai INFO    : it: 12000: Rolling KS test: D=0.028, p-value=0.2046
08-04 09:47 nessai INFO    : it: 12000: n eval: 56858 H: 16.14 dlogZ: 362.409 logZ: -382.854 +/- 0.127 logLmax: -8.45
08-04 09:47 nessai INFO    : it: 13000: Rolling KS test: D=0.007, p-value=0.9024
08-04 09:47 nessai INFO    : it: 13000: n eval: 61887 H: 16.37 dlogZ: 210.961 logZ: -229.435 +/- 0.128 logLmax: -5.47
08-04 09:47 nessai INFO    : it: 14000: Rolling KS test: D=0.026, p-value=0.2543
08-04 09:47 nessai INFO    : it: 14000: n eval: 66863 H: 17.23 dlogZ: 118.743 logZ: -138.217 +/- 0.131 logLmax: -5.47
08-04 09:48 nessai INFO    : it: 15000: Rolling KS test: D=0.02, p-value=0.4434
08-04 09:48 nessai INFO    : it: 15000: n eval: 74930 H: 17.50 dlogZ: 66.038 logZ: -86.511 +/- 0.132 logLmax: -5.47
08-04 09:48 nessai INFO    : it: 16000: Rolling KS test: D=0.032, p-value=0.1263
08-04 09:48 nessai INFO    : it: 16000: n eval: 80502 H: 17.93 dlogZ: 37.316 logZ: -57.927 +/- 0.134 logLmax: -4.61
08-04 09:48 nessai INFO    : it: 17000: Rolling KS test: D=0.016, p-value=0.593
08-04 09:48 nessai INFO    : it: 17000: n eval: 86541 H: 18.41 dlogZ: 22.285 logZ: -43.877 +/- 0.136 logLmax: -4.59
08-04 09:48 nessai INFO    : it: 18000: Rolling KS test: D=0.041, p-value=0.03371
08-04 09:48 nessai INFO    : it: 18000: n eval: 96810 H: 18.89 dlogZ: 13.013 logZ: -34.805 +/- 0.137 logLmax: -3.79
08-04 09:48 nessai INFO    : it: 19000: Rolling KS test: D=0.014, p-value=0.6695
08-04 09:48 nessai INFO    : it: 19000: n eval: 111235 H: 19.12 dlogZ: 7.491 logZ: -30.282 +/- 0.138 logLmax: -3.79
08-04 09:48 nessai INFO    : it: 20000: Rolling KS test: D=0.018, p-value=0.5169
08-04 09:48 nessai INFO    : it: 20000: n eval: 125563 H: 19.33 dlogZ: 4.883 logZ: -27.951 +/- 0.139 logLmax: -3.08
08-04 09:48 nessai INFO    : it: 21000: Rolling KS test: D=0.005, p-value=0.9481
08-04 09:48 nessai INFO    : it: 21000: n eval: 151622 H: 19.55 dlogZ: 2.771 logZ: -26.782 +/- 0.140 logLmax: -3.08
08-04 09:48 nessai INFO    : it: 22000: Rolling KS test: D=0.029, p-value=0.1825
08-04 09:48 nessai INFO    : it: 22000: n eval: 175574 H: 19.77 dlogZ: 1.424 logZ: -26.152 +/- 0.141 logLmax: -3.00
08-04 09:48 nessai INFO    : it: 23000: Rolling KS test: D=0.034, p-value=0.09683
08-04 09:48 nessai INFO    : it: 23000: n eval: 212791 H: 19.91 dlogZ: 0.662 logZ: -25.841 +/- 0.141 logLmax: -2.91
08-04 09:48 nessai INFO    : it: 24000: Rolling KS test: D=0.008, p-value=0.8752
08-04 09:48 nessai INFO    : it: 24000: n eval: 261035 H: 20.00 dlogZ: 0.270 logZ: -25.693 +/- 0.141 logLmax: -2.87
08-04 09:48 nessai INFO    : it: 25000: Rolling KS test: D=0.041, p-value=0.03371
08-04 09:48 nessai INFO    : it: 25000: n eval: 331035 H: 20.05 dlogZ: 0.127 logZ: -25.625 +/- 0.142 logLmax: -2.63
08-04 09:48 nessai INFO    : Stopping with difference_log_evidence=0.100
08-04 09:48 nessai INFO    : Finalising
08-04 09:48 nessai INFO    : Final ln-evidence: -25.572 +/- 0.142
08-04 09:48 nessai INFO    : Information: 20.11
08-04 09:48 nessai INFO    : Final KS test: D=0.006116, p-value=0.1507
08-04 09:48 nessai INFO    : Checkpointing nested sampling
08-04 09:48 nessai INFO    : Total sampling time: 0:01:13.741890
08-04 09:48 nessai INFO    : Total training time: 0:00:25.055129
08-04 09:48 nessai INFO    : Total population time: 0:00:19.704158
08-04 09:48 nessai INFO    : Total likelihood evaluations: 351035
08-04 09:48 nessai INFO    : Time spent evaluating likelihood: 0:00:05.643226
08-04 09:48 nessai INFO    : Total sampling time: 0:01:13.741890
08-04 09:48 nessai INFO    : Total likelihood evaluations: 351035
08-04 09:48 nessai INFO    : Starting post processing
08-04 09:48 nessai INFO    : Computing posterior samples
08-04 09:48 nessai INFO    : Effective sample size: 5442.7
08-04 09:48 nessai INFO    : Producing posterior samples using rejection sampling
08-04 09:48 nessai INFO    : Expect 3699.630739602632 samples from rejection sampling
08-04 09:48 nessai INFO    : Returned 3714 posterior samples
08-04 09:48 nessai INFO    : Starting to close worker pool.
08-04 09:48 nessai INFO    : Finished closing worker pool.
