/data/wiay/postgrads/shashwat/qunat_com_future/lib/python3.11/site-packages/nessai/utils/logging.py:133: FutureWarning: setup_logger is deprecated, use configure_logger instead
  warnings.warn(
08-04 10:30 nessai INFO    : Running Nessai version 0.15.2
08-04 10:30 nessai INFO    : Starting multiprocessing pool with 4 processes
08-04 10:30 nessai INFO    : Initialising nested sampler
08-04 10:30 nessai WARNING : Multiprocessing pool has already been configured.
/data/wiay/postgrads/shashwat/qunat_com_future/lib/python3.11/site-packages/nessai/gw/__init__.py:12: FutureWarning: The `nessai.gw` module will be deprecated in the next release in favour of the nessai-gw package. This packages provides the same functionality as`nessai.gw` via the plugin interface.For more details, see: https://github.com/mj-will/nessai-gw
  warnings.warn(
08-04 10:30 nessai INFO    : Passing kwargs to FlowProposal: {'poolsize': 1000}
08-04 10:30 nessai INFO    : No reparameterisations provided, using default reparameterisations included in FlowProposal
08-04 10:30 nessai INFO    : Adding reparameterisations from: {}
08-04 10:30 nessai INFO    : Assuming fallback reparameterisation (ScaleAndShift) for ['kappa', 'mu_xi', 'sigma_chi', 'sigma_xi', 'rho', 'lambda_chi', 'chi0', 'xi0'] with kwargs: {'estimate_scale': True, 'estimate_shift': True, 'prior_bounds': {'kappa': array([0.1, 5. ]), 'mu_xi': array([0. , 0.1]), 'sigma_chi': array([0.05, 0.6 ]), 'sigma_xi': array([0.05, 0.4 ]), 'rho': array([-0.9,  0.9]), 'lambda_chi': array([-0.5,  0.5]), 'chi0': array([-0.5,  0.5]), 'xi0': array([2.5, 5. ])}}.
08-04 10:30 nessai INFO    : x space parameters: ['kappa', 'mu_xi', 'sigma_chi', 'sigma_xi', 'rho', 'lambda_chi', 'chi0', 'xi0']
08-04 10:30 nessai INFO    : x prime space parameters: ['kappa_prime', 'mu_xi_prime', 'sigma_chi_prime', 'sigma_xi_prime', 'rho_prime', 'lambda_chi_prime', 'chi0_prime', 'xi0_prime']
08-04 10:30 nessai INFO    : Overwriting fuzz factor with expansion fraction
08-04 10:30 nessai INFO    : New fuzz factor: 1.2228445449938519
08-04 10:30 nessai INFO    : Verifying rescaling functions
08-04 10:30 nessai INFO    : Rescaling functions are invertible
08-04 10:30 nessai INFO    : Populating initial live points
08-04 10:30 nessai INFO    : Populated 100 / 1000 live points
08-04 10:30 nessai INFO    : Populated 200 / 1000 live points
08-04 10:30 nessai INFO    : Populated 300 / 1000 live points
08-04 10:30 nessai INFO    : Populated 400 / 1000 live points
08-04 10:30 nessai INFO    : Populated 500 / 1000 live points
08-04 10:30 nessai INFO    : Populated 600 / 1000 live points
08-04 10:30 nessai INFO    : Populated 700 / 1000 live points
08-04 10:30 nessai INFO    : Populated 800 / 1000 live points
08-04 10:30 nessai INFO    : Populated 900 / 1000 live points
08-04 10:30 nessai INFO    : Populated 1000 / 1000 live points
08-04 10:30 nessai INFO    : Starting nested sampling loop
08-04 10:30 nessai INFO    : it:  1000: Rolling KS test: D=0.005, p-value=0.9481
08-04 10:30 nessai INFO    : it:  1000: n eval: 3000 H: 7.91 dlogZ: 4189271.233 logZ: -4194294.385 +/- 0.089 logLmax: -5022.15
08-04 10:30 nessai INFO    : it:  2000: Rolling KS test: D=0.008, p-value=0.8752
08-04 10:30 nessai INFO    : it:  2000: n eval: 8000 H: 8.91 dlogZ: 910330.105 logZ: -915354.256 +/- 0.094 logLmax: -5022.15
08-04 10:30 nessai INFO    : Switching to FlowProposal
08-04 10:30 nessai INFO    : it:  3000: Rolling KS test: D=0.019, p-value=0.4797
08-04 10:30 nessai INFO    : it:  3000: n eval: 12075 H: 9.91 dlogZ: 296105.043 logZ: -299838.778 +/- 0.100 logLmax: -3730.74
08-04 10:30 nessai INFO    : it:  4000: Rolling KS test: D=0.011, p-value=0.7794
08-04 10:30 nessai INFO    : it:  4000: n eval: 15635 H: 10.91 dlogZ: 119997.674 logZ: -121468.001 +/- 0.104 logLmax: -1466.33
08-04 10:30 nessai INFO    : it:  5000: Rolling KS test: D=0.043, p-value=0.02406
08-04 10:30 nessai INFO    : it:  5000: n eval: 19640 H: 11.89 dlogZ: 51649.461 logZ: -51928.039 +/- 0.109 logLmax: -273.58
08-04 10:30 nessai INFO    : it:  6000: Rolling KS test: D=0.025, p-value=0.2818
08-04 10:30 nessai INFO    : it:  6000: n eval: 24526 H: 12.91 dlogZ: 25226.526 logZ: -25506.104 +/- 0.114 logLmax: -273.58
08-04 10:30 nessai INFO    : it:  7000: Rolling KS test: D=0.041, p-value=0.03371
08-04 10:30 nessai INFO    : it:  7000: n eval: 29142 H: 13.91 dlogZ: 12486.348 logZ: -12766.926 +/- 0.118 logLmax: -273.58
08-04 10:30 nessai INFO    : it:  8000: Rolling KS test: D=0.035, p-value=0.08429
08-04 10:30 nessai INFO    : it:  8000: n eval: 31164 H: 14.47 dlogZ: 6430.502 logZ: -6515.950 +/- 0.120 logLmax: -77.45
08-04 10:30 nessai INFO    : it:  9000: Rolling KS test: D=0.029, p-value=0.1825
08-04 10:30 nessai INFO    : it:  9000: n eval: 35399 H: 15.40 dlogZ: 3394.971 logZ: -3421.997 +/- 0.124 logLmax: -18.03
08-04 10:31 nessai INFO    : it: 10000: Rolling KS test: D=0.006, p-value=0.9268
08-04 10:31 nessai INFO    : it: 10000: n eval: 40146 H: 15.73 dlogZ: 1744.658 logZ: -1772.683 +/- 0.125 logLmax: -18.03
08-04 10:31 nessai INFO    : it: 11000: Rolling KS test: D=0.017, p-value=0.5547
08-04 10:31 nessai INFO    : it: 11000: n eval: 45010 H: 16.58 dlogZ: 954.162 logZ: -983.188 +/- 0.129 logLmax: -18.03
08-04 10:31 nessai INFO    : it: 12000: Rolling KS test: D=0.039, p-value=0.0465
08-04 10:31 nessai INFO    : it: 12000: n eval: 49582 H: 16.46 dlogZ: 498.155 logZ: -519.532 +/- 0.128 logLmax: -9.38
08-04 10:31 nessai INFO    : it: 13000: Rolling KS test: D=0.012, p-value=0.7438
08-04 10:31 nessai INFO    : it: 13000: n eval: 58451 H: 16.80 dlogZ: 281.139 logZ: -303.516 +/- 0.130 logLmax: -9.38
08-04 10:31 nessai INFO    : it: 14000: Rolling KS test: D=0.023, p-value=0.3419
08-04 10:31 nessai INFO    : it: 14000: n eval: 64186 H: 17.35 dlogZ: 168.033 logZ: -191.410 +/- 0.132 logLmax: -9.38
08-04 10:31 nessai INFO    : it: 15000: Rolling KS test: D=0.034, p-value=0.09683
08-04 10:31 nessai INFO    : it: 15000: n eval: 70914 H: 17.95 dlogZ: 105.810 logZ: -128.376 +/- 0.134 logLmax: -7.57
08-04 10:31 nessai INFO    : it: 16000: Rolling KS test: D=0.019, p-value=0.4797
08-04 10:31 nessai INFO    : it: 16000: n eval: 81374 H: 18.66 dlogZ: 66.063 logZ: -85.875 +/- 0.137 logLmax: -3.81
08-04 10:31 nessai INFO    : it: 17000: Rolling KS test: D=0.043, p-value=0.02406
08-04 10:31 nessai INFO    : it: 17000: n eval: 89856 H: 18.93 dlogZ: 40.439 logZ: -61.251 +/- 0.138 logLmax: -3.81
08-04 10:31 nessai INFO    : it: 18000: Rolling KS test: D=0.017, p-value=0.5547
08-04 10:31 nessai INFO    : it: 18000: n eval: 109677 H: 19.42 dlogZ: 25.058 logZ: -46.572 +/- 0.139 logLmax: -3.51
08-04 10:31 nessai INFO    : it: 19000: Rolling KS test: D=0.01, p-value=0.8133
08-04 10:31 nessai INFO    : it: 19000: n eval: 120161 H: 19.86 dlogZ: 15.537 logZ: -38.050 +/- 0.141 logLmax: -3.51
08-04 10:31 nessai INFO    : it: 20000: Rolling KS test: D=0.015, p-value=0.6313
08-04 10:31 nessai INFO    : it: 20000: n eval: 143274 H: 20.26 dlogZ: 9.757 logZ: -32.904 +/- 0.142 logLmax: -3.15
08-04 10:31 nessai INFO    : it: 21000: Rolling KS test: D=0.025, p-value=0.2818
08-04 10:31 nessai INFO    : it: 21000: n eval: 166582 H: 20.62 dlogZ: 6.066 logZ: -30.023 +/- 0.144 logLmax: -2.96
08-04 10:31 nessai INFO    : it: 22000: Rolling KS test: D=0.013, p-value=0.7071
08-04 10:31 nessai INFO    : it: 22000: n eval: 204465 H: 20.95 dlogZ: 3.977 logZ: -28.343 +/- 0.145 logLmax: -2.39
08-04 10:31 nessai INFO    : it: 23000: Rolling KS test: D=0.007, p-value=0.9024
08-04 10:31 nessai INFO    : it: 23000: n eval: 244465 H: 21.19 dlogZ: 2.192 logZ: -27.459 +/- 0.146 logLmax: -2.39
08-04 10:31 nessai INFO    : it: 24000: Rolling KS test: D=0.016, p-value=0.593
08-04 10:31 nessai INFO    : it: 24000: n eval: 304465 H: 21.37 dlogZ: 1.062 logZ: -27.007 +/- 0.146 logLmax: -2.37
08-04 10:31 nessai INFO    : it: 25000: Rolling KS test: D=0.028, p-value=0.2046
08-04 10:32 nessai INFO    : it: 25000: n eval: 394465 H: 21.49 dlogZ: 0.485 logZ: -26.781 +/- 0.147 logLmax: -2.25
08-04 10:32 nessai INFO    : it: 26000: Rolling KS test: D=0.036, p-value=0.07308
08-04 10:32 nessai INFO    : it: 26000: n eval: 494465 H: 21.57 dlogZ: 0.189 logZ: -26.674 +/- 0.147 logLmax: -2.25
08-04 10:32 nessai INFO    : Stopping with difference_log_evidence=0.100
08-04 10:32 nessai INFO    : Finalising
08-04 10:32 nessai INFO    : Final ln-evidence: -26.587 +/- 0.147
08-04 10:32 nessai INFO    : Information: 21.65
08-04 10:32 nessai INFO    : Final KS test: D=0.007888, p-value=0.03605
08-04 10:32 nessai WARNING : Final p-value for the insertion indices is less than 0.05, this could be an indication of problems during sampling. Consider checking the diagnostic plots.
08-04 10:32 nessai INFO    : Checkpointing nested sampling
08-04 10:32 nessai INFO    : Total sampling time: 0:01:41.367145
08-04 10:32 nessai INFO    : Total training time: 0:00:30.641645
08-04 10:32 nessai INFO    : Total population time: 0:00:36.222749
08-04 10:32 nessai INFO    : Total likelihood evaluations: 584465
08-04 10:32 nessai INFO    : Time spent evaluating likelihood: 0:00:09.274861
08-04 10:32 nessai INFO    : Total sampling time: 0:01:41.367145
08-04 10:32 nessai INFO    : Total likelihood evaluations: 584465
08-04 10:32 nessai INFO    : Starting post processing
08-04 10:32 nessai INFO    : Computing posterior samples
08-04 10:32 nessai INFO    : Effective sample size: 5497.6
08-04 10:32 nessai INFO    : Producing posterior samples using rejection sampling
08-04 10:32 nessai INFO    : Expect 3829.85430604457 samples from rejection sampling
08-04 10:32 nessai INFO    : Returned 3830 posterior samples
08-04 10:32 nessai INFO    : Starting to close worker pool.
08-04 10:32 nessai INFO    : Finished closing worker pool.
