/data/wiay/postgrads/shashwat/qunat_com_future/lib/python3.11/site-packages/nessai/utils/logging.py:133: FutureWarning: setup_logger is deprecated, use configure_logger instead
  warnings.warn(
08-04 16:09 nessai INFO    : Running Nessai version 0.15.2
08-04 16:09 nessai INFO    : Starting multiprocessing pool with 4 processes
08-04 16:09 nessai INFO    : Initialising nested sampler
08-04 16:09 nessai WARNING : Multiprocessing pool has already been configured.
/data/wiay/postgrads/shashwat/qunat_com_future/lib/python3.11/site-packages/nessai/gw/__init__.py:12: FutureWarning: The `nessai.gw` module will be deprecated in the next release in favour of the nessai-gw package. This packages provides the same functionality as`nessai.gw` via the plugin interface.For more details, see: https://github.com/mj-will/nessai-gw
  warnings.warn(
08-04 16:09 nessai INFO    : Passing kwargs to FlowProposal: {'poolsize': 1000}
08-04 16:09 nessai INFO    : No reparameterisations provided, using default reparameterisations included in FlowProposal
08-04 16:09 nessai INFO    : Adding reparameterisations from: {}
08-04 16:09 nessai INFO    : Assuming fallback reparameterisation (ScaleAndShift) for ['kappa', 'mu_xi', 'sigma_chi', 'sigma_xi', 'rho', 'lambda_chi', 'chi0', 'xi0'] with kwargs: {'estimate_scale': True, 'estimate_shift': True, 'prior_bounds': {'kappa': array([0.1, 5. ]), 'mu_xi': array([0. , 0.1]), 'sigma_chi': array([0.05, 0.6 ]), 'sigma_xi': array([0.05, 0.4 ]), 'rho': array([-0.9,  0.9]), 'lambda_chi': array([-0.5,  0.5]), 'chi0': array([-0.5,  0.5]), 'xi0': array([2.5, 5. ])}}.
08-04 16:09 nessai INFO    : x space parameters: ['kappa', 'mu_xi', 'sigma_chi', 'sigma_xi', 'rho', 'lambda_chi', 'chi0', 'xi0']
08-04 16:09 nessai INFO    : x prime space parameters: ['kappa_prime', 'mu_xi_prime', 'sigma_chi_prime', 'sigma_xi_prime', 'rho_prime', 'lambda_chi_prime', 'chi0_prime', 'xi0_prime']
08-04 16:09 nessai INFO    : Overwriting fuzz factor with expansion fraction
08-04 16:09 nessai INFO    : New fuzz factor: 1.2228445449938519
08-04 16:09 nessai INFO    : Verifying rescaling functions
08-04 16:09 nessai INFO    : Rescaling functions are invertible
08-04 16:09 nessai INFO    : Populating initial live points
08-04 16:09 nessai INFO    : Populated 100 / 1000 live points
08-04 16:09 nessai INFO    : Populated 200 / 1000 live points
08-04 16:09 nessai INFO    : Populated 300 / 1000 live points
08-04 16:09 nessai INFO    : Populated 400 / 1000 live points
08-04 16:09 nessai INFO    : Populated 500 / 1000 live points
08-04 16:09 nessai INFO    : Populated 600 / 1000 live points
08-04 16:09 nessai INFO    : Populated 700 / 1000 live points
08-04 16:09 nessai INFO    : Populated 800 / 1000 live points
08-04 16:09 nessai INFO    : Populated 900 / 1000 live points
08-04 16:09 nessai INFO    : Populated 1000 / 1000 live points
08-04 16:09 nessai INFO    : Starting nested sampling loop
08-04 16:09 nessai INFO    : it:  1000: Rolling KS test: D=0.014, p-value=0.6695
08-04 16:09 nessai INFO    : it:  1000: n eval: 3000 H: 7.91 dlogZ: 13566938.544 logZ: -13569839.511 +/- 0.089 logLmax: -2899.97
08-04 16:09 nessai INFO    : it:  2000: Rolling KS test: D=0.01, p-value=0.8133
08-04 16:09 nessai INFO    : it:  2000: n eval: 8000 H: 8.91 dlogZ: 1616084.425 logZ: -1616615.537 +/- 0.094 logLmax: -529.11
08-04 16:09 nessai INFO    : Switching to FlowProposal
08-04 16:09 nessai INFO    : it:  3000: Rolling KS test: D=0.021, p-value=0.4082
08-04 16:09 nessai INFO    : it:  3000: n eval: 11870 H: 9.91 dlogZ: 345902.664 logZ: -346434.775 +/- 0.100 logLmax: -529.11
08-04 16:09 nessai INFO    : it:  4000: Rolling KS test: D=0.028, p-value=0.2046
08-04 16:09 nessai INFO    : it:  4000: n eval: 13278 H: 10.91 dlogZ: 99718.413 logZ: -100245.946 +/- 0.104 logLmax: -523.53
08-04 16:09 nessai INFO    : it:  5000: Rolling KS test: D=0.012, p-value=0.7438
08-04 16:09 nessai INFO    : it:  5000: n eval: 14724 H: 11.91 dlogZ: 38950.909 logZ: -39164.659 +/- 0.109 logLmax: -208.75
08-04 16:09 nessai INFO    : it:  6000: Rolling KS test: D=0.061, p-value=0.0005602
08-04 16:09 nessai INFO    : it:  6000: n eval: 18109 H: 12.90 dlogZ: 16910.049 logZ: -17028.749 +/- 0.114 logLmax: -112.70
08-04 16:09 nessai INFO    : it:  7000: Rolling KS test: D=0.011, p-value=0.7794
08-04 16:09 nessai INFO    : it:  7000: n eval: 22106 H: 13.90 dlogZ: 7960.178 logZ: -8035.646 +/- 0.118 logLmax: -68.47
08-04 16:09 nessai INFO    : it:  8000: Rolling KS test: D=0.02, p-value=0.4434
08-04 16:09 nessai INFO    : it:  8000: n eval: 26418 H: 14.70 dlogZ: 3831.542 logZ: -3908.009 +/- 0.121 logLmax: -68.47
08-04 16:09 nessai INFO    : it:  9000: Rolling KS test: D=0.033, p-value=0.1108
08-04 16:09 nessai INFO    : it:  9000: n eval: 30805 H: 14.92 dlogZ: 1970.636 logZ: -2006.618 +/- 0.122 logLmax: -26.98
08-04 16:09 nessai INFO    : it: 10000: Rolling KS test: D=0.024, p-value=0.311
08-04 16:09 nessai INFO    : it: 10000: n eval: 35294 H: 15.71 dlogZ: 993.412 logZ: -1007.644 +/- 0.125 logLmax: -4.23
08-04 16:10 nessai INFO    : it: 11000: Rolling KS test: D=0.037, p-value=0.06311
08-04 16:10 nessai INFO    : it: 11000: n eval: 40443 H: 16.23 dlogZ: 504.625 logZ: -519.174 +/- 0.127 logLmax: -3.55
08-04 16:10 nessai INFO    : it: 12000: Rolling KS test: D=0.027, p-value=0.2286
08-04 16:10 nessai INFO    : it: 12000: n eval: 45856 H: 15.82 dlogZ: 262.547 logZ: -278.096 +/- 0.126 logLmax: -3.55
08-04 16:10 nessai INFO    : it: 13000: Rolling KS test: D=0.041, p-value=0.03371
08-04 16:10 nessai INFO    : it: 13000: n eval: 50667 H: 16.39 dlogZ: 139.509 logZ: -156.056 +/- 0.128 logLmax: -3.55
08-04 16:10 nessai INFO    : it: 14000: Rolling KS test: D=0.03, p-value=0.162
08-04 16:10 nessai INFO    : it: 14000: n eval: 58776 H: 16.60 dlogZ: 72.786 logZ: -89.465 +/- 0.129 logLmax: -2.68
08-04 16:10 nessai INFO    : it: 15000: Rolling KS test: D=0.015, p-value=0.6313
08-04 16:10 nessai INFO    : it: 15000: n eval: 64741 H: 17.12 dlogZ: 40.534 logZ: -57.399 +/- 0.131 logLmax: -1.87
08-04 16:10 nessai INFO    : it: 16000: Rolling KS test: D=0.044, p-value=0.0202
08-04 16:10 nessai INFO    : it: 16000: n eval: 76128 H: 17.45 dlogZ: 22.205 logZ: -40.071 +/- 0.132 logLmax: -1.87
08-04 16:10 nessai INFO    : it: 17000: Rolling KS test: D=0.019, p-value=0.4797
08-04 16:10 nessai INFO    : it: 17000: n eval: 82590 H: 17.77 dlogZ: 13.480 logZ: -31.460 +/- 0.133 logLmax: -0.98
08-04 16:10 nessai INFO    : it: 18000: Rolling KS test: D=0.026, p-value=0.2543
08-04 16:10 nessai INFO    : it: 18000: n eval: 90508 H: 18.07 dlogZ: 8.094 logZ: -27.023 +/- 0.134 logLmax: -0.93
08-04 16:10 nessai INFO    : it: 19000: Rolling KS test: D=0.017, p-value=0.5547
08-04 16:10 nessai INFO    : it: 19000: n eval: 102362 H: 18.40 dlogZ: 4.646 logZ: -24.564 +/- 0.136 logLmax: -0.93
08-04 16:10 nessai INFO    : it: 20000: Rolling KS test: D=0.006, p-value=0.9268
08-04 16:10 nessai INFO    : it: 20000: n eval: 116983 H: 18.61 dlogZ: 2.707 logZ: -23.330 +/- 0.136 logLmax: -0.69
08-04 16:10 nessai INFO    : it: 21000: Rolling KS test: D=0.028, p-value=0.2046
08-04 16:10 nessai INFO    : it: 21000: n eval: 131535 H: 18.81 dlogZ: 1.408 logZ: -22.690 +/- 0.137 logLmax: -0.56
08-04 16:10 nessai INFO    : it: 22000: Rolling KS test: D=0.035, p-value=0.08429
08-04 16:10 nessai INFO    : it: 22000: n eval: 153426 H: 18.97 dlogZ: 0.595 logZ: -22.356 +/- 0.138 logLmax: -0.56
08-04 16:10 nessai INFO    : it: 23000: Rolling KS test: D=0.024, p-value=0.311
08-04 16:10 nessai INFO    : it: 23000: n eval: 171519 H: 19.08 dlogZ: 0.248 logZ: -22.192 +/- 0.138 logLmax: -0.46
08-04 16:10 nessai INFO    : Stopping with difference_log_evidence=0.100
08-04 16:10 nessai INFO    : Finalising
08-04 16:10 nessai INFO    : Final ln-evidence: -22.058 +/- 0.139
08-04 16:10 nessai INFO    : Information: 19.19
08-04 16:10 nessai INFO    : Final KS test: D=0.0131, p-value=0.000272
08-04 16:10 nessai WARNING : Final p-value for the insertion indices is less than 0.05, this could be an indication of problems during sampling. Consider checking the diagnostic plots.
08-04 16:10 nessai INFO    : Checkpointing nested sampling
08-04 16:10 nessai INFO    : Total sampling time: 0:01:02.096963
08-04 16:10 nessai INFO    : Total training time: 0:00:22.181919
08-04 16:10 nessai INFO    : Total population time: 0:00:12.504815
08-04 16:10 nessai INFO    : Total likelihood evaluations: 191382
08-04 16:10 nessai INFO    : Time spent evaluating likelihood: 0:00:03.462884
08-04 16:10 nessai INFO    : Total sampling time: 0:01:02.096963
08-04 16:10 nessai INFO    : Total likelihood evaluations: 191382
08-04 16:10 nessai INFO    : Starting post processing
08-04 16:10 nessai INFO    : Computing posterior samples
08-04 16:10 nessai INFO    : Effective sample size: 5510.0
08-04 16:10 nessai INFO    : Producing posterior samples using rejection sampling
08-04 16:10 nessai INFO    : Expect 3868.5262365334734 samples from rejection sampling
08-04 16:10 nessai INFO    : Returned 3859 posterior samples
08-04 16:10 nessai INFO    : Starting to close worker pool.
08-04 16:10 nessai INFO    : Finished closing worker pool.
