/data/wiay/postgrads/shashwat/qunat_com_future/lib/python3.11/site-packages/nessai/utils/logging.py:133: FutureWarning: setup_logger is deprecated, use configure_logger instead
  warnings.warn(
08-04 13:29 nessai INFO    : Running Nessai version 0.15.2
08-04 13:29 nessai INFO    : Starting multiprocessing pool with 4 processes
08-04 13:29 nessai INFO    : Initialising nested sampler
08-04 13:29 nessai WARNING : Multiprocessing pool has already been configured.
/data/wiay/postgrads/shashwat/qunat_com_future/lib/python3.11/site-packages/nessai/gw/__init__.py:12: FutureWarning: The `nessai.gw` module will be deprecated in the next release in favour of the nessai-gw package. This packages provides the same functionality as`nessai.gw` via the plugin interface.For more details, see: https://github.com/mj-will/nessai-gw
  warnings.warn(
08-04 13:29 nessai INFO    : Passing kwargs to FlowProposal: {'poolsize': 1000}
08-04 13:29 nessai INFO    : No reparameterisations provided, using default reparameterisations included in FlowProposal
08-04 13:29 nessai INFO    : Adding reparameterisations from: {}
08-04 13:29 nessai INFO    : Assuming fallback reparameterisation (ScaleAndShift) for ['kappa', 'mu_xi', 'sigma_chi', 'sigma_xi', 'rho', 'lambda_chi', 'chi0', 'xi0'] with kwargs: {'estimate_scale': True, 'estimate_shift': True, 'prior_bounds': {'kappa': array([0.1, 5. ]), 'mu_xi': array([0. , 0.1]), 'sigma_chi': array([0.05, 0.6 ]), 'sigma_xi': array([0.05, 0.4 ]), 'rho': array([-0.9,  0.9]), 'lambda_chi': array([-0.5,  0.5]), 'chi0': array([-0.5,  0.5]), 'xi0': array([2.5, 5. ])}}.
08-04 13:29 nessai INFO    : x space parameters: ['kappa', 'mu_xi', 'sigma_chi', 'sigma_xi', 'rho', 'lambda_chi', 'chi0', 'xi0']
08-04 13:29 nessai INFO    : x prime space parameters: ['kappa_prime', 'mu_xi_prime', 'sigma_chi_prime', 'sigma_xi_prime', 'rho_prime', 'lambda_chi_prime', 'chi0_prime', 'xi0_prime']
08-04 13:29 nessai INFO    : Overwriting fuzz factor with expansion fraction
08-04 13:29 nessai INFO    : New fuzz factor: 1.2228445449938519
08-04 13:29 nessai INFO    : Verifying rescaling functions
08-04 13:29 nessai INFO    : Rescaling functions are invertible
08-04 13:29 nessai INFO    : Populating initial live points
08-04 13:29 nessai INFO    : Populated 100 / 1000 live points
08-04 13:29 nessai INFO    : Populated 200 / 1000 live points
08-04 13:29 nessai INFO    : Populated 300 / 1000 live points
08-04 13:29 nessai INFO    : Populated 400 / 1000 live points
08-04 13:29 nessai INFO    : Populated 500 / 1000 live points
08-04 13:29 nessai INFO    : Populated 600 / 1000 live points
08-04 13:29 nessai INFO    : Populated 700 / 1000 live points
08-04 13:29 nessai INFO    : Populated 800 / 1000 live points
08-04 13:29 nessai INFO    : Populated 900 / 1000 live points
08-04 13:29 nessai INFO    : Populated 1000 / 1000 live points
08-04 13:29 nessai INFO    : Starting nested sampling loop
08-04 13:29 nessai INFO    : it:  1000: Rolling KS test: D=0.008, p-value=0.8752
08-04 13:29 nessai INFO    : it:  1000: n eval: 3000 H: 7.91 dlogZ: 4938262.057 logZ: -4944921.805 +/- 0.089 logLmax: -6658.75
08-04 13:29 nessai INFO    : it:  2000: Rolling KS test: D=0.013, p-value=0.7071
08-04 13:29 nessai INFO    : it:  2000: n eval: 8000 H: 8.91 dlogZ: 1288087.245 logZ: -1294747.993 +/- 0.094 logLmax: -6658.75
08-04 13:29 nessai INFO    : Switching to FlowProposal
08-04 13:29 nessai INFO    : it:  3000: Rolling KS test: D=0.031, p-value=0.1433
08-04 13:29 nessai INFO    : it:  3000: n eval: 11922 H: 9.91 dlogZ: 450159.850 logZ: -450179.083 +/- 0.100 logLmax: -16.23
08-04 13:29 nessai INFO    : it:  4000: Rolling KS test: D=0.035, p-value=0.08429
08-04 13:29 nessai INFO    : it:  4000: n eval: 13624 H: 10.85 dlogZ: 187203.397 logZ: -187223.630 +/- 0.104 logLmax: -16.23
08-04 13:29 nessai INFO    : it:  5000: Rolling KS test: D=0.013, p-value=0.7071
08-04 13:29 nessai INFO    : it:  5000: n eval: 17406 H: 11.91 dlogZ: 79253.947 logZ: -79275.179 +/- 0.109 logLmax: -16.23
08-04 13:29 nessai INFO    : it:  6000: Rolling KS test: D=0.032, p-value=0.1263
08-04 13:29 nessai INFO    : it:  6000: n eval: 21875 H: 12.91 dlogZ: 38761.207 logZ: -38783.440 +/- 0.114 logLmax: -16.23
08-04 13:29 nessai INFO    : it:  7000: Rolling KS test: D=0.019, p-value=0.4797
08-04 13:29 nessai INFO    : it:  7000: n eval: 25991 H: 13.89 dlogZ: 18455.189 logZ: -18478.422 +/- 0.118 logLmax: -16.23
08-04 13:29 nessai INFO    : it:  8000: Rolling KS test: D=0.017, p-value=0.5547
08-04 13:29 nessai INFO    : it:  8000: n eval: 30492 H: 14.81 dlogZ: 9020.588 logZ: -9044.820 +/- 0.122 logLmax: -16.23
08-04 13:29 nessai INFO    : it:  9000: Rolling KS test: D=0.029, p-value=0.1825
08-04 13:29 nessai INFO    : it:  9000: n eval: 34975 H: 15.32 dlogZ: 4590.152 logZ: -4615.385 +/- 0.124 logLmax: -16.23
08-04 13:29 nessai INFO    : it: 10000: Rolling KS test: D=0.036, p-value=0.07308
08-04 13:29 nessai INFO    : it: 10000: n eval: 40619 H: 15.90 dlogZ: 2267.841 logZ: -2294.074 +/- 0.126 logLmax: -16.23
08-04 13:29 nessai INFO    : it: 11000: Rolling KS test: D=0.024, p-value=0.311
08-04 13:29 nessai INFO    : it: 11000: n eval: 46237 H: 16.58 dlogZ: 1156.784 logZ: -1184.017 +/- 0.129 logLmax: -16.23
08-04 13:29 nessai INFO    : it: 12000: Rolling KS test: D=0.011, p-value=0.7794
08-04 13:29 nessai INFO    : it: 12000: n eval: 51836 H: 16.97 dlogZ: 599.202 logZ: -627.435 +/- 0.130 logLmax: -16.23
08-04 13:30 nessai INFO    : it: 13000: Rolling KS test: D=0.022, p-value=0.3744
08-04 13:30 nessai INFO    : it: 13000: n eval: 60402 H: 17.12 dlogZ: 294.443 logZ: -321.644 +/- 0.131 logLmax: -14.20
08-04 13:30 nessai INFO    : it: 14000: Rolling KS test: D=0.017, p-value=0.5547
08-04 13:30 nessai INFO    : it: 14000: n eval: 66312 H: 17.45 dlogZ: 151.825 logZ: -172.759 +/- 0.132 logLmax: -6.94
08-04 13:30 nessai INFO    : it: 15000: Rolling KS test: D=0.031, p-value=0.1433
08-04 13:30 nessai INFO    : it: 15000: n eval: 76915 H: 18.10 dlogZ: 80.313 logZ: -102.016 +/- 0.135 logLmax: -6.70
08-04 13:30 nessai INFO    : it: 16000: Rolling KS test: D=0.049, p-value=0.007937
08-04 13:30 nessai INFO    : it: 16000: n eval: 89617 H: 18.19 dlogZ: 46.574 logZ: -66.389 +/- 0.135 logLmax: -3.82
08-04 13:30 nessai INFO    : it: 17000: Rolling KS test: D=0.018, p-value=0.5169
08-04 13:30 nessai INFO    : it: 17000: n eval: 98164 H: 18.55 dlogZ: 27.704 logZ: -47.392 +/- 0.136 logLmax: -2.69
08-04 13:30 nessai INFO    : it: 18000: Rolling KS test: D=0.04, p-value=0.03967
08-04 13:30 nessai INFO    : it: 18000: n eval: 124399 H: 18.88 dlogZ: 16.694 logZ: -37.383 +/- 0.137 logLmax: -2.69
08-04 13:30 nessai INFO    : it: 19000: Rolling KS test: D=0.031, p-value=0.1433
08-04 13:30 nessai INFO    : it: 19000: n eval: 145739 H: 19.20 dlogZ: 10.687 logZ: -32.376 +/- 0.139 logLmax: -2.69
08-04 13:30 nessai INFO    : it: 20000: Rolling KS test: D=0.025, p-value=0.2818
08-04 13:30 nessai INFO    : it: 20000: n eval: 175293 H: 19.58 dlogZ: 7.133 logZ: -29.580 +/- 0.140 logLmax: -2.45
08-04 13:30 nessai INFO    : it: 21000: Rolling KS test: D=0.018, p-value=0.5169
08-04 13:30 nessai INFO    : it: 21000: n eval: 209635 H: 19.99 dlogZ: 4.958 logZ: -27.867 +/- 0.141 logLmax: -1.92
08-04 13:30 nessai INFO    : it: 22000: Rolling KS test: D=0.063, p-value=0.0003404
08-04 13:30 nessai INFO    : it: 22000: n eval: 247557 H: 20.29 dlogZ: 3.024 logZ: -26.890 +/- 0.142 logLmax: -1.92
08-04 13:31 nessai INFO    : it: 23000: Rolling KS test: D=0.032, p-value=0.1263
08-04 13:31 nessai INFO    : it: 23000: n eval: 286679 H: 20.55 dlogZ: 1.789 logZ: -26.337 +/- 0.143 logLmax: -1.73
08-04 13:31 nessai INFO    : it: 24000: Rolling KS test: D=0.032, p-value=0.1263
08-04 13:31 nessai INFO    : it: 24000: n eval: 336679 H: 20.75 dlogZ: 0.850 logZ: -26.023 +/- 0.144 logLmax: -1.73
08-04 13:31 nessai INFO    : it: 25000: Rolling KS test: D=0.027, p-value=0.2286
08-04 13:31 nessai INFO    : it: 25000: n eval: 376679 H: 20.90 dlogZ: 0.348 logZ: -25.855 +/- 0.145 logLmax: -1.73
08-04 13:31 nessai INFO    : it: 26000: Rolling KS test: D=0.019, p-value=0.4797
08-04 13:31 nessai INFO    : it: 26000: n eval: 425727 H: 20.99 dlogZ: 0.136 logZ: -25.770 +/- 0.145 logLmax: -1.69
08-04 13:31 nessai INFO    : Stopping with difference_log_evidence=0.100
08-04 13:31 nessai INFO    : Finalising
08-04 13:31 nessai INFO    : Final ln-evidence: -25.698 +/- 0.145
08-04 13:31 nessai INFO    : Information: 21.09
08-04 13:31 nessai INFO    : Final KS test: D=0.01225, p-value=0.0003657
08-04 13:31 nessai WARNING : Final p-value for the insertion indices is less than 0.05, this could be an indication of problems during sampling. Consider checking the diagnostic plots.
08-04 13:31 nessai INFO    : Checkpointing nested sampling
08-04 13:31 nessai INFO    : Total sampling time: 0:02:16.019352
08-04 13:31 nessai INFO    : Total training time: 0:00:43.548181
08-04 13:31 nessai INFO    : Total population time: 0:00:41.383180
08-04 13:31 nessai INFO    : Total likelihood evaluations: 444571
08-04 13:31 nessai INFO    : Time spent evaluating likelihood: 0:00:18.232916
08-04 13:31 nessai INFO    : Total sampling time: 0:02:16.019352
08-04 13:31 nessai INFO    : Total likelihood evaluations: 444571
08-04 13:31 nessai INFO    : Starting post processing
08-04 13:31 nessai INFO    : Computing posterior samples
08-04 13:31 nessai INFO    : Effective sample size: 6162.0
08-04 13:31 nessai INFO    : Producing posterior samples using rejection sampling
08-04 13:31 nessai INFO    : Expect 4352.453622327274 samples from rejection sampling
08-04 13:31 nessai INFO    : Returned 4322 posterior samples
08-04 13:31 nessai INFO    : Starting to close worker pool.
08-04 13:31 nessai INFO    : Finished closing worker pool.
