/data/wiay/postgrads/shashwat/qunat_com_future/lib/python3.11/site-packages/nessai/utils/logging.py:133: FutureWarning: setup_logger is deprecated, use configure_logger instead
  warnings.warn(
08-04 13:28 nessai INFO    : Running Nessai version 0.15.2
08-04 13:28 nessai INFO    : Starting multiprocessing pool with 4 processes
08-04 13:28 nessai INFO    : Initialising nested sampler
08-04 13:28 nessai WARNING : Multiprocessing pool has already been configured.
/data/wiay/postgrads/shashwat/qunat_com_future/lib/python3.11/site-packages/nessai/gw/__init__.py:12: FutureWarning: The `nessai.gw` module will be deprecated in the next release in favour of the nessai-gw package. This packages provides the same functionality as`nessai.gw` via the plugin interface.For more details, see: https://github.com/mj-will/nessai-gw
  warnings.warn(
08-04 13:28 nessai INFO    : Passing kwargs to FlowProposal: {'poolsize': 1000}
08-04 13:28 nessai INFO    : No reparameterisations provided, using default reparameterisations included in FlowProposal
08-04 13:28 nessai INFO    : Adding reparameterisations from: {}
08-04 13:28 nessai INFO    : Assuming fallback reparameterisation (ScaleAndShift) for ['kappa', 'mu_xi', 'sigma_chi', 'sigma_xi', 'rho', 'lambda_chi', 'chi0', 'xi0'] with kwargs: {'estimate_scale': True, 'estimate_shift': True, 'prior_bounds': {'kappa': array([0.1, 5. ]), 'mu_xi': array([0. , 0.1]), 'sigma_chi': array([0.05, 0.6 ]), 'sigma_xi': array([0.05, 0.4 ]), 'rho': array([-0.9,  0.9]), 'lambda_chi': array([-0.5,  0.5]), 'chi0': array([-0.5,  0.5]), 'xi0': array([2.5, 5. ])}}.
08-04 13:28 nessai INFO    : x space parameters: ['kappa', 'mu_xi', 'sigma_chi', 'sigma_xi', 'rho', 'lambda_chi', 'chi0', 'xi0']
08-04 13:28 nessai INFO    : x prime space parameters: ['kappa_prime', 'mu_xi_prime', 'sigma_chi_prime', 'sigma_xi_prime', 'rho_prime', 'lambda_chi_prime', 'chi0_prime', 'xi0_prime']
08-04 13:28 nessai INFO    : Overwriting fuzz factor with expansion fraction
08-04 13:28 nessai INFO    : New fuzz factor: 1.2228445449938519
08-04 13:28 nessai INFO    : Verifying rescaling functions
08-04 13:28 nessai INFO    : Rescaling functions are invertible
08-04 13:28 nessai INFO    : Populating initial live points
08-04 13:28 nessai INFO    : Populated 100 / 1000 live points
08-04 13:28 nessai INFO    : Populated 200 / 1000 live points
08-04 13:28 nessai INFO    : Populated 300 / 1000 live points
08-04 13:28 nessai INFO    : Populated 400 / 1000 live points
08-04 13:28 nessai INFO    : Populated 500 / 1000 live points
08-04 13:28 nessai INFO    : Populated 600 / 1000 live points
08-04 13:28 nessai INFO    : Populated 700 / 1000 live points
08-04 13:28 nessai INFO    : Populated 800 / 1000 live points
08-04 13:28 nessai INFO    : Populated 900 / 1000 live points
08-04 13:28 nessai INFO    : Populated 1000 / 1000 live points
08-04 13:28 nessai INFO    : Starting nested sampling loop
08-04 13:28 nessai INFO    : it:  1000: Rolling KS test: D=0.015, p-value=0.6313
08-04 13:28 nessai INFO    : it:  1000: n eval: 3000 H: 7.91 dlogZ: 13607987.589 logZ: -13610924.903 +/- 0.089 logLmax: -2936.32
08-04 13:28 nessai INFO    : it:  2000: Rolling KS test: D=0.013, p-value=0.7071
08-04 13:28 nessai INFO    : it:  2000: n eval: 8000 H: 8.91 dlogZ: 1614850.335 logZ: -1615412.636 +/- 0.094 logLmax: -560.30
08-04 13:28 nessai INFO    : Switching to FlowProposal
08-04 13:28 nessai INFO    : it:  3000: Rolling KS test: D=0.027, p-value=0.2286
08-04 13:28 nessai INFO    : it:  3000: n eval: 11801 H: 9.91 dlogZ: 343638.586 logZ: -344201.887 +/- 0.100 logLmax: -560.30
08-04 13:28 nessai INFO    : it:  4000: Rolling KS test: D=0.024, p-value=0.311
08-04 13:28 nessai INFO    : it:  4000: n eval: 13255 H: 10.90 dlogZ: 90568.879 logZ: -91112.179 +/- 0.104 logLmax: -539.30
08-04 13:28 nessai INFO    : it:  5000: Rolling KS test: D=0.006, p-value=0.9268
08-04 13:28 nessai INFO    : it:  5000: n eval: 16617 H: 11.91 dlogZ: 34610.510 logZ: -35053.364 +/- 0.109 logLmax: -437.85
08-04 13:28 nessai INFO    : it:  6000: Rolling KS test: D=0.011, p-value=0.7794
08-04 13:28 nessai INFO    : it:  6000: n eval: 18587 H: 12.91 dlogZ: 15435.846 logZ: -15522.129 +/- 0.114 logLmax: -80.28
08-04 13:28 nessai INFO    : it:  7000: Rolling KS test: D=0.021, p-value=0.4082
08-04 13:28 nessai INFO    : it:  7000: n eval: 22157 H: 13.91 dlogZ: 7268.803 logZ: -7356.086 +/- 0.118 logLmax: -80.28
08-04 13:28 nessai INFO    : it:  8000: Rolling KS test: D=0.023, p-value=0.3419
08-04 13:28 nessai INFO    : it:  8000: n eval: 26791 H: 13.98 dlogZ: 3726.226 logZ: -3792.571 +/- 0.118 logLmax: -58.35
08-04 13:28 nessai INFO    : it:  9000: Rolling KS test: D=0.04, p-value=0.03967
08-04 13:28 nessai INFO    : it:  9000: n eval: 31385 H: 14.38 dlogZ: 1958.509 logZ: -1996.975 +/- 0.120 logLmax: -29.47
08-04 13:28 nessai INFO    : it: 10000: Rolling KS test: D=0.031, p-value=0.1433
08-04 13:28 nessai INFO    : it: 10000: n eval: 36033 H: 16.24 dlogZ: 1032.452 logZ: -1061.153 +/- 0.127 logLmax: -18.70
08-04 13:28 nessai INFO    : it: 11000: Rolling KS test: D=0.013, p-value=0.7071
08-04 13:28 nessai INFO    : it: 11000: n eval: 40662 H: 15.46 dlogZ: 535.334 logZ: -555.063 +/- 0.124 logLmax: -8.73
08-04 13:28 nessai INFO    : it: 12000: Rolling KS test: D=0.004, p-value=0.9659
08-04 13:28 nessai INFO    : it: 12000: n eval: 45197 H: 16.45 dlogZ: 280.417 logZ: -297.524 +/- 0.128 logLmax: -5.11
08-04 13:28 nessai INFO    : it: 13000: Rolling KS test: D=0.013, p-value=0.7071
08-04 13:28 nessai INFO    : it: 13000: n eval: 50602 H: 16.35 dlogZ: 147.147 logZ: -164.008 +/- 0.128 logLmax: -3.86
08-04 13:28 nessai INFO    : it: 14000: Rolling KS test: D=0.032, p-value=0.1263
08-04 13:28 nessai INFO    : it: 14000: n eval: 59439 H: 16.77 dlogZ: 82.274 logZ: -98.798 +/- 0.130 logLmax: -2.53
08-04 13:28 nessai INFO    : it: 15000: Rolling KS test: D=0.017, p-value=0.5547
08-04 13:28 nessai INFO    : it: 15000: n eval: 66266 H: 17.21 dlogZ: 46.079 logZ: -62.623 +/- 0.131 logLmax: -1.55
08-04 13:28 nessai INFO    : it: 16000: Rolling KS test: D=0.035, p-value=0.08429
08-04 13:28 nessai INFO    : it: 16000: n eval: 76222 H: 17.74 dlogZ: 25.861 logZ: -43.406 +/- 0.133 logLmax: -1.55
08-04 13:28 nessai INFO    : it: 17000: Rolling KS test: D=0.05, p-value=0.006506
08-04 13:28 nessai INFO    : it: 17000: n eval: 83804 H: 17.90 dlogZ: 15.207 logZ: -33.493 +/- 0.134 logLmax: -1.29
08-04 13:28 nessai INFO    : it: 18000: Rolling KS test: D=0.014, p-value=0.6695
08-04 13:28 nessai INFO    : it: 18000: n eval: 94604 H: 18.27 dlogZ: 9.153 logZ: -28.035 +/- 0.135 logLmax: -0.88
08-04 13:29 nessai INFO    : it: 19000: Rolling KS test: D=0.023, p-value=0.3419
08-04 13:29 nessai INFO    : it: 19000: n eval: 107144 H: 18.58 dlogZ: 5.287 logZ: -25.164 +/- 0.136 logLmax: -0.88
08-04 13:29 nessai INFO    : it: 20000: Rolling KS test: D=0.031, p-value=0.1433
08-04 13:29 nessai INFO    : it: 20000: n eval: 122649 H: 18.82 dlogZ: 2.878 logZ: -23.691 +/- 0.137 logLmax: -0.87
08-04 13:29 nessai INFO    : it: 21000: Rolling KS test: D=0.041, p-value=0.03371
08-04 13:29 nessai INFO    : it: 21000: n eval: 138352 H: 19.05 dlogZ: 1.456 logZ: -22.903 +/- 0.138 logLmax: -0.71
08-04 13:29 nessai INFO    : it: 22000: Rolling KS test: D=0.013, p-value=0.7071
08-04 13:29 nessai INFO    : it: 22000: n eval: 157396 H: 19.18 dlogZ: 0.607 logZ: -22.533 +/- 0.138 logLmax: -0.71
08-04 13:29 nessai INFO    : it: 23000: Rolling KS test: D=0.018, p-value=0.5169
08-04 13:29 nessai INFO    : it: 23000: n eval: 174406 H: 19.26 dlogZ: 0.231 logZ: -22.363 +/- 0.139 logLmax: -0.71
08-04 13:29 nessai INFO    : Stopping with difference_log_evidence=0.100
08-04 13:29 nessai INFO    : Finalising
08-04 13:29 nessai INFO    : Final ln-evidence: -22.232 +/- 0.139
08-04 13:29 nessai INFO    : Information: 19.35
08-04 13:29 nessai INFO    : Final KS test: D=0.007965, p-value=0.04831
08-04 13:29 nessai WARNING : Final p-value for the insertion indices is less than 0.05, this could be an indication of problems during sampling. Consider checking the diagnostic plots.
08-04 13:29 nessai INFO    : Checkpointing nested sampling
08-04 13:29 nessai INFO    : Total sampling time: 0:01:26.051560
08-04 13:29 nessai INFO    : Total training time: 0:00:27.342160
08-04 13:29 nessai INFO    : Total population time: 0:00:22.356290
08-04 13:29 nessai INFO    : Total likelihood evaluations: 204118
08-04 13:29 nessai INFO    : Time spent evaluating likelihood: 0:00:08.999316
08-04 13:29 nessai INFO    : Total sampling time: 0:01:26.051560
08-04 13:29 nessai INFO    : Total likelihood evaluations: 204118
08-04 13:29 nessai INFO    : Starting post processing
08-04 13:29 nessai INFO    : Computing posterior samples
08-04 13:29 nessai INFO    : Effective sample size: 5113.0
08-04 13:29 nessai INFO    : Producing posterior samples using rejection sampling
08-04 13:29 nessai INFO    : Expect 3455.904733752378 samples from rejection sampling
08-04 13:29 nessai INFO    : Returned 3462 posterior samples
08-04 13:29 nessai INFO    : Starting to close worker pool.
08-04 13:29 nessai INFO    : Finished closing worker pool.
