/data/wiay/postgrads/shashwat/qunat_com_future/lib/python3.11/site-packages/nessai/utils/logging.py:133: FutureWarning: setup_logger is deprecated, use configure_logger instead
  warnings.warn(
08-04 13:27 nessai INFO    : Running Nessai version 0.15.2
08-04 13:27 nessai INFO    : Starting multiprocessing pool with 4 processes
08-04 13:27 nessai INFO    : Initialising nested sampler
08-04 13:27 nessai WARNING : Multiprocessing pool has already been configured.
/data/wiay/postgrads/shashwat/qunat_com_future/lib/python3.11/site-packages/nessai/gw/__init__.py:12: FutureWarning: The `nessai.gw` module will be deprecated in the next release in favour of the nessai-gw package. This packages provides the same functionality as`nessai.gw` via the plugin interface.For more details, see: https://github.com/mj-will/nessai-gw
  warnings.warn(
08-04 13:27 nessai INFO    : Passing kwargs to FlowProposal: {'poolsize': 1000}
08-04 13:27 nessai INFO    : No reparameterisations provided, using default reparameterisations included in FlowProposal
08-04 13:27 nessai INFO    : Adding reparameterisations from: {}
08-04 13:27 nessai INFO    : Assuming fallback reparameterisation (ScaleAndShift) for ['kappa', 'mu_xi', 'sigma_chi', 'sigma_xi', 'rho', 'lambda_chi', 'chi0', 'xi0'] with kwargs: {'estimate_scale': True, 'estimate_shift': True, 'prior_bounds': {'kappa': array([0.1, 5. ]), 'mu_xi': array([0. , 0.1]), 'sigma_chi': array([0.05, 0.6 ]), 'sigma_xi': array([0.05, 0.4 ]), 'rho': array([-0.9,  0.9]), 'lambda_chi': array([-0.5,  0.5]), 'chi0': array([-0.5,  0.5]), 'xi0': array([2.5, 5. ])}}.
08-04 13:27 nessai INFO    : x space parameters: ['kappa', 'mu_xi', 'sigma_chi', 'sigma_xi', 'rho', 'lambda_chi', 'chi0', 'xi0']
08-04 13:27 nessai INFO    : x prime space parameters: ['kappa_prime', 'mu_xi_prime', 'sigma_chi_prime', 'sigma_xi_prime', 'rho_prime', 'lambda_chi_prime', 'chi0_prime', 'xi0_prime']
08-04 13:27 nessai INFO    : Overwriting fuzz factor with expansion fraction
08-04 13:27 nessai INFO    : New fuzz factor: 1.2228445449938519
08-04 13:27 nessai INFO    : Verifying rescaling functions
08-04 13:27 nessai INFO    : Rescaling functions are invertible
08-04 13:27 nessai INFO    : Populating initial live points
08-04 13:27 nessai INFO    : Populated 100 / 1000 live points
08-04 13:27 nessai INFO    : Populated 200 / 1000 live points
08-04 13:27 nessai INFO    : Populated 300 / 1000 live points
08-04 13:27 nessai INFO    : Populated 400 / 1000 live points
08-04 13:27 nessai INFO    : Populated 500 / 1000 live points
08-04 13:27 nessai INFO    : Populated 600 / 1000 live points
08-04 13:27 nessai INFO    : Populated 700 / 1000 live points
08-04 13:27 nessai INFO    : Populated 800 / 1000 live points
08-04 13:27 nessai INFO    : Populated 900 / 1000 live points
08-04 13:27 nessai INFO    : Populated 1000 / 1000 live points
08-04 13:27 nessai INFO    : Starting nested sampling loop
08-04 13:27 nessai INFO    : it:  1000: Rolling KS test: D=0.009, p-value=0.8454
08-04 13:27 nessai INFO    : it:  1000: n eval: 3000 H: 7.91 dlogZ: 567768054.222 logZ: -569458280.464 +/- 0.089 logLmax: -1690225.24
08-04 13:27 nessai INFO    : it:  2000: Rolling KS test: D=0.016, p-value=0.593
08-04 13:27 nessai INFO    : it:  2000: n eval: 8000 H: 8.91 dlogZ: 255212235.485 logZ: -256902462.727 +/- 0.094 logLmax: -1690225.24
08-04 13:27 nessai INFO    : Switching to FlowProposal
08-04 13:27 nessai INFO    : it:  3000: Rolling KS test: D=0.021, p-value=0.4082
08-04 13:27 nessai INFO    : it:  3000: n eval: 11853 H: 9.91 dlogZ: 106283297.030 logZ: -107973525.272 +/- 0.100 logLmax: -1690225.24
08-04 13:27 nessai INFO    : it:  4000: Rolling KS test: D=0.034, p-value=0.09683
08-04 13:27 nessai INFO    : it:  4000: n eval: 13420 H: 10.91 dlogZ: 49912269.297 logZ: -50226328.746 +/- 0.104 logLmax: -314055.45
08-04 13:27 nessai INFO    : it:  5000: Rolling KS test: D=0.032, p-value=0.1263
08-04 13:27 nessai INFO    : it:  5000: n eval: 16815 H: 11.91 dlogZ: 26251386.301 logZ: -26553490.414 +/- 0.109 logLmax: -302099.11
08-04 13:27 nessai INFO    : it:  6000: Rolling KS test: D=0.015, p-value=0.6313
08-04 13:27 nessai INFO    : it:  6000: n eval: 20265 H: 12.91 dlogZ: 14341699.508 logZ: -14467964.980 +/- 0.114 logLmax: -126259.47
08-04 13:27 nessai INFO    : it:  7000: Rolling KS test: D=0.017, p-value=0.5547
08-04 13:27 nessai INFO    : it:  7000: n eval: 22258 H: 13.91 dlogZ: 7040062.058 logZ: -7151315.775 +/- 0.118 logLmax: -111246.72
08-04 13:27 nessai INFO    : it:  8000: Rolling KS test: D=0.024, p-value=0.311
08-04 13:27 nessai INFO    : it:  8000: n eval: 26146 H: 14.91 dlogZ: 3517970.641 logZ: -3613163.172 +/- 0.122 logLmax: -95184.53
08-04 13:27 nessai INFO    : it:  9000: Rolling KS test: D=0.025, p-value=0.2818
08-04 13:27 nessai INFO    : it:  9000: n eval: 30374 H: 15.91 dlogZ: 1732814.576 logZ: -1769064.343 +/- 0.126 logLmax: -36240.77
08-04 13:27 nessai INFO    : it: 10000: Rolling KS test: D=0.032, p-value=0.1263
08-04 13:27 nessai INFO    : it: 10000: n eval: 35052 H: 16.91 dlogZ: 882744.031 logZ: -897657.671 +/- 0.130 logLmax: -14903.64
08-04 13:27 nessai INFO    : it: 11000: Rolling KS test: D=0.017, p-value=0.5547
08-04 13:27 nessai INFO    : it: 11000: n eval: 39927 H: 17.91 dlogZ: 462174.802 logZ: -465238.091 +/- 0.134 logLmax: -3052.29
08-04 13:27 nessai INFO    : it: 12000: Rolling KS test: D=0.03, p-value=0.162
08-04 13:27 nessai INFO    : it: 12000: n eval: 48153 H: 18.91 dlogZ: 235760.452 logZ: -237018.728 +/- 0.138 logLmax: -1246.28
08-04 13:27 nessai INFO    : it: 13000: Rolling KS test: D=0.011, p-value=0.7794
08-04 13:27 nessai INFO    : it: 13000: n eval: 53362 H: 19.91 dlogZ: 122290.934 logZ: -123329.686 +/- 0.141 logLmax: -1025.75
08-04 13:27 nessai INFO    : it: 14000: Rolling KS test: D=0.016, p-value=0.593
08-04 13:27 nessai INFO    : it: 14000: n eval: 59438 H: 20.91 dlogZ: 61664.882 logZ: -62704.634 +/- 0.145 logLmax: -1025.75
08-04 13:27 nessai INFO    : it: 15000: Rolling KS test: D=0.026, p-value=0.2543
08-04 13:27 nessai INFO    : it: 15000: n eval: 71756 H: 21.91 dlogZ: 31688.819 logZ: -32425.488 +/- 0.148 logLmax: -721.67
08-04 13:27 nessai INFO    : it: 16000: Rolling KS test: D=0.042, p-value=0.02854
08-04 13:27 nessai INFO    : it: 16000: n eval: 79593 H: 22.85 dlogZ: 16801.507 logZ: -17477.547 +/- 0.151 logLmax: -660.04
08-04 13:27 nessai INFO    : it: 17000: Rolling KS test: D=0.026, p-value=0.2543
08-04 13:27 nessai INFO    : it: 17000: n eval: 92821 H: 23.87 dlogZ: 9322.660 logZ: -9569.246 +/- 0.155 logLmax: -229.59
08-04 13:28 nessai INFO    : it: 18000: Rolling KS test: D=0.025, p-value=0.2818
08-04 13:28 nessai INFO    : it: 18000: n eval: 109450 H: 23.93 dlogZ: 5002.486 logZ: -5242.172 +/- 0.155 logLmax: -221.69
08-04 13:28 nessai INFO    : it: 19000: Rolling KS test: D=0.015, p-value=0.6313
08-04 13:28 nessai INFO    : it: 19000: n eval: 129746 H: 25.15 dlogZ: 2892.823 logZ: -3052.643 +/- 0.159 logLmax: -140.82
08-04 13:28 nessai INFO    : it: 20000: Rolling KS test: D=0.024, p-value=0.311
08-04 13:28 nessai INFO    : it: 20000: n eval: 162887 H: 26.72 dlogZ: 1641.869 logZ: -1802.689 +/- 0.163 logLmax: -140.82
08-04 13:28 nessai INFO    : it: 21000: Rolling KS test: D=0.022, p-value=0.3744
08-04 13:28 nessai INFO    : it: 21000: n eval: 188499 H: 26.06 dlogZ: 990.970 logZ: -1141.359 +/- 0.161 logLmax: -129.39
08-04 13:28 nessai INFO    : it: 22000: Rolling KS test: D=0.043, p-value=0.02406
08-04 13:28 nessai INFO    : it: 22000: n eval: 235319 H: 26.83 dlogZ: 632.841 logZ: -734.657 +/- 0.164 logLmax: -79.82
08-04 13:28 nessai INFO    : it: 23000: Rolling KS test: D=0.034, p-value=0.09683
08-04 13:28 nessai INFO    : it: 23000: n eval: 285319 H: 27.19 dlogZ: 392.199 logZ: -491.456 +/- 0.165 logLmax: -76.26
08-04 13:28 nessai INFO    : it: 24000: Rolling KS test: D=0.016, p-value=0.593
08-04 13:29 nessai INFO    : it: 24000: n eval: 345319 H: 27.94 dlogZ: 288.513 logZ: -347.536 +/- 0.167 logLmax: -35.02
08-04 13:29 nessai INFO    : it: 25000: Rolling KS test: D=0.035, p-value=0.08429
08-04 13:29 nessai INFO    : it: 25000: n eval: 395319 H: 28.29 dlogZ: 209.151 logZ: -258.997 +/- 0.168 logLmax: -24.85
08-04 13:29 nessai INFO    : it: 26000: Rolling KS test: D=0.029, p-value=0.1825
08-04 13:29 nessai INFO    : it: 26000: n eval: 455319 H: 28.96 dlogZ: 148.583 logZ: -194.151 +/- 0.170 logLmax: -19.57
08-04 13:29 nessai INFO    : it: 27000: Rolling KS test: D=0.004, p-value=0.9659
08-04 13:29 nessai INFO    : it: 27000: n eval: 493863 H: 29.50 dlogZ: 103.465 logZ: -150.033 +/- 0.172 logLmax: -19.57
08-04 13:29 nessai INFO    : it: 28000: Rolling KS test: D=0.036, p-value=0.07308
08-04 13:29 nessai INFO    : it: 28000: n eval: 543207 H: 30.25 dlogZ: 79.219 logZ: -119.778 +/- 0.174 logLmax: -12.56
08-04 13:29 nessai INFO    : it: 29000: Rolling KS test: D=0.027, p-value=0.2286
08-04 13:30 nessai INFO    : it: 29000: n eval: 582608 H: 30.78 dlogZ: 57.055 logZ: -98.613 +/- 0.175 logLmax: -12.56
08-04 13:30 nessai INFO    : it: 30000: Rolling KS test: D=0.021, p-value=0.4082
08-04 13:30 nessai INFO    : it: 30000: n eval: 620160 H: 31.53 dlogZ: 44.307 logZ: -83.276 +/- 0.178 logLmax: -8.97
08-04 13:30 nessai INFO    : it: 31000: Rolling KS test: D=0.038, p-value=0.05428
08-04 13:30 nessai INFO    : it: 31000: n eval: 667789 H: 32.14 dlogZ: 32.114 logZ: -72.083 +/- 0.179 logLmax: -8.97
08-04 13:30 nessai INFO    : it: 32000: Rolling KS test: D=0.022, p-value=0.3744
08-04 13:30 nessai INFO    : it: 32000: n eval: 705767 H: 32.81 dlogZ: 24.369 logZ: -63.631 +/- 0.181 logLmax: -7.26
08-04 13:30 nessai INFO    : it: 33000: Rolling KS test: D=0.017, p-value=0.5547
08-04 13:30 nessai INFO    : it: 33000: n eval: 730187 H: 33.54 dlogZ: 18.619 logZ: -57.448 +/- 0.183 logLmax: -5.83
08-04 13:30 nessai INFO    : it: 34000: Rolling KS test: D=0.039, p-value=0.0465
08-04 13:30 nessai INFO    : it: 34000: n eval: 768745 H: 34.13 dlogZ: 13.149 logZ: -52.978 +/- 0.185 logLmax: -5.83
08-04 13:30 nessai INFO    : it: 35000: Rolling KS test: D=0.035, p-value=0.08429
08-04 13:30 nessai INFO    : it: 35000: n eval: 794784 H: 34.72 dlogZ: 11.087 logZ: -49.938 +/- 0.186 logLmax: -3.85
08-04 13:30 nessai INFO    : it: 36000: Rolling KS test: D=0.018, p-value=0.5169
08-04 13:30 nessai INFO    : it: 36000: n eval: 829743 H: 35.31 dlogZ: 7.906 logZ: -47.756 +/- 0.188 logLmax: -3.85
08-04 13:31 nessai INFO    : it: 37000: Rolling KS test: D=0.026, p-value=0.2543
08-04 13:31 nessai INFO    : it: 37000: n eval: 866322 H: 35.77 dlogZ: 5.757 logZ: -46.278 +/- 0.189 logLmax: -3.53
08-04 13:31 nessai INFO    : it: 38000: Rolling KS test: D=0.032, p-value=0.1263
08-04 13:31 nessai INFO    : it: 38000: n eval: 889638 H: 36.16 dlogZ: 4.237 logZ: -45.370 +/- 0.190 logLmax: -3.15
08-04 13:31 nessai INFO    : it: 39000: Rolling KS test: D=0.034, p-value=0.09683
08-04 13:31 nessai INFO    : it: 39000: n eval: 924192 H: 36.55 dlogZ: 3.358 logZ: -44.760 +/- 0.191 logLmax: -2.44
08-04 13:31 nessai INFO    : it: 40000: Rolling KS test: D=0.017, p-value=0.5547
08-04 13:31 nessai INFO    : it: 40000: n eval: 943751 H: 36.91 dlogZ: 2.046 logZ: -44.346 +/- 0.192 logLmax: -2.44
08-04 13:31 nessai INFO    : it: 41000: Rolling KS test: D=0.015, p-value=0.6313
08-04 13:31 nessai INFO    : it: 41000: n eval: 962448 H: 37.18 dlogZ: 1.071 logZ: -44.090 +/- 0.193 logLmax: -2.44
08-04 13:31 nessai INFO    : it: 42000: Rolling KS test: D=0.005, p-value=0.9481
08-04 13:31 nessai INFO    : it: 42000: n eval: 979003 H: 37.38 dlogZ: 0.475 logZ: -43.940 +/- 0.193 logLmax: -2.44
08-04 13:31 nessai INFO    : it: 43000: Rolling KS test: D=0.039, p-value=0.0465
08-04 13:31 nessai INFO    : it: 43000: n eval: 996925 H: 37.51 dlogZ: 0.199 logZ: -43.855 +/- 0.194 logLmax: -2.37
08-04 13:31 nessai INFO    : Stopping with difference_log_evidence=0.100
08-04 13:31 nessai INFO    : Finalising
08-04 13:31 nessai INFO    : Final ln-evidence: -43.774 +/- 0.194
08-04 13:31 nessai INFO    : Information: 37.67
08-04 13:31 nessai INFO    : Final KS test: D=0.008513, p-value=0.001761
08-04 13:31 nessai WARNING : Final p-value for the insertion indices is less than 0.05, this could be an indication of problems during sampling. Consider checking the diagnostic plots.
08-04 13:31 nessai INFO    : Checkpointing nested sampling
08-04 13:31 nessai INFO    : Total sampling time: 0:04:43.052100
08-04 13:31 nessai INFO    : Total training time: 0:01:19.591673
08-04 13:31 nessai INFO    : Total population time: 0:01:44.919043
08-04 13:31 nessai INFO    : Total likelihood evaluations: 1007869
08-04 13:31 nessai INFO    : Time spent evaluating likelihood: 0:00:39.994789
08-04 13:31 nessai INFO    : Total sampling time: 0:04:43.052100
08-04 13:31 nessai INFO    : Total likelihood evaluations: 1007869
08-04 13:31 nessai INFO    : Starting post processing
08-04 13:31 nessai INFO    : Computing posterior samples
08-04 13:31 nessai INFO    : Effective sample size: 7342.1
08-04 13:31 nessai INFO    : Producing posterior samples using rejection sampling
08-04 13:31 nessai INFO    : Expect 5076.336314968928 samples from rejection sampling
08-04 13:31 nessai INFO    : Returned 5056 posterior samples
08-04 13:31 nessai INFO    : Starting to close worker pool.
08-04 13:31 nessai INFO    : Finished closing worker pool.
