/data/wiay/postgrads/shashwat/qunat_com_future/lib/python3.11/site-packages/nessai/utils/logging.py:133: FutureWarning: setup_logger is deprecated, use configure_logger instead
  warnings.warn(
08-04 16:09 nessai INFO    : Running Nessai version 0.15.2
08-04 16:09 nessai INFO    : Starting multiprocessing pool with 4 processes
08-04 16:09 nessai INFO    : Initialising nested sampler
08-04 16:09 nessai WARNING : Multiprocessing pool has already been configured.
/data/wiay/postgrads/shashwat/qunat_com_future/lib/python3.11/site-packages/nessai/gw/__init__.py:12: FutureWarning: The `nessai.gw` module will be deprecated in the next release in favour of the nessai-gw package. This packages provides the same functionality as`nessai.gw` via the plugin interface.For more details, see: https://github.com/mj-will/nessai-gw
  warnings.warn(
08-04 16:09 nessai INFO    : Passing kwargs to FlowProposal: {'poolsize': 1000}
08-04 16:09 nessai INFO    : No reparameterisations provided, using default reparameterisations included in FlowProposal
08-04 16:09 nessai INFO    : Adding reparameterisations from: {}
08-04 16:09 nessai INFO    : Assuming fallback reparameterisation (ScaleAndShift) for ['kappa', 'mu_xi', 'sigma_chi', 'sigma_xi', 'rho', 'lambda_chi', 'chi0', 'xi0'] with kwargs: {'estimate_scale': True, 'estimate_shift': True, 'prior_bounds': {'kappa': array([0.1, 5. ]), 'mu_xi': array([0. , 0.1]), 'sigma_chi': array([0.05, 0.6 ]), 'sigma_xi': array([0.05, 0.4 ]), 'rho': array([-0.9,  0.9]), 'lambda_chi': array([-0.5,  0.5]), 'chi0': array([-0.5,  0.5]), 'xi0': array([2.5, 5. ])}}.
08-04 16:09 nessai INFO    : x space parameters: ['kappa', 'mu_xi', 'sigma_chi', 'sigma_xi', 'rho', 'lambda_chi', 'chi0', 'xi0']
08-04 16:09 nessai INFO    : x prime space parameters: ['kappa_prime', 'mu_xi_prime', 'sigma_chi_prime', 'sigma_xi_prime', 'rho_prime', 'lambda_chi_prime', 'chi0_prime', 'xi0_prime']
08-04 16:09 nessai INFO    : Overwriting fuzz factor with expansion fraction
08-04 16:09 nessai INFO    : New fuzz factor: 1.2228445449938519
08-04 16:09 nessai INFO    : Verifying rescaling functions
08-04 16:09 nessai INFO    : Rescaling functions are invertible
08-04 16:09 nessai INFO    : Populating initial live points
08-04 16:09 nessai INFO    : Populated 100 / 1000 live points
08-04 16:09 nessai INFO    : Populated 200 / 1000 live points
08-04 16:09 nessai INFO    : Populated 300 / 1000 live points
08-04 16:09 nessai INFO    : Populated 400 / 1000 live points
08-04 16:09 nessai INFO    : Populated 500 / 1000 live points
08-04 16:09 nessai INFO    : Populated 600 / 1000 live points
08-04 16:09 nessai INFO    : Populated 700 / 1000 live points
08-04 16:09 nessai INFO    : Populated 800 / 1000 live points
08-04 16:09 nessai INFO    : Populated 900 / 1000 live points
08-04 16:09 nessai INFO    : Populated 1000 / 1000 live points
08-04 16:09 nessai INFO    : Starting nested sampling loop
08-04 16:09 nessai INFO    : it:  1000: Rolling KS test: D=0.032, p-value=0.1263
08-04 16:09 nessai INFO    : it:  1000: n eval: 3000 H: 7.91 dlogZ: 28432129.568 logZ: -28537313.760 +/- 0.089 logLmax: -105183.19
08-04 16:09 nessai INFO    : it:  2000: Rolling KS test: D=0.014, p-value=0.6695
08-04 16:09 nessai INFO    : it:  2000: n eval: 8000 H: 8.91 dlogZ: 8618566.947 logZ: -8633442.976 +/- 0.094 logLmax: -14874.03
08-04 16:09 nessai INFO    : Switching to FlowProposal
08-04 16:09 nessai INFO    : it:  3000: Rolling KS test: D=0.033, p-value=0.1108
08-04 16:09 nessai INFO    : it:  3000: n eval: 12125 H: 9.91 dlogZ: 3332542.046 logZ: -3347419.075 +/- 0.100 logLmax: -14874.03
08-04 16:09 nessai INFO    : it:  4000: Rolling KS test: D=0.041, p-value=0.03371
08-04 16:09 nessai INFO    : it:  4000: n eval: 16415 H: 10.91 dlogZ: 1341024.689 logZ: -1355902.718 +/- 0.104 logLmax: -14874.03
08-04 16:09 nessai INFO    : it:  5000: Rolling KS test: D=0.015, p-value=0.6313
08-04 16:09 nessai INFO    : it:  5000: n eval: 21165 H: 11.91 dlogZ: 567832.035 logZ: -579869.478 +/- 0.109 logLmax: -12032.44
08-04 16:09 nessai INFO    : it:  6000: Rolling KS test: D=0.002, p-value=0.9907
08-04 16:09 nessai INFO    : it:  6000: n eval: 28861 H: 12.91 dlogZ: 272665.810 logZ: -275384.258 +/- 0.114 logLmax: -2712.45
08-04 16:09 nessai INFO    : it:  7000: Rolling KS test: D=0.029, p-value=0.1825
08-04 16:09 nessai INFO    : it:  7000: n eval: 34024 H: 13.91 dlogZ: 135349.651 logZ: -136338.116 +/- 0.118 logLmax: -981.47
08-04 16:09 nessai INFO    : it:  8000: Rolling KS test: D=0.024, p-value=0.311
08-04 16:09 nessai INFO    : it:  8000: n eval: 40094 H: 14.22 dlogZ: 69032.883 logZ: -69668.386 +/- 0.119 logLmax: -627.50
08-04 16:09 nessai INFO    : it:  9000: Rolling KS test: D=0.02, p-value=0.4434
08-04 16:09 nessai INFO    : it:  9000: n eval: 45719 H: 15.91 dlogZ: 36079.697 logZ: -36716.200 +/- 0.126 logLmax: -627.50
08-04 16:09 nessai INFO    : it: 10000: Rolling KS test: D=0.02, p-value=0.4434
08-04 16:09 nessai INFO    : it: 10000: n eval: 51572 H: 16.91 dlogZ: 19732.390 logZ: -20250.549 +/- 0.130 logLmax: -508.16
08-04 16:09 nessai INFO    : it: 11000: Rolling KS test: D=0.019, p-value=0.4797
08-04 16:09 nessai INFO    : it: 11000: n eval: 57256 H: 17.91 dlogZ: 10260.102 logZ: -10714.676 +/- 0.134 logLmax: -443.57
08-04 16:09 nessai INFO    : it: 12000: Rolling KS test: D=0.054, p-value=0.002821
08-04 16:09 nessai INFO    : it: 12000: n eval: 62837 H: 18.73 dlogZ: 5856.083 logZ: -5953.231 +/- 0.137 logLmax: -85.15
08-04 16:09 nessai INFO    : it: 13000: Rolling KS test: D=0.023, p-value=0.3419
08-04 16:09 nessai INFO    : it: 13000: n eval: 70294 H: 19.74 dlogZ: 3279.444 logZ: -3377.592 +/- 0.141 logLmax: -85.15
08-04 16:09 nessai INFO    : it: 14000: Rolling KS test: D=0.021, p-value=0.4082
08-04 16:09 nessai INFO    : it: 14000: n eval: 75298 H: 19.43 dlogZ: 1783.143 logZ: -1882.292 +/- 0.139 logLmax: -85.15
08-04 16:09 nessai INFO    : it: 15000: Rolling KS test: D=0.024, p-value=0.311
08-04 16:09 nessai INFO    : it: 15000: n eval: 80797 H: 20.90 dlogZ: 1071.475 logZ: -1107.679 +/- 0.145 logLmax: -21.21
08-04 16:09 nessai INFO    : it: 16000: Rolling KS test: D=0.017, p-value=0.5547
08-04 16:09 nessai INFO    : it: 16000: n eval: 85883 H: 21.18 dlogZ: 598.568 logZ: -635.772 +/- 0.146 logLmax: -21.21
08-04 16:09 nessai INFO    : it: 17000: Rolling KS test: D=0.018, p-value=0.5169
08-04 16:09 nessai INFO    : it: 17000: n eval: 91108 H: 21.11 dlogZ: 337.516 logZ: -373.099 +/- 0.145 logLmax: -18.58
08-04 16:09 nessai INFO    : it: 18000: Rolling KS test: D=0.032, p-value=0.1263
08-04 16:09 nessai INFO    : it: 18000: n eval: 96935 H: 21.76 dlogZ: 195.131 logZ: -231.714 +/- 0.148 logLmax: -18.58
08-04 16:09 nessai INFO    : it: 19000: Rolling KS test: D=0.024, p-value=0.311
08-04 16:09 nessai INFO    : it: 19000: n eval: 106611 H: 22.13 dlogZ: 115.552 logZ: -151.603 +/- 0.149 logLmax: -17.05
08-04 16:09 nessai INFO    : it: 20000: Rolling KS test: D=0.013, p-value=0.7071
08-04 16:09 nessai INFO    : it: 20000: n eval: 118798 H: 22.55 dlogZ: 75.066 logZ: -103.728 +/- 0.150 logLmax: -8.66
08-04 16:09 nessai INFO    : it: 21000: Rolling KS test: D=0.015, p-value=0.6313
08-04 16:09 nessai INFO    : it: 21000: n eval: 126491 H: 22.94 dlogZ: 48.214 logZ: -77.876 +/- 0.151 logLmax: -8.66
08-04 16:10 nessai INFO    : it: 22000: Rolling KS test: D=0.011, p-value=0.7794
08-04 16:10 nessai INFO    : it: 22000: n eval: 148460 H: 23.36 dlogZ: 32.863 logZ: -62.253 +/- 0.153 logLmax: -7.39
08-04 16:10 nessai INFO    : it: 23000: Rolling KS test: D=0.032, p-value=0.1263
08-04 16:10 nessai INFO    : it: 23000: n eval: 167794 H: 23.95 dlogZ: 23.007 logZ: -52.937 +/- 0.155 logLmax: -6.93
08-04 16:10 nessai INFO    : it: 24000: Rolling KS test: D=0.014, p-value=0.6695
08-04 16:10 nessai INFO    : it: 24000: n eval: 201542 H: 24.39 dlogZ: 16.257 logZ: -47.186 +/- 0.156 logLmax: -6.93
08-04 16:10 nessai INFO    : it: 25000: Rolling KS test: D=0.049, p-value=0.007937
08-04 16:10 nessai INFO    : it: 25000: n eval: 226786 H: 24.93 dlogZ: 12.724 logZ: -43.531 +/- 0.158 logLmax: -5.81
08-04 16:10 nessai INFO    : it: 26000: Rolling KS test: D=0.018, p-value=0.5169
08-04 16:10 nessai INFO    : it: 26000: n eval: 265147 H: 25.53 dlogZ: 10.514 logZ: -40.946 +/- 0.160 logLmax: -4.43
08-04 16:10 nessai INFO    : it: 27000: Rolling KS test: D=0.025, p-value=0.2818
08-04 16:10 nessai INFO    : it: 27000: n eval: 299620 H: 26.07 dlogZ: 7.822 logZ: -39.116 +/- 0.161 logLmax: -4.30
08-04 16:10 nessai INFO    : it: 28000: Rolling KS test: D=0.045, p-value=0.01689
08-04 16:10 nessai INFO    : it: 28000: n eval: 324204 H: 26.65 dlogZ: 7.032 logZ: -37.766 +/- 0.163 logLmax: -2.74
08-04 16:10 nessai INFO    : it: 29000: Rolling KS test: D=0.035, p-value=0.08429
08-04 16:10 nessai INFO    : it: 29000: n eval: 346085 H: 27.16 dlogZ: 5.407 logZ: -36.812 +/- 0.165 logLmax: -2.41
08-04 16:10 nessai INFO    : it: 30000: Rolling KS test: D=0.032, p-value=0.1263
08-04 16:10 nessai INFO    : it: 30000: n eval: 369782 H: 27.59 dlogZ: 4.065 logZ: -36.167 +/- 0.166 logLmax: -2.12
08-04 16:10 nessai INFO    : it: 31000: Rolling KS test: D=0.025, p-value=0.2818
08-04 16:10 nessai INFO    : it: 31000: n eval: 387297 H: 27.99 dlogZ: 3.181 logZ: -35.722 +/- 0.167 logLmax: -1.58
08-04 16:10 nessai INFO    : it: 32000: Rolling KS test: D=0.046, p-value=0.01407
08-04 16:10 nessai INFO    : it: 32000: n eval: 397077 H: 28.38 dlogZ: 2.151 logZ: -35.391 +/- 0.168 logLmax: -1.36
08-04 16:10 nessai INFO    : it: 33000: Rolling KS test: D=0.017, p-value=0.5547
08-04 16:10 nessai INFO    : it: 33000: n eval: 409769 H: 28.72 dlogZ: 1.168 logZ: -35.159 +/- 0.169 logLmax: -1.36
08-04 16:10 nessai INFO    : it: 34000: Rolling KS test: D=0.063, p-value=0.0003404
08-04 16:10 nessai INFO    : it: 34000: n eval: 417000 H: 28.98 dlogZ: 0.699 logZ: -35.007 +/- 0.170 logLmax: -1.00
08-04 16:10 nessai INFO    : it: 35000: Rolling KS test: D=0.042, p-value=0.02854
08-04 16:10 nessai INFO    : it: 35000: n eval: 423769 H: 29.17 dlogZ: 0.310 logZ: -34.915 +/- 0.171 logLmax: -0.93
08-04 16:10 nessai INFO    : it: 36000: Rolling KS test: D=0.013, p-value=0.7071
08-04 16:10 nessai INFO    : it: 36000: n eval: 433796 H: 29.29 dlogZ: 0.134 logZ: -34.862 +/- 0.171 logLmax: -0.81
08-04 16:10 nessai INFO    : Stopping with difference_log_evidence=0.100
08-04 16:10 nessai INFO    : Finalising
08-04 16:10 nessai INFO    : Final ln-evidence: -34.809 +/- 0.172
08-04 16:10 nessai INFO    : Information: 29.44
08-04 16:10 nessai INFO    : Final KS test: D=0.01399, p-value=6.709e-07
08-04 16:10 nessai WARNING : Final p-value for the insertion indices is less than 0.05, this could be an indication of problems during sampling. Consider checking the diagnostic plots.
08-04 16:10 nessai INFO    : Checkpointing nested sampling
08-04 16:10 nessai INFO    : Total sampling time: 0:01:51.738085
08-04 16:10 nessai INFO    : Total training time: 0:00:39.668571
08-04 16:10 nessai INFO    : Total population time: 0:00:24.864433
08-04 16:10 nessai INFO    : Total likelihood evaluations: 436910
08-04 16:10 nessai INFO    : Time spent evaluating likelihood: 0:00:07.852462
08-04 16:10 nessai INFO    : Total sampling time: 0:01:51.738085
08-04 16:10 nessai INFO    : Total likelihood evaluations: 436910
08-04 16:10 nessai INFO    : Starting post processing
08-04 16:10 nessai INFO    : Computing posterior samples
08-04 16:10 nessai INFO    : Effective sample size: 8681.1
08-04 16:10 nessai INFO    : Producing posterior samples using rejection sampling
08-04 16:10 nessai INFO    : Expect 6216.6717268380335 samples from rejection sampling
08-04 16:10 nessai INFO    : Returned 6191 posterior samples
08-04 16:11 nessai INFO    : Starting to close worker pool.
08-04 16:11 nessai INFO    : Finished closing worker pool.
