/data/wiay/postgrads/shashwat/qunat_com_future/lib/python3.11/site-packages/nessai/utils/logging.py:133: FutureWarning: setup_logger is deprecated, use configure_logger instead
  warnings.warn(
08-04 15:49 nessai INFO    : Running Nessai version 0.15.2
08-04 15:49 nessai INFO    : Starting multiprocessing pool with 4 processes
08-04 15:49 nessai INFO    : Initialising nested sampler
08-04 15:49 nessai WARNING : Multiprocessing pool has already been configured.
/data/wiay/postgrads/shashwat/qunat_com_future/lib/python3.11/site-packages/nessai/gw/__init__.py:12: FutureWarning: The `nessai.gw` module will be deprecated in the next release in favour of the nessai-gw package. This packages provides the same functionality as`nessai.gw` via the plugin interface.For more details, see: https://github.com/mj-will/nessai-gw
  warnings.warn(
08-04 15:49 nessai INFO    : Passing kwargs to FlowProposal: {'poolsize': 1000}
08-04 15:49 nessai INFO    : No reparameterisations provided, using default reparameterisations included in FlowProposal
08-04 15:49 nessai INFO    : Adding reparameterisations from: {}
08-04 15:49 nessai INFO    : Assuming fallback reparameterisation (ScaleAndShift) for ['kappa', 'mu_xi', 'sigma_chi', 'sigma_xi', 'rho', 'lambda_chi', 'chi0', 'xi0'] with kwargs: {'estimate_scale': True, 'estimate_shift': True, 'prior_bounds': {'kappa': array([0.1, 5. ]), 'mu_xi': array([0. , 0.1]), 'sigma_chi': array([0.05, 0.6 ]), 'sigma_xi': array([0.05, 0.4 ]), 'rho': array([-0.9,  0.9]), 'lambda_chi': array([-0.5,  0.5]), 'chi0': array([-0.5,  0.5]), 'xi0': array([2.5, 5. ])}}.
08-04 15:49 nessai INFO    : x space parameters: ['kappa', 'mu_xi', 'sigma_chi', 'sigma_xi', 'rho', 'lambda_chi', 'chi0', 'xi0']
08-04 15:49 nessai INFO    : x prime space parameters: ['kappa_prime', 'mu_xi_prime', 'sigma_chi_prime', 'sigma_xi_prime', 'rho_prime', 'lambda_chi_prime', 'chi0_prime', 'xi0_prime']
08-04 15:49 nessai INFO    : Overwriting fuzz factor with expansion fraction
08-04 15:49 nessai INFO    : New fuzz factor: 1.2228445449938519
08-04 15:49 nessai INFO    : Verifying rescaling functions
08-04 15:49 nessai INFO    : Rescaling functions are invertible
08-04 15:49 nessai INFO    : Populating initial live points
08-04 15:49 nessai INFO    : Populated 100 / 1000 live points
08-04 15:49 nessai INFO    : Populated 200 / 1000 live points
08-04 15:49 nessai INFO    : Populated 300 / 1000 live points
08-04 15:49 nessai INFO    : Populated 400 / 1000 live points
08-04 15:49 nessai INFO    : Populated 500 / 1000 live points
08-04 15:49 nessai INFO    : Populated 600 / 1000 live points
08-04 15:49 nessai INFO    : Populated 700 / 1000 live points
08-04 15:49 nessai INFO    : Populated 800 / 1000 live points
08-04 15:49 nessai INFO    : Populated 900 / 1000 live points
08-04 15:49 nessai INFO    : Populated 1000 / 1000 live points
08-04 15:49 nessai INFO    : Starting nested sampling loop
08-04 15:49 nessai INFO    : it:  1000: Rolling KS test: D=0.018, p-value=0.5169
08-04 15:49 nessai INFO    : it:  1000: n eval: 3000 H: 7.91 dlogZ: 44915048.581 logZ: -45828959.073 +/- 0.089 logLmax: -913909.49
08-04 15:49 nessai INFO    : it:  2000: Rolling KS test: D=0.01, p-value=0.8133
08-04 15:49 nessai INFO    : it:  2000: n eval: 8000 H: 8.91 dlogZ: 19643033.148 logZ: -20009133.945 +/- 0.094 logLmax: -366098.80
08-04 15:49 nessai INFO    : Switching to FlowProposal
08-04 15:49 nessai INFO    : it:  3000: Rolling KS test: D=0.033, p-value=0.1108
08-04 15:49 nessai INFO    : it:  3000: n eval: 12205 H: 9.91 dlogZ: 10136823.790 logZ: -10502925.587 +/- 0.100 logLmax: -366098.80
08-04 15:49 nessai INFO    : it:  4000: Rolling KS test: D=0.021, p-value=0.4082
08-04 15:49 nessai INFO    : it:  4000: n eval: 16007 H: 10.91 dlogZ: 5903377.176 logZ: -5985047.628 +/- 0.104 logLmax: -81666.45
08-04 15:49 nessai INFO    : it:  5000: Rolling KS test: D=0.023, p-value=0.3419
08-04 15:49 nessai INFO    : it:  5000: n eval: 18005 H: 11.91 dlogZ: 3850167.086 logZ: -3925730.309 +/- 0.109 logLmax: -75558.22
08-04 15:49 nessai INFO    : it:  6000: Rolling KS test: D=0.013, p-value=0.7071
08-04 15:49 nessai INFO    : it:  6000: n eval: 22221 H: 12.91 dlogZ: 2729960.353 logZ: -2805524.576 +/- 0.114 logLmax: -75558.22
08-04 15:49 nessai INFO    : it:  7000: Rolling KS test: D=0.027, p-value=0.2286
08-04 15:49 nessai INFO    : it:  7000: n eval: 26053 H: 13.91 dlogZ: 1659934.667 logZ: -1673343.187 +/- 0.118 logLmax: -13401.52
08-04 15:49 nessai INFO    : it:  8000: Rolling KS test: D=0.014, p-value=0.6695
08-04 15:49 nessai INFO    : it:  8000: n eval: 30075 H: 14.91 dlogZ: 897104.577 logZ: -910514.097 +/- 0.122 logLmax: -13401.52
08-04 15:49 nessai INFO    : it:  9000: Rolling KS test: D=0.014, p-value=0.6695
08-04 15:49 nessai INFO    : it:  9000: n eval: 34306 H: 15.91 dlogZ: 483095.806 logZ: -496506.326 +/- 0.126 logLmax: -13401.52
08-04 15:50 nessai INFO    : it: 10000: Rolling KS test: D=0.022, p-value=0.3744
08-04 15:50 nessai INFO    : it: 10000: n eval: 38620 H: 16.91 dlogZ: 270930.369 logZ: -271482.877 +/- 0.130 logLmax: -542.51
08-04 15:50 nessai INFO    : it: 11000: Rolling KS test: D=0.017, p-value=0.5547
08-04 15:50 nessai INFO    : it: 11000: n eval: 43199 H: 17.91 dlogZ: 146020.156 logZ: -146573.664 +/- 0.134 logLmax: -542.51
08-04 15:50 nessai INFO    : it: 12000: Rolling KS test: D=0.021, p-value=0.4082
08-04 15:50 nessai INFO    : it: 12000: n eval: 48101 H: 18.91 dlogZ: 80407.922 logZ: -80962.429 +/- 0.138 logLmax: -542.51
08-04 15:50 nessai INFO    : it: 13000: Rolling KS test: D=0.015, p-value=0.6313
08-04 15:50 nessai INFO    : it: 13000: n eval: 53092 H: 19.91 dlogZ: 46200.197 logZ: -46755.705 +/- 0.141 logLmax: -542.51
08-04 15:50 nessai INFO    : it: 14000: Rolling KS test: D=0.028, p-value=0.2046
08-04 15:50 nessai INFO    : it: 14000: n eval: 58940 H: 20.91 dlogZ: 27483.944 logZ: -28040.452 +/- 0.145 logLmax: -542.51
08-04 15:50 nessai INFO    : it: 15000: Rolling KS test: D=0.018, p-value=0.5169
08-04 15:50 nessai INFO    : it: 15000: n eval: 64599 H: 21.40 dlogZ: 15631.483 logZ: -16188.991 +/- 0.146 logLmax: -542.51
08-04 15:50 nessai INFO    : it: 16000: Rolling KS test: D=0.015, p-value=0.6313
08-04 15:50 nessai INFO    : it: 16000: n eval: 73956 H: 22.89 dlogZ: 9686.803 logZ: -9841.620 +/- 0.151 logLmax: -138.82
08-04 15:50 nessai INFO    : it: 17000: Rolling KS test: D=0.018, p-value=0.5169
08-04 15:50 nessai INFO    : it: 17000: n eval: 80391 H: 23.29 dlogZ: 5860.692 logZ: -6016.509 +/- 0.153 logLmax: -138.82
08-04 15:50 nessai INFO    : it: 18000: Rolling KS test: D=0.02, p-value=0.4434
08-04 15:50 nessai INFO    : it: 18000: n eval: 90952 H: 23.97 dlogZ: 3545.051 logZ: -3701.868 +/- 0.155 logLmax: -138.82
08-04 15:50 nessai INFO    : it: 19000: Rolling KS test: D=0.022, p-value=0.3744
08-04 15:50 nessai INFO    : it: 19000: n eval: 99031 H: 25.82 dlogZ: 2202.797 logZ: -2304.980 +/- 0.161 logLmax: -83.18
08-04 15:50 nessai INFO    : it: 20000: Rolling KS test: D=0.005, p-value=0.9481
08-04 15:50 nessai INFO    : it: 20000: n eval: 112159 H: 25.18 dlogZ: 1307.886 logZ: -1411.068 +/- 0.159 logLmax: -83.18
08-04 15:50 nessai INFO    : it: 21000: Rolling KS test: D=0.01, p-value=0.8133
08-04 15:50 nessai INFO    : it: 21000: n eval: 127009 H: 25.39 dlogZ: 753.423 logZ: -857.605 +/- 0.159 logLmax: -83.18
08-04 15:50 nessai INFO    : it: 22000: Rolling KS test: D=0.005, p-value=0.9481
08-04 15:50 nessai INFO    : it: 22000: n eval: 144273 H: 26.81 dlogZ: 509.668 logZ: -556.987 +/- 0.164 logLmax: -25.32
08-04 15:50 nessai INFO    : it: 23000: Rolling KS test: D=0.011, p-value=0.7794
08-04 15:50 nessai INFO    : it: 23000: n eval: 177875 H: 27.11 dlogZ: 313.179 logZ: -361.497 +/- 0.165 logLmax: -25.32
08-04 15:50 nessai INFO    : it: 24000: Rolling KS test: D=0.044, p-value=0.0202
08-04 15:50 nessai INFO    : it: 24000: n eval: 211465 H: 27.53 dlogZ: 197.058 logZ: -246.376 +/- 0.166 logLmax: -25.32
08-04 15:50 nessai INFO    : it: 25000: Rolling KS test: D=0.045, p-value=0.01689
08-04 15:50 nessai INFO    : it: 25000: n eval: 240810 H: 27.98 dlogZ: 125.095 logZ: -175.413 +/- 0.167 logLmax: -25.32
08-04 15:50 nessai INFO    : it: 26000: Rolling KS test: D=0.016, p-value=0.593
08-04 15:50 nessai INFO    : it: 26000: n eval: 276414 H: 28.57 dlogZ: 86.774 logZ: -130.230 +/- 0.169 logLmax: -17.46
08-04 15:51 nessai INFO    : it: 27000: Rolling KS test: D=0.033, p-value=0.1108
08-04 15:51 nessai INFO    : it: 27000: n eval: 315470 H: 29.08 dlogZ: 62.979 logZ: -100.320 +/- 0.171 logLmax: -10.34
08-04 15:51 nessai INFO    : it: 28000: Rolling KS test: D=0.025, p-value=0.2818
08-04 15:51 nessai INFO    : it: 28000: n eval: 354946 H: 29.65 dlogZ: 47.465 logZ: -81.672 +/- 0.172 logLmax: -6.21
08-04 15:51 nessai INFO    : it: 29000: Rolling KS test: D=0.026, p-value=0.2543
08-04 15:51 nessai INFO    : it: 29000: n eval: 403264 H: 30.25 dlogZ: 34.031 logZ: -69.237 +/- 0.174 logLmax: -6.21
08-04 15:51 nessai INFO    : it: 30000: Rolling KS test: D=0.041, p-value=0.03371
08-04 15:51 nessai INFO    : it: 30000: n eval: 452679 H: 30.90 dlogZ: 25.589 logZ: -60.519 +/- 0.176 logLmax: -4.93
08-04 15:51 nessai INFO    : it: 31000: Rolling KS test: D=0.016, p-value=0.593
08-04 15:51 nessai INFO    : it: 31000: n eval: 501972 H: 31.45 dlogZ: 19.418 logZ: -54.680 +/- 0.177 logLmax: -4.26
08-04 15:51 nessai INFO    : it: 32000: Rolling KS test: D=0.036, p-value=0.07308
08-04 15:51 nessai INFO    : it: 32000: n eval: 541972 H: 32.07 dlogZ: 15.380 logZ: -50.478 +/- 0.179 logLmax: -3.10
08-04 15:51 nessai INFO    : it: 33000: Rolling KS test: D=0.036, p-value=0.07308
08-04 15:51 nessai INFO    : it: 33000: n eval: 589287 H: 32.74 dlogZ: 13.193 logZ: -47.424 +/- 0.181 logLmax: -1.23
08-04 15:51 nessai INFO    : it: 34000: Rolling KS test: D=0.017, p-value=0.5547
08-04 15:51 nessai INFO    : it: 34000: n eval: 617320 H: 33.38 dlogZ: 9.871 logZ: -45.102 +/- 0.183 logLmax: -1.23
08-04 15:51 nessai INFO    : it: 35000: Rolling KS test: D=0.008, p-value=0.8752
08-04 15:51 nessai INFO    : it: 35000: n eval: 643411 H: 33.98 dlogZ: 7.206 logZ: -43.395 +/- 0.184 logLmax: -1.19
08-04 15:52 nessai INFO    : it: 36000: Rolling KS test: D=0.036, p-value=0.07308
08-04 15:52 nessai INFO    : it: 36000: n eval: 672607 H: 34.55 dlogZ: 5.649 logZ: -42.131 +/- 0.186 logLmax: -0.49
08-04 15:52 nessai INFO    : it: 37000: Rolling KS test: D=0.02, p-value=0.4434
08-04 15:52 nessai INFO    : it: 37000: n eval: 696181 H: 34.99 dlogZ: 3.834 logZ: -41.298 +/- 0.187 logLmax: -0.49
08-04 15:52 nessai INFO    : it: 38000: Rolling KS test: D=0.016, p-value=0.593
08-04 15:52 nessai INFO    : it: 38000: n eval: 728170 H: 35.35 dlogZ: 2.376 logZ: -40.764 +/- 0.188 logLmax: -0.49
08-04 15:52 nessai INFO    : it: 39000: Rolling KS test: D=0.029, p-value=0.1825
08-04 15:52 nessai INFO    : it: 39000: n eval: 748357 H: 35.65 dlogZ: 1.270 logZ: -40.427 +/- 0.189 logLmax: -0.49
08-04 15:52 nessai INFO    : it: 40000: Rolling KS test: D=0.02, p-value=0.4434
08-04 15:52 nessai INFO    : it: 40000: n eval: 766631 H: 35.87 dlogZ: 0.743 logZ: -40.227 +/- 0.189 logLmax: -0.13
08-04 15:52 nessai INFO    : it: 41000: Rolling KS test: D=0.035, p-value=0.08429
08-04 15:52 nessai INFO    : it: 41000: n eval: 789409 H: 36.02 dlogZ: 0.309 logZ: -40.115 +/- 0.190 logLmax: -0.13
08-04 15:52 nessai INFO    : it: 42000: Rolling KS test: D=0.007, p-value=0.9024
08-04 15:52 nessai INFO    : it: 42000: n eval: 817197 H: 36.11 dlogZ: 0.118 logZ: -40.056 +/- 0.190 logLmax: -0.13
08-04 15:52 nessai INFO    : Stopping with difference_log_evidence=0.100
08-04 15:52 nessai INFO    : Finalising
08-04 15:52 nessai INFO    : Final ln-evidence: -40.004 +/- 0.190
08-04 15:52 nessai INFO    : Information: 36.21
08-04 15:52 nessai INFO    : Final KS test: D=0.005181, p-value=0.1036
08-04 15:52 nessai INFO    : Checkpointing nested sampling
08-04 15:52 nessai INFO    : Total sampling time: 0:02:50.686149
08-04 15:52 nessai INFO    : Total training time: 0:01:02.116992
08-04 15:52 nessai INFO    : Total population time: 0:00:44.304478
08-04 15:52 nessai INFO    : Total likelihood evaluations: 823404
08-04 15:52 nessai INFO    : Time spent evaluating likelihood: 0:00:16.106257
08-04 15:52 nessai INFO    : Total sampling time: 0:02:50.686149
08-04 15:52 nessai INFO    : Total likelihood evaluations: 823404
08-04 15:52 nessai INFO    : Starting post processing
08-04 15:52 nessai INFO    : Computing posterior samples
08-04 15:52 nessai INFO    : Effective sample size: 7073.8
08-04 15:52 nessai INFO    : Producing posterior samples using rejection sampling
08-04 15:52 nessai INFO    : Expect 4862.297597965228 samples from rejection sampling
08-04 15:52 nessai INFO    : Returned 4779 posterior samples
08-04 15:52 nessai INFO    : Starting to close worker pool.
08-04 15:52 nessai INFO    : Finished closing worker pool.
