/data/wiay/postgrads/shashwat/qunat_com_future/lib/python3.11/site-packages/nessai/utils/logging.py:133: FutureWarning: setup_logger is deprecated, use configure_logger instead
  warnings.warn(
08-04 15:50 nessai INFO    : Running Nessai version 0.15.2
08-04 15:50 nessai INFO    : Starting multiprocessing pool with 4 processes
08-04 15:50 nessai INFO    : Initialising nested sampler
08-04 15:50 nessai WARNING : Multiprocessing pool has already been configured.
/data/wiay/postgrads/shashwat/qunat_com_future/lib/python3.11/site-packages/nessai/gw/__init__.py:12: FutureWarning: The `nessai.gw` module will be deprecated in the next release in favour of the nessai-gw package. This packages provides the same functionality as`nessai.gw` via the plugin interface.For more details, see: https://github.com/mj-will/nessai-gw
  warnings.warn(
08-04 15:50 nessai INFO    : Passing kwargs to FlowProposal: {'poolsize': 1000}
08-04 15:50 nessai INFO    : No reparameterisations provided, using default reparameterisations included in FlowProposal
08-04 15:50 nessai INFO    : Adding reparameterisations from: {}
08-04 15:50 nessai INFO    : Assuming fallback reparameterisation (ScaleAndShift) for ['kappa', 'mu_xi', 'sigma_chi', 'sigma_xi', 'rho', 'lambda_chi', 'chi0', 'xi0'] with kwargs: {'estimate_scale': True, 'estimate_shift': True, 'prior_bounds': {'kappa': array([0.1, 5. ]), 'mu_xi': array([0. , 0.1]), 'sigma_chi': array([0.05, 0.6 ]), 'sigma_xi': array([0.05, 0.4 ]), 'rho': array([-0.9,  0.9]), 'lambda_chi': array([-0.5,  0.5]), 'chi0': array([-0.5,  0.5]), 'xi0': array([2.5, 5. ])}}.
08-04 15:50 nessai INFO    : x space parameters: ['kappa', 'mu_xi', 'sigma_chi', 'sigma_xi', 'rho', 'lambda_chi', 'chi0', 'xi0']
08-04 15:50 nessai INFO    : x prime space parameters: ['kappa_prime', 'mu_xi_prime', 'sigma_chi_prime', 'sigma_xi_prime', 'rho_prime', 'lambda_chi_prime', 'chi0_prime', 'xi0_prime']
08-04 15:50 nessai INFO    : Overwriting fuzz factor with expansion fraction
08-04 15:50 nessai INFO    : New fuzz factor: 1.2228445449938519
08-04 15:50 nessai INFO    : Verifying rescaling functions
08-04 15:50 nessai INFO    : Rescaling functions are invertible
08-04 15:50 nessai INFO    : Populating initial live points
08-04 15:50 nessai INFO    : Populated 100 / 1000 live points
08-04 15:50 nessai INFO    : Populated 200 / 1000 live points
08-04 15:50 nessai INFO    : Populated 300 / 1000 live points
08-04 15:50 nessai INFO    : Populated 400 / 1000 live points
08-04 15:50 nessai INFO    : Populated 500 / 1000 live points
08-04 15:50 nessai INFO    : Populated 600 / 1000 live points
08-04 15:50 nessai INFO    : Populated 700 / 1000 live points
08-04 15:50 nessai INFO    : Populated 800 / 1000 live points
08-04 15:50 nessai INFO    : Populated 900 / 1000 live points
08-04 15:50 nessai INFO    : Populated 1000 / 1000 live points
08-04 15:50 nessai INFO    : Starting nested sampling loop
08-04 15:50 nessai INFO    : it:  1000: Rolling KS test: D=0.014, p-value=0.6695
08-04 15:50 nessai INFO    : it:  1000: n eval: 3000 H: 7.91 dlogZ: 7268070.352 logZ: -7270730.200 +/- 0.089 logLmax: -2658.85
08-04 15:50 nessai INFO    : it:  2000: Rolling KS test: D=0.012, p-value=0.7438
08-04 15:50 nessai INFO    : it:  2000: n eval: 8000 H: 8.91 dlogZ: 633826.848 logZ: -636487.696 +/- 0.094 logLmax: -2658.85
08-04 15:50 nessai INFO    : Switching to FlowProposal
08-04 15:50 nessai INFO    : it:  3000: Rolling KS test: D=0.023, p-value=0.3419
08-04 15:50 nessai INFO    : it:  3000: n eval: 11913 H: 9.91 dlogZ: 224981.422 logZ: -227643.270 +/- 0.100 logLmax: -2658.85
08-04 15:50 nessai INFO    : it:  4000: Rolling KS test: D=0.025, p-value=0.2818
08-04 15:50 nessai INFO    : it:  4000: n eval: 15851 H: 10.90 dlogZ: 96702.762 logZ: -97309.599 +/- 0.104 logLmax: -602.84
08-04 15:50 nessai INFO    : it:  5000: Rolling KS test: D=0.02, p-value=0.4434
08-04 15:50 nessai INFO    : it:  5000: n eval: 19979 H: 11.90 dlogZ: 46283.479 logZ: -46891.316 +/- 0.109 logLmax: -602.84
08-04 15:50 nessai INFO    : it:  6000: Rolling KS test: D=0.035, p-value=0.08429
08-04 15:50 nessai INFO    : it:  6000: n eval: 22245 H: 12.91 dlogZ: 23626.855 logZ: -24235.692 +/- 0.114 logLmax: -602.84
08-04 15:50 nessai INFO    : it:  7000: Rolling KS test: D=0.032, p-value=0.1263
08-04 15:50 nessai INFO    : it:  7000: n eval: 26470 H: 13.73 dlogZ: 12200.169 logZ: -12572.925 +/- 0.117 logLmax: -365.76
08-04 15:50 nessai INFO    : it:  8000: Rolling KS test: D=0.027, p-value=0.2286
08-04 15:50 nessai INFO    : it:  8000: n eval: 30728 H: 14.58 dlogZ: 6332.071 logZ: -6665.506 +/- 0.121 logLmax: -325.44
08-04 15:50 nessai INFO    : it:  9000: Rolling KS test: D=0.019, p-value=0.4797
08-04 15:50 nessai INFO    : it:  9000: n eval: 34892 H: 15.07 dlogZ: 3671.925 logZ: -3779.464 +/- 0.123 logLmax: -98.54
08-04 15:50 nessai INFO    : it: 10000: Rolling KS test: D=0.009, p-value=0.8454
08-04 15:50 nessai INFO    : it: 10000: n eval: 39268 H: 16.26 dlogZ: 2026.023 logZ: -2134.562 +/- 0.127 logLmax: -98.54
08-04 15:50 nessai INFO    : it: 11000: Rolling KS test: D=0.014, p-value=0.6695
08-04 15:50 nessai INFO    : it: 11000: n eval: 44272 H: 16.26 dlogZ: 1205.354 logZ: -1250.522 +/- 0.128 logLmax: -34.17
08-04 15:50 nessai INFO    : it: 12000: Rolling KS test: D=0.034, p-value=0.09683
08-04 15:50 nessai INFO    : it: 12000: n eval: 48790 H: 17.34 dlogZ: 727.350 logZ: -762.873 +/- 0.132 logLmax: -23.52
08-04 15:50 nessai INFO    : it: 13000: Rolling KS test: D=0.034, p-value=0.09683
08-04 15:50 nessai INFO    : it: 13000: n eval: 53139 H: 17.39 dlogZ: 445.764 logZ: -471.130 +/- 0.132 logLmax: -12.37
08-04 15:50 nessai INFO    : it: 14000: Rolling KS test: D=0.027, p-value=0.2286
08-04 15:50 nessai INFO    : it: 14000: n eval: 57802 H: 17.82 dlogZ: 269.438 logZ: -295.805 +/- 0.133 logLmax: -12.37
08-04 15:50 nessai INFO    : it: 15000: Rolling KS test: D=0.023, p-value=0.3419
08-04 15:50 nessai INFO    : it: 15000: n eval: 62694 H: 18.38 dlogZ: 168.984 logZ: -190.656 +/- 0.136 logLmax: -6.67
08-04 15:50 nessai INFO    : it: 16000: Rolling KS test: D=0.024, p-value=0.311
08-04 15:50 nessai INFO    : it: 16000: n eval: 67470 H: 18.98 dlogZ: 102.569 logZ: -125.241 +/- 0.138 logLmax: -6.67
08-04 15:50 nessai INFO    : it: 17000: Rolling KS test: D=0.014, p-value=0.6695
08-04 15:50 nessai INFO    : it: 17000: n eval: 72112 H: 19.35 dlogZ: 62.984 logZ: -84.466 +/- 0.139 logLmax: -4.48
08-04 15:50 nessai INFO    : it: 18000: Rolling KS test: D=0.015, p-value=0.6313
08-04 15:50 nessai INFO    : it: 18000: n eval: 76765 H: 19.88 dlogZ: 38.784 logZ: -60.783 +/- 0.141 logLmax: -4.00
08-04 15:50 nessai INFO    : it: 19000: Rolling KS test: D=0.013, p-value=0.7071
08-04 15:50 nessai INFO    : it: 19000: n eval: 81607 H: 20.37 dlogZ: 24.859 logZ: -47.296 +/- 0.143 logLmax: -3.44
08-04 15:50 nessai INFO    : it: 20000: Rolling KS test: D=0.023, p-value=0.3419
08-04 15:50 nessai INFO    : it: 20000: n eval: 86944 H: 20.83 dlogZ: 16.310 logZ: -38.716 +/- 0.144 logLmax: -2.41
08-04 15:50 nessai INFO    : it: 21000: Rolling KS test: D=0.027, p-value=0.2286
08-04 15:50 nessai INFO    : it: 21000: n eval: 93190 H: 21.22 dlogZ: 10.232 logZ: -33.639 +/- 0.146 logLmax: -2.41
08-04 15:51 nessai INFO    : it: 22000: Rolling KS test: D=0.033, p-value=0.1108
08-04 15:51 nessai INFO    : it: 22000: n eval: 102333 H: 21.62 dlogZ: 6.408 logZ: -30.738 +/- 0.147 logLmax: -2.33
08-04 15:51 nessai INFO    : it: 23000: Rolling KS test: D=0.043, p-value=0.02406
08-04 15:51 nessai INFO    : it: 23000: n eval: 109526 H: 21.96 dlogZ: 3.976 logZ: -29.060 +/- 0.148 logLmax: -2.10
08-04 15:51 nessai INFO    : it: 24000: Rolling KS test: D=0.021, p-value=0.4082
08-04 15:51 nessai INFO    : it: 24000: n eval: 121443 H: 22.20 dlogZ: 2.187 logZ: -28.170 +/- 0.149 logLmax: -2.10
08-04 15:51 nessai INFO    : it: 25000: Rolling KS test: D=0.034, p-value=0.09683
08-04 15:51 nessai INFO    : it: 25000: n eval: 132991 H: 22.40 dlogZ: 1.095 logZ: -27.698 +/- 0.150 logLmax: -2.01
08-04 15:51 nessai INFO    : it: 26000: Rolling KS test: D=0.02, p-value=0.4434
08-04 15:51 nessai INFO    : it: 26000: n eval: 143038 H: 22.55 dlogZ: 0.486 logZ: -27.448 +/- 0.150 logLmax: -1.92
08-04 15:51 nessai INFO    : it: 27000: Rolling KS test: D=0.003, p-value=0.9802
08-04 15:51 nessai INFO    : it: 27000: n eval: 155647 H: 22.64 dlogZ: 0.186 logZ: -27.326 +/- 0.150 logLmax: -1.92
08-04 15:51 nessai INFO    : Stopping with difference_log_evidence=0.100
08-04 15:51 nessai INFO    : Finalising
08-04 15:51 nessai INFO    : Final ln-evidence: -27.227 +/- 0.151
08-04 15:51 nessai INFO    : Information: 22.74
08-04 15:51 nessai INFO    : Final KS test: D=0.007914, p-value=0.03105
08-04 15:51 nessai WARNING : Final p-value for the insertion indices is less than 0.05, this could be an indication of problems during sampling. Consider checking the diagnostic plots.
08-04 15:51 nessai INFO    : Checkpointing nested sampling
08-04 15:51 nessai INFO    : Total sampling time: 0:01:03.904585
08-04 15:51 nessai INFO    : Total training time: 0:00:22.088881
08-04 15:51 nessai INFO    : Total population time: 0:00:10.534155
08-04 15:51 nessai INFO    : Total likelihood evaluations: 167099
08-04 15:51 nessai INFO    : Time spent evaluating likelihood: 0:00:03.486461
08-04 15:51 nessai INFO    : Total sampling time: 0:01:03.904585
08-04 15:51 nessai INFO    : Total likelihood evaluations: 167099
08-04 15:51 nessai INFO    : Starting post processing
08-04 15:51 nessai INFO    : Computing posterior samples
08-04 15:51 nessai INFO    : Effective sample size: 5681.2
08-04 15:51 nessai INFO    : Producing posterior samples using rejection sampling
08-04 15:51 nessai INFO    : Expect 4073.087936508168 samples from rejection sampling
08-04 15:51 nessai INFO    : Returned 4090 posterior samples
08-04 15:51 nessai INFO    : Starting to close worker pool.
08-04 15:51 nessai INFO    : Finished closing worker pool.
