/data/wiay/postgrads/shashwat/qunat_com_future/lib/python3.11/site-packages/nessai/utils/logging.py:133: FutureWarning: setup_logger is deprecated, use configure_logger instead
  warnings.warn(
08-04 16:22 nessai INFO    : Running Nessai version 0.15.2
08-04 16:22 nessai INFO    : Starting multiprocessing pool with 4 processes
08-04 16:22 nessai INFO    : Initialising nested sampler
08-04 16:22 nessai WARNING : Multiprocessing pool has already been configured.
/data/wiay/postgrads/shashwat/qunat_com_future/lib/python3.11/site-packages/nessai/gw/__init__.py:12: FutureWarning: The `nessai.gw` module will be deprecated in the next release in favour of the nessai-gw package. This packages provides the same functionality as`nessai.gw` via the plugin interface.For more details, see: https://github.com/mj-will/nessai-gw
  warnings.warn(
08-04 16:22 nessai INFO    : Passing kwargs to FlowProposal: {'poolsize': 1000}
08-04 16:22 nessai INFO    : No reparameterisations provided, using default reparameterisations included in FlowProposal
08-04 16:22 nessai INFO    : Adding reparameterisations from: {}
08-04 16:22 nessai INFO    : Assuming fallback reparameterisation (ScaleAndShift) for ['kappa', 'mu_xi', 'sigma_chi', 'sigma_xi', 'rho', 'lambda_chi', 'chi0', 'xi0'] with kwargs: {'estimate_scale': True, 'estimate_shift': True, 'prior_bounds': {'kappa': array([0.1, 5. ]), 'mu_xi': array([0. , 0.1]), 'sigma_chi': array([0.05, 0.6 ]), 'sigma_xi': array([0.05, 0.4 ]), 'rho': array([-0.9,  0.9]), 'lambda_chi': array([-0.5,  0.5]), 'chi0': array([-0.5,  0.5]), 'xi0': array([2.5, 5. ])}}.
08-04 16:22 nessai INFO    : x space parameters: ['kappa', 'mu_xi', 'sigma_chi', 'sigma_xi', 'rho', 'lambda_chi', 'chi0', 'xi0']
08-04 16:22 nessai INFO    : x prime space parameters: ['kappa_prime', 'mu_xi_prime', 'sigma_chi_prime', 'sigma_xi_prime', 'rho_prime', 'lambda_chi_prime', 'chi0_prime', 'xi0_prime']
08-04 16:22 nessai INFO    : Overwriting fuzz factor with expansion fraction
08-04 16:22 nessai INFO    : New fuzz factor: 1.2228445449938519
08-04 16:22 nessai INFO    : Verifying rescaling functions
08-04 16:22 nessai INFO    : Rescaling functions are invertible
08-04 16:22 nessai INFO    : Populating initial live points
08-04 16:22 nessai INFO    : Populated 100 / 1000 live points
08-04 16:22 nessai INFO    : Populated 200 / 1000 live points
08-04 16:22 nessai INFO    : Populated 300 / 1000 live points
08-04 16:22 nessai INFO    : Populated 400 / 1000 live points
08-04 16:22 nessai INFO    : Populated 500 / 1000 live points
08-04 16:22 nessai INFO    : Populated 600 / 1000 live points
08-04 16:22 nessai INFO    : Populated 700 / 1000 live points
08-04 16:22 nessai INFO    : Populated 800 / 1000 live points
08-04 16:22 nessai INFO    : Populated 900 / 1000 live points
08-04 16:22 nessai INFO    : Populated 1000 / 1000 live points
08-04 16:22 nessai INFO    : Starting nested sampling loop
08-04 16:22 nessai INFO    : it:  1000: Rolling KS test: D=0.017, p-value=0.5547
08-04 16:22 nessai INFO    : it:  1000: n eval: 3000 H: 7.91 dlogZ: 8182763.371 logZ: -8208234.998 +/- 0.089 logLmax: -25470.63
08-04 16:22 nessai INFO    : it:  2000: Rolling KS test: D=0.031, p-value=0.1433
08-04 16:22 nessai INFO    : it:  2000: n eval: 8000 H: 8.91 dlogZ: 2155861.825 logZ: -2160734.629 +/- 0.094 logLmax: -4870.81
08-04 16:22 nessai INFO    : Switching to FlowProposal
08-04 16:22 nessai INFO    : it:  3000: Rolling KS test: D=0.026, p-value=0.2543
08-04 16:22 nessai INFO    : it:  3000: n eval: 12201 H: 9.91 dlogZ: 771060.241 logZ: -775934.045 +/- 0.100 logLmax: -4870.81
08-04 16:22 nessai INFO    : it:  4000: Rolling KS test: D=0.026, p-value=0.2543
08-04 16:22 nessai INFO    : it:  4000: n eval: 16503 H: 10.91 dlogZ: 310412.549 logZ: -312014.821 +/- 0.104 logLmax: -1598.27
08-04 16:22 nessai INFO    : it:  5000: Rolling KS test: D=0.017, p-value=0.5547
08-04 16:22 nessai INFO    : it:  5000: n eval: 20674 H: 11.91 dlogZ: 135187.109 logZ: -136768.493 +/- 0.109 logLmax: -1576.38
08-04 16:22 nessai INFO    : it:  6000: Rolling KS test: D=0.029, p-value=0.1825
08-04 16:22 nessai INFO    : it:  6000: n eval: 25213 H: 12.91 dlogZ: 61373.798 logZ: -62095.250 +/- 0.114 logLmax: -715.45
08-04 16:22 nessai INFO    : it:  7000: Rolling KS test: D=0.029, p-value=0.1825
08-04 16:22 nessai INFO    : it:  7000: n eval: 30775 H: 13.91 dlogZ: 29433.150 logZ: -30155.602 +/- 0.118 logLmax: -715.45
08-04 16:22 nessai INFO    : it:  8000: Rolling KS test: D=0.015, p-value=0.6313
08-04 16:22 nessai INFO    : it:  8000: n eval: 36485 H: 14.80 dlogZ: 14567.090 logZ: -14874.988 +/- 0.122 logLmax: -299.90
08-04 16:22 nessai INFO    : it:  9000: Rolling KS test: D=0.008, p-value=0.8752
08-04 16:22 nessai INFO    : it:  9000: n eval: 42212 H: 15.65 dlogZ: 7744.774 logZ: -7897.860 +/- 0.125 logLmax: -144.09
08-04 16:22 nessai INFO    : it: 10000: Rolling KS test: D=0.02, p-value=0.4434
08-04 16:22 nessai INFO    : it: 10000: n eval: 47205 H: 16.10 dlogZ: 3998.174 logZ: -4146.841 +/- 0.127 logLmax: -138.67
08-04 16:22 nessai INFO    : it: 11000: Rolling KS test: D=0.016, p-value=0.593
08-04 16:22 nessai INFO    : it: 11000: n eval: 51803 H: 17.00 dlogZ: 2241.269 logZ: -2269.491 +/- 0.130 logLmax: -17.22
08-04 16:22 nessai INFO    : it: 12000: Rolling KS test: D=0.019, p-value=0.4797
08-04 16:22 nessai INFO    : it: 12000: n eval: 61465 H: 17.41 dlogZ: 1262.203 logZ: -1291.425 +/- 0.132 logLmax: -17.22
08-04 16:22 nessai INFO    : it: 13000: Rolling KS test: D=0.011, p-value=0.7794
08-04 16:22 nessai INFO    : it: 13000: n eval: 66773 H: 18.39 dlogZ: 714.776 logZ: -740.780 +/- 0.136 logLmax: -13.01
08-04 16:22 nessai INFO    : it: 14000: Rolling KS test: D=0.037, p-value=0.06311
08-04 16:22 nessai INFO    : it: 14000: n eval: 72575 H: 18.17 dlogZ: 389.347 logZ: -416.351 +/- 0.135 logLmax: -13.01
08-04 16:22 nessai INFO    : it: 15000: Rolling KS test: D=0.019, p-value=0.4797
08-04 16:22 nessai INFO    : it: 15000: n eval: 78930 H: 18.54 dlogZ: 222.325 logZ: -250.329 +/- 0.136 logLmax: -13.01
08-04 16:23 nessai INFO    : it: 16000: Rolling KS test: D=0.039, p-value=0.0465
08-04 16:23 nessai INFO    : it: 16000: n eval: 88532 H: 19.52 dlogZ: 126.440 logZ: -154.994 +/- 0.140 logLmax: -12.55
08-04 16:23 nessai INFO    : it: 17000: Rolling KS test: D=0.009, p-value=0.8454
08-04 16:23 nessai INFO    : it: 17000: n eval: 96009 H: 19.64 dlogZ: 71.918 logZ: -98.137 +/- 0.140 logLmax: -9.22
08-04 16:23 nessai INFO    : it: 18000: Rolling KS test: D=0.031, p-value=0.1433
08-04 16:23 nessai INFO    : it: 18000: n eval: 111728 H: 20.00 dlogZ: 46.486 logZ: -70.077 +/- 0.141 logLmax: -5.59
08-04 16:23 nessai INFO    : it: 19000: Rolling KS test: D=0.028, p-value=0.2046
08-04 16:23 nessai INFO    : it: 19000: n eval: 131901 H: 20.50 dlogZ: 28.879 logZ: -53.470 +/- 0.143 logLmax: -5.59
08-04 16:23 nessai INFO    : it: 20000: Rolling KS test: D=0.016, p-value=0.593
08-04 16:23 nessai INFO    : it: 20000: n eval: 162223 H: 20.99 dlogZ: 20.057 logZ: -43.742 +/- 0.145 logLmax: -3.69
08-04 16:23 nessai INFO    : it: 21000: Rolling KS test: D=0.015, p-value=0.6313
08-04 16:23 nessai INFO    : it: 21000: n eval: 208830 H: 21.46 dlogZ: 14.820 logZ: -37.519 +/- 0.147 logLmax: -1.70
08-04 16:23 nessai INFO    : it: 22000: Rolling KS test: D=0.017, p-value=0.5547
08-04 16:23 nessai INFO    : it: 22000: n eval: 234694 H: 21.78 dlogZ: 10.331 logZ: -34.029 +/- 0.148 logLmax: -1.70
08-04 16:23 nessai INFO    : it: 23000: Rolling KS test: D=0.015, p-value=0.6313
08-04 16:23 nessai INFO    : it: 23000: n eval: 294694 H: 22.28 dlogZ: 7.231 logZ: -31.929 +/- 0.149 logLmax: -1.70
08-04 16:23 nessai INFO    : it: 24000: Rolling KS test: D=0.024, p-value=0.311
08-04 16:23 nessai INFO    : it: 24000: n eval: 354443 H: 22.76 dlogZ: 5.576 logZ: -30.481 +/- 0.151 logLmax: -0.91
08-04 16:23 nessai INFO    : it: 25000: Rolling KS test: D=0.032, p-value=0.1263
08-04 16:23 nessai INFO    : it: 25000: n eval: 414443 H: 23.15 dlogZ: 3.684 logZ: -29.567 +/- 0.152 logLmax: -0.91
08-04 16:23 nessai INFO    : it: 26000: Rolling KS test: D=0.034, p-value=0.09683
08-04 16:23 nessai INFO    : it: 26000: n eval: 474443 H: 23.49 dlogZ: 2.203 logZ: -28.994 +/- 0.153 logLmax: -0.91
08-04 16:23 nessai INFO    : it: 27000: Rolling KS test: D=0.01, p-value=0.8133
08-04 16:23 nessai INFO    : it: 27000: n eval: 524222 H: 23.76 dlogZ: 1.173 logZ: -28.649 +/- 0.154 logLmax: -0.85
08-04 16:24 nessai INFO    : it: 28000: Rolling KS test: D=0.018, p-value=0.5169
08-04 16:24 nessai INFO    : it: 28000: n eval: 560774 H: 23.96 dlogZ: 0.590 logZ: -28.450 +/- 0.155 logLmax: -0.67
08-04 16:24 nessai INFO    : it: 29000: Rolling KS test: D=0.018, p-value=0.5169
08-04 16:24 nessai INFO    : it: 29000: n eval: 587546 H: 24.10 dlogZ: 0.240 logZ: -28.341 +/- 0.155 logLmax: -0.65
08-04 16:24 nessai INFO    : it: 30000: Rolling KS test: D=0.012, p-value=0.7438
08-04 16:24 nessai INFO    : it: 30000: n eval: 621990 H: 24.18 dlogZ: 0.116 logZ: -28.284 +/- 0.155 logLmax: -0.38
08-04 16:24 nessai INFO    : Stopping with difference_log_evidence=0.100
08-04 16:24 nessai INFO    : Finalising
08-04 16:24 nessai INFO    : Final ln-evidence: -28.233 +/- 0.156
08-04 16:24 nessai INFO    : Information: 24.27
08-04 16:24 nessai INFO    : Final KS test: D=0.006491, p-value=0.07848
08-04 16:24 nessai INFO    : Checkpointing nested sampling
08-04 16:24 nessai INFO    : Total sampling time: 0:01:51.138865
08-04 16:24 nessai INFO    : Total training time: 0:00:37.141331
08-04 16:24 nessai INFO    : Total population time: 0:00:30.091799
08-04 16:24 nessai INFO    : Total likelihood evaluations: 621990
08-04 16:24 nessai INFO    : Time spent evaluating likelihood: 0:00:11.389021
08-04 16:24 nessai INFO    : Total sampling time: 0:01:51.138865
08-04 16:24 nessai INFO    : Total likelihood evaluations: 621990
08-04 16:24 nessai INFO    : Starting post processing
08-04 16:24 nessai INFO    : Computing posterior samples
08-04 16:24 nessai INFO    : Effective sample size: 6810.0
08-04 16:24 nessai INFO    : Producing posterior samples using rejection sampling
08-04 16:24 nessai INFO    : Expect 4748.108217099243 samples from rejection sampling
08-04 16:24 nessai INFO    : Returned 4738 posterior samples
08-04 16:24 nessai INFO    : Starting to close worker pool.
08-04 16:24 nessai INFO    : Finished closing worker pool.
