/data/wiay/postgrads/shashwat/qunat_com_future/lib/python3.11/site-packages/nessai/utils/logging.py:133: FutureWarning: setup_logger is deprecated, use configure_logger instead
  warnings.warn(
08-04 15:45 nessai INFO    : Running Nessai version 0.15.2
08-04 15:45 nessai INFO    : Starting multiprocessing pool with 4 processes
08-04 15:45 nessai INFO    : Initialising nested sampler
08-04 15:45 nessai WARNING : Multiprocessing pool has already been configured.
/data/wiay/postgrads/shashwat/qunat_com_future/lib/python3.11/site-packages/nessai/gw/__init__.py:12: FutureWarning: The `nessai.gw` module will be deprecated in the next release in favour of the nessai-gw package. This packages provides the same functionality as`nessai.gw` via the plugin interface.For more details, see: https://github.com/mj-will/nessai-gw
  warnings.warn(
08-04 15:45 nessai INFO    : Passing kwargs to FlowProposal: {'poolsize': 1000}
08-04 15:45 nessai INFO    : No reparameterisations provided, using default reparameterisations included in FlowProposal
08-04 15:45 nessai INFO    : Adding reparameterisations from: {}
08-04 15:45 nessai INFO    : Assuming fallback reparameterisation (ScaleAndShift) for ['kappa', 'mu_xi', 'sigma_chi', 'sigma_xi', 'rho', 'lambda_chi', 'chi0', 'xi0'] with kwargs: {'estimate_scale': True, 'estimate_shift': True, 'prior_bounds': {'kappa': array([0.1, 5. ]), 'mu_xi': array([0. , 0.1]), 'sigma_chi': array([0.05, 0.6 ]), 'sigma_xi': array([0.05, 0.4 ]), 'rho': array([-0.9,  0.9]), 'lambda_chi': array([-0.5,  0.5]), 'chi0': array([-0.5,  0.5]), 'xi0': array([2.5, 5. ])}}.
08-04 15:45 nessai INFO    : x space parameters: ['kappa', 'mu_xi', 'sigma_chi', 'sigma_xi', 'rho', 'lambda_chi', 'chi0', 'xi0']
08-04 15:45 nessai INFO    : x prime space parameters: ['kappa_prime', 'mu_xi_prime', 'sigma_chi_prime', 'sigma_xi_prime', 'rho_prime', 'lambda_chi_prime', 'chi0_prime', 'xi0_prime']
08-04 15:45 nessai INFO    : Overwriting fuzz factor with expansion fraction
08-04 15:45 nessai INFO    : New fuzz factor: 1.2228445449938519
08-04 15:45 nessai INFO    : Verifying rescaling functions
08-04 15:45 nessai INFO    : Rescaling functions are invertible
08-04 15:45 nessai INFO    : Populating initial live points
08-04 15:45 nessai INFO    : Populated 100 / 1000 live points
08-04 15:45 nessai INFO    : Populated 200 / 1000 live points
08-04 15:45 nessai INFO    : Populated 300 / 1000 live points
08-04 15:45 nessai INFO    : Populated 400 / 1000 live points
08-04 15:45 nessai INFO    : Populated 500 / 1000 live points
08-04 15:45 nessai INFO    : Populated 600 / 1000 live points
08-04 15:45 nessai INFO    : Populated 700 / 1000 live points
08-04 15:45 nessai INFO    : Populated 800 / 1000 live points
08-04 15:45 nessai INFO    : Populated 900 / 1000 live points
08-04 15:45 nessai INFO    : Populated 1000 / 1000 live points
08-04 15:45 nessai INFO    : Starting nested sampling loop
08-04 15:45 nessai INFO    : it:  1000: Rolling KS test: D=0.011, p-value=0.7794
08-04 15:45 nessai INFO    : it:  1000: n eval: 3000 H: 7.91 dlogZ: 8024507.144 logZ: -8029608.072 +/- 0.089 logLmax: -5099.93
08-04 15:45 nessai INFO    : it:  2000: Rolling KS test: D=0.035, p-value=0.08429
08-04 15:45 nessai INFO    : it:  2000: n eval: 8000 H: 8.91 dlogZ: 530271.272 logZ: -535373.200 +/- 0.094 logLmax: -5099.93
08-04 15:45 nessai INFO    : Switching to FlowProposal
08-04 15:45 nessai INFO    : it:  3000: Rolling KS test: D=0.012, p-value=0.7438
08-04 15:45 nessai INFO    : it:  3000: n eval: 10353 H: 9.91 dlogZ: 135767.942 logZ: -140870.870 +/- 0.100 logLmax: -5099.93
08-04 15:45 nessai INFO    : it:  4000: Rolling KS test: D=0.031, p-value=0.1433
08-04 15:45 nessai INFO    : it:  4000: n eval: 13531 H: 10.91 dlogZ: 63798.171 logZ: -64277.616 +/- 0.104 logLmax: -475.45
08-04 15:45 nessai INFO    : it:  5000: Rolling KS test: D=0.018, p-value=0.5169
08-04 15:45 nessai INFO    : it:  5000: n eval: 17212 H: 11.90 dlogZ: 33709.050 logZ: -34039.258 +/- 0.109 logLmax: -325.21
08-04 15:45 nessai INFO    : it:  6000: Rolling KS test: D=0.013, p-value=0.7071
08-04 15:45 nessai INFO    : it:  6000: n eval: 21499 H: 12.89 dlogZ: 18271.592 logZ: -18602.800 +/- 0.114 logLmax: -325.21
08-04 15:45 nessai INFO    : it:  7000: Rolling KS test: D=0.036, p-value=0.07308
08-04 15:45 nessai INFO    : it:  7000: n eval: 25650 H: 13.91 dlogZ: 9969.222 logZ: -10301.430 +/- 0.118 logLmax: -325.21
08-04 15:45 nessai INFO    : it:  8000: Rolling KS test: D=0.033, p-value=0.1108
08-04 15:45 nessai INFO    : it:  8000: n eval: 30005 H: 14.80 dlogZ: 5902.340 logZ: -6072.695 +/- 0.122 logLmax: -162.36
08-04 15:45 nessai INFO    : it:  9000: Rolling KS test: D=0.016, p-value=0.593
08-04 15:45 nessai INFO    : it:  9000: n eval: 34827 H: 15.56 dlogZ: 3551.009 logZ: -3594.336 +/- 0.125 logLmax: -34.33
08-04 15:45 nessai INFO    : it: 10000: Rolling KS test: D=0.007, p-value=0.9024
08-04 15:45 nessai INFO    : it: 10000: n eval: 39510 H: 15.87 dlogZ: 2005.803 logZ: -2050.130 +/- 0.126 logLmax: -34.33
08-04 15:45 nessai INFO    : it: 11000: Rolling KS test: D=0.024, p-value=0.311
08-04 15:45 nessai INFO    : it: 11000: n eval: 41682 H: 16.01 dlogZ: 1228.793 logZ: -1260.631 +/- 0.127 logLmax: -20.84
08-04 15:45 nessai INFO    : it: 12000: Rolling KS test: D=0.022, p-value=0.3744
08-04 15:45 nessai INFO    : it: 12000: n eval: 45929 H: 16.53 dlogZ: 747.336 logZ: -780.174 +/- 0.129 logLmax: -20.84
08-04 15:45 nessai INFO    : it: 13000: Rolling KS test: D=0.026, p-value=0.2543
08-04 15:45 nessai INFO    : it: 13000: n eval: 53925 H: 17.77 dlogZ: 454.762 logZ: -488.600 +/- 0.133 logLmax: -20.84
08-04 15:45 nessai INFO    : it: 14000: Rolling KS test: D=0.025, p-value=0.2818
08-04 15:45 nessai INFO    : it: 14000: n eval: 56892 H: 17.70 dlogZ: 279.960 logZ: -303.529 +/- 0.133 logLmax: -9.57
08-04 15:45 nessai INFO    : it: 15000: Rolling KS test: D=0.028, p-value=0.2046
08-04 15:45 nessai INFO    : it: 15000: n eval: 64947 H: 18.54 dlogZ: 172.271 logZ: -194.246 +/- 0.136 logLmax: -6.98
08-04 15:45 nessai INFO    : it: 16000: Rolling KS test: D=0.034, p-value=0.09683
08-04 15:45 nessai INFO    : it: 16000: n eval: 70683 H: 19.00 dlogZ: 106.534 logZ: -129.448 +/- 0.138 logLmax: -6.91
08-04 15:45 nessai INFO    : it: 17000: Rolling KS test: D=0.011, p-value=0.7794
08-04 15:45 nessai INFO    : it: 17000: n eval: 76144 H: 19.44 dlogZ: 62.651 logZ: -85.635 +/- 0.139 logLmax: -5.98
08-04 15:45 nessai INFO    : it: 18000: Rolling KS test: D=0.025, p-value=0.2818
08-04 15:45 nessai INFO    : it: 18000: n eval: 82541 H: 19.77 dlogZ: 39.893 logZ: -61.434 +/- 0.141 logLmax: -3.54
08-04 15:45 nessai INFO    : it: 19000: Rolling KS test: D=0.016, p-value=0.593
08-04 15:45 nessai INFO    : it: 19000: n eval: 91611 H: 20.40 dlogZ: 24.536 logZ: -47.077 +/- 0.143 logLmax: -3.54
08-04 15:45 nessai INFO    : it: 20000: Rolling KS test: D=0.039, p-value=0.0465
08-04 15:45 nessai INFO    : it: 20000: n eval: 103534 H: 20.83 dlogZ: 15.595 logZ: -38.760 +/- 0.144 logLmax: -3.17
08-04 15:45 nessai INFO    : it: 21000: Rolling KS test: D=0.01, p-value=0.8133
08-04 15:45 nessai INFO    : it: 21000: n eval: 111347 H: 21.23 dlogZ: 10.022 logZ: -33.521 +/- 0.146 logLmax: -2.50
08-04 15:45 nessai INFO    : it: 22000: Rolling KS test: D=0.022, p-value=0.3744
08-04 15:45 nessai INFO    : it: 22000: n eval: 123186 H: 21.54 dlogZ: 6.248 logZ: -30.745 +/- 0.147 logLmax: -2.50
08-04 15:45 nessai INFO    : it: 23000: Rolling KS test: D=0.021, p-value=0.4082
08-04 15:46 nessai INFO    : it: 23000: n eval: 146966 H: 21.88 dlogZ: 3.765 logZ: -29.169 +/- 0.148 logLmax: -2.43
08-04 15:46 nessai INFO    : it: 24000: Rolling KS test: D=0.02, p-value=0.4434
08-04 15:46 nessai INFO    : it: 24000: n eval: 176877 H: 22.12 dlogZ: 2.053 logZ: -28.343 +/- 0.149 logLmax: -2.43
08-04 15:46 nessai INFO    : it: 25000: Rolling KS test: D=0.043, p-value=0.02406
08-04 15:46 nessai INFO    : it: 25000: n eval: 202240 H: 22.33 dlogZ: 1.137 logZ: -27.887 +/- 0.149 logLmax: -2.14
08-04 15:46 nessai INFO    : it: 26000: Rolling KS test: D=0.013, p-value=0.7071
08-04 15:46 nessai INFO    : it: 26000: n eval: 228355 H: 22.47 dlogZ: 0.480 logZ: -27.653 +/- 0.150 logLmax: -2.14
08-04 15:46 nessai INFO    : it: 27000: Rolling KS test: D=0.025, p-value=0.2818
08-04 15:46 nessai INFO    : it: 27000: n eval: 253392 H: 22.57 dlogZ: 0.194 logZ: -27.536 +/- 0.150 logLmax: -2.08
08-04 15:46 nessai INFO    : Stopping with difference_log_evidence=0.100
08-04 15:46 nessai INFO    : Finalising
08-04 15:46 nessai INFO    : Final ln-evidence: -27.436 +/- 0.151
08-04 15:46 nessai INFO    : Information: 22.68
08-04 15:46 nessai INFO    : Final KS test: D=0.008336, p-value=0.02125
08-04 15:46 nessai WARNING : Final p-value for the insertion indices is less than 0.05, this could be an indication of problems during sampling. Consider checking the diagnostic plots.
08-04 15:46 nessai INFO    : Checkpointing nested sampling
08-04 15:46 nessai INFO    : Total sampling time: 0:01:17.318031
08-04 15:46 nessai INFO    : Total training time: 0:00:25.854479
08-04 15:46 nessai INFO    : Total population time: 0:00:17.255131
08-04 15:46 nessai INFO    : Total likelihood evaluations: 276081
08-04 15:46 nessai INFO    : Time spent evaluating likelihood: 0:00:05.659175
08-04 15:46 nessai INFO    : Total sampling time: 0:01:17.318031
08-04 15:46 nessai INFO    : Total likelihood evaluations: 276081
08-04 15:46 nessai INFO    : Starting post processing
08-04 15:46 nessai INFO    : Computing posterior samples
08-04 15:46 nessai INFO    : Effective sample size: 5772.6
08-04 15:46 nessai INFO    : Producing posterior samples using rejection sampling
08-04 15:46 nessai INFO    : Expect 4017.4072711513104 samples from rejection sampling
08-04 15:46 nessai INFO    : Returned 3985 posterior samples
08-04 15:46 nessai INFO    : Starting to close worker pool.
08-04 15:46 nessai INFO    : Finished closing worker pool.
