/data/wiay/postgrads/shashwat/qunat_com_future/lib/python3.11/site-packages/nessai/utils/logging.py:133: FutureWarning: setup_logger is deprecated, use configure_logger instead
  warnings.warn(
08-04 14:51 nessai INFO    : Running Nessai version 0.15.2
08-04 14:51 nessai INFO    : Starting multiprocessing pool with 4 processes
08-04 14:51 nessai INFO    : Initialising nested sampler
08-04 14:51 nessai WARNING : Multiprocessing pool has already been configured.
/data/wiay/postgrads/shashwat/qunat_com_future/lib/python3.11/site-packages/nessai/gw/__init__.py:12: FutureWarning: The `nessai.gw` module will be deprecated in the next release in favour of the nessai-gw package. This packages provides the same functionality as`nessai.gw` via the plugin interface.For more details, see: https://github.com/mj-will/nessai-gw
  warnings.warn(
08-04 14:51 nessai INFO    : Passing kwargs to FlowProposal: {'poolsize': 1000}
08-04 14:51 nessai INFO    : No reparameterisations provided, using default reparameterisations included in FlowProposal
08-04 14:51 nessai INFO    : Adding reparameterisations from: {}
08-04 14:51 nessai INFO    : Assuming fallback reparameterisation (ScaleAndShift) for ['kappa', 'mu_xi', 'sigma_chi', 'sigma_xi', 'rho', 'lambda_chi', 'chi0', 'xi0'] with kwargs: {'estimate_scale': True, 'estimate_shift': True, 'prior_bounds': {'kappa': array([0.1, 5. ]), 'mu_xi': array([0. , 0.1]), 'sigma_chi': array([0.05, 0.6 ]), 'sigma_xi': array([0.05, 0.4 ]), 'rho': array([-0.9,  0.9]), 'lambda_chi': array([-0.5,  0.5]), 'chi0': array([-0.5,  0.5]), 'xi0': array([2.5, 5. ])}}.
08-04 14:51 nessai INFO    : x space parameters: ['kappa', 'mu_xi', 'sigma_chi', 'sigma_xi', 'rho', 'lambda_chi', 'chi0', 'xi0']
08-04 14:51 nessai INFO    : x prime space parameters: ['kappa_prime', 'mu_xi_prime', 'sigma_chi_prime', 'sigma_xi_prime', 'rho_prime', 'lambda_chi_prime', 'chi0_prime', 'xi0_prime']
08-04 14:51 nessai INFO    : Overwriting fuzz factor with expansion fraction
08-04 14:51 nessai INFO    : New fuzz factor: 1.2228445449938519
08-04 14:51 nessai INFO    : Verifying rescaling functions
08-04 14:51 nessai INFO    : Rescaling functions are invertible
08-04 14:51 nessai INFO    : Populating initial live points
08-04 14:51 nessai INFO    : Populated 100 / 1000 live points
08-04 14:51 nessai INFO    : Populated 200 / 1000 live points
08-04 14:51 nessai INFO    : Populated 300 / 1000 live points
08-04 14:51 nessai INFO    : Populated 400 / 1000 live points
08-04 14:51 nessai INFO    : Populated 500 / 1000 live points
08-04 14:51 nessai INFO    : Populated 600 / 1000 live points
08-04 14:51 nessai INFO    : Populated 700 / 1000 live points
08-04 14:51 nessai INFO    : Populated 800 / 1000 live points
08-04 14:51 nessai INFO    : Populated 900 / 1000 live points
08-04 14:51 nessai INFO    : Populated 1000 / 1000 live points
08-04 14:51 nessai INFO    : Starting nested sampling loop
08-04 14:51 nessai INFO    : it:  1000: Rolling KS test: D=0.038, p-value=0.05428
08-04 14:51 nessai INFO    : it:  1000: n eval: 3000 H: 7.91 dlogZ: 8910131.043 logZ: -8914104.923 +/- 0.089 logLmax: -3972.88
08-04 14:51 nessai INFO    : it:  2000: Rolling KS test: D=0.032, p-value=0.1263
08-04 14:51 nessai INFO    : it:  2000: n eval: 8000 H: 8.91 dlogZ: 526384.159 logZ: -530047.733 +/- 0.094 logLmax: -3661.57
08-04 14:51 nessai INFO    : Switching to FlowProposal
08-04 14:51 nessai INFO    : it:  3000: Rolling KS test: D=0.004, p-value=0.9659
08-04 14:51 nessai INFO    : it:  3000: n eval: 11899 H: 9.91 dlogZ: 156829.760 logZ: -157745.752 +/- 0.100 logLmax: -912.99
08-04 14:51 nessai INFO    : it:  4000: Rolling KS test: D=0.025, p-value=0.2818
08-04 14:51 nessai INFO    : it:  4000: n eval: 15444 H: 10.91 dlogZ: 67068.655 logZ: -67985.647 +/- 0.104 logLmax: -912.99
08-04 14:51 nessai INFO    : it:  5000: Rolling KS test: D=0.009, p-value=0.8454
08-04 14:51 nessai INFO    : it:  5000: n eval: 17184 H: 11.76 dlogZ: 31227.026 logZ: -32136.172 +/- 0.108 logLmax: -904.15
08-04 14:51 nessai INFO    : it:  6000: Rolling KS test: D=0.045, p-value=0.01689
08-04 14:51 nessai INFO    : it:  6000: n eval: 21354 H: 12.23 dlogZ: 15223.892 logZ: -15832.001 +/- 0.111 logLmax: -602.11
08-04 14:51 nessai INFO    : it:  7000: Rolling KS test: D=0.027, p-value=0.2286
08-04 14:52 nessai INFO    : it:  7000: n eval: 25685 H: 13.09 dlogZ: 8052.994 logZ: -8274.782 +/- 0.114 logLmax: -214.79
08-04 14:52 nessai INFO    : it:  8000: Rolling KS test: D=0.043, p-value=0.02406
08-04 14:52 nessai INFO    : it:  8000: n eval: 29871 H: 14.62 dlogZ: 4252.921 logZ: -4364.197 +/- 0.121 logLmax: -103.28
08-04 14:52 nessai INFO    : it:  9000: Rolling KS test: D=0.041, p-value=0.03371
08-04 14:52 nessai INFO    : it:  9000: n eval: 34255 H: 14.54 dlogZ: 2229.587 logZ: -2314.442 +/- 0.121 logLmax: -75.86
08-04 14:52 nessai INFO    : it: 10000: Rolling KS test: D=0.04, p-value=0.03967
08-04 14:52 nessai INFO    : it: 10000: n eval: 38891 H: 15.95 dlogZ: 1210.332 logZ: -1271.416 +/- 0.126 logLmax: -51.09
08-04 14:52 nessai INFO    : it: 11000: Rolling KS test: D=0.031, p-value=0.1433
08-04 14:52 nessai INFO    : it: 11000: n eval: 44402 H: 15.85 dlogZ: 678.133 logZ: -699.301 +/- 0.126 logLmax: -10.17
08-04 14:52 nessai INFO    : it: 12000: Rolling KS test: D=0.025, p-value=0.2818
08-04 14:52 nessai INFO    : it: 12000: n eval: 49084 H: 16.41 dlogZ: 374.008 logZ: -396.176 +/- 0.128 logLmax: -10.17
08-04 14:52 nessai INFO    : it: 13000: Rolling KS test: D=0.032, p-value=0.1263
08-04 14:52 nessai INFO    : it: 13000: n eval: 54301 H: 16.83 dlogZ: 214.226 logZ: -237.393 +/- 0.130 logLmax: -10.17
08-04 14:52 nessai INFO    : it: 14000: Rolling KS test: D=0.011, p-value=0.7794
08-04 14:52 nessai INFO    : it: 14000: n eval: 62558 H: 17.17 dlogZ: 125.377 logZ: -149.544 +/- 0.131 logLmax: -10.17
08-04 14:52 nessai INFO    : it: 15000: Rolling KS test: D=0.039, p-value=0.0465
08-04 14:52 nessai INFO    : it: 15000: n eval: 68365 H: 17.56 dlogZ: 78.011 logZ: -99.263 +/- 0.133 logLmax: -6.25
08-04 14:52 nessai INFO    : it: 16000: Rolling KS test: D=0.018, p-value=0.5169
08-04 14:52 nessai INFO    : it: 16000: n eval: 74834 H: 18.15 dlogZ: 47.392 logZ: -69.367 +/- 0.135 logLmax: -5.98
08-04 14:52 nessai INFO    : it: 17000: Rolling KS test: D=0.024, p-value=0.311
08-04 14:52 nessai INFO    : it: 17000: n eval: 84650 H: 18.59 dlogZ: 27.997 logZ: -50.788 +/- 0.136 logLmax: -5.79
08-04 14:52 nessai INFO    : it: 18000: Rolling KS test: D=0.032, p-value=0.1263
08-04 14:52 nessai INFO    : it: 18000: n eval: 91334 H: 19.03 dlogZ: 18.292 logZ: -40.596 +/- 0.138 logLmax: -4.31
08-04 14:52 nessai INFO    : it: 19000: Rolling KS test: D=0.03, p-value=0.162
08-04 14:52 nessai INFO    : it: 19000: n eval: 102518 H: 19.47 dlogZ: 11.274 logZ: -34.243 +/- 0.140 logLmax: -3.97
08-04 14:52 nessai INFO    : it: 20000: Rolling KS test: D=0.022, p-value=0.3744
08-04 14:52 nessai INFO    : it: 20000: n eval: 111507 H: 19.85 dlogZ: 7.375 logZ: -30.774 +/- 0.141 logLmax: -3.40
08-04 14:52 nessai INFO    : it: 21000: Rolling KS test: D=0.007, p-value=0.9024
08-04 14:52 nessai INFO    : it: 21000: n eval: 124792 H: 20.17 dlogZ: 4.670 logZ: -28.749 +/- 0.142 logLmax: -3.09
08-04 14:52 nessai INFO    : it: 22000: Rolling KS test: D=0.018, p-value=0.5169
08-04 14:52 nessai INFO    : it: 22000: n eval: 141969 H: 20.44 dlogZ: 2.871 logZ: -27.672 +/- 0.143 logLmax: -2.86
08-04 14:52 nessai INFO    : it: 23000: Rolling KS test: D=0.024, p-value=0.311
08-04 14:52 nessai INFO    : it: 23000: n eval: 167889 H: 20.65 dlogZ: 1.692 logZ: -27.093 +/- 0.144 logLmax: -2.61
08-04 14:52 nessai INFO    : it: 24000: Rolling KS test: D=0.036, p-value=0.07308
08-04 14:52 nessai INFO    : it: 24000: n eval: 203714 H: 20.82 dlogZ: 0.986 logZ: -26.789 +/- 0.144 logLmax: -2.27
08-04 14:52 nessai INFO    : it: 25000: Rolling KS test: D=0.029, p-value=0.1825
08-04 14:52 nessai INFO    : it: 25000: n eval: 237327 H: 20.93 dlogZ: 0.453 logZ: -26.632 +/- 0.145 logLmax: -2.19
08-04 14:53 nessai INFO    : it: 26000: Rolling KS test: D=0.027, p-value=0.2286
08-04 14:53 nessai INFO    : it: 26000: n eval: 277327 H: 21.01 dlogZ: 0.197 logZ: -26.553 +/- 0.145 logLmax: -2.08
08-04 14:53 nessai INFO    : Stopping with difference_log_evidence=0.100
08-04 14:53 nessai INFO    : Finalising
08-04 14:53 nessai INFO    : Final ln-evidence: -26.478 +/- 0.145
08-04 14:53 nessai INFO    : Information: 21.11
08-04 14:53 nessai INFO    : Final KS test: D=0.01217, p-value=0.0003641
08-04 14:53 nessai WARNING : Final p-value for the insertion indices is less than 0.05, this could be an indication of problems during sampling. Consider checking the diagnostic plots.
08-04 14:53 nessai INFO    : Checkpointing nested sampling
08-04 14:53 nessai INFO    : Total sampling time: 0:01:23.635209
08-04 14:53 nessai INFO    : Total training time: 0:00:28.574869
08-04 14:53 nessai INFO    : Total population time: 0:00:21.975933
08-04 14:53 nessai INFO    : Total likelihood evaluations: 306394
08-04 14:53 nessai INFO    : Time spent evaluating likelihood: 0:00:05.751566
08-04 14:53 nessai INFO    : Total sampling time: 0:01:23.635209
08-04 14:53 nessai INFO    : Total likelihood evaluations: 306394
08-04 14:53 nessai INFO    : Starting post processing
08-04 14:53 nessai INFO    : Computing posterior samples
08-04 14:53 nessai INFO    : Effective sample size: 5955.8
08-04 14:53 nessai INFO    : Producing posterior samples using rejection sampling
08-04 14:53 nessai INFO    : Expect 4012.0589414215233 samples from rejection sampling
08-04 14:53 nessai INFO    : Returned 3987 posterior samples
08-04 14:53 nessai INFO    : Starting to close worker pool.
08-04 14:53 nessai INFO    : Finished closing worker pool.
