/data/wiay/postgrads/shashwat/qunat_com_future/lib/python3.11/site-packages/nessai/utils/logging.py:133: FutureWarning: setup_logger is deprecated, use configure_logger instead
  warnings.warn(
08-04 13:31 nessai INFO    : Running Nessai version 0.15.2
08-04 13:31 nessai INFO    : Starting multiprocessing pool with 4 processes
08-04 13:31 nessai INFO    : Initialising nested sampler
08-04 13:31 nessai WARNING : Multiprocessing pool has already been configured.
/data/wiay/postgrads/shashwat/qunat_com_future/lib/python3.11/site-packages/nessai/gw/__init__.py:12: FutureWarning: The `nessai.gw` module will be deprecated in the next release in favour of the nessai-gw package. This packages provides the same functionality as`nessai.gw` via the plugin interface.For more details, see: https://github.com/mj-will/nessai-gw
  warnings.warn(
08-04 13:31 nessai INFO    : Passing kwargs to FlowProposal: {'poolsize': 1000}
08-04 13:31 nessai INFO    : No reparameterisations provided, using default reparameterisations included in FlowProposal
08-04 13:31 nessai INFO    : Adding reparameterisations from: {}
08-04 13:31 nessai INFO    : Assuming fallback reparameterisation (ScaleAndShift) for ['kappa', 'mu_xi', 'sigma_chi', 'sigma_xi', 'rho', 'lambda_chi', 'chi0', 'xi0'] with kwargs: {'estimate_scale': True, 'estimate_shift': True, 'prior_bounds': {'kappa': array([0.1, 5. ]), 'mu_xi': array([0. , 0.1]), 'sigma_chi': array([0.05, 0.6 ]), 'sigma_xi': array([0.05, 0.4 ]), 'rho': array([-0.9,  0.9]), 'lambda_chi': array([-0.5,  0.5]), 'chi0': array([-0.5,  0.5]), 'xi0': array([2.5, 5. ])}}.
08-04 13:31 nessai INFO    : x space parameters: ['kappa', 'mu_xi', 'sigma_chi', 'sigma_xi', 'rho', 'lambda_chi', 'chi0', 'xi0']
08-04 13:31 nessai INFO    : x prime space parameters: ['kappa_prime', 'mu_xi_prime', 'sigma_chi_prime', 'sigma_xi_prime', 'rho_prime', 'lambda_chi_prime', 'chi0_prime', 'xi0_prime']
08-04 13:31 nessai INFO    : Overwriting fuzz factor with expansion fraction
08-04 13:31 nessai INFO    : New fuzz factor: 1.2228445449938519
08-04 13:31 nessai INFO    : Verifying rescaling functions
08-04 13:31 nessai INFO    : Rescaling functions are invertible
08-04 13:31 nessai INFO    : Populating initial live points
08-04 13:31 nessai INFO    : Populated 100 / 1000 live points
08-04 13:31 nessai INFO    : Populated 200 / 1000 live points
08-04 13:31 nessai INFO    : Populated 300 / 1000 live points
08-04 13:31 nessai INFO    : Populated 400 / 1000 live points
08-04 13:31 nessai INFO    : Populated 500 / 1000 live points
08-04 13:31 nessai INFO    : Populated 600 / 1000 live points
08-04 13:31 nessai INFO    : Populated 700 / 1000 live points
08-04 13:31 nessai INFO    : Populated 800 / 1000 live points
08-04 13:31 nessai INFO    : Populated 900 / 1000 live points
08-04 13:31 nessai INFO    : Populated 1000 / 1000 live points
08-04 13:31 nessai INFO    : Starting nested sampling loop
08-04 13:31 nessai INFO    : it:  1000: Rolling KS test: D=0.009, p-value=0.8454
08-04 13:31 nessai INFO    : it:  1000: n eval: 3000 H: 7.91 dlogZ: 146075589.554 logZ: -147163921.817 +/- 0.089 logLmax: -1088331.26
08-04 13:31 nessai INFO    : it:  2000: Rolling KS test: D=0.017, p-value=0.5547
08-04 13:31 nessai INFO    : it:  2000: n eval: 8000 H: 8.91 dlogZ: 38345303.485 logZ: -39433636.748 +/- 0.094 logLmax: -1088331.26
08-04 13:31 nessai INFO    : Switching to FlowProposal
08-04 13:31 nessai INFO    : it:  3000: Rolling KS test: D=0.004, p-value=0.9659
08-04 13:31 nessai INFO    : it:  3000: n eval: 12042 H: 9.91 dlogZ: 14540697.940 logZ: -15564598.942 +/- 0.100 logLmax: -1023898.00
08-04 13:31 nessai INFO    : it:  4000: Rolling KS test: D=0.007, p-value=0.9024
08-04 13:31 nessai INFO    : it:  4000: n eval: 13929 H: 10.91 dlogZ: 7714368.116 logZ: -8196662.157 +/- 0.104 logLmax: -482290.04
08-04 13:31 nessai INFO    : it:  5000: Rolling KS test: D=0.016, p-value=0.593
08-04 13:31 nessai INFO    : it:  5000: n eval: 17670 H: 11.91 dlogZ: 5081718.753 logZ: -5188264.005 +/- 0.109 logLmax: -106540.25
08-04 13:31 nessai INFO    : it:  6000: Rolling KS test: D=0.028, p-value=0.2046
08-04 13:31 nessai INFO    : it:  6000: n eval: 21811 H: 12.91 dlogZ: 3334976.222 logZ: -3441522.474 +/- 0.114 logLmax: -106540.25
08-04 13:31 nessai INFO    : it:  7000: Rolling KS test: D=0.032, p-value=0.1263
08-04 13:31 nessai INFO    : it:  7000: n eval: 25944 H: 13.91 dlogZ: 2307849.053 logZ: -2414396.306 +/- 0.118 logLmax: -106540.25
08-04 13:31 nessai INFO    : it:  8000: Rolling KS test: D=0.018, p-value=0.5169
08-04 13:31 nessai INFO    : it:  8000: n eval: 30469 H: 14.91 dlogZ: 1592049.518 logZ: -1617131.626 +/- 0.122 logLmax: -25074.11
08-04 13:31 nessai INFO    : it:  9000: Rolling KS test: D=0.023, p-value=0.3419
08-04 13:31 nessai INFO    : it:  9000: n eval: 35181 H: 15.91 dlogZ: 1038806.239 logZ: -1063889.347 +/- 0.126 logLmax: -25074.11
08-04 13:31 nessai INFO    : it: 10000: Rolling KS test: D=0.006, p-value=0.9268
08-04 13:31 nessai INFO    : it: 10000: n eval: 39551 H: 16.91 dlogZ: 652050.617 logZ: -677134.725 +/- 0.130 logLmax: -25074.11
08-04 13:31 nessai INFO    : it: 11000: Rolling KS test: D=0.012, p-value=0.7438
08-04 13:31 nessai INFO    : it: 11000: n eval: 44694 H: 17.91 dlogZ: 411776.087 logZ: -436861.195 +/- 0.134 logLmax: -25074.11
08-04 13:31 nessai INFO    : it: 12000: Rolling KS test: D=0.018, p-value=0.5169
08-04 13:31 nessai INFO    : it: 12000: n eval: 49093 H: 18.91 dlogZ: 257484.289 logZ: -282570.398 +/- 0.137 logLmax: -25074.11
08-04 13:31 nessai INFO    : it: 13000: Rolling KS test: D=0.04, p-value=0.03967
08-04 13:31 nessai INFO    : it: 13000: n eval: 53308 H: 19.91 dlogZ: 174523.111 logZ: -181730.040 +/- 0.141 logLmax: -7193.93
08-04 13:31 nessai INFO    : it: 14000: Rolling KS test: D=0.037, p-value=0.06311
08-04 13:31 nessai INFO    : it: 14000: n eval: 55785 H: 20.91 dlogZ: 111779.514 logZ: -118987.443 +/- 0.145 logLmax: -7193.93
08-04 13:31 nessai INFO    : it: 15000: Rolling KS test: D=0.028, p-value=0.2046
08-04 13:31 nessai INFO    : it: 15000: n eval: 62741 H: 21.91 dlogZ: 71263.541 logZ: -75070.977 +/- 0.148 logLmax: -3792.44
08-04 13:31 nessai INFO    : it: 16000: Rolling KS test: D=0.034, p-value=0.09683
08-04 13:31 nessai INFO    : it: 16000: n eval: 64925 H: 22.91 dlogZ: 48291.820 logZ: -48805.428 +/- 0.151 logLmax: -497.61
08-04 13:31 nessai INFO    : it: 17000: Rolling KS test: D=0.049, p-value=0.007937
08-04 13:31 nessai INFO    : it: 17000: n eval: 69192 H: 23.90 dlogZ: 30129.534 logZ: -30644.141 +/- 0.155 logLmax: -497.61
08-04 13:32 nessai INFO    : it: 18000: Rolling KS test: D=0.029, p-value=0.1825
08-04 13:32 nessai INFO    : it: 18000: n eval: 74133 H: 24.91 dlogZ: 19153.171 logZ: -19668.778 +/- 0.158 logLmax: -497.61
08-04 13:32 nessai INFO    : it: 19000: Rolling KS test: D=0.03, p-value=0.162
08-04 13:32 nessai INFO    : it: 19000: n eval: 78694 H: 25.90 dlogZ: 11707.201 logZ: -12223.808 +/- 0.161 logLmax: -497.61
08-04 13:32 nessai INFO    : it: 20000: Rolling KS test: D=0.045, p-value=0.01689
08-04 13:32 nessai INFO    : it: 20000: n eval: 83679 H: 26.38 dlogZ: 7162.399 logZ: -7610.316 +/- 0.162 logLmax: -427.92
08-04 13:32 nessai INFO    : it: 21000: Rolling KS test: D=0.008, p-value=0.8752
08-04 13:32 nessai INFO    : it: 21000: n eval: 91760 H: 27.21 dlogZ: 4694.320 logZ: -4861.755 +/- 0.165 logLmax: -146.44
08-04 13:32 nessai INFO    : it: 22000: Rolling KS test: D=0.018, p-value=0.5169
08-04 13:32 nessai INFO    : it: 22000: n eval: 97388 H: 27.81 dlogZ: 2865.053 logZ: -3033.488 +/- 0.167 logLmax: -146.44
08-04 13:32 nessai INFO    : it: 23000: Rolling KS test: D=0.05, p-value=0.006506
08-04 13:32 nessai INFO    : it: 23000: n eval: 103100 H: 28.45 dlogZ: 1682.502 logZ: -1841.777 +/- 0.169 logLmax: -136.28
08-04 13:32 nessai INFO    : it: 24000: Rolling KS test: D=0.007, p-value=0.9024
08-04 13:32 nessai INFO    : it: 24000: n eval: 109154 H: 29.41 dlogZ: 1032.010 logZ: -1152.071 +/- 0.172 logLmax: -96.06
08-04 13:32 nessai INFO    : it: 25000: Rolling KS test: D=0.027, p-value=0.2286
08-04 13:32 nessai INFO    : it: 25000: n eval: 121170 H: 30.11 dlogZ: 639.258 logZ: -727.813 +/- 0.174 logLmax: -63.56
08-04 13:32 nessai INFO    : it: 26000: Rolling KS test: D=0.028, p-value=0.2046
08-04 13:32 nessai INFO    : it: 26000: n eval: 128127 H: 30.03 dlogZ: 398.414 logZ: -465.708 +/- 0.173 logLmax: -41.30
08-04 13:32 nessai INFO    : it: 27000: Rolling KS test: D=0.035, p-value=0.08429
08-04 13:32 nessai INFO    : it: 27000: n eval: 139314 H: 30.68 dlogZ: 264.985 logZ: -318.737 +/- 0.175 logLmax: -26.75
08-04 13:32 nessai INFO    : it: 28000: Rolling KS test: D=0.027, p-value=0.2286
08-04 13:32 nessai INFO    : it: 28000: n eval: 152208 H: 31.21 dlogZ: 170.695 logZ: -225.447 +/- 0.177 logLmax: -26.75
08-04 13:32 nessai INFO    : it: 29000: Rolling KS test: D=0.032, p-value=0.1263
08-04 13:32 nessai INFO    : it: 29000: n eval: 170088 H: 31.75 dlogZ: 114.752 logZ: -164.216 +/- 0.178 logLmax: -20.46
08-04 13:32 nessai INFO    : it: 30000: Rolling KS test: D=0.035, p-value=0.08429
08-04 13:32 nessai INFO    : it: 30000: n eval: 187995 H: 32.42 dlogZ: 80.743 logZ: -126.050 +/- 0.180 logLmax: -15.31
08-04 13:32 nessai INFO    : it: 31000: Rolling KS test: D=0.026, p-value=0.2543
08-04 13:32 nessai INFO    : it: 31000: n eval: 203739 H: 33.10 dlogZ: 55.741 logZ: -101.438 +/- 0.182 logLmax: -14.70
08-04 13:33 nessai INFO    : it: 32000: Rolling KS test: D=0.025, p-value=0.2818
08-04 13:33 nessai INFO    : it: 32000: n eval: 224181 H: 33.59 dlogZ: 42.100 logZ: -84.358 +/- 0.183 logLmax: -10.26
08-04 13:33 nessai INFO    : it: 33000: Rolling KS test: D=0.019, p-value=0.4797
08-04 13:33 nessai INFO    : it: 33000: n eval: 243429 H: 34.23 dlogZ: 29.836 logZ: -73.094 +/- 0.185 logLmax: -10.26
08-04 13:33 nessai INFO    : it: 34000: Rolling KS test: D=0.02, p-value=0.4434
08-04 13:33 nessai INFO    : it: 34000: n eval: 263319 H: 34.78 dlogZ: 21.021 logZ: -65.279 +/- 0.186 logLmax: -10.26
08-04 13:33 nessai INFO    : it: 35000: Rolling KS test: D=0.021, p-value=0.4082
08-04 13:33 nessai INFO    : it: 35000: n eval: 281316 H: 35.47 dlogZ: 16.612 logZ: -59.641 +/- 0.188 logLmax: -8.03
08-04 13:33 nessai INFO    : it: 36000: Rolling KS test: D=0.021, p-value=0.4082
08-04 13:33 nessai INFO    : it: 36000: n eval: 298151 H: 36.00 dlogZ: 11.691 logZ: -55.721 +/- 0.190 logLmax: -8.03
08-04 13:33 nessai INFO    : it: 37000: Rolling KS test: D=0.028, p-value=0.2046
08-04 13:33 nessai INFO    : it: 37000: n eval: 316505 H: 36.44 dlogZ: 8.210 logZ: -53.239 +/- 0.191 logLmax: -8.03
08-04 13:33 nessai INFO    : it: 38000: Rolling KS test: D=0.027, p-value=0.2286
08-04 13:33 nessai INFO    : it: 38000: n eval: 334431 H: 36.97 dlogZ: 6.193 logZ: -51.528 +/- 0.192 logLmax: -7.34
08-04 13:33 nessai INFO    : it: 39000: Rolling KS test: D=0.009, p-value=0.8454
08-04 13:33 nessai INFO    : it: 39000: n eval: 345279 H: 37.40 dlogZ: 4.184 logZ: -50.428 +/- 0.193 logLmax: -7.26
08-04 13:33 nessai INFO    : it: 40000: Rolling KS test: D=0.025, p-value=0.2818
08-04 13:33 nessai INFO    : it: 40000: n eval: 362688 H: 37.76 dlogZ: 2.567 logZ: -49.746 +/- 0.194 logLmax: -7.26
08-04 13:33 nessai INFO    : it: 41000: Rolling KS test: D=0.02, p-value=0.4434
08-04 13:33 nessai INFO    : it: 41000: n eval: 378366 H: 38.06 dlogZ: 1.598 logZ: -49.321 +/- 0.195 logLmax: -6.95
08-04 13:33 nessai INFO    : it: 42000: Rolling KS test: D=0.009, p-value=0.8454
08-04 13:34 nessai INFO    : it: 42000: n eval: 403453 H: 38.28 dlogZ: 0.758 logZ: -49.075 +/- 0.196 logLmax: -6.95
08-04 13:34 nessai INFO    : it: 43000: Rolling KS test: D=0.019, p-value=0.4797
08-04 13:34 nessai INFO    : it: 43000: n eval: 422837 H: 38.43 dlogZ: 0.373 logZ: -48.940 +/- 0.196 logLmax: -6.73
08-04 13:34 nessai INFO    : it: 44000: Rolling KS test: D=0.019, p-value=0.4797
08-04 13:34 nessai INFO    : it: 44000: n eval: 445583 H: 38.52 dlogZ: 0.144 logZ: -48.871 +/- 0.196 logLmax: -6.73
08-04 13:34 nessai INFO    : Stopping with difference_log_evidence=0.100
08-04 13:34 nessai INFO    : Finalising
08-04 13:34 nessai INFO    : Final ln-evidence: -48.809 +/- 0.197
08-04 13:34 nessai INFO    : Information: 38.62
08-04 13:34 nessai INFO    : Final KS test: D=0.007748, p-value=0.00483
08-04 13:34 nessai WARNING : Final p-value for the insertion indices is less than 0.05, this could be an indication of problems during sampling. Consider checking the diagnostic plots.
08-04 13:34 nessai INFO    : Checkpointing nested sampling
08-04 13:34 nessai INFO    : Total sampling time: 0:02:57.997835
08-04 13:34 nessai INFO    : Total training time: 0:01:01.445882
08-04 13:34 nessai INFO    : Total population time: 0:00:39.944563
08-04 13:34 nessai INFO    : Total likelihood evaluations: 453346
08-04 13:34 nessai INFO    : Time spent evaluating likelihood: 0:00:19.483163
08-04 13:34 nessai INFO    : Total sampling time: 0:02:57.997835
08-04 13:34 nessai INFO    : Total likelihood evaluations: 453346
08-04 13:34 nessai INFO    : Starting post processing
08-04 13:34 nessai INFO    : Computing posterior samples
08-04 13:34 nessai INFO    : Effective sample size: 6678.3
08-04 13:34 nessai INFO    : Producing posterior samples using rejection sampling
08-04 13:34 nessai INFO    : Expect 4668.598629157907 samples from rejection sampling
08-04 13:34 nessai INFO    : Returned 4634 posterior samples
08-04 13:35 nessai INFO    : Starting to close worker pool.
08-04 13:35 nessai INFO    : Finished closing worker pool.
