/data/wiay/postgrads/shashwat/qunat_com_future/lib/python3.11/site-packages/nessai/utils/logging.py:133: FutureWarning: setup_logger is deprecated, use configure_logger instead
  warnings.warn(
08-04 14:15 nessai INFO    : Running Nessai version 0.15.2
08-04 14:15 nessai INFO    : Starting multiprocessing pool with 4 processes
08-04 14:15 nessai INFO    : Initialising nested sampler
08-04 14:15 nessai WARNING : Multiprocessing pool has already been configured.
/data/wiay/postgrads/shashwat/qunat_com_future/lib/python3.11/site-packages/nessai/gw/__init__.py:12: FutureWarning: The `nessai.gw` module will be deprecated in the next release in favour of the nessai-gw package. This packages provides the same functionality as`nessai.gw` via the plugin interface.For more details, see: https://github.com/mj-will/nessai-gw
  warnings.warn(
08-04 14:15 nessai INFO    : Passing kwargs to FlowProposal: {'poolsize': 1000}
08-04 14:15 nessai INFO    : No reparameterisations provided, using default reparameterisations included in FlowProposal
08-04 14:15 nessai INFO    : Adding reparameterisations from: {}
08-04 14:15 nessai INFO    : Assuming fallback reparameterisation (ScaleAndShift) for ['kappa', 'mu_xi', 'sigma_chi', 'sigma_xi', 'rho', 'lambda_chi', 'chi0', 'xi0'] with kwargs: {'estimate_scale': True, 'estimate_shift': True, 'prior_bounds': {'kappa': array([0.1, 5. ]), 'mu_xi': array([0. , 0.1]), 'sigma_chi': array([0.05, 0.6 ]), 'sigma_xi': array([0.05, 0.4 ]), 'rho': array([-0.9,  0.9]), 'lambda_chi': array([-0.5,  0.5]), 'chi0': array([-0.5,  0.5]), 'xi0': array([2.5, 5. ])}}.
08-04 14:15 nessai INFO    : x space parameters: ['kappa', 'mu_xi', 'sigma_chi', 'sigma_xi', 'rho', 'lambda_chi', 'chi0', 'xi0']
08-04 14:15 nessai INFO    : x prime space parameters: ['kappa_prime', 'mu_xi_prime', 'sigma_chi_prime', 'sigma_xi_prime', 'rho_prime', 'lambda_chi_prime', 'chi0_prime', 'xi0_prime']
08-04 14:15 nessai INFO    : Overwriting fuzz factor with expansion fraction
08-04 14:15 nessai INFO    : New fuzz factor: 1.2228445449938519
08-04 14:15 nessai INFO    : Verifying rescaling functions
08-04 14:15 nessai INFO    : Rescaling functions are invertible
08-04 14:15 nessai INFO    : Populating initial live points
08-04 14:15 nessai INFO    : Populated 100 / 1000 live points
08-04 14:15 nessai INFO    : Populated 200 / 1000 live points
08-04 14:15 nessai INFO    : Populated 300 / 1000 live points
08-04 14:15 nessai INFO    : Populated 400 / 1000 live points
08-04 14:15 nessai INFO    : Populated 500 / 1000 live points
08-04 14:15 nessai INFO    : Populated 600 / 1000 live points
08-04 14:15 nessai INFO    : Populated 700 / 1000 live points
08-04 14:15 nessai INFO    : Populated 800 / 1000 live points
08-04 14:15 nessai INFO    : Populated 900 / 1000 live points
08-04 14:15 nessai INFO    : Populated 1000 / 1000 live points
08-04 14:15 nessai INFO    : Starting nested sampling loop
08-04 14:15 nessai INFO    : it:  1000: Rolling KS test: D=0.009, p-value=0.8454
08-04 14:15 nessai INFO    : it:  1000: n eval: 3000 H: 7.91 dlogZ: 567351589.607 logZ: -568995374.777 +/- 0.089 logLmax: -1643784.17
08-04 14:15 nessai INFO    : it:  2000: Rolling KS test: D=0.017, p-value=0.5547
08-04 14:15 nessai INFO    : it:  2000: n eval: 8000 H: 8.91 dlogZ: 255003501.875 logZ: -256647288.044 +/- 0.094 logLmax: -1643784.17
08-04 14:15 nessai INFO    : Switching to FlowProposal
08-04 14:15 nessai INFO    : it:  3000: Rolling KS test: D=0.017, p-value=0.5547
08-04 14:15 nessai INFO    : it:  3000: n eval: 11793 H: 9.91 dlogZ: 107900878.350 logZ: -109270046.097 +/- 0.100 logLmax: -1369164.75
08-04 14:15 nessai INFO    : it:  4000: Rolling KS test: D=0.043, p-value=0.02406
08-04 14:15 nessai INFO    : it:  4000: n eval: 13472 H: 10.91 dlogZ: 49189120.236 logZ: -49552712.059 +/- 0.104 logLmax: -363587.82
08-04 14:15 nessai INFO    : it:  5000: Rolling KS test: D=0.022, p-value=0.3744
08-04 14:15 nessai INFO    : it:  5000: n eval: 16757 H: 11.91 dlogZ: 26245490.362 logZ: -26397290.287 +/- 0.109 logLmax: -151794.93
08-04 14:15 nessai INFO    : it:  6000: Rolling KS test: D=0.016, p-value=0.593
08-04 14:15 nessai INFO    : it:  6000: n eval: 18358 H: 12.91 dlogZ: 14077803.303 logZ: -14229604.228 +/- 0.114 logLmax: -151794.93
08-04 14:15 nessai INFO    : it:  7000: Rolling KS test: D=0.017, p-value=0.5547
08-04 14:15 nessai INFO    : it:  7000: n eval: 21802 H: 13.91 dlogZ: 7222580.714 logZ: -7357334.088 +/- 0.118 logLmax: -134746.38
08-04 14:15 nessai INFO    : it:  8000: Rolling KS test: D=0.033, p-value=0.1108
08-04 14:16 nessai INFO    : it:  8000: n eval: 25465 H: 14.91 dlogZ: 3566238.664 logZ: -3593798.523 +/- 0.122 logLmax: -27551.86
08-04 14:16 nessai INFO    : it:  9000: Rolling KS test: D=0.031, p-value=0.1433
08-04 14:16 nessai INFO    : it:  9000: n eval: 29784 H: 15.91 dlogZ: 1698001.359 logZ: -1719056.700 +/- 0.126 logLmax: -21046.34
08-04 14:16 nessai INFO    : it: 10000: Rolling KS test: D=0.05, p-value=0.006506
08-04 14:16 nessai INFO    : it: 10000: n eval: 34573 H: 16.91 dlogZ: 821770.789 logZ: -834621.883 +/- 0.130 logLmax: -12841.10
08-04 14:16 nessai INFO    : it: 11000: Rolling KS test: D=0.027, p-value=0.2286
08-04 14:16 nessai INFO    : it: 11000: n eval: 39075 H: 17.91 dlogZ: 403925.462 logZ: -408537.714 +/- 0.134 logLmax: -4601.25
08-04 14:16 nessai INFO    : it: 12000: Rolling KS test: D=0.055, p-value=0.002267
08-04 14:16 nessai INFO    : it: 12000: n eval: 44063 H: 18.91 dlogZ: 207200.979 logZ: -209228.235 +/- 0.138 logLmax: -2015.26
08-04 14:16 nessai INFO    : it: 13000: Rolling KS test: D=0.028, p-value=0.2046
08-04 14:16 nessai INFO    : it: 13000: n eval: 52691 H: 19.91 dlogZ: 106606.155 logZ: -108634.410 +/- 0.141 logLmax: -2015.26
08-04 14:16 nessai INFO    : it: 14000: Rolling KS test: D=0.01, p-value=0.8133
08-04 14:16 nessai INFO    : it: 14000: n eval: 58604 H: 20.90 dlogZ: 54734.878 logZ: -55310.884 +/- 0.145 logLmax: -562.01
08-04 14:16 nessai INFO    : it: 15000: Rolling KS test: D=0.013, p-value=0.7071
08-04 14:16 nessai INFO    : it: 15000: n eval: 70586 H: 21.91 dlogZ: 29710.914 logZ: -29997.841 +/- 0.148 logLmax: -271.93
08-04 14:16 nessai INFO    : it: 16000: Rolling KS test: D=0.028, p-value=0.2046
08-04 14:16 nessai INFO    : it: 16000: n eval: 83903 H: 22.78 dlogZ: 16209.818 logZ: -16497.744 +/- 0.151 logLmax: -271.93
08-04 14:16 nessai INFO    : it: 17000: Rolling KS test: D=0.007, p-value=0.9024
08-04 14:16 nessai INFO    : it: 17000: n eval: 98755 H: 23.84 dlogZ: 9012.315 logZ: -9301.241 +/- 0.154 logLmax: -271.93
08-04 14:16 nessai INFO    : it: 18000: Rolling KS test: D=0.021, p-value=0.4082
08-04 14:16 nessai INFO    : it: 18000: n eval: 109756 H: 23.54 dlogZ: 4791.131 logZ: -5025.846 +/- 0.153 logLmax: -216.72
08-04 14:16 nessai INFO    : it: 19000: Rolling KS test: D=0.039, p-value=0.0465
08-04 14:16 nessai INFO    : it: 19000: n eval: 126135 H: 25.73 dlogZ: 2596.577 logZ: -2832.293 +/- 0.160 logLmax: -216.72
08-04 14:16 nessai INFO    : it: 20000: Rolling KS test: D=0.041, p-value=0.03371
08-04 14:16 nessai INFO    : it: 20000: n eval: 152023 H: 25.04 dlogZ: 1453.969 logZ: -1648.958 +/- 0.158 logLmax: -174.99
08-04 14:16 nessai INFO    : it: 21000: Rolling KS test: D=0.034, p-value=0.09683
08-04 14:16 nessai INFO    : it: 21000: n eval: 185679 H: 26.03 dlogZ: 854.270 logZ: -1029.654 +/- 0.161 logLmax: -154.39
08-04 14:16 nessai INFO    : it: 22000: Rolling KS test: D=0.009, p-value=0.8454
08-04 14:16 nessai INFO    : it: 22000: n eval: 222172 H: 26.50 dlogZ: 545.646 logZ: -692.747 +/- 0.163 logLmax: -125.10
08-04 14:16 nessai INFO    : it: 23000: Rolling KS test: D=0.014, p-value=0.6695
08-04 14:17 nessai INFO    : it: 23000: n eval: 272172 H: 27.08 dlogZ: 372.936 logZ: -484.055 +/- 0.165 logLmax: -88.12
08-04 14:17 nessai INFO    : it: 24000: Rolling KS test: D=0.03, p-value=0.162
08-04 14:17 nessai INFO    : it: 24000: n eval: 342172 H: 27.62 dlogZ: 275.717 logZ: -349.253 +/- 0.166 logLmax: -49.54
08-04 14:17 nessai INFO    : it: 25000: Rolling KS test: D=0.022, p-value=0.3744
08-04 14:17 nessai INFO    : it: 25000: n eval: 412172 H: 28.29 dlogZ: 206.080 logZ: -259.596 +/- 0.168 logLmax: -28.52
08-04 14:17 nessai INFO    : it: 26000: Rolling KS test: D=0.033, p-value=0.1108
08-04 14:17 nessai INFO    : it: 26000: n eval: 472172 H: 28.87 dlogZ: 146.270 logZ: -200.274 +/- 0.170 logLmax: -28.00
08-04 14:17 nessai INFO    : it: 27000: Rolling KS test: D=0.028, p-value=0.2046
08-04 14:17 nessai INFO    : it: 27000: n eval: 542172 H: 29.61 dlogZ: 107.752 logZ: -156.536 +/- 0.172 logLmax: -21.78
08-04 14:17 nessai INFO    : it: 28000: Rolling KS test: D=0.022, p-value=0.3744
08-04 14:17 nessai INFO    : it: 28000: n eval: 592172 H: 30.19 dlogZ: 83.900 logZ: -126.675 +/- 0.174 logLmax: -14.78
08-04 14:17 nessai INFO    : it: 29000: Rolling KS test: D=0.027, p-value=0.2286
08-04 14:17 nessai INFO    : it: 29000: n eval: 642172 H: 30.87 dlogZ: 61.260 logZ: -105.035 +/- 0.176 logLmax: -14.78
08-04 14:17 nessai INFO    : it: 30000: Rolling KS test: D=0.014, p-value=0.6695
08-04 14:17 nessai INFO    : it: 30000: n eval: 669487 H: 31.68 dlogZ: 47.219 logZ: -88.304 +/- 0.178 logLmax: -11.09
08-04 14:18 nessai INFO    : it: 31000: Rolling KS test: D=0.009, p-value=0.8454
08-04 14:18 nessai INFO    : it: 31000: n eval: 696296 H: 32.33 dlogZ: 38.170 logZ: -76.057 +/- 0.180 logLmax: -6.89
08-04 14:18 nessai INFO    : it: 32000: Rolling KS test: D=0.028, p-value=0.2046
08-04 14:18 nessai INFO    : it: 32000: n eval: 718472 H: 33.00 dlogZ: 29.579 logZ: -66.419 +/- 0.182 logLmax: -4.84
08-04 14:18 nessai INFO    : it: 33000: Rolling KS test: D=0.017, p-value=0.5547
08-04 14:18 nessai INFO    : it: 33000: n eval: 750822 H: 33.63 dlogZ: 21.681 logZ: -59.521 +/- 0.183 logLmax: -4.84
08-04 14:18 nessai INFO    : it: 34000: Rolling KS test: D=0.011, p-value=0.7794
08-04 14:18 nessai INFO    : it: 34000: n eval: 772968 H: 34.17 dlogZ: 15.837 logZ: -54.677 +/- 0.185 logLmax: -4.84
08-04 14:18 nessai INFO    : it: 35000: Rolling KS test: D=0.007, p-value=0.9024
08-04 14:18 nessai INFO    : it: 35000: n eval: 791737 H: 34.92 dlogZ: 12.780 logZ: -51.056 +/- 0.187 logLmax: -3.28
08-04 14:18 nessai INFO    : it: 36000: Rolling KS test: D=0.021, p-value=0.4082
08-04 14:18 nessai INFO    : it: 36000: n eval: 810081 H: 35.44 dlogZ: 9.316 logZ: -48.592 +/- 0.188 logLmax: -3.28
08-04 14:18 nessai INFO    : it: 37000: Rolling KS test: D=0.006, p-value=0.9268
08-04 14:18 nessai INFO    : it: 37000: n eval: 830948 H: 36.04 dlogZ: 6.511 logZ: -46.785 +/- 0.190 logLmax: -3.28
08-04 14:18 nessai INFO    : it: 38000: Rolling KS test: D=0.018, p-value=0.5169
08-04 14:18 nessai INFO    : it: 38000: n eval: 862348 H: 36.52 dlogZ: 4.761 logZ: -45.577 +/- 0.191 logLmax: -2.82
08-04 14:18 nessai INFO    : it: 39000: Rolling KS test: D=0.011, p-value=0.7794
08-04 14:18 nessai INFO    : it: 39000: n eval: 878262 H: 36.96 dlogZ: 3.539 logZ: -44.761 +/- 0.192 logLmax: -2.25
08-04 14:18 nessai INFO    : it: 40000: Rolling KS test: D=0.044, p-value=0.0202
08-04 14:18 nessai INFO    : it: 40000: n eval: 903839 H: 37.31 dlogZ: 2.123 logZ: -44.246 +/- 0.193 logLmax: -2.25
08-04 14:18 nessai INFO    : it: 41000: Rolling KS test: D=0.019, p-value=0.4797
08-04 14:18 nessai INFO    : it: 41000: n eval: 914152 H: 37.59 dlogZ: 1.395 logZ: -43.930 +/- 0.194 logLmax: -1.82
08-04 14:18 nessai INFO    : it: 42000: Rolling KS test: D=0.018, p-value=0.5169
08-04 14:18 nessai INFO    : it: 42000: n eval: 932306 H: 37.79 dlogZ: 0.655 logZ: -43.743 +/- 0.194 logLmax: -1.82
08-04 14:18 nessai INFO    : it: 43000: Rolling KS test: D=0.009, p-value=0.8454
08-04 14:18 nessai INFO    : it: 43000: n eval: 948351 H: 37.93 dlogZ: 0.268 logZ: -43.638 +/- 0.195 logLmax: -1.82
08-04 14:18 nessai INFO    : it: 44000: Rolling KS test: D=0.016, p-value=0.593
08-04 14:18 nessai INFO    : it: 44000: n eval: 966150 H: 38.02 dlogZ: 0.102 logZ: -43.584 +/- 0.195 logLmax: -1.82
08-04 14:18 nessai INFO    : Stopping with difference_log_evidence=0.100
08-04 14:18 nessai INFO    : Finalising
08-04 14:18 nessai INFO    : Final ln-evidence: -43.537 +/- 0.195
08-04 14:18 nessai INFO    : Information: 38.11
08-04 14:18 nessai INFO    : Final KS test: D=0.007154, p-value=0.01099
08-04 14:18 nessai WARNING : Final p-value for the insertion indices is less than 0.05, this could be an indication of problems during sampling. Consider checking the diagnostic plots.
08-04 14:18 nessai INFO    : Checkpointing nested sampling
08-04 14:18 nessai INFO    : Total sampling time: 0:03:06.963422
08-04 14:18 nessai INFO    : Total training time: 0:00:59.970227
08-04 14:18 nessai INFO    : Total population time: 0:00:59.253437
08-04 14:18 nessai INFO    : Total likelihood evaluations: 966150
08-04 14:18 nessai INFO    : Time spent evaluating likelihood: 0:00:18.853237
08-04 14:18 nessai INFO    : Total sampling time: 0:03:06.963422
08-04 14:18 nessai INFO    : Total likelihood evaluations: 966150
08-04 14:18 nessai INFO    : Starting post processing
08-04 14:18 nessai INFO    : Computing posterior samples
08-04 14:18 nessai INFO    : Effective sample size: 7019.4
08-04 14:18 nessai INFO    : Producing posterior samples using rejection sampling
08-04 14:18 nessai INFO    : Expect 4959.262841949758 samples from rejection sampling
08-04 14:18 nessai INFO    : Returned 4989 posterior samples
08-04 14:18 nessai INFO    : Starting to close worker pool.
08-04 14:18 nessai INFO    : Finished closing worker pool.
