/data/wiay/postgrads/shashwat/qunat_com_future/lib/python3.11/site-packages/nessai/utils/logging.py:133: FutureWarning: setup_logger is deprecated, use configure_logger instead
  warnings.warn(
08-04 13:12 nessai INFO    : Running Nessai version 0.15.2
08-04 13:12 nessai INFO    : Starting multiprocessing pool with 4 processes
08-04 13:12 nessai INFO    : Initialising nested sampler
08-04 13:12 nessai WARNING : Multiprocessing pool has already been configured.
/data/wiay/postgrads/shashwat/qunat_com_future/lib/python3.11/site-packages/nessai/gw/__init__.py:12: FutureWarning: The `nessai.gw` module will be deprecated in the next release in favour of the nessai-gw package. This packages provides the same functionality as`nessai.gw` via the plugin interface.For more details, see: https://github.com/mj-will/nessai-gw
  warnings.warn(
08-04 13:12 nessai INFO    : Passing kwargs to FlowProposal: {'poolsize': 1000}
08-04 13:12 nessai INFO    : No reparameterisations provided, using default reparameterisations included in FlowProposal
08-04 13:12 nessai INFO    : Adding reparameterisations from: {}
08-04 13:12 nessai INFO    : Assuming fallback reparameterisation (ScaleAndShift) for ['kappa', 'mu_xi', 'sigma_chi', 'sigma_xi', 'rho', 'lambda_chi', 'chi0', 'xi0'] with kwargs: {'estimate_scale': True, 'estimate_shift': True, 'prior_bounds': {'kappa': array([0.1, 5. ]), 'mu_xi': array([0. , 0.1]), 'sigma_chi': array([0.05, 0.6 ]), 'sigma_xi': array([0.05, 0.4 ]), 'rho': array([-0.9,  0.9]), 'lambda_chi': array([-0.5,  0.5]), 'chi0': array([-0.5,  0.5]), 'xi0': array([2.5, 5. ])}}.
08-04 13:12 nessai INFO    : x space parameters: ['kappa', 'mu_xi', 'sigma_chi', 'sigma_xi', 'rho', 'lambda_chi', 'chi0', 'xi0']
08-04 13:12 nessai INFO    : x prime space parameters: ['kappa_prime', 'mu_xi_prime', 'sigma_chi_prime', 'sigma_xi_prime', 'rho_prime', 'lambda_chi_prime', 'chi0_prime', 'xi0_prime']
08-04 13:12 nessai INFO    : Overwriting fuzz factor with expansion fraction
08-04 13:12 nessai INFO    : New fuzz factor: 1.2228445449938519
08-04 13:12 nessai INFO    : Verifying rescaling functions
08-04 13:12 nessai INFO    : Rescaling functions are invertible
08-04 13:12 nessai INFO    : Populating initial live points
08-04 13:12 nessai INFO    : Populated 100 / 1000 live points
08-04 13:12 nessai INFO    : Populated 200 / 1000 live points
08-04 13:12 nessai INFO    : Populated 300 / 1000 live points
08-04 13:12 nessai INFO    : Populated 400 / 1000 live points
08-04 13:12 nessai INFO    : Populated 500 / 1000 live points
08-04 13:12 nessai INFO    : Populated 600 / 1000 live points
08-04 13:12 nessai INFO    : Populated 700 / 1000 live points
08-04 13:12 nessai INFO    : Populated 800 / 1000 live points
08-04 13:12 nessai INFO    : Populated 900 / 1000 live points
08-04 13:12 nessai INFO    : Populated 1000 / 1000 live points
08-04 13:12 nessai INFO    : Starting nested sampling loop
08-04 13:12 nessai INFO    : it:  1000: Rolling KS test: D=0.029, p-value=0.1825
08-04 13:12 nessai INFO    : it:  1000: n eval: 3000 H: 7.91 dlogZ: 3651048.740 logZ: -3661232.039 +/- 0.089 logLmax: -10182.30
08-04 13:12 nessai INFO    : it:  2000: Rolling KS test: D=0.024, p-value=0.311
08-04 13:12 nessai INFO    : it:  2000: n eval: 8000 H: 8.91 dlogZ: 1123099.658 logZ: -1127953.013 +/- 0.094 logLmax: -4851.36
08-04 13:12 nessai INFO    : Switching to FlowProposal
08-04 13:12 nessai INFO    : it:  3000: Rolling KS test: D=0.038, p-value=0.05428
08-04 13:12 nessai INFO    : it:  3000: n eval: 12159 H: 9.91 dlogZ: 455468.856 logZ: -456426.289 +/- 0.100 logLmax: -954.43
08-04 13:12 nessai INFO    : it:  4000: Rolling KS test: D=0.011, p-value=0.7794
08-04 13:12 nessai INFO    : it:  4000: n eval: 15806 H: 10.91 dlogZ: 187412.482 logZ: -188370.916 +/- 0.104 logLmax: -954.43
08-04 13:12 nessai INFO    : it:  5000: Rolling KS test: D=0.033, p-value=0.1108
08-04 13:12 nessai INFO    : it:  5000: n eval: 17819 H: 11.91 dlogZ: 84875.769 logZ: -85668.139 +/- 0.109 logLmax: -787.37
08-04 13:12 nessai INFO    : it:  6000: Rolling KS test: D=0.019, p-value=0.4797
08-04 13:12 nessai INFO    : it:  6000: n eval: 25348 H: 12.91 dlogZ: 43957.598 logZ: -44208.852 +/- 0.114 logLmax: -245.25
08-04 13:12 nessai INFO    : it:  7000: Rolling KS test: D=0.017, p-value=0.5547
08-04 13:12 nessai INFO    : it:  7000: n eval: 27714 H: 13.91 dlogZ: 21288.769 logZ: -21541.023 +/- 0.118 logLmax: -245.25
08-04 13:12 nessai INFO    : it:  8000: Rolling KS test: D=0.002, p-value=0.9907
08-04 13:12 nessai INFO    : it:  8000: n eval: 32483 H: 14.88 dlogZ: 10957.096 logZ: -11210.349 +/- 0.122 logLmax: -245.25
08-04 13:12 nessai INFO    : it:  9000: Rolling KS test: D=0.01, p-value=0.8133
08-04 13:12 nessai INFO    : it:  9000: n eval: 37038 H: 15.80 dlogZ: 5941.345 logZ: -6195.599 +/- 0.126 logLmax: -245.25
08-04 13:12 nessai INFO    : it: 10000: Rolling KS test: D=0.024, p-value=0.311
08-04 13:12 nessai INFO    : it: 10000: n eval: 41429 H: 16.10 dlogZ: 3430.123 logZ: -3475.716 +/- 0.127 logLmax: -35.59
08-04 13:12 nessai INFO    : it: 11000: Rolling KS test: D=0.019, p-value=0.4797
08-04 13:12 nessai INFO    : it: 11000: n eval: 46910 H: 17.02 dlogZ: 2064.912 logZ: -2111.505 +/- 0.130 logLmax: -35.59
08-04 13:12 nessai INFO    : it: 12000: Rolling KS test: D=0.008, p-value=0.8752
08-04 13:12 nessai INFO    : it: 12000: n eval: 52137 H: 17.51 dlogZ: 1314.058 logZ: -1361.651 +/- 0.132 logLmax: -35.59
08-04 13:12 nessai INFO    : it: 13000: Rolling KS test: D=0.039, p-value=0.0465
08-04 13:12 nessai INFO    : it: 13000: n eval: 57028 H: 17.85 dlogZ: 803.149 logZ: -846.771 +/- 0.134 logLmax: -30.62
08-04 13:12 nessai INFO    : it: 14000: Rolling KS test: D=0.02, p-value=0.4434
08-04 13:12 nessai INFO    : it: 14000: n eval: 64951 H: 18.43 dlogZ: 511.655 logZ: -538.519 +/- 0.136 logLmax: -12.86
08-04 13:12 nessai INFO    : it: 15000: Rolling KS test: D=0.017, p-value=0.5547
08-04 13:12 nessai INFO    : it: 15000: n eval: 70421 H: 18.99 dlogZ: 309.425 logZ: -335.974 +/- 0.138 logLmax: -11.55
08-04 13:12 nessai INFO    : it: 16000: Rolling KS test: D=0.007, p-value=0.9024
08-04 13:12 nessai INFO    : it: 16000: n eval: 76188 H: 19.62 dlogZ: 181.018 logZ: -208.566 +/- 0.140 logLmax: -11.55
08-04 13:12 nessai INFO    : it: 17000: Rolling KS test: D=0.032, p-value=0.1263
08-04 13:12 nessai INFO    : it: 17000: n eval: 81536 H: 19.89 dlogZ: 111.639 logZ: -137.125 +/- 0.141 logLmax: -8.49
08-04 13:12 nessai INFO    : it: 18000: Rolling KS test: D=0.031, p-value=0.1433
08-04 13:12 nessai INFO    : it: 18000: n eval: 91907 H: 20.26 dlogZ: 71.697 logZ: -94.116 +/- 0.142 logLmax: -4.42
08-04 13:12 nessai INFO    : it: 19000: Rolling KS test: D=0.015, p-value=0.6313
08-04 13:12 nessai INFO    : it: 19000: n eval: 98551 H: 20.98 dlogZ: 44.203 logZ: -67.622 +/- 0.145 logLmax: -4.42
08-04 13:13 nessai INFO    : it: 20000: Rolling KS test: D=0.02, p-value=0.4434
08-04 13:13 nessai INFO    : it: 20000: n eval: 111919 H: 21.32 dlogZ: 29.003 logZ: -52.760 +/- 0.146 logLmax: -3.76
08-04 13:13 nessai INFO    : it: 21000: Rolling KS test: D=0.02, p-value=0.4434
08-04 13:13 nessai INFO    : it: 21000: n eval: 127239 H: 21.94 dlogZ: 18.346 logZ: -43.103 +/- 0.148 logLmax: -3.76
08-04 13:13 nessai INFO    : it: 22000: Rolling KS test: D=0.021, p-value=0.4082
08-04 13:13 nessai INFO    : it: 22000: n eval: 136029 H: 22.34 dlogZ: 11.839 logZ: -37.596 +/- 0.149 logLmax: -3.76
08-04 13:13 nessai INFO    : it: 23000: Rolling KS test: D=0.019, p-value=0.4797
08-04 13:13 nessai INFO    : it: 23000: n eval: 149782 H: 22.85 dlogZ: 8.255 logZ: -34.092 +/- 0.151 logLmax: -2.84
08-04 13:13 nessai INFO    : it: 24000: Rolling KS test: D=0.035, p-value=0.08429
08-04 13:13 nessai INFO    : it: 24000: n eval: 173851 H: 23.29 dlogZ: 5.322 logZ: -31.893 +/- 0.153 logLmax: -2.58
08-04 13:13 nessai INFO    : it: 25000: Rolling KS test: D=0.042, p-value=0.02854
08-04 13:13 nessai INFO    : it: 25000: n eval: 193310 H: 23.60 dlogZ: 3.467 logZ: -30.652 +/- 0.154 logLmax: -2.22
08-04 13:13 nessai INFO    : it: 26000: Rolling KS test: D=0.021, p-value=0.4082
08-04 13:13 nessai INFO    : it: 26000: n eval: 224266 H: 23.89 dlogZ: 1.983 logZ: -29.933 +/- 0.155 logLmax: -2.10
08-04 13:13 nessai INFO    : it: 27000: Rolling KS test: D=0.016, p-value=0.593
08-04 13:13 nessai INFO    : it: 27000: n eval: 248121 H: 24.08 dlogZ: 0.986 logZ: -29.557 +/- 0.155 logLmax: -2.04
08-04 13:13 nessai INFO    : it: 28000: Rolling KS test: D=0.05, p-value=0.006506
08-04 13:13 nessai INFO    : it: 28000: n eval: 278621 H: 24.20 dlogZ: 0.414 logZ: -29.368 +/- 0.156 logLmax: -2.04
08-04 13:13 nessai INFO    : it: 29000: Rolling KS test: D=0.024, p-value=0.311
08-04 13:13 nessai INFO    : it: 29000: n eval: 302631 H: 24.28 dlogZ: 0.186 logZ: -29.275 +/- 0.156 logLmax: -1.86
08-04 13:13 nessai INFO    : Stopping with difference_log_evidence=0.100
08-04 13:13 nessai INFO    : Finalising
08-04 13:13 nessai INFO    : Final ln-evidence: -29.194 +/- 0.156
08-04 13:13 nessai INFO    : Information: 24.38
08-04 13:13 nessai INFO    : Final KS test: D=0.009441, p-value=0.004945
08-04 13:13 nessai WARNING : Final p-value for the insertion indices is less than 0.05, this could be an indication of problems during sampling. Consider checking the diagnostic plots.
08-04 13:13 nessai INFO    : Checkpointing nested sampling
08-04 13:13 nessai INFO    : Total sampling time: 0:01:55.660072
08-04 13:13 nessai INFO    : Total training time: 0:00:36.610093
08-04 13:13 nessai INFO    : Total population time: 0:00:28.828361
08-04 13:13 nessai INFO    : Total likelihood evaluations: 318108
08-04 13:13 nessai INFO    : Time spent evaluating likelihood: 0:00:13.849876
08-04 13:13 nessai INFO    : Total sampling time: 0:01:55.660072
08-04 13:13 nessai INFO    : Total likelihood evaluations: 318108
08-04 13:13 nessai INFO    : Starting post processing
08-04 13:13 nessai INFO    : Computing posterior samples
08-04 13:13 nessai INFO    : Effective sample size: 5799.5
08-04 13:13 nessai INFO    : Producing posterior samples using rejection sampling
08-04 13:13 nessai INFO    : Expect 3929.825417131244 samples from rejection sampling
08-04 13:13 nessai INFO    : Returned 3924 posterior samples
08-04 13:14 nessai INFO    : Starting to close worker pool.
08-04 13:14 nessai INFO    : Finished closing worker pool.
