/data/wiay/postgrads/shashwat/qunat_com_future/lib/python3.11/site-packages/nessai/utils/logging.py:133: FutureWarning: setup_logger is deprecated, use configure_logger instead
  warnings.warn(
08-04 15:04 nessai INFO    : Running Nessai version 0.15.2
08-04 15:04 nessai INFO    : Starting multiprocessing pool with 4 processes
08-04 15:04 nessai INFO    : Initialising nested sampler
08-04 15:04 nessai WARNING : Multiprocessing pool has already been configured.
/data/wiay/postgrads/shashwat/qunat_com_future/lib/python3.11/site-packages/nessai/gw/__init__.py:12: FutureWarning: The `nessai.gw` module will be deprecated in the next release in favour of the nessai-gw package. This packages provides the same functionality as`nessai.gw` via the plugin interface.For more details, see: https://github.com/mj-will/nessai-gw
  warnings.warn(
08-04 15:04 nessai INFO    : Passing kwargs to FlowProposal: {'poolsize': 1000}
08-04 15:04 nessai INFO    : No reparameterisations provided, using default reparameterisations included in FlowProposal
08-04 15:04 nessai INFO    : Adding reparameterisations from: {}
08-04 15:04 nessai INFO    : Assuming fallback reparameterisation (ScaleAndShift) for ['kappa', 'mu_xi', 'sigma_chi', 'sigma_xi', 'rho', 'lambda_chi', 'chi0', 'xi0'] with kwargs: {'estimate_scale': True, 'estimate_shift': True, 'prior_bounds': {'kappa': array([0.1, 5. ]), 'mu_xi': array([0. , 0.1]), 'sigma_chi': array([0.05, 0.6 ]), 'sigma_xi': array([0.05, 0.4 ]), 'rho': array([-0.9,  0.9]), 'lambda_chi': array([-0.5,  0.5]), 'chi0': array([-0.5,  0.5]), 'xi0': array([2.5, 5. ])}}.
08-04 15:04 nessai INFO    : x space parameters: ['kappa', 'mu_xi', 'sigma_chi', 'sigma_xi', 'rho', 'lambda_chi', 'chi0', 'xi0']
08-04 15:04 nessai INFO    : x prime space parameters: ['kappa_prime', 'mu_xi_prime', 'sigma_chi_prime', 'sigma_xi_prime', 'rho_prime', 'lambda_chi_prime', 'chi0_prime', 'xi0_prime']
08-04 15:04 nessai INFO    : Overwriting fuzz factor with expansion fraction
08-04 15:04 nessai INFO    : New fuzz factor: 1.2228445449938519
08-04 15:04 nessai INFO    : Verifying rescaling functions
08-04 15:04 nessai INFO    : Rescaling functions are invertible
08-04 15:04 nessai INFO    : Populating initial live points
08-04 15:04 nessai INFO    : Populated 100 / 1000 live points
08-04 15:04 nessai INFO    : Populated 200 / 1000 live points
08-04 15:04 nessai INFO    : Populated 300 / 1000 live points
08-04 15:04 nessai INFO    : Populated 400 / 1000 live points
08-04 15:04 nessai INFO    : Populated 500 / 1000 live points
08-04 15:04 nessai INFO    : Populated 600 / 1000 live points
08-04 15:04 nessai INFO    : Populated 700 / 1000 live points
08-04 15:04 nessai INFO    : Populated 800 / 1000 live points
08-04 15:04 nessai INFO    : Populated 900 / 1000 live points
08-04 15:04 nessai INFO    : Populated 1000 / 1000 live points
08-04 15:04 nessai INFO    : Starting nested sampling loop
08-04 15:04 nessai INFO    : it:  1000: Rolling KS test: D=0.013, p-value=0.7071
08-04 15:04 nessai INFO    : it:  1000: n eval: 3000 H: 7.91 dlogZ: 4590898.893 logZ: -4597228.209 +/- 0.089 logLmax: -6328.32
08-04 15:04 nessai INFO    : it:  2000: Rolling KS test: D=0.008, p-value=0.8752
08-04 15:04 nessai INFO    : it:  2000: n eval: 8000 H: 8.91 dlogZ: 501350.863 logZ: -507681.179 +/- 0.094 logLmax: -6328.32
08-04 15:04 nessai INFO    : Switching to FlowProposal
08-04 15:04 nessai INFO    : it:  3000: Rolling KS test: D=0.025, p-value=0.2818
08-04 15:04 nessai INFO    : it:  3000: n eval: 11995 H: 9.91 dlogZ: 174637.594 logZ: -180675.589 +/- 0.100 logLmax: -6035.00
08-04 15:04 nessai INFO    : it:  4000: Rolling KS test: D=0.007, p-value=0.9024
08-04 15:04 nessai INFO    : it:  4000: n eval: 16104 H: 10.86 dlogZ: 77644.644 logZ: -79250.317 +/- 0.104 logLmax: -1601.67
08-04 15:04 nessai INFO    : it:  5000: Rolling KS test: D=0.031, p-value=0.1433
08-04 15:04 nessai INFO    : it:  5000: n eval: 21105 H: 11.91 dlogZ: 37074.816 logZ: -38677.429 +/- 0.109 logLmax: -1597.61
08-04 15:04 nessai INFO    : it:  6000: Rolling KS test: D=0.004, p-value=0.9659
08-04 15:04 nessai INFO    : it:  6000: n eval: 26479 H: 12.58 dlogZ: 20685.451 logZ: -20962.234 +/- 0.112 logLmax: -270.78
08-04 15:04 nessai INFO    : it:  7000: Rolling KS test: D=0.009, p-value=0.8454
08-04 15:04 nessai INFO    : it:  7000: n eval: 35538 H: 13.89 dlogZ: 12213.466 logZ: -12491.249 +/- 0.118 logLmax: -270.78
08-04 15:04 nessai INFO    : it:  8000: Rolling KS test: D=0.057, p-value=0.001446
08-04 15:04 nessai INFO    : it:  8000: n eval: 41713 H: 14.74 dlogZ: 7924.715 logZ: -8203.499 +/- 0.121 logLmax: -270.78
08-04 15:04 nessai INFO    : it:  9000: Rolling KS test: D=0.026, p-value=0.2543
08-04 15:04 nessai INFO    : it:  9000: n eval: 47683 H: 14.81 dlogZ: 5648.326 logZ: -5909.541 +/- 0.122 logLmax: -252.22
08-04 15:04 nessai INFO    : it: 10000: Rolling KS test: D=0.021, p-value=0.4082
08-04 15:04 nessai INFO    : it: 10000: n eval: 53810 H: 16.27 dlogZ: 3791.172 logZ: -3978.564 +/- 0.128 logLmax: -177.39
08-04 15:04 nessai INFO    : it: 11000: Rolling KS test: D=0.006, p-value=0.9268
08-04 15:04 nessai INFO    : it: 11000: n eval: 62950 H: 17.11 dlogZ: 2546.847 logZ: -2592.471 +/- 0.131 logLmax: -34.63
08-04 15:04 nessai INFO    : it: 12000: Rolling KS test: D=0.016, p-value=0.593
08-04 15:04 nessai INFO    : it: 12000: n eval: 69673 H: 16.85 dlogZ: 1566.778 logZ: -1613.402 +/- 0.130 logLmax: -34.63
08-04 15:04 nessai INFO    : it: 13000: Rolling KS test: D=0.027, p-value=0.2286
08-04 15:04 nessai INFO    : it: 13000: n eval: 76851 H: 17.97 dlogZ: 962.529 logZ: -994.819 +/- 0.134 logLmax: -19.29
08-04 15:04 nessai INFO    : it: 14000: Rolling KS test: D=0.039, p-value=0.0465
08-04 15:04 nessai INFO    : it: 14000: n eval: 88290 H: 19.03 dlogZ: 575.622 logZ: -608.912 +/- 0.138 logLmax: -19.29
08-04 15:04 nessai INFO    : it: 15000: Rolling KS test: D=0.025, p-value=0.2818
08-04 15:04 nessai INFO    : it: 15000: n eval: 101346 H: 19.06 dlogZ: 332.707 logZ: -366.997 +/- 0.138 logLmax: -19.29
08-04 15:04 nessai INFO    : it: 16000: Rolling KS test: D=0.019, p-value=0.4797
08-04 15:04 nessai INFO    : it: 16000: n eval: 114710 H: 19.95 dlogZ: 205.761 logZ: -229.975 +/- 0.141 logLmax: -8.22
08-04 15:04 nessai INFO    : it: 17000: Rolling KS test: D=0.032, p-value=0.1263
08-04 15:04 nessai INFO    : it: 17000: n eval: 123684 H: 19.97 dlogZ: 129.193 logZ: -150.597 +/- 0.141 logLmax: -4.40
08-04 15:04 nessai INFO    : it: 18000: Rolling KS test: D=0.039, p-value=0.0465
08-04 15:04 nessai INFO    : it: 18000: n eval: 139063 H: 20.64 dlogZ: 80.180 logZ: -101.512 +/- 0.144 logLmax: -3.33
08-04 15:04 nessai INFO    : it: 19000: Rolling KS test: D=0.003, p-value=0.9802
08-04 15:04 nessai INFO    : it: 19000: n eval: 155515 H: 21.02 dlogZ: 48.822 logZ: -70.408 +/- 0.145 logLmax: -2.59
08-04 15:04 nessai INFO    : it: 20000: Rolling KS test: D=0.022, p-value=0.3744
08-04 15:05 nessai INFO    : it: 20000: n eval: 174973 H: 21.60 dlogZ: 30.854 logZ: -52.528 +/- 0.147 logLmax: -1.68
08-04 15:05 nessai INFO    : it: 21000: Rolling KS test: D=0.01, p-value=0.8133
08-04 15:05 nessai INFO    : it: 21000: n eval: 206399 H: 22.03 dlogZ: 19.515 logZ: -42.189 +/- 0.148 logLmax: -1.68
08-04 15:05 nessai INFO    : it: 22000: Rolling KS test: D=0.034, p-value=0.09683
08-04 15:05 nessai INFO    : it: 22000: n eval: 243972 H: 22.46 dlogZ: 12.767 logZ: -36.087 +/- 0.150 logLmax: -1.32
08-04 15:05 nessai INFO    : it: 23000: Rolling KS test: D=0.025, p-value=0.2818
08-04 15:05 nessai INFO    : it: 23000: n eval: 293330 H: 22.85 dlogZ: 8.586 logZ: -32.548 +/- 0.151 logLmax: -0.96
08-04 15:05 nessai INFO    : it: 24000: Rolling KS test: D=0.02, p-value=0.4434
08-04 15:05 nessai INFO    : it: 24000: n eval: 343330 H: 23.29 dlogZ: 5.381 logZ: -30.339 +/- 0.153 logLmax: -0.96
08-04 15:05 nessai INFO    : it: 25000: Rolling KS test: D=0.021, p-value=0.4082
08-04 15:05 nessai INFO    : it: 25000: n eval: 393330 H: 23.66 dlogZ: 3.105 logZ: -29.022 +/- 0.154 logLmax: -0.96
08-04 15:05 nessai INFO    : it: 26000: Rolling KS test: D=0.02, p-value=0.4434
08-04 15:05 nessai INFO    : it: 26000: n eval: 453330 H: 23.96 dlogZ: 1.697 logZ: -28.251 +/- 0.155 logLmax: -0.76
08-04 15:05 nessai INFO    : it: 27000: Rolling KS test: D=0.035, p-value=0.08429
08-04 15:05 nessai INFO    : it: 27000: n eval: 523330 H: 24.14 dlogZ: 0.821 logZ: -27.869 +/- 0.155 logLmax: -0.63
08-04 15:05 nessai INFO    : it: 28000: Rolling KS test: D=0.019, p-value=0.4797
08-04 15:05 nessai INFO    : it: 28000: n eval: 603330 H: 24.26 dlogZ: 0.327 logZ: -27.677 +/- 0.156 logLmax: -0.63
08-04 15:06 nessai INFO    : it: 29000: Rolling KS test: D=0.038, p-value=0.05428
08-04 15:06 nessai INFO    : it: 29000: n eval: 713330 H: 24.33 dlogZ: 0.134 logZ: -27.586 +/- 0.156 logLmax: -0.53
08-04 15:06 nessai INFO    : Stopping with difference_log_evidence=0.100
08-04 15:06 nessai INFO    : Finalising
08-04 15:06 nessai INFO    : Final ln-evidence: -27.514 +/- 0.156
08-04 15:06 nessai INFO    : Information: 24.40
08-04 15:06 nessai INFO    : Final KS test: D=0.00819, p-value=0.01954
08-04 15:06 nessai WARNING : Final p-value for the insertion indices is less than 0.05, this could be an indication of problems during sampling. Consider checking the diagnostic plots.
08-04 15:06 nessai INFO    : Checkpointing nested sampling
08-04 15:06 nessai INFO    : Total sampling time: 0:02:12.355512
08-04 15:06 nessai INFO    : Total training time: 0:00:42.036699
08-04 15:06 nessai INFO    : Total population time: 0:00:43.610568
08-04 15:06 nessai INFO    : Total likelihood evaluations: 743330
08-04 15:06 nessai INFO    : Time spent evaluating likelihood: 0:00:13.777224
08-04 15:06 nessai INFO    : Total sampling time: 0:02:12.355512
08-04 15:06 nessai INFO    : Total likelihood evaluations: 743330
08-04 15:06 nessai INFO    : Starting post processing
08-04 15:06 nessai INFO    : Computing posterior samples
08-04 15:06 nessai INFO    : Effective sample size: 5551.8
08-04 15:06 nessai INFO    : Producing posterior samples using rejection sampling
08-04 15:06 nessai INFO    : Expect 3712.6775187995086 samples from rejection sampling
08-04 15:06 nessai INFO    : Returned 3729 posterior samples
08-04 15:06 nessai INFO    : Starting to close worker pool.
08-04 15:06 nessai INFO    : Finished closing worker pool.
