/data/wiay/postgrads/shashwat/qunat_com_future/lib/python3.11/site-packages/nessai/utils/logging.py:133: FutureWarning: setup_logger is deprecated, use configure_logger instead
  warnings.warn(
08-04 15:18 nessai INFO    : Running Nessai version 0.15.2
08-04 15:18 nessai INFO    : Starting multiprocessing pool with 4 processes
08-04 15:18 nessai INFO    : Initialising nested sampler
08-04 15:18 nessai WARNING : Multiprocessing pool has already been configured.
/data/wiay/postgrads/shashwat/qunat_com_future/lib/python3.11/site-packages/nessai/gw/__init__.py:12: FutureWarning: The `nessai.gw` module will be deprecated in the next release in favour of the nessai-gw package. This packages provides the same functionality as`nessai.gw` via the plugin interface.For more details, see: https://github.com/mj-will/nessai-gw
  warnings.warn(
08-04 15:18 nessai INFO    : Passing kwargs to FlowProposal: {'poolsize': 1000}
08-04 15:18 nessai INFO    : No reparameterisations provided, using default reparameterisations included in FlowProposal
08-04 15:18 nessai INFO    : Adding reparameterisations from: {}
08-04 15:18 nessai INFO    : Assuming fallback reparameterisation (ScaleAndShift) for ['kappa', 'mu_xi', 'sigma_chi', 'sigma_xi', 'rho', 'lambda_chi', 'chi0', 'xi0'] with kwargs: {'estimate_scale': True, 'estimate_shift': True, 'prior_bounds': {'kappa': array([0.1, 5. ]), 'mu_xi': array([0. , 0.1]), 'sigma_chi': array([0.05, 0.6 ]), 'sigma_xi': array([0.05, 0.4 ]), 'rho': array([-0.9,  0.9]), 'lambda_chi': array([-0.5,  0.5]), 'chi0': array([-0.5,  0.5]), 'xi0': array([2.5, 5. ])}}.
08-04 15:18 nessai INFO    : x space parameters: ['kappa', 'mu_xi', 'sigma_chi', 'sigma_xi', 'rho', 'lambda_chi', 'chi0', 'xi0']
08-04 15:18 nessai INFO    : x prime space parameters: ['kappa_prime', 'mu_xi_prime', 'sigma_chi_prime', 'sigma_xi_prime', 'rho_prime', 'lambda_chi_prime', 'chi0_prime', 'xi0_prime']
08-04 15:18 nessai INFO    : Overwriting fuzz factor with expansion fraction
08-04 15:18 nessai INFO    : New fuzz factor: 1.2228445449938519
08-04 15:18 nessai INFO    : Verifying rescaling functions
08-04 15:18 nessai INFO    : Rescaling functions are invertible
08-04 15:18 nessai INFO    : Populating initial live points
08-04 15:18 nessai INFO    : Populated 100 / 1000 live points
08-04 15:18 nessai INFO    : Populated 200 / 1000 live points
08-04 15:18 nessai INFO    : Populated 300 / 1000 live points
08-04 15:18 nessai INFO    : Populated 400 / 1000 live points
08-04 15:18 nessai INFO    : Populated 500 / 1000 live points
08-04 15:18 nessai INFO    : Populated 600 / 1000 live points
08-04 15:18 nessai INFO    : Populated 700 / 1000 live points
08-04 15:18 nessai INFO    : Populated 800 / 1000 live points
08-04 15:18 nessai INFO    : Populated 900 / 1000 live points
08-04 15:18 nessai INFO    : Populated 1000 / 1000 live points
08-04 15:18 nessai INFO    : Starting nested sampling loop
08-04 15:18 nessai INFO    : it:  1000: Rolling KS test: D=0.015, p-value=0.6313
08-04 15:18 nessai INFO    : it:  1000: n eval: 3000 H: 7.91 dlogZ: 21390603.290 logZ: -21429906.825 +/- 0.089 logLmax: -39302.54
08-04 15:18 nessai INFO    : it:  2000: Rolling KS test: D=0.026, p-value=0.2543
08-04 15:18 nessai INFO    : it:  2000: n eval: 7000 H: 8.91 dlogZ: 6052708.308 logZ: -6092012.842 +/- 0.094 logLmax: -39302.54
08-04 15:18 nessai INFO    : Switching to FlowProposal
08-04 15:18 nessai INFO    : it:  3000: Rolling KS test: D=0.012, p-value=0.7438
08-04 15:18 nessai INFO    : it:  3000: n eval: 10840 H: 9.91 dlogZ: 1993766.020 logZ: -2003287.182 +/- 0.100 logLmax: -9518.16
08-04 15:18 nessai INFO    : it:  4000: Rolling KS test: D=0.026, p-value=0.2543
08-04 15:18 nessai INFO    : it:  4000: n eval: 14704 H: 10.91 dlogZ: 785420.516 logZ: -794942.678 +/- 0.104 logLmax: -9518.16
08-04 15:18 nessai INFO    : it:  5000: Rolling KS test: D=0.027, p-value=0.2286
08-04 15:18 nessai INFO    : it:  5000: n eval: 18938 H: 11.91 dlogZ: 370444.958 logZ: -373298.279 +/- 0.109 logLmax: -2848.32
08-04 15:18 nessai INFO    : it:  6000: Rolling KS test: D=0.017, p-value=0.5547
08-04 15:18 nessai INFO    : it:  6000: n eval: 23037 H: 12.91 dlogZ: 176274.690 logZ: -179129.012 +/- 0.114 logLmax: -2848.32
08-04 15:18 nessai INFO    : it:  7000: Rolling KS test: D=0.012, p-value=0.7438
08-04 15:18 nessai INFO    : it:  7000: n eval: 27656 H: 13.91 dlogZ: 94011.560 logZ: -95182.294 +/- 0.118 logLmax: -1163.74
08-04 15:18 nessai INFO    : it:  8000: Rolling KS test: D=0.022, p-value=0.3744
08-04 15:18 nessai INFO    : it:  8000: n eval: 29772 H: 14.91 dlogZ: 50204.155 logZ: -51109.140 +/- 0.122 logLmax: -896.99
08-04 15:18 nessai INFO    : it:  9000: Rolling KS test: D=0.014, p-value=0.6695
08-04 15:18 nessai INFO    : it:  9000: n eval: 34483 H: 15.91 dlogZ: 26622.925 logZ: -27105.034 +/- 0.126 logLmax: -473.11
08-04 15:18 nessai INFO    : it: 10000: Rolling KS test: D=0.021, p-value=0.4082
08-04 15:19 nessai INFO    : it: 10000: n eval: 38549 H: 16.91 dlogZ: 14262.846 logZ: -14745.956 +/- 0.130 logLmax: -473.11
08-04 15:19 nessai INFO    : it: 11000: Rolling KS test: D=0.007, p-value=0.9024
08-04 15:19 nessai INFO    : it: 11000: n eval: 43055 H: 17.62 dlogZ: 7756.868 logZ: -7947.494 +/- 0.133 logLmax: -179.63
08-04 15:19 nessai INFO    : it: 12000: Rolling KS test: D=0.014, p-value=0.6695
08-04 15:19 nessai INFO    : it: 12000: n eval: 47552 H: 18.74 dlogZ: 4292.062 logZ: -4327.404 +/- 0.137 logLmax: -23.34
08-04 15:19 nessai INFO    : it: 13000: Rolling KS test: D=0.02, p-value=0.4434
08-04 15:19 nessai INFO    : it: 13000: n eval: 52003 H: 19.25 dlogZ: 2367.678 logZ: -2404.020 +/- 0.139 logLmax: -23.34
08-04 15:19 nessai INFO    : it: 14000: Rolling KS test: D=0.027, p-value=0.2286
08-04 15:19 nessai INFO    : it: 14000: n eval: 56290 H: 19.50 dlogZ: 1303.758 logZ: -1341.100 +/- 0.140 logLmax: -23.34
08-04 15:19 nessai INFO    : it: 15000: Rolling KS test: D=0.021, p-value=0.4082
08-04 15:19 nessai INFO    : it: 15000: n eval: 60745 H: 19.92 dlogZ: 733.448 logZ: -762.020 +/- 0.141 logLmax: -13.57
08-04 15:19 nessai INFO    : it: 16000: Rolling KS test: D=0.012, p-value=0.7438
08-04 15:19 nessai INFO    : it: 16000: n eval: 66260 H: 20.40 dlogZ: 405.476 logZ: -433.699 +/- 0.143 logLmax: -12.22
08-04 15:19 nessai INFO    : it: 17000: Rolling KS test: D=0.012, p-value=0.7438
08-04 15:19 nessai INFO    : it: 17000: n eval: 73203 H: 21.21 dlogZ: 225.944 logZ: -254.178 +/- 0.146 logLmax: -11.23
08-04 15:19 nessai INFO    : it: 18000: Rolling KS test: D=0.051, p-value=0.005312
08-04 15:19 nessai INFO    : it: 18000: n eval: 83394 H: 21.29 dlogZ: 131.355 logZ: -159.003 +/- 0.146 logLmax: -9.65
08-04 15:19 nessai INFO    : it: 19000: Rolling KS test: D=0.019, p-value=0.4797
08-04 15:19 nessai INFO    : it: 19000: n eval: 96148 H: 21.80 dlogZ: 78.163 logZ: -102.516 +/- 0.148 logLmax: -5.35
08-04 15:19 nessai INFO    : it: 20000: Rolling KS test: D=0.031, p-value=0.1433
08-04 15:19 nessai INFO    : it: 20000: n eval: 112675 H: 21.99 dlogZ: 49.513 logZ: -72.435 +/- 0.148 logLmax: -2.92
08-04 15:19 nessai INFO    : it: 21000: Rolling KS test: D=0.02, p-value=0.4434
08-04 15:19 nessai INFO    : it: 21000: n eval: 130927 H: 22.50 dlogZ: 30.978 logZ: -54.900 +/- 0.150 logLmax: -2.92
08-04 15:19 nessai INFO    : it: 22000: Rolling KS test: D=0.032, p-value=0.1263
08-04 15:19 nessai INFO    : it: 22000: n eval: 158841 H: 22.86 dlogZ: 20.150 logZ: -45.072 +/- 0.151 logLmax: -2.92
08-04 15:19 nessai INFO    : it: 23000: Rolling KS test: D=0.014, p-value=0.6695
08-04 15:19 nessai INFO    : it: 23000: n eval: 193715 H: 23.42 dlogZ: 13.474 logZ: -39.396 +/- 0.153 logLmax: -2.92
08-04 15:19 nessai INFO    : it: 24000: Rolling KS test: D=0.012, p-value=0.7438
08-04 15:19 nessai INFO    : it: 24000: n eval: 233648 H: 23.91 dlogZ: 8.761 logZ: -35.683 +/- 0.155 logLmax: -2.92
08-04 15:19 nessai INFO    : it: 25000: Rolling KS test: D=0.025, p-value=0.2818
08-04 15:19 nessai INFO    : it: 25000: n eval: 283648 H: 24.32 dlogZ: 5.952 logZ: -33.444 +/- 0.156 logLmax: -2.50
08-04 15:20 nessai INFO    : it: 26000: Rolling KS test: D=0.033, p-value=0.1108
08-04 15:20 nessai INFO    : it: 26000: n eval: 333648 H: 24.69 dlogZ: 4.533 logZ: -32.094 +/- 0.157 logLmax: -1.57
08-04 15:20 nessai INFO    : it: 27000: Rolling KS test: D=0.055, p-value=0.002267
08-04 15:20 nessai INFO    : it: 27000: n eval: 393648 H: 24.98 dlogZ: 2.932 logZ: -31.330 +/- 0.158 logLmax: -1.45
08-04 15:20 nessai INFO    : it: 28000: Rolling KS test: D=0.024, p-value=0.311
08-04 15:20 nessai INFO    : it: 28000: n eval: 473648 H: 25.23 dlogZ: 1.644 logZ: -30.882 +/- 0.159 logLmax: -1.45
08-04 15:20 nessai INFO    : it: 29000: Rolling KS test: D=0.023, p-value=0.3419
08-04 15:20 nessai INFO    : it: 29000: n eval: 553648 H: 25.42 dlogZ: 1.022 logZ: -30.634 +/- 0.159 logLmax: -1.06
08-04 15:20 nessai INFO    : it: 30000: Rolling KS test: D=0.04, p-value=0.03967
08-04 15:20 nessai INFO    : it: 30000: n eval: 653648 H: 25.54 dlogZ: 0.453 logZ: -30.501 +/- 0.160 logLmax: -1.06
08-04 15:21 nessai INFO    : it: 31000: Rolling KS test: D=0.003, p-value=0.9802
08-04 15:21 nessai INFO    : it: 31000: n eval: 773648 H: 25.63 dlogZ: 0.196 logZ: -30.433 +/- 0.160 logLmax: -0.96
08-04 15:21 nessai INFO    : Stopping with difference_log_evidence=0.100
08-04 15:21 nessai INFO    : Finalising
08-04 15:21 nessai INFO    : Final ln-evidence: -30.367 +/- 0.160
08-04 15:21 nessai INFO    : Information: 25.74
08-04 15:21 nessai INFO    : Final KS test: D=0.006128, p-value=0.09215
08-04 15:21 nessai INFO    : Checkpointing nested sampling
08-04 15:21 nessai INFO    : Total sampling time: 0:02:28.310582
08-04 15:21 nessai INFO    : Total training time: 0:00:43.870411
08-04 15:21 nessai INFO    : Total population time: 0:00:55.662020
08-04 15:21 nessai INFO    : Total likelihood evaluations: 843648
08-04 15:21 nessai INFO    : Time spent evaluating likelihood: 0:00:15.379589
08-04 15:21 nessai INFO    : Total sampling time: 0:02:28.310582
08-04 15:21 nessai INFO    : Total likelihood evaluations: 843648
08-04 15:21 nessai INFO    : Starting post processing
08-04 15:21 nessai INFO    : Computing posterior samples
08-04 15:21 nessai INFO    : Effective sample size: 6417.2
08-04 15:21 nessai INFO    : Producing posterior samples using rejection sampling
08-04 15:21 nessai INFO    : Expect 4389.298756162695 samples from rejection sampling
08-04 15:21 nessai INFO    : Returned 4375 posterior samples
08-04 15:21 nessai INFO    : Starting to close worker pool.
08-04 15:21 nessai INFO    : Finished closing worker pool.
