/data/wiay/postgrads/shashwat/qunat_com_future/lib/python3.11/site-packages/nessai/utils/logging.py:133: FutureWarning: setup_logger is deprecated, use configure_logger instead
  warnings.warn(
08-04 15:25 nessai INFO    : Running Nessai version 0.15.2
08-04 15:25 nessai INFO    : Starting multiprocessing pool with 4 processes
08-04 15:25 nessai INFO    : Initialising nested sampler
08-04 15:25 nessai WARNING : Multiprocessing pool has already been configured.
/data/wiay/postgrads/shashwat/qunat_com_future/lib/python3.11/site-packages/nessai/gw/__init__.py:12: FutureWarning: The `nessai.gw` module will be deprecated in the next release in favour of the nessai-gw package. This packages provides the same functionality as`nessai.gw` via the plugin interface.For more details, see: https://github.com/mj-will/nessai-gw
  warnings.warn(
08-04 15:25 nessai INFO    : Passing kwargs to FlowProposal: {'poolsize': 1000}
08-04 15:25 nessai INFO    : No reparameterisations provided, using default reparameterisations included in FlowProposal
08-04 15:25 nessai INFO    : Adding reparameterisations from: {}
08-04 15:25 nessai INFO    : Assuming fallback reparameterisation (ScaleAndShift) for ['kappa', 'mu_xi', 'sigma_chi', 'sigma_xi', 'rho', 'lambda_chi', 'chi0', 'xi0'] with kwargs: {'estimate_scale': True, 'estimate_shift': True, 'prior_bounds': {'kappa': array([0.1, 5. ]), 'mu_xi': array([0. , 0.1]), 'sigma_chi': array([0.05, 0.6 ]), 'sigma_xi': array([0.05, 0.4 ]), 'rho': array([-0.9,  0.9]), 'lambda_chi': array([-0.5,  0.5]), 'chi0': array([-0.5,  0.5]), 'xi0': array([2.5, 5. ])}}.
08-04 15:25 nessai INFO    : x space parameters: ['kappa', 'mu_xi', 'sigma_chi', 'sigma_xi', 'rho', 'lambda_chi', 'chi0', 'xi0']
08-04 15:25 nessai INFO    : x prime space parameters: ['kappa_prime', 'mu_xi_prime', 'sigma_chi_prime', 'sigma_xi_prime', 'rho_prime', 'lambda_chi_prime', 'chi0_prime', 'xi0_prime']
08-04 15:25 nessai INFO    : Overwriting fuzz factor with expansion fraction
08-04 15:25 nessai INFO    : New fuzz factor: 1.2228445449938519
08-04 15:25 nessai INFO    : Verifying rescaling functions
08-04 15:25 nessai INFO    : Rescaling functions are invertible
08-04 15:25 nessai INFO    : Populating initial live points
08-04 15:25 nessai INFO    : Populated 100 / 1000 live points
08-04 15:25 nessai INFO    : Populated 200 / 1000 live points
08-04 15:25 nessai INFO    : Populated 300 / 1000 live points
08-04 15:25 nessai INFO    : Populated 400 / 1000 live points
08-04 15:25 nessai INFO    : Populated 500 / 1000 live points
08-04 15:25 nessai INFO    : Populated 600 / 1000 live points
08-04 15:25 nessai INFO    : Populated 700 / 1000 live points
08-04 15:25 nessai INFO    : Populated 800 / 1000 live points
08-04 15:25 nessai INFO    : Populated 900 / 1000 live points
08-04 15:25 nessai INFO    : Populated 1000 / 1000 live points
08-04 15:25 nessai INFO    : Starting nested sampling loop
08-04 15:25 nessai INFO    : it:  1000: Rolling KS test: D=0.018, p-value=0.5169
08-04 15:25 nessai INFO    : it:  1000: n eval: 3000 H: 7.91 dlogZ: 8157387.974 logZ: -8182837.810 +/- 0.089 logLmax: -25448.84
08-04 15:25 nessai INFO    : it:  2000: Rolling KS test: D=0.031, p-value=0.1433
08-04 15:25 nessai INFO    : it:  2000: n eval: 8000 H: 8.91 dlogZ: 2146130.453 logZ: -2151246.040 +/- 0.094 logLmax: -5113.59
08-04 15:25 nessai INFO    : Switching to FlowProposal
08-04 15:25 nessai INFO    : it:  3000: Rolling KS test: D=0.019, p-value=0.4797
08-04 15:25 nessai INFO    : it:  3000: n eval: 12245 H: 9.91 dlogZ: 766075.870 logZ: -771192.457 +/- 0.100 logLmax: -5113.59
08-04 15:25 nessai INFO    : it:  4000: Rolling KS test: D=0.023, p-value=0.3419
08-04 15:25 nessai INFO    : it:  4000: n eval: 16497 H: 10.91 dlogZ: 299884.838 logZ: -301206.262 +/- 0.104 logLmax: -1317.43
08-04 15:25 nessai INFO    : it:  5000: Rolling KS test: D=0.032, p-value=0.1263
08-04 15:25 nessai INFO    : it:  5000: n eval: 20768 H: 11.91 dlogZ: 128578.593 logZ: -129901.017 +/- 0.109 logLmax: -1317.43
08-04 15:25 nessai INFO    : it:  6000: Rolling KS test: D=0.042, p-value=0.02854
08-04 15:25 nessai INFO    : it:  6000: n eval: 25740 H: 12.91 dlogZ: 60593.425 logZ: -60877.114 +/- 0.114 logLmax: -277.69
08-04 15:25 nessai INFO    : it:  7000: Rolling KS test: D=0.009, p-value=0.8454
08-04 15:26 nessai INFO    : it:  7000: n eval: 30095 H: 13.90 dlogZ: 29718.359 logZ: -30003.048 +/- 0.118 logLmax: -277.69
08-04 15:26 nessai INFO    : it:  8000: Rolling KS test: D=0.027, p-value=0.2286
08-04 15:26 nessai INFO    : it:  8000: n eval: 34491 H: 14.91 dlogZ: 15011.377 logZ: -15106.087 +/- 0.122 logLmax: -86.71
08-04 15:26 nessai INFO    : it:  9000: Rolling KS test: D=0.024, p-value=0.311
08-04 15:26 nessai INFO    : it:  9000: n eval: 39047 H: 15.53 dlogZ: 7725.652 logZ: -7821.361 +/- 0.125 logLmax: -86.71
08-04 15:26 nessai INFO    : it: 10000: Rolling KS test: D=0.015, p-value=0.6313
08-04 15:26 nessai INFO    : it: 10000: n eval: 43777 H: 16.51 dlogZ: 4152.477 logZ: -4237.856 +/- 0.128 logLmax: -75.38
08-04 15:26 nessai INFO    : it: 11000: Rolling KS test: D=0.021, p-value=0.4082
08-04 15:26 nessai INFO    : it: 11000: n eval: 48448 H: 17.31 dlogZ: 2244.702 logZ: -2325.410 +/- 0.132 logLmax: -69.71
08-04 15:26 nessai INFO    : it: 12000: Rolling KS test: D=0.019, p-value=0.4797
08-04 15:26 nessai INFO    : it: 12000: n eval: 50740 H: 17.11 dlogZ: 1251.874 logZ: -1284.069 +/- 0.131 logLmax: -20.20
08-04 15:26 nessai INFO    : it: 13000: Rolling KS test: D=0.01, p-value=0.8133
08-04 15:26 nessai INFO    : it: 13000: n eval: 57741 H: 17.61 dlogZ: 703.935 logZ: -726.211 +/- 0.133 logLmax: -9.28
08-04 15:26 nessai INFO    : it: 14000: Rolling KS test: D=0.039, p-value=0.0465
08-04 15:26 nessai INFO    : it: 14000: n eval: 63192 H: 18.19 dlogZ: 393.008 logZ: -409.052 +/- 0.135 logLmax: -2.05
08-04 15:26 nessai INFO    : it: 15000: Rolling KS test: D=0.019, p-value=0.4797
08-04 15:26 nessai INFO    : it: 15000: n eval: 68860 H: 18.82 dlogZ: 215.491 logZ: -232.536 +/- 0.137 logLmax: -2.05
08-04 15:26 nessai INFO    : it: 16000: Rolling KS test: D=0.016, p-value=0.593
08-04 15:26 nessai INFO    : it: 16000: n eval: 74416 H: 19.07 dlogZ: 123.397 logZ: -141.442 +/- 0.138 logLmax: -2.05
08-04 15:26 nessai INFO    : it: 17000: Rolling KS test: D=0.029, p-value=0.1825
08-04 15:26 nessai INFO    : it: 17000: n eval: 84679 H: 19.67 dlogZ: 71.560 logZ: -90.605 +/- 0.140 logLmax: -2.05
08-04 15:26 nessai INFO    : it: 18000: Rolling KS test: D=0.021, p-value=0.4082
08-04 15:26 nessai INFO    : it: 18000: n eval: 97684 H: 20.02 dlogZ: 40.393 logZ: -60.438 +/- 0.142 logLmax: -2.05
08-04 15:26 nessai INFO    : it: 19000: Rolling KS test: D=0.042, p-value=0.02854
08-04 15:26 nessai INFO    : it: 19000: n eval: 113240 H: 20.47 dlogZ: 25.697 logZ: -45.464 +/- 0.143 logLmax: -0.77
08-04 15:26 nessai INFO    : it: 20000: Rolling KS test: D=0.028, p-value=0.2046
08-04 15:26 nessai INFO    : it: 20000: n eval: 132505 H: 20.78 dlogZ: 16.246 logZ: -37.012 +/- 0.144 logLmax: -0.77
08-04 15:26 nessai INFO    : it: 21000: Rolling KS test: D=0.021, p-value=0.4082
08-04 15:26 nessai INFO    : it: 21000: n eval: 161738 H: 21.28 dlogZ: 9.865 logZ: -31.632 +/- 0.146 logLmax: -0.77
08-04 15:26 nessai INFO    : it: 22000: Rolling KS test: D=0.014, p-value=0.6695
08-04 15:26 nessai INFO    : it: 22000: n eval: 186605 H: 21.51 dlogZ: 6.406 logZ: -28.920 +/- 0.147 logLmax: -0.52
08-04 15:26 nessai INFO    : it: 23000: Rolling KS test: D=0.018, p-value=0.5169
08-04 15:26 nessai INFO    : it: 23000: n eval: 244574 H: 21.84 dlogZ: 3.911 logZ: -27.407 +/- 0.148 logLmax: -0.52
08-04 15:27 nessai INFO    : it: 24000: Rolling KS test: D=0.033, p-value=0.1108
08-04 15:27 nessai INFO    : it: 24000: n eval: 304574 H: 22.15 dlogZ: 2.139 logZ: -26.529 +/- 0.149 logLmax: -0.52
08-04 15:27 nessai INFO    : it: 25000: Rolling KS test: D=0.043, p-value=0.02406
08-04 15:27 nessai INFO    : it: 25000: n eval: 384574 H: 22.37 dlogZ: 1.050 logZ: -26.056 +/- 0.150 logLmax: -0.44
08-04 15:27 nessai INFO    : it: 26000: Rolling KS test: D=0.033, p-value=0.1108
08-04 15:27 nessai INFO    : it: 26000: n eval: 494574 H: 22.51 dlogZ: 0.463 logZ: -25.816 +/- 0.150 logLmax: -0.35
08-04 15:27 nessai INFO    : it: 27000: Rolling KS test: D=0.016, p-value=0.593
08-04 15:27 nessai INFO    : it: 27000: n eval: 624574 H: 22.60 dlogZ: 0.188 logZ: -25.699 +/- 0.150 logLmax: -0.28
08-04 15:27 nessai INFO    : Stopping with difference_log_evidence=0.100
08-04 15:27 nessai INFO    : Finalising
08-04 15:27 nessai INFO    : Final ln-evidence: -25.600 +/- 0.151
08-04 15:27 nessai INFO    : Information: 22.71
08-04 15:27 nessai INFO    : Final KS test: D=0.01149, p-value=0.0006718
08-04 15:27 nessai WARNING : Final p-value for the insertion indices is less than 0.05, this could be an indication of problems during sampling. Consider checking the diagnostic plots.
08-04 15:27 nessai INFO    : Checkpointing nested sampling
08-04 15:27 nessai INFO    : Total sampling time: 0:02:05.276272
08-04 15:27 nessai INFO    : Total training time: 0:00:44.939639
08-04 15:27 nessai INFO    : Total population time: 0:00:36.566333
08-04 15:27 nessai INFO    : Total likelihood evaluations: 714574
08-04 15:27 nessai INFO    : Time spent evaluating likelihood: 0:00:13.904735
08-04 15:27 nessai INFO    : Total sampling time: 0:02:05.276272
08-04 15:27 nessai INFO    : Total likelihood evaluations: 714574
08-04 15:27 nessai INFO    : Starting post processing
08-04 15:27 nessai INFO    : Computing posterior samples
08-04 15:27 nessai INFO    : Effective sample size: 5698.0
08-04 15:27 nessai INFO    : Producing posterior samples using rejection sampling
08-04 15:27 nessai INFO    : Expect 3902.7276548065247 samples from rejection sampling
08-04 15:27 nessai INFO    : Returned 3877 posterior samples
08-04 15:27 nessai INFO    : Starting to close worker pool.
08-04 15:27 nessai INFO    : Finished closing worker pool.
