/data/wiay/postgrads/shashwat/qunat_com_future/lib/python3.11/site-packages/nessai/utils/logging.py:133: FutureWarning: setup_logger is deprecated, use configure_logger instead
  warnings.warn(
08-04 13:26 nessai INFO    : Running Nessai version 0.15.2
08-04 13:26 nessai INFO    : Starting multiprocessing pool with 4 processes
08-04 13:26 nessai INFO    : Initialising nested sampler
08-04 13:26 nessai WARNING : Multiprocessing pool has already been configured.
/data/wiay/postgrads/shashwat/qunat_com_future/lib/python3.11/site-packages/nessai/gw/__init__.py:12: FutureWarning: The `nessai.gw` module will be deprecated in the next release in favour of the nessai-gw package. This packages provides the same functionality as`nessai.gw` via the plugin interface.For more details, see: https://github.com/mj-will/nessai-gw
  warnings.warn(
08-04 13:26 nessai INFO    : Passing kwargs to FlowProposal: {'poolsize': 1000}
08-04 13:26 nessai INFO    : No reparameterisations provided, using default reparameterisations included in FlowProposal
08-04 13:26 nessai INFO    : Adding reparameterisations from: {}
08-04 13:26 nessai INFO    : Assuming fallback reparameterisation (ScaleAndShift) for ['kappa', 'mu_xi', 'sigma_chi', 'sigma_xi', 'rho', 'lambda_chi', 'chi0', 'xi0'] with kwargs: {'estimate_scale': True, 'estimate_shift': True, 'prior_bounds': {'kappa': array([0.1, 5. ]), 'mu_xi': array([0. , 0.1]), 'sigma_chi': array([0.05, 0.6 ]), 'sigma_xi': array([0.05, 0.4 ]), 'rho': array([-0.9,  0.9]), 'lambda_chi': array([-0.5,  0.5]), 'chi0': array([-0.5,  0.5]), 'xi0': array([2.5, 5. ])}}.
08-04 13:26 nessai INFO    : x space parameters: ['kappa', 'mu_xi', 'sigma_chi', 'sigma_xi', 'rho', 'lambda_chi', 'chi0', 'xi0']
08-04 13:26 nessai INFO    : x prime space parameters: ['kappa_prime', 'mu_xi_prime', 'sigma_chi_prime', 'sigma_xi_prime', 'rho_prime', 'lambda_chi_prime', 'chi0_prime', 'xi0_prime']
08-04 13:26 nessai INFO    : Overwriting fuzz factor with expansion fraction
08-04 13:26 nessai INFO    : New fuzz factor: 1.2228445449938519
08-04 13:26 nessai INFO    : Verifying rescaling functions
08-04 13:26 nessai INFO    : Rescaling functions are invertible
08-04 13:26 nessai INFO    : Populating initial live points
08-04 13:26 nessai INFO    : Populated 100 / 1000 live points
08-04 13:26 nessai INFO    : Populated 200 / 1000 live points
08-04 13:26 nessai INFO    : Populated 300 / 1000 live points
08-04 13:26 nessai INFO    : Populated 400 / 1000 live points
08-04 13:26 nessai INFO    : Populated 500 / 1000 live points
08-04 13:26 nessai INFO    : Populated 600 / 1000 live points
08-04 13:26 nessai INFO    : Populated 700 / 1000 live points
08-04 13:26 nessai INFO    : Populated 800 / 1000 live points
08-04 13:26 nessai INFO    : Populated 900 / 1000 live points
08-04 13:26 nessai INFO    : Populated 1000 / 1000 live points
08-04 13:26 nessai INFO    : Starting nested sampling loop
08-04 13:26 nessai INFO    : it:  1000: Rolling KS test: D=0.005, p-value=0.9481
08-04 13:26 nessai INFO    : it:  1000: n eval: 3000 H: 7.91 dlogZ: 80728388.080 logZ: -80739237.847 +/- 0.089 logLmax: -10848.77
08-04 13:26 nessai INFO    : it:  2000: Rolling KS test: D=0.027, p-value=0.2286
08-04 13:26 nessai INFO    : it:  2000: n eval: 8000 H: 8.91 dlogZ: 18383819.161 logZ: -18394669.928 +/- 0.094 logLmax: -10848.77
08-04 13:26 nessai INFO    : Switching to FlowProposal
08-04 13:26 nessai INFO    : it:  3000: Rolling KS test: D=0.018, p-value=0.5169
08-04 13:26 nessai INFO    : it:  3000: n eval: 12064 H: 9.91 dlogZ: 6095931.703 logZ: -6106783.471 +/- 0.100 logLmax: -10848.77
08-04 13:26 nessai INFO    : it:  4000: Rolling KS test: D=0.028, p-value=0.2046
08-04 13:26 nessai INFO    : it:  4000: n eval: 15888 H: 10.91 dlogZ: 2420813.623 logZ: -2431666.390 +/- 0.104 logLmax: -10848.77
08-04 13:26 nessai INFO    : it:  5000: Rolling KS test: D=0.032, p-value=0.1263
08-04 13:26 nessai INFO    : it:  5000: n eval: 20149 H: 11.91 dlogZ: 1099630.140 logZ: -1110483.907 +/- 0.109 logLmax: -10848.77
08-04 13:26 nessai INFO    : it:  6000: Rolling KS test: D=0.022, p-value=0.3744
08-04 13:26 nessai INFO    : it:  6000: n eval: 25542 H: 12.91 dlogZ: 532341.691 logZ: -536716.747 +/- 0.114 logLmax: -4369.06
08-04 13:26 nessai INFO    : it:  7000: Rolling KS test: D=0.014, p-value=0.6695
08-04 13:26 nessai INFO    : it:  7000: n eval: 30600 H: 13.91 dlogZ: 257395.176 logZ: -261771.231 +/- 0.118 logLmax: -4369.06
08-04 13:26 nessai INFO    : it:  8000: Rolling KS test: D=0.017, p-value=0.5547
08-04 13:26 nessai INFO    : it:  8000: n eval: 36666 H: 14.91 dlogZ: 131858.513 logZ: -134830.009 +/- 0.122 logLmax: -2963.50
08-04 13:26 nessai INFO    : it:  9000: Rolling KS test: D=0.016, p-value=0.593
08-04 13:26 nessai INFO    : it:  9000: n eval: 44947 H: 15.91 dlogZ: 67133.529 logZ: -68675.518 +/- 0.126 logLmax: -1532.99
08-04 13:26 nessai INFO    : it: 10000: Rolling KS test: D=0.012, p-value=0.7438
08-04 13:26 nessai INFO    : it: 10000: n eval: 51571 H: 16.91 dlogZ: 35618.228 logZ: -37161.216 +/- 0.130 logLmax: -1532.99
08-04 13:26 nessai INFO    : it: 11000: Rolling KS test: D=0.007, p-value=0.9024
08-04 13:26 nessai INFO    : it: 11000: n eval: 57643 H: 17.86 dlogZ: 19247.558 logZ: -19919.353 +/- 0.134 logLmax: -660.80
08-04 13:26 nessai INFO    : it: 12000: Rolling KS test: D=0.005, p-value=0.9481
08-04 13:26 nessai INFO    : it: 12000: n eval: 63732 H: 18.78 dlogZ: 10622.842 logZ: -10869.477 +/- 0.137 logLmax: -234.64
08-04 13:26 nessai INFO    : it: 13000: Rolling KS test: D=0.017, p-value=0.5547
08-04 13:26 nessai INFO    : it: 13000: n eval: 73012 H: 19.11 dlogZ: 6284.832 logZ: -6532.467 +/- 0.138 logLmax: -234.64
08-04 13:26 nessai INFO    : it: 14000: Rolling KS test: D=0.029, p-value=0.1825
08-04 13:26 nessai INFO    : it: 14000: n eval: 80273 H: 20.71 dlogZ: 3546.054 logZ: -3794.689 +/- 0.144 logLmax: -234.64
08-04 13:27 nessai INFO    : it: 15000: Rolling KS test: D=0.035, p-value=0.08429
08-04 13:27 nessai INFO    : it: 15000: n eval: 89780 H: 21.47 dlogZ: 2213.647 logZ: -2319.082 +/- 0.147 logLmax: -90.44
08-04 13:27 nessai INFO    : it: 16000: Rolling KS test: D=0.04, p-value=0.03967
08-04 13:27 nessai INFO    : it: 16000: n eval: 101363 H: 20.87 dlogZ: 1310.238 logZ: -1382.477 +/- 0.144 logLmax: -56.24
08-04 13:27 nessai INFO    : it: 17000: Rolling KS test: D=0.042, p-value=0.02854
08-04 13:27 nessai INFO    : it: 17000: n eval: 109937 H: 22.05 dlogZ: 762.967 logZ: -836.206 +/- 0.148 logLmax: -56.24
08-04 13:27 nessai INFO    : it: 18000: Rolling KS test: D=0.027, p-value=0.2286
08-04 13:27 nessai INFO    : it: 18000: n eval: 123267 H: 22.42 dlogZ: 458.208 logZ: -496.415 +/- 0.150 logLmax: -20.21
08-04 13:27 nessai INFO    : it: 19000: Rolling KS test: D=0.006, p-value=0.9268
08-04 13:27 nessai INFO    : it: 19000: n eval: 140793 H: 22.79 dlogZ: 280.478 logZ: -319.684 +/- 0.151 logLmax: -20.21
08-04 13:27 nessai INFO    : it: 20000: Rolling KS test: D=0.015, p-value=0.6313
08-04 13:27 nessai INFO    : it: 20000: n eval: 161861 H: 23.48 dlogZ: 167.326 logZ: -207.533 +/- 0.153 logLmax: -20.21
08-04 13:27 nessai INFO    : it: 21000: Rolling KS test: D=0.034, p-value=0.09683
08-04 13:27 nessai INFO    : it: 21000: n eval: 195325 H: 23.68 dlogZ: 109.651 logZ: -142.679 +/- 0.154 logLmax: -12.03
08-04 13:27 nessai INFO    : it: 22000: Rolling KS test: D=0.028, p-value=0.2046
08-04 13:27 nessai INFO    : it: 22000: n eval: 223202 H: 24.36 dlogZ: 71.284 logZ: -105.312 +/- 0.156 logLmax: -12.03
08-04 13:27 nessai INFO    : it: 23000: Rolling KS test: D=0.019, p-value=0.4797
08-04 13:27 nessai INFO    : it: 23000: n eval: 272727 H: 24.79 dlogZ: 48.561 logZ: -81.999 +/- 0.157 logLmax: -10.44
08-04 13:27 nessai INFO    : it: 24000: Rolling KS test: D=0.02, p-value=0.4434
08-04 13:27 nessai INFO    : it: 24000: n eval: 322727 H: 25.37 dlogZ: 38.440 logZ: -67.727 +/- 0.159 logLmax: -5.29
08-04 13:27 nessai INFO    : it: 25000: Rolling KS test: D=0.043, p-value=0.02406
08-04 13:27 nessai INFO    : it: 25000: n eval: 382727 H: 26.03 dlogZ: 29.397 logZ: -58.017 +/- 0.161 logLmax: -3.62
08-04 13:27 nessai INFO    : it: 26000: Rolling KS test: D=0.024, p-value=0.311
08-04 13:28 nessai INFO    : it: 26000: n eval: 442727 H: 26.56 dlogZ: 21.949 logZ: -51.570 +/- 0.163 logLmax: -3.62
08-04 13:28 nessai INFO    : it: 27000: Rolling KS test: D=0.015, p-value=0.6313
08-04 13:28 nessai INFO    : it: 27000: n eval: 482727 H: 27.14 dlogZ: 16.574 logZ: -47.195 +/- 0.165 logLmax: -3.62
08-04 13:28 nessai INFO    : it: 28000: Rolling KS test: D=0.014, p-value=0.6695
08-04 13:28 nessai INFO    : it: 28000: n eval: 522144 H: 27.84 dlogZ: 12.418 logZ: -43.882 +/- 0.167 logLmax: -3.46
08-04 13:28 nessai INFO    : it: 29000: Rolling KS test: D=0.006, p-value=0.9268
08-04 13:28 nessai INFO    : it: 29000: n eval: 558872 H: 28.48 dlogZ: 8.934 logZ: -41.398 +/- 0.169 logLmax: -3.46
08-04 13:28 nessai INFO    : it: 30000: Rolling KS test: D=0.039, p-value=0.0465
08-04 13:28 nessai INFO    : it: 30000: n eval: 585796 H: 29.11 dlogZ: 6.816 logZ: -39.509 +/- 0.171 logLmax: -2.69
08-04 13:28 nessai INFO    : it: 31000: Rolling KS test: D=0.022, p-value=0.3744
08-04 13:28 nessai INFO    : it: 31000: n eval: 612296 H: 29.62 dlogZ: 4.948 logZ: -38.203 +/- 0.172 logLmax: -2.26
08-04 13:28 nessai INFO    : it: 32000: Rolling KS test: D=0.031, p-value=0.1433
08-04 13:28 nessai INFO    : it: 32000: n eval: 650157 H: 30.03 dlogZ: 3.519 logZ: -37.360 +/- 0.173 logLmax: -1.87
08-04 13:28 nessai INFO    : it: 33000: Rolling KS test: D=0.019, p-value=0.4797
08-04 13:28 nessai INFO    : it: 33000: n eval: 675608 H: 30.39 dlogZ: 2.076 logZ: -36.814 +/- 0.174 logLmax: -1.87
08-04 13:28 nessai INFO    : it: 34000: Rolling KS test: D=0.036, p-value=0.07308
08-04 13:28 nessai INFO    : it: 34000: n eval: 711639 H: 30.66 dlogZ: 1.309 logZ: -36.488 +/- 0.175 logLmax: -1.50
08-04 13:28 nessai INFO    : it: 35000: Rolling KS test: D=0.015, p-value=0.6313
08-04 13:28 nessai INFO    : it: 35000: n eval: 746469 H: 30.85 dlogZ: 0.601 logZ: -36.302 +/- 0.176 logLmax: -1.50
08-04 13:28 nessai INFO    : it: 36000: Rolling KS test: D=0.013, p-value=0.7071
08-04 13:28 nessai INFO    : it: 36000: n eval: 784909 H: 30.98 dlogZ: 0.242 logZ: -36.199 +/- 0.176 logLmax: -1.50
08-04 13:29 nessai INFO    : Stopping with difference_log_evidence=0.100
08-04 13:29 nessai INFO    : Finalising
08-04 13:29 nessai INFO    : Final ln-evidence: -36.099 +/- 0.176
08-04 13:29 nessai INFO    : Information: 31.15
08-04 13:29 nessai INFO    : Final KS test: D=0.005885, p-value=0.07697
08-04 13:29 nessai INFO    : Checkpointing nested sampling
08-04 13:29 nessai INFO    : Total sampling time: 0:02:36.846642
08-04 13:29 nessai INFO    : Total training time: 0:00:50.114215
08-04 13:29 nessai INFO    : Total population time: 0:00:51.938446
08-04 13:29 nessai INFO    : Total likelihood evaluations: 834284
08-04 13:29 nessai INFO    : Time spent evaluating likelihood: 0:00:15.547238
08-04 13:29 nessai INFO    : Total sampling time: 0:02:36.846642
08-04 13:29 nessai INFO    : Total likelihood evaluations: 834284
08-04 13:29 nessai INFO    : Starting post processing
08-04 13:29 nessai INFO    : Computing posterior samples
08-04 13:29 nessai INFO    : Effective sample size: 6845.5
08-04 13:29 nessai INFO    : Producing posterior samples using rejection sampling
08-04 13:29 nessai INFO    : Expect 4729.0628887746325 samples from rejection sampling
08-04 13:29 nessai INFO    : Returned 4792 posterior samples
08-04 13:29 nessai INFO    : Starting to close worker pool.
08-04 13:29 nessai INFO    : Finished closing worker pool.
