/data/wiay/postgrads/shashwat/qunat_com_future/lib/python3.11/site-packages/nessai/utils/logging.py:133: FutureWarning: setup_logger is deprecated, use configure_logger instead
  warnings.warn(
08-04 15:35 nessai INFO    : Running Nessai version 0.15.2
08-04 15:35 nessai INFO    : Starting multiprocessing pool with 4 processes
08-04 15:35 nessai INFO    : Initialising nested sampler
08-04 15:35 nessai WARNING : Multiprocessing pool has already been configured.
/data/wiay/postgrads/shashwat/qunat_com_future/lib/python3.11/site-packages/nessai/gw/__init__.py:12: FutureWarning: The `nessai.gw` module will be deprecated in the next release in favour of the nessai-gw package. This packages provides the same functionality as`nessai.gw` via the plugin interface.For more details, see: https://github.com/mj-will/nessai-gw
  warnings.warn(
08-04 15:35 nessai INFO    : Passing kwargs to FlowProposal: {'poolsize': 1000}
08-04 15:35 nessai INFO    : No reparameterisations provided, using default reparameterisations included in FlowProposal
08-04 15:35 nessai INFO    : Adding reparameterisations from: {}
08-04 15:35 nessai INFO    : Assuming fallback reparameterisation (ScaleAndShift) for ['kappa', 'mu_xi', 'sigma_chi', 'sigma_xi', 'rho', 'lambda_chi', 'chi0', 'xi0'] with kwargs: {'estimate_scale': True, 'estimate_shift': True, 'prior_bounds': {'kappa': array([0.1, 5. ]), 'mu_xi': array([0. , 0.1]), 'sigma_chi': array([0.05, 0.6 ]), 'sigma_xi': array([0.05, 0.4 ]), 'rho': array([-0.9,  0.9]), 'lambda_chi': array([-0.5,  0.5]), 'chi0': array([-0.5,  0.5]), 'xi0': array([2.5, 5. ])}}.
08-04 15:35 nessai INFO    : x space parameters: ['kappa', 'mu_xi', 'sigma_chi', 'sigma_xi', 'rho', 'lambda_chi', 'chi0', 'xi0']
08-04 15:35 nessai INFO    : x prime space parameters: ['kappa_prime', 'mu_xi_prime', 'sigma_chi_prime', 'sigma_xi_prime', 'rho_prime', 'lambda_chi_prime', 'chi0_prime', 'xi0_prime']
08-04 15:35 nessai INFO    : Overwriting fuzz factor with expansion fraction
08-04 15:35 nessai INFO    : New fuzz factor: 1.2228445449938519
08-04 15:35 nessai INFO    : Verifying rescaling functions
08-04 15:35 nessai INFO    : Rescaling functions are invertible
08-04 15:35 nessai INFO    : Populating initial live points
08-04 15:35 nessai INFO    : Populated 100 / 1000 live points
08-04 15:35 nessai INFO    : Populated 200 / 1000 live points
08-04 15:35 nessai INFO    : Populated 300 / 1000 live points
08-04 15:35 nessai INFO    : Populated 400 / 1000 live points
08-04 15:35 nessai INFO    : Populated 500 / 1000 live points
08-04 15:35 nessai INFO    : Populated 600 / 1000 live points
08-04 15:35 nessai INFO    : Populated 700 / 1000 live points
08-04 15:35 nessai INFO    : Populated 800 / 1000 live points
08-04 15:35 nessai INFO    : Populated 900 / 1000 live points
08-04 15:35 nessai INFO    : Populated 1000 / 1000 live points
08-04 15:35 nessai INFO    : Starting nested sampling loop
08-04 15:35 nessai INFO    : it:  1000: Rolling KS test: D=0.022, p-value=0.3744
08-04 15:35 nessai INFO    : it:  1000: n eval: 3000 H: 7.91 dlogZ: 3794834.901 logZ: -3798253.332 +/- 0.089 logLmax: -3417.43
08-04 15:35 nessai INFO    : it:  2000: Rolling KS test: D=0.027, p-value=0.2286
08-04 15:35 nessai INFO    : it:  2000: n eval: 8000 H: 8.91 dlogZ: 751516.944 logZ: -754313.198 +/- 0.094 logLmax: -2794.26
08-04 15:35 nessai INFO    : Switching to FlowProposal
08-04 15:35 nessai INFO    : it:  3000: Rolling KS test: D=0.03, p-value=0.162
08-04 15:35 nessai INFO    : it:  3000: n eval: 12222 H: 9.91 dlogZ: 243154.729 logZ: -245882.115 +/- 0.100 logLmax: -2724.39
08-04 15:35 nessai INFO    : it:  4000: Rolling KS test: D=0.017, p-value=0.5547
08-04 15:35 nessai INFO    : it:  4000: n eval: 16078 H: 10.91 dlogZ: 94929.219 logZ: -97264.214 +/- 0.104 logLmax: -2331.00
08-04 15:35 nessai INFO    : it:  5000: Rolling KS test: D=0.016, p-value=0.593
08-04 15:35 nessai INFO    : it:  5000: n eval: 20675 H: 11.91 dlogZ: 41279.145 logZ: -41489.216 +/- 0.109 logLmax: -205.07
08-04 15:35 nessai INFO    : it:  6000: Rolling KS test: D=0.027, p-value=0.2286
08-04 15:35 nessai INFO    : it:  6000: n eval: 25688 H: 12.91 dlogZ: 19268.737 logZ: -19479.807 +/- 0.114 logLmax: -205.07
08-04 15:35 nessai INFO    : it:  7000: Rolling KS test: D=0.017, p-value=0.5547
08-04 15:35 nessai INFO    : it:  7000: n eval: 30713 H: 13.84 dlogZ: 9418.365 logZ: -9486.304 +/- 0.118 logLmax: -60.94
08-04 15:35 nessai INFO    : it:  8000: Rolling KS test: D=0.038, p-value=0.05428
08-04 15:35 nessai INFO    : it:  8000: n eval: 38776 H: 14.28 dlogZ: 4894.646 logZ: -4963.586 +/- 0.120 logLmax: -60.94
08-04 15:35 nessai INFO    : it:  9000: Rolling KS test: D=0.011, p-value=0.7794
08-04 15:35 nessai INFO    : it:  9000: n eval: 44670 H: 15.16 dlogZ: 2535.868 logZ: -2605.807 +/- 0.123 logLmax: -60.94
08-04 15:35 nessai INFO    : it: 10000: Rolling KS test: D=0.009, p-value=0.8454
08-04 15:35 nessai INFO    : it: 10000: n eval: 49927 H: 16.03 dlogZ: 1337.042 logZ: -1351.815 +/- 0.127 logLmax: -4.77
08-04 15:35 nessai INFO    : it: 11000: Rolling KS test: D=0.008, p-value=0.8752
08-04 15:35 nessai INFO    : it: 11000: n eval: 55696 H: 16.37 dlogZ: 729.216 logZ: -744.988 +/- 0.128 logLmax: -4.77
08-04 15:35 nessai INFO    : it: 12000: Rolling KS test: D=0.025, p-value=0.2818
08-04 15:35 nessai INFO    : it: 12000: n eval: 65889 H: 15.91 dlogZ: 388.089 logZ: -404.862 +/- 0.126 logLmax: -4.77
08-04 15:35 nessai INFO    : it: 13000: Rolling KS test: D=0.041, p-value=0.03371
08-04 15:35 nessai INFO    : it: 13000: n eval: 72838 H: 16.97 dlogZ: 212.019 logZ: -229.792 +/- 0.130 logLmax: -4.77
08-04 15:35 nessai INFO    : it: 14000: Rolling KS test: D=0.027, p-value=0.2286
08-04 15:35 nessai INFO    : it: 14000: n eval: 85300 H: 16.91 dlogZ: 128.062 logZ: -146.834 +/- 0.130 logLmax: -4.77
08-04 15:35 nessai INFO    : it: 15000: Rolling KS test: D=0.018, p-value=0.5169
08-04 15:35 nessai INFO    : it: 15000: n eval: 94209 H: 17.54 dlogZ: 80.475 logZ: -100.247 +/- 0.132 logLmax: -4.77
08-04 15:36 nessai INFO    : it: 16000: Rolling KS test: D=0.016, p-value=0.593
08-04 15:36 nessai INFO    : it: 16000: n eval: 115282 H: 18.00 dlogZ: 54.254 logZ: -75.027 +/- 0.134 logLmax: -4.77
08-04 15:36 nessai INFO    : it: 17000: Rolling KS test: D=0.028, p-value=0.2046
08-04 15:36 nessai INFO    : it: 17000: n eval: 130559 H: 18.57 dlogZ: 36.631 logZ: -58.404 +/- 0.136 logLmax: -4.77
08-04 15:36 nessai INFO    : it: 18000: Rolling KS test: D=0.003, p-value=0.9802
08-04 15:36 nessai INFO    : it: 18000: n eval: 148324 H: 19.17 dlogZ: 25.932 logZ: -47.556 +/- 0.138 logLmax: -3.62
08-04 15:36 nessai INFO    : it: 19000: Rolling KS test: D=0.03, p-value=0.162
08-04 15:36 nessai INFO    : it: 19000: n eval: 168767 H: 19.70 dlogZ: 17.473 logZ: -40.097 +/- 0.140 logLmax: -3.62
08-04 15:36 nessai INFO    : it: 20000: Rolling KS test: D=0.022, p-value=0.3744
08-04 15:36 nessai INFO    : it: 20000: n eval: 206533 H: 20.25 dlogZ: 11.665 logZ: -35.182 +/- 0.142 logLmax: -3.52
08-04 15:36 nessai INFO    : it: 21000: Rolling KS test: D=0.021, p-value=0.4082
08-04 15:36 nessai INFO    : it: 21000: n eval: 256400 H: 20.77 dlogZ: 7.906 logZ: -31.920 +/- 0.144 logLmax: -3.01
08-04 15:36 nessai INFO    : it: 22000: Rolling KS test: D=0.017, p-value=0.5547
08-04 15:36 nessai INFO    : it: 22000: n eval: 316400 H: 21.20 dlogZ: 5.620 logZ: -29.851 +/- 0.146 logLmax: -2.24
08-04 15:36 nessai INFO    : it: 23000: Rolling KS test: D=0.02, p-value=0.4434
08-04 15:36 nessai INFO    : it: 23000: n eval: 396400 H: 21.51 dlogZ: 3.499 logZ: -28.682 +/- 0.147 logLmax: -2.22
08-04 15:37 nessai INFO    : it: 24000: Rolling KS test: D=0.016, p-value=0.593
08-04 15:37 nessai INFO    : it: 24000: n eval: 486400 H: 21.77 dlogZ: 2.163 logZ: -28.033 +/- 0.148 logLmax: -1.99
08-04 15:37 nessai INFO    : it: 25000: Rolling KS test: D=0.033, p-value=0.1108
08-04 15:37 nessai INFO    : it: 25000: n eval: 636400 H: 21.99 dlogZ: 1.169 logZ: -27.664 +/- 0.148 logLmax: -1.87
08-04 15:37 nessai INFO    : it: 26000: Rolling KS test: D=0.011, p-value=0.7794
08-04 15:37 nessai INFO    : it: 26000: n eval: 796400 H: 22.15 dlogZ: 0.521 logZ: -27.463 +/- 0.149 logLmax: -1.84
08-04 15:38 nessai INFO    : it: 27000: Rolling KS test: D=0.005, p-value=0.9481
08-04 15:38 nessai INFO    : it: 27000: n eval: 1016400 H: 22.26 dlogZ: 0.238 logZ: -27.356 +/- 0.149 logLmax: -1.67
08-04 15:38 nessai INFO    : it: 28000: Rolling KS test: D=0.019, p-value=0.4797
08-04 15:38 nessai INFO    : it: 28000: n eval: 1296400 H: 22.33 dlogZ: 0.116 logZ: -27.302 +/- 0.149 logLmax: -1.40
08-04 15:38 nessai INFO    : Stopping with difference_log_evidence=0.100
08-04 15:38 nessai INFO    : Finalising
08-04 15:38 nessai INFO    : Final ln-evidence: -27.257 +/- 0.150
08-04 15:38 nessai INFO    : Information: 22.40
08-04 15:38 nessai INFO    : Final KS test: D=0.00437, p-value=0.3402
08-04 15:38 nessai INFO    : Checkpointing nested sampling
08-04 15:38 nessai INFO    : Total sampling time: 0:03:24.477676
08-04 15:38 nessai INFO    : Total training time: 0:01:04.566153
08-04 15:38 nessai INFO    : Total population time: 0:01:23.908023
08-04 15:38 nessai INFO    : Total likelihood evaluations: 1336400
08-04 15:38 nessai INFO    : Time spent evaluating likelihood: 0:00:25.431407
08-04 15:38 nessai INFO    : Total sampling time: 0:03:24.477676
08-04 15:38 nessai INFO    : Total likelihood evaluations: 1336400
08-04 15:38 nessai INFO    : Starting post processing
08-04 15:38 nessai INFO    : Computing posterior samples
08-04 15:38 nessai INFO    : Effective sample size: 6291.4
08-04 15:38 nessai INFO    : Producing posterior samples using rejection sampling
08-04 15:38 nessai INFO    : Expect 4387.478926887485 samples from rejection sampling
08-04 15:38 nessai INFO    : Returned 4349 posterior samples
08-04 15:38 nessai INFO    : Starting to close worker pool.
08-04 15:38 nessai INFO    : Finished closing worker pool.
