/data/wiay/postgrads/shashwat/qunat_com_future/lib/python3.11/site-packages/nessai/utils/logging.py:133: FutureWarning: setup_logger is deprecated, use configure_logger instead
  warnings.warn(
08-04 15:05 nessai INFO    : Running Nessai version 0.15.2
08-04 15:05 nessai INFO    : Starting multiprocessing pool with 4 processes
08-04 15:05 nessai INFO    : Initialising nested sampler
08-04 15:05 nessai WARNING : Multiprocessing pool has already been configured.
/data/wiay/postgrads/shashwat/qunat_com_future/lib/python3.11/site-packages/nessai/gw/__init__.py:12: FutureWarning: The `nessai.gw` module will be deprecated in the next release in favour of the nessai-gw package. This packages provides the same functionality as`nessai.gw` via the plugin interface.For more details, see: https://github.com/mj-will/nessai-gw
  warnings.warn(
08-04 15:05 nessai INFO    : Passing kwargs to FlowProposal: {'poolsize': 1000}
08-04 15:05 nessai INFO    : No reparameterisations provided, using default reparameterisations included in FlowProposal
08-04 15:05 nessai INFO    : Adding reparameterisations from: {}
08-04 15:05 nessai INFO    : Assuming fallback reparameterisation (ScaleAndShift) for ['kappa', 'mu_xi', 'sigma_chi', 'sigma_xi', 'rho', 'lambda_chi', 'chi0', 'xi0'] with kwargs: {'estimate_scale': True, 'estimate_shift': True, 'prior_bounds': {'kappa': array([0.1, 5. ]), 'mu_xi': array([0. , 0.1]), 'sigma_chi': array([0.05, 0.6 ]), 'sigma_xi': array([0.05, 0.4 ]), 'rho': array([-0.9,  0.9]), 'lambda_chi': array([-0.5,  0.5]), 'chi0': array([-0.5,  0.5]), 'xi0': array([2.5, 5. ])}}.
08-04 15:05 nessai INFO    : x space parameters: ['kappa', 'mu_xi', 'sigma_chi', 'sigma_xi', 'rho', 'lambda_chi', 'chi0', 'xi0']
08-04 15:05 nessai INFO    : x prime space parameters: ['kappa_prime', 'mu_xi_prime', 'sigma_chi_prime', 'sigma_xi_prime', 'rho_prime', 'lambda_chi_prime', 'chi0_prime', 'xi0_prime']
08-04 15:05 nessai INFO    : Overwriting fuzz factor with expansion fraction
08-04 15:05 nessai INFO    : New fuzz factor: 1.2228445449938519
08-04 15:05 nessai INFO    : Verifying rescaling functions
08-04 15:05 nessai INFO    : Rescaling functions are invertible
08-04 15:05 nessai INFO    : Populating initial live points
08-04 15:05 nessai INFO    : Populated 100 / 1000 live points
08-04 15:05 nessai INFO    : Populated 200 / 1000 live points
08-04 15:05 nessai INFO    : Populated 300 / 1000 live points
08-04 15:05 nessai INFO    : Populated 400 / 1000 live points
08-04 15:05 nessai INFO    : Populated 500 / 1000 live points
08-04 15:05 nessai INFO    : Populated 600 / 1000 live points
08-04 15:05 nessai INFO    : Populated 700 / 1000 live points
08-04 15:05 nessai INFO    : Populated 800 / 1000 live points
08-04 15:05 nessai INFO    : Populated 900 / 1000 live points
08-04 15:05 nessai INFO    : Populated 1000 / 1000 live points
08-04 15:05 nessai INFO    : Starting nested sampling loop
08-04 15:05 nessai INFO    : it:  1000: Rolling KS test: D=0.013, p-value=0.7071
08-04 15:05 nessai INFO    : it:  1000: n eval: 3000 H: 7.91 dlogZ: 20083245.639 logZ: -20116715.024 +/- 0.089 logLmax: -33468.39
08-04 15:05 nessai INFO    : it:  2000: Rolling KS test: D=0.017, p-value=0.5547
08-04 15:05 nessai INFO    : it:  2000: n eval: 8000 H: 8.91 dlogZ: 5554206.890 logZ: -5572119.298 +/- 0.094 logLmax: -17910.41
08-04 15:05 nessai INFO    : Switching to FlowProposal
08-04 15:05 nessai INFO    : it:  3000: Rolling KS test: D=0.056, p-value=0.001814
08-04 15:05 nessai INFO    : it:  3000: n eval: 11787 H: 9.91 dlogZ: 2036577.192 logZ: -2037459.364 +/- 0.100 logLmax: -879.17
08-04 15:05 nessai INFO    : it:  4000: Rolling KS test: D=0.01, p-value=0.8133
08-04 15:05 nessai INFO    : it:  4000: n eval: 13427 H: 10.91 dlogZ: 907825.222 logZ: -908708.394 +/- 0.104 logLmax: -879.17
08-04 15:05 nessai INFO    : it:  5000: Rolling KS test: D=0.037, p-value=0.06311
08-04 15:05 nessai INFO    : it:  5000: n eval: 16872 H: 11.91 dlogZ: 434033.779 logZ: -434917.950 +/- 0.109 logLmax: -879.17
08-04 15:05 nessai INFO    : it:  6000: Rolling KS test: D=0.027, p-value=0.2286
08-04 15:05 nessai INFO    : it:  6000: n eval: 21126 H: 12.91 dlogZ: 225535.547 logZ: -226420.718 +/- 0.114 logLmax: -879.17
08-04 15:05 nessai INFO    : it:  7000: Rolling KS test: D=0.023, p-value=0.3419
08-04 15:05 nessai INFO    : it:  7000: n eval: 25152 H: 13.91 dlogZ: 116282.048 logZ: -117168.220 +/- 0.118 logLmax: -879.17
08-04 15:05 nessai INFO    : it:  8000: Rolling KS test: D=0.016, p-value=0.593
08-04 15:05 nessai INFO    : it:  8000: n eval: 29049 H: 14.91 dlogZ: 60583.080 logZ: -61470.252 +/- 0.122 logLmax: -879.17
08-04 15:05 nessai INFO    : it:  9000: Rolling KS test: D=0.029, p-value=0.1825
08-04 15:05 nessai INFO    : it:  9000: n eval: 31133 H: 15.91 dlogZ: 33336.800 logZ: -33539.868 +/- 0.126 logLmax: -194.07
08-04 15:05 nessai INFO    : it: 10000: Rolling KS test: D=0.023, p-value=0.3419
08-04 15:05 nessai INFO    : it: 10000: n eval: 35220 H: 16.22 dlogZ: 18073.611 logZ: -18277.678 +/- 0.127 logLmax: -194.07
08-04 15:05 nessai INFO    : it: 11000: Rolling KS test: D=0.037, p-value=0.06311
08-04 15:05 nessai INFO    : it: 11000: n eval: 43446 H: 17.83 dlogZ: 10234.717 logZ: -10439.785 +/- 0.134 logLmax: -194.07
08-04 15:05 nessai INFO    : it: 12000: Rolling KS test: D=0.026, p-value=0.2543
08-04 15:05 nessai INFO    : it: 12000: n eval: 45877 H: 18.48 dlogZ: 5820.574 logZ: -6026.642 +/- 0.136 logLmax: -194.07
08-04 15:05 nessai INFO    : it: 13000: Rolling KS test: D=0.03, p-value=0.162
08-04 15:05 nessai INFO    : it: 13000: n eval: 50285 H: 19.19 dlogZ: 3355.441 logZ: -3483.996 +/- 0.139 logLmax: -115.56
08-04 15:05 nessai INFO    : it: 14000: Rolling KS test: D=0.015, p-value=0.6313
08-04 15:05 nessai INFO    : it: 14000: n eval: 58141 H: 19.95 dlogZ: 2047.963 logZ: -2113.360 +/- 0.141 logLmax: -51.40
08-04 15:05 nessai INFO    : it: 15000: Rolling KS test: D=0.022, p-value=0.3744
08-04 15:05 nessai INFO    : it: 15000: n eval: 63618 H: 20.89 dlogZ: 1224.666 logZ: -1267.064 +/- 0.145 logLmax: -27.40
08-04 15:05 nessai INFO    : it: 16000: Rolling KS test: D=0.02, p-value=0.4434
08-04 15:05 nessai INFO    : it: 16000: n eval: 68942 H: 21.10 dlogZ: 741.871 logZ: -785.268 +/- 0.145 logLmax: -27.40
08-04 15:05 nessai INFO    : it: 17000: Rolling KS test: D=0.017, p-value=0.5547
08-04 15:05 nessai INFO    : it: 17000: n eval: 74976 H: 21.07 dlogZ: 433.265 logZ: -470.092 +/- 0.145 logLmax: -19.83
08-04 15:05 nessai INFO    : it: 18000: Rolling KS test: D=0.026, p-value=0.2543
08-04 15:05 nessai INFO    : it: 18000: n eval: 85550 H: 21.82 dlogZ: 255.902 logZ: -293.728 +/- 0.148 logLmax: -19.83
08-04 15:05 nessai INFO    : it: 19000: Rolling KS test: D=0.031, p-value=0.1433
08-04 15:05 nessai INFO    : it: 19000: n eval: 97916 H: 22.33 dlogZ: 160.493 logZ: -190.853 +/- 0.149 logLmax: -11.36
08-04 15:05 nessai INFO    : it: 20000: Rolling KS test: D=0.038, p-value=0.05428
08-04 15:05 nessai INFO    : it: 20000: n eval: 111678 H: 22.96 dlogZ: 99.924 logZ: -126.187 +/- 0.152 logLmax: -6.26
08-04 15:05 nessai INFO    : it: 21000: Rolling KS test: D=0.018, p-value=0.5169
08-04 15:05 nessai INFO    : it: 21000: n eval: 127965 H: 23.27 dlogZ: 63.115 logZ: -88.637 +/- 0.153 logLmax: -4.52
08-04 15:05 nessai INFO    : it: 22000: Rolling KS test: D=0.032, p-value=0.1263
08-04 15:05 nessai INFO    : it: 22000: n eval: 156090 H: 23.85 dlogZ: 39.448 logZ: -65.457 +/- 0.154 logLmax: -4.01
08-04 15:06 nessai INFO    : it: 23000: Rolling KS test: D=0.012, p-value=0.7438
08-04 15:06 nessai INFO    : it: 23000: n eval: 177973 H: 24.31 dlogZ: 24.923 logZ: -51.397 +/- 0.156 logLmax: -3.47
08-04 15:06 nessai INFO    : it: 24000: Rolling KS test: D=0.026, p-value=0.2543
08-04 15:06 nessai INFO    : it: 24000: n eval: 213296 H: 24.79 dlogZ: 16.685 logZ: -43.002 +/- 0.157 logLmax: -2.32
08-04 15:06 nessai INFO    : it: 25000: Rolling KS test: D=0.043, p-value=0.02406
08-04 15:06 nessai INFO    : it: 25000: n eval: 263296 H: 25.16 dlogZ: 10.993 logZ: -38.256 +/- 0.159 logLmax: -2.26
08-04 15:06 nessai INFO    : it: 26000: Rolling KS test: D=0.033, p-value=0.1108
08-04 15:06 nessai INFO    : it: 26000: n eval: 313002 H: 25.67 dlogZ: 7.069 logZ: -35.330 +/- 0.160 logLmax: -2.26
08-04 15:06 nessai INFO    : it: 27000: Rolling KS test: D=0.015, p-value=0.6313
08-04 15:06 nessai INFO    : it: 27000: n eval: 383002 H: 26.03 dlogZ: 4.841 logZ: -33.529 +/- 0.161 logLmax: -1.70
08-04 15:06 nessai INFO    : it: 28000: Rolling KS test: D=0.018, p-value=0.5169
08-04 15:06 nessai INFO    : it: 28000: n eval: 463002 H: 26.34 dlogZ: 2.990 logZ: -32.524 +/- 0.162 logLmax: -1.59
08-04 15:06 nessai INFO    : it: 29000: Rolling KS test: D=0.007, p-value=0.9024
08-04 15:06 nessai INFO    : it: 29000: n eval: 543002 H: 26.60 dlogZ: 1.589 logZ: -31.947 +/- 0.163 logLmax: -1.59
08-04 15:07 nessai INFO    : it: 30000: Rolling KS test: D=0.043, p-value=0.02406
08-04 15:07 nessai INFO    : it: 30000: n eval: 643002 H: 26.80 dlogZ: 0.861 logZ: -31.627 +/- 0.164 logLmax: -1.32
08-04 15:07 nessai INFO    : it: 31000: Rolling KS test: D=0.018, p-value=0.5169
08-04 15:07 nessai INFO    : it: 31000: n eval: 733002 H: 26.94 dlogZ: 0.379 logZ: -31.456 +/- 0.164 logLmax: -1.23
08-04 15:07 nessai INFO    : it: 32000: Rolling KS test: D=0.036, p-value=0.07308
08-04 15:07 nessai INFO    : it: 32000: n eval: 823002 H: 27.03 dlogZ: 0.157 logZ: -31.369 +/- 0.164 logLmax: -1.14
08-04 15:07 nessai INFO    : Stopping with difference_log_evidence=0.100
08-04 15:07 nessai INFO    : Finalising
08-04 15:07 nessai INFO    : Final ln-evidence: -31.293 +/- 0.165
08-04 15:07 nessai INFO    : Information: 27.14
08-04 15:07 nessai INFO    : Final KS test: D=0.01347, p-value=7.59e-06
08-04 15:07 nessai WARNING : Final p-value for the insertion indices is less than 0.05, this could be an indication of problems during sampling. Consider checking the diagnostic plots.
08-04 15:07 nessai INFO    : Checkpointing nested sampling
08-04 15:07 nessai INFO    : Total sampling time: 0:02:28.675736
08-04 15:07 nessai INFO    : Total training time: 0:00:44.242451
08-04 15:07 nessai INFO    : Total population time: 0:00:51.991613
08-04 15:07 nessai INFO    : Total likelihood evaluations: 863002
08-04 15:07 nessai INFO    : Time spent evaluating likelihood: 0:00:16.891815
08-04 15:07 nessai INFO    : Total sampling time: 0:02:28.675736
08-04 15:07 nessai INFO    : Total likelihood evaluations: 863002
08-04 15:07 nessai INFO    : Starting post processing
08-04 15:07 nessai INFO    : Computing posterior samples
08-04 15:07 nessai INFO    : Effective sample size: 6146.8
08-04 15:07 nessai INFO    : Producing posterior samples using rejection sampling
08-04 15:07 nessai INFO    : Expect 4230.802984427469 samples from rejection sampling
08-04 15:07 nessai INFO    : Returned 4192 posterior samples
08-04 15:07 nessai INFO    : Starting to close worker pool.
08-04 15:07 nessai INFO    : Finished closing worker pool.
