/data/wiay/postgrads/shashwat/qunat_com_future/lib/python3.11/site-packages/nessai/utils/logging.py:133: FutureWarning: setup_logger is deprecated, use configure_logger instead
  warnings.warn(
08-04 13:18 nessai INFO    : Running Nessai version 0.15.2
08-04 13:18 nessai INFO    : Starting multiprocessing pool with 4 processes
08-04 13:18 nessai INFO    : Initialising nested sampler
08-04 13:18 nessai WARNING : Multiprocessing pool has already been configured.
/data/wiay/postgrads/shashwat/qunat_com_future/lib/python3.11/site-packages/nessai/gw/__init__.py:12: FutureWarning: The `nessai.gw` module will be deprecated in the next release in favour of the nessai-gw package. This packages provides the same functionality as`nessai.gw` via the plugin interface.For more details, see: https://github.com/mj-will/nessai-gw
  warnings.warn(
08-04 13:18 nessai INFO    : Passing kwargs to FlowProposal: {'poolsize': 1000}
08-04 13:18 nessai INFO    : No reparameterisations provided, using default reparameterisations included in FlowProposal
08-04 13:18 nessai INFO    : Adding reparameterisations from: {}
08-04 13:18 nessai INFO    : Assuming fallback reparameterisation (ScaleAndShift) for ['kappa', 'mu_xi', 'sigma_chi', 'sigma_xi', 'rho', 'lambda_chi', 'chi0', 'xi0'] with kwargs: {'estimate_scale': True, 'estimate_shift': True, 'prior_bounds': {'kappa': array([0.1, 5. ]), 'mu_xi': array([0. , 0.1]), 'sigma_chi': array([0.05, 0.6 ]), 'sigma_xi': array([0.05, 0.4 ]), 'rho': array([-0.9,  0.9]), 'lambda_chi': array([-0.5,  0.5]), 'chi0': array([-0.5,  0.5]), 'xi0': array([2.5, 5. ])}}.
08-04 13:18 nessai INFO    : x space parameters: ['kappa', 'mu_xi', 'sigma_chi', 'sigma_xi', 'rho', 'lambda_chi', 'chi0', 'xi0']
08-04 13:18 nessai INFO    : x prime space parameters: ['kappa_prime', 'mu_xi_prime', 'sigma_chi_prime', 'sigma_xi_prime', 'rho_prime', 'lambda_chi_prime', 'chi0_prime', 'xi0_prime']
08-04 13:18 nessai INFO    : Overwriting fuzz factor with expansion fraction
08-04 13:18 nessai INFO    : New fuzz factor: 1.2228445449938519
08-04 13:18 nessai INFO    : Verifying rescaling functions
08-04 13:18 nessai INFO    : Rescaling functions are invertible
08-04 13:18 nessai INFO    : Populating initial live points
08-04 13:18 nessai INFO    : Populated 100 / 1000 live points
08-04 13:18 nessai INFO    : Populated 200 / 1000 live points
08-04 13:18 nessai INFO    : Populated 300 / 1000 live points
08-04 13:18 nessai INFO    : Populated 400 / 1000 live points
08-04 13:18 nessai INFO    : Populated 500 / 1000 live points
08-04 13:18 nessai INFO    : Populated 600 / 1000 live points
08-04 13:18 nessai INFO    : Populated 700 / 1000 live points
08-04 13:18 nessai INFO    : Populated 800 / 1000 live points
08-04 13:18 nessai INFO    : Populated 900 / 1000 live points
08-04 13:18 nessai INFO    : Populated 1000 / 1000 live points
08-04 13:18 nessai INFO    : Starting nested sampling loop
08-04 13:18 nessai INFO    : it:  1000: Rolling KS test: D=0.011, p-value=0.7794
08-04 13:18 nessai INFO    : it:  1000: n eval: 3000 H: 7.91 dlogZ: 11792301.003 logZ: -11819263.993 +/- 0.089 logLmax: -26961.99
08-04 13:18 nessai INFO    : it:  2000: Rolling KS test: D=0.014, p-value=0.6695
08-04 13:18 nessai INFO    : it:  2000: n eval: 8000 H: 8.91 dlogZ: 2850006.889 logZ: -2876970.879 +/- 0.094 logLmax: -26961.99
08-04 13:18 nessai INFO    : Switching to FlowProposal
08-04 13:18 nessai INFO    : it:  3000: Rolling KS test: D=0.026, p-value=0.2543
08-04 13:18 nessai INFO    : it:  3000: n eval: 12080 H: 9.91 dlogZ: 1098403.699 logZ: -1103700.647 +/- 0.100 logLmax: -5293.95
08-04 13:18 nessai INFO    : it:  4000: Rolling KS test: D=0.01, p-value=0.8133
08-04 13:18 nessai INFO    : it:  4000: n eval: 16085 H: 10.91 dlogZ: 498693.903 logZ: -503991.851 +/- 0.104 logLmax: -5293.95
08-04 13:18 nessai INFO    : it:  5000: Rolling KS test: D=0.043, p-value=0.02406
08-04 13:18 nessai INFO    : it:  5000: n eval: 20317 H: 11.91 dlogZ: 253606.396 logZ: -258905.344 +/- 0.109 logLmax: -5293.95
08-04 13:18 nessai INFO    : it:  6000: Rolling KS test: D=0.026, p-value=0.2543
08-04 13:18 nessai INFO    : it:  6000: n eval: 22238 H: 12.91 dlogZ: 136507.968 logZ: -137710.239 +/- 0.114 logLmax: -1196.27
08-04 13:18 nessai INFO    : it:  7000: Rolling KS test: D=0.042, p-value=0.02854
08-04 13:18 nessai INFO    : it:  7000: n eval: 26782 H: 13.91 dlogZ: 74575.770 logZ: -75779.041 +/- 0.118 logLmax: -1196.27
08-04 13:18 nessai INFO    : it:  8000: Rolling KS test: D=0.023, p-value=0.3419
08-04 13:18 nessai INFO    : it:  8000: n eval: 30995 H: 14.91 dlogZ: 40603.075 logZ: -41464.824 +/- 0.122 logLmax: -853.75
08-04 13:18 nessai INFO    : it:  9000: Rolling KS test: D=0.027, p-value=0.2286
08-04 13:18 nessai INFO    : it:  9000: n eval: 35297 H: 15.91 dlogZ: 23880.228 logZ: -24285.926 +/- 0.126 logLmax: -396.70
08-04 13:18 nessai INFO    : it: 10000: Rolling KS test: D=0.01, p-value=0.8133
08-04 13:18 nessai INFO    : it: 10000: n eval: 39644 H: 16.76 dlogZ: 13522.649 logZ: -13929.347 +/- 0.129 logLmax: -396.70
08-04 13:18 nessai INFO    : it: 11000: Rolling KS test: D=0.018, p-value=0.5169
08-04 13:18 nessai INFO    : it: 11000: n eval: 44333 H: 17.91 dlogZ: 8058.401 logZ: -8342.332 +/- 0.134 logLmax: -272.93
08-04 13:18 nessai INFO    : it: 12000: Rolling KS test: D=0.003, p-value=0.9802
08-04 13:18 nessai INFO    : it: 12000: n eval: 49253 H: 18.45 dlogZ: 4748.251 logZ: -5033.182 +/- 0.136 logLmax: -272.93
08-04 13:18 nessai INFO    : it: 13000: Rolling KS test: D=0.015, p-value=0.6313
08-04 13:18 nessai INFO    : it: 13000: n eval: 53830 H: 18.93 dlogZ: 2799.228 logZ: -2950.069 +/- 0.138 logLmax: -137.84
08-04 13:18 nessai INFO    : it: 14000: Rolling KS test: D=0.041, p-value=0.03371
08-04 13:18 nessai INFO    : it: 14000: n eval: 59218 H: 19.51 dlogZ: 1675.793 logZ: -1757.368 +/- 0.140 logLmax: -67.58
08-04 13:18 nessai INFO    : it: 15000: Rolling KS test: D=0.019, p-value=0.4797
08-04 13:18 nessai INFO    : it: 15000: n eval: 64948 H: 20.61 dlogZ: 980.259 logZ: -1062.835 +/- 0.144 logLmax: -67.58
08-04 13:18 nessai INFO    : it: 16000: Rolling KS test: D=0.017, p-value=0.5547
08-04 13:18 nessai INFO    : it: 16000: n eval: 74433 H: 20.64 dlogZ: 589.966 logZ: -630.126 +/- 0.144 logLmax: -24.16
08-04 13:19 nessai INFO    : it: 17000: Rolling KS test: D=0.014, p-value=0.6695
08-04 13:19 nessai INFO    : it: 17000: n eval: 80502 H: 21.87 dlogZ: 358.561 logZ: -389.331 +/- 0.148 logLmax: -13.77
08-04 13:19 nessai INFO    : it: 18000: Rolling KS test: D=0.019, p-value=0.4797
08-04 13:19 nessai INFO    : it: 18000: n eval: 91269 H: 21.87 dlogZ: 220.143 logZ: -249.091 +/- 0.148 logLmax: -10.95
08-04 13:19 nessai INFO    : it: 19000: Rolling KS test: D=0.036, p-value=0.07308
08-04 13:19 nessai INFO    : it: 19000: n eval: 103831 H: 22.18 dlogZ: 131.310 logZ: -160.175 +/- 0.149 logLmax: -9.87
08-04 13:19 nessai INFO    : it: 20000: Rolling KS test: D=0.017, p-value=0.5547
08-04 13:19 nessai INFO    : it: 20000: n eval: 113646 H: 22.80 dlogZ: 77.581 logZ: -107.205 +/- 0.151 logLmax: -9.62
08-04 13:19 nessai INFO    : it: 21000: Rolling KS test: D=0.02, p-value=0.4434
08-04 13:19 nessai INFO    : it: 21000: n eval: 138242 H: 23.15 dlogZ: 50.681 logZ: -77.137 +/- 0.152 logLmax: -5.46
08-04 13:19 nessai INFO    : it: 22000: Rolling KS test: D=0.03, p-value=0.162
08-04 13:19 nessai INFO    : it: 22000: n eval: 158553 H: 23.61 dlogZ: 31.370 logZ: -58.826 +/- 0.154 logLmax: -5.46
08-04 13:19 nessai INFO    : it: 23000: Rolling KS test: D=0.02, p-value=0.4434
08-04 13:19 nessai INFO    : it: 23000: n eval: 204803 H: 24.04 dlogZ: 20.585 logZ: -48.389 +/- 0.155 logLmax: -4.80
08-04 13:19 nessai INFO    : it: 24000: Rolling KS test: D=0.025, p-value=0.2818
08-04 13:19 nessai INFO    : it: 24000: n eval: 243072 H: 24.57 dlogZ: 14.069 logZ: -41.754 +/- 0.157 logLmax: -3.69
08-04 13:19 nessai INFO    : it: 25000: Rolling KS test: D=0.025, p-value=0.2818
08-04 13:19 nessai INFO    : it: 25000: n eval: 303072 H: 24.90 dlogZ: 9.943 logZ: -37.889 +/- 0.158 logLmax: -2.95
08-04 13:20 nessai INFO    : it: 26000: Rolling KS test: D=0.032, p-value=0.1263
08-04 13:20 nessai INFO    : it: 26000: n eval: 383072 H: 25.29 dlogZ: 6.753 logZ: -35.698 +/- 0.159 logLmax: -2.95
08-04 13:20 nessai INFO    : it: 27000: Rolling KS test: D=0.036, p-value=0.07308
08-04 13:20 nessai INFO    : it: 27000: n eval: 493072 H: 25.64 dlogZ: 5.002 logZ: -34.414 +/- 0.160 logLmax: -2.42
08-04 13:20 nessai INFO    : it: 28000: Rolling KS test: D=0.018, p-value=0.5169
08-04 13:20 nessai INFO    : it: 28000: n eval: 593072 H: 25.95 dlogZ: 3.273 logZ: -33.652 +/- 0.161 logLmax: -2.42
08-04 13:21 nessai INFO    : it: 29000: Rolling KS test: D=0.033, p-value=0.1108
08-04 13:21 nessai INFO    : it: 29000: n eval: 703072 H: 26.21 dlogZ: 1.944 logZ: -33.207 +/- 0.162 logLmax: -2.42
08-04 13:21 nessai INFO    : it: 30000: Rolling KS test: D=0.028, p-value=0.2046
08-04 13:21 nessai INFO    : it: 30000: n eval: 793072 H: 26.42 dlogZ: 1.515 logZ: -32.948 +/- 0.163 logLmax: -1.68
08-04 13:21 nessai INFO    : it: 31000: Rolling KS test: D=0.028, p-value=0.2046
08-04 13:21 nessai INFO    : it: 31000: n eval: 903072 H: 26.59 dlogZ: 0.751 logZ: -32.794 +/- 0.163 logLmax: -1.68
08-04 13:22 nessai INFO    : it: 32000: Rolling KS test: D=0.017, p-value=0.5547
08-04 13:22 nessai INFO    : it: 32000: n eval: 1013072 H: 26.71 dlogZ: 0.320 logZ: -32.706 +/- 0.163 logLmax: -1.68
08-04 13:22 nessai INFO    : it: 33000: Rolling KS test: D=0.059, p-value=0.0009071
08-04 13:22 nessai INFO    : it: 33000: n eval: 1103072 H: 26.79 dlogZ: 0.162 logZ: -32.658 +/- 0.164 logLmax: -1.40
08-04 13:22 nessai INFO    : Stopping with difference_log_evidence=0.100
08-04 13:22 nessai INFO    : Finalising
08-04 13:22 nessai INFO    : Final ln-evidence: -32.613 +/- 0.164
08-04 13:22 nessai INFO    : Information: 26.89
08-04 13:22 nessai INFO    : Final KS test: D=0.01142, p-value=0.0001596
08-04 13:22 nessai WARNING : Final p-value for the insertion indices is less than 0.05, this could be an indication of problems during sampling. Consider checking the diagnostic plots.
08-04 13:22 nessai INFO    : Checkpointing nested sampling
08-04 13:22 nessai INFO    : Total sampling time: 0:04:23.991532
08-04 13:22 nessai INFO    : Total training time: 0:01:11.538742
08-04 13:22 nessai INFO    : Total population time: 0:01:51.258053
08-04 13:22 nessai INFO    : Total likelihood evaluations: 1153072
08-04 13:22 nessai INFO    : Time spent evaluating likelihood: 0:00:37.615738
08-04 13:22 nessai INFO    : Total sampling time: 0:04:23.991532
08-04 13:22 nessai INFO    : Total likelihood evaluations: 1153072
08-04 13:22 nessai INFO    : Starting post processing
08-04 13:22 nessai INFO    : Computing posterior samples
08-04 13:22 nessai INFO    : Effective sample size: 7015.2
08-04 13:22 nessai INFO    : Producing posterior samples using rejection sampling
08-04 13:22 nessai INFO    : Expect 4827.5614487213115 samples from rejection sampling
08-04 13:22 nessai INFO    : Returned 4823 posterior samples
08-04 13:22 nessai INFO    : Starting to close worker pool.
08-04 13:22 nessai INFO    : Finished closing worker pool.
