/data/wiay/postgrads/shashwat/qunat_com_future/lib/python3.11/site-packages/nessai/utils/logging.py:133: FutureWarning: setup_logger is deprecated, use configure_logger instead
  warnings.warn(
08-04 16:00 nessai INFO    : Running Nessai version 0.15.2
08-04 16:00 nessai INFO    : Starting multiprocessing pool with 4 processes
08-04 16:00 nessai INFO    : Initialising nested sampler
08-04 16:00 nessai WARNING : Multiprocessing pool has already been configured.
/data/wiay/postgrads/shashwat/qunat_com_future/lib/python3.11/site-packages/nessai/gw/__init__.py:12: FutureWarning: The `nessai.gw` module will be deprecated in the next release in favour of the nessai-gw package. This packages provides the same functionality as`nessai.gw` via the plugin interface.For more details, see: https://github.com/mj-will/nessai-gw
  warnings.warn(
08-04 16:00 nessai INFO    : Passing kwargs to FlowProposal: {'poolsize': 1000}
08-04 16:00 nessai INFO    : No reparameterisations provided, using default reparameterisations included in FlowProposal
08-04 16:00 nessai INFO    : Adding reparameterisations from: {}
08-04 16:00 nessai INFO    : Assuming fallback reparameterisation (ScaleAndShift) for ['kappa', 'mu_xi', 'sigma_chi', 'sigma_xi', 'rho', 'lambda_chi', 'chi0', 'xi0'] with kwargs: {'estimate_scale': True, 'estimate_shift': True, 'prior_bounds': {'kappa': array([0.1, 5. ]), 'mu_xi': array([0. , 0.1]), 'sigma_chi': array([0.05, 0.6 ]), 'sigma_xi': array([0.05, 0.4 ]), 'rho': array([-0.9,  0.9]), 'lambda_chi': array([-0.5,  0.5]), 'chi0': array([-0.5,  0.5]), 'xi0': array([2.5, 5. ])}}.
08-04 16:00 nessai INFO    : x space parameters: ['kappa', 'mu_xi', 'sigma_chi', 'sigma_xi', 'rho', 'lambda_chi', 'chi0', 'xi0']
08-04 16:00 nessai INFO    : x prime space parameters: ['kappa_prime', 'mu_xi_prime', 'sigma_chi_prime', 'sigma_xi_prime', 'rho_prime', 'lambda_chi_prime', 'chi0_prime', 'xi0_prime']
08-04 16:00 nessai INFO    : Overwriting fuzz factor with expansion fraction
08-04 16:00 nessai INFO    : New fuzz factor: 1.2228445449938519
08-04 16:00 nessai INFO    : Verifying rescaling functions
08-04 16:00 nessai INFO    : Rescaling functions are invertible
08-04 16:00 nessai INFO    : Populating initial live points
08-04 16:00 nessai INFO    : Populated 100 / 1000 live points
08-04 16:00 nessai INFO    : Populated 200 / 1000 live points
08-04 16:00 nessai INFO    : Populated 300 / 1000 live points
08-04 16:00 nessai INFO    : Populated 400 / 1000 live points
08-04 16:00 nessai INFO    : Populated 500 / 1000 live points
08-04 16:00 nessai INFO    : Populated 600 / 1000 live points
08-04 16:00 nessai INFO    : Populated 700 / 1000 live points
08-04 16:00 nessai INFO    : Populated 800 / 1000 live points
08-04 16:00 nessai INFO    : Populated 900 / 1000 live points
08-04 16:00 nessai INFO    : Populated 1000 / 1000 live points
08-04 16:00 nessai INFO    : Starting nested sampling loop
08-04 16:00 nessai INFO    : it:  1000: Rolling KS test: D=0.006, p-value=0.9268
08-04 16:00 nessai INFO    : it:  1000: n eval: 3000 H: 7.91 dlogZ: 4180485.491 logZ: -4185437.233 +/- 0.089 logLmax: -4950.74
08-04 16:00 nessai INFO    : it:  2000: Rolling KS test: D=0.007, p-value=0.9024
08-04 16:00 nessai INFO    : it:  2000: n eval: 8000 H: 8.91 dlogZ: 909328.784 logZ: -914281.525 +/- 0.094 logLmax: -4950.74
08-04 16:00 nessai INFO    : Switching to FlowProposal
08-04 16:00 nessai INFO    : it:  3000: Rolling KS test: D=0.029, p-value=0.1825
08-04 16:00 nessai INFO    : it:  3000: n eval: 12097 H: 9.91 dlogZ: 304289.492 logZ: -305300.384 +/- 0.100 logLmax: -1007.89
08-04 16:00 nessai INFO    : it:  4000: Rolling KS test: D=0.009, p-value=0.8454
08-04 16:00 nessai INFO    : it:  4000: n eval: 15979 H: 10.91 dlogZ: 122982.633 logZ: -123994.526 +/- 0.104 logLmax: -1007.89
08-04 16:00 nessai INFO    : it:  5000: Rolling KS test: D=0.021, p-value=0.4082
08-04 16:00 nessai INFO    : it:  5000: n eval: 20404 H: 11.91 dlogZ: 54182.006 logZ: -54620.035 +/- 0.109 logLmax: -433.03
08-04 16:00 nessai INFO    : it:  6000: Rolling KS test: D=0.005, p-value=0.9481
08-04 16:00 nessai INFO    : it:  6000: n eval: 24929 H: 12.90 dlogZ: 25897.132 logZ: -26184.929 +/- 0.114 logLmax: -281.80
08-04 16:00 nessai INFO    : it:  7000: Rolling KS test: D=0.007, p-value=0.9024
08-04 16:00 nessai INFO    : it:  7000: n eval: 29322 H: 13.91 dlogZ: 12430.275 logZ: -12680.739 +/- 0.118 logLmax: -243.47
08-04 16:00 nessai INFO    : it:  8000: Rolling KS test: D=0.01, p-value=0.8133
08-04 16:00 nessai INFO    : it:  8000: n eval: 33878 H: 14.12 dlogZ: 6470.808 logZ: -6581.221 +/- 0.119 logLmax: -102.41
08-04 16:00 nessai INFO    : it:  9000: Rolling KS test: D=0.009, p-value=0.8454
08-04 16:00 nessai INFO    : it:  9000: n eval: 38958 H: 15.50 dlogZ: 3364.269 logZ: -3472.906 +/- 0.124 logLmax: -99.64
08-04 16:00 nessai INFO    : it: 10000: Rolling KS test: D=0.011, p-value=0.7794
08-04 16:00 nessai INFO    : it: 10000: n eval: 43668 H: 15.78 dlogZ: 1795.371 logZ: -1859.864 +/- 0.126 logLmax: -54.49
08-04 16:00 nessai INFO    : it: 11000: Rolling KS test: D=0.003, p-value=0.9802
08-04 16:00 nessai INFO    : it: 11000: n eval: 48489 H: 15.99 dlogZ: 981.834 logZ: -1024.239 +/- 0.126 logLmax: -31.41
08-04 16:00 nessai INFO    : it: 12000: Rolling KS test: D=0.013, p-value=0.7071
08-04 16:00 nessai INFO    : it: 12000: n eval: 53269 H: 16.69 dlogZ: 555.615 logZ: -584.091 +/- 0.129 logLmax: -16.48
08-04 16:00 nessai INFO    : it: 13000: Rolling KS test: D=0.009, p-value=0.8454
08-04 16:00 nessai INFO    : it: 13000: n eval: 58306 H: 17.09 dlogZ: 319.560 logZ: -349.037 +/- 0.131 logLmax: -16.48
08-04 16:00 nessai INFO    : it: 14000: Rolling KS test: D=0.028, p-value=0.2046
08-04 16:00 nessai INFO    : it: 14000: n eval: 63235 H: 17.46 dlogZ: 185.045 logZ: -215.522 +/- 0.132 logLmax: -16.48
08-04 16:00 nessai INFO    : it: 15000: Rolling KS test: D=0.028, p-value=0.2046
08-04 16:00 nessai INFO    : it: 15000: n eval: 69187 H: 18.04 dlogZ: 111.825 logZ: -136.193 +/- 0.134 logLmax: -9.37
08-04 16:00 nessai INFO    : it: 16000: Rolling KS test: D=0.008, p-value=0.8752
08-04 16:00 nessai INFO    : it: 16000: n eval: 79885 H: 18.51 dlogZ: 68.472 logZ: -93.841 +/- 0.136 logLmax: -9.37
08-04 16:00 nessai INFO    : it: 17000: Rolling KS test: D=0.033, p-value=0.1108
08-04 16:00 nessai INFO    : it: 17000: n eval: 86636 H: 18.98 dlogZ: 41.849 logZ: -67.144 +/- 0.138 logLmax: -8.30
08-04 16:01 nessai INFO    : it: 18000: Rolling KS test: D=0.019, p-value=0.4797
08-04 16:01 nessai INFO    : it: 18000: n eval: 98638 H: 19.45 dlogZ: 29.006 logZ: -51.857 +/- 0.139 logLmax: -4.85
08-04 16:01 nessai INFO    : it: 19000: Rolling KS test: D=0.018, p-value=0.5169
08-04 16:01 nessai INFO    : it: 19000: n eval: 112160 H: 20.01 dlogZ: 18.370 logZ: -42.098 +/- 0.141 logLmax: -4.73
08-04 16:01 nessai INFO    : it: 20000: Rolling KS test: D=0.046, p-value=0.01407
08-04 16:01 nessai INFO    : it: 20000: n eval: 129394 H: 20.35 dlogZ: 12.300 logZ: -36.418 +/- 0.143 logLmax: -4.12
08-04 16:01 nessai INFO    : it: 21000: Rolling KS test: D=0.046, p-value=0.01407
08-04 16:01 nessai INFO    : it: 21000: n eval: 141765 H: 20.77 dlogZ: 8.934 logZ: -33.135 +/- 0.144 logLmax: -3.20
08-04 16:01 nessai INFO    : it: 22000: Rolling KS test: D=0.003, p-value=0.9802
08-04 16:01 nessai INFO    : it: 22000: n eval: 168654 H: 21.18 dlogZ: 5.952 logZ: -31.150 +/- 0.146 logLmax: -3.20
08-04 16:01 nessai INFO    : it: 23000: Rolling KS test: D=0.02, p-value=0.4434
08-04 16:01 nessai INFO    : it: 23000: n eval: 203792 H: 21.53 dlogZ: 3.945 logZ: -29.964 +/- 0.147 logLmax: -3.04
08-04 16:01 nessai INFO    : it: 24000: Rolling KS test: D=0.006, p-value=0.9268
08-04 16:01 nessai INFO    : it: 24000: n eval: 242308 H: 21.85 dlogZ: 2.485 logZ: -29.248 +/- 0.148 logLmax: -2.85
08-04 16:01 nessai INFO    : it: 25000: Rolling KS test: D=0.009, p-value=0.8454
08-04 16:01 nessai INFO    : it: 25000: n eval: 282308 H: 22.09 dlogZ: 1.368 logZ: -28.848 +/- 0.149 logLmax: -2.77
08-04 16:01 nessai INFO    : it: 26000: Rolling KS test: D=0.026, p-value=0.2543
08-04 16:01 nessai INFO    : it: 26000: n eval: 332308 H: 22.26 dlogZ: 0.890 logZ: -28.628 +/- 0.149 logLmax: -2.27
08-04 16:01 nessai INFO    : it: 27000: Rolling KS test: D=0.011, p-value=0.7794
08-04 16:01 nessai INFO    : it: 27000: n eval: 390185 H: 22.38 dlogZ: 0.385 logZ: -28.511 +/- 0.150 logLmax: -2.27
08-04 16:01 nessai INFO    : it: 28000: Rolling KS test: D=0.032, p-value=0.1263
08-04 16:02 nessai INFO    : it: 28000: n eval: 450185 H: 22.45 dlogZ: 0.151 logZ: -28.451 +/- 0.150 logLmax: -2.27
08-04 16:02 nessai INFO    : Stopping with difference_log_evidence=0.100
08-04 16:02 nessai INFO    : Finalising
08-04 16:02 nessai INFO    : Final ln-evidence: -28.398 +/- 0.150
08-04 16:02 nessai INFO    : Information: 22.54
08-04 16:02 nessai INFO    : Final KS test: D=0.00186, p-value=0.8204
08-04 16:02 nessai INFO    : Checkpointing nested sampling
08-04 16:02 nessai INFO    : Total sampling time: 0:01:43.089816
08-04 16:02 nessai INFO    : Total training time: 0:00:35.623033
08-04 16:02 nessai INFO    : Total population time: 0:00:27.063249
08-04 16:02 nessai INFO    : Total likelihood evaluations: 470185
08-04 16:02 nessai INFO    : Time spent evaluating likelihood: 0:00:09.639060
08-04 16:02 nessai INFO    : Total sampling time: 0:01:43.089816
08-04 16:02 nessai INFO    : Total likelihood evaluations: 470185
08-04 16:02 nessai INFO    : Starting post processing
08-04 16:02 nessai INFO    : Computing posterior samples
08-04 16:02 nessai INFO    : Effective sample size: 6347.1
08-04 16:02 nessai INFO    : Producing posterior samples using rejection sampling
08-04 16:02 nessai INFO    : Expect 4349.505492261141 samples from rejection sampling
08-04 16:02 nessai INFO    : Returned 4428 posterior samples
08-04 16:02 nessai INFO    : Starting to close worker pool.
08-04 16:02 nessai INFO    : Finished closing worker pool.
