/data/wiay/postgrads/shashwat/qunat_com_future/lib/python3.11/site-packages/nessai/utils/logging.py:133: FutureWarning: setup_logger is deprecated, use configure_logger instead
  warnings.warn(
08-04 13:22 nessai INFO    : Running Nessai version 0.15.2
08-04 13:22 nessai INFO    : Starting multiprocessing pool with 4 processes
08-04 13:22 nessai INFO    : Initialising nested sampler
08-04 13:22 nessai WARNING : Multiprocessing pool has already been configured.
/data/wiay/postgrads/shashwat/qunat_com_future/lib/python3.11/site-packages/nessai/gw/__init__.py:12: FutureWarning: The `nessai.gw` module will be deprecated in the next release in favour of the nessai-gw package. This packages provides the same functionality as`nessai.gw` via the plugin interface.For more details, see: https://github.com/mj-will/nessai-gw
  warnings.warn(
08-04 13:22 nessai INFO    : Passing kwargs to FlowProposal: {'poolsize': 1000}
08-04 13:22 nessai INFO    : No reparameterisations provided, using default reparameterisations included in FlowProposal
08-04 13:22 nessai INFO    : Adding reparameterisations from: {}
08-04 13:22 nessai INFO    : Assuming fallback reparameterisation (ScaleAndShift) for ['kappa', 'mu_xi', 'sigma_chi', 'sigma_xi', 'rho', 'lambda_chi', 'chi0', 'xi0'] with kwargs: {'estimate_scale': True, 'estimate_shift': True, 'prior_bounds': {'kappa': array([0.1, 5. ]), 'mu_xi': array([0. , 0.1]), 'sigma_chi': array([0.05, 0.6 ]), 'sigma_xi': array([0.05, 0.4 ]), 'rho': array([-0.9,  0.9]), 'lambda_chi': array([-0.5,  0.5]), 'chi0': array([-0.5,  0.5]), 'xi0': array([2.5, 5. ])}}.
08-04 13:22 nessai INFO    : x space parameters: ['kappa', 'mu_xi', 'sigma_chi', 'sigma_xi', 'rho', 'lambda_chi', 'chi0', 'xi0']
08-04 13:22 nessai INFO    : x prime space parameters: ['kappa_prime', 'mu_xi_prime', 'sigma_chi_prime', 'sigma_xi_prime', 'rho_prime', 'lambda_chi_prime', 'chi0_prime', 'xi0_prime']
08-04 13:22 nessai INFO    : Overwriting fuzz factor with expansion fraction
08-04 13:22 nessai INFO    : New fuzz factor: 1.2228445449938519
08-04 13:22 nessai INFO    : Verifying rescaling functions
08-04 13:22 nessai INFO    : Rescaling functions are invertible
08-04 13:22 nessai INFO    : Populating initial live points
08-04 13:22 nessai INFO    : Populated 100 / 1000 live points
08-04 13:22 nessai INFO    : Populated 200 / 1000 live points
08-04 13:22 nessai INFO    : Populated 300 / 1000 live points
08-04 13:22 nessai INFO    : Populated 400 / 1000 live points
08-04 13:22 nessai INFO    : Populated 500 / 1000 live points
08-04 13:22 nessai INFO    : Populated 600 / 1000 live points
08-04 13:22 nessai INFO    : Populated 700 / 1000 live points
08-04 13:22 nessai INFO    : Populated 800 / 1000 live points
08-04 13:22 nessai INFO    : Populated 900 / 1000 live points
08-04 13:22 nessai INFO    : Populated 1000 / 1000 live points
08-04 13:22 nessai INFO    : Starting nested sampling loop
08-04 13:22 nessai INFO    : it:  1000: Rolling KS test: D=0.017, p-value=0.5547
08-04 13:22 nessai INFO    : it:  1000: n eval: 3000 H: 7.91 dlogZ: 78550613.842 logZ: -80457412.126 +/- 0.089 logLmax: -1906797.28
08-04 13:22 nessai INFO    : it:  2000: Rolling KS test: D=0.016, p-value=0.593
08-04 13:22 nessai INFO    : it:  2000: n eval: 8000 H: 8.91 dlogZ: 43557805.978 logZ: -45464605.261 +/- 0.094 logLmax: -1906797.28
08-04 13:22 nessai INFO    : Switching to FlowProposal
08-04 13:22 nessai INFO    : it:  3000: Rolling KS test: D=0.018, p-value=0.5169
08-04 13:22 nessai INFO    : it:  3000: n eval: 12050 H: 9.91 dlogZ: 28247265.714 logZ: -29433290.587 +/- 0.100 logLmax: -1186021.87
08-04 13:22 nessai INFO    : it:  4000: Rolling KS test: D=0.024, p-value=0.311
08-04 13:22 nessai INFO    : it:  4000: n eval: 13767 H: 10.91 dlogZ: 19534207.753 logZ: -19809982.163 +/- 0.104 logLmax: -275770.41
08-04 13:22 nessai INFO    : it:  5000: Rolling KS test: D=0.016, p-value=0.593
08-04 13:22 nessai INFO    : it:  5000: n eval: 17387 H: 11.91 dlogZ: 13525376.015 logZ: -13801151.425 +/- 0.109 logLmax: -275770.41
08-04 13:22 nessai INFO    : it:  6000: Rolling KS test: D=0.005, p-value=0.9481
08-04 13:22 nessai INFO    : it:  6000: n eval: 20809 H: 12.91 dlogZ: 9249420.344 logZ: -9285838.888 +/- 0.114 logLmax: -36412.55
08-04 13:22 nessai INFO    : it:  7000: Rolling KS test: D=0.016, p-value=0.593
08-04 13:22 nessai INFO    : it:  7000: n eval: 22635 H: 13.91 dlogZ: 5120514.686 logZ: -5156934.231 +/- 0.118 logLmax: -36412.55
08-04 13:22 nessai INFO    : it:  8000: Rolling KS test: D=0.033, p-value=0.1108
08-04 13:22 nessai INFO    : it:  8000: n eval: 26077 H: 14.91 dlogZ: 2638918.295 logZ: -2675338.839 +/- 0.122 logLmax: -36412.55
08-04 13:22 nessai INFO    : it:  9000: Rolling KS test: D=0.028, p-value=0.2046
08-04 13:22 nessai INFO    : it:  9000: n eval: 29873 H: 15.91 dlogZ: 1307741.846 logZ: -1329977.282 +/- 0.126 logLmax: -22226.44
08-04 13:22 nessai INFO    : it: 10000: Rolling KS test: D=0.037, p-value=0.06311
08-04 13:22 nessai INFO    : it: 10000: n eval: 34179 H: 16.91 dlogZ: 640875.009 logZ: -652955.443 +/- 0.130 logLmax: -12070.44
08-04 13:22 nessai INFO    : it: 11000: Rolling KS test: D=0.009, p-value=0.8454
08-04 13:22 nessai INFO    : it: 11000: n eval: 38590 H: 17.91 dlogZ: 327219.008 logZ: -331729.446 +/- 0.134 logLmax: -4499.44
08-04 13:22 nessai INFO    : it: 12000: Rolling KS test: D=0.012, p-value=0.7438
08-04 13:22 nessai INFO    : it: 12000: n eval: 43554 H: 18.91 dlogZ: 176672.128 logZ: -179340.623 +/- 0.138 logLmax: -2656.50
08-04 13:22 nessai INFO    : it: 13000: Rolling KS test: D=0.014, p-value=0.6695
08-04 13:22 nessai INFO    : it: 13000: n eval: 48456 H: 19.91 dlogZ: 92434.940 logZ: -94870.818 +/- 0.141 logLmax: -2422.88
08-04 13:22 nessai INFO    : it: 14000: Rolling KS test: D=0.004, p-value=0.9659
08-04 13:22 nessai INFO    : it: 14000: n eval: 54242 H: 20.85 dlogZ: 48780.547 logZ: -50115.031 +/- 0.144 logLmax: -1320.49
08-04 13:22 nessai INFO    : it: 15000: Rolling KS test: D=0.009, p-value=0.8454
08-04 13:22 nessai INFO    : it: 15000: n eval: 59693 H: 21.91 dlogZ: 26498.255 logZ: -27760.003 +/- 0.148 logLmax: -1246.75
08-04 13:22 nessai INFO    : it: 16000: Rolling KS test: D=0.015, p-value=0.6313
08-04 13:22 nessai INFO    : it: 16000: n eval: 69188 H: 22.80 dlogZ: 15661.222 logZ: -15955.554 +/- 0.151 logLmax: -278.33
08-04 13:23 nessai INFO    : it: 17000: Rolling KS test: D=0.018, p-value=0.5169
08-04 13:23 nessai INFO    : it: 17000: n eval: 76153 H: 23.70 dlogZ: 9426.791 logZ: -9722.123 +/- 0.154 logLmax: -278.33
08-04 13:23 nessai INFO    : it: 18000: Rolling KS test: D=0.026, p-value=0.2543
08-04 13:23 nessai INFO    : it: 18000: n eval: 88137 H: 24.18 dlogZ: 5456.355 logZ: -5752.687 +/- 0.155 logLmax: -278.33
08-04 13:23 nessai INFO    : it: 19000: Rolling KS test: D=0.028, p-value=0.2046
08-04 13:23 nessai INFO    : it: 19000: n eval: 96054 H: 25.87 dlogZ: 3177.272 logZ: -3474.604 +/- 0.161 logLmax: -278.33
08-04 13:23 nessai INFO    : it: 20000: Rolling KS test: D=0.02, p-value=0.4434
08-04 13:23 nessai INFO    : it: 20000: n eval: 109983 H: 26.51 dlogZ: 1945.275 logZ: -2106.674 +/- 0.163 logLmax: -141.40
08-04 13:23 nessai INFO    : it: 21000: Rolling KS test: D=0.006, p-value=0.9268
08-04 13:23 nessai INFO    : it: 21000: n eval: 131552 H: 26.20 dlogZ: 1143.659 logZ: -1306.057 +/- 0.162 logLmax: -141.40
08-04 13:23 nessai INFO    : it: 22000: Rolling KS test: D=0.02, p-value=0.4434
08-04 13:23 nessai INFO    : it: 22000: n eval: 149024 H: 26.57 dlogZ: 702.214 logZ: -842.165 +/- 0.163 logLmax: -117.95
08-04 13:23 nessai INFO    : it: 23000: Rolling KS test: D=0.024, p-value=0.311
08-04 13:23 nessai INFO    : it: 23000: n eval: 166570 H: 27.30 dlogZ: 502.033 logZ: -563.816 +/- 0.165 logLmax: -38.78
08-04 13:23 nessai INFO    : it: 24000: Rolling KS test: D=0.019, p-value=0.4797
08-04 13:23 nessai INFO    : it: 24000: n eval: 189443 H: 27.89 dlogZ: 332.456 logZ: -388.576 +/- 0.167 logLmax: -32.12
08-04 13:23 nessai INFO    : it: 25000: Rolling KS test: D=0.013, p-value=0.7071
08-04 13:23 nessai INFO    : it: 25000: n eval: 226655 H: 28.34 dlogZ: 224.780 logZ: -280.347 +/- 0.168 logLmax: -30.57
08-04 13:23 nessai INFO    : it: 26000: Rolling KS test: D=0.006, p-value=0.9268
08-04 13:23 nessai INFO    : it: 26000: n eval: 266484 H: 29.15 dlogZ: 156.105 logZ: -207.328 +/- 0.171 logLmax: -25.22
08-04 13:23 nessai INFO    : it: 27000: Rolling KS test: D=0.02, p-value=0.4434
08-04 13:23 nessai INFO    : it: 27000: n eval: 301247 H: 29.91 dlogZ: 110.053 logZ: -156.174 +/- 0.173 logLmax: -19.12
08-04 13:24 nessai INFO    : it: 28000: Rolling KS test: D=0.015, p-value=0.6313
08-04 13:24 nessai INFO    : it: 28000: n eval: 337333 H: 30.25 dlogZ: 79.135 logZ: -121.905 +/- 0.174 logLmax: -14.77
08-04 13:24 nessai INFO    : it: 29000: Rolling KS test: D=0.022, p-value=0.3744
08-04 13:24 nessai INFO    : it: 29000: n eval: 364601 H: 31.08 dlogZ: 54.817 logZ: -98.256 +/- 0.176 logLmax: -14.44
08-04 13:24 nessai INFO    : it: 30000: Rolling KS test: D=0.029, p-value=0.1825
08-04 13:24 nessai INFO    : it: 30000: n eval: 400238 H: 31.62 dlogZ: 45.002 logZ: -81.026 +/- 0.178 logLmax: -6.03
08-04 13:24 nessai INFO    : it: 31000: Rolling KS test: D=0.024, p-value=0.311
08-04 13:24 nessai INFO    : it: 31000: n eval: 438395 H: 32.14 dlogZ: 34.125 logZ: -68.611 +/- 0.179 logLmax: -3.49
08-04 13:24 nessai INFO    : it: 32000: Rolling KS test: D=0.021, p-value=0.4082
08-04 13:24 nessai INFO    : it: 32000: n eval: 466605 H: 32.83 dlogZ: 24.785 logZ: -60.271 +/- 0.181 logLmax: -3.49
08-04 13:24 nessai INFO    : it: 33000: Rolling KS test: D=0.021, p-value=0.4082
08-04 13:24 nessai INFO    : it: 33000: n eval: 512496 H: 33.42 dlogZ: 18.013 logZ: -54.499 +/- 0.183 logLmax: -3.49
08-04 13:24 nessai INFO    : it: 34000: Rolling KS test: D=0.034, p-value=0.09683
08-04 13:24 nessai INFO    : it: 34000: n eval: 538978 H: 34.10 dlogZ: 12.980 logZ: -50.197 +/- 0.185 logLmax: -3.22
08-04 13:24 nessai INFO    : it: 35000: Rolling KS test: D=0.035, p-value=0.08429
08-04 13:24 nessai INFO    : it: 35000: n eval: 582125 H: 34.59 dlogZ: 9.259 logZ: -47.375 +/- 0.186 logLmax: -3.12
08-04 13:24 nessai INFO    : it: 36000: Rolling KS test: D=0.01, p-value=0.8133
08-04 13:24 nessai INFO    : it: 36000: n eval: 621038 H: 35.08 dlogZ: 6.776 logZ: -45.516 +/- 0.187 logLmax: -2.74
08-04 13:25 nessai INFO    : it: 37000: Rolling KS test: D=0.005, p-value=0.9481
08-04 13:25 nessai INFO    : it: 37000: n eval: 679687 H: 35.60 dlogZ: 4.644 logZ: -44.224 +/- 0.189 logLmax: -2.59
08-04 13:25 nessai INFO    : it: 38000: Rolling KS test: D=0.03, p-value=0.162
08-04 13:25 nessai INFO    : it: 38000: n eval: 706085 H: 36.03 dlogZ: 3.425 logZ: -43.369 +/- 0.190 logLmax: -1.98
08-04 13:25 nessai INFO    : it: 39000: Rolling KS test: D=0.023, p-value=0.3419
08-04 13:25 nessai INFO    : it: 39000: n eval: 760547 H: 36.38 dlogZ: 2.001 logZ: -42.833 +/- 0.191 logLmax: -1.98
08-04 13:25 nessai INFO    : it: 40000: Rolling KS test: D=0.0, p-value=1.0
08-04 13:25 nessai INFO    : it: 40000: n eval: 820547 H: 36.64 dlogZ: 1.005 logZ: -42.514 +/- 0.191 logLmax: -1.97
08-04 13:25 nessai INFO    : it: 41000: Rolling KS test: D=0.012, p-value=0.7438
08-04 13:25 nessai INFO    : it: 41000: n eval: 858690 H: 36.84 dlogZ: 0.450 logZ: -42.328 +/- 0.192 logLmax: -1.89
08-04 13:25 nessai INFO    : it: 42000: Rolling KS test: D=0.026, p-value=0.2543
08-04 13:25 nessai INFO    : it: 42000: n eval: 918649 H: 36.96 dlogZ: 0.205 logZ: -42.227 +/- 0.192 logLmax: -1.71
08-04 13:25 nessai INFO    : Stopping with difference_log_evidence=0.100
08-04 13:25 nessai INFO    : Finalising
08-04 13:25 nessai INFO    : Final ln-evidence: -42.132 +/- 0.193
08-04 13:25 nessai INFO    : Information: 37.12
08-04 13:25 nessai INFO    : Final KS test: D=0.002452, p-value=0.5958
08-04 13:25 nessai INFO    : Checkpointing nested sampling
08-04 13:25 nessai INFO    : Total sampling time: 0:03:33.128682
08-04 13:25 nessai INFO    : Total training time: 0:01:05.822734
08-04 13:25 nessai INFO    : Total population time: 0:01:03.033022
08-04 13:25 nessai INFO    : Total likelihood evaluations: 967677
08-04 13:25 nessai INFO    : Time spent evaluating likelihood: 0:00:30.538568
08-04 13:25 nessai INFO    : Total sampling time: 0:03:33.128682
08-04 13:25 nessai INFO    : Total likelihood evaluations: 967677
08-04 13:25 nessai INFO    : Starting post processing
08-04 13:25 nessai INFO    : Computing posterior samples
08-04 13:25 nessai INFO    : Effective sample size: 6812.2
08-04 13:25 nessai INFO    : Producing posterior samples using rejection sampling
08-04 13:25 nessai INFO    : Expect 4734.64897963611 samples from rejection sampling
08-04 13:25 nessai INFO    : Returned 4736 posterior samples
08-04 13:25 nessai INFO    : Starting to close worker pool.
08-04 13:25 nessai INFO    : Finished closing worker pool.
