/data/wiay/postgrads/shashwat/qunat_com_future/lib/python3.11/site-packages/nessai/utils/logging.py:133: FutureWarning: setup_logger is deprecated, use configure_logger instead
  warnings.warn(
08-04 12:43 nessai INFO    : Running Nessai version 0.15.2
08-04 12:43 nessai INFO    : Starting multiprocessing pool with 4 processes
08-04 12:43 nessai INFO    : Initialising nested sampler
08-04 12:43 nessai WARNING : Multiprocessing pool has already been configured.
/data/wiay/postgrads/shashwat/qunat_com_future/lib/python3.11/site-packages/nessai/gw/__init__.py:12: FutureWarning: The `nessai.gw` module will be deprecated in the next release in favour of the nessai-gw package. This packages provides the same functionality as`nessai.gw` via the plugin interface.For more details, see: https://github.com/mj-will/nessai-gw
  warnings.warn(
08-04 12:43 nessai INFO    : Passing kwargs to FlowProposal: {'poolsize': 1000}
08-04 12:43 nessai INFO    : No reparameterisations provided, using default reparameterisations included in FlowProposal
08-04 12:43 nessai INFO    : Adding reparameterisations from: {}
08-04 12:43 nessai INFO    : Assuming fallback reparameterisation (ScaleAndShift) for ['kappa', 'mu_xi', 'sigma_chi', 'sigma_xi', 'rho', 'lambda_chi', 'chi0', 'xi0'] with kwargs: {'estimate_scale': True, 'estimate_shift': True, 'prior_bounds': {'kappa': array([0.1, 5. ]), 'mu_xi': array([0. , 0.1]), 'sigma_chi': array([0.05, 0.6 ]), 'sigma_xi': array([0.05, 0.4 ]), 'rho': array([-0.9,  0.9]), 'lambda_chi': array([-0.5,  0.5]), 'chi0': array([-0.5,  0.5]), 'xi0': array([2.5, 5. ])}}.
08-04 12:43 nessai INFO    : x space parameters: ['kappa', 'mu_xi', 'sigma_chi', 'sigma_xi', 'rho', 'lambda_chi', 'chi0', 'xi0']
08-04 12:43 nessai INFO    : x prime space parameters: ['kappa_prime', 'mu_xi_prime', 'sigma_chi_prime', 'sigma_xi_prime', 'rho_prime', 'lambda_chi_prime', 'chi0_prime', 'xi0_prime']
08-04 12:43 nessai INFO    : Overwriting fuzz factor with expansion fraction
08-04 12:43 nessai INFO    : New fuzz factor: 1.2228445449938519
08-04 12:43 nessai INFO    : Verifying rescaling functions
08-04 12:43 nessai INFO    : Rescaling functions are invertible
08-04 12:43 nessai INFO    : Populating initial live points
08-04 12:43 nessai INFO    : Populated 100 / 1000 live points
08-04 12:43 nessai INFO    : Populated 200 / 1000 live points
08-04 12:43 nessai INFO    : Populated 300 / 1000 live points
08-04 12:43 nessai INFO    : Populated 400 / 1000 live points
08-04 12:43 nessai INFO    : Populated 500 / 1000 live points
08-04 12:43 nessai INFO    : Populated 600 / 1000 live points
08-04 12:43 nessai INFO    : Populated 700 / 1000 live points
08-04 12:43 nessai INFO    : Populated 800 / 1000 live points
08-04 12:43 nessai INFO    : Populated 900 / 1000 live points
08-04 12:43 nessai INFO    : Populated 1000 / 1000 live points
08-04 12:43 nessai INFO    : Starting nested sampling loop
08-04 12:43 nessai INFO    : it:  1000: Rolling KS test: D=0.016, p-value=0.593
08-04 12:43 nessai INFO    : it:  1000: n eval: 3000 H: 7.91 dlogZ: 35793783.536 logZ: -35853455.397 +/- 0.089 logLmax: -59670.86
08-04 12:43 nessai INFO    : it:  2000: Rolling KS test: D=0.029, p-value=0.1825
08-04 12:43 nessai INFO    : it:  2000: n eval: 8000 H: 8.91 dlogZ: 8447548.430 logZ: -8474526.333 +/- 0.094 logLmax: -26975.90
08-04 12:43 nessai INFO    : Switching to FlowProposal
08-04 12:43 nessai INFO    : it:  3000: Rolling KS test: D=0.002, p-value=0.9907
08-04 12:43 nessai INFO    : it:  3000: n eval: 12005 H: 9.91 dlogZ: 3188746.530 logZ: -3215725.433 +/- 0.100 logLmax: -26975.90
08-04 12:43 nessai INFO    : it:  4000: Rolling KS test: D=0.017, p-value=0.5547
08-04 12:43 nessai INFO    : it:  4000: n eval: 15905 H: 10.91 dlogZ: 1338328.795 logZ: -1361628.786 +/- 0.104 logLmax: -23295.99
08-04 12:43 nessai INFO    : it:  5000: Rolling KS test: D=0.003, p-value=0.9802
08-04 12:43 nessai INFO    : it:  5000: n eval: 20293 H: 11.91 dlogZ: 641369.968 logZ: -644723.067 +/- 0.109 logLmax: -3348.10
08-04 12:43 nessai INFO    : it:  6000: Rolling KS test: D=0.036, p-value=0.07308
08-04 12:43 nessai INFO    : it:  6000: n eval: 25190 H: 12.91 dlogZ: 331348.766 logZ: -334702.865 +/- 0.114 logLmax: -3348.10
08-04 12:43 nessai INFO    : it:  7000: Rolling KS test: D=0.037, p-value=0.06311
08-04 12:43 nessai INFO    : it:  7000: n eval: 30504 H: 13.91 dlogZ: 176257.120 logZ: -179612.220 +/- 0.118 logLmax: -3348.10
08-04 12:43 nessai INFO    : it:  8000: Rolling KS test: D=0.013, p-value=0.7071
08-04 12:43 nessai INFO    : it:  8000: n eval: 39739 H: 14.91 dlogZ: 93710.720 logZ: -95541.099 +/- 0.122 logLmax: -1822.38
08-04 12:43 nessai INFO    : it:  9000: Rolling KS test: D=0.02, p-value=0.4434
08-04 12:43 nessai INFO    : it:  9000: n eval: 48011 H: 15.91 dlogZ: 49738.228 logZ: -50645.022 +/- 0.126 logLmax: -897.80
08-04 12:43 nessai INFO    : it: 10000: Rolling KS test: D=0.016, p-value=0.593
08-04 12:43 nessai INFO    : it: 10000: n eval: 53048 H: 16.91 dlogZ: 27038.469 logZ: -27714.672 +/- 0.130 logLmax: -666.20
08-04 12:43 nessai INFO    : it: 11000: Rolling KS test: D=0.043, p-value=0.02406
08-04 12:43 nessai INFO    : it: 11000: n eval: 58151 H: 17.90 dlogZ: 15074.021 logZ: -15304.817 +/- 0.134 logLmax: -219.80
08-04 12:43 nessai INFO    : it: 12000: Rolling KS test: D=0.013, p-value=0.7071
08-04 12:43 nessai INFO    : it: 12000: n eval: 64077 H: 18.91 dlogZ: 8398.434 logZ: -8570.370 +/- 0.138 logLmax: -159.94
08-04 12:44 nessai INFO    : it: 13000: Rolling KS test: D=0.025, p-value=0.2818
08-04 12:44 nessai INFO    : it: 13000: n eval: 69211 H: 18.94 dlogZ: 4526.855 logZ: -4699.792 +/- 0.138 logLmax: -159.94
08-04 12:44 nessai INFO    : it: 14000: Rolling KS test: D=0.023, p-value=0.3419
08-04 12:44 nessai INFO    : it: 14000: n eval: 78232 H: 19.56 dlogZ: 2653.153 logZ: -2761.146 +/- 0.140 logLmax: -93.99
08-04 12:44 nessai INFO    : it: 15000: Rolling KS test: D=0.022, p-value=0.3744
08-04 12:44 nessai INFO    : it: 15000: n eval: 85335 H: 20.10 dlogZ: 1547.379 logZ: -1621.001 +/- 0.142 logLmax: -58.62
08-04 12:44 nessai INFO    : it: 16000: Rolling KS test: D=0.018, p-value=0.5169
08-04 12:44 nessai INFO    : it: 16000: n eval: 97377 H: 20.78 dlogZ: 946.649 logZ: -994.441 +/- 0.144 logLmax: -31.79
08-04 12:44 nessai INFO    : it: 17000: Rolling KS test: D=0.028, p-value=0.2046
08-04 12:44 nessai INFO    : it: 17000: n eval: 109180 H: 21.53 dlogZ: 570.630 logZ: -611.083 +/- 0.147 logLmax: -23.45
08-04 12:44 nessai INFO    : it: 18000: Rolling KS test: D=0.003, p-value=0.9802
08-04 12:44 nessai INFO    : it: 18000: n eval: 118244 H: 22.00 dlogZ: 342.243 logZ: -382.646 +/- 0.148 logLmax: -22.40
08-04 12:44 nessai INFO    : it: 19000: Rolling KS test: D=0.036, p-value=0.07308
08-04 12:44 nessai INFO    : it: 19000: n eval: 132098 H: 22.34 dlogZ: 204.686 logZ: -238.317 +/- 0.149 logLmax: -14.63
08-04 12:44 nessai INFO    : it: 20000: Rolling KS test: D=0.03, p-value=0.162
08-04 12:44 nessai INFO    : it: 20000: n eval: 155660 H: 23.30 dlogZ: 126.065 logZ: -159.131 +/- 0.153 logLmax: -13.07
08-04 12:44 nessai INFO    : it: 21000: Rolling KS test: D=0.015, p-value=0.6313
08-04 12:44 nessai INFO    : it: 21000: n eval: 177504 H: 23.57 dlogZ: 80.407 logZ: -109.301 +/- 0.154 logLmax: -7.89
08-04 12:44 nessai INFO    : it: 22000: Rolling KS test: D=0.017, p-value=0.5547
08-04 12:44 nessai INFO    : it: 22000: n eval: 210411 H: 24.19 dlogZ: 50.860 logZ: -79.516 +/- 0.156 logLmax: -6.66
08-04 12:44 nessai INFO    : it: 23000: Rolling KS test: D=0.042, p-value=0.02854
08-04 12:44 nessai INFO    : it: 23000: n eval: 250189 H: 24.51 dlogZ: 33.116 logZ: -61.654 +/- 0.157 logLmax: -5.54
08-04 12:45 nessai INFO    : it: 24000: Rolling KS test: D=0.006, p-value=0.9268
08-04 12:45 nessai INFO    : it: 24000: n eval: 310189 H: 25.11 dlogZ: 21.654 logZ: -50.857 +/- 0.158 logLmax: -5.20
08-04 12:45 nessai INFO    : it: 25000: Rolling KS test: D=0.013, p-value=0.7071
08-04 12:45 nessai INFO    : it: 25000: n eval: 370189 H: 25.47 dlogZ: 16.152 logZ: -44.306 +/- 0.160 logLmax: -3.15
08-04 12:45 nessai INFO    : it: 26000: Rolling KS test: D=0.029, p-value=0.1825
08-04 12:45 nessai INFO    : it: 26000: n eval: 450189 H: 26.08 dlogZ: 11.180 logZ: -40.333 +/- 0.161 logLmax: -3.15
08-04 12:45 nessai INFO    : it: 27000: Rolling KS test: D=0.005, p-value=0.9481
08-04 12:45 nessai INFO    : it: 27000: n eval: 550189 H: 26.53 dlogZ: 7.828 logZ: -37.645 +/- 0.163 logLmax: -2.82
08-04 12:45 nessai INFO    : it: 28000: Rolling KS test: D=0.004, p-value=0.9659
08-04 12:46 nessai INFO    : it: 28000: n eval: 640189 H: 26.90 dlogZ: 5.820 logZ: -36.048 +/- 0.164 logLmax: -2.23
08-04 12:46 nessai INFO    : it: 29000: Rolling KS test: D=0.016, p-value=0.593
08-04 12:46 nessai INFO    : it: 29000: n eval: 740189 H: 27.31 dlogZ: 3.908 logZ: -35.024 +/- 0.165 logLmax: -2.14
08-04 12:46 nessai INFO    : it: 30000: Rolling KS test: D=0.025, p-value=0.2818
08-04 12:46 nessai INFO    : it: 30000: n eval: 840189 H: 27.66 dlogZ: 2.567 logZ: -34.386 +/- 0.166 logLmax: -1.90
08-04 12:47 nessai INFO    : it: 31000: Rolling KS test: D=0.044, p-value=0.0202
08-04 12:47 nessai INFO    : it: 31000: n eval: 970189 H: 27.94 dlogZ: 1.461 logZ: -33.998 +/- 0.167 logLmax: -1.80
08-04 12:47 nessai INFO    : it: 32000: Rolling KS test: D=0.012, p-value=0.7438
08-04 12:48 nessai INFO    : it: 32000: n eval: 1110189 H: 28.14 dlogZ: 0.682 logZ: -33.779 +/- 0.168 logLmax: -1.80
08-04 12:49 nessai INFO    : it: 33000: Rolling KS test: D=0.034, p-value=0.09683
08-04 12:49 nessai INFO    : it: 33000: n eval: 1310189 H: 28.27 dlogZ: 0.377 logZ: -33.661 +/- 0.168 logLmax: -1.44
08-04 12:50 nessai INFO    : it: 34000: Rolling KS test: D=0.025, p-value=0.2818
08-04 12:50 nessai INFO    : it: 34000: n eval: 1520189 H: 28.36 dlogZ: 0.147 logZ: -33.599 +/- 0.168 logLmax: -1.44
08-04 12:50 nessai INFO    : Stopping with difference_log_evidence=0.100
08-04 12:50 nessai INFO    : Finalising
08-04 12:50 nessai INFO    : Final ln-evidence: -33.543 +/- 0.169
08-04 12:50 nessai INFO    : Information: 28.46
08-04 12:50 nessai INFO    : Final KS test: D=0.004662, p-value=0.2236
08-04 12:50 nessai INFO    : Checkpointing nested sampling
08-04 12:50 nessai INFO    : Total sampling time: 0:07:02.962632
08-04 12:50 nessai INFO    : Total training time: 0:02:10.284464
08-04 12:50 nessai INFO    : Total population time: 0:02:48.948256
08-04 12:50 nessai INFO    : Total likelihood evaluations: 1590189
08-04 12:50 nessai INFO    : Time spent evaluating likelihood: 0:01:08.808424
08-04 12:50 nessai INFO    : Total sampling time: 0:07:02.962632
08-04 12:50 nessai INFO    : Total likelihood evaluations: 1590189
08-04 12:50 nessai INFO    : Starting post processing
08-04 12:50 nessai INFO    : Computing posterior samples
08-04 12:50 nessai INFO    : Effective sample size: 6689.8
08-04 12:50 nessai INFO    : Producing posterior samples using rejection sampling
08-04 12:50 nessai INFO    : Expect 4620.270165234812 samples from rejection sampling
08-04 12:50 nessai INFO    : Returned 4646 posterior samples
08-04 12:50 nessai INFO    : Starting to close worker pool.
08-04 12:50 nessai INFO    : Finished closing worker pool.
