/data/wiay/postgrads/shashwat/qunat_com_future/lib/python3.11/site-packages/nessai/utils/logging.py:133: FutureWarning: setup_logger is deprecated, use configure_logger instead
  warnings.warn(
08-04 13:36 nessai INFO    : Running Nessai version 0.15.2
08-04 13:36 nessai INFO    : Starting multiprocessing pool with 4 processes
08-04 13:36 nessai INFO    : Initialising nested sampler
08-04 13:36 nessai WARNING : Multiprocessing pool has already been configured.
/data/wiay/postgrads/shashwat/qunat_com_future/lib/python3.11/site-packages/nessai/gw/__init__.py:12: FutureWarning: The `nessai.gw` module will be deprecated in the next release in favour of the nessai-gw package. This packages provides the same functionality as`nessai.gw` via the plugin interface.For more details, see: https://github.com/mj-will/nessai-gw
  warnings.warn(
08-04 13:36 nessai INFO    : Passing kwargs to FlowProposal: {'poolsize': 1000}
08-04 13:36 nessai INFO    : No reparameterisations provided, using default reparameterisations included in FlowProposal
08-04 13:36 nessai INFO    : Adding reparameterisations from: {}
08-04 13:36 nessai INFO    : Assuming fallback reparameterisation (ScaleAndShift) for ['kappa', 'mu_xi', 'sigma_chi', 'sigma_xi', 'rho', 'lambda_chi', 'chi0', 'xi0'] with kwargs: {'estimate_scale': True, 'estimate_shift': True, 'prior_bounds': {'kappa': array([0.1, 5. ]), 'mu_xi': array([0. , 0.1]), 'sigma_chi': array([0.05, 0.6 ]), 'sigma_xi': array([0.05, 0.4 ]), 'rho': array([-0.9,  0.9]), 'lambda_chi': array([-0.5,  0.5]), 'chi0': array([-0.5,  0.5]), 'xi0': array([2.5, 5. ])}}.
08-04 13:36 nessai INFO    : x space parameters: ['kappa', 'mu_xi', 'sigma_chi', 'sigma_xi', 'rho', 'lambda_chi', 'chi0', 'xi0']
08-04 13:36 nessai INFO    : x prime space parameters: ['kappa_prime', 'mu_xi_prime', 'sigma_chi_prime', 'sigma_xi_prime', 'rho_prime', 'lambda_chi_prime', 'chi0_prime', 'xi0_prime']
08-04 13:36 nessai INFO    : Overwriting fuzz factor with expansion fraction
08-04 13:36 nessai INFO    : New fuzz factor: 1.2228445449938519
08-04 13:36 nessai INFO    : Verifying rescaling functions
08-04 13:36 nessai INFO    : Rescaling functions are invertible
08-04 13:36 nessai INFO    : Populating initial live points
08-04 13:36 nessai INFO    : Populated 100 / 1000 live points
08-04 13:36 nessai INFO    : Populated 200 / 1000 live points
08-04 13:36 nessai INFO    : Populated 300 / 1000 live points
08-04 13:36 nessai INFO    : Populated 400 / 1000 live points
08-04 13:36 nessai INFO    : Populated 500 / 1000 live points
08-04 13:36 nessai INFO    : Populated 600 / 1000 live points
08-04 13:36 nessai INFO    : Populated 700 / 1000 live points
08-04 13:36 nessai INFO    : Populated 800 / 1000 live points
08-04 13:36 nessai INFO    : Populated 900 / 1000 live points
08-04 13:36 nessai INFO    : Populated 1000 / 1000 live points
08-04 13:36 nessai INFO    : Starting nested sampling loop
08-04 13:36 nessai INFO    : it:  1000: Rolling KS test: D=0.03, p-value=0.162
08-04 13:36 nessai INFO    : it:  1000: n eval: 3000 H: 7.91 dlogZ: 61013169.732 logZ: -61123337.419 +/- 0.089 logLmax: -110166.69
08-04 13:36 nessai INFO    : it:  2000: Rolling KS test: D=0.024, p-value=0.311
08-04 13:36 nessai INFO    : it:  2000: n eval: 8000 H: 8.91 dlogZ: 14245495.874 logZ: -14273894.900 +/- 0.094 logLmax: -28397.03
08-04 13:36 nessai INFO    : Switching to FlowProposal
08-04 13:36 nessai INFO    : it:  3000: Rolling KS test: D=0.041, p-value=0.03371
08-04 13:36 nessai INFO    : it:  3000: n eval: 11901 H: 9.91 dlogZ: 4678896.443 logZ: -4707296.469 +/- 0.100 logLmax: -28397.03
08-04 13:36 nessai INFO    : it:  4000: Rolling KS test: D=0.024, p-value=0.311
08-04 13:36 nessai INFO    : it:  4000: n eval: 15576 H: 10.91 dlogZ: 1810288.810 logZ: -1818220.340 +/- 0.104 logLmax: -7927.53
08-04 13:36 nessai INFO    : it:  5000: Rolling KS test: D=0.009, p-value=0.8454
08-04 13:36 nessai INFO    : it:  5000: n eval: 17390 H: 11.91 dlogZ: 780832.250 logZ: -784624.178 +/- 0.109 logLmax: -3786.93
08-04 13:36 nessai INFO    : it:  6000: Rolling KS test: D=0.013, p-value=0.7071
08-04 13:36 nessai INFO    : it:  6000: n eval: 22090 H: 12.91 dlogZ: 372578.075 logZ: -376371.003 +/- 0.114 logLmax: -3786.93
08-04 13:36 nessai INFO    : it:  7000: Rolling KS test: D=0.021, p-value=0.4082
08-04 13:36 nessai INFO    : it:  7000: n eval: 26499 H: 13.91 dlogZ: 192014.832 logZ: -192647.805 +/- 0.118 logLmax: -625.97
08-04 13:36 nessai INFO    : it:  8000: Rolling KS test: D=0.02, p-value=0.4434
08-04 13:36 nessai INFO    : it:  8000: n eval: 31161 H: 14.91 dlogZ: 98084.509 logZ: -98718.482 +/- 0.122 logLmax: -625.97
08-04 13:36 nessai INFO    : it:  9000: Rolling KS test: D=0.008, p-value=0.8752
08-04 13:36 nessai INFO    : it:  9000: n eval: 35636 H: 15.91 dlogZ: 51130.939 logZ: -51765.912 +/- 0.126 logLmax: -625.97
08-04 13:36 nessai INFO    : it: 10000: Rolling KS test: D=0.035, p-value=0.08429
08-04 13:36 nessai INFO    : it: 10000: n eval: 40167 H: 16.91 dlogZ: 26274.685 logZ: -26652.761 +/- 0.130 logLmax: -368.08
08-04 13:36 nessai INFO    : it: 11000: Rolling KS test: D=0.005, p-value=0.9481
08-04 13:36 nessai INFO    : it: 11000: n eval: 45082 H: 17.78 dlogZ: 14373.565 logZ: -14616.339 +/- 0.133 logLmax: -231.78
08-04 13:36 nessai INFO    : it: 12000: Rolling KS test: D=0.022, p-value=0.3744
08-04 13:36 nessai INFO    : it: 12000: n eval: 50491 H: 17.97 dlogZ: 7732.155 logZ: -7849.201 +/- 0.134 logLmax: -105.05
08-04 13:36 nessai INFO    : it: 13000: Rolling KS test: D=0.013, p-value=0.7071
08-04 13:36 nessai INFO    : it: 13000: n eval: 59085 H: 19.01 dlogZ: 4347.984 logZ: -4430.175 +/- 0.138 logLmax: -69.19
08-04 13:36 nessai INFO    : it: 14000: Rolling KS test: D=0.016, p-value=0.593
08-04 13:36 nessai INFO    : it: 14000: n eval: 64821 H: 20.36 dlogZ: 2529.647 logZ: -2612.838 +/- 0.143 logLmax: -69.19
08-04 13:36 nessai INFO    : it: 15000: Rolling KS test: D=0.025, p-value=0.2818
08-04 13:36 nessai INFO    : it: 15000: n eval: 71661 H: 20.27 dlogZ: 1508.135 logZ: -1589.176 +/- 0.142 logLmax: -66.04
08-04 13:36 nessai INFO    : it: 16000: Rolling KS test: D=0.04, p-value=0.03967
08-04 13:36 nessai INFO    : it: 16000: n eval: 82650 H: 21.13 dlogZ: 923.392 logZ: -985.800 +/- 0.145 logLmax: -46.41
08-04 13:36 nessai INFO    : it: 17000: Rolling KS test: D=0.027, p-value=0.2286
08-04 13:36 nessai INFO    : it: 17000: n eval: 95227 H: 21.66 dlogZ: 578.271 logZ: -606.822 +/- 0.147 logLmax: -11.55
08-04 13:36 nessai INFO    : it: 18000: Rolling KS test: D=0.034, p-value=0.09683
08-04 13:36 nessai INFO    : it: 18000: n eval: 104895 H: 22.11 dlogZ: 352.815 logZ: -379.374 +/- 0.149 logLmax: -8.56
08-04 13:36 nessai INFO    : it: 19000: Rolling KS test: D=0.036, p-value=0.07308
08-04 13:36 nessai INFO    : it: 19000: n eval: 119214 H: 22.45 dlogZ: 211.384 logZ: -238.943 +/- 0.150 logLmax: -8.56
08-04 13:36 nessai INFO    : it: 20000: Rolling KS test: D=0.018, p-value=0.5169
08-04 13:36 nessai INFO    : it: 20000: n eval: 136986 H: 23.31 dlogZ: 126.316 logZ: -154.875 +/- 0.153 logLmax: -8.56
08-04 13:37 nessai INFO    : it: 21000: Rolling KS test: D=0.006, p-value=0.9268
08-04 13:37 nessai INFO    : it: 21000: n eval: 169847 H: 23.42 dlogZ: 77.437 logZ: -106.996 +/- 0.153 logLmax: -8.56
08-04 13:37 nessai INFO    : it: 22000: Rolling KS test: D=0.019, p-value=0.4797
08-04 13:37 nessai INFO    : it: 22000: n eval: 208648 H: 24.11 dlogZ: 50.175 logZ: -79.966 +/- 0.155 logLmax: -7.79
08-04 13:37 nessai INFO    : it: 23000: Rolling KS test: D=0.027, p-value=0.2286
08-04 13:37 nessai INFO    : it: 23000: n eval: 258458 H: 24.56 dlogZ: 33.804 logZ: -62.612 +/- 0.157 logLmax: -5.81
08-04 13:37 nessai INFO    : it: 24000: Rolling KS test: D=0.025, p-value=0.2818
08-04 13:37 nessai INFO    : it: 24000: n eval: 308458 H: 25.10 dlogZ: 24.675 logZ: -51.783 +/- 0.158 logLmax: -3.11
08-04 13:37 nessai INFO    : it: 25000: Rolling KS test: D=0.024, p-value=0.311
08-04 13:37 nessai INFO    : it: 25000: n eval: 388458 H: 25.62 dlogZ: 18.948 logZ: -44.940 +/- 0.160 logLmax: -0.99
08-04 13:37 nessai INFO    : it: 26000: Rolling KS test: D=0.033, p-value=0.1108
08-04 13:37 nessai INFO    : it: 26000: n eval: 498458 H: 26.05 dlogZ: 13.758 logZ: -40.750 +/- 0.161 logLmax: -0.99
08-04 13:38 nessai INFO    : it: 27000: Rolling KS test: D=0.011, p-value=0.7794
08-04 13:38 nessai INFO    : it: 27000: n eval: 658458 H: 26.51 dlogZ: 10.042 logZ: -38.034 +/- 0.163 logLmax: -0.99
08-04 13:38 nessai INFO    : it: 28000: Rolling KS test: D=0.034, p-value=0.09683
08-04 13:38 nessai INFO    : it: 28000: n eval: 818458 H: 27.01 dlogZ: 7.317 logZ: -36.308 +/- 0.164 logLmax: -0.99
08-04 13:38 nessai INFO    : it: 29000: Rolling KS test: D=0.029, p-value=0.1825
08-04 13:38 nessai INFO    : it: 29000: n eval: 1038458 H: 27.49 dlogZ: 5.528 logZ: -35.117 +/- 0.166 logLmax: -0.59
08-04 13:39 nessai INFO    : it: 30000: Rolling KS test: D=0.037, p-value=0.06311
08-04 13:39 nessai INFO    : it: 30000: n eval: 1268458 H: 27.96 dlogZ: 3.727 logZ: -34.296 +/- 0.167 logLmax: -0.59
08-04 13:39 nessai INFO    : it: 31000: Rolling KS test: D=0.021, p-value=0.4082
08-04 13:39 nessai INFO    : it: 31000: n eval: 1478458 H: 28.33 dlogZ: 2.278 logZ: -33.763 +/- 0.168 logLmax: -0.59
08-04 13:40 nessai INFO    : it: 32000: Rolling KS test: D=0.016, p-value=0.593
08-04 13:40 nessai INFO    : it: 32000: n eval: 1668458 H: 28.62 dlogZ: 1.201 logZ: -33.436 +/- 0.169 logLmax: -0.59
08-04 13:40 nessai INFO    : it: 33000: Rolling KS test: D=0.036, p-value=0.07308
08-04 13:40 nessai INFO    : it: 33000: n eval: 1878458 H: 28.83 dlogZ: 0.597 logZ: -33.243 +/- 0.170 logLmax: -0.45
08-04 13:40 nessai INFO    : it: 34000: Rolling KS test: D=0.023, p-value=0.3419
08-04 13:40 nessai INFO    : it: 34000: n eval: 2038458 H: 28.97 dlogZ: 0.239 logZ: -33.138 +/- 0.170 logLmax: -0.45
08-04 13:41 nessai INFO    : it: 35000: Rolling KS test: D=0.048, p-value=0.009645
08-04 13:41 nessai INFO    : it: 35000: n eval: 2228458 H: 29.05 dlogZ: 0.105 logZ: -33.083 +/- 0.170 logLmax: -0.28
08-04 13:41 nessai INFO    : Stopping with difference_log_evidence=0.100
08-04 13:41 nessai INFO    : Finalising
08-04 13:41 nessai INFO    : Final ln-evidence: -33.035 +/- 0.171
08-04 13:41 nessai INFO    : Information: 29.15
08-04 13:41 nessai INFO    : Final KS test: D=0.008488, p-value=0.006368
08-04 13:41 nessai WARNING : Final p-value for the insertion indices is less than 0.05, this could be an indication of problems during sampling. Consider checking the diagnostic plots.
08-04 13:41 nessai INFO    : Checkpointing nested sampling
08-04 13:41 nessai INFO    : Total sampling time: 0:05:10.818340
08-04 13:41 nessai INFO    : Total training time: 0:01:27.774708
08-04 13:41 nessai INFO    : Total population time: 0:02:18.878691
08-04 13:41 nessai INFO    : Total likelihood evaluations: 2238458
08-04 13:41 nessai INFO    : Time spent evaluating likelihood: 0:00:43.071681
08-04 13:41 nessai INFO    : Total sampling time: 0:05:10.818340
08-04 13:41 nessai INFO    : Total likelihood evaluations: 2238458
08-04 13:41 nessai INFO    : Starting post processing
08-04 13:41 nessai INFO    : Computing posterior samples
08-04 13:41 nessai INFO    : Effective sample size: 6993.3
08-04 13:41 nessai INFO    : Producing posterior samples using rejection sampling
08-04 13:41 nessai INFO    : Expect 4813.062369365544 samples from rejection sampling
08-04 13:41 nessai INFO    : Returned 4785 posterior samples
08-04 13:41 nessai INFO    : Starting to close worker pool.
08-04 13:41 nessai INFO    : Finished closing worker pool.
