/data/wiay/postgrads/shashwat/qunat_com_future/lib/python3.11/site-packages/nessai/utils/logging.py:133: FutureWarning: setup_logger is deprecated, use configure_logger instead
  warnings.warn(
08-04 13:38 nessai INFO    : Running Nessai version 0.15.2
08-04 13:38 nessai INFO    : Starting multiprocessing pool with 4 processes
08-04 13:38 nessai INFO    : Initialising nested sampler
08-04 13:38 nessai WARNING : Multiprocessing pool has already been configured.
/data/wiay/postgrads/shashwat/qunat_com_future/lib/python3.11/site-packages/nessai/gw/__init__.py:12: FutureWarning: The `nessai.gw` module will be deprecated in the next release in favour of the nessai-gw package. This packages provides the same functionality as`nessai.gw` via the plugin interface.For more details, see: https://github.com/mj-will/nessai-gw
  warnings.warn(
08-04 13:38 nessai INFO    : Passing kwargs to FlowProposal: {'poolsize': 1000}
08-04 13:38 nessai INFO    : No reparameterisations provided, using default reparameterisations included in FlowProposal
08-04 13:38 nessai INFO    : Adding reparameterisations from: {}
08-04 13:38 nessai INFO    : Assuming fallback reparameterisation (ScaleAndShift) for ['kappa', 'mu_xi', 'sigma_chi', 'sigma_xi', 'rho', 'lambda_chi', 'chi0', 'xi0'] with kwargs: {'estimate_scale': True, 'estimate_shift': True, 'prior_bounds': {'kappa': array([0.1, 5. ]), 'mu_xi': array([0. , 0.1]), 'sigma_chi': array([0.05, 0.6 ]), 'sigma_xi': array([0.05, 0.4 ]), 'rho': array([-0.9,  0.9]), 'lambda_chi': array([-0.5,  0.5]), 'chi0': array([-0.5,  0.5]), 'xi0': array([2.5, 5. ])}}.
08-04 13:38 nessai INFO    : x space parameters: ['kappa', 'mu_xi', 'sigma_chi', 'sigma_xi', 'rho', 'lambda_chi', 'chi0', 'xi0']
08-04 13:38 nessai INFO    : x prime space parameters: ['kappa_prime', 'mu_xi_prime', 'sigma_chi_prime', 'sigma_xi_prime', 'rho_prime', 'lambda_chi_prime', 'chi0_prime', 'xi0_prime']
08-04 13:38 nessai INFO    : Overwriting fuzz factor with expansion fraction
08-04 13:38 nessai INFO    : New fuzz factor: 1.2228445449938519
08-04 13:38 nessai INFO    : Verifying rescaling functions
08-04 13:38 nessai INFO    : Rescaling functions are invertible
08-04 13:38 nessai INFO    : Populating initial live points
08-04 13:38 nessai INFO    : Populated 100 / 1000 live points
08-04 13:38 nessai INFO    : Populated 200 / 1000 live points
08-04 13:38 nessai INFO    : Populated 300 / 1000 live points
08-04 13:38 nessai INFO    : Populated 400 / 1000 live points
08-04 13:38 nessai INFO    : Populated 500 / 1000 live points
08-04 13:38 nessai INFO    : Populated 600 / 1000 live points
08-04 13:38 nessai INFO    : Populated 700 / 1000 live points
08-04 13:38 nessai INFO    : Populated 800 / 1000 live points
08-04 13:38 nessai INFO    : Populated 900 / 1000 live points
08-04 13:38 nessai INFO    : Populated 1000 / 1000 live points
08-04 13:38 nessai INFO    : Starting nested sampling loop
08-04 13:38 nessai INFO    : it:  1000: Rolling KS test: D=0.025, p-value=0.2818
08-04 13:38 nessai INFO    : it:  1000: n eval: 3000 H: 7.91 dlogZ: 18462882.619 logZ: -18531687.107 +/- 0.089 logLmax: -68803.49
08-04 13:38 nessai INFO    : it:  2000: Rolling KS test: D=0.021, p-value=0.4082
08-04 13:38 nessai INFO    : it:  2000: n eval: 8000 H: 8.91 dlogZ: 7526215.448 logZ: -7591155.477 +/- 0.094 logLmax: -64938.03
08-04 13:38 nessai INFO    : Switching to FlowProposal
08-04 13:38 nessai INFO    : it:  3000: Rolling KS test: D=0.016, p-value=0.593
08-04 13:39 nessai INFO    : it:  3000: n eval: 12324 H: 9.91 dlogZ: 3318236.451 logZ: -3336177.501 +/- 0.100 logLmax: -17938.05
08-04 13:39 nessai INFO    : it:  4000: Rolling KS test: D=0.043, p-value=0.02406
08-04 13:39 nessai INFO    : it:  4000: n eval: 16820 H: 10.91 dlogZ: 1451723.638 logZ: -1454885.597 +/- 0.104 logLmax: -3157.96
08-04 13:39 nessai INFO    : it:  5000: Rolling KS test: D=0.016, p-value=0.593
08-04 13:39 nessai INFO    : it:  5000: n eval: 24717 H: 11.91 dlogZ: 609486.751 logZ: -612649.710 +/- 0.109 logLmax: -3157.96
08-04 13:39 nessai INFO    : it:  6000: Rolling KS test: D=0.019, p-value=0.4797
08-04 13:39 nessai INFO    : it:  6000: n eval: 30733 H: 12.91 dlogZ: 273237.329 logZ: -276401.288 +/- 0.114 logLmax: -3157.96
08-04 13:39 nessai INFO    : it:  7000: Rolling KS test: D=0.026, p-value=0.2543
08-04 13:39 nessai INFO    : it:  7000: n eval: 36381 H: 13.91 dlogZ: 119247.189 logZ: -122412.148 +/- 0.118 logLmax: -3157.96
08-04 13:39 nessai INFO    : it:  8000: Rolling KS test: D=0.037, p-value=0.06311
08-04 13:39 nessai INFO    : it:  8000: n eval: 40828 H: 14.91 dlogZ: 56604.617 logZ: -57997.602 +/- 0.122 logLmax: -1384.99
08-04 13:39 nessai INFO    : it:  9000: Rolling KS test: D=0.012, p-value=0.7438
08-04 13:39 nessai INFO    : it:  9000: n eval: 45659 H: 15.91 dlogZ: 28178.980 logZ: -28885.778 +/- 0.126 logLmax: -697.80
08-04 13:39 nessai INFO    : it: 10000: Rolling KS test: D=0.013, p-value=0.7071
08-04 13:39 nessai INFO    : it: 10000: n eval: 50187 H: 16.57 dlogZ: 14307.673 logZ: -14948.733 +/- 0.129 logLmax: -631.06
08-04 13:39 nessai INFO    : it: 11000: Rolling KS test: D=0.03, p-value=0.162
08-04 13:39 nessai INFO    : it: 11000: n eval: 55871 H: 17.21 dlogZ: 8212.471 logZ: -8392.909 +/- 0.131 logLmax: -169.44
08-04 13:39 nessai INFO    : it: 12000: Rolling KS test: D=0.026, p-value=0.2543
08-04 13:39 nessai INFO    : it: 12000: n eval: 61036 H: 18.35 dlogZ: 4764.490 logZ: -4945.928 +/- 0.135 logLmax: -169.44
08-04 13:39 nessai INFO    : it: 13000: Rolling KS test: D=0.016, p-value=0.593
08-04 13:39 nessai INFO    : it: 13000: n eval: 71685 H: 18.20 dlogZ: 3108.263 logZ: -3177.125 +/- 0.135 logLmax: -55.86
08-04 13:39 nessai INFO    : it: 14000: Rolling KS test: D=0.011, p-value=0.7794
08-04 13:39 nessai INFO    : it: 14000: n eval: 78558 H: 19.10 dlogZ: 1959.532 logZ: -2029.394 +/- 0.138 logLmax: -55.86
08-04 13:39 nessai INFO    : it: 15000: Rolling KS test: D=0.02, p-value=0.4434
08-04 13:39 nessai INFO    : it: 15000: n eval: 89084 H: 20.35 dlogZ: 1245.404 logZ: -1316.266 +/- 0.143 logLmax: -55.86
08-04 13:39 nessai INFO    : it: 16000: Rolling KS test: D=0.019, p-value=0.4797
08-04 13:39 nessai INFO    : it: 16000: n eval: 96775 H: 21.32 dlogZ: 732.229 logZ: -804.091 +/- 0.146 logLmax: -55.86
08-04 13:39 nessai INFO    : it: 17000: Rolling KS test: D=0.027, p-value=0.2286
08-04 13:39 nessai INFO    : it: 17000: n eval: 107817 H: 21.98 dlogZ: 466.000 logZ: -512.546 +/- 0.148 logLmax: -29.55
08-04 13:39 nessai INFO    : it: 18000: Rolling KS test: D=0.001, p-value=0.9973
08-04 13:39 nessai INFO    : it: 18000: n eval: 119096 H: 22.19 dlogZ: 293.891 logZ: -327.568 +/- 0.149 logLmax: -15.68
08-04 13:39 nessai INFO    : it: 19000: Rolling KS test: D=0.037, p-value=0.06311
08-04 13:39 nessai INFO    : it: 19000: n eval: 127931 H: 22.40 dlogZ: 175.731 logZ: -210.408 +/- 0.150 logLmax: -15.68
08-04 13:39 nessai INFO    : it: 20000: Rolling KS test: D=0.011, p-value=0.7794
08-04 13:39 nessai INFO    : it: 20000: n eval: 142416 H: 22.95 dlogZ: 111.220 logZ: -139.904 +/- 0.151 logLmax: -8.68
08-04 13:39 nessai INFO    : it: 21000: Rolling KS test: D=0.023, p-value=0.3419
08-04 13:39 nessai INFO    : it: 21000: n eval: 162025 H: 23.48 dlogZ: 69.668 logZ: -96.626 +/- 0.153 logLmax: -5.96
08-04 13:39 nessai INFO    : it: 22000: Rolling KS test: D=0.007, p-value=0.9024
08-04 13:39 nessai INFO    : it: 22000: n eval: 178296 H: 23.95 dlogZ: 45.999 logZ: -70.221 +/- 0.155 logLmax: -2.22
08-04 13:39 nessai INFO    : it: 23000: Rolling KS test: D=0.014, p-value=0.6695
08-04 13:39 nessai INFO    : it: 23000: n eval: 199005 H: 24.38 dlogZ: 28.849 logZ: -54.071 +/- 0.156 logLmax: -2.22
08-04 13:40 nessai INFO    : it: 24000: Rolling KS test: D=0.026, p-value=0.2543
08-04 13:40 nessai INFO    : it: 24000: n eval: 228155 H: 24.92 dlogZ: 18.021 logZ: -44.243 +/- 0.158 logLmax: -2.22
08-04 13:40 nessai INFO    : it: 25000: Rolling KS test: D=0.023, p-value=0.3419
08-04 13:40 nessai INFO    : it: 25000: n eval: 264761 H: 25.38 dlogZ: 12.374 logZ: -38.674 +/- 0.159 logLmax: -1.30
08-04 13:40 nessai INFO    : it: 26000: Rolling KS test: D=0.022, p-value=0.3744
08-04 13:40 nessai INFO    : it: 26000: n eval: 313224 H: 25.74 dlogZ: 8.076 logZ: -35.375 +/- 0.160 logLmax: -1.30
08-04 13:40 nessai INFO    : it: 27000: Rolling KS test: D=0.023, p-value=0.3419
08-04 13:40 nessai INFO    : it: 27000: n eval: 363224 H: 26.10 dlogZ: 5.545 logZ: -33.496 +/- 0.162 logLmax: -0.96
08-04 13:40 nessai INFO    : it: 28000: Rolling KS test: D=0.023, p-value=0.3419
08-04 13:40 nessai INFO    : it: 28000: n eval: 423031 H: 26.43 dlogZ: 3.653 logZ: -32.410 +/- 0.163 logLmax: -0.78
08-04 13:40 nessai INFO    : it: 29000: Rolling KS test: D=0.004, p-value=0.9659
08-04 13:40 nessai INFO    : it: 29000: n eval: 493031 H: 26.72 dlogZ: 2.115 logZ: -31.770 +/- 0.163 logLmax: -0.78
08-04 13:40 nessai INFO    : it: 30000: Rolling KS test: D=0.025, p-value=0.2818
08-04 13:40 nessai INFO    : it: 30000: n eval: 553031 H: 26.93 dlogZ: 1.237 logZ: -31.417 +/- 0.164 logLmax: -0.52
08-04 13:40 nessai INFO    : it: 31000: Rolling KS test: D=0.014, p-value=0.6695
08-04 13:40 nessai INFO    : it: 31000: n eval: 613031 H: 27.08 dlogZ: 0.557 logZ: -31.229 +/- 0.165 logLmax: -0.52
08-04 13:40 nessai INFO    : it: 32000: Rolling KS test: D=0.015, p-value=0.6313
08-04 13:41 nessai INFO    : it: 32000: n eval: 662559 H: 27.18 dlogZ: 0.222 logZ: -31.130 +/- 0.165 logLmax: -0.52
08-04 13:41 nessai INFO    : Stopping with difference_log_evidence=0.100
08-04 13:41 nessai INFO    : Finalising
08-04 13:41 nessai INFO    : Final ln-evidence: -31.035 +/- 0.165
08-04 13:41 nessai INFO    : Information: 27.32
08-04 13:41 nessai INFO    : Final KS test: D=0.004453, p-value=0.2706
08-04 13:41 nessai INFO    : Checkpointing nested sampling
08-04 13:41 nessai INFO    : Total sampling time: 0:02:12.108347
08-04 13:41 nessai INFO    : Total training time: 0:00:43.087967
08-04 13:41 nessai INFO    : Total population time: 0:00:39.996104
08-04 13:41 nessai INFO    : Total likelihood evaluations: 711853
08-04 13:41 nessai INFO    : Time spent evaluating likelihood: 0:00:14.720822
08-04 13:41 nessai INFO    : Total sampling time: 0:02:12.108347
08-04 13:41 nessai INFO    : Total likelihood evaluations: 711853
08-04 13:41 nessai INFO    : Starting post processing
08-04 13:41 nessai INFO    : Computing posterior samples
08-04 13:41 nessai INFO    : Effective sample size: 6256.5
08-04 13:41 nessai INFO    : Producing posterior samples using rejection sampling
08-04 13:41 nessai INFO    : Expect 4279.393649279232 samples from rejection sampling
08-04 13:41 nessai INFO    : Returned 4304 posterior samples
08-04 13:41 nessai INFO    : Starting to close worker pool.
08-04 13:41 nessai INFO    : Finished closing worker pool.
