/data/wiay/postgrads/shashwat/qunat_com_future/lib/python3.11/site-packages/nessai/utils/logging.py:133: FutureWarning: setup_logger is deprecated, use configure_logger instead
  warnings.warn(
08-04 13:01 nessai INFO    : Running Nessai version 0.15.2
08-04 13:01 nessai INFO    : Starting multiprocessing pool with 4 processes
08-04 13:01 nessai INFO    : Initialising nested sampler
08-04 13:01 nessai WARNING : Multiprocessing pool has already been configured.
/data/wiay/postgrads/shashwat/qunat_com_future/lib/python3.11/site-packages/nessai/gw/__init__.py:12: FutureWarning: The `nessai.gw` module will be deprecated in the next release in favour of the nessai-gw package. This packages provides the same functionality as`nessai.gw` via the plugin interface.For more details, see: https://github.com/mj-will/nessai-gw
  warnings.warn(
08-04 13:01 nessai INFO    : Passing kwargs to FlowProposal: {'poolsize': 1000}
08-04 13:01 nessai INFO    : No reparameterisations provided, using default reparameterisations included in FlowProposal
08-04 13:01 nessai INFO    : Adding reparameterisations from: {}
08-04 13:01 nessai INFO    : Assuming fallback reparameterisation (ScaleAndShift) for ['kappa', 'mu_xi', 'sigma_chi', 'sigma_xi', 'rho', 'lambda_chi', 'chi0', 'xi0'] with kwargs: {'estimate_scale': True, 'estimate_shift': True, 'prior_bounds': {'kappa': array([0.1, 5. ]), 'mu_xi': array([0. , 0.1]), 'sigma_chi': array([0.05, 0.6 ]), 'sigma_xi': array([0.05, 0.4 ]), 'rho': array([-0.9,  0.9]), 'lambda_chi': array([-0.5,  0.5]), 'chi0': array([-0.5,  0.5]), 'xi0': array([2.5, 5. ])}}.
08-04 13:01 nessai INFO    : x space parameters: ['kappa', 'mu_xi', 'sigma_chi', 'sigma_xi', 'rho', 'lambda_chi', 'chi0', 'xi0']
08-04 13:01 nessai INFO    : x prime space parameters: ['kappa_prime', 'mu_xi_prime', 'sigma_chi_prime', 'sigma_xi_prime', 'rho_prime', 'lambda_chi_prime', 'chi0_prime', 'xi0_prime']
08-04 13:01 nessai INFO    : Overwriting fuzz factor with expansion fraction
08-04 13:01 nessai INFO    : New fuzz factor: 1.2228445449938519
08-04 13:01 nessai INFO    : Verifying rescaling functions
08-04 13:01 nessai INFO    : Rescaling functions are invertible
08-04 13:01 nessai INFO    : Populating initial live points
08-04 13:01 nessai INFO    : Populated 100 / 1000 live points
08-04 13:01 nessai INFO    : Populated 200 / 1000 live points
08-04 13:01 nessai INFO    : Populated 300 / 1000 live points
08-04 13:01 nessai INFO    : Populated 400 / 1000 live points
08-04 13:01 nessai INFO    : Populated 500 / 1000 live points
08-04 13:01 nessai INFO    : Populated 600 / 1000 live points
08-04 13:01 nessai INFO    : Populated 700 / 1000 live points
08-04 13:01 nessai INFO    : Populated 800 / 1000 live points
08-04 13:01 nessai INFO    : Populated 900 / 1000 live points
08-04 13:01 nessai INFO    : Populated 1000 / 1000 live points
08-04 13:01 nessai INFO    : Starting nested sampling loop
08-04 13:01 nessai INFO    : it:  1000: Rolling KS test: D=0.025, p-value=0.2818
08-04 13:01 nessai INFO    : it:  1000: n eval: 3000 H: 7.91 dlogZ: 14067175.920 logZ: -14099775.881 +/- 0.089 logLmax: -32598.96
08-04 13:01 nessai INFO    : it:  2000: Rolling KS test: D=0.034, p-value=0.09683
08-04 13:01 nessai INFO    : it:  2000: n eval: 8000 H: 8.91 dlogZ: 3632641.409 logZ: -3651403.027 +/- 0.094 logLmax: -18759.62
08-04 13:01 nessai INFO    : Switching to FlowProposal
08-04 13:01 nessai INFO    : it:  3000: Rolling KS test: D=0.009, p-value=0.8454
08-04 13:01 nessai INFO    : it:  3000: n eval: 11957 H: 9.91 dlogZ: 1175044.422 logZ: -1179275.215 +/- 0.100 logLmax: -4227.79
08-04 13:01 nessai INFO    : it:  4000: Rolling KS test: D=0.019, p-value=0.4797
08-04 13:01 nessai INFO    : it:  4000: n eval: 15879 H: 10.91 dlogZ: 471587.664 logZ: -474476.133 +/- 0.104 logLmax: -2884.47
08-04 13:01 nessai INFO    : it:  5000: Rolling KS test: D=0.015, p-value=0.6313
08-04 13:01 nessai INFO    : it:  5000: n eval: 20440 H: 11.91 dlogZ: 215306.712 logZ: -218196.180 +/- 0.109 logLmax: -2884.47
08-04 13:01 nessai INFO    : it:  6000: Rolling KS test: D=0.016, p-value=0.593
08-04 13:01 nessai INFO    : it:  6000: n eval: 24843 H: 12.91 dlogZ: 104406.052 logZ: -106081.256 +/- 0.114 logLmax: -1669.20
08-04 13:01 nessai INFO    : it:  7000: Rolling KS test: D=0.026, p-value=0.2543
08-04 13:01 nessai INFO    : it:  7000: n eval: 29984 H: 13.89 dlogZ: 52127.495 logZ: -52938.916 +/- 0.118 logLmax: -804.42
08-04 13:01 nessai INFO    : it:  8000: Rolling KS test: D=0.029, p-value=0.1825
08-04 13:01 nessai INFO    : it:  8000: n eval: 35159 H: 14.91 dlogZ: 26457.274 logZ: -26991.762 +/- 0.122 logLmax: -526.49
08-04 13:01 nessai INFO    : it:  9000: Rolling KS test: D=0.024, p-value=0.311
08-04 13:01 nessai INFO    : it:  9000: n eval: 39986 H: 15.90 dlogZ: 13897.083 logZ: -14432.571 +/- 0.126 logLmax: -526.49
08-04 13:01 nessai INFO    : it: 10000: Rolling KS test: D=0.033, p-value=0.1108
08-04 13:01 nessai INFO    : it: 10000: n eval: 45394 H: 16.91 dlogZ: 7812.395 logZ: -8282.993 +/- 0.130 logLmax: -460.60
08-04 13:01 nessai INFO    : it: 11000: Rolling KS test: D=0.016, p-value=0.593
08-04 13:01 nessai INFO    : it: 11000: n eval: 51148 H: 17.79 dlogZ: 4969.734 logZ: -5099.444 +/- 0.133 logLmax: -118.71
08-04 13:01 nessai INFO    : it: 12000: Rolling KS test: D=0.023, p-value=0.3419
08-04 13:01 nessai INFO    : it: 12000: n eval: 56572 H: 18.35 dlogZ: 3101.605 logZ: -3232.314 +/- 0.135 logLmax: -118.71
08-04 13:01 nessai INFO    : it: 13000: Rolling KS test: D=0.048, p-value=0.009645
08-04 13:01 nessai INFO    : it: 13000: n eval: 62228 H: 18.08 dlogZ: 1901.977 logZ: -2029.978 +/- 0.134 logLmax: -115.00
08-04 13:01 nessai INFO    : it: 14000: Rolling KS test: D=0.004, p-value=0.9659
08-04 13:01 nessai INFO    : it: 14000: n eval: 70614 H: 19.38 dlogZ: 1150.683 logZ: -1244.432 +/- 0.139 logLmax: -79.75
08-04 13:01 nessai INFO    : it: 15000: Rolling KS test: D=0.01, p-value=0.8133
08-04 13:01 nessai INFO    : it: 15000: n eval: 77603 H: 19.62 dlogZ: 753.907 logZ: -790.290 +/- 0.140 logLmax: -21.38
08-04 13:01 nessai INFO    : it: 16000: Rolling KS test: D=0.018, p-value=0.5169
08-04 13:01 nessai INFO    : it: 16000: n eval: 87891 H: 20.29 dlogZ: 465.647 logZ: -500.968 +/- 0.142 logLmax: -19.32
08-04 13:01 nessai INFO    : it: 17000: Rolling KS test: D=0.022, p-value=0.3744
08-04 13:01 nessai INFO    : it: 17000: n eval: 95209 H: 20.71 dlogZ: 278.320 logZ: -312.739 +/- 0.144 logLmax: -17.42
08-04 13:02 nessai INFO    : it: 18000: Rolling KS test: D=0.028, p-value=0.2046
08-04 13:02 nessai INFO    : it: 18000: n eval: 108096 H: 21.72 dlogZ: 175.134 logZ: -201.013 +/- 0.147 logLmax: -7.88
08-04 13:02 nessai INFO    : it: 19000: Rolling KS test: D=0.044, p-value=0.0202
08-04 13:02 nessai INFO    : it: 19000: n eval: 122019 H: 21.85 dlogZ: 109.718 logZ: -136.597 +/- 0.148 logLmax: -7.88
08-04 13:02 nessai INFO    : it: 20000: Rolling KS test: D=0.04, p-value=0.03967
08-04 13:02 nessai INFO    : it: 20000: n eval: 139099 H: 22.36 dlogZ: 69.723 logZ: -97.602 +/- 0.150 logLmax: -7.88
08-04 13:02 nessai INFO    : it: 21000: Rolling KS test: D=0.021, p-value=0.4082
08-04 13:02 nessai INFO    : it: 21000: n eval: 156027 H: 22.85 dlogZ: 45.061 logZ: -73.940 +/- 0.151 logLmax: -7.88
08-04 13:02 nessai INFO    : it: 22000: Rolling KS test: D=0.044, p-value=0.0202
08-04 13:02 nessai INFO    : it: 22000: n eval: 185456 H: 23.30 dlogZ: 30.094 logZ: -59.972 +/- 0.153 logLmax: -7.88
08-04 13:02 nessai INFO    : it: 23000: Rolling KS test: D=0.02, p-value=0.4434
08-04 13:02 nessai INFO    : it: 23000: n eval: 223715 H: 23.83 dlogZ: 20.461 logZ: -51.340 +/- 0.154 logLmax: -7.88
08-04 13:02 nessai INFO    : it: 24000: Rolling KS test: D=0.016, p-value=0.593
08-04 13:02 nessai INFO    : it: 24000: n eval: 273715 H: 24.26 dlogZ: 14.476 logZ: -46.069 +/- 0.156 logLmax: -7.59
08-04 13:03 nessai INFO    : it: 25000: Rolling KS test: D=0.038, p-value=0.05428
08-04 13:03 nessai INFO    : it: 25000: n eval: 363715 H: 24.72 dlogZ: 10.379 logZ: -42.909 +/- 0.157 logLmax: -7.53
08-04 13:03 nessai INFO    : it: 26000: Rolling KS test: D=0.016, p-value=0.593
08-04 13:03 nessai INFO    : it: 26000: n eval: 473715 H: 25.24 dlogZ: 8.391 logZ: -40.803 +/- 0.159 logLmax: -6.41
08-04 13:04 nessai INFO    : it: 27000: Rolling KS test: D=0.011, p-value=0.7794
08-04 13:04 nessai INFO    : it: 27000: n eval: 623715 H: 25.69 dlogZ: 6.030 logZ: -39.441 +/- 0.160 logLmax: -6.41
08-04 13:04 nessai INFO    : it: 28000: Rolling KS test: D=0.042, p-value=0.02854
08-04 13:04 nessai INFO    : it: 28000: n eval: 803715 H: 26.14 dlogZ: 4.583 logZ: -38.516 +/- 0.162 logLmax: -5.94
08-04 13:05 nessai INFO    : it: 29000: Rolling KS test: D=0.034, p-value=0.09683
08-04 13:05 nessai INFO    : it: 29000: n eval: 993715 H: 26.55 dlogZ: 3.011 logZ: -37.898 +/- 0.163 logLmax: -5.94
08-04 13:06 nessai INFO    : it: 30000: Rolling KS test: D=0.041, p-value=0.03371
08-04 13:06 nessai INFO    : it: 30000: n eval: 1153715 H: 26.91 dlogZ: 2.363 logZ: -37.481 +/- 0.164 logLmax: -5.22
08-04 13:06 nessai INFO    : it: 31000: Rolling KS test: D=0.01, p-value=0.8133
08-04 13:06 nessai INFO    : it: 31000: n eval: 1313715 H: 27.23 dlogZ: 1.392 logZ: -37.202 +/- 0.165 logLmax: -5.10
08-04 13:06 nessai INFO    : it: 32000: Rolling KS test: D=0.054, p-value=0.002821
08-04 13:06 nessai INFO    : it: 32000: n eval: 1393715 H: 27.47 dlogZ: 0.915 logZ: -37.028 +/- 0.166 logLmax: -4.63
08-04 13:07 nessai INFO    : it: 33000: Rolling KS test: D=0.03, p-value=0.162
08-04 13:07 nessai INFO    : it: 33000: n eval: 1463715 H: 27.64 dlogZ: 0.403 logZ: -36.925 +/- 0.166 logLmax: -4.63
08-04 13:07 nessai INFO    : it: 34000: Rolling KS test: D=0.024, p-value=0.311
08-04 13:07 nessai INFO    : it: 34000: n eval: 1573715 H: 27.75 dlogZ: 0.159 logZ: -36.867 +/- 0.167 logLmax: -4.63
08-04 13:07 nessai INFO    : Stopping with difference_log_evidence=0.100
08-04 13:07 nessai INFO    : Finalising
08-04 13:07 nessai INFO    : Final ln-evidence: -36.809 +/- 0.167
08-04 13:07 nessai INFO    : Information: 27.89
08-04 13:07 nessai INFO    : Final KS test: D=0.009792, p-value=0.001335
08-04 13:07 nessai WARNING : Final p-value for the insertion indices is less than 0.05, this could be an indication of problems during sampling. Consider checking the diagnostic plots.
08-04 13:07 nessai INFO    : Checkpointing nested sampling
08-04 13:07 nessai INFO    : Total sampling time: 0:06:41.743805
08-04 13:07 nessai INFO    : Total training time: 0:01:46.395229
08-04 13:07 nessai INFO    : Total population time: 0:03:04.575437
08-04 13:07 nessai INFO    : Total likelihood evaluations: 1623715
08-04 13:07 nessai INFO    : Time spent evaluating likelihood: 0:01:02.624650
08-04 13:07 nessai INFO    : Total sampling time: 0:06:41.743805
08-04 13:07 nessai INFO    : Total likelihood evaluations: 1623715
08-04 13:07 nessai INFO    : Starting post processing
08-04 13:07 nessai INFO    : Computing posterior samples
08-04 13:07 nessai INFO    : Effective sample size: 7901.5
08-04 13:07 nessai INFO    : Producing posterior samples using rejection sampling
08-04 13:07 nessai INFO    : Expect 5651.652644599928 samples from rejection sampling
08-04 13:07 nessai INFO    : Returned 5595 posterior samples
08-04 13:09 nessai INFO    : Starting to close worker pool.
08-04 13:09 nessai INFO    : Finished closing worker pool.
