/data/wiay/postgrads/shashwat/qunat_com_future/lib/python3.11/site-packages/nessai/utils/logging.py:133: FutureWarning: setup_logger is deprecated, use configure_logger instead
  warnings.warn(
08-04 13:09 nessai INFO    : Running Nessai version 0.15.2
08-04 13:09 nessai INFO    : Starting multiprocessing pool with 4 processes
08-04 13:09 nessai INFO    : Initialising nested sampler
08-04 13:09 nessai WARNING : Multiprocessing pool has already been configured.
/data/wiay/postgrads/shashwat/qunat_com_future/lib/python3.11/site-packages/nessai/gw/__init__.py:12: FutureWarning: The `nessai.gw` module will be deprecated in the next release in favour of the nessai-gw package. This packages provides the same functionality as`nessai.gw` via the plugin interface.For more details, see: https://github.com/mj-will/nessai-gw
  warnings.warn(
08-04 13:09 nessai INFO    : Passing kwargs to FlowProposal: {'poolsize': 1000}
08-04 13:09 nessai INFO    : No reparameterisations provided, using default reparameterisations included in FlowProposal
08-04 13:09 nessai INFO    : Adding reparameterisations from: {}
08-04 13:09 nessai INFO    : Assuming fallback reparameterisation (ScaleAndShift) for ['kappa', 'mu_xi', 'sigma_chi', 'sigma_xi', 'rho', 'lambda_chi', 'chi0', 'xi0'] with kwargs: {'estimate_scale': True, 'estimate_shift': True, 'prior_bounds': {'kappa': array([0.1, 5. ]), 'mu_xi': array([0. , 0.1]), 'sigma_chi': array([0.05, 0.6 ]), 'sigma_xi': array([0.05, 0.4 ]), 'rho': array([-0.9,  0.9]), 'lambda_chi': array([-0.5,  0.5]), 'chi0': array([-0.5,  0.5]), 'xi0': array([2.5, 5. ])}}.
08-04 13:09 nessai INFO    : x space parameters: ['kappa', 'mu_xi', 'sigma_chi', 'sigma_xi', 'rho', 'lambda_chi', 'chi0', 'xi0']
08-04 13:09 nessai INFO    : x prime space parameters: ['kappa_prime', 'mu_xi_prime', 'sigma_chi_prime', 'sigma_xi_prime', 'rho_prime', 'lambda_chi_prime', 'chi0_prime', 'xi0_prime']
08-04 13:09 nessai INFO    : Overwriting fuzz factor with expansion fraction
08-04 13:09 nessai INFO    : New fuzz factor: 1.2228445449938519
08-04 13:09 nessai INFO    : Verifying rescaling functions
08-04 13:09 nessai INFO    : Rescaling functions are invertible
08-04 13:09 nessai INFO    : Populating initial live points
08-04 13:09 nessai INFO    : Populated 100 / 1000 live points
08-04 13:09 nessai INFO    : Populated 200 / 1000 live points
08-04 13:09 nessai INFO    : Populated 300 / 1000 live points
08-04 13:09 nessai INFO    : Populated 400 / 1000 live points
08-04 13:09 nessai INFO    : Populated 500 / 1000 live points
08-04 13:09 nessai INFO    : Populated 600 / 1000 live points
08-04 13:09 nessai INFO    : Populated 700 / 1000 live points
08-04 13:09 nessai INFO    : Populated 800 / 1000 live points
08-04 13:09 nessai INFO    : Populated 900 / 1000 live points
08-04 13:09 nessai INFO    : Populated 1000 / 1000 live points
08-04 13:09 nessai INFO    : Starting nested sampling loop
08-04 13:09 nessai INFO    : it:  1000: Rolling KS test: D=0.009, p-value=0.8454
08-04 13:09 nessai INFO    : it:  1000: n eval: 3000 H: 7.91 dlogZ: 23767076.934 logZ: -23902636.079 +/- 0.089 logLmax: -135558.15
08-04 13:09 nessai INFO    : it:  2000: Rolling KS test: D=0.014, p-value=0.6695
08-04 13:09 nessai INFO    : it:  2000: n eval: 8000 H: 8.91 dlogZ: 9347178.048 logZ: -9428393.307 +/- 0.094 logLmax: -81213.26
08-04 13:09 nessai INFO    : Switching to FlowProposal
08-04 13:09 nessai INFO    : it:  3000: Rolling KS test: D=0.032, p-value=0.1263
08-04 13:09 nessai INFO    : it:  3000: n eval: 12138 H: 9.91 dlogZ: 4288289.474 logZ: -4369505.734 +/- 0.100 logLmax: -81213.26
08-04 13:09 nessai INFO    : it:  4000: Rolling KS test: D=0.026, p-value=0.2543
08-04 13:09 nessai INFO    : it:  4000: n eval: 16130 H: 10.91 dlogZ: 2060309.565 logZ: -2141526.824 +/- 0.104 logLmax: -81213.26
08-04 13:10 nessai INFO    : it:  5000: Rolling KS test: D=0.015, p-value=0.6313
08-04 13:10 nessai INFO    : it:  5000: n eval: 20295 H: 11.91 dlogZ: 1122886.742 logZ: -1139995.250 +/- 0.109 logLmax: -17103.51
08-04 13:10 nessai INFO    : it:  6000: Rolling KS test: D=0.028, p-value=0.2046
08-04 13:10 nessai INFO    : it:  6000: n eval: 22339 H: 12.91 dlogZ: 660571.410 logZ: -677680.918 +/- 0.114 logLmax: -17103.51
08-04 13:10 nessai INFO    : it:  7000: Rolling KS test: D=0.019, p-value=0.4797
08-04 13:10 nessai INFO    : it:  7000: n eval: 29706 H: 13.91 dlogZ: 449772.489 logZ: -466882.997 +/- 0.118 logLmax: -17103.51
08-04 13:10 nessai INFO    : it:  8000: Rolling KS test: D=0.031, p-value=0.1433
08-04 13:10 nessai INFO    : it:  8000: n eval: 34405 H: 14.91 dlogZ: 304553.891 logZ: -312973.424 +/- 0.122 logLmax: -8411.53
08-04 13:10 nessai INFO    : it:  9000: Rolling KS test: D=0.017, p-value=0.5547
08-04 13:10 nessai INFO    : it:  9000: n eval: 36832 H: 15.33 dlogZ: 193273.021 logZ: -201693.554 +/- 0.124 logLmax: -8411.53
08-04 13:10 nessai INFO    : it: 10000: Rolling KS test: D=0.028, p-value=0.2046
08-04 13:10 nessai INFO    : it: 10000: n eval: 44111 H: 16.86 dlogZ: 118568.118 logZ: -122511.139 +/- 0.130 logLmax: -3933.02
08-04 13:10 nessai INFO    : it: 11000: Rolling KS test: D=0.034, p-value=0.09683
08-04 13:10 nessai INFO    : it: 11000: n eval: 47125 H: 17.91 dlogZ: 72410.578 logZ: -74176.367 +/- 0.134 logLmax: -1754.79
08-04 13:10 nessai INFO    : it: 12000: Rolling KS test: D=0.007, p-value=0.9024
08-04 13:10 nessai INFO    : it: 12000: n eval: 54002 H: 18.91 dlogZ: 44562.164 logZ: -44992.046 +/- 0.138 logLmax: -417.88
08-04 13:10 nessai INFO    : it: 13000: Rolling KS test: D=0.031, p-value=0.1433
08-04 13:10 nessai INFO    : it: 13000: n eval: 58952 H: 19.90 dlogZ: 26519.754 logZ: -26950.636 +/- 0.141 logLmax: -417.88
08-04 13:10 nessai INFO    : it: 14000: Rolling KS test: D=0.026, p-value=0.2543
08-04 13:10 nessai INFO    : it: 14000: n eval: 65031 H: 20.01 dlogZ: 15552.673 logZ: -15984.556 +/- 0.141 logLmax: -417.88
08-04 13:10 nessai INFO    : it: 15000: Rolling KS test: D=0.028, p-value=0.2046
08-04 13:10 nessai INFO    : it: 15000: n eval: 70518 H: 21.23 dlogZ: 9088.450 logZ: -9521.332 +/- 0.146 logLmax: -417.88
08-04 13:10 nessai INFO    : it: 16000: Rolling KS test: D=0.005, p-value=0.9481
08-04 13:10 nessai INFO    : it: 16000: n eval: 80157 H: 22.90 dlogZ: 5507.482 logZ: -5796.726 +/- 0.151 logLmax: -273.24
08-04 13:10 nessai INFO    : it: 17000: Rolling KS test: D=0.017, p-value=0.5547
08-04 13:10 nessai INFO    : it: 17000: n eval: 87108 H: 23.53 dlogZ: 3334.809 logZ: -3503.531 +/- 0.153 logLmax: -151.72
08-04 13:10 nessai INFO    : it: 18000: Rolling KS test: D=0.009, p-value=0.8454
08-04 13:10 nessai INFO    : it: 18000: n eval: 99123 H: 23.29 dlogZ: 2079.202 logZ: -2225.557 +/- 0.153 logLmax: -128.36
08-04 13:10 nessai INFO    : it: 19000: Rolling KS test: D=0.032, p-value=0.1263
08-04 13:10 nessai INFO    : it: 19000: n eval: 112165 H: 24.58 dlogZ: 1284.775 logZ: -1432.130 +/- 0.157 logLmax: -128.36
08-04 13:10 nessai INFO    : it: 20000: Rolling KS test: D=0.032, p-value=0.1263
08-04 13:11 nessai INFO    : it: 20000: n eval: 128293 H: 24.56 dlogZ: 854.097 logZ: -932.651 +/- 0.157 logLmax: -58.56
08-04 13:11 nessai INFO    : it: 21000: Rolling KS test: D=0.018, p-value=0.5169
08-04 13:11 nessai INFO    : it: 21000: n eval: 146367 H: 25.12 dlogZ: 529.803 logZ: -609.358 +/- 0.158 logLmax: -58.56
08-04 13:11 nessai INFO    : it: 22000: Rolling KS test: D=0.019, p-value=0.4797
08-04 13:11 nessai INFO    : it: 22000: n eval: 171636 H: 25.90 dlogZ: 350.407 logZ: -413.114 +/- 0.161 logLmax: -40.71
08-04 13:11 nessai INFO    : it: 23000: Rolling KS test: D=0.026, p-value=0.2543
08-04 13:11 nessai INFO    : it: 23000: n eval: 203139 H: 26.53 dlogZ: 228.382 logZ: -284.860 +/- 0.163 logLmax: -33.48
08-04 13:11 nessai INFO    : it: 24000: Rolling KS test: D=0.033, p-value=0.1108
08-04 13:11 nessai INFO    : it: 24000: n eval: 229583 H: 27.12 dlogZ: 157.416 logZ: -203.055 +/- 0.165 logLmax: -21.64
08-04 13:11 nessai INFO    : it: 25000: Rolling KS test: D=0.036, p-value=0.07308
08-04 13:11 nessai INFO    : it: 25000: n eval: 266595 H: 27.68 dlogZ: 112.745 logZ: -155.048 +/- 0.166 logLmax: -17.30
08-04 13:11 nessai INFO    : it: 26000: Rolling KS test: D=0.028, p-value=0.2046
08-04 13:11 nessai INFO    : it: 26000: n eval: 306595 H: 28.27 dlogZ: 85.018 logZ: -122.641 +/- 0.168 logLmax: -11.62
08-04 13:11 nessai INFO    : it: 27000: Rolling KS test: D=0.037, p-value=0.06311
08-04 13:11 nessai INFO    : it: 27000: n eval: 344323 H: 28.80 dlogZ: 63.782 logZ: -98.726 +/- 0.170 logLmax: -7.94
08-04 13:11 nessai INFO    : it: 28000: Rolling KS test: D=0.019, p-value=0.4797
08-04 13:12 nessai INFO    : it: 28000: n eval: 383582 H: 29.59 dlogZ: 45.005 logZ: -80.948 +/- 0.172 logLmax: -7.94
08-04 13:12 nessai INFO    : it: 29000: Rolling KS test: D=0.041, p-value=0.03371
08-04 13:12 nessai INFO    : it: 29000: n eval: 418895 H: 30.23 dlogZ: 32.806 logZ: -68.744 +/- 0.174 logLmax: -6.94
08-04 13:12 nessai INFO    : it: 30000: Rolling KS test: D=0.033, p-value=0.1108
08-04 13:12 nessai INFO    : it: 30000: n eval: 454096 H: 30.86 dlogZ: 25.030 logZ: -60.450 +/- 0.176 logLmax: -5.42
08-04 13:12 nessai INFO    : it: 31000: Rolling KS test: D=0.016, p-value=0.593
08-04 13:12 nessai INFO    : it: 31000: n eval: 490873 H: 31.50 dlogZ: 19.162 logZ: -53.940 +/- 0.177 logLmax: -3.78
08-04 13:12 nessai INFO    : it: 32000: Rolling KS test: D=0.034, p-value=0.09683
08-04 13:12 nessai INFO    : it: 32000: n eval: 519516 H: 32.12 dlogZ: 13.718 logZ: -49.496 +/- 0.179 logLmax: -3.78
08-04 13:12 nessai INFO    : it: 33000: Rolling KS test: D=0.007, p-value=0.9024
08-04 13:12 nessai INFO    : it: 33000: n eval: 556417 H: 32.71 dlogZ: 9.668 logZ: -46.446 +/- 0.181 logLmax: -3.78
08-04 13:12 nessai INFO    : it: 34000: Rolling KS test: D=0.015, p-value=0.6313
08-04 13:12 nessai INFO    : it: 34000: n eval: 592131 H: 33.24 dlogZ: 7.289 logZ: -44.339 +/- 0.182 logLmax: -3.05
08-04 13:12 nessai INFO    : it: 35000: Rolling KS test: D=0.029, p-value=0.1825
08-04 13:12 nessai INFO    : it: 35000: n eval: 630225 H: 33.72 dlogZ: 5.275 logZ: -42.942 +/- 0.184 logLmax: -2.67
08-04 13:13 nessai INFO    : it: 36000: Rolling KS test: D=0.005, p-value=0.9481
08-04 13:13 nessai INFO    : it: 36000: n eval: 678851 H: 34.16 dlogZ: 3.419 logZ: -42.007 +/- 0.185 logLmax: -2.62
08-04 13:13 nessai INFO    : it: 37000: Rolling KS test: D=0.01, p-value=0.8133
08-04 13:13 nessai INFO    : it: 37000: n eval: 718333 H: 34.52 dlogZ: 2.028 logZ: -41.413 +/- 0.186 logLmax: -2.53
08-04 13:13 nessai INFO    : it: 38000: Rolling KS test: D=0.022, p-value=0.3744
08-04 13:13 nessai INFO    : it: 38000: n eval: 768333 H: 34.79 dlogZ: 1.224 logZ: -41.064 +/- 0.187 logLmax: -2.19
08-04 13:13 nessai INFO    : it: 39000: Rolling KS test: D=0.03, p-value=0.162
08-04 13:13 nessai INFO    : it: 39000: n eval: 818333 H: 34.97 dlogZ: 0.547 logZ: -40.872 +/- 0.187 logLmax: -2.19
08-04 13:13 nessai INFO    : it: 40000: Rolling KS test: D=0.019, p-value=0.4797
08-04 13:13 nessai INFO    : it: 40000: n eval: 857339 H: 35.09 dlogZ: 0.266 logZ: -40.769 +/- 0.187 logLmax: -1.96
08-04 13:13 nessai INFO    : it: 41000: Rolling KS test: D=0.03, p-value=0.162
08-04 13:13 nessai INFO    : it: 41000: n eval: 907339 H: 35.16 dlogZ: 0.101 logZ: -40.716 +/- 0.188 logLmax: -1.96
08-04 13:13 nessai INFO    : Stopping with difference_log_evidence=0.100
08-04 13:13 nessai INFO    : Finalising
08-04 13:13 nessai INFO    : Final ln-evidence: -40.671 +/- 0.188
08-04 13:13 nessai INFO    : Information: 35.24
08-04 13:13 nessai INFO    : Final KS test: D=0.006961, p-value=0.0187
08-04 13:13 nessai WARNING : Final p-value for the insertion indices is less than 0.05, this could be an indication of problems during sampling. Consider checking the diagnostic plots.
08-04 13:13 nessai INFO    : Checkpointing nested sampling
08-04 13:13 nessai INFO    : Total sampling time: 0:03:54.134279
08-04 13:13 nessai INFO    : Total training time: 0:01:16.189754
08-04 13:13 nessai INFO    : Total population time: 0:01:07.378608
08-04 13:13 nessai INFO    : Total likelihood evaluations: 907339
08-04 13:13 nessai INFO    : Time spent evaluating likelihood: 0:00:35.824038
08-04 13:13 nessai INFO    : Total sampling time: 0:03:54.134279
08-04 13:13 nessai INFO    : Total likelihood evaluations: 907339
08-04 13:13 nessai INFO    : Starting post processing
08-04 13:13 nessai INFO    : Computing posterior samples
08-04 13:13 nessai INFO    : Effective sample size: 6597.5
08-04 13:13 nessai INFO    : Producing posterior samples using rejection sampling
08-04 13:13 nessai INFO    : Expect 4523.0599354052165 samples from rejection sampling
08-04 13:13 nessai INFO    : Returned 4481 posterior samples
08-04 13:13 nessai INFO    : Starting to close worker pool.
08-04 13:13 nessai INFO    : Finished closing worker pool.
