/data/wiay/postgrads/shashwat/qunat_com_future/lib/python3.11/site-packages/nessai/utils/logging.py:133: FutureWarning: setup_logger is deprecated, use configure_logger instead
  warnings.warn(
08-04 14:35 nessai INFO    : Running Nessai version 0.15.2
08-04 14:35 nessai INFO    : Starting multiprocessing pool with 4 processes
08-04 14:35 nessai INFO    : Initialising nested sampler
08-04 14:35 nessai WARNING : Multiprocessing pool has already been configured.
/data/wiay/postgrads/shashwat/qunat_com_future/lib/python3.11/site-packages/nessai/gw/__init__.py:12: FutureWarning: The `nessai.gw` module will be deprecated in the next release in favour of the nessai-gw package. This packages provides the same functionality as`nessai.gw` via the plugin interface.For more details, see: https://github.com/mj-will/nessai-gw
  warnings.warn(
08-04 14:35 nessai INFO    : Passing kwargs to FlowProposal: {'poolsize': 1000}
08-04 14:35 nessai INFO    : No reparameterisations provided, using default reparameterisations included in FlowProposal
08-04 14:35 nessai INFO    : Adding reparameterisations from: {}
08-04 14:35 nessai INFO    : Assuming fallback reparameterisation (ScaleAndShift) for ['kappa', 'mu_xi', 'sigma_chi', 'sigma_xi', 'rho', 'lambda_chi', 'chi0', 'xi0'] with kwargs: {'estimate_scale': True, 'estimate_shift': True, 'prior_bounds': {'kappa': array([0.1, 5. ]), 'mu_xi': array([0. , 0.1]), 'sigma_chi': array([0.05, 0.6 ]), 'sigma_xi': array([0.05, 0.4 ]), 'rho': array([-0.9,  0.9]), 'lambda_chi': array([-0.5,  0.5]), 'chi0': array([-0.5,  0.5]), 'xi0': array([2.5, 5. ])}}.
08-04 14:35 nessai INFO    : x space parameters: ['kappa', 'mu_xi', 'sigma_chi', 'sigma_xi', 'rho', 'lambda_chi', 'chi0', 'xi0']
08-04 14:35 nessai INFO    : x prime space parameters: ['kappa_prime', 'mu_xi_prime', 'sigma_chi_prime', 'sigma_xi_prime', 'rho_prime', 'lambda_chi_prime', 'chi0_prime', 'xi0_prime']
08-04 14:35 nessai INFO    : Overwriting fuzz factor with expansion fraction
08-04 14:35 nessai INFO    : New fuzz factor: 1.2228445449938519
08-04 14:35 nessai INFO    : Verifying rescaling functions
08-04 14:35 nessai INFO    : Rescaling functions are invertible
08-04 14:35 nessai INFO    : Populating initial live points
08-04 14:35 nessai INFO    : Populated 100 / 1000 live points
08-04 14:35 nessai INFO    : Populated 200 / 1000 live points
08-04 14:35 nessai INFO    : Populated 300 / 1000 live points
08-04 14:35 nessai INFO    : Populated 400 / 1000 live points
08-04 14:35 nessai INFO    : Populated 500 / 1000 live points
08-04 14:35 nessai INFO    : Populated 600 / 1000 live points
08-04 14:35 nessai INFO    : Populated 700 / 1000 live points
08-04 14:35 nessai INFO    : Populated 800 / 1000 live points
08-04 14:35 nessai INFO    : Populated 900 / 1000 live points
08-04 14:35 nessai INFO    : Populated 1000 / 1000 live points
08-04 14:35 nessai INFO    : Starting nested sampling loop
08-04 14:35 nessai INFO    : it:  1000: Rolling KS test: D=0.01, p-value=0.8133
08-04 14:35 nessai INFO    : it:  1000: n eval: 3000 H: 7.91 dlogZ: 7508706.446 logZ: -7508763.270 +/- 0.089 logLmax: -55.82
08-04 14:35 nessai INFO    : it:  2000: Rolling KS test: D=0.009, p-value=0.8454
08-04 14:35 nessai INFO    : it:  2000: n eval: 8000 H: 8.91 dlogZ: 583727.308 logZ: -583785.131 +/- 0.094 logLmax: -55.82
08-04 14:35 nessai INFO    : Switching to FlowProposal
08-04 14:35 nessai INFO    : it:  3000: Rolling KS test: D=0.002, p-value=0.9907
08-04 14:35 nessai INFO    : it:  3000: n eval: 11968 H: 9.91 dlogZ: 159254.963 logZ: -159313.787 +/- 0.100 logLmax: -55.82
08-04 14:35 nessai INFO    : it:  4000: Rolling KS test: D=0.01, p-value=0.8133
08-04 14:35 nessai INFO    : it:  4000: n eval: 13616 H: 10.91 dlogZ: 55085.056 logZ: -55144.880 +/- 0.104 logLmax: -55.82
08-04 14:35 nessai INFO    : it:  5000: Rolling KS test: D=0.004, p-value=0.9659
08-04 14:35 nessai INFO    : it:  5000: n eval: 17074 H: 11.83 dlogZ: 21467.711 logZ: -21516.775 +/- 0.109 logLmax: -44.07
08-04 14:35 nessai INFO    : it:  6000: Rolling KS test: D=0.025, p-value=0.2818
08-04 14:35 nessai INFO    : it:  6000: n eval: 20837 H: 12.91 dlogZ: 9432.906 logZ: -9482.971 +/- 0.114 logLmax: -44.07
08-04 14:35 nessai INFO    : it:  7000: Rolling KS test: D=0.026, p-value=0.2543
08-04 14:35 nessai INFO    : it:  7000: n eval: 24746 H: 12.88 dlogZ: 4632.352 logZ: -4683.417 +/- 0.114 logLmax: -44.07
08-04 14:35 nessai INFO    : it:  8000: Rolling KS test: D=0.024, p-value=0.311
08-04 14:35 nessai INFO    : it:  8000: n eval: 29274 H: 14.16 dlogZ: 2311.489 logZ: -2361.593 +/- 0.119 logLmax: -42.11
08-04 14:35 nessai INFO    : it:  9000: Rolling KS test: D=0.022, p-value=0.3744
08-04 14:35 nessai INFO    : it:  9000: n eval: 34879 H: 14.59 dlogZ: 1222.776 logZ: -1248.995 +/- 0.121 logLmax: -17.22
08-04 14:35 nessai INFO    : it: 10000: Rolling KS test: D=0.013, p-value=0.7071
08-04 14:36 nessai INFO    : it: 10000: n eval: 40296 H: 15.74 dlogZ: 613.824 logZ: -641.043 +/- 0.125 logLmax: -17.22
08-04 14:36 nessai INFO    : it: 11000: Rolling KS test: D=0.018, p-value=0.5169
08-04 14:36 nessai INFO    : it: 11000: n eval: 45203 H: 15.72 dlogZ: 324.237 logZ: -340.605 +/- 0.125 logLmax: -5.37
08-04 14:36 nessai INFO    : it: 12000: Rolling KS test: D=0.026, p-value=0.2543
08-04 14:36 nessai INFO    : it: 12000: n eval: 54042 H: 15.49 dlogZ: 165.880 logZ: -183.247 +/- 0.124 logLmax: -5.37
08-04 14:36 nessai INFO    : it: 13000: Rolling KS test: D=0.026, p-value=0.2543
08-04 14:36 nessai INFO    : it: 13000: n eval: 60472 H: 15.87 dlogZ: 88.145 logZ: -105.570 +/- 0.126 logLmax: -4.43
08-04 14:36 nessai INFO    : it: 14000: Rolling KS test: D=0.025, p-value=0.2818
08-04 14:36 nessai INFO    : it: 14000: n eval: 71394 H: 16.22 dlogZ: 47.166 logZ: -65.591 +/- 0.127 logLmax: -4.43
08-04 14:36 nessai INFO    : it: 15000: Rolling KS test: D=0.044, p-value=0.0202
08-04 14:36 nessai INFO    : it: 15000: n eval: 85046 H: 16.62 dlogZ: 27.014 logZ: -44.829 +/- 0.129 logLmax: -2.82
08-04 14:36 nessai INFO    : it: 16000: Rolling KS test: D=0.01, p-value=0.8133
08-04 14:36 nessai INFO    : it: 16000: n eval: 94351 H: 16.93 dlogZ: 15.527 logZ: -34.342 +/- 0.130 logLmax: -2.82
08-04 14:36 nessai INFO    : it: 17000: Rolling KS test: D=0.035, p-value=0.08429
08-04 14:36 nessai INFO    : it: 17000: n eval: 110913 H: 17.30 dlogZ: 9.158 logZ: -28.835 +/- 0.132 logLmax: -2.68
08-04 14:36 nessai INFO    : it: 18000: Rolling KS test: D=0.033, p-value=0.1108
08-04 14:36 nessai INFO    : it: 18000: n eval: 138628 H: 17.48 dlogZ: 6.103 logZ: -26.163 +/- 0.132 logLmax: -2.06
08-04 14:36 nessai INFO    : it: 19000: Rolling KS test: D=0.015, p-value=0.6313
08-04 14:36 nessai INFO    : it: 19000: n eval: 173783 H: 17.79 dlogZ: 4.123 logZ: -24.721 +/- 0.133 logLmax: -1.62
08-04 14:36 nessai INFO    : it: 20000: Rolling KS test: D=0.023, p-value=0.3419
08-04 14:36 nessai INFO    : it: 20000: n eval: 209171 H: 18.06 dlogZ: 2.561 logZ: -23.908 +/- 0.134 logLmax: -1.43
08-04 14:36 nessai INFO    : it: 21000: Rolling KS test: D=0.011, p-value=0.7794
08-04 14:36 nessai INFO    : it: 21000: n eval: 249171 H: 18.27 dlogZ: 1.344 logZ: -23.469 +/- 0.135 logLmax: -1.43
08-04 14:36 nessai INFO    : it: 22000: Rolling KS test: D=0.029, p-value=0.1825
08-04 14:36 nessai INFO    : it: 22000: n eval: 319171 H: 18.42 dlogZ: 0.606 logZ: -23.244 +/- 0.136 logLmax: -1.43
08-04 14:37 nessai INFO    : it: 23000: Rolling KS test: D=0.022, p-value=0.3744
08-04 14:37 nessai INFO    : it: 23000: n eval: 419171 H: 18.51 dlogZ: 0.376 logZ: -23.130 +/- 0.136 logLmax: -0.91
08-04 14:37 nessai INFO    : it: 24000: Rolling KS test: D=0.02, p-value=0.4434
08-04 14:37 nessai INFO    : it: 24000: n eval: 529171 H: 18.57 dlogZ: 0.147 logZ: -23.074 +/- 0.136 logLmax: -0.91
08-04 14:37 nessai INFO    : Stopping with difference_log_evidence=0.100
08-04 14:37 nessai INFO    : Finalising
08-04 14:37 nessai INFO    : Final ln-evidence: -23.024 +/- 0.137
08-04 14:37 nessai INFO    : Information: 18.64
08-04 14:37 nessai INFO    : Final KS test: D=0.003467, p-value=0.5549
08-04 14:37 nessai INFO    : Checkpointing nested sampling
08-04 14:37 nessai INFO    : Total sampling time: 0:01:51.290330
08-04 14:37 nessai INFO    : Total training time: 0:00:31.714269
08-04 14:37 nessai INFO    : Total population time: 0:00:43.217062
08-04 14:37 nessai INFO    : Total likelihood evaluations: 579171
08-04 14:37 nessai INFO    : Time spent evaluating likelihood: 0:00:11.634183
08-04 14:37 nessai INFO    : Total sampling time: 0:01:51.290330
08-04 14:37 nessai INFO    : Total likelihood evaluations: 579171
08-04 14:37 nessai INFO    : Starting post processing
08-04 14:37 nessai INFO    : Computing posterior samples
08-04 14:37 nessai INFO    : Effective sample size: 5937.6
08-04 14:37 nessai INFO    : Producing posterior samples using rejection sampling
08-04 14:37 nessai INFO    : Expect 4053.065743641921 samples from rejection sampling
08-04 14:37 nessai INFO    : Returned 4119 posterior samples
08-04 14:37 nessai INFO    : Starting to close worker pool.
08-04 14:37 nessai INFO    : Finished closing worker pool.
