/data/wiay/postgrads/shashwat/qunat_com_future/lib/python3.11/site-packages/nessai/utils/logging.py:133: FutureWarning: setup_logger is deprecated, use configure_logger instead
  warnings.warn(
08-04 11:00 nessai INFO    : Running Nessai version 0.15.2
08-04 11:00 nessai INFO    : Starting multiprocessing pool with 4 processes
08-04 11:00 nessai INFO    : Initialising nested sampler
08-04 11:00 nessai WARNING : Multiprocessing pool has already been configured.
/data/wiay/postgrads/shashwat/qunat_com_future/lib/python3.11/site-packages/nessai/gw/__init__.py:12: FutureWarning: The `nessai.gw` module will be deprecated in the next release in favour of the nessai-gw package. This packages provides the same functionality as`nessai.gw` via the plugin interface.For more details, see: https://github.com/mj-will/nessai-gw
  warnings.warn(
08-04 11:00 nessai INFO    : Passing kwargs to FlowProposal: {'poolsize': 1000}
08-04 11:00 nessai INFO    : No reparameterisations provided, using default reparameterisations included in FlowProposal
08-04 11:00 nessai INFO    : Adding reparameterisations from: {}
08-04 11:00 nessai INFO    : Assuming fallback reparameterisation (ScaleAndShift) for ['kappa', 'mu_xi', 'sigma_chi', 'sigma_xi', 'rho', 'lambda_chi', 'chi0', 'xi0'] with kwargs: {'estimate_scale': True, 'estimate_shift': True, 'prior_bounds': {'kappa': array([0.1, 5. ]), 'mu_xi': array([0. , 0.1]), 'sigma_chi': array([0.05, 0.6 ]), 'sigma_xi': array([0.05, 0.4 ]), 'rho': array([-0.9,  0.9]), 'lambda_chi': array([-0.5,  0.5]), 'chi0': array([-0.5,  0.5]), 'xi0': array([2.5, 5. ])}}.
08-04 11:00 nessai INFO    : x space parameters: ['kappa', 'mu_xi', 'sigma_chi', 'sigma_xi', 'rho', 'lambda_chi', 'chi0', 'xi0']
08-04 11:00 nessai INFO    : x prime space parameters: ['kappa_prime', 'mu_xi_prime', 'sigma_chi_prime', 'sigma_xi_prime', 'rho_prime', 'lambda_chi_prime', 'chi0_prime', 'xi0_prime']
08-04 11:00 nessai INFO    : Overwriting fuzz factor with expansion fraction
08-04 11:00 nessai INFO    : New fuzz factor: 1.2228445449938519
08-04 11:00 nessai INFO    : Verifying rescaling functions
08-04 11:00 nessai INFO    : Rescaling functions are invertible
08-04 11:00 nessai INFO    : Populating initial live points
08-04 11:00 nessai INFO    : Populated 100 / 1000 live points
08-04 11:00 nessai INFO    : Populated 200 / 1000 live points
08-04 11:00 nessai INFO    : Populated 300 / 1000 live points
08-04 11:00 nessai INFO    : Populated 400 / 1000 live points
08-04 11:00 nessai INFO    : Populated 500 / 1000 live points
08-04 11:00 nessai INFO    : Populated 600 / 1000 live points
08-04 11:00 nessai INFO    : Populated 700 / 1000 live points
08-04 11:00 nessai INFO    : Populated 800 / 1000 live points
08-04 11:00 nessai INFO    : Populated 900 / 1000 live points
08-04 11:00 nessai INFO    : Populated 1000 / 1000 live points
08-04 11:00 nessai INFO    : Starting nested sampling loop
08-04 11:00 nessai INFO    : it:  1000: Rolling KS test: D=0.024, p-value=0.311
08-04 11:00 nessai INFO    : it:  1000: n eval: 3000 H: 7.91 dlogZ: 5126468.187 logZ: -5127831.965 +/- 0.089 logLmax: -1362.78
08-04 11:00 nessai INFO    : it:  2000: Rolling KS test: D=0.015, p-value=0.6313
08-04 11:00 nessai INFO    : it:  2000: n eval: 8000 H: 8.91 dlogZ: 467557.570 logZ: -468922.349 +/- 0.094 logLmax: -1362.78
08-04 11:00 nessai INFO    : Switching to FlowProposal
08-04 11:00 nessai INFO    : it:  3000: Rolling KS test: D=0.031, p-value=0.1433
08-04 11:00 nessai INFO    : it:  3000: n eval: 11968 H: 9.91 dlogZ: 148680.638 logZ: -150046.417 +/- 0.100 logLmax: -1362.78
08-04 11:00 nessai INFO    : it:  4000: Rolling KS test: D=0.01, p-value=0.8133
08-04 11:00 nessai INFO    : it:  4000: n eval: 15766 H: 10.91 dlogZ: 61780.066 logZ: -62615.694 +/- 0.104 logLmax: -831.63
08-04 11:00 nessai INFO    : it:  5000: Rolling KS test: D=0.022, p-value=0.3744
08-04 11:00 nessai INFO    : it:  5000: n eval: 20034 H: 11.91 dlogZ: 27471.981 logZ: -27768.535 +/- 0.109 logLmax: -291.55
08-04 11:00 nessai INFO    : it:  6000: Rolling KS test: D=0.029, p-value=0.1825
08-04 11:00 nessai INFO    : it:  6000: n eval: 24725 H: 12.79 dlogZ: 13779.926 logZ: -14077.480 +/- 0.113 logLmax: -291.55
08-04 11:00 nessai INFO    : it:  7000: Rolling KS test: D=0.035, p-value=0.08429
08-04 11:00 nessai INFO    : it:  7000: n eval: 29645 H: 13.91 dlogZ: 6941.267 logZ: -7239.821 +/- 0.118 logLmax: -291.55
08-04 11:01 nessai INFO    : it:  8000: Rolling KS test: D=0.022, p-value=0.3744
08-04 11:01 nessai INFO    : it:  8000: n eval: 33933 H: 14.49 dlogZ: 3810.967 logZ: -4051.015 +/- 0.120 logLmax: -232.05
08-04 11:01 nessai INFO    : it:  9000: Rolling KS test: D=0.007, p-value=0.9024
08-04 11:01 nessai INFO    : it:  9000: n eval: 39558 H: 14.32 dlogZ: 2303.663 logZ: -2454.831 +/- 0.120 logLmax: -142.17
08-04 11:01 nessai INFO    : it: 10000: Rolling KS test: D=0.02, p-value=0.4434
08-04 11:01 nessai INFO    : it: 10000: n eval: 48857 H: 15.48 dlogZ: 1480.734 logZ: -1552.915 +/- 0.124 logLmax: -62.18
08-04 11:01 nessai INFO    : it: 11000: Rolling KS test: D=0.018, p-value=0.5169
08-04 11:01 nessai INFO    : it: 11000: n eval: 55713 H: 15.62 dlogZ: 1012.509 logZ: -1056.405 +/- 0.125 logLmax: -32.90
08-04 11:01 nessai INFO    : it: 12000: Rolling KS test: D=0.008, p-value=0.8752
08-04 11:01 nessai INFO    : it: 12000: n eval: 62265 H: 16.95 dlogZ: 671.535 logZ: -694.664 +/- 0.130 logLmax: -11.13
08-04 11:01 nessai INFO    : it: 13000: Rolling KS test: D=0.025, p-value=0.2818
08-04 11:01 nessai INFO    : it: 13000: n eval: 74045 H: 17.30 dlogZ: 416.925 logZ: -441.053 +/- 0.132 logLmax: -11.13
08-04 11:01 nessai INFO    : it: 14000: Rolling KS test: D=0.029, p-value=0.1825
08-04 11:01 nessai INFO    : it: 14000: n eval: 82078 H: 17.80 dlogZ: 251.996 logZ: -274.299 +/- 0.133 logLmax: -8.30
08-04 11:01 nessai INFO    : it: 15000: Rolling KS test: D=0.015, p-value=0.6313
08-04 11:01 nessai INFO    : it: 15000: n eval: 94051 H: 18.48 dlogZ: 152.709 logZ: -176.012 +/- 0.136 logLmax: -8.30
08-04 11:01 nessai INFO    : it: 16000: Rolling KS test: D=0.024, p-value=0.311
08-04 11:01 nessai INFO    : it: 16000: n eval: 102405 H: 18.70 dlogZ: 92.128 logZ: -116.431 +/- 0.137 logLmax: -8.30
08-04 11:01 nessai INFO    : it: 17000: Rolling KS test: D=0.01, p-value=0.8133
08-04 11:01 nessai INFO    : it: 17000: n eval: 117833 H: 19.20 dlogZ: 57.238 logZ: -80.459 +/- 0.139 logLmax: -6.22
08-04 11:01 nessai INFO    : it: 18000: Rolling KS test: D=0.033, p-value=0.1108
08-04 11:01 nessai INFO    : it: 18000: n eval: 137654 H: 19.82 dlogZ: 36.475 logZ: -59.168 +/- 0.141 logLmax: -4.69
08-04 11:01 nessai INFO    : it: 19000: Rolling KS test: D=0.028, p-value=0.2046
08-04 11:01 nessai INFO    : it: 19000: n eval: 163010 H: 20.30 dlogZ: 22.735 logZ: -45.561 +/- 0.142 logLmax: -3.83
08-04 11:01 nessai INFO    : it: 20000: Rolling KS test: D=0.009, p-value=0.8454
08-04 11:01 nessai INFO    : it: 20000: n eval: 188342 H: 20.64 dlogZ: 14.056 logZ: -37.882 +/- 0.144 logLmax: -3.83
08-04 11:01 nessai INFO    : it: 21000: Rolling KS test: D=0.009, p-value=0.8454
08-04 11:01 nessai INFO    : it: 21000: n eval: 236104 H: 21.07 dlogZ: 8.927 logZ: -33.602 +/- 0.145 logLmax: -3.68
08-04 11:01 nessai INFO    : it: 22000: Rolling KS test: D=0.019, p-value=0.4797
08-04 11:01 nessai INFO    : it: 22000: n eval: 276042 H: 21.42 dlogZ: 5.755 logZ: -31.096 +/- 0.146 logLmax: -3.35
08-04 11:02 nessai INFO    : it: 23000: Rolling KS test: D=0.012, p-value=0.7438
08-04 11:02 nessai INFO    : it: 23000: n eval: 336042 H: 21.79 dlogZ: 3.550 logZ: -29.632 +/- 0.148 logLmax: -3.11
08-04 11:02 nessai INFO    : it: 24000: Rolling KS test: D=0.006, p-value=0.9268
08-04 11:02 nessai INFO    : it: 24000: n eval: 396042 H: 22.04 dlogZ: 1.893 logZ: -28.842 +/- 0.148 logLmax: -3.11
08-04 11:02 nessai INFO    : it: 25000: Rolling KS test: D=0.036, p-value=0.07308
08-04 11:02 nessai INFO    : it: 25000: n eval: 476042 H: 22.23 dlogZ: 0.927 logZ: -28.427 +/- 0.149 logLmax: -3.01
08-04 11:02 nessai INFO    : it: 26000: Rolling KS test: D=0.026, p-value=0.2543
08-04 11:02 nessai INFO    : it: 26000: n eval: 566042 H: 22.35 dlogZ: 0.432 logZ: -28.220 +/- 0.150 logLmax: -2.84
08-04 11:02 nessai INFO    : it: 27000: Rolling KS test: D=0.02, p-value=0.4434
08-04 11:02 nessai INFO    : it: 27000: n eval: 726042 H: 22.43 dlogZ: 0.171 logZ: -28.120 +/- 0.150 logLmax: -2.80
08-04 11:03 nessai INFO    : Stopping with difference_log_evidence=0.100
08-04 11:03 nessai INFO    : Finalising
08-04 11:03 nessai INFO    : Final ln-evidence: -28.040 +/- 0.150
08-04 11:03 nessai INFO    : Information: 22.51
08-04 11:03 nessai INFO    : Final KS test: D=0.007361, p-value=0.0496
08-04 11:03 nessai WARNING : Final p-value for the insertion indices is less than 0.05, this could be an indication of problems during sampling. Consider checking the diagnostic plots.
08-04 11:03 nessai INFO    : Checkpointing nested sampling
08-04 11:03 nessai INFO    : Total sampling time: 0:02:32.333386
08-04 11:03 nessai INFO    : Total training time: 0:00:52.792726
08-04 11:03 nessai INFO    : Total population time: 0:00:50.253499
08-04 11:03 nessai INFO    : Total likelihood evaluations: 866042
08-04 11:03 nessai INFO    : Time spent evaluating likelihood: 0:00:16.804760
08-04 11:03 nessai INFO    : Total sampling time: 0:02:32.333386
08-04 11:03 nessai INFO    : Total likelihood evaluations: 866042
08-04 11:03 nessai INFO    : Starting post processing
08-04 11:03 nessai INFO    : Computing posterior samples
08-04 11:03 nessai INFO    : Effective sample size: 5609.2
08-04 11:03 nessai INFO    : Producing posterior samples using rejection sampling
08-04 11:03 nessai INFO    : Expect 3850.5558500375764 samples from rejection sampling
08-04 11:03 nessai INFO    : Returned 3850 posterior samples
08-04 11:03 nessai INFO    : Starting to close worker pool.
08-04 11:03 nessai INFO    : Finished closing worker pool.
