/data/wiay/postgrads/shashwat/qunat_com_future/lib/python3.11/site-packages/nessai/utils/logging.py:133: FutureWarning: setup_logger is deprecated, use configure_logger instead
  warnings.warn(
08-04 15:42 nessai INFO    : Running Nessai version 0.15.2
08-04 15:42 nessai INFO    : Starting multiprocessing pool with 4 processes
08-04 15:42 nessai INFO    : Initialising nested sampler
08-04 15:42 nessai WARNING : Multiprocessing pool has already been configured.
/data/wiay/postgrads/shashwat/qunat_com_future/lib/python3.11/site-packages/nessai/gw/__init__.py:12: FutureWarning: The `nessai.gw` module will be deprecated in the next release in favour of the nessai-gw package. This packages provides the same functionality as`nessai.gw` via the plugin interface.For more details, see: https://github.com/mj-will/nessai-gw
  warnings.warn(
08-04 15:42 nessai INFO    : Passing kwargs to FlowProposal: {'poolsize': 1000}
08-04 15:42 nessai INFO    : No reparameterisations provided, using default reparameterisations included in FlowProposal
08-04 15:42 nessai INFO    : Adding reparameterisations from: {}
08-04 15:42 nessai INFO    : Assuming fallback reparameterisation (ScaleAndShift) for ['kappa', 'mu_xi', 'sigma_chi', 'sigma_xi', 'rho', 'lambda_chi', 'chi0', 'xi0'] with kwargs: {'estimate_scale': True, 'estimate_shift': True, 'prior_bounds': {'kappa': array([0.1, 5. ]), 'mu_xi': array([0. , 0.1]), 'sigma_chi': array([0.05, 0.6 ]), 'sigma_xi': array([0.05, 0.4 ]), 'rho': array([-0.9,  0.9]), 'lambda_chi': array([-0.5,  0.5]), 'chi0': array([-0.5,  0.5]), 'xi0': array([2.5, 5. ])}}.
08-04 15:42 nessai INFO    : x space parameters: ['kappa', 'mu_xi', 'sigma_chi', 'sigma_xi', 'rho', 'lambda_chi', 'chi0', 'xi0']
08-04 15:42 nessai INFO    : x prime space parameters: ['kappa_prime', 'mu_xi_prime', 'sigma_chi_prime', 'sigma_xi_prime', 'rho_prime', 'lambda_chi_prime', 'chi0_prime', 'xi0_prime']
08-04 15:42 nessai INFO    : Overwriting fuzz factor with expansion fraction
08-04 15:42 nessai INFO    : New fuzz factor: 1.2228445449938519
08-04 15:42 nessai INFO    : Verifying rescaling functions
08-04 15:42 nessai INFO    : Rescaling functions are invertible
08-04 15:42 nessai INFO    : Populating initial live points
08-04 15:42 nessai INFO    : Populated 100 / 1000 live points
08-04 15:42 nessai INFO    : Populated 200 / 1000 live points
08-04 15:42 nessai INFO    : Populated 300 / 1000 live points
08-04 15:42 nessai INFO    : Populated 400 / 1000 live points
08-04 15:42 nessai INFO    : Populated 500 / 1000 live points
08-04 15:42 nessai INFO    : Populated 600 / 1000 live points
08-04 15:42 nessai INFO    : Populated 700 / 1000 live points
08-04 15:42 nessai INFO    : Populated 800 / 1000 live points
08-04 15:42 nessai INFO    : Populated 900 / 1000 live points
08-04 15:42 nessai INFO    : Populated 1000 / 1000 live points
08-04 15:42 nessai INFO    : Starting nested sampling loop
08-04 15:42 nessai INFO    : it:  1000: Rolling KS test: D=0.019, p-value=0.4797
08-04 15:42 nessai INFO    : it:  1000: n eval: 3000 H: 7.91 dlogZ: 4716144.378 logZ: -4718315.709 +/- 0.089 logLmax: -2170.33
08-04 15:42 nessai INFO    : it:  2000: Rolling KS test: D=0.028, p-value=0.2046
08-04 15:42 nessai INFO    : it:  2000: n eval: 8000 H: 8.91 dlogZ: 460532.085 logZ: -462704.416 +/- 0.094 logLmax: -2170.33
08-04 15:42 nessai INFO    : Switching to FlowProposal
08-04 15:42 nessai INFO    : it:  3000: Rolling KS test: D=0.023, p-value=0.3419
08-04 15:42 nessai INFO    : it:  3000: n eval: 12112 H: 9.91 dlogZ: 154845.373 logZ: -155341.115 +/- 0.100 logLmax: -492.74
08-04 15:42 nessai INFO    : it:  4000: Rolling KS test: D=0.024, p-value=0.311
08-04 15:42 nessai INFO    : it:  4000: n eval: 15904 H: 10.91 dlogZ: 63119.867 logZ: -63432.989 +/- 0.104 logLmax: -309.12
08-04 15:42 nessai INFO    : it:  5000: Rolling KS test: D=0.034, p-value=0.09683
08-04 15:42 nessai INFO    : it:  5000: n eval: 18212 H: 11.67 dlogZ: 28349.126 logZ: -28555.948 +/- 0.108 logLmax: -201.82
08-04 15:42 nessai INFO    : it:  6000: Rolling KS test: D=0.022, p-value=0.3744
08-04 15:42 nessai INFO    : it:  6000: n eval: 22065 H: 12.12 dlogZ: 13656.666 logZ: -13864.488 +/- 0.110 logLmax: -201.82
08-04 15:42 nessai INFO    : it:  7000: Rolling KS test: D=0.019, p-value=0.4797
08-04 15:43 nessai INFO    : it:  7000: n eval: 26581 H: 13.26 dlogZ: 6458.723 logZ: -6667.544 +/- 0.115 logLmax: -201.82
08-04 15:43 nessai INFO    : it:  8000: Rolling KS test: D=0.004, p-value=0.9659
08-04 15:43 nessai INFO    : it:  8000: n eval: 31310 H: 13.87 dlogZ: 3343.153 logZ: -3393.271 +/- 0.118 logLmax: -42.12
08-04 15:43 nessai INFO    : it:  9000: Rolling KS test: D=0.02, p-value=0.4434
08-04 15:43 nessai INFO    : it:  9000: n eval: 35754 H: 14.63 dlogZ: 1716.978 logZ: -1753.238 +/- 0.121 logLmax: -27.26
08-04 15:43 nessai INFO    : it: 10000: Rolling KS test: D=0.034, p-value=0.09683
08-04 15:43 nessai INFO    : it: 10000: n eval: 44306 H: 15.44 dlogZ: 890.803 logZ: -928.063 +/- 0.124 logLmax: -27.26
08-04 15:43 nessai INFO    : it: 11000: Rolling KS test: D=0.028, p-value=0.2046
08-04 15:43 nessai INFO    : it: 11000: n eval: 49520 H: 15.87 dlogZ: 483.025 logZ: -513.501 +/- 0.126 logLmax: -19.48
08-04 15:43 nessai INFO    : it: 12000: Rolling KS test: D=0.022, p-value=0.3744
08-04 15:43 nessai INFO    : it: 12000: n eval: 55074 H: 15.92 dlogZ: 263.999 logZ: -291.387 +/- 0.126 logLmax: -15.39
08-04 15:43 nessai INFO    : it: 13000: Rolling KS test: D=0.033, p-value=0.1108
08-04 15:43 nessai INFO    : it: 13000: n eval: 60755 H: 16.38 dlogZ: 153.503 logZ: -177.392 +/- 0.128 logLmax: -10.89
08-04 15:43 nessai INFO    : it: 14000: Rolling KS test: D=0.02, p-value=0.4434
08-04 15:43 nessai INFO    : it: 14000: n eval: 71469 H: 17.05 dlogZ: 91.798 logZ: -114.837 +/- 0.131 logLmax: -9.04
08-04 15:43 nessai INFO    : it: 15000: Rolling KS test: D=0.029, p-value=0.1825
08-04 15:43 nessai INFO    : it: 15000: n eval: 77170 H: 17.34 dlogZ: 56.348 logZ: -79.700 +/- 0.132 logLmax: -8.35
08-04 15:43 nessai INFO    : it: 16000: Rolling KS test: D=0.042, p-value=0.02854
08-04 15:43 nessai INFO    : it: 16000: n eval: 83941 H: 17.83 dlogZ: 34.038 logZ: -58.135 +/- 0.134 logLmax: -8.10
08-04 15:43 nessai INFO    : it: 17000: Rolling KS test: D=0.033, p-value=0.1108
08-04 15:43 nessai INFO    : it: 17000: n eval: 95911 H: 18.15 dlogZ: 21.687 logZ: -45.972 +/- 0.135 logLmax: -7.29
08-04 15:43 nessai INFO    : it: 18000: Rolling KS test: D=0.01, p-value=0.8133
08-04 15:43 nessai INFO    : it: 18000: n eval: 108557 H: 18.59 dlogZ: 14.139 logZ: -38.832 +/- 0.136 logLmax: -6.69
08-04 15:43 nessai INFO    : it: 19000: Rolling KS test: D=0.014, p-value=0.6695
08-04 15:43 nessai INFO    : it: 19000: n eval: 117866 H: 19.06 dlogZ: 9.560 logZ: -34.602 +/- 0.138 logLmax: -6.04
08-04 15:43 nessai INFO    : it: 20000: Rolling KS test: D=0.009, p-value=0.8454
08-04 15:43 nessai INFO    : it: 20000: n eval: 132675 H: 19.51 dlogZ: 6.343 logZ: -31.962 +/- 0.140 logLmax: -5.62
08-04 15:43 nessai INFO    : it: 21000: Rolling KS test: D=0.019, p-value=0.4797
08-04 15:43 nessai INFO    : it: 21000: n eval: 156137 H: 19.79 dlogZ: 4.204 logZ: -30.527 +/- 0.141 logLmax: -5.34
08-04 15:43 nessai INFO    : it: 22000: Rolling KS test: D=0.015, p-value=0.6313
08-04 15:43 nessai INFO    : it: 22000: n eval: 186048 H: 20.08 dlogZ: 2.904 logZ: -29.705 +/- 0.142 logLmax: -4.86
08-04 15:43 nessai INFO    : it: 23000: Rolling KS test: D=0.018, p-value=0.5169
08-04 15:43 nessai INFO    : it: 23000: n eval: 234097 H: 20.32 dlogZ: 1.603 logZ: -29.235 +/- 0.143 logLmax: -4.86
08-04 15:44 nessai INFO    : it: 24000: Rolling KS test: D=0.048, p-value=0.009645
08-04 15:44 nessai INFO    : it: 24000: n eval: 294097 H: 20.51 dlogZ: 1.075 logZ: -28.971 +/- 0.143 logLmax: -4.31
08-04 15:44 nessai INFO    : it: 25000: Rolling KS test: D=0.037, p-value=0.06311
08-04 15:44 nessai INFO    : it: 25000: n eval: 394097 H: 20.65 dlogZ: 0.628 logZ: -28.825 +/- 0.144 logLmax: -3.96
08-04 15:44 nessai INFO    : it: 26000: Rolling KS test: D=0.038, p-value=0.05428
08-04 15:44 nessai INFO    : it: 26000: n eval: 494097 H: 20.75 dlogZ: 0.415 logZ: -28.747 +/- 0.144 logLmax: -3.41
08-04 15:44 nessai INFO    : it: 27000: Rolling KS test: D=0.051, p-value=0.005312
08-04 15:44 nessai INFO    : it: 27000: n eval: 594097 H: 20.81 dlogZ: 0.264 logZ: -28.706 +/- 0.144 logLmax: -2.90
08-04 15:44 nessai INFO    : it: 28000: Rolling KS test: D=0.028, p-value=0.2046
08-04 15:44 nessai INFO    : it: 28000: n eval: 714097 H: 20.85 dlogZ: 0.103 logZ: -28.684 +/- 0.144 logLmax: -2.90
08-04 15:44 nessai INFO    : Stopping with difference_log_evidence=0.100
08-04 15:44 nessai INFO    : Finalising
08-04 15:44 nessai INFO    : Final ln-evidence: -28.662 +/- 0.145
08-04 15:44 nessai INFO    : Information: 20.90
08-04 15:44 nessai INFO    : Final KS test: D=0.01223, p-value=0.0002256
08-04 15:44 nessai WARNING : Final p-value for the insertion indices is less than 0.05, this could be an indication of problems during sampling. Consider checking the diagnostic plots.
08-04 15:44 nessai INFO    : Checkpointing nested sampling
08-04 15:44 nessai INFO    : Total sampling time: 0:02:09.606915
08-04 15:44 nessai INFO    : Total training time: 0:00:41.061863
08-04 15:44 nessai INFO    : Total population time: 0:00:44.371391
08-04 15:44 nessai INFO    : Total likelihood evaluations: 714097
08-04 15:44 nessai INFO    : Time spent evaluating likelihood: 0:00:13.401070
08-04 15:44 nessai INFO    : Total sampling time: 0:02:09.606915
08-04 15:44 nessai INFO    : Total likelihood evaluations: 714097
08-04 15:44 nessai INFO    : Starting post processing
08-04 15:44 nessai INFO    : Computing posterior samples
08-04 15:44 nessai INFO    : Effective sample size: 6653.2
08-04 15:44 nessai INFO    : Producing posterior samples using rejection sampling
08-04 15:44 nessai INFO    : Expect 4579.226375839124 samples from rejection sampling
08-04 15:44 nessai INFO    : Returned 4548 posterior samples
08-04 15:44 nessai INFO    : Starting to close worker pool.
08-04 15:44 nessai INFO    : Finished closing worker pool.
