/data/wiay/postgrads/shashwat/qunat_com_future/lib/python3.11/site-packages/nessai/utils/logging.py:133: FutureWarning: setup_logger is deprecated, use configure_logger instead
  warnings.warn(
08-04 14:30 nessai INFO    : Running Nessai version 0.15.2
08-04 14:30 nessai INFO    : Starting multiprocessing pool with 4 processes
08-04 14:30 nessai INFO    : Initialising nested sampler
08-04 14:30 nessai WARNING : Multiprocessing pool has already been configured.
/data/wiay/postgrads/shashwat/qunat_com_future/lib/python3.11/site-packages/nessai/gw/__init__.py:12: FutureWarning: The `nessai.gw` module will be deprecated in the next release in favour of the nessai-gw package. This packages provides the same functionality as`nessai.gw` via the plugin interface.For more details, see: https://github.com/mj-will/nessai-gw
  warnings.warn(
08-04 14:30 nessai INFO    : Passing kwargs to FlowProposal: {'poolsize': 1000}
08-04 14:30 nessai INFO    : No reparameterisations provided, using default reparameterisations included in FlowProposal
08-04 14:30 nessai INFO    : Adding reparameterisations from: {}
08-04 14:30 nessai INFO    : Assuming fallback reparameterisation (ScaleAndShift) for ['kappa', 'mu_xi', 'sigma_chi', 'sigma_xi', 'rho', 'lambda_chi', 'chi0', 'xi0'] with kwargs: {'estimate_scale': True, 'estimate_shift': True, 'prior_bounds': {'kappa': array([0.1, 5. ]), 'mu_xi': array([0. , 0.1]), 'sigma_chi': array([0.05, 0.6 ]), 'sigma_xi': array([0.05, 0.4 ]), 'rho': array([-0.9,  0.9]), 'lambda_chi': array([-0.5,  0.5]), 'chi0': array([-0.5,  0.5]), 'xi0': array([2.5, 5. ])}}.
08-04 14:30 nessai INFO    : x space parameters: ['kappa', 'mu_xi', 'sigma_chi', 'sigma_xi', 'rho', 'lambda_chi', 'chi0', 'xi0']
08-04 14:30 nessai INFO    : x prime space parameters: ['kappa_prime', 'mu_xi_prime', 'sigma_chi_prime', 'sigma_xi_prime', 'rho_prime', 'lambda_chi_prime', 'chi0_prime', 'xi0_prime']
08-04 14:30 nessai INFO    : Overwriting fuzz factor with expansion fraction
08-04 14:30 nessai INFO    : New fuzz factor: 1.2228445449938519
08-04 14:30 nessai INFO    : Verifying rescaling functions
08-04 14:30 nessai INFO    : Rescaling functions are invertible
08-04 14:30 nessai INFO    : Populating initial live points
08-04 14:30 nessai INFO    : Populated 100 / 1000 live points
08-04 14:30 nessai INFO    : Populated 200 / 1000 live points
08-04 14:30 nessai INFO    : Populated 300 / 1000 live points
08-04 14:30 nessai INFO    : Populated 400 / 1000 live points
08-04 14:30 nessai INFO    : Populated 500 / 1000 live points
08-04 14:30 nessai INFO    : Populated 600 / 1000 live points
08-04 14:30 nessai INFO    : Populated 700 / 1000 live points
08-04 14:30 nessai INFO    : Populated 800 / 1000 live points
08-04 14:30 nessai INFO    : Populated 900 / 1000 live points
08-04 14:30 nessai INFO    : Populated 1000 / 1000 live points
08-04 14:30 nessai INFO    : Starting nested sampling loop
08-04 14:30 nessai INFO    : it:  1000: Rolling KS test: D=0.022, p-value=0.3744
08-04 14:30 nessai INFO    : it:  1000: n eval: 3000 H: 7.91 dlogZ: 17668959.776 logZ: -17730663.734 +/- 0.089 logLmax: -61702.96
08-04 14:30 nessai INFO    : it:  2000: Rolling KS test: D=0.028, p-value=0.2046
08-04 14:30 nessai INFO    : it:  2000: n eval: 8000 H: 8.91 dlogZ: 5694032.032 logZ: -5712906.386 +/- 0.094 logLmax: -18872.35
08-04 14:30 nessai INFO    : Switching to FlowProposal
08-04 14:30 nessai INFO    : it:  3000: Rolling KS test: D=0.011, p-value=0.7794
08-04 14:30 nessai INFO    : it:  3000: n eval: 12120 H: 9.91 dlogZ: 2186366.792 logZ: -2199437.966 +/- 0.100 logLmax: -13068.17
08-04 14:30 nessai INFO    : it:  4000: Rolling KS test: D=0.001, p-value=0.9973
08-04 14:30 nessai INFO    : it:  4000: n eval: 16059 H: 10.91 dlogZ: 881935.491 logZ: -895007.664 +/- 0.104 logLmax: -13068.17
08-04 14:30 nessai INFO    : it:  5000: Rolling KS test: D=0.019, p-value=0.4797
08-04 14:30 nessai INFO    : it:  5000: n eval: 20551 H: 11.91 dlogZ: 410191.553 logZ: -415558.301 +/- 0.109 logLmax: -5361.75
08-04 14:30 nessai INFO    : it:  6000: Rolling KS test: D=0.033, p-value=0.1108
08-04 14:30 nessai INFO    : it:  6000: n eval: 25210 H: 12.91 dlogZ: 203758.580 logZ: -205673.852 +/- 0.114 logLmax: -1909.27
08-04 14:30 nessai INFO    : it:  7000: Rolling KS test: D=0.014, p-value=0.6695
08-04 14:30 nessai INFO    : it:  7000: n eval: 30030 H: 13.91 dlogZ: 104363.380 logZ: -106279.652 +/- 0.118 logLmax: -1909.27
08-04 14:30 nessai INFO    : it:  8000: Rolling KS test: D=0.019, p-value=0.4797
08-04 14:30 nessai INFO    : it:  8000: n eval: 35569 H: 14.91 dlogZ: 53210.001 logZ: -55127.274 +/- 0.122 logLmax: -1909.27
08-04 14:30 nessai INFO    : it:  9000: Rolling KS test: D=0.024, p-value=0.311
08-04 14:30 nessai INFO    : it:  9000: n eval: 40467 H: 15.91 dlogZ: 28007.401 logZ: -29647.745 +/- 0.126 logLmax: -1631.34
08-04 14:30 nessai INFO    : it: 10000: Rolling KS test: D=0.06, p-value=0.0007143
08-04 14:30 nessai INFO    : it: 10000: n eval: 45614 H: 16.90 dlogZ: 15234.726 logZ: -15927.434 +/- 0.130 logLmax: -682.71
08-04 14:30 nessai INFO    : it: 11000: Rolling KS test: D=0.019, p-value=0.4797
08-04 14:30 nessai INFO    : it: 11000: n eval: 55031 H: 17.61 dlogZ: 8622.117 logZ: -9242.746 +/- 0.133 logLmax: -609.63
08-04 14:30 nessai INFO    : it: 12000: Rolling KS test: D=0.041, p-value=0.03371
08-04 14:30 nessai INFO    : it: 12000: n eval: 68736 H: 17.65 dlogZ: 5296.380 logZ: -5392.709 +/- 0.133 logLmax: -84.33
08-04 14:30 nessai INFO    : it: 13000: Rolling KS test: D=0.009, p-value=0.8454
08-04 14:30 nessai INFO    : it: 13000: n eval: 80628 H: 18.25 dlogZ: 3232.773 logZ: -3283.873 +/- 0.135 logLmax: -38.10
08-04 14:30 nessai INFO    : it: 14000: Rolling KS test: D=0.001, p-value=0.9973
08-04 14:30 nessai INFO    : it: 14000: n eval: 91951 H: 19.71 dlogZ: 1971.897 logZ: -2023.996 +/- 0.140 logLmax: -38.10
08-04 14:30 nessai INFO    : it: 15000: Rolling KS test: D=0.041, p-value=0.03371
08-04 14:30 nessai INFO    : it: 15000: n eval: 98825 H: 20.71 dlogZ: 1199.394 logZ: -1252.494 +/- 0.144 logLmax: -38.10
08-04 14:30 nessai INFO    : it: 16000: Rolling KS test: D=0.017, p-value=0.5547
08-04 14:30 nessai INFO    : it: 16000: n eval: 112177 H: 21.28 dlogZ: 724.398 logZ: -757.287 +/- 0.146 logLmax: -16.89
08-04 14:30 nessai INFO    : it: 17000: Rolling KS test: D=0.006, p-value=0.9268
08-04 14:30 nessai INFO    : it: 17000: n eval: 125558 H: 21.15 dlogZ: 436.060 logZ: -469.949 +/- 0.145 logLmax: -16.89
08-04 14:30 nessai INFO    : it: 18000: Rolling KS test: D=0.01, p-value=0.8133
08-04 14:30 nessai INFO    : it: 18000: n eval: 139679 H: 22.00 dlogZ: 264.344 logZ: -293.308 +/- 0.148 logLmax: -10.97
08-04 14:30 nessai INFO    : it: 19000: Rolling KS test: D=0.042, p-value=0.02854
08-04 14:30 nessai INFO    : it: 19000: n eval: 150830 H: 22.46 dlogZ: 165.563 logZ: -190.221 +/- 0.150 logLmax: -5.66
08-04 14:30 nessai INFO    : it: 20000: Rolling KS test: D=0.015, p-value=0.6313
08-04 14:30 nessai INFO    : it: 20000: n eval: 166086 H: 22.58 dlogZ: 101.299 logZ: -126.957 +/- 0.150 logLmax: -5.66
08-04 14:30 nessai INFO    : it: 21000: Rolling KS test: D=0.016, p-value=0.593
08-04 14:30 nessai INFO    : it: 21000: n eval: 189908 H: 23.52 dlogZ: 62.843 logZ: -87.563 +/- 0.153 logLmax: -3.72
08-04 14:31 nessai INFO    : it: 22000: Rolling KS test: D=0.013, p-value=0.7071
08-04 14:31 nessai INFO    : it: 22000: n eval: 229499 H: 23.77 dlogZ: 38.750 logZ: -64.469 +/- 0.154 logLmax: -3.72
08-04 14:31 nessai INFO    : it: 23000: Rolling KS test: D=0.006, p-value=0.9268
08-04 14:31 nessai INFO    : it: 23000: n eval: 251771 H: 24.31 dlogZ: 24.307 logZ: -51.026 +/- 0.156 logLmax: -3.72
08-04 14:31 nessai INFO    : it: 24000: Rolling KS test: D=0.018, p-value=0.5169
08-04 14:31 nessai INFO    : it: 24000: n eval: 290324 H: 24.70 dlogZ: 15.622 logZ: -42.940 +/- 0.157 logLmax: -3.32
08-04 14:31 nessai INFO    : it: 25000: Rolling KS test: D=0.041, p-value=0.03371
08-04 14:31 nessai INFO    : it: 25000: n eval: 329571 H: 25.23 dlogZ: 10.550 logZ: -38.061 +/- 0.159 logLmax: -2.51
08-04 14:31 nessai INFO    : it: 26000: Rolling KS test: D=0.026, p-value=0.2543
08-04 14:31 nessai INFO    : it: 26000: n eval: 378480 H: 25.60 dlogZ: 7.034 logZ: -35.198 +/- 0.160 logLmax: -2.17
08-04 14:31 nessai INFO    : it: 27000: Rolling KS test: D=0.023, p-value=0.3419
08-04 14:31 nessai INFO    : it: 27000: n eval: 448480 H: 25.92 dlogZ: 4.897 logZ: -33.586 +/- 0.161 logLmax: -1.70
08-04 14:31 nessai INFO    : it: 28000: Rolling KS test: D=0.016, p-value=0.593
08-04 14:31 nessai INFO    : it: 28000: n eval: 508480 H: 26.25 dlogZ: 2.985 logZ: -32.630 +/- 0.162 logLmax: -1.70
08-04 14:31 nessai INFO    : it: 29000: Rolling KS test: D=0.042, p-value=0.02854
08-04 14:31 nessai INFO    : it: 29000: n eval: 598480 H: 26.54 dlogZ: 1.983 logZ: -32.065 +/- 0.163 logLmax: -1.23
08-04 14:32 nessai INFO    : it: 30000: Rolling KS test: D=0.046, p-value=0.01407
08-04 14:32 nessai INFO    : it: 30000: n eval: 658480 H: 26.77 dlogZ: 0.980 logZ: -31.739 +/- 0.164 logLmax: -1.23
08-04 14:32 nessai INFO    : it: 31000: Rolling KS test: D=0.003, p-value=0.9802
08-04 14:32 nessai INFO    : it: 31000: n eval: 738480 H: 26.92 dlogZ: 0.415 logZ: -31.566 +/- 0.164 logLmax: -1.23
08-04 14:32 nessai INFO    : it: 32000: Rolling KS test: D=0.013, p-value=0.7071
08-04 14:32 nessai INFO    : it: 32000: n eval: 798480 H: 27.01 dlogZ: 0.233 logZ: -31.479 +/- 0.164 logLmax: -0.82
08-04 14:32 nessai INFO    : Stopping with difference_log_evidence=0.100
08-04 14:32 nessai INFO    : Finalising
08-04 14:32 nessai INFO    : Final ln-evidence: -31.398 +/- 0.165
08-04 14:32 nessai INFO    : Information: 27.13
08-04 14:32 nessai INFO    : Final KS test: D=0.004264, p-value=0.3017
08-04 14:32 nessai INFO    : Checkpointing nested sampling
08-04 14:32 nessai INFO    : Total sampling time: 0:02:29.191715
08-04 14:32 nessai INFO    : Total training time: 0:00:45.895695
08-04 14:32 nessai INFO    : Total population time: 0:00:50.967603
08-04 14:32 nessai INFO    : Total likelihood evaluations: 868480
08-04 14:32 nessai INFO    : Time spent evaluating likelihood: 0:00:17.281016
08-04 14:32 nessai INFO    : Total sampling time: 0:02:29.191715
08-04 14:32 nessai INFO    : Total likelihood evaluations: 868480
08-04 14:32 nessai INFO    : Starting post processing
08-04 14:32 nessai INFO    : Computing posterior samples
08-04 14:32 nessai INFO    : Effective sample size: 6320.2
08-04 14:32 nessai INFO    : Producing posterior samples using rejection sampling
08-04 14:32 nessai INFO    : Expect 4372.258114023857 samples from rejection sampling
08-04 14:32 nessai INFO    : Returned 4423 posterior samples
08-04 14:32 nessai INFO    : Starting to close worker pool.
08-04 14:32 nessai INFO    : Finished closing worker pool.
