/data/wiay/postgrads/shashwat/qunat_com_future/lib/python3.11/site-packages/nessai/utils/logging.py:133: FutureWarning: setup_logger is deprecated, use configure_logger instead
  warnings.warn(
08-04 15:55 nessai INFO    : Running Nessai version 0.15.2
08-04 15:55 nessai INFO    : Starting multiprocessing pool with 4 processes
08-04 15:55 nessai INFO    : Initialising nested sampler
08-04 15:55 nessai WARNING : Multiprocessing pool has already been configured.
/data/wiay/postgrads/shashwat/qunat_com_future/lib/python3.11/site-packages/nessai/gw/__init__.py:12: FutureWarning: The `nessai.gw` module will be deprecated in the next release in favour of the nessai-gw package. This packages provides the same functionality as`nessai.gw` via the plugin interface.For more details, see: https://github.com/mj-will/nessai-gw
  warnings.warn(
08-04 15:55 nessai INFO    : Passing kwargs to FlowProposal: {'poolsize': 1000}
08-04 15:55 nessai INFO    : No reparameterisations provided, using default reparameterisations included in FlowProposal
08-04 15:55 nessai INFO    : Adding reparameterisations from: {}
08-04 15:55 nessai INFO    : Assuming fallback reparameterisation (ScaleAndShift) for ['kappa', 'mu_xi', 'sigma_chi', 'sigma_xi', 'rho', 'lambda_chi', 'chi0', 'xi0'] with kwargs: {'estimate_scale': True, 'estimate_shift': True, 'prior_bounds': {'kappa': array([0.1, 5. ]), 'mu_xi': array([0. , 0.1]), 'sigma_chi': array([0.05, 0.6 ]), 'sigma_xi': array([0.05, 0.4 ]), 'rho': array([-0.9,  0.9]), 'lambda_chi': array([-0.5,  0.5]), 'chi0': array([-0.5,  0.5]), 'xi0': array([2.5, 5. ])}}.
08-04 15:55 nessai INFO    : x space parameters: ['kappa', 'mu_xi', 'sigma_chi', 'sigma_xi', 'rho', 'lambda_chi', 'chi0', 'xi0']
08-04 15:55 nessai INFO    : x prime space parameters: ['kappa_prime', 'mu_xi_prime', 'sigma_chi_prime', 'sigma_xi_prime', 'rho_prime', 'lambda_chi_prime', 'chi0_prime', 'xi0_prime']
08-04 15:55 nessai INFO    : Overwriting fuzz factor with expansion fraction
08-04 15:55 nessai INFO    : New fuzz factor: 1.2228445449938519
08-04 15:55 nessai INFO    : Verifying rescaling functions
08-04 15:55 nessai INFO    : Rescaling functions are invertible
08-04 15:55 nessai INFO    : Populating initial live points
08-04 15:55 nessai INFO    : Populated 100 / 1000 live points
08-04 15:55 nessai INFO    : Populated 200 / 1000 live points
08-04 15:55 nessai INFO    : Populated 300 / 1000 live points
08-04 15:55 nessai INFO    : Populated 400 / 1000 live points
08-04 15:55 nessai INFO    : Populated 500 / 1000 live points
08-04 15:55 nessai INFO    : Populated 600 / 1000 live points
08-04 15:55 nessai INFO    : Populated 700 / 1000 live points
08-04 15:55 nessai INFO    : Populated 800 / 1000 live points
08-04 15:55 nessai INFO    : Populated 900 / 1000 live points
08-04 15:55 nessai INFO    : Populated 1000 / 1000 live points
08-04 15:55 nessai INFO    : Starting nested sampling loop
08-04 15:55 nessai INFO    : it:  1000: Rolling KS test: D=0.014, p-value=0.6695
08-04 15:55 nessai INFO    : it:  1000: n eval: 3000 H: 7.91 dlogZ: 13918585.322 logZ: -13951675.274 +/- 0.089 logLmax: -33088.95
08-04 15:55 nessai INFO    : it:  2000: Rolling KS test: D=0.052, p-value=0.004319
08-04 15:55 nessai INFO    : it:  2000: n eval: 8000 H: 8.91 dlogZ: 3602288.247 logZ: -3616432.207 +/- 0.094 logLmax: -14141.96
08-04 15:55 nessai INFO    : Switching to FlowProposal
08-04 15:55 nessai INFO    : it:  3000: Rolling KS test: D=0.024, p-value=0.311
08-04 15:55 nessai INFO    : it:  3000: n eval: 12058 H: 9.91 dlogZ: 1227490.007 logZ: -1239561.699 +/- 0.100 logLmax: -12068.69
08-04 15:55 nessai INFO    : it:  4000: Rolling KS test: D=0.01, p-value=0.8133
08-04 15:55 nessai INFO    : it:  4000: n eval: 16011 H: 10.91 dlogZ: 471623.578 logZ: -476180.157 +/- 0.104 logLmax: -4552.58
08-04 15:55 nessai INFO    : it:  5000: Rolling KS test: D=0.013, p-value=0.7071
08-04 15:55 nessai INFO    : it:  5000: n eval: 20487 H: 11.91 dlogZ: 211428.131 logZ: -214302.152 +/- 0.109 logLmax: -2869.02
08-04 15:55 nessai INFO    : it:  6000: Rolling KS test: D=0.016, p-value=0.593
08-04 15:55 nessai INFO    : it:  6000: n eval: 26155 H: 12.91 dlogZ: 100965.357 logZ: -102541.534 +/- 0.114 logLmax: -1570.18
08-04 15:55 nessai INFO    : it:  7000: Rolling KS test: D=0.022, p-value=0.3744
08-04 15:55 nessai INFO    : it:  7000: n eval: 32133 H: 13.91 dlogZ: 51638.344 logZ: -51892.049 +/- 0.118 logLmax: -246.71
08-04 15:55 nessai INFO    : it:  8000: Rolling KS test: D=0.014, p-value=0.6695
08-04 15:55 nessai INFO    : it:  8000: n eval: 38017 H: 14.91 dlogZ: 26274.239 logZ: -26528.944 +/- 0.122 logLmax: -246.71
08-04 15:55 nessai INFO    : it:  9000: Rolling KS test: D=0.023, p-value=0.3419
08-04 15:55 nessai INFO    : it:  9000: n eval: 46316 H: 15.91 dlogZ: 13988.390 logZ: -14244.095 +/- 0.126 logLmax: -246.71
08-04 15:55 nessai INFO    : it: 10000: Rolling KS test: D=0.023, p-value=0.3419
08-04 15:55 nessai INFO    : it: 10000: n eval: 51764 H: 16.22 dlogZ: 7403.999 logZ: -7660.704 +/- 0.127 logLmax: -246.71
08-04 15:55 nessai INFO    : it: 11000: Rolling KS test: D=0.025, p-value=0.2818
08-04 15:56 nessai INFO    : it: 11000: n eval: 57238 H: 17.28 dlogZ: 3925.358 logZ: -4115.937 +/- 0.131 logLmax: -179.58
08-04 15:56 nessai INFO    : it: 12000: Rolling KS test: D=0.033, p-value=0.1108
08-04 15:56 nessai INFO    : it: 12000: n eval: 63431 H: 17.58 dlogZ: 2234.050 logZ: -2317.233 +/- 0.133 logLmax: -71.18
08-04 15:56 nessai INFO    : it: 13000: Rolling KS test: D=0.041, p-value=0.03371
08-04 15:56 nessai INFO    : it: 13000: n eval: 73217 H: 18.42 dlogZ: 1343.610 logZ: -1427.793 +/- 0.136 logLmax: -71.18
08-04 15:56 nessai INFO    : it: 14000: Rolling KS test: D=0.027, p-value=0.2286
08-04 15:56 nessai INFO    : it: 14000: n eval: 80158 H: 18.70 dlogZ: 844.940 logZ: -884.477 +/- 0.137 logLmax: -25.54
08-04 15:56 nessai INFO    : it: 15000: Rolling KS test: D=0.033, p-value=0.1108
08-04 15:56 nessai INFO    : it: 15000: n eval: 93338 H: 19.55 dlogZ: 537.873 logZ: -578.409 +/- 0.140 logLmax: -25.54
08-04 15:56 nessai INFO    : it: 16000: Rolling KS test: D=0.025, p-value=0.2818
08-04 15:56 nessai INFO    : it: 16000: n eval: 106285 H: 20.29 dlogZ: 339.625 logZ: -375.233 +/- 0.142 logLmax: -19.61
08-04 15:56 nessai INFO    : it: 17000: Rolling KS test: D=0.041, p-value=0.03371
08-04 15:56 nessai INFO    : it: 17000: n eval: 118748 H: 21.03 dlogZ: 206.537 logZ: -240.296 +/- 0.145 logLmax: -16.76
08-04 15:56 nessai INFO    : it: 18000: Rolling KS test: D=0.034, p-value=0.09683
08-04 15:56 nessai INFO    : it: 18000: n eval: 135073 H: 21.11 dlogZ: 129.460 logZ: -159.469 +/- 0.145 logLmax: -12.01
08-04 15:56 nessai INFO    : it: 19000: Rolling KS test: D=0.042, p-value=0.02854
08-04 15:56 nessai INFO    : it: 19000: n eval: 151531 H: 21.64 dlogZ: 81.116 logZ: -111.380 +/- 0.147 logLmax: -11.26
08-04 15:56 nessai INFO    : it: 20000: Rolling KS test: D=0.023, p-value=0.3419
08-04 15:56 nessai INFO    : it: 20000: n eval: 170546 H: 22.03 dlogZ: 55.105 logZ: -82.574 +/- 0.148 logLmax: -7.47
08-04 15:56 nessai INFO    : it: 21000: Rolling KS test: D=0.031, p-value=0.1433
08-04 15:56 nessai INFO    : it: 21000: n eval: 202928 H: 22.65 dlogZ: 36.893 logZ: -64.589 +/- 0.150 logLmax: -6.70
08-04 15:56 nessai INFO    : it: 22000: Rolling KS test: D=0.025, p-value=0.2818
08-04 15:56 nessai INFO    : it: 22000: n eval: 239149 H: 23.16 dlogZ: 25.982 logZ: -53.220 +/- 0.152 logLmax: -5.24
08-04 15:56 nessai INFO    : it: 23000: Rolling KS test: D=0.022, p-value=0.3744
08-04 15:56 nessai INFO    : it: 23000: n eval: 288847 H: 23.60 dlogZ: 18.013 logZ: -46.252 +/- 0.154 logLmax: -5.24
08-04 15:56 nessai INFO    : it: 24000: Rolling KS test: D=0.014, p-value=0.6695
08-04 15:56 nessai INFO    : it: 24000: n eval: 348847 H: 24.11 dlogZ: 12.594 logZ: -41.832 +/- 0.155 logLmax: -5.24
08-04 15:56 nessai INFO    : it: 25000: Rolling KS test: D=0.009, p-value=0.8454
08-04 15:57 nessai INFO    : it: 25000: n eval: 438847 H: 24.52 dlogZ: 10.392 logZ: -39.151 +/- 0.157 logLmax: -3.76
08-04 15:57 nessai INFO    : it: 26000: Rolling KS test: D=0.031, p-value=0.1433
08-04 15:57 nessai INFO    : it: 26000: n eval: 518847 H: 24.99 dlogZ: 9.085 logZ: -37.450 +/- 0.158 logLmax: -2.37
08-04 15:57 nessai INFO    : it: 27000: Rolling KS test: D=0.016, p-value=0.593
08-04 15:57 nessai INFO    : it: 27000: n eval: 638847 H: 25.42 dlogZ: 6.975 logZ: -36.339 +/- 0.159 logLmax: -2.37
08-04 15:57 nessai INFO    : it: 28000: Rolling KS test: D=0.035, p-value=0.08429
08-04 15:57 nessai INFO    : it: 28000: n eval: 798847 H: 25.92 dlogZ: 5.329 logZ: -35.533 +/- 0.161 logLmax: -2.21
08-04 15:57 nessai INFO    : it: 29000: Rolling KS test: D=0.037, p-value=0.06311
08-04 15:57 nessai INFO    : it: 29000: n eval: 908847 H: 26.44 dlogZ: 4.216 logZ: -34.910 +/- 0.163 logLmax: -1.71
08-04 15:58 nessai INFO    : it: 30000: Rolling KS test: D=0.024, p-value=0.311
08-04 15:58 nessai INFO    : it: 30000: n eval: 998847 H: 26.98 dlogZ: 3.142 logZ: -34.412 +/- 0.164 logLmax: -1.32
08-04 15:58 nessai INFO    : it: 31000: Rolling KS test: D=0.013, p-value=0.7071
08-04 15:58 nessai INFO    : it: 31000: n eval: 1048847 H: 27.42 dlogZ: 1.953 logZ: -34.057 +/- 0.166 logLmax: -1.26
08-04 15:58 nessai INFO    : it: 32000: Rolling KS test: D=0.022, p-value=0.3744
08-04 15:58 nessai INFO    : it: 32000: n eval: 1084319 H: 27.77 dlogZ: 1.068 logZ: -33.819 +/- 0.167 logLmax: -1.17
08-04 15:58 nessai INFO    : it: 33000: Rolling KS test: D=0.012, p-value=0.7438
08-04 15:58 nessai INFO    : it: 33000: n eval: 1116458 H: 28.02 dlogZ: 0.663 logZ: -33.670 +/- 0.167 logLmax: -0.73
08-04 15:58 nessai INFO    : it: 34000: Rolling KS test: D=0.033, p-value=0.1108
08-04 15:58 nessai INFO    : it: 34000: n eval: 1140074 H: 28.18 dlogZ: 0.276 logZ: -33.584 +/- 0.168 logLmax: -0.73
08-04 15:58 nessai INFO    : it: 35000: Rolling KS test: D=0.021, p-value=0.4082
08-04 15:58 nessai INFO    : it: 35000: n eval: 1150755 H: 28.28 dlogZ: 0.107 logZ: -33.538 +/- 0.168 logLmax: -0.72
08-04 15:58 nessai INFO    : Stopping with difference_log_evidence=0.100
08-04 15:58 nessai INFO    : Finalising
08-04 15:58 nessai INFO    : Final ln-evidence: -33.492 +/- 0.169
08-04 15:58 nessai INFO    : Information: 28.40
08-04 15:58 nessai INFO    : Final KS test: D=0.01232, p-value=2.345e-05
08-04 15:58 nessai WARNING : Final p-value for the insertion indices is less than 0.05, this could be an indication of problems during sampling. Consider checking the diagnostic plots.
08-04 15:58 nessai INFO    : Checkpointing nested sampling
08-04 15:58 nessai INFO    : Total sampling time: 0:03:02.333552
08-04 15:58 nessai INFO    : Total training time: 0:00:59.655991
08-04 15:58 nessai INFO    : Total population time: 0:01:02.939832
08-04 15:58 nessai INFO    : Total likelihood evaluations: 1150755
08-04 15:58 nessai INFO    : Time spent evaluating likelihood: 0:00:21.544792
08-04 15:58 nessai INFO    : Total sampling time: 0:03:02.333552
08-04 15:58 nessai INFO    : Total likelihood evaluations: 1150755
08-04 15:58 nessai INFO    : Starting post processing
08-04 15:58 nessai INFO    : Computing posterior samples
08-04 15:58 nessai INFO    : Effective sample size: 8337.4
08-04 15:58 nessai INFO    : Producing posterior samples using rejection sampling
08-04 15:58 nessai INFO    : Expect 5675.8590391493735 samples from rejection sampling
08-04 15:58 nessai INFO    : Returned 5635 posterior samples
08-04 15:58 nessai INFO    : Starting to close worker pool.
08-04 15:58 nessai INFO    : Finished closing worker pool.
