/data/wiay/postgrads/shashwat/qunat_com_future/lib/python3.11/site-packages/nessai/utils/logging.py:133: FutureWarning: setup_logger is deprecated, use configure_logger instead
  warnings.warn(
08-04 12:21 nessai INFO    : Running Nessai version 0.15.2
08-04 12:21 nessai INFO    : Starting multiprocessing pool with 4 processes
08-04 12:21 nessai INFO    : Initialising nested sampler
08-04 12:21 nessai WARNING : Multiprocessing pool has already been configured.
/data/wiay/postgrads/shashwat/qunat_com_future/lib/python3.11/site-packages/nessai/gw/__init__.py:12: FutureWarning: The `nessai.gw` module will be deprecated in the next release in favour of the nessai-gw package. This packages provides the same functionality as`nessai.gw` via the plugin interface.For more details, see: https://github.com/mj-will/nessai-gw
  warnings.warn(
08-04 12:21 nessai INFO    : Passing kwargs to FlowProposal: {'poolsize': 1000}
08-04 12:21 nessai INFO    : No reparameterisations provided, using default reparameterisations included in FlowProposal
08-04 12:21 nessai INFO    : Adding reparameterisations from: {}
08-04 12:21 nessai INFO    : Assuming fallback reparameterisation (ScaleAndShift) for ['kappa', 'mu_xi', 'sigma_chi', 'sigma_xi', 'rho', 'lambda_chi', 'chi0', 'xi0'] with kwargs: {'estimate_scale': True, 'estimate_shift': True, 'prior_bounds': {'kappa': array([0.1, 5. ]), 'mu_xi': array([0. , 0.1]), 'sigma_chi': array([0.05, 0.6 ]), 'sigma_xi': array([0.05, 0.4 ]), 'rho': array([-0.9,  0.9]), 'lambda_chi': array([-0.5,  0.5]), 'chi0': array([-0.5,  0.5]), 'xi0': array([2.5, 5. ])}}.
08-04 12:21 nessai INFO    : x space parameters: ['kappa', 'mu_xi', 'sigma_chi', 'sigma_xi', 'rho', 'lambda_chi', 'chi0', 'xi0']
08-04 12:21 nessai INFO    : x prime space parameters: ['kappa_prime', 'mu_xi_prime', 'sigma_chi_prime', 'sigma_xi_prime', 'rho_prime', 'lambda_chi_prime', 'chi0_prime', 'xi0_prime']
08-04 12:21 nessai INFO    : Overwriting fuzz factor with expansion fraction
08-04 12:21 nessai INFO    : New fuzz factor: 1.2228445449938519
08-04 12:21 nessai INFO    : Verifying rescaling functions
08-04 12:21 nessai INFO    : Rescaling functions are invertible
08-04 12:21 nessai INFO    : Populating initial live points
08-04 12:21 nessai INFO    : Populated 100 / 1000 live points
08-04 12:21 nessai INFO    : Populated 200 / 1000 live points
08-04 12:21 nessai INFO    : Populated 300 / 1000 live points
08-04 12:21 nessai INFO    : Populated 400 / 1000 live points
08-04 12:21 nessai INFO    : Populated 500 / 1000 live points
08-04 12:21 nessai INFO    : Populated 600 / 1000 live points
08-04 12:21 nessai INFO    : Populated 700 / 1000 live points
08-04 12:21 nessai INFO    : Populated 800 / 1000 live points
08-04 12:21 nessai INFO    : Populated 900 / 1000 live points
08-04 12:21 nessai INFO    : Populated 1000 / 1000 live points
08-04 12:21 nessai INFO    : Starting nested sampling loop
08-04 12:21 nessai INFO    : it:  1000: Rolling KS test: D=0.027, p-value=0.2286
08-04 12:21 nessai INFO    : it:  1000: n eval: 3000 H: 7.91 dlogZ: 86477081.680 logZ: -86753233.367 +/- 0.089 logLmax: -276150.69
08-04 12:21 nessai INFO    : it:  2000: Rolling KS test: D=0.015, p-value=0.6313
08-04 12:21 nessai INFO    : it:  2000: n eval: 8000 H: 8.91 dlogZ: 22416976.571 logZ: -22518931.562 +/- 0.094 logLmax: -101952.99
08-04 12:21 nessai INFO    : Switching to FlowProposal
08-04 12:21 nessai INFO    : it:  3000: Rolling KS test: D=0.01, p-value=0.8133
08-04 12:21 nessai INFO    : it:  3000: n eval: 11947 H: 9.91 dlogZ: 7291312.791 logZ: -7350167.151 +/- 0.100 logLmax: -58851.36
08-04 12:21 nessai INFO    : it:  4000: Rolling KS test: D=0.043, p-value=0.02406
08-04 12:21 nessai INFO    : it:  4000: n eval: 15949 H: 10.91 dlogZ: 2956636.638 logZ: -2974767.324 +/- 0.104 logLmax: -18126.69
08-04 12:22 nessai INFO    : it:  5000: Rolling KS test: D=0.034, p-value=0.09683
08-04 12:22 nessai INFO    : it:  5000: n eval: 20525 H: 11.91 dlogZ: 1346071.572 logZ: -1358443.187 +/- 0.109 logLmax: -12366.62
08-04 12:22 nessai INFO    : it:  6000: Rolling KS test: D=0.028, p-value=0.2046
08-04 12:22 nessai INFO    : it:  6000: n eval: 24932 H: 12.91 dlogZ: 619987.112 logZ: -632359.726 +/- 0.114 logLmax: -12366.62
08-04 12:22 nessai INFO    : it:  7000: Rolling KS test: D=0.017, p-value=0.5547
08-04 12:22 nessai INFO    : it:  7000: n eval: 30152 H: 13.91 dlogZ: 310025.634 logZ: -314476.923 +/- 0.118 logLmax: -4444.29
08-04 12:22 nessai INFO    : it:  8000: Rolling KS test: D=0.031, p-value=0.1433
08-04 12:22 nessai INFO    : it:  8000: n eval: 35334 H: 14.91 dlogZ: 160492.532 logZ: -164944.822 +/- 0.122 logLmax: -4444.29
08-04 12:22 nessai INFO    : it:  9000: Rolling KS test: D=0.023, p-value=0.3419
08-04 12:22 nessai INFO    : it:  9000: n eval: 40368 H: 15.91 dlogZ: 81658.687 logZ: -83010.951 +/- 0.126 logLmax: -1343.26
08-04 12:22 nessai INFO    : it: 10000: Rolling KS test: D=0.033, p-value=0.1108
08-04 12:22 nessai INFO    : it: 10000: n eval: 46611 H: 16.91 dlogZ: 41568.483 logZ: -42921.747 +/- 0.130 logLmax: -1343.26
08-04 12:22 nessai INFO    : it: 11000: Rolling KS test: D=0.019, p-value=0.4797
08-04 12:22 nessai INFO    : it: 11000: n eval: 51961 H: 17.91 dlogZ: 23469.603 logZ: -24245.658 +/- 0.134 logLmax: -765.06
08-04 12:22 nessai INFO    : it: 12000: Rolling KS test: D=0.007, p-value=0.9024
08-04 12:22 nessai INFO    : it: 12000: n eval: 57683 H: 18.90 dlogZ: 13385.910 logZ: -14162.965 +/- 0.137 logLmax: -765.06
08-04 12:22 nessai INFO    : it: 13000: Rolling KS test: D=0.023, p-value=0.3419
08-04 12:22 nessai INFO    : it: 13000: n eval: 67573 H: 19.91 dlogZ: 8506.157 logZ: -8763.756 +/- 0.141 logLmax: -244.60
08-04 12:22 nessai INFO    : it: 14000: Rolling KS test: D=0.017, p-value=0.5547
08-04 12:22 nessai INFO    : it: 14000: n eval: 73737 H: 20.74 dlogZ: 5280.798 logZ: -5339.684 +/- 0.144 logLmax: -44.89
08-04 12:22 nessai INFO    : it: 15000: Rolling KS test: D=0.018, p-value=0.5169
08-04 12:22 nessai INFO    : it: 15000: n eval: 84797 H: 20.58 dlogZ: 3148.745 logZ: -3208.631 +/- 0.143 logLmax: -44.89
08-04 12:22 nessai INFO    : it: 16000: Rolling KS test: D=0.012, p-value=0.7438
08-04 12:22 nessai INFO    : it: 16000: n eval: 99825 H: 21.53 dlogZ: 1889.376 logZ: -1950.262 +/- 0.147 logLmax: -44.89
08-04 12:22 nessai INFO    : it: 17000: Rolling KS test: D=0.005, p-value=0.9481
08-04 12:22 nessai INFO    : it: 17000: n eval: 117000 H: 23.38 dlogZ: 1145.184 logZ: -1207.070 +/- 0.153 logLmax: -44.89
08-04 12:22 nessai INFO    : it: 18000: Rolling KS test: D=0.016, p-value=0.593
08-04 12:22 nessai INFO    : it: 18000: n eval: 137470 H: 22.46 dlogZ: 671.568 logZ: -732.556 +/- 0.150 logLmax: -42.99
08-04 12:22 nessai INFO    : it: 19000: Rolling KS test: D=0.017, p-value=0.5547
08-04 12:22 nessai INFO    : it: 19000: n eval: 145481 H: 23.10 dlogZ: 417.831 logZ: -456.777 +/- 0.152 logLmax: -19.95
08-04 12:22 nessai INFO    : it: 20000: Rolling KS test: D=0.023, p-value=0.3419
08-04 12:22 nessai INFO    : it: 20000: n eval: 167121 H: 23.65 dlogZ: 243.010 logZ: -282.957 +/- 0.154 logLmax: -19.95
08-04 12:22 nessai INFO    : it: 21000: Rolling KS test: D=0.015, p-value=0.6313
08-04 12:22 nessai INFO    : it: 21000: n eval: 188652 H: 24.41 dlogZ: 146.379 logZ: -183.131 +/- 0.156 logLmax: -15.75
08-04 12:22 nessai INFO    : it: 22000: Rolling KS test: D=0.013, p-value=0.7071
08-04 12:22 nessai INFO    : it: 22000: n eval: 220834 H: 24.44 dlogZ: 96.181 logZ: -126.930 +/- 0.156 logLmax: -8.75
08-04 12:22 nessai INFO    : it: 23000: Rolling KS test: D=0.042, p-value=0.02854
08-04 12:22 nessai INFO    : it: 23000: n eval: 244027 H: 25.40 dlogZ: 60.627 logZ: -92.377 +/- 0.159 logLmax: -8.75
08-04 12:23 nessai INFO    : it: 24000: Rolling KS test: D=0.017, p-value=0.5547
08-04 12:23 nessai INFO    : it: 24000: n eval: 291184 H: 25.75 dlogZ: 42.149 logZ: -71.422 +/- 0.160 logLmax: -5.27
08-04 12:23 nessai INFO    : it: 25000: Rolling KS test: D=0.027, p-value=0.2286
08-04 12:23 nessai INFO    : it: 25000: n eval: 341184 H: 26.21 dlogZ: 27.877 logZ: -58.150 +/- 0.162 logLmax: -5.27
08-04 12:23 nessai INFO    : it: 26000: Rolling KS test: D=0.024, p-value=0.311
08-04 12:23 nessai INFO    : it: 26000: n eval: 409724 H: 26.74 dlogZ: 20.467 logZ: -50.047 +/- 0.164 logLmax: -3.58
08-04 12:23 nessai INFO    : it: 27000: Rolling KS test: D=0.031, p-value=0.1433
08-04 12:23 nessai INFO    : it: 27000: n eval: 489724 H: 27.28 dlogZ: 14.310 logZ: -44.889 +/- 0.165 logLmax: -3.58
08-04 12:23 nessai INFO    : it: 28000: Rolling KS test: D=0.012, p-value=0.7438
08-04 12:23 nessai INFO    : it: 28000: n eval: 589724 H: 27.74 dlogZ: 10.146 logZ: -41.706 +/- 0.167 logLmax: -3.56
08-04 12:23 nessai INFO    : it: 29000: Rolling KS test: D=0.019, p-value=0.4797
08-04 12:23 nessai INFO    : it: 29000: n eval: 699724 H: 28.22 dlogZ: 8.210 logZ: -39.634 +/- 0.168 logLmax: -2.43
08-04 12:24 nessai INFO    : it: 30000: Rolling KS test: D=0.027, p-value=0.2286
08-04 12:24 nessai INFO    : it: 30000: n eval: 869724 H: 28.67 dlogZ: 5.885 logZ: -38.307 +/- 0.169 logLmax: -2.43
08-04 12:24 nessai INFO    : it: 31000: Rolling KS test: D=0.046, p-value=0.01407
08-04 12:24 nessai INFO    : it: 31000: n eval: 1109724 H: 29.06 dlogZ: 4.041 logZ: -37.448 +/- 0.170 logLmax: -2.43
08-04 12:25 nessai INFO    : it: 32000: Rolling KS test: D=0.025, p-value=0.2818
08-04 12:25 nessai INFO    : it: 32000: n eval: 1339724 H: 29.44 dlogZ: 2.876 logZ: -36.883 +/- 0.172 logLmax: -2.07
08-04 12:25 nessai INFO    : it: 33000: Rolling KS test: D=0.028, p-value=0.2046
08-04 12:25 nessai INFO    : it: 33000: n eval: 1599724 H: 29.78 dlogZ: 1.853 logZ: -36.506 +/- 0.173 logLmax: -1.82
08-04 12:26 nessai INFO    : it: 34000: Rolling KS test: D=0.028, p-value=0.2046
08-04 12:26 nessai INFO    : it: 34000: n eval: 1869724 H: 30.07 dlogZ: 0.938 logZ: -36.256 +/- 0.173 logLmax: -1.82
08-04 12:26 nessai INFO    : it: 35000: Rolling KS test: D=0.025, p-value=0.2818
08-04 12:26 nessai INFO    : it: 35000: n eval: 2029724 H: 30.29 dlogZ: 0.489 logZ: -36.103 +/- 0.174 logLmax: -1.56
08-04 12:26 nessai INFO    : it: 36000: Rolling KS test: D=0.018, p-value=0.5169
08-04 12:26 nessai INFO    : it: 36000: n eval: 2119724 H: 30.43 dlogZ: 0.220 logZ: -36.014 +/- 0.174 logLmax: -1.42
08-04 12:26 nessai INFO    : Stopping with difference_log_evidence=0.100
08-04 12:26 nessai INFO    : Finalising
08-04 12:26 nessai INFO    : Final ln-evidence: -35.924 +/- 0.175
08-04 12:26 nessai INFO    : Information: 30.63
08-04 12:26 nessai INFO    : Final KS test: D=0.006799, p-value=0.03287
08-04 12:26 nessai WARNING : Final p-value for the insertion indices is less than 0.05, this could be an indication of problems during sampling. Consider checking the diagnostic plots.
08-04 12:26 nessai INFO    : Checkpointing nested sampling
08-04 12:26 nessai INFO    : Total sampling time: 0:04:53.065670
08-04 12:26 nessai INFO    : Total training time: 0:01:42.535569
08-04 12:26 nessai INFO    : Total population time: 0:01:44.568478
08-04 12:26 nessai INFO    : Total likelihood evaluations: 2199724
08-04 12:26 nessai INFO    : Time spent evaluating likelihood: 0:00:41.217940
08-04 12:26 nessai INFO    : Total sampling time: 0:04:53.065670
08-04 12:26 nessai INFO    : Total likelihood evaluations: 2199724
08-04 12:26 nessai INFO    : Starting post processing
08-04 12:26 nessai INFO    : Computing posterior samples
08-04 12:26 nessai INFO    : Effective sample size: 7723.8
08-04 12:26 nessai INFO    : Producing posterior samples using rejection sampling
08-04 12:26 nessai INFO    : Expect 5476.231470191946 samples from rejection sampling
08-04 12:26 nessai INFO    : Returned 5509 posterior samples
08-04 12:26 nessai INFO    : Starting to close worker pool.
08-04 12:26 nessai INFO    : Finished closing worker pool.
