/data/wiay/postgrads/shashwat/qunat_com_future/lib/python3.11/site-packages/nessai/utils/logging.py:133: FutureWarning: setup_logger is deprecated, use configure_logger instead
  warnings.warn(
08-04 15:36 nessai INFO    : Running Nessai version 0.15.2
08-04 15:36 nessai INFO    : Starting multiprocessing pool with 4 processes
08-04 15:36 nessai INFO    : Initialising nested sampler
08-04 15:36 nessai WARNING : Multiprocessing pool has already been configured.
/data/wiay/postgrads/shashwat/qunat_com_future/lib/python3.11/site-packages/nessai/gw/__init__.py:12: FutureWarning: The `nessai.gw` module will be deprecated in the next release in favour of the nessai-gw package. This packages provides the same functionality as`nessai.gw` via the plugin interface.For more details, see: https://github.com/mj-will/nessai-gw
  warnings.warn(
08-04 15:36 nessai INFO    : Passing kwargs to FlowProposal: {'poolsize': 1000}
08-04 15:36 nessai INFO    : No reparameterisations provided, using default reparameterisations included in FlowProposal
08-04 15:36 nessai INFO    : Adding reparameterisations from: {}
08-04 15:36 nessai INFO    : Assuming fallback reparameterisation (ScaleAndShift) for ['kappa', 'mu_xi', 'sigma_chi', 'sigma_xi', 'rho', 'lambda_chi', 'chi0', 'xi0'] with kwargs: {'estimate_scale': True, 'estimate_shift': True, 'prior_bounds': {'kappa': array([0.1, 5. ]), 'mu_xi': array([0. , 0.1]), 'sigma_chi': array([0.05, 0.6 ]), 'sigma_xi': array([0.05, 0.4 ]), 'rho': array([-0.9,  0.9]), 'lambda_chi': array([-0.5,  0.5]), 'chi0': array([-0.5,  0.5]), 'xi0': array([2.5, 5. ])}}.
08-04 15:36 nessai INFO    : x space parameters: ['kappa', 'mu_xi', 'sigma_chi', 'sigma_xi', 'rho', 'lambda_chi', 'chi0', 'xi0']
08-04 15:36 nessai INFO    : x prime space parameters: ['kappa_prime', 'mu_xi_prime', 'sigma_chi_prime', 'sigma_xi_prime', 'rho_prime', 'lambda_chi_prime', 'chi0_prime', 'xi0_prime']
08-04 15:36 nessai INFO    : Overwriting fuzz factor with expansion fraction
08-04 15:36 nessai INFO    : New fuzz factor: 1.2228445449938519
08-04 15:36 nessai INFO    : Verifying rescaling functions
08-04 15:36 nessai INFO    : Rescaling functions are invertible
08-04 15:36 nessai INFO    : Populating initial live points
08-04 15:36 nessai INFO    : Populated 100 / 1000 live points
08-04 15:36 nessai INFO    : Populated 200 / 1000 live points
08-04 15:36 nessai INFO    : Populated 300 / 1000 live points
08-04 15:36 nessai INFO    : Populated 400 / 1000 live points
08-04 15:36 nessai INFO    : Populated 500 / 1000 live points
08-04 15:36 nessai INFO    : Populated 600 / 1000 live points
08-04 15:36 nessai INFO    : Populated 700 / 1000 live points
08-04 15:36 nessai INFO    : Populated 800 / 1000 live points
08-04 15:36 nessai INFO    : Populated 900 / 1000 live points
08-04 15:36 nessai INFO    : Populated 1000 / 1000 live points
08-04 15:36 nessai INFO    : Starting nested sampling loop
08-04 15:36 nessai INFO    : it:  1000: Rolling KS test: D=0.01, p-value=0.8133
08-04 15:36 nessai INFO    : it:  1000: n eval: 3000 H: 7.91 dlogZ: 7524645.812 logZ: -7524708.817 +/- 0.089 logLmax: -62.01
08-04 15:36 nessai INFO    : it:  2000: Rolling KS test: D=0.007, p-value=0.9024
08-04 15:36 nessai INFO    : it:  2000: n eval: 8000 H: 8.91 dlogZ: 584341.538 logZ: -584405.543 +/- 0.094 logLmax: -62.01
08-04 15:36 nessai INFO    : Switching to FlowProposal
08-04 15:36 nessai INFO    : it:  3000: Rolling KS test: D=0.016, p-value=0.593
08-04 15:36 nessai INFO    : it:  3000: n eval: 11901 H: 9.91 dlogZ: 156400.594 logZ: -156465.599 +/- 0.100 logLmax: -62.01
08-04 15:36 nessai INFO    : it:  4000: Rolling KS test: D=0.011, p-value=0.7794
08-04 15:36 nessai INFO    : it:  4000: n eval: 13536 H: 10.91 dlogZ: 51775.514 logZ: -51841.520 +/- 0.104 logLmax: -62.01
08-04 15:36 nessai INFO    : it:  5000: Rolling KS test: D=0.005, p-value=0.9481
08-04 15:36 nessai INFO    : it:  5000: n eval: 17052 H: 11.78 dlogZ: 19493.110 logZ: -19560.115 +/- 0.109 logLmax: -62.01
08-04 15:36 nessai INFO    : it:  6000: Rolling KS test: D=0.007, p-value=0.9024
08-04 15:37 nessai INFO    : it:  6000: n eval: 20664 H: 12.91 dlogZ: 8922.768 logZ: -8990.773 +/- 0.114 logLmax: -62.01
08-04 15:37 nessai INFO    : it:  7000: Rolling KS test: D=0.034, p-value=0.09683
08-04 15:37 nessai INFO    : it:  7000: n eval: 24830 H: 13.13 dlogZ: 4254.109 logZ: -4323.115 +/- 0.115 logLmax: -62.01
08-04 15:37 nessai INFO    : it:  8000: Rolling KS test: D=0.034, p-value=0.09683
08-04 15:37 nessai INFO    : it:  8000: n eval: 29206 H: 13.80 dlogZ: 2165.784 logZ: -2192.499 +/- 0.117 logLmax: -18.72
08-04 15:37 nessai INFO    : it:  9000: Rolling KS test: D=0.045, p-value=0.01689
08-04 15:37 nessai INFO    : it:  9000: n eval: 34266 H: 15.12 dlogZ: 1112.708 logZ: -1136.770 +/- 0.123 logLmax: -15.06
08-04 15:37 nessai INFO    : it: 10000: Rolling KS test: D=0.033, p-value=0.1108
08-04 15:37 nessai INFO    : it: 10000: n eval: 39251 H: 14.62 dlogZ: 559.034 logZ: -584.096 +/- 0.121 logLmax: -15.06
08-04 15:37 nessai INFO    : it: 11000: Rolling KS test: D=0.032, p-value=0.1263
08-04 15:37 nessai INFO    : it: 11000: n eval: 44491 H: 15.09 dlogZ: 288.397 logZ: -311.534 +/- 0.123 logLmax: -12.14
08-04 15:37 nessai INFO    : it: 12000: Rolling KS test: D=0.018, p-value=0.5169
08-04 15:37 nessai INFO    : it: 12000: n eval: 53124 H: 15.48 dlogZ: 152.358 logZ: -175.886 +/- 0.124 logLmax: -11.53
08-04 15:37 nessai INFO    : it: 13000: Rolling KS test: D=0.029, p-value=0.1825
08-04 15:37 nessai INFO    : it: 13000: n eval: 60466 H: 16.05 dlogZ: 82.225 logZ: -101.912 +/- 0.127 logLmax: -6.69
08-04 15:37 nessai INFO    : it: 14000: Rolling KS test: D=0.021, p-value=0.4082
08-04 15:37 nessai INFO    : it: 14000: n eval: 71098 H: 16.35 dlogZ: 45.625 logZ: -64.928 +/- 0.128 logLmax: -5.30
08-04 15:37 nessai INFO    : it: 15000: Rolling KS test: D=0.022, p-value=0.3744
08-04 15:37 nessai INFO    : it: 15000: n eval: 86026 H: 16.52 dlogZ: 26.150 logZ: -45.095 +/- 0.129 logLmax: -3.95
08-04 15:37 nessai INFO    : it: 16000: Rolling KS test: D=0.027, p-value=0.2286
08-04 15:37 nessai INFO    : it: 16000: n eval: 104983 H: 16.87 dlogZ: 15.069 logZ: -35.014 +/- 0.130 logLmax: -3.95
08-04 15:37 nessai INFO    : it: 17000: Rolling KS test: D=0.026, p-value=0.2543
08-04 15:37 nessai INFO    : it: 17000: n eval: 127241 H: 17.19 dlogZ: 9.865 logZ: -30.096 +/- 0.131 logLmax: -3.23
08-04 15:37 nessai INFO    : it: 18000: Rolling KS test: D=0.015, p-value=0.6313
08-04 15:37 nessai INFO    : it: 18000: n eval: 174146 H: 17.53 dlogZ: 7.146 logZ: -27.392 +/- 0.132 logLmax: -2.25
08-04 15:37 nessai INFO    : it: 19000: Rolling KS test: D=0.019, p-value=0.4797
08-04 15:37 nessai INFO    : it: 19000: n eval: 234146 H: 17.88 dlogZ: 5.410 logZ: -25.807 +/- 0.134 logLmax: -1.40
08-04 15:38 nessai INFO    : it: 20000: Rolling KS test: D=0.042, p-value=0.02854
08-04 15:38 nessai INFO    : it: 20000: n eval: 334146 H: 18.13 dlogZ: 3.591 logZ: -24.965 +/- 0.135 logLmax: -1.40
08-04 15:38 nessai INFO    : it: 21000: Rolling KS test: D=0.04, p-value=0.03967
08-04 15:38 nessai INFO    : it: 21000: n eval: 434146 H: 18.36 dlogZ: 2.206 logZ: -24.491 +/- 0.135 logLmax: -1.40
08-04 15:38 nessai INFO    : it: 22000: Rolling KS test: D=0.03, p-value=0.162
08-04 15:38 nessai INFO    : it: 22000: n eval: 524146 H: 18.56 dlogZ: 1.181 logZ: -24.215 +/- 0.136 logLmax: -1.40
08-04 15:38 nessai INFO    : it: 23000: Rolling KS test: D=0.047, p-value=0.01167
08-04 15:38 nessai INFO    : it: 23000: n eval: 614146 H: 18.74 dlogZ: 0.575 logZ: -24.046 +/- 0.137 logLmax: -1.30
08-04 15:38 nessai INFO    : it: 24000: Rolling KS test: D=0.031, p-value=0.1433
08-04 15:38 nessai INFO    : it: 24000: n eval: 714146 H: 18.86 dlogZ: 0.231 logZ: -23.950 +/- 0.137 logLmax: -1.30
08-04 15:39 nessai INFO    : Stopping with difference_log_evidence=0.100
08-04 15:39 nessai INFO    : Finalising
08-04 15:39 nessai INFO    : Final ln-evidence: -23.855 +/- 0.138
08-04 15:39 nessai INFO    : Information: 19.03
08-04 15:39 nessai INFO    : Final KS test: D=0.01256, p-value=0.0003887
08-04 15:39 nessai WARNING : Final p-value for the insertion indices is less than 0.05, this could be an indication of problems during sampling. Consider checking the diagnostic plots.
08-04 15:39 nessai INFO    : Checkpointing nested sampling
08-04 15:39 nessai INFO    : Total sampling time: 0:02:22.066816
08-04 15:39 nessai INFO    : Total training time: 0:00:40.291319
08-04 15:39 nessai INFO    : Total population time: 0:00:59.617957
08-04 15:39 nessai INFO    : Total likelihood evaluations: 794146
08-04 15:39 nessai INFO    : Time spent evaluating likelihood: 0:00:14.753784
08-04 15:39 nessai INFO    : Total sampling time: 0:02:22.066816
08-04 15:39 nessai INFO    : Total likelihood evaluations: 794146
08-04 15:39 nessai INFO    : Starting post processing
08-04 15:39 nessai INFO    : Computing posterior samples
08-04 15:39 nessai INFO    : Effective sample size: 6828.4
08-04 15:39 nessai INFO    : Producing posterior samples using rejection sampling
08-04 15:39 nessai INFO    : Expect 4842.150854635055 samples from rejection sampling
08-04 15:39 nessai INFO    : Returned 4829 posterior samples
08-04 15:39 nessai INFO    : Starting to close worker pool.
08-04 15:39 nessai INFO    : Finished closing worker pool.
