/data/wiay/postgrads/shashwat/qunat_com_future/lib/python3.11/site-packages/nessai/utils/logging.py:133: FutureWarning: setup_logger is deprecated, use configure_logger instead
  warnings.warn(
08-04 13:17 nessai INFO    : Running Nessai version 0.15.2
08-04 13:17 nessai INFO    : Starting multiprocessing pool with 4 processes
08-04 13:17 nessai INFO    : Initialising nested sampler
08-04 13:17 nessai WARNING : Multiprocessing pool has already been configured.
/data/wiay/postgrads/shashwat/qunat_com_future/lib/python3.11/site-packages/nessai/gw/__init__.py:12: FutureWarning: The `nessai.gw` module will be deprecated in the next release in favour of the nessai-gw package. This packages provides the same functionality as`nessai.gw` via the plugin interface.For more details, see: https://github.com/mj-will/nessai-gw
  warnings.warn(
08-04 13:17 nessai INFO    : Passing kwargs to FlowProposal: {'poolsize': 1000}
08-04 13:17 nessai INFO    : No reparameterisations provided, using default reparameterisations included in FlowProposal
08-04 13:17 nessai INFO    : Adding reparameterisations from: {}
08-04 13:17 nessai INFO    : Assuming fallback reparameterisation (ScaleAndShift) for ['kappa', 'mu_xi', 'sigma_chi', 'sigma_xi', 'rho', 'lambda_chi', 'chi0', 'xi0'] with kwargs: {'estimate_scale': True, 'estimate_shift': True, 'prior_bounds': {'kappa': array([0.1, 5. ]), 'mu_xi': array([0. , 0.1]), 'sigma_chi': array([0.05, 0.6 ]), 'sigma_xi': array([0.05, 0.4 ]), 'rho': array([-0.9,  0.9]), 'lambda_chi': array([-0.5,  0.5]), 'chi0': array([-0.5,  0.5]), 'xi0': array([2.5, 5. ])}}.
08-04 13:17 nessai INFO    : x space parameters: ['kappa', 'mu_xi', 'sigma_chi', 'sigma_xi', 'rho', 'lambda_chi', 'chi0', 'xi0']
08-04 13:17 nessai INFO    : x prime space parameters: ['kappa_prime', 'mu_xi_prime', 'sigma_chi_prime', 'sigma_xi_prime', 'rho_prime', 'lambda_chi_prime', 'chi0_prime', 'xi0_prime']
08-04 13:17 nessai INFO    : Overwriting fuzz factor with expansion fraction
08-04 13:17 nessai INFO    : New fuzz factor: 1.2228445449938519
08-04 13:17 nessai INFO    : Verifying rescaling functions
08-04 13:17 nessai INFO    : Rescaling functions are invertible
08-04 13:17 nessai INFO    : Populating initial live points
08-04 13:17 nessai INFO    : Populated 100 / 1000 live points
08-04 13:17 nessai INFO    : Populated 200 / 1000 live points
08-04 13:17 nessai INFO    : Populated 300 / 1000 live points
08-04 13:17 nessai INFO    : Populated 400 / 1000 live points
08-04 13:17 nessai INFO    : Populated 500 / 1000 live points
08-04 13:17 nessai INFO    : Populated 600 / 1000 live points
08-04 13:17 nessai INFO    : Populated 700 / 1000 live points
08-04 13:17 nessai INFO    : Populated 800 / 1000 live points
08-04 13:17 nessai INFO    : Populated 900 / 1000 live points
08-04 13:17 nessai INFO    : Populated 1000 / 1000 live points
08-04 13:17 nessai INFO    : Starting nested sampling loop
08-04 13:17 nessai INFO    : it:  1000: Rolling KS test: D=0.023, p-value=0.3419
08-04 13:17 nessai INFO    : it:  1000: n eval: 3000 H: 7.91 dlogZ: 3786738.754 logZ: -3790128.222 +/- 0.089 logLmax: -3388.47
08-04 13:17 nessai INFO    : it:  2000: Rolling KS test: D=0.027, p-value=0.2286
08-04 13:17 nessai INFO    : it:  2000: n eval: 8000 H: 8.91 dlogZ: 745418.532 logZ: -748451.218 +/- 0.094 logLmax: -3030.69
08-04 13:17 nessai INFO    : Switching to FlowProposal
08-04 13:17 nessai INFO    : it:  3000: Rolling KS test: D=0.025, p-value=0.2818
08-04 13:17 nessai INFO    : it:  3000: n eval: 12129 H: 9.91 dlogZ: 240662.084 logZ: -243385.071 +/- 0.100 logLmax: -2719.99
08-04 13:17 nessai INFO    : it:  4000: Rolling KS test: D=0.01, p-value=0.8133
08-04 13:17 nessai INFO    : it:  4000: n eval: 16056 H: 10.91 dlogZ: 92842.322 logZ: -93418.575 +/- 0.104 logLmax: -572.25
08-04 13:17 nessai INFO    : it:  5000: Rolling KS test: D=0.025, p-value=0.2818
08-04 13:17 nessai INFO    : it:  5000: n eval: 20904 H: 11.91 dlogZ: 37539.378 logZ: -37844.713 +/- 0.109 logLmax: -300.34
08-04 13:17 nessai INFO    : it:  6000: Rolling KS test: D=0.022, p-value=0.3744
08-04 13:17 nessai INFO    : it:  6000: n eval: 25573 H: 12.91 dlogZ: 16999.989 logZ: -17306.325 +/- 0.114 logLmax: -300.34
08-04 13:17 nessai INFO    : it:  7000: Rolling KS test: D=0.02, p-value=0.4434
08-04 13:17 nessai INFO    : it:  7000: n eval: 34307 H: 13.90 dlogZ: 8186.498 logZ: -8255.985 +/- 0.118 logLmax: -62.49
08-04 13:17 nessai INFO    : it:  8000: Rolling KS test: D=0.031, p-value=0.1433
08-04 13:17 nessai INFO    : it:  8000: n eval: 40616 H: 14.84 dlogZ: 4134.965 logZ: -4179.529 +/- 0.122 logLmax: -36.57
08-04 13:17 nessai INFO    : it:  9000: Rolling KS test: D=0.01, p-value=0.8133
08-04 13:17 nessai INFO    : it:  9000: n eval: 46603 H: 14.74 dlogZ: 2066.634 logZ: -2111.522 +/- 0.121 logLmax: -35.89
08-04 13:17 nessai INFO    : it: 10000: Rolling KS test: D=0.029, p-value=0.1825
08-04 13:17 nessai INFO    : it: 10000: n eval: 56192 H: 15.04 dlogZ: 1069.479 logZ: -1115.367 +/- 0.123 logLmax: -35.89
08-04 13:17 nessai INFO    : it: 11000: Rolling KS test: D=0.022, p-value=0.3744
08-04 13:17 nessai INFO    : it: 11000: n eval: 62867 H: 16.27 dlogZ: 576.388 logZ: -603.091 +/- 0.128 logLmax: -15.70
08-04 13:17 nessai INFO    : it: 12000: Rolling KS test: D=0.021, p-value=0.4082
08-04 13:17 nessai INFO    : it: 12000: n eval: 70603 H: 16.10 dlogZ: 313.208 logZ: -335.555 +/- 0.127 logLmax: -10.35
08-04 13:17 nessai INFO    : it: 13000: Rolling KS test: D=0.012, p-value=0.7438
08-04 13:17 nessai INFO    : it: 13000: n eval: 81024 H: 16.67 dlogZ: 167.300 logZ: -190.647 +/- 0.129 logLmax: -10.35
08-04 13:17 nessai INFO    : it: 14000: Rolling KS test: D=0.016, p-value=0.593
08-04 13:17 nessai INFO    : it: 14000: n eval: 89102 H: 17.15 dlogZ: 96.346 logZ: -120.693 +/- 0.131 logLmax: -10.35
08-04 13:17 nessai INFO    : it: 15000: Rolling KS test: D=0.044, p-value=0.0202
08-04 13:17 nessai INFO    : it: 15000: n eval: 110884 H: 17.23 dlogZ: 64.512 logZ: -85.203 +/- 0.131 logLmax: -5.69
08-04 13:17 nessai INFO    : it: 16000: Rolling KS test: D=0.01, p-value=0.8133
08-04 13:17 nessai INFO    : it: 16000: n eval: 131582 H: 17.74 dlogZ: 45.849 logZ: -64.505 +/- 0.133 logLmax: -2.66
08-04 13:18 nessai INFO    : it: 17000: Rolling KS test: D=0.029, p-value=0.1825
08-04 13:18 nessai INFO    : it: 17000: n eval: 151842 H: 18.32 dlogZ: 31.090 logZ: -50.745 +/- 0.135 logLmax: -2.66
08-04 13:18 nessai INFO    : it: 18000: Rolling KS test: D=0.033, p-value=0.1108
08-04 13:18 nessai INFO    : it: 18000: n eval: 174067 H: 19.00 dlogZ: 20.599 logZ: -41.255 +/- 0.138 logLmax: -2.66
08-04 13:18 nessai INFO    : it: 19000: Rolling KS test: D=0.011, p-value=0.7794
08-04 13:18 nessai INFO    : it: 19000: n eval: 203451 H: 19.51 dlogZ: 13.648 logZ: -34.978 +/- 0.140 logLmax: -2.33
08-04 13:18 nessai INFO    : it: 20000: Rolling KS test: D=0.021, p-value=0.4082
08-04 13:18 nessai INFO    : it: 20000: n eval: 240464 H: 20.01 dlogZ: 8.735 logZ: -30.857 +/- 0.141 logLmax: -2.12
08-04 13:18 nessai INFO    : it: 21000: Rolling KS test: D=0.018, p-value=0.5169
08-04 13:18 nessai INFO    : it: 21000: n eval: 290464 H: 20.40 dlogZ: 5.576 logZ: -28.405 +/- 0.143 logLmax: -1.83
08-04 13:18 nessai INFO    : it: 22000: Rolling KS test: D=0.007, p-value=0.9024
08-04 13:18 nessai INFO    : it: 22000: n eval: 360464 H: 20.73 dlogZ: 3.279 logZ: -27.021 +/- 0.144 logLmax: -1.78
08-04 13:18 nessai INFO    : it: 23000: Rolling KS test: D=0.019, p-value=0.4797
08-04 13:18 nessai INFO    : it: 23000: n eval: 430464 H: 20.96 dlogZ: 1.797 logZ: -26.289 +/- 0.145 logLmax: -1.67
08-04 13:19 nessai INFO    : it: 24000: Rolling KS test: D=0.021, p-value=0.4082
08-04 13:19 nessai INFO    : it: 24000: n eval: 520464 H: 21.14 dlogZ: 0.906 logZ: -25.902 +/- 0.145 logLmax: -1.52
08-04 13:19 nessai INFO    : it: 25000: Rolling KS test: D=0.026, p-value=0.2543
08-04 13:19 nessai INFO    : it: 25000: n eval: 620464 H: 21.27 dlogZ: 0.414 logZ: -25.704 +/- 0.146 logLmax: -1.37
08-04 13:19 nessai INFO    : it: 26000: Rolling KS test: D=0.011, p-value=0.7794
08-04 13:19 nessai INFO    : it: 26000: n eval: 730464 H: 21.35 dlogZ: 0.167 logZ: -25.607 +/- 0.146 logLmax: -1.32
08-04 13:19 nessai INFO    : Stopping with difference_log_evidence=0.100
08-04 13:19 nessai INFO    : Finalising
08-04 13:19 nessai INFO    : Final ln-evidence: -25.525 +/- 0.146
08-04 13:19 nessai INFO    : Information: 21.44
08-04 13:19 nessai INFO    : Final KS test: D=0.004676, p-value=0.3124
08-04 13:19 nessai INFO    : Checkpointing nested sampling
08-04 13:19 nessai INFO    : Total sampling time: 0:02:56.306242
08-04 13:19 nessai INFO    : Total training time: 0:00:52.672066
08-04 13:19 nessai INFO    : Total population time: 0:01:06.052399
08-04 13:19 nessai INFO    : Total likelihood evaluations: 780464
08-04 13:19 nessai INFO    : Time spent evaluating likelihood: 0:00:24.484894
08-04 13:19 nessai INFO    : Total sampling time: 0:02:56.306242
08-04 13:19 nessai INFO    : Total likelihood evaluations: 780464
08-04 13:19 nessai INFO    : Starting post processing
08-04 13:19 nessai INFO    : Computing posterior samples
08-04 13:19 nessai INFO    : Effective sample size: 5724.2
08-04 13:19 nessai INFO    : Producing posterior samples using rejection sampling
08-04 13:19 nessai INFO    : Expect 3987.614124665452 samples from rejection sampling
08-04 13:19 nessai INFO    : Returned 4032 posterior samples
08-04 13:20 nessai INFO    : Starting to close worker pool.
08-04 13:20 nessai INFO    : Finished closing worker pool.
