/data/wiay/postgrads/shashwat/qunat_com_future/lib/python3.11/site-packages/nessai/utils/logging.py:133: FutureWarning: setup_logger is deprecated, use configure_logger instead
  warnings.warn(
08-04 12:57 nessai INFO    : Running Nessai version 0.15.2
08-04 12:57 nessai INFO    : Starting multiprocessing pool with 4 processes
08-04 12:57 nessai INFO    : Initialising nested sampler
08-04 12:57 nessai WARNING : Multiprocessing pool has already been configured.
/data/wiay/postgrads/shashwat/qunat_com_future/lib/python3.11/site-packages/nessai/gw/__init__.py:12: FutureWarning: The `nessai.gw` module will be deprecated in the next release in favour of the nessai-gw package. This packages provides the same functionality as`nessai.gw` via the plugin interface.For more details, see: https://github.com/mj-will/nessai-gw
  warnings.warn(
08-04 12:57 nessai INFO    : Passing kwargs to FlowProposal: {'poolsize': 1000}
08-04 12:57 nessai INFO    : No reparameterisations provided, using default reparameterisations included in FlowProposal
08-04 12:57 nessai INFO    : Adding reparameterisations from: {}
08-04 12:57 nessai INFO    : Assuming fallback reparameterisation (ScaleAndShift) for ['kappa', 'mu_xi', 'sigma_chi', 'sigma_xi', 'rho', 'lambda_chi', 'chi0', 'xi0'] with kwargs: {'estimate_scale': True, 'estimate_shift': True, 'prior_bounds': {'kappa': array([0.1, 5. ]), 'mu_xi': array([0. , 0.1]), 'sigma_chi': array([0.05, 0.6 ]), 'sigma_xi': array([0.05, 0.4 ]), 'rho': array([-0.9,  0.9]), 'lambda_chi': array([-0.5,  0.5]), 'chi0': array([-0.5,  0.5]), 'xi0': array([2.5, 5. ])}}.
08-04 12:57 nessai INFO    : x space parameters: ['kappa', 'mu_xi', 'sigma_chi', 'sigma_xi', 'rho', 'lambda_chi', 'chi0', 'xi0']
08-04 12:57 nessai INFO    : x prime space parameters: ['kappa_prime', 'mu_xi_prime', 'sigma_chi_prime', 'sigma_xi_prime', 'rho_prime', 'lambda_chi_prime', 'chi0_prime', 'xi0_prime']
08-04 12:57 nessai INFO    : Overwriting fuzz factor with expansion fraction
08-04 12:57 nessai INFO    : New fuzz factor: 1.2228445449938519
08-04 12:57 nessai INFO    : Verifying rescaling functions
08-04 12:57 nessai INFO    : Rescaling functions are invertible
08-04 12:57 nessai INFO    : Populating initial live points
08-04 12:57 nessai INFO    : Populated 100 / 1000 live points
08-04 12:57 nessai INFO    : Populated 200 / 1000 live points
08-04 12:57 nessai INFO    : Populated 300 / 1000 live points
08-04 12:57 nessai INFO    : Populated 400 / 1000 live points
08-04 12:57 nessai INFO    : Populated 500 / 1000 live points
08-04 12:57 nessai INFO    : Populated 600 / 1000 live points
08-04 12:57 nessai INFO    : Populated 700 / 1000 live points
08-04 12:57 nessai INFO    : Populated 800 / 1000 live points
08-04 12:57 nessai INFO    : Populated 900 / 1000 live points
08-04 12:57 nessai INFO    : Populated 1000 / 1000 live points
08-04 12:57 nessai INFO    : Starting nested sampling loop
08-04 12:57 nessai INFO    : it:  1000: Rolling KS test: D=0.012, p-value=0.7438
08-04 12:57 nessai INFO    : it:  1000: n eval: 3000 H: 7.91 dlogZ: 5895664.648 logZ: -5901294.936 +/- 0.089 logLmax: -5629.29
08-04 12:57 nessai INFO    : it:  2000: Rolling KS test: D=0.004, p-value=0.9659
08-04 12:57 nessai INFO    : it:  2000: n eval: 8000 H: 8.91 dlogZ: 1427719.917 logZ: -1432277.657 +/- 0.094 logLmax: -4555.74
08-04 12:57 nessai INFO    : Switching to FlowProposal
08-04 12:57 nessai INFO    : it:  3000: Rolling KS test: D=0.017, p-value=0.5547
08-04 12:57 nessai INFO    : it:  3000: n eval: 12038 H: 9.91 dlogZ: 504304.835 logZ: -508826.087 +/- 0.100 logLmax: -4518.25
08-04 12:57 nessai INFO    : it:  4000: Rolling KS test: D=0.013, p-value=0.7071
08-04 12:57 nessai INFO    : it:  4000: n eval: 15932 H: 10.91 dlogZ: 192343.210 logZ: -193463.182 +/- 0.104 logLmax: -1115.97
08-04 12:57 nessai INFO    : it:  5000: Rolling KS test: D=0.019, p-value=0.4797
08-04 12:57 nessai INFO    : it:  5000: n eval: 20065 H: 11.91 dlogZ: 85038.348 logZ: -86014.487 +/- 0.109 logLmax: -971.14
08-04 12:57 nessai INFO    : it:  6000: Rolling KS test: D=0.004, p-value=0.9659
08-04 12:57 nessai INFO    : it:  6000: n eval: 24293 H: 12.91 dlogZ: 40738.280 logZ: -41165.063 +/- 0.114 logLmax: -420.78
08-04 12:57 nessai INFO    : it:  7000: Rolling KS test: D=0.016, p-value=0.593
08-04 12:57 nessai INFO    : it:  7000: n eval: 28854 H: 13.87 dlogZ: 20443.450 logZ: -20714.217 +/- 0.118 logLmax: -263.77
08-04 12:57 nessai INFO    : it:  8000: Rolling KS test: D=0.036, p-value=0.07308
08-04 12:57 nessai INFO    : it:  8000: n eval: 34194 H: 14.90 dlogZ: 10352.967 logZ: -10598.388 +/- 0.122 logLmax: -237.42
08-04 12:57 nessai INFO    : it:  9000: Rolling KS test: D=0.013, p-value=0.7071
08-04 12:57 nessai INFO    : it:  9000: n eval: 44544 H: 15.27 dlogZ: 5309.172 logZ: -5404.774 +/- 0.124 logLmax: -86.60
08-04 12:58 nessai INFO    : it: 10000: Rolling KS test: D=0.025, p-value=0.2818
08-04 12:58 nessai INFO    : it: 10000: n eval: 52075 H: 15.53 dlogZ: 2751.500 logZ: -2823.276 +/- 0.125 logLmax: -61.78
08-04 12:58 nessai INFO    : it: 11000: Rolling KS test: D=0.037, p-value=0.06311
08-04 12:58 nessai INFO    : it: 11000: n eval: 58196 H: 16.48 dlogZ: 1424.909 logZ: -1497.685 +/- 0.128 logLmax: -61.78
08-04 12:58 nessai INFO    : it: 12000: Rolling KS test: D=0.021, p-value=0.4082
08-04 12:58 nessai INFO    : it: 12000: n eval: 63244 H: 17.38 dlogZ: 776.886 logZ: -814.004 +/- 0.132 logLmax: -25.12
08-04 12:58 nessai INFO    : it: 13000: Rolling KS test: D=0.036, p-value=0.07308
08-04 12:58 nessai INFO    : it: 13000: n eval: 68912 H: 17.34 dlogZ: 410.583 logZ: -437.853 +/- 0.132 logLmax: -14.27
08-04 12:58 nessai INFO    : it: 14000: Rolling KS test: D=0.019, p-value=0.4797
08-04 12:58 nessai INFO    : it: 14000: n eval: 74837 H: 17.81 dlogZ: 231.151 logZ: -254.488 +/- 0.133 logLmax: -9.34
08-04 12:58 nessai INFO    : it: 15000: Rolling KS test: D=0.034, p-value=0.09683
08-04 12:58 nessai INFO    : it: 15000: n eval: 84619 H: 18.55 dlogZ: 131.074 logZ: -155.411 +/- 0.136 logLmax: -9.34
08-04 12:58 nessai INFO    : it: 16000: Rolling KS test: D=0.065, p-value=0.0002036
08-04 12:58 nessai INFO    : it: 16000: n eval: 96062 H: 18.64 dlogZ: 76.700 logZ: -100.845 +/- 0.137 logLmax: -8.15
08-04 12:58 nessai INFO    : it: 17000: Rolling KS test: D=0.017, p-value=0.5547
08-04 12:58 nessai INFO    : it: 17000: n eval: 104984 H: 19.04 dlogZ: 46.121 logZ: -71.266 +/- 0.138 logLmax: -8.15
08-04 12:58 nessai INFO    : it: 18000: Rolling KS test: D=0.018, p-value=0.5169
08-04 12:58 nessai INFO    : it: 18000: n eval: 117915 H: 19.52 dlogZ: 27.754 logZ: -53.530 +/- 0.140 logLmax: -7.78
08-04 12:58 nessai INFO    : it: 19000: Rolling KS test: D=0.029, p-value=0.1825
08-04 12:58 nessai INFO    : it: 19000: n eval: 131786 H: 19.99 dlogZ: 19.030 logZ: -43.405 +/- 0.141 logLmax: -5.38
08-04 12:58 nessai INFO    : it: 20000: Rolling KS test: D=0.028, p-value=0.2046
08-04 12:58 nessai INFO    : it: 20000: n eval: 157723 H: 20.35 dlogZ: 12.728 logZ: -37.660 +/- 0.143 logLmax: -4.93
08-04 12:58 nessai INFO    : it: 21000: Rolling KS test: D=0.019, p-value=0.4797
08-04 12:58 nessai INFO    : it: 21000: n eval: 180913 H: 20.78 dlogZ: 9.074 logZ: -34.345 +/- 0.144 logLmax: -4.27
08-04 12:58 nessai INFO    : it: 22000: Rolling KS test: D=0.01, p-value=0.8133
08-04 12:58 nessai INFO    : it: 22000: n eval: 215536 H: 21.21 dlogZ: 6.019 logZ: -32.287 +/- 0.146 logLmax: -4.27
08-04 12:59 nessai INFO    : it: 23000: Rolling KS test: D=0.022, p-value=0.3744
08-04 12:59 nessai INFO    : it: 23000: n eval: 264216 H: 21.53 dlogZ: 3.861 logZ: -31.111 +/- 0.147 logLmax: -4.27
08-04 12:59 nessai INFO    : it: 24000: Rolling KS test: D=0.016, p-value=0.593
08-04 12:59 nessai INFO    : it: 24000: n eval: 324216 H: 21.84 dlogZ: 2.308 logZ: -30.407 +/- 0.148 logLmax: -4.20
08-04 12:59 nessai INFO    : it: 25000: Rolling KS test: D=0.009, p-value=0.8454
08-04 12:59 nessai INFO    : it: 25000: n eval: 394216 H: 22.07 dlogZ: 1.589 logZ: -30.013 +/- 0.149 logLmax: -3.65
08-04 12:59 nessai INFO    : it: 26000: Rolling KS test: D=0.016, p-value=0.593
08-04 12:59 nessai INFO    : it: 26000: n eval: 464216 H: 22.24 dlogZ: 0.767 logZ: -29.795 +/- 0.149 logLmax: -3.65
08-04 12:59 nessai INFO    : it: 27000: Rolling KS test: D=0.028, p-value=0.2046
08-04 12:59 nessai INFO    : it: 27000: n eval: 544216 H: 22.36 dlogZ: 0.360 logZ: -29.679 +/- 0.150 logLmax: -3.52
08-04 13:00 nessai INFO    : it: 28000: Rolling KS test: D=0.014, p-value=0.6695
08-04 13:00 nessai INFO    : it: 28000: n eval: 624216 H: 22.43 dlogZ: 0.142 logZ: -29.620 +/- 0.150 logLmax: -3.50
08-04 13:00 nessai INFO    : Stopping with difference_log_evidence=0.100
08-04 13:00 nessai INFO    : Finalising
08-04 13:00 nessai INFO    : Final ln-evidence: -29.567 +/- 0.150
08-04 13:00 nessai INFO    : Information: 22.52
08-04 13:00 nessai INFO    : Final KS test: D=0.006031, p-value=0.1252
08-04 13:00 nessai INFO    : Checkpointing nested sampling
08-04 13:00 nessai INFO    : Total sampling time: 0:02:35.288626
08-04 13:00 nessai INFO    : Total training time: 0:00:48.151818
08-04 13:00 nessai INFO    : Total population time: 0:00:49.699633
08-04 13:00 nessai INFO    : Total likelihood evaluations: 664216
08-04 13:00 nessai INFO    : Time spent evaluating likelihood: 0:00:21.758855
08-04 13:00 nessai INFO    : Total sampling time: 0:02:35.288626
08-04 13:00 nessai INFO    : Total likelihood evaluations: 664216
08-04 13:00 nessai INFO    : Starting post processing
08-04 13:00 nessai INFO    : Computing posterior samples
08-04 13:00 nessai INFO    : Effective sample size: 6369.1
08-04 13:00 nessai INFO    : Producing posterior samples using rejection sampling
08-04 13:00 nessai INFO    : Expect 4393.418264039149 samples from rejection sampling
08-04 13:00 nessai INFO    : Returned 4437 posterior samples
08-04 13:00 nessai INFO    : Starting to close worker pool.
08-04 13:00 nessai INFO    : Finished closing worker pool.
