/data/wiay/postgrads/shashwat/qunat_com_future/lib/python3.11/site-packages/nessai/utils/logging.py:133: FutureWarning: setup_logger is deprecated, use configure_logger instead
  warnings.warn(
08-04 15:00 nessai INFO    : Running Nessai version 0.15.2
08-04 15:00 nessai INFO    : Starting multiprocessing pool with 4 processes
08-04 15:00 nessai INFO    : Initialising nested sampler
08-04 15:00 nessai WARNING : Multiprocessing pool has already been configured.
/data/wiay/postgrads/shashwat/qunat_com_future/lib/python3.11/site-packages/nessai/gw/__init__.py:12: FutureWarning: The `nessai.gw` module will be deprecated in the next release in favour of the nessai-gw package. This packages provides the same functionality as`nessai.gw` via the plugin interface.For more details, see: https://github.com/mj-will/nessai-gw
  warnings.warn(
08-04 15:00 nessai INFO    : Passing kwargs to FlowProposal: {'poolsize': 1000}
08-04 15:00 nessai INFO    : No reparameterisations provided, using default reparameterisations included in FlowProposal
08-04 15:00 nessai INFO    : Adding reparameterisations from: {}
08-04 15:00 nessai INFO    : Assuming fallback reparameterisation (ScaleAndShift) for ['kappa', 'mu_xi', 'sigma_chi', 'sigma_xi', 'rho', 'lambda_chi', 'chi0', 'xi0'] with kwargs: {'estimate_scale': True, 'estimate_shift': True, 'prior_bounds': {'kappa': array([0.1, 5. ]), 'mu_xi': array([0. , 0.1]), 'sigma_chi': array([0.05, 0.6 ]), 'sigma_xi': array([0.05, 0.4 ]), 'rho': array([-0.9,  0.9]), 'lambda_chi': array([-0.5,  0.5]), 'chi0': array([-0.5,  0.5]), 'xi0': array([2.5, 5. ])}}.
08-04 15:00 nessai INFO    : x space parameters: ['kappa', 'mu_xi', 'sigma_chi', 'sigma_xi', 'rho', 'lambda_chi', 'chi0', 'xi0']
08-04 15:00 nessai INFO    : x prime space parameters: ['kappa_prime', 'mu_xi_prime', 'sigma_chi_prime', 'sigma_xi_prime', 'rho_prime', 'lambda_chi_prime', 'chi0_prime', 'xi0_prime']
08-04 15:00 nessai INFO    : Overwriting fuzz factor with expansion fraction
08-04 15:00 nessai INFO    : New fuzz factor: 1.2228445449938519
08-04 15:00 nessai INFO    : Verifying rescaling functions
08-04 15:00 nessai INFO    : Rescaling functions are invertible
08-04 15:01 nessai INFO    : Populating initial live points
08-04 15:01 nessai INFO    : Populated 100 / 1000 live points
08-04 15:01 nessai INFO    : Populated 200 / 1000 live points
08-04 15:01 nessai INFO    : Populated 300 / 1000 live points
08-04 15:01 nessai INFO    : Populated 400 / 1000 live points
08-04 15:01 nessai INFO    : Populated 500 / 1000 live points
08-04 15:01 nessai INFO    : Populated 600 / 1000 live points
08-04 15:01 nessai INFO    : Populated 700 / 1000 live points
08-04 15:01 nessai INFO    : Populated 800 / 1000 live points
08-04 15:01 nessai INFO    : Populated 900 / 1000 live points
08-04 15:01 nessai INFO    : Populated 1000 / 1000 live points
08-04 15:01 nessai INFO    : Starting nested sampling loop
08-04 15:01 nessai INFO    : it:  1000: Rolling KS test: D=0.014, p-value=0.6695
08-04 15:01 nessai INFO    : it:  1000: n eval: 3000 H: 7.91 dlogZ: 5938725.717 logZ: -5943202.204 +/- 0.089 logLmax: -4475.49
08-04 15:01 nessai INFO    : it:  2000: Rolling KS test: D=0.049, p-value=0.007937
08-04 15:01 nessai INFO    : it:  2000: n eval: 8000 H: 8.91 dlogZ: 503167.548 logZ: -504768.312 +/- 0.094 logLmax: -1598.76
08-04 15:01 nessai INFO    : Switching to FlowProposal
08-04 15:01 nessai INFO    : it:  3000: Rolling KS test: D=0.009, p-value=0.8454
08-04 15:01 nessai INFO    : it:  3000: n eval: 12062 H: 9.91 dlogZ: 155741.147 logZ: -156462.987 +/- 0.100 logLmax: -718.84
08-04 15:01 nessai INFO    : it:  4000: Rolling KS test: D=0.016, p-value=0.593
08-04 15:01 nessai INFO    : it:  4000: n eval: 16195 H: 10.91 dlogZ: 65859.291 logZ: -66569.458 +/- 0.104 logLmax: -706.17
08-04 15:01 nessai INFO    : it:  5000: Rolling KS test: D=0.007, p-value=0.9024
08-04 15:01 nessai INFO    : it:  5000: n eval: 20385 H: 11.91 dlogZ: 30576.370 logZ: -30950.430 +/- 0.109 logLmax: -369.06
08-04 15:01 nessai INFO    : it:  6000: Rolling KS test: D=0.003, p-value=0.9802
08-04 15:01 nessai INFO    : it:  6000: n eval: 25473 H: 12.54 dlogZ: 14377.702 logZ: -14752.762 +/- 0.112 logLmax: -369.06
08-04 15:01 nessai INFO    : it:  7000: Rolling KS test: D=0.002, p-value=0.9907
08-04 15:01 nessai INFO    : it:  7000: n eval: 30513 H: 13.91 dlogZ: 7352.189 logZ: -7411.971 +/- 0.118 logLmax: -52.78
08-04 15:01 nessai INFO    : it:  8000: Rolling KS test: D=0.024, p-value=0.311
08-04 15:01 nessai INFO    : it:  8000: n eval: 35345 H: 14.36 dlogZ: 3621.763 logZ: -3682.544 +/- 0.120 logLmax: -52.78
08-04 15:01 nessai INFO    : it:  9000: Rolling KS test: D=0.031, p-value=0.1433
08-04 15:01 nessai INFO    : it:  9000: n eval: 40281 H: 15.47 dlogZ: 1978.262 logZ: -1999.106 +/- 0.124 logLmax: -11.85
08-04 15:01 nessai INFO    : it: 10000: Rolling KS test: D=0.036, p-value=0.07308
08-04 15:01 nessai INFO    : it: 10000: n eval: 45838 H: 15.20 dlogZ: 1054.444 logZ: -1076.288 +/- 0.123 logLmax: -11.85
08-04 15:01 nessai INFO    : it: 11000: Rolling KS test: D=0.025, p-value=0.2818
08-04 15:01 nessai INFO    : it: 11000: n eval: 51069 H: 15.59 dlogZ: 616.595 logZ: -639.439 +/- 0.125 logLmax: -11.85
08-04 15:01 nessai INFO    : it: 12000: Rolling KS test: D=0.028, p-value=0.2046
08-04 15:01 nessai INFO    : it: 12000: n eval: 60872 H: 15.64 dlogZ: 386.741 logZ: -409.296 +/- 0.125 logLmax: -10.56
08-04 15:01 nessai INFO    : it: 13000: Rolling KS test: D=0.009, p-value=0.8454
08-04 15:01 nessai INFO    : it: 13000: n eval: 67097 H: 16.87 dlogZ: 233.996 logZ: -255.577 +/- 0.130 logLmax: -8.58
08-04 15:01 nessai INFO    : it: 14000: Rolling KS test: D=0.027, p-value=0.2286
08-04 15:01 nessai INFO    : it: 14000: n eval: 76692 H: 17.23 dlogZ: 143.005 logZ: -164.607 +/- 0.131 logLmax: -7.60
08-04 15:01 nessai INFO    : it: 15000: Rolling KS test: D=0.025, p-value=0.2818
08-04 15:01 nessai INFO    : it: 15000: n eval: 88312 H: 17.66 dlogZ: 86.327 logZ: -108.930 +/- 0.133 logLmax: -7.60
08-04 15:01 nessai INFO    : it: 16000: Rolling KS test: D=0.026, p-value=0.2543
08-04 15:01 nessai INFO    : it: 16000: n eval: 97311 H: 18.40 dlogZ: 55.010 logZ: -74.618 +/- 0.136 logLmax: -3.61
08-04 15:01 nessai INFO    : it: 17000: Rolling KS test: D=0.023, p-value=0.3419
08-04 15:01 nessai INFO    : it: 17000: n eval: 109076 H: 18.78 dlogZ: 33.354 logZ: -53.961 +/- 0.137 logLmax: -3.61
08-04 15:01 nessai INFO    : it: 18000: Rolling KS test: D=0.035, p-value=0.08429
08-04 15:01 nessai INFO    : it: 18000: n eval: 125482 H: 19.09 dlogZ: 20.903 logZ: -41.859 +/- 0.138 logLmax: -2.96
08-04 15:01 nessai INFO    : it: 19000: Rolling KS test: D=0.013, p-value=0.7071
08-04 15:01 nessai INFO    : it: 19000: n eval: 141198 H: 19.56 dlogZ: 12.961 logZ: -34.916 +/- 0.140 logLmax: -2.96
08-04 15:01 nessai INFO    : it: 20000: Rolling KS test: D=0.026, p-value=0.2543
08-04 15:01 nessai INFO    : it: 20000: n eval: 161668 H: 20.01 dlogZ: 7.891 logZ: -30.796 +/- 0.141 logLmax: -2.91
08-04 15:01 nessai INFO    : it: 21000: Rolling KS test: D=0.019, p-value=0.4797
08-04 15:01 nessai INFO    : it: 21000: n eval: 184998 H: 20.29 dlogZ: 4.982 logZ: -28.589 +/- 0.142 logLmax: -2.61
08-04 15:01 nessai INFO    : it: 22000: Rolling KS test: D=0.02, p-value=0.4434
08-04 15:01 nessai INFO    : it: 22000: n eval: 218040 H: 20.59 dlogZ: 3.473 logZ: -27.352 +/- 0.143 logLmax: -1.91
08-04 15:02 nessai INFO    : it: 23000: Rolling KS test: D=0.008, p-value=0.8752
08-04 15:02 nessai INFO    : it: 23000: n eval: 256836 H: 20.81 dlogZ: 1.949 logZ: -26.706 +/- 0.144 logLmax: -1.91
08-04 15:02 nessai INFO    : it: 24000: Rolling KS test: D=0.019, p-value=0.4797
08-04 15:02 nessai INFO    : it: 24000: n eval: 305881 H: 20.98 dlogZ: 1.044 logZ: -26.364 +/- 0.145 logLmax: -1.75
08-04 15:02 nessai INFO    : it: 25000: Rolling KS test: D=0.012, p-value=0.7438
08-04 15:02 nessai INFO    : it: 25000: n eval: 385881 H: 21.10 dlogZ: 0.452 logZ: -26.187 +/- 0.145 logLmax: -1.75
08-04 15:02 nessai INFO    : it: 26000: Rolling KS test: D=0.019, p-value=0.4797
08-04 15:02 nessai INFO    : it: 26000: n eval: 485881 H: 21.18 dlogZ: 0.176 logZ: -26.097 +/- 0.146 logLmax: -1.75
08-04 15:02 nessai INFO    : Stopping with difference_log_evidence=0.100
08-04 15:02 nessai INFO    : Finalising
08-04 15:02 nessai INFO    : Final ln-evidence: -26.017 +/- 0.146
08-04 15:02 nessai INFO    : Information: 21.29
08-04 15:02 nessai INFO    : Final KS test: D=0.005448, p-value=0.2053
08-04 15:02 nessai INFO    : Checkpointing nested sampling
08-04 15:02 nessai INFO    : Total sampling time: 0:01:50.522662
08-04 15:02 nessai INFO    : Total training time: 0:00:36.650649
08-04 15:02 nessai INFO    : Total population time: 0:00:34.729793
08-04 15:02 nessai INFO    : Total likelihood evaluations: 575881
08-04 15:02 nessai INFO    : Time spent evaluating likelihood: 0:00:11.294676
08-04 15:02 nessai INFO    : Total sampling time: 0:01:50.522662
08-04 15:02 nessai INFO    : Total likelihood evaluations: 575881
08-04 15:02 nessai INFO    : Starting post processing
08-04 15:02 nessai INFO    : Computing posterior samples
08-04 15:02 nessai INFO    : Effective sample size: 5882.5
08-04 15:02 nessai INFO    : Producing posterior samples using rejection sampling
08-04 15:02 nessai INFO    : Expect 4070.0817873827664 samples from rejection sampling
08-04 15:02 nessai INFO    : Returned 4115 posterior samples
08-04 15:02 nessai INFO    : Starting to close worker pool.
08-04 15:02 nessai INFO    : Finished closing worker pool.
