/data/wiay/postgrads/shashwat/qunat_com_future/lib/python3.11/site-packages/nessai/utils/logging.py:133: FutureWarning: setup_logger is deprecated, use configure_logger instead
  warnings.warn(
08-04 13:09 nessai INFO    : Running Nessai version 0.15.2
08-04 13:09 nessai INFO    : Starting multiprocessing pool with 4 processes
08-04 13:09 nessai INFO    : Initialising nested sampler
08-04 13:09 nessai WARNING : Multiprocessing pool has already been configured.
/data/wiay/postgrads/shashwat/qunat_com_future/lib/python3.11/site-packages/nessai/gw/__init__.py:12: FutureWarning: The `nessai.gw` module will be deprecated in the next release in favour of the nessai-gw package. This packages provides the same functionality as`nessai.gw` via the plugin interface.For more details, see: https://github.com/mj-will/nessai-gw
  warnings.warn(
08-04 13:09 nessai INFO    : Passing kwargs to FlowProposal: {'poolsize': 1000}
08-04 13:09 nessai INFO    : No reparameterisations provided, using default reparameterisations included in FlowProposal
08-04 13:09 nessai INFO    : Adding reparameterisations from: {}
08-04 13:09 nessai INFO    : Assuming fallback reparameterisation (ScaleAndShift) for ['kappa', 'mu_xi', 'sigma_chi', 'sigma_xi', 'rho', 'lambda_chi', 'chi0', 'xi0'] with kwargs: {'estimate_scale': True, 'estimate_shift': True, 'prior_bounds': {'kappa': array([0.1, 5. ]), 'mu_xi': array([0. , 0.1]), 'sigma_chi': array([0.05, 0.6 ]), 'sigma_xi': array([0.05, 0.4 ]), 'rho': array([-0.9,  0.9]), 'lambda_chi': array([-0.5,  0.5]), 'chi0': array([-0.5,  0.5]), 'xi0': array([2.5, 5. ])}}.
08-04 13:09 nessai INFO    : x space parameters: ['kappa', 'mu_xi', 'sigma_chi', 'sigma_xi', 'rho', 'lambda_chi', 'chi0', 'xi0']
08-04 13:09 nessai INFO    : x prime space parameters: ['kappa_prime', 'mu_xi_prime', 'sigma_chi_prime', 'sigma_xi_prime', 'rho_prime', 'lambda_chi_prime', 'chi0_prime', 'xi0_prime']
08-04 13:09 nessai INFO    : Overwriting fuzz factor with expansion fraction
08-04 13:09 nessai INFO    : New fuzz factor: 1.2228445449938519
08-04 13:09 nessai INFO    : Verifying rescaling functions
08-04 13:09 nessai INFO    : Rescaling functions are invertible
08-04 13:09 nessai INFO    : Populating initial live points
08-04 13:09 nessai INFO    : Populated 100 / 1000 live points
08-04 13:09 nessai INFO    : Populated 200 / 1000 live points
08-04 13:09 nessai INFO    : Populated 300 / 1000 live points
08-04 13:09 nessai INFO    : Populated 400 / 1000 live points
08-04 13:09 nessai INFO    : Populated 500 / 1000 live points
08-04 13:09 nessai INFO    : Populated 600 / 1000 live points
08-04 13:09 nessai INFO    : Populated 700 / 1000 live points
08-04 13:09 nessai INFO    : Populated 800 / 1000 live points
08-04 13:09 nessai INFO    : Populated 900 / 1000 live points
08-04 13:09 nessai INFO    : Populated 1000 / 1000 live points
08-04 13:09 nessai INFO    : Starting nested sampling loop
08-04 13:09 nessai INFO    : it:  1000: Rolling KS test: D=0.024, p-value=0.311
08-04 13:09 nessai INFO    : it:  1000: n eval: 3000 H: 7.91 dlogZ: 3721626.810 logZ: -3744417.756 +/- 0.089 logLmax: -22789.95
08-04 13:09 nessai INFO    : it:  2000: Rolling KS test: D=0.022, p-value=0.3744
08-04 13:09 nessai INFO    : it:  2000: n eval: 8000 H: 8.91 dlogZ: 844136.892 logZ: -851696.452 +/- 0.094 logLmax: -7557.56
08-04 13:09 nessai INFO    : Switching to FlowProposal
08-04 13:10 nessai INFO    : it:  3000: Rolling KS test: D=0.017, p-value=0.5547
08-04 13:10 nessai INFO    : it:  3000: n eval: 11988 H: 9.91 dlogZ: 315078.807 logZ: -320797.933 +/- 0.100 logLmax: -5716.13
08-04 13:10 nessai INFO    : it:  4000: Rolling KS test: D=0.01, p-value=0.8133
08-04 13:10 nessai INFO    : it:  4000: n eval: 15708 H: 10.91 dlogZ: 132094.782 logZ: -134942.423 +/- 0.104 logLmax: -2843.64
08-04 13:10 nessai INFO    : it:  5000: Rolling KS test: D=0.007, p-value=0.9024
08-04 13:10 nessai INFO    : it:  5000: n eval: 20056 H: 11.91 dlogZ: 67688.799 logZ: -67723.607 +/- 0.109 logLmax: -29.81
08-04 13:10 nessai INFO    : it:  6000: Rolling KS test: D=0.016, p-value=0.593
08-04 13:10 nessai INFO    : it:  6000: n eval: 24897 H: 12.88 dlogZ: 36715.571 logZ: -36751.379 +/- 0.113 logLmax: -29.81
08-04 13:10 nessai INFO    : it:  7000: Rolling KS test: D=0.023, p-value=0.3419
08-04 13:10 nessai INFO    : it:  7000: n eval: 29495 H: 13.59 dlogZ: 20587.572 logZ: -20624.380 +/- 0.117 logLmax: -29.81
08-04 13:10 nessai INFO    : it:  8000: Rolling KS test: D=0.008, p-value=0.8752
08-04 13:10 nessai INFO    : it:  8000: n eval: 34547 H: 14.60 dlogZ: 12214.785 logZ: -12252.593 +/- 0.121 logLmax: -29.81
08-04 13:10 nessai INFO    : it:  9000: Rolling KS test: D=0.005, p-value=0.9481
08-04 13:10 nessai INFO    : it:  9000: n eval: 39886 H: 15.66 dlogZ: 7114.763 logZ: -7153.571 +/- 0.125 logLmax: -29.81
08-04 13:10 nessai INFO    : it: 10000: Rolling KS test: D=0.018, p-value=0.5169
08-04 13:10 nessai INFO    : it: 10000: n eval: 45519 H: 16.11 dlogZ: 4288.537 logZ: -4328.345 +/- 0.127 logLmax: -29.81
08-04 13:10 nessai INFO    : it: 11000: Rolling KS test: D=0.03, p-value=0.162
08-04 13:10 nessai INFO    : it: 11000: n eval: 50768 H: 16.75 dlogZ: 2550.359 logZ: -2591.168 +/- 0.129 logLmax: -29.81
08-04 13:10 nessai INFO    : it: 12000: Rolling KS test: D=0.024, p-value=0.311
08-04 13:10 nessai INFO    : it: 12000: n eval: 56070 H: 17.21 dlogZ: 1491.792 logZ: -1533.601 +/- 0.131 logLmax: -29.81
08-04 13:10 nessai INFO    : it: 13000: Rolling KS test: D=0.015, p-value=0.6313
08-04 13:10 nessai INFO    : it: 13000: n eval: 61876 H: 18.35 dlogZ: 872.256 logZ: -915.064 +/- 0.135 logLmax: -29.81
08-04 13:10 nessai INFO    : it: 14000: Rolling KS test: D=0.025, p-value=0.2818
08-04 13:10 nessai INFO    : it: 14000: n eval: 67547 H: 18.61 dlogZ: 528.611 logZ: -566.787 +/- 0.136 logLmax: -24.18
08-04 13:10 nessai INFO    : it: 15000: Rolling KS test: D=0.022, p-value=0.3744
08-04 13:10 nessai INFO    : it: 15000: n eval: 77661 H: 18.93 dlogZ: 319.824 logZ: -348.225 +/- 0.138 logLmax: -13.40
08-04 13:10 nessai INFO    : it: 16000: Rolling KS test: D=0.03, p-value=0.162
08-04 13:10 nessai INFO    : it: 16000: n eval: 84591 H: 19.37 dlogZ: 191.303 logZ: -219.264 +/- 0.139 logLmax: -11.96
08-04 13:10 nessai INFO    : it: 17000: Rolling KS test: D=0.032, p-value=0.1263
08-04 13:10 nessai INFO    : it: 17000: n eval: 96018 H: 20.12 dlogZ: 124.298 logZ: -146.291 +/- 0.142 logLmax: -4.99
08-04 13:10 nessai INFO    : it: 18000: Rolling KS test: D=0.016, p-value=0.593
08-04 13:10 nessai INFO    : it: 18000: n eval: 108359 H: 20.57 dlogZ: 76.807 logZ: -99.721 +/- 0.143 logLmax: -4.92
08-04 13:10 nessai INFO    : it: 19000: Rolling KS test: D=0.017, p-value=0.5547
08-04 13:10 nessai INFO    : it: 19000: n eval: 123352 H: 21.07 dlogZ: 46.589 logZ: -70.503 +/- 0.145 logLmax: -4.92
08-04 13:10 nessai INFO    : it: 20000: Rolling KS test: D=0.016, p-value=0.593
08-04 13:10 nessai INFO    : it: 20000: n eval: 141197 H: 21.62 dlogZ: 30.132 logZ: -53.438 +/- 0.147 logLmax: -3.31
08-04 13:11 nessai INFO    : it: 21000: Rolling KS test: D=0.031, p-value=0.1433
08-04 13:11 nessai INFO    : it: 21000: n eval: 161550 H: 21.95 dlogZ: 19.103 logZ: -43.408 +/- 0.148 logLmax: -3.31
08-04 13:11 nessai INFO    : it: 22000: Rolling KS test: D=0.025, p-value=0.2818
08-04 13:11 nessai INFO    : it: 22000: n eval: 187203 H: 22.37 dlogZ: 13.283 logZ: -37.791 +/- 0.150 logLmax: -2.51
08-04 13:11 nessai INFO    : it: 23000: Rolling KS test: D=0.019, p-value=0.4797
08-04 13:11 nessai INFO    : it: 23000: n eval: 210151 H: 22.83 dlogZ: 9.039 logZ: -34.427 +/- 0.151 logLmax: -2.39
08-04 13:11 nessai INFO    : it: 24000: Rolling KS test: D=0.013, p-value=0.7071
08-04 13:11 nessai INFO    : it: 24000: n eval: 244585 H: 23.19 dlogZ: 6.383 logZ: -32.406 +/- 0.152 logLmax: -2.03
08-04 13:11 nessai INFO    : it: 25000: Rolling KS test: D=0.006, p-value=0.9268
08-04 13:11 nessai INFO    : it: 25000: n eval: 281509 H: 23.63 dlogZ: 4.595 logZ: -31.109 +/- 0.154 logLmax: -1.53
08-04 13:11 nessai INFO    : it: 26000: Rolling KS test: D=0.022, p-value=0.3744
08-04 13:11 nessai INFO    : it: 26000: n eval: 321509 H: 24.05 dlogZ: 2.796 logZ: -30.253 +/- 0.155 logLmax: -1.52
08-04 13:11 nessai INFO    : it: 27000: Rolling KS test: D=0.029, p-value=0.1825
08-04 13:11 nessai INFO    : it: 27000: n eval: 361195 H: 24.38 dlogZ: 1.615 logZ: -29.723 +/- 0.156 logLmax: -1.33
08-04 13:12 nessai INFO    : it: 28000: Rolling KS test: D=0.022, p-value=0.3744
08-04 13:12 nessai INFO    : it: 28000: n eval: 399148 H: 24.61 dlogZ: 0.751 logZ: -29.425 +/- 0.157 logLmax: -1.31
08-04 13:12 nessai INFO    : it: 29000: Rolling KS test: D=0.024, p-value=0.311
08-04 13:12 nessai INFO    : it: 29000: n eval: 446936 H: 24.76 dlogZ: 0.394 logZ: -29.264 +/- 0.157 logLmax: -0.99
08-04 13:12 nessai INFO    : it: 30000: Rolling KS test: D=0.034, p-value=0.09683
08-04 13:12 nessai INFO    : it: 30000: n eval: 496936 H: 24.85 dlogZ: 0.152 logZ: -29.182 +/- 0.158 logLmax: -0.99
08-04 13:12 nessai INFO    : Stopping with difference_log_evidence=0.100
08-04 13:12 nessai INFO    : Finalising
08-04 13:12 nessai INFO    : Final ln-evidence: -29.116 +/- 0.158
08-04 13:12 nessai INFO    : Information: 24.95
08-04 13:12 nessai INFO    : Final KS test: D=0.003904, p-value=0.3946
08-04 13:12 nessai INFO    : Checkpointing nested sampling
08-04 13:12 nessai INFO    : Total sampling time: 0:02:34.199120
08-04 13:12 nessai INFO    : Total training time: 0:00:47.705275
08-04 13:12 nessai INFO    : Total population time: 0:00:47.584633
08-04 13:12 nessai INFO    : Total likelihood evaluations: 506936
08-04 13:12 nessai INFO    : Time spent evaluating likelihood: 0:00:20.676771
08-04 13:12 nessai INFO    : Total sampling time: 0:02:34.199120
08-04 13:12 nessai INFO    : Total likelihood evaluations: 506936
08-04 13:12 nessai INFO    : Starting post processing
08-04 13:12 nessai INFO    : Computing posterior samples
08-04 13:12 nessai INFO    : Effective sample size: 6343.5
08-04 13:12 nessai INFO    : Producing posterior samples using rejection sampling
08-04 13:12 nessai INFO    : Expect 4353.446146712882 samples from rejection sampling
08-04 13:12 nessai INFO    : Returned 4338 posterior samples
08-04 13:13 nessai INFO    : Starting to close worker pool.
08-04 13:13 nessai INFO    : Finished closing worker pool.
