/data/wiay/postgrads/shashwat/qunat_com_future/lib/python3.11/site-packages/nessai/utils/logging.py:133: FutureWarning: setup_logger is deprecated, use configure_logger instead
  warnings.warn(
08-04 14:53 nessai INFO    : Running Nessai version 0.15.2
08-04 14:53 nessai INFO    : Starting multiprocessing pool with 4 processes
08-04 14:53 nessai INFO    : Initialising nested sampler
08-04 14:53 nessai WARNING : Multiprocessing pool has already been configured.
/data/wiay/postgrads/shashwat/qunat_com_future/lib/python3.11/site-packages/nessai/gw/__init__.py:12: FutureWarning: The `nessai.gw` module will be deprecated in the next release in favour of the nessai-gw package. This packages provides the same functionality as`nessai.gw` via the plugin interface.For more details, see: https://github.com/mj-will/nessai-gw
  warnings.warn(
08-04 14:53 nessai INFO    : Passing kwargs to FlowProposal: {'poolsize': 1000}
08-04 14:53 nessai INFO    : No reparameterisations provided, using default reparameterisations included in FlowProposal
08-04 14:53 nessai INFO    : Adding reparameterisations from: {}
08-04 14:53 nessai INFO    : Assuming fallback reparameterisation (ScaleAndShift) for ['kappa', 'mu_xi', 'sigma_chi', 'sigma_xi', 'rho', 'lambda_chi', 'chi0', 'xi0'] with kwargs: {'estimate_scale': True, 'estimate_shift': True, 'prior_bounds': {'kappa': array([0.1, 5. ]), 'mu_xi': array([0. , 0.1]), 'sigma_chi': array([0.05, 0.6 ]), 'sigma_xi': array([0.05, 0.4 ]), 'rho': array([-0.9,  0.9]), 'lambda_chi': array([-0.5,  0.5]), 'chi0': array([-0.5,  0.5]), 'xi0': array([2.5, 5. ])}}.
08-04 14:53 nessai INFO    : x space parameters: ['kappa', 'mu_xi', 'sigma_chi', 'sigma_xi', 'rho', 'lambda_chi', 'chi0', 'xi0']
08-04 14:53 nessai INFO    : x prime space parameters: ['kappa_prime', 'mu_xi_prime', 'sigma_chi_prime', 'sigma_xi_prime', 'rho_prime', 'lambda_chi_prime', 'chi0_prime', 'xi0_prime']
08-04 14:53 nessai INFO    : Overwriting fuzz factor with expansion fraction
08-04 14:53 nessai INFO    : New fuzz factor: 1.2228445449938519
08-04 14:53 nessai INFO    : Verifying rescaling functions
08-04 14:53 nessai INFO    : Rescaling functions are invertible
08-04 14:53 nessai INFO    : Populating initial live points
08-04 14:53 nessai INFO    : Populated 100 / 1000 live points
08-04 14:53 nessai INFO    : Populated 200 / 1000 live points
08-04 14:53 nessai INFO    : Populated 300 / 1000 live points
08-04 14:53 nessai INFO    : Populated 400 / 1000 live points
08-04 14:53 nessai INFO    : Populated 500 / 1000 live points
08-04 14:53 nessai INFO    : Populated 600 / 1000 live points
08-04 14:53 nessai INFO    : Populated 700 / 1000 live points
08-04 14:53 nessai INFO    : Populated 800 / 1000 live points
08-04 14:53 nessai INFO    : Populated 900 / 1000 live points
08-04 14:53 nessai INFO    : Populated 1000 / 1000 live points
08-04 14:53 nessai INFO    : Starting nested sampling loop
08-04 14:53 nessai INFO    : it:  1000: Rolling KS test: D=0.019, p-value=0.4797
08-04 14:53 nessai INFO    : it:  1000: n eval: 3000 H: 7.91 dlogZ: 45014224.030 logZ: -45921829.216 +/- 0.089 logLmax: -907604.19
08-04 14:53 nessai INFO    : it:  2000: Rolling KS test: D=0.01, p-value=0.8133
08-04 14:53 nessai INFO    : it:  2000: n eval: 8000 H: 8.91 dlogZ: 19705743.195 logZ: -20088124.984 +/- 0.094 logLmax: -382379.79
08-04 14:53 nessai INFO    : Switching to FlowProposal
08-04 14:53 nessai INFO    : it:  3000: Rolling KS test: D=0.011, p-value=0.7794
08-04 14:53 nessai INFO    : it:  3000: n eval: 12105 H: 9.91 dlogZ: 10537485.890 logZ: -10919868.679 +/- 0.100 logLmax: -382379.79
08-04 14:53 nessai INFO    : it:  4000: Rolling KS test: D=0.015, p-value=0.6313
08-04 14:53 nessai INFO    : it:  4000: n eval: 13849 H: 10.91 dlogZ: 6099573.503 logZ: -6481957.292 +/- 0.104 logLmax: -382379.79
08-04 14:53 nessai INFO    : it:  5000: Rolling KS test: D=0.008, p-value=0.8752
08-04 14:53 nessai INFO    : it:  5000: n eval: 17531 H: 11.91 dlogZ: 4100645.137 logZ: -4200132.168 +/- 0.109 logLmax: -99482.03
08-04 14:53 nessai INFO    : it:  6000: Rolling KS test: D=0.017, p-value=0.5547
08-04 14:53 nessai INFO    : it:  6000: n eval: 21540 H: 12.91 dlogZ: 2937133.216 logZ: -3014909.342 +/- 0.114 logLmax: -77770.13
08-04 14:53 nessai INFO    : it:  7000: Rolling KS test: D=0.034, p-value=0.09683
08-04 14:53 nessai INFO    : it:  7000: n eval: 25662 H: 13.91 dlogZ: 1882224.145 logZ: -1904295.850 +/- 0.118 logLmax: -22064.71
08-04 14:53 nessai INFO    : it:  8000: Rolling KS test: D=0.012, p-value=0.7438
08-04 14:53 nessai INFO    : it:  8000: n eval: 29683 H: 14.91 dlogZ: 1029265.365 logZ: -1041876.365 +/- 0.122 logLmax: -12603.00
08-04 14:53 nessai INFO    : it:  9000: Rolling KS test: D=0.019, p-value=0.4797
08-04 14:53 nessai INFO    : it:  9000: n eval: 34224 H: 15.91 dlogZ: 552171.087 logZ: -564783.088 +/- 0.126 logLmax: -12603.00
08-04 14:53 nessai INFO    : it: 10000: Rolling KS test: D=0.0, p-value=1.0
08-04 14:53 nessai INFO    : it: 10000: n eval: 36246 H: 16.91 dlogZ: 297327.468 logZ: -307807.361 +/- 0.130 logLmax: -10469.89
08-04 14:53 nessai INFO    : it: 11000: Rolling KS test: D=0.006, p-value=0.9268
08-04 14:53 nessai INFO    : it: 11000: n eval: 40476 H: 17.91 dlogZ: 156576.232 logZ: -157642.245 +/- 0.134 logLmax: -1055.01
08-04 14:53 nessai INFO    : it: 12000: Rolling KS test: D=0.031, p-value=0.1433
08-04 14:53 nessai INFO    : it: 12000: n eval: 48348 H: 18.91 dlogZ: 88612.292 logZ: -89679.305 +/- 0.138 logLmax: -1055.01
08-04 14:53 nessai INFO    : it: 13000: Rolling KS test: D=0.031, p-value=0.1433
08-04 14:53 nessai INFO    : it: 13000: n eval: 54225 H: 19.91 dlogZ: 48525.044 logZ: -49593.057 +/- 0.141 logLmax: -1055.01
08-04 14:53 nessai INFO    : it: 14000: Rolling KS test: D=0.044, p-value=0.0202
08-04 14:53 nessai INFO    : it: 14000: n eval: 60043 H: 20.91 dlogZ: 27834.838 logZ: -28903.851 +/- 0.145 logLmax: -1055.01
08-04 14:53 nessai INFO    : it: 15000: Rolling KS test: D=0.022, p-value=0.3744
08-04 14:53 nessai INFO    : it: 15000: n eval: 70314 H: 21.87 dlogZ: 16460.625 logZ: -16826.222 +/- 0.148 logLmax: -350.60
08-04 14:53 nessai INFO    : it: 16000: Rolling KS test: D=0.02, p-value=0.4434
08-04 14:53 nessai INFO    : it: 16000: n eval: 77658 H: 22.35 dlogZ: 9966.108 logZ: -10179.188 +/- 0.150 logLmax: -197.08
08-04 14:53 nessai INFO    : it: 17000: Rolling KS test: D=0.024, p-value=0.311
08-04 14:53 nessai INFO    : it: 17000: n eval: 90415 H: 23.26 dlogZ: 6043.384 logZ: -6257.465 +/- 0.153 logLmax: -197.08
08-04 14:54 nessai INFO    : it: 18000: Rolling KS test: D=0.006, p-value=0.9268
08-04 14:54 nessai INFO    : it: 18000: n eval: 102110 H: 24.54 dlogZ: 3600.030 logZ: -3749.710 +/- 0.157 logLmax: -131.68
08-04 14:54 nessai INFO    : it: 19000: Rolling KS test: D=0.013, p-value=0.7071
08-04 14:54 nessai INFO    : it: 19000: n eval: 114826 H: 24.65 dlogZ: 2094.184 logZ: -2244.865 +/- 0.157 logLmax: -131.68
08-04 14:54 nessai INFO    : it: 20000: Rolling KS test: D=0.015, p-value=0.6313
08-04 14:54 nessai INFO    : it: 20000: n eval: 125223 H: 25.36 dlogZ: 1354.578 logZ: -1409.355 +/- 0.159 logLmax: -34.78
08-04 14:54 nessai INFO    : it: 21000: Rolling KS test: D=0.015, p-value=0.6313
08-04 14:54 nessai INFO    : it: 21000: n eval: 140931 H: 26.42 dlogZ: 808.281 logZ: -864.058 +/- 0.163 logLmax: -34.78
08-04 14:54 nessai INFO    : it: 22000: Rolling KS test: D=0.031, p-value=0.1433
08-04 14:54 nessai INFO    : it: 22000: n eval: 156651 H: 26.30 dlogZ: 466.357 logZ: -523.134 +/- 0.162 logLmax: -34.78
08-04 14:54 nessai INFO    : it: 23000: Rolling KS test: D=0.013, p-value=0.7071
08-04 14:54 nessai INFO    : it: 23000: n eval: 186403 H: 26.77 dlogZ: 295.392 logZ: -338.379 +/- 0.164 logLmax: -19.99
08-04 14:54 nessai INFO    : it: 24000: Rolling KS test: D=0.023, p-value=0.3419
08-04 14:54 nessai INFO    : it: 24000: n eval: 223987 H: 27.24 dlogZ: 184.052 logZ: -221.601 +/- 0.165 logLmax: -13.55
08-04 14:54 nessai INFO    : it: 25000: Rolling KS test: D=0.009, p-value=0.8454
08-04 14:54 nessai INFO    : it: 25000: n eval: 258648 H: 27.89 dlogZ: 113.598 logZ: -152.148 +/- 0.167 logLmax: -13.55
08-04 14:54 nessai INFO    : it: 26000: Rolling KS test: D=0.014, p-value=0.6695
08-04 14:54 nessai INFO    : it: 26000: n eval: 308639 H: 28.48 dlogZ: 74.570 logZ: -109.264 +/- 0.169 logLmax: -8.69
08-04 14:54 nessai INFO    : it: 27000: Rolling KS test: D=0.008, p-value=0.8752
08-04 14:54 nessai INFO    : it: 27000: n eval: 346732 H: 29.07 dlogZ: 49.191 logZ: -83.563 +/- 0.171 logLmax: -7.37
08-04 14:54 nessai INFO    : it: 28000: Rolling KS test: D=0.04, p-value=0.03967
08-04 14:54 nessai INFO    : it: 28000: n eval: 406732 H: 29.52 dlogZ: 31.924 logZ: -66.192 +/- 0.172 logLmax: -6.27
08-04 14:55 nessai INFO    : it: 29000: Rolling KS test: D=0.027, p-value=0.2286
08-04 14:55 nessai INFO    : it: 29000: n eval: 456732 H: 30.09 dlogZ: 23.734 logZ: -55.302 +/- 0.173 logLmax: -2.57
08-04 14:55 nessai INFO    : it: 30000: Rolling KS test: D=0.048, p-value=0.009645
08-04 14:55 nessai INFO    : it: 30000: n eval: 526732 H: 30.58 dlogZ: 15.982 logZ: -48.550 +/- 0.175 logLmax: -2.57
08-04 14:55 nessai INFO    : it: 31000: Rolling KS test: D=0.032, p-value=0.1263
08-04 14:55 nessai INFO    : it: 31000: n eval: 596732 H: 31.12 dlogZ: 12.102 logZ: -44.279 +/- 0.176 logLmax: -1.18
08-04 14:55 nessai INFO    : it: 32000: Rolling KS test: D=0.019, p-value=0.4797
08-04 14:55 nessai INFO    : it: 32000: n eval: 676732 H: 31.64 dlogZ: 8.201 logZ: -41.377 +/- 0.178 logLmax: -1.18
08-04 14:55 nessai INFO    : it: 33000: Rolling KS test: D=0.03, p-value=0.162
08-04 14:55 nessai INFO    : it: 33000: n eval: 766732 H: 32.00 dlogZ: 5.502 logZ: -39.675 +/- 0.179 logLmax: -1.18
08-04 14:55 nessai INFO    : it: 34000: Rolling KS test: D=0.015, p-value=0.6313
08-04 14:55 nessai INFO    : it: 34000: n eval: 846732 H: 32.42 dlogZ: 3.425 logZ: -38.569 +/- 0.180 logLmax: -1.18
08-04 14:56 nessai INFO    : it: 35000: Rolling KS test: D=0.015, p-value=0.6313
08-04 14:56 nessai INFO    : it: 35000: n eval: 966732 H: 32.78 dlogZ: 2.073 logZ: -37.869 +/- 0.181 logLmax: -0.93
08-04 14:56 nessai INFO    : it: 36000: Rolling KS test: D=0.031, p-value=0.1433
08-04 14:56 nessai INFO    : it: 36000: n eval: 1076732 H: 33.03 dlogZ: 1.275 logZ: -37.477 +/- 0.182 logLmax: -0.53
08-04 14:56 nessai INFO    : it: 37000: Rolling KS test: D=0.026, p-value=0.2543
08-04 14:56 nessai INFO    : it: 37000: n eval: 1226732 H: 33.21 dlogZ: 0.656 logZ: -37.256 +/- 0.182 logLmax: -0.33
08-04 14:56 nessai INFO    : it: 38000: Rolling KS test: D=0.026, p-value=0.2543
08-04 14:56 nessai INFO    : it: 38000: n eval: 1356732 H: 33.34 dlogZ: 0.264 logZ: -37.137 +/- 0.183 logLmax: -0.33
08-04 14:57 nessai INFO    : Stopping with difference_log_evidence=0.100
08-04 14:57 nessai INFO    : Finalising
08-04 14:57 nessai INFO    : Final ln-evidence: -37.027 +/- 0.183
08-04 14:57 nessai INFO    : Information: 33.50
08-04 14:57 nessai INFO    : Final KS test: D=0.004978, p-value=0.1442
08-04 14:57 nessai INFO    : Checkpointing nested sampling
08-04 14:57 nessai INFO    : Total sampling time: 0:03:44.106659
08-04 14:57 nessai INFO    : Total training time: 0:01:21.906505
08-04 14:57 nessai INFO    : Total population time: 0:01:09.233636
08-04 14:57 nessai INFO    : Total likelihood evaluations: 1496732
08-04 14:57 nessai INFO    : Time spent evaluating likelihood: 0:00:28.883112
08-04 14:57 nessai INFO    : Total sampling time: 0:03:44.106659
08-04 14:57 nessai INFO    : Total likelihood evaluations: 1496732
08-04 14:57 nessai INFO    : Starting post processing
08-04 14:57 nessai INFO    : Computing posterior samples
08-04 14:57 nessai INFO    : Effective sample size: 6395.3
08-04 14:57 nessai INFO    : Producing posterior samples using rejection sampling
08-04 14:57 nessai INFO    : Expect 4383.426356389656 samples from rejection sampling
08-04 14:57 nessai INFO    : Returned 4371 posterior samples
08-04 14:57 nessai INFO    : Starting to close worker pool.
08-04 14:57 nessai INFO    : Finished closing worker pool.
