/data/wiay/postgrads/shashwat/qunat_com_future/lib/python3.11/site-packages/nessai/utils/logging.py:133: FutureWarning: setup_logger is deprecated, use configure_logger instead
  warnings.warn(
08-04 12:02 nessai INFO    : Running Nessai version 0.15.2
08-04 12:02 nessai INFO    : Starting multiprocessing pool with 4 processes
08-04 12:02 nessai INFO    : Initialising nested sampler
08-04 12:02 nessai WARNING : Multiprocessing pool has already been configured.
/data/wiay/postgrads/shashwat/qunat_com_future/lib/python3.11/site-packages/nessai/gw/__init__.py:12: FutureWarning: The `nessai.gw` module will be deprecated in the next release in favour of the nessai-gw package. This packages provides the same functionality as`nessai.gw` via the plugin interface.For more details, see: https://github.com/mj-will/nessai-gw
  warnings.warn(
08-04 12:02 nessai INFO    : Passing kwargs to FlowProposal: {'poolsize': 1000}
08-04 12:02 nessai INFO    : No reparameterisations provided, using default reparameterisations included in FlowProposal
08-04 12:02 nessai INFO    : Adding reparameterisations from: {}
08-04 12:02 nessai INFO    : Assuming fallback reparameterisation (ScaleAndShift) for ['kappa', 'mu_xi', 'sigma_chi', 'sigma_xi', 'rho', 'lambda_chi', 'chi0', 'xi0'] with kwargs: {'estimate_scale': True, 'estimate_shift': True, 'prior_bounds': {'kappa': array([0.1, 5. ]), 'mu_xi': array([0. , 0.1]), 'sigma_chi': array([0.05, 0.6 ]), 'sigma_xi': array([0.05, 0.4 ]), 'rho': array([-0.9,  0.9]), 'lambda_chi': array([-0.5,  0.5]), 'chi0': array([-0.5,  0.5]), 'xi0': array([2.5, 5. ])}}.
08-04 12:02 nessai INFO    : x space parameters: ['kappa', 'mu_xi', 'sigma_chi', 'sigma_xi', 'rho', 'lambda_chi', 'chi0', 'xi0']
08-04 12:02 nessai INFO    : x prime space parameters: ['kappa_prime', 'mu_xi_prime', 'sigma_chi_prime', 'sigma_xi_prime', 'rho_prime', 'lambda_chi_prime', 'chi0_prime', 'xi0_prime']
08-04 12:02 nessai INFO    : Overwriting fuzz factor with expansion fraction
08-04 12:02 nessai INFO    : New fuzz factor: 1.2228445449938519
08-04 12:02 nessai INFO    : Verifying rescaling functions
08-04 12:02 nessai INFO    : Rescaling functions are invertible
08-04 12:02 nessai INFO    : Populating initial live points
08-04 12:02 nessai INFO    : Populated 100 / 1000 live points
08-04 12:02 nessai INFO    : Populated 200 / 1000 live points
08-04 12:02 nessai INFO    : Populated 300 / 1000 live points
08-04 12:02 nessai INFO    : Populated 400 / 1000 live points
08-04 12:02 nessai INFO    : Populated 500 / 1000 live points
08-04 12:02 nessai INFO    : Populated 600 / 1000 live points
08-04 12:02 nessai INFO    : Populated 700 / 1000 live points
08-04 12:02 nessai INFO    : Populated 800 / 1000 live points
08-04 12:02 nessai INFO    : Populated 900 / 1000 live points
08-04 12:02 nessai INFO    : Populated 1000 / 1000 live points
08-04 12:02 nessai INFO    : Starting nested sampling loop
08-04 12:02 nessai INFO    : it:  1000: Rolling KS test: D=0.03, p-value=0.162
08-04 12:02 nessai INFO    : it:  1000: n eval: 3000 H: 7.91 dlogZ: 3645887.594 logZ: -3656143.806 +/- 0.089 logLmax: -10255.21
08-04 12:02 nessai INFO    : it:  2000: Rolling KS test: D=0.024, p-value=0.311
08-04 12:02 nessai INFO    : it:  2000: n eval: 8000 H: 8.91 dlogZ: 1122039.385 logZ: -1126859.515 +/- 0.094 logLmax: -4818.13
08-04 12:02 nessai INFO    : Switching to FlowProposal
08-04 12:02 nessai INFO    : it:  3000: Rolling KS test: D=0.017, p-value=0.5547
08-04 12:02 nessai INFO    : it:  3000: n eval: 12168 H: 9.91 dlogZ: 448278.281 logZ: -450678.529 +/- 0.100 logLmax: -2397.25
08-04 12:02 nessai INFO    : it:  4000: Rolling KS test: D=0.019, p-value=0.4797
08-04 12:02 nessai INFO    : it:  4000: n eval: 15992 H: 10.91 dlogZ: 193166.059 logZ: -194999.712 +/- 0.104 logLmax: -1829.65
08-04 12:02 nessai INFO    : it:  5000: Rolling KS test: D=0.05, p-value=0.006506
08-04 12:02 nessai INFO    : it:  5000: n eval: 20251 H: 11.91 dlogZ: 90283.715 logZ: -92042.631 +/- 0.109 logLmax: -1753.92
08-04 12:02 nessai INFO    : it:  6000: Rolling KS test: D=0.022, p-value=0.3744
08-04 12:02 nessai INFO    : it:  6000: n eval: 22272 H: 12.91 dlogZ: 44437.091 logZ: -45178.587 +/- 0.114 logLmax: -735.50
08-04 12:02 nessai INFO    : it:  7000: Rolling KS test: D=0.016, p-value=0.593
08-04 12:02 nessai INFO    : it:  7000: n eval: 26777 H: 13.76 dlogZ: 21474.668 logZ: -22217.164 +/- 0.117 logLmax: -735.50
08-04 12:03 nessai INFO    : it:  8000: Rolling KS test: D=0.015, p-value=0.6313
08-04 12:03 nessai INFO    : it:  8000: n eval: 30831 H: 14.60 dlogZ: 10525.146 logZ: -10912.979 +/- 0.121 logLmax: -379.83
08-04 12:03 nessai INFO    : it:  9000: Rolling KS test: D=0.023, p-value=0.3419
08-04 12:03 nessai INFO    : it:  9000: n eval: 34968 H: 15.21 dlogZ: 5643.176 logZ: -5797.653 +/- 0.123 logLmax: -145.48
08-04 12:03 nessai INFO    : it: 10000: Rolling KS test: D=0.01, p-value=0.8133
08-04 12:03 nessai INFO    : it: 10000: n eval: 39454 H: 15.90 dlogZ: 3148.071 logZ: -3246.877 +/- 0.126 logLmax: -88.81
08-04 12:03 nessai INFO    : it: 11000: Rolling KS test: D=0.019, p-value=0.4797
08-04 12:03 nessai INFO    : it: 11000: n eval: 43957 H: 17.53 dlogZ: 1908.377 logZ: -2008.183 +/- 0.132 logLmax: -88.81
08-04 12:03 nessai INFO    : it: 12000: Rolling KS test: D=0.034, p-value=0.09683
08-04 12:03 nessai INFO    : it: 12000: n eval: 49091 H: 17.45 dlogZ: 1223.098 logZ: -1262.820 +/- 0.132 logLmax: -27.72
08-04 12:03 nessai INFO    : it: 13000: Rolling KS test: D=0.009, p-value=0.8454
08-04 12:03 nessai INFO    : it: 13000: n eval: 53915 H: 18.16 dlogZ: 754.747 logZ: -795.469 +/- 0.135 logLmax: -27.72
08-04 12:03 nessai INFO    : it: 14000: Rolling KS test: D=0.017, p-value=0.5547
08-04 12:03 nessai INFO    : it: 14000: n eval: 58724 H: 18.17 dlogZ: 453.629 logZ: -495.351 +/- 0.135 logLmax: -27.72
08-04 12:03 nessai INFO    : it: 15000: Rolling KS test: D=0.032, p-value=0.1263
08-04 12:03 nessai INFO    : it: 15000: n eval: 64178 H: 19.21 dlogZ: 287.130 logZ: -309.976 +/- 0.139 logLmax: -7.85
08-04 12:03 nessai INFO    : it: 16000: Rolling KS test: D=0.031, p-value=0.1433
08-04 12:03 nessai INFO    : it: 16000: n eval: 69169 H: 19.65 dlogZ: 171.852 logZ: -195.698 +/- 0.140 logLmax: -7.85
08-04 12:03 nessai INFO    : it: 17000: Rolling KS test: D=0.04, p-value=0.03967
08-04 12:03 nessai INFO    : it: 17000: n eval: 77626 H: 19.91 dlogZ: 103.057 logZ: -127.903 +/- 0.141 logLmax: -7.85
08-04 12:03 nessai INFO    : it: 18000: Rolling KS test: D=0.012, p-value=0.7438
08-04 12:03 nessai INFO    : it: 18000: n eval: 84176 H: 20.43 dlogZ: 61.471 logZ: -85.619 +/- 0.143 logLmax: -6.15
08-04 12:03 nessai INFO    : it: 19000: Rolling KS test: D=0.036, p-value=0.07308
08-04 12:03 nessai INFO    : it: 19000: n eval: 95652 H: 20.77 dlogZ: 39.932 logZ: -62.968 +/- 0.144 logLmax: -3.98
08-04 12:03 nessai INFO    : it: 20000: Rolling KS test: D=0.031, p-value=0.1433
08-04 12:03 nessai INFO    : it: 20000: n eval: 102306 H: 21.37 dlogZ: 25.513 logZ: -48.088 +/- 0.146 logLmax: -2.58
08-04 12:03 nessai INFO    : it: 21000: Rolling KS test: D=0.016, p-value=0.593
08-04 12:03 nessai INFO    : it: 21000: n eval: 114376 H: 21.81 dlogZ: 15.641 logZ: -39.216 +/- 0.148 logLmax: -2.58
08-04 12:03 nessai INFO    : it: 22000: Rolling KS test: D=0.016, p-value=0.593
08-04 12:03 nessai INFO    : it: 22000: n eval: 129551 H: 22.24 dlogZ: 9.683 logZ: -34.042 +/- 0.149 logLmax: -2.36
08-04 12:03 nessai INFO    : it: 23000: Rolling KS test: D=0.011, p-value=0.7794
08-04 12:03 nessai INFO    : it: 23000: n eval: 147300 H: 22.58 dlogZ: 5.895 logZ: -31.251 +/- 0.150 logLmax: -2.36
08-04 12:03 nessai INFO    : it: 24000: Rolling KS test: D=0.034, p-value=0.09683
08-04 12:03 nessai INFO    : it: 24000: n eval: 172131 H: 22.94 dlogZ: 3.471 logZ: -29.582 +/- 0.151 logLmax: -2.14
08-04 12:03 nessai INFO    : it: 25000: Rolling KS test: D=0.022, p-value=0.3744
08-04 12:03 nessai INFO    : it: 25000: n eval: 209088 H: 23.17 dlogZ: 2.067 logZ: -28.720 +/- 0.152 logLmax: -1.79
08-04 12:03 nessai INFO    : it: 26000: Rolling KS test: D=0.016, p-value=0.593
08-04 12:03 nessai INFO    : it: 26000: n eval: 248389 H: 23.34 dlogZ: 1.041 logZ: -28.283 +/- 0.153 logLmax: -1.68
08-04 12:04 nessai INFO    : it: 27000: Rolling KS test: D=0.045, p-value=0.01689
08-04 12:04 nessai INFO    : it: 27000: n eval: 287667 H: 23.45 dlogZ: 0.453 logZ: -28.068 +/- 0.153 logLmax: -1.63
08-04 12:04 nessai INFO    : it: 28000: Rolling KS test: D=0.007, p-value=0.9024
08-04 12:04 nessai INFO    : it: 28000: n eval: 337667 H: 23.53 dlogZ: 0.180 logZ: -27.965 +/- 0.153 logLmax: -1.59
08-04 12:04 nessai INFO    : Stopping with difference_log_evidence=0.100
08-04 12:04 nessai INFO    : Finalising
08-04 12:04 nessai INFO    : Final ln-evidence: -27.880 +/- 0.154
08-04 12:04 nessai INFO    : Information: 23.61
08-04 12:04 nessai INFO    : Final KS test: D=0.007887, p-value=0.02766
08-04 12:04 nessai WARNING : Final p-value for the insertion indices is less than 0.05, this could be an indication of problems during sampling. Consider checking the diagnostic plots.
08-04 12:04 nessai INFO    : Checkpointing nested sampling
08-04 12:04 nessai INFO    : Total sampling time: 0:01:26.535482
08-04 12:04 nessai INFO    : Total training time: 0:00:26.260911
08-04 12:04 nessai INFO    : Total population time: 0:00:23.111555
08-04 12:04 nessai INFO    : Total likelihood evaluations: 377667
08-04 12:04 nessai INFO    : Time spent evaluating likelihood: 0:00:07.935590
08-04 12:04 nessai INFO    : Total sampling time: 0:01:26.535482
08-04 12:04 nessai INFO    : Total likelihood evaluations: 377667
08-04 12:04 nessai INFO    : Starting post processing
08-04 12:04 nessai INFO    : Computing posterior samples
08-04 12:04 nessai INFO    : Effective sample size: 5497.9
08-04 12:04 nessai INFO    : Producing posterior samples using rejection sampling
08-04 12:04 nessai INFO    : Expect 3718.56248571778 samples from rejection sampling
08-04 12:04 nessai INFO    : Returned 3776 posterior samples
08-04 12:04 nessai INFO    : Starting to close worker pool.
08-04 12:04 nessai INFO    : Finished closing worker pool.
