/data/wiay/postgrads/shashwat/qunat_com_future/lib/python3.11/site-packages/nessai/utils/logging.py:133: FutureWarning: setup_logger is deprecated, use configure_logger instead
  warnings.warn(
08-04 16:09 nessai INFO    : Running Nessai version 0.15.2
08-04 16:09 nessai INFO    : Starting multiprocessing pool with 4 processes
08-04 16:09 nessai INFO    : Initialising nested sampler
08-04 16:09 nessai WARNING : Multiprocessing pool has already been configured.
/data/wiay/postgrads/shashwat/qunat_com_future/lib/python3.11/site-packages/nessai/gw/__init__.py:12: FutureWarning: The `nessai.gw` module will be deprecated in the next release in favour of the nessai-gw package. This packages provides the same functionality as`nessai.gw` via the plugin interface.For more details, see: https://github.com/mj-will/nessai-gw
  warnings.warn(
08-04 16:09 nessai INFO    : Passing kwargs to FlowProposal: {'poolsize': 1000}
08-04 16:09 nessai INFO    : No reparameterisations provided, using default reparameterisations included in FlowProposal
08-04 16:09 nessai INFO    : Adding reparameterisations from: {}
08-04 16:09 nessai INFO    : Assuming fallback reparameterisation (ScaleAndShift) for ['kappa', 'mu_xi', 'sigma_chi', 'sigma_xi', 'rho', 'lambda_chi', 'chi0', 'xi0'] with kwargs: {'estimate_scale': True, 'estimate_shift': True, 'prior_bounds': {'kappa': array([0.1, 5. ]), 'mu_xi': array([0. , 0.1]), 'sigma_chi': array([0.05, 0.6 ]), 'sigma_xi': array([0.05, 0.4 ]), 'rho': array([-0.9,  0.9]), 'lambda_chi': array([-0.5,  0.5]), 'chi0': array([-0.5,  0.5]), 'xi0': array([2.5, 5. ])}}.
08-04 16:09 nessai INFO    : x space parameters: ['kappa', 'mu_xi', 'sigma_chi', 'sigma_xi', 'rho', 'lambda_chi', 'chi0', 'xi0']
08-04 16:09 nessai INFO    : x prime space parameters: ['kappa_prime', 'mu_xi_prime', 'sigma_chi_prime', 'sigma_xi_prime', 'rho_prime', 'lambda_chi_prime', 'chi0_prime', 'xi0_prime']
08-04 16:09 nessai INFO    : Overwriting fuzz factor with expansion fraction
08-04 16:09 nessai INFO    : New fuzz factor: 1.2228445449938519
08-04 16:09 nessai INFO    : Verifying rescaling functions
08-04 16:09 nessai INFO    : Rescaling functions are invertible
08-04 16:09 nessai INFO    : Populating initial live points
08-04 16:09 nessai INFO    : Populated 100 / 1000 live points
08-04 16:09 nessai INFO    : Populated 200 / 1000 live points
08-04 16:09 nessai INFO    : Populated 300 / 1000 live points
08-04 16:09 nessai INFO    : Populated 400 / 1000 live points
08-04 16:09 nessai INFO    : Populated 500 / 1000 live points
08-04 16:09 nessai INFO    : Populated 600 / 1000 live points
08-04 16:09 nessai INFO    : Populated 700 / 1000 live points
08-04 16:09 nessai INFO    : Populated 800 / 1000 live points
08-04 16:09 nessai INFO    : Populated 900 / 1000 live points
08-04 16:09 nessai INFO    : Populated 1000 / 1000 live points
08-04 16:09 nessai INFO    : Starting nested sampling loop
08-04 16:09 nessai INFO    : it:  1000: Rolling KS test: D=0.009, p-value=0.8454
08-04 16:09 nessai INFO    : it:  1000: n eval: 3000 H: 7.91 dlogZ: 23796943.253 logZ: -23930833.967 +/- 0.089 logLmax: -133889.72
08-04 16:09 nessai INFO    : it:  2000: Rolling KS test: D=0.011, p-value=0.7794
08-04 16:10 nessai INFO    : it:  2000: n eval: 8000 H: 8.91 dlogZ: 9335944.375 logZ: -9400671.203 +/- 0.094 logLmax: -64724.83
08-04 16:10 nessai INFO    : Switching to FlowProposal
08-04 16:10 nessai INFO    : it:  3000: Rolling KS test: D=0.009, p-value=0.8454
08-04 16:10 nessai INFO    : it:  3000: n eval: 12141 H: 9.91 dlogZ: 4335385.330 logZ: -4400113.158 +/- 0.100 logLmax: -64724.83
08-04 16:10 nessai INFO    : it:  4000: Rolling KS test: D=0.023, p-value=0.3419
08-04 16:10 nessai INFO    : it:  4000: n eval: 15993 H: 10.91 dlogZ: 2196963.824 logZ: -2261692.652 +/- 0.104 logLmax: -64724.83
08-04 16:10 nessai INFO    : it:  5000: Rolling KS test: D=0.003, p-value=0.9802
08-04 16:10 nessai INFO    : it:  5000: n eval: 18301 H: 11.91 dlogZ: 1176301.827 logZ: -1227166.592 +/- 0.109 logLmax: -50859.77
08-04 16:10 nessai INFO    : it:  6000: Rolling KS test: D=0.012, p-value=0.7438
08-04 16:10 nessai INFO    : it:  6000: n eval: 22368 H: 12.91 dlogZ: 691565.952 logZ: -724325.617 +/- 0.114 logLmax: -32753.67
08-04 16:10 nessai INFO    : it:  7000: Rolling KS test: D=0.016, p-value=0.593
08-04 16:10 nessai INFO    : it:  7000: n eval: 26515 H: 13.91 dlogZ: 474298.480 logZ: -484947.095 +/- 0.118 logLmax: -10641.62
08-04 16:10 nessai INFO    : it:  8000: Rolling KS test: D=0.009, p-value=0.8454
08-04 16:10 nessai INFO    : it:  8000: n eval: 30803 H: 14.91 dlogZ: 319215.092 logZ: -329864.707 +/- 0.122 logLmax: -10641.62
08-04 16:10 nessai INFO    : it:  9000: Rolling KS test: D=0.009, p-value=0.8454
08-04 16:10 nessai INFO    : it:  9000: n eval: 35397 H: 15.91 dlogZ: 204185.764 logZ: -214429.870 +/- 0.126 logLmax: -10235.11
08-04 16:10 nessai INFO    : it: 10000: Rolling KS test: D=0.035, p-value=0.08429
08-04 16:10 nessai INFO    : it: 10000: n eval: 40521 H: 16.88 dlogZ: 127889.450 logZ: -132983.931 +/- 0.130 logLmax: -5084.48
08-04 16:10 nessai INFO    : it: 11000: Rolling KS test: D=0.044, p-value=0.0202
08-04 16:10 nessai INFO    : it: 11000: n eval: 48820 H: 17.91 dlogZ: 78238.328 logZ: -81651.290 +/- 0.134 logLmax: -3401.96
08-04 16:10 nessai INFO    : it: 12000: Rolling KS test: D=0.009, p-value=0.8454
08-04 16:10 nessai INFO    : it: 12000: n eval: 54654 H: 18.91 dlogZ: 48113.117 logZ: -49504.808 +/- 0.138 logLmax: -1379.69
08-04 16:10 nessai INFO    : it: 13000: Rolling KS test: D=0.018, p-value=0.5169
08-04 16:10 nessai INFO    : it: 13000: n eval: 60843 H: 19.90 dlogZ: 29270.546 logZ: -29992.501 +/- 0.141 logLmax: -708.96
08-04 16:10 nessai INFO    : it: 14000: Rolling KS test: D=0.031, p-value=0.1433
08-04 16:10 nessai INFO    : it: 14000: n eval: 66560 H: 20.85 dlogZ: 18117.757 logZ: -18840.712 +/- 0.144 logLmax: -708.96
08-04 16:10 nessai INFO    : it: 15000: Rolling KS test: D=0.023, p-value=0.3419
08-04 16:10 nessai INFO    : it: 15000: n eval: 79200 H: 21.48 dlogZ: 10990.439 logZ: -11714.394 +/- 0.147 logLmax: -708.96
08-04 16:10 nessai INFO    : it: 16000: Rolling KS test: D=0.019, p-value=0.4797
08-04 16:10 nessai INFO    : it: 16000: n eval: 87057 H: 22.21 dlogZ: 6582.670 logZ: -6976.427 +/- 0.149 logLmax: -377.76
08-04 16:10 nessai INFO    : it: 17000: Rolling KS test: D=0.003, p-value=0.9802
08-04 16:10 nessai INFO    : it: 17000: n eval: 99646 H: 23.85 dlogZ: 4014.430 logZ: -4409.187 +/- 0.154 logLmax: -377.76
08-04 16:10 nessai INFO    : it: 18000: Rolling KS test: D=0.035, p-value=0.08429
08-04 16:10 nessai INFO    : it: 18000: n eval: 108417 H: 23.69 dlogZ: 2723.774 logZ: -2853.817 +/- 0.154 logLmax: -112.04
08-04 16:10 nessai INFO    : it: 19000: Rolling KS test: D=0.016, p-value=0.593
08-04 16:10 nessai INFO    : it: 19000: n eval: 120227 H: 24.61 dlogZ: 1741.688 logZ: -1833.225 +/- 0.157 logLmax: -72.54
08-04 16:10 nessai INFO    : it: 20000: Rolling KS test: D=0.035, p-value=0.08429
08-04 16:10 nessai INFO    : it: 20000: n eval: 133753 H: 24.73 dlogZ: 1091.726 logZ: -1184.263 +/- 0.157 logLmax: -72.54
08-04 16:10 nessai INFO    : it: 21000: Rolling KS test: D=0.025, p-value=0.2818
08-04 16:10 nessai INFO    : it: 21000: n eval: 142948 H: 26.10 dlogZ: 713.675 logZ: -780.834 +/- 0.162 logLmax: -46.16
08-04 16:10 nessai INFO    : it: 22000: Rolling KS test: D=0.008, p-value=0.8752
08-04 16:10 nessai INFO    : it: 22000: n eval: 164551 H: 26.47 dlogZ: 494.786 logZ: -542.682 +/- 0.163 logLmax: -25.90
08-04 16:11 nessai INFO    : it: 23000: Rolling KS test: D=0.013, p-value=0.7071
08-04 16:11 nessai INFO    : it: 23000: n eval: 181274 H: 26.50 dlogZ: 330.457 logZ: -379.353 +/- 0.163 logLmax: -25.90
08-04 16:11 nessai INFO    : it: 24000: Rolling KS test: D=0.017, p-value=0.5547
08-04 16:11 nessai INFO    : it: 24000: n eval: 200690 H: 27.22 dlogZ: 217.632 logZ: -267.528 +/- 0.165 logLmax: -25.90
08-04 16:11 nessai INFO    : it: 25000: Rolling KS test: D=0.047, p-value=0.01167
08-04 16:11 nessai INFO    : it: 25000: n eval: 220042 H: 28.19 dlogZ: 160.810 logZ: -197.824 +/- 0.168 logLmax: -12.01
08-04 16:11 nessai INFO    : it: 26000: Rolling KS test: D=0.038, p-value=0.05428
08-04 16:11 nessai INFO    : it: 26000: n eval: 240346 H: 28.62 dlogZ: 110.335 logZ: -148.349 +/- 0.169 logLmax: -12.01
08-04 16:11 nessai INFO    : it: 27000: Rolling KS test: D=0.008, p-value=0.8752
08-04 16:11 nessai INFO    : it: 27000: n eval: 260371 H: 29.24 dlogZ: 79.856 logZ: -114.667 +/- 0.171 logLmax: -7.81
08-04 16:11 nessai INFO    : it: 28000: Rolling KS test: D=0.043, p-value=0.02406
08-04 16:11 nessai INFO    : it: 28000: n eval: 278643 H: 30.01 dlogZ: 55.386 logZ: -91.198 +/- 0.173 logLmax: -7.81
08-04 16:11 nessai INFO    : it: 29000: Rolling KS test: D=0.043, p-value=0.02406
08-04 16:11 nessai INFO    : it: 29000: n eval: 298742 H: 30.56 dlogZ: 37.674 logZ: -74.439 +/- 0.175 logLmax: -7.77
08-04 16:11 nessai INFO    : it: 30000: Rolling KS test: D=0.023, p-value=0.3419
08-04 16:11 nessai INFO    : it: 30000: n eval: 326765 H: 31.21 dlogZ: 28.466 logZ: -63.527 +/- 0.177 logLmax: -5.06
08-04 16:11 nessai INFO    : it: 31000: Rolling KS test: D=0.034, p-value=0.09683
08-04 16:11 nessai INFO    : it: 31000: n eval: 339081 H: 31.75 dlogZ: 20.137 logZ: -56.198 +/- 0.178 logLmax: -5.06
08-04 16:11 nessai INFO    : it: 32000: Rolling KS test: D=0.02, p-value=0.4434
08-04 16:11 nessai INFO    : it: 32000: n eval: 356475 H: 32.34 dlogZ: 14.982 logZ: -51.027 +/- 0.180 logLmax: -4.05
08-04 16:11 nessai INFO    : it: 33000: Rolling KS test: D=0.027, p-value=0.2286
08-04 16:11 nessai INFO    : it: 33000: n eval: 388596 H: 32.90 dlogZ: 12.942 logZ: -47.330 +/- 0.181 logLmax: -1.39
08-04 16:11 nessai INFO    : it: 34000: Rolling KS test: D=0.017, p-value=0.5547
08-04 16:11 nessai INFO    : it: 34000: n eval: 411233 H: 33.56 dlogZ: 9.262 logZ: -44.650 +/- 0.183 logLmax: -1.39
08-04 16:11 nessai INFO    : it: 35000: Rolling KS test: D=0.021, p-value=0.4082
08-04 16:11 nessai INFO    : it: 35000: n eval: 430929 H: 34.06 dlogZ: 6.424 logZ: -42.810 +/- 0.185 logLmax: -1.39
08-04 16:12 nessai INFO    : it: 36000: Rolling KS test: D=0.021, p-value=0.4082
08-04 16:12 nessai INFO    : it: 36000: n eval: 460195 H: 34.49 dlogZ: 4.645 logZ: -41.638 +/- 0.186 logLmax: -1.00
08-04 16:12 nessai INFO    : it: 37000: Rolling KS test: D=0.025, p-value=0.2818
08-04 16:12 nessai INFO    : it: 37000: n eval: 479116 H: 34.88 dlogZ: 3.132 logZ: -40.886 +/- 0.187 logLmax: -0.80
08-04 16:12 nessai INFO    : it: 38000: Rolling KS test: D=0.008, p-value=0.8752
08-04 16:12 nessai INFO    : it: 38000: n eval: 499560 H: 35.21 dlogZ: 1.826 logZ: -40.408 +/- 0.188 logLmax: -0.76
08-04 16:12 nessai INFO    : it: 39000: Rolling KS test: D=0.031, p-value=0.1433
08-04 16:12 nessai INFO    : it: 39000: n eval: 517639 H: 35.45 dlogZ: 0.896 logZ: -40.130 +/- 0.188 logLmax: -0.76
08-04 16:12 nessai INFO    : it: 40000: Rolling KS test: D=0.009, p-value=0.8454
08-04 16:12 nessai INFO    : it: 40000: n eval: 534912 H: 35.62 dlogZ: 0.387 logZ: -39.971 +/- 0.189 logLmax: -0.72
08-04 16:12 nessai INFO    : it: 41000: Rolling KS test: D=0.024, p-value=0.311
08-04 16:12 nessai INFO    : it: 41000: n eval: 552264 H: 35.74 dlogZ: 0.196 logZ: -39.885 +/- 0.189 logLmax: -0.41
08-04 16:12 nessai INFO    : Stopping with difference_log_evidence=0.100
08-04 16:12 nessai INFO    : Finalising
08-04 16:12 nessai INFO    : Final ln-evidence: -39.805 +/- 0.189
08-04 16:12 nessai INFO    : Information: 35.88
08-04 16:12 nessai INFO    : Final KS test: D=0.006653, p-value=0.02474
08-04 16:12 nessai WARNING : Final p-value for the insertion indices is less than 0.05, this could be an indication of problems during sampling. Consider checking the diagnostic plots.
08-04 16:12 nessai INFO    : Checkpointing nested sampling
08-04 16:12 nessai INFO    : Total sampling time: 0:02:24.988420
08-04 16:12 nessai INFO    : Total training time: 0:00:57.272899
08-04 16:12 nessai INFO    : Total population time: 0:00:30.657652
08-04 16:12 nessai INFO    : Total likelihood evaluations: 563229
08-04 16:12 nessai INFO    : Time spent evaluating likelihood: 0:00:10.464809
08-04 16:12 nessai INFO    : Total sampling time: 0:02:24.988420
08-04 16:12 nessai INFO    : Total likelihood evaluations: 563229
08-04 16:12 nessai INFO    : Starting post processing
08-04 16:12 nessai INFO    : Computing posterior samples
08-04 16:12 nessai INFO    : Effective sample size: 6827.4
08-04 16:12 nessai INFO    : Producing posterior samples using rejection sampling
08-04 16:12 nessai INFO    : Expect 4678.383407117045 samples from rejection sampling
08-04 16:12 nessai INFO    : Returned 4672 posterior samples
08-04 16:12 nessai INFO    : Starting to close worker pool.
08-04 16:12 nessai INFO    : Finished closing worker pool.
