/data/wiay/postgrads/shashwat/qunat_com_future/lib/python3.11/site-packages/nessai/utils/logging.py:133: FutureWarning: setup_logger is deprecated, use configure_logger instead
  warnings.warn(
08-04 10:29 nessai INFO    : Running Nessai version 0.15.2
08-04 10:29 nessai INFO    : Starting multiprocessing pool with 4 processes
08-04 10:29 nessai INFO    : Initialising nested sampler
08-04 10:29 nessai WARNING : Multiprocessing pool has already been configured.
/data/wiay/postgrads/shashwat/qunat_com_future/lib/python3.11/site-packages/nessai/gw/__init__.py:12: FutureWarning: The `nessai.gw` module will be deprecated in the next release in favour of the nessai-gw package. This packages provides the same functionality as`nessai.gw` via the plugin interface.For more details, see: https://github.com/mj-will/nessai-gw
  warnings.warn(
08-04 10:29 nessai INFO    : Passing kwargs to FlowProposal: {'poolsize': 1000}
08-04 10:29 nessai INFO    : No reparameterisations provided, using default reparameterisations included in FlowProposal
08-04 10:29 nessai INFO    : Adding reparameterisations from: {}
08-04 10:29 nessai INFO    : Assuming fallback reparameterisation (ScaleAndShift) for ['kappa', 'mu_xi', 'sigma_chi', 'sigma_xi', 'rho', 'lambda_chi', 'chi0', 'xi0'] with kwargs: {'estimate_scale': True, 'estimate_shift': True, 'prior_bounds': {'kappa': array([0.1, 5. ]), 'mu_xi': array([0. , 0.1]), 'sigma_chi': array([0.05, 0.6 ]), 'sigma_xi': array([0.05, 0.4 ]), 'rho': array([-0.9,  0.9]), 'lambda_chi': array([-0.5,  0.5]), 'chi0': array([-0.5,  0.5]), 'xi0': array([2.5, 5. ])}}.
08-04 10:29 nessai INFO    : x space parameters: ['kappa', 'mu_xi', 'sigma_chi', 'sigma_xi', 'rho', 'lambda_chi', 'chi0', 'xi0']
08-04 10:29 nessai INFO    : x prime space parameters: ['kappa_prime', 'mu_xi_prime', 'sigma_chi_prime', 'sigma_xi_prime', 'rho_prime', 'lambda_chi_prime', 'chi0_prime', 'xi0_prime']
08-04 10:29 nessai INFO    : Overwriting fuzz factor with expansion fraction
08-04 10:29 nessai INFO    : New fuzz factor: 1.2228445449938519
08-04 10:29 nessai INFO    : Verifying rescaling functions
08-04 10:29 nessai INFO    : Rescaling functions are invertible
08-04 10:29 nessai INFO    : Populating initial live points
08-04 10:29 nessai INFO    : Populated 100 / 1000 live points
08-04 10:29 nessai INFO    : Populated 200 / 1000 live points
08-04 10:29 nessai INFO    : Populated 300 / 1000 live points
08-04 10:29 nessai INFO    : Populated 400 / 1000 live points
08-04 10:29 nessai INFO    : Populated 500 / 1000 live points
08-04 10:29 nessai INFO    : Populated 600 / 1000 live points
08-04 10:29 nessai INFO    : Populated 700 / 1000 live points
08-04 10:29 nessai INFO    : Populated 800 / 1000 live points
08-04 10:29 nessai INFO    : Populated 900 / 1000 live points
08-04 10:29 nessai INFO    : Populated 1000 / 1000 live points
08-04 10:29 nessai INFO    : Starting nested sampling loop
08-04 10:29 nessai INFO    : it:  1000: Rolling KS test: D=0.028, p-value=0.2046
08-04 10:29 nessai INFO    : it:  1000: n eval: 3000 H: 7.91 dlogZ: 35221785.998 logZ: -35297491.194 +/- 0.089 logLmax: -75704.20
08-04 10:29 nessai INFO    : it:  2000: Rolling KS test: D=0.027, p-value=0.2286
08-04 10:29 nessai INFO    : it:  2000: n eval: 8000 H: 8.91 dlogZ: 11795550.296 logZ: -11800819.437 +/- 0.094 logLmax: -5267.14
08-04 10:29 nessai INFO    : Switching to FlowProposal
08-04 10:29 nessai INFO    : it:  3000: Rolling KS test: D=0.022, p-value=0.3744
08-04 10:29 nessai INFO    : it:  3000: n eval: 12012 H: 9.91 dlogZ: 4753399.882 logZ: -4758670.023 +/- 0.100 logLmax: -5267.14
08-04 10:29 nessai INFO    : it:  4000: Rolling KS test: D=0.016, p-value=0.593
08-04 10:29 nessai INFO    : it:  4000: n eval: 15677 H: 10.91 dlogZ: 1971760.684 logZ: -1977031.824 +/- 0.104 logLmax: -5267.14
08-04 10:29 nessai INFO    : it:  5000: Rolling KS test: D=0.006, p-value=0.9268
08-04 10:29 nessai INFO    : it:  5000: n eval: 17692 H: 11.91 dlogZ: 850300.101 logZ: -852311.141 +/- 0.109 logLmax: -2006.04
08-04 10:29 nessai INFO    : it:  6000: Rolling KS test: D=0.005, p-value=0.9481
08-04 10:29 nessai INFO    : it:  6000: n eval: 21421 H: 12.91 dlogZ: 382679.348 logZ: -384691.389 +/- 0.114 logLmax: -2006.04
08-04 10:29 nessai INFO    : it:  7000: Rolling KS test: D=0.015, p-value=0.6313
08-04 10:29 nessai INFO    : it:  7000: n eval: 25897 H: 13.91 dlogZ: 171424.455 logZ: -173437.496 +/- 0.118 logLmax: -2006.04
08-04 10:29 nessai INFO    : it:  8000: Rolling KS test: D=0.005, p-value=0.9481
08-04 10:29 nessai INFO    : it:  8000: n eval: 30583 H: 14.91 dlogZ: 84594.963 logZ: -86609.004 +/- 0.122 logLmax: -2006.04
08-04 10:29 nessai INFO    : it:  9000: Rolling KS test: D=0.02, p-value=0.4434
08-04 10:29 nessai INFO    : it:  9000: n eval: 36002 H: 15.90 dlogZ: 43018.364 logZ: -44134.196 +/- 0.126 logLmax: -1106.83
08-04 10:30 nessai INFO    : it: 10000: Rolling KS test: D=0.015, p-value=0.6313
08-04 10:30 nessai INFO    : it: 10000: n eval: 44226 H: 16.91 dlogZ: 23113.797 logZ: -23307.825 +/- 0.130 logLmax: -184.03
08-04 10:30 nessai INFO    : it: 11000: Rolling KS test: D=0.025, p-value=0.2818
08-04 10:30 nessai INFO    : it: 11000: n eval: 50463 H: 17.53 dlogZ: 11723.368 logZ: -11918.396 +/- 0.132 logLmax: -184.03
08-04 10:30 nessai INFO    : it: 12000: Rolling KS test: D=0.026, p-value=0.2543
08-04 10:30 nessai INFO    : it: 12000: n eval: 56226 H: 18.82 dlogZ: 5910.360 logZ: -6106.389 +/- 0.137 logLmax: -184.03
08-04 10:30 nessai INFO    : it: 13000: Rolling KS test: D=0.027, p-value=0.2286
08-04 10:30 nessai INFO    : it: 13000: n eval: 66036 H: 19.86 dlogZ: 3096.130 logZ: -3147.158 +/- 0.141 logLmax: -38.03
08-04 10:30 nessai INFO    : it: 14000: Rolling KS test: D=0.033, p-value=0.1108
08-04 10:30 nessai INFO    : it: 14000: n eval: 74972 H: 19.59 dlogZ: 1556.061 logZ: -1592.397 +/- 0.140 logLmax: -22.34
08-04 10:30 nessai INFO    : it: 15000: Rolling KS test: D=0.022, p-value=0.3744
08-04 10:30 nessai INFO    : it: 15000: n eval: 85390 H: 20.24 dlogZ: 770.202 logZ: -799.917 +/- 0.142 logLmax: -14.72
08-04 10:30 nessai INFO    : it: 16000: Rolling KS test: D=0.018, p-value=0.5169
08-04 10:30 nessai INFO    : it: 16000: n eval: 94259 H: 20.36 dlogZ: 395.594 logZ: -426.309 +/- 0.143 logLmax: -14.72
08-04 10:30 nessai INFO    : it: 17000: Rolling KS test: D=0.044, p-value=0.0202
08-04 10:30 nessai INFO    : it: 17000: n eval: 108180 H: 21.33 dlogZ: 199.211 logZ: -223.851 +/- 0.146 logLmax: -7.64
08-04 10:30 nessai INFO    : it: 18000: Rolling KS test: D=0.012, p-value=0.7438
08-04 10:30 nessai INFO    : it: 18000: n eval: 130959 H: 21.05 dlogZ: 103.795 logZ: -127.574 +/- 0.145 logLmax: -5.78
08-04 10:30 nessai INFO    : it: 19000: Rolling KS test: D=0.02, p-value=0.4434
08-04 10:30 nessai INFO    : it: 19000: n eval: 149708 H: 21.78 dlogZ: 54.880 logZ: -79.660 +/- 0.148 logLmax: -5.78
08-04 10:30 nessai INFO    : it: 20000: Rolling KS test: D=0.043, p-value=0.02406
08-04 10:30 nessai INFO    : it: 20000: n eval: 186142 H: 21.78 dlogZ: 30.387 logZ: -55.534 +/- 0.148 logLmax: -5.15
08-04 10:30 nessai INFO    : it: 21000: Rolling KS test: D=0.057, p-value=0.001446
08-04 10:30 nessai INFO    : it: 21000: n eval: 209749 H: 22.05 dlogZ: 18.713 logZ: -43.706 +/- 0.148 logLmax: -3.99
08-04 10:30 nessai INFO    : it: 22000: Rolling KS test: D=0.028, p-value=0.2046
08-04 10:30 nessai INFO    : it: 22000: n eval: 257320 H: 22.45 dlogZ: 11.607 logZ: -37.600 +/- 0.150 logLmax: -3.99
08-04 10:30 nessai INFO    : it: 23000: Rolling KS test: D=0.029, p-value=0.1825
08-04 10:30 nessai INFO    : it: 23000: n eval: 307320 H: 22.84 dlogZ: 7.134 logZ: -34.023 +/- 0.151 logLmax: -3.89
08-04 10:30 nessai INFO    : it: 24000: Rolling KS test: D=0.043, p-value=0.02406
08-04 10:30 nessai INFO    : it: 24000: n eval: 367320 H: 23.13 dlogZ: 4.566 logZ: -32.100 +/- 0.152 logLmax: -3.55
08-04 10:31 nessai INFO    : it: 25000: Rolling KS test: D=0.025, p-value=0.2818
08-04 10:31 nessai INFO    : it: 25000: n eval: 437320 H: 23.43 dlogZ: 3.167 logZ: -31.020 +/- 0.153 logLmax: -2.90
08-04 10:31 nessai INFO    : it: 26000: Rolling KS test: D=0.013, p-value=0.7071
08-04 10:31 nessai INFO    : it: 26000: n eval: 527320 H: 23.67 dlogZ: 1.925 logZ: -30.418 +/- 0.154 logLmax: -2.65
08-04 10:31 nessai INFO    : it: 27000: Rolling KS test: D=0.045, p-value=0.01689
08-04 10:31 nessai INFO    : it: 27000: n eval: 607320 H: 23.87 dlogZ: 1.022 logZ: -30.091 +/- 0.154 logLmax: -2.52
08-04 10:31 nessai INFO    : it: 28000: Rolling KS test: D=0.03, p-value=0.162
08-04 10:31 nessai INFO    : it: 28000: n eval: 717320 H: 24.00 dlogZ: 0.543 logZ: -29.916 +/- 0.155 logLmax: -2.24
08-04 10:31 nessai INFO    : it: 29000: Rolling KS test: D=0.02, p-value=0.4434
08-04 10:31 nessai INFO    : it: 29000: n eval: 827320 H: 24.09 dlogZ: 0.217 logZ: -29.827 +/- 0.155 logLmax: -2.24
08-04 10:31 nessai INFO    : Stopping with difference_log_evidence=0.100
08-04 10:31 nessai INFO    : Finalising
08-04 10:31 nessai INFO    : Final ln-evidence: -29.748 +/- 0.156
08-04 10:31 nessai INFO    : Information: 24.20
08-04 10:31 nessai INFO    : Final KS test: D=0.01341, p-value=2.17e-05
08-04 10:31 nessai WARNING : Final p-value for the insertion indices is less than 0.05, this could be an indication of problems during sampling. Consider checking the diagnostic plots.
08-04 10:31 nessai INFO    : Checkpointing nested sampling
08-04 10:31 nessai INFO    : Total sampling time: 0:02:10.677649
08-04 10:31 nessai INFO    : Total training time: 0:00:40.809017
08-04 10:31 nessai INFO    : Total population time: 0:00:46.453910
08-04 10:31 nessai INFO    : Total likelihood evaluations: 937320
08-04 10:31 nessai INFO    : Time spent evaluating likelihood: 0:00:14.801055
08-04 10:31 nessai INFO    : Total sampling time: 0:02:10.677649
08-04 10:31 nessai INFO    : Total likelihood evaluations: 937320
08-04 10:31 nessai INFO    : Starting post processing
08-04 10:31 nessai INFO    : Computing posterior samples
08-04 10:31 nessai INFO    : Effective sample size: 6096.0
08-04 10:31 nessai INFO    : Producing posterior samples using rejection sampling
08-04 10:31 nessai INFO    : Expect 4219.8544827291025 samples from rejection sampling
08-04 10:31 nessai INFO    : Returned 4250 posterior samples
08-04 10:31 nessai INFO    : Starting to close worker pool.
08-04 10:31 nessai INFO    : Finished closing worker pool.
