/data/wiay/postgrads/shashwat/qunat_com_future/lib/python3.11/site-packages/nessai/utils/logging.py:133: FutureWarning: setup_logger is deprecated, use configure_logger instead
  warnings.warn(
08-04 15:45 nessai INFO    : Running Nessai version 0.15.2
08-04 15:45 nessai INFO    : Starting multiprocessing pool with 4 processes
08-04 15:45 nessai INFO    : Initialising nested sampler
08-04 15:45 nessai WARNING : Multiprocessing pool has already been configured.
/data/wiay/postgrads/shashwat/qunat_com_future/lib/python3.11/site-packages/nessai/gw/__init__.py:12: FutureWarning: The `nessai.gw` module will be deprecated in the next release in favour of the nessai-gw package. This packages provides the same functionality as`nessai.gw` via the plugin interface.For more details, see: https://github.com/mj-will/nessai-gw
  warnings.warn(
08-04 15:45 nessai INFO    : Passing kwargs to FlowProposal: {'poolsize': 1000}
08-04 15:45 nessai INFO    : No reparameterisations provided, using default reparameterisations included in FlowProposal
08-04 15:45 nessai INFO    : Adding reparameterisations from: {}
08-04 15:45 nessai INFO    : Assuming fallback reparameterisation (ScaleAndShift) for ['kappa', 'mu_xi', 'sigma_chi', 'sigma_xi', 'rho', 'lambda_chi', 'chi0', 'xi0'] with kwargs: {'estimate_scale': True, 'estimate_shift': True, 'prior_bounds': {'kappa': array([0.1, 5. ]), 'mu_xi': array([0. , 0.1]), 'sigma_chi': array([0.05, 0.6 ]), 'sigma_xi': array([0.05, 0.4 ]), 'rho': array([-0.9,  0.9]), 'lambda_chi': array([-0.5,  0.5]), 'chi0': array([-0.5,  0.5]), 'xi0': array([2.5, 5. ])}}.
08-04 15:45 nessai INFO    : x space parameters: ['kappa', 'mu_xi', 'sigma_chi', 'sigma_xi', 'rho', 'lambda_chi', 'chi0', 'xi0']
08-04 15:45 nessai INFO    : x prime space parameters: ['kappa_prime', 'mu_xi_prime', 'sigma_chi_prime', 'sigma_xi_prime', 'rho_prime', 'lambda_chi_prime', 'chi0_prime', 'xi0_prime']
08-04 15:45 nessai INFO    : Overwriting fuzz factor with expansion fraction
08-04 15:45 nessai INFO    : New fuzz factor: 1.2228445449938519
08-04 15:45 nessai INFO    : Verifying rescaling functions
08-04 15:45 nessai INFO    : Rescaling functions are invertible
08-04 15:45 nessai INFO    : Populating initial live points
08-04 15:45 nessai INFO    : Populated 100 / 1000 live points
08-04 15:45 nessai INFO    : Populated 200 / 1000 live points
08-04 15:45 nessai INFO    : Populated 300 / 1000 live points
08-04 15:45 nessai INFO    : Populated 400 / 1000 live points
08-04 15:45 nessai INFO    : Populated 500 / 1000 live points
08-04 15:45 nessai INFO    : Populated 600 / 1000 live points
08-04 15:45 nessai INFO    : Populated 700 / 1000 live points
08-04 15:45 nessai INFO    : Populated 800 / 1000 live points
08-04 15:45 nessai INFO    : Populated 900 / 1000 live points
08-04 15:45 nessai INFO    : Populated 1000 / 1000 live points
08-04 15:45 nessai INFO    : Starting nested sampling loop
08-04 15:45 nessai INFO    : it:  1000: Rolling KS test: D=0.023, p-value=0.3419
08-04 15:45 nessai INFO    : it:  1000: n eval: 3000 H: 7.91 dlogZ: 71012930.914 logZ: -71366994.841 +/- 0.089 logLmax: -354062.93
08-04 15:45 nessai INFO    : it:  2000: Rolling KS test: D=0.03, p-value=0.162
08-04 15:45 nessai INFO    : it:  2000: n eval: 8000 H: 8.91 dlogZ: 27203256.029 logZ: -27453546.572 +/- 0.094 logLmax: -250288.54
08-04 15:45 nessai INFO    : Switching to FlowProposal
/data/wiay/postgrads/shashwat/qunat_com_future/lib/python3.11/site-packages/torch/autograd/graph.py:882: UserWarning: CUDA initialization: The NVIDIA driver on your system is too old (found version 12020). Please update your GPU driver by downloading and installing a new version from the URL: http://www.nvidia.com/Download/index.aspx Alternatively, go to: https://pytorch.org to install a PyTorch version that has been compiled with your version of the CUDA driver. (Triggered internally at /pytorch/c10/cuda/CUDAFunctions.cpp:119.)
  return Variable._execution_engine.run_backward(  # Calls into the C++ engine to run the backward pass
08-04 15:45 nessai INFO    : it:  3000: Rolling KS test: D=0.023, p-value=0.3419
08-04 15:45 nessai INFO    : it:  3000: n eval: 12118 H: 9.91 dlogZ: 12438384.454 logZ: -12493503.733 +/- 0.100 logLmax: -55116.28
08-04 15:46 nessai INFO    : it:  4000: Rolling KS test: D=0.031, p-value=0.1433
08-04 15:46 nessai INFO    : it:  4000: n eval: 13761 H: 10.91 dlogZ: 5550796.543 logZ: -5605916.823 +/- 0.104 logLmax: -55116.28
08-04 15:46 nessai INFO    : it:  5000: Rolling KS test: D=0.014, p-value=0.6695
08-04 15:46 nessai INFO    : it:  5000: n eval: 17533 H: 11.91 dlogZ: 2583637.405 logZ: -2638758.685 +/- 0.109 logLmax: -55116.28
08-04 15:46 nessai INFO    : it:  6000: Rolling KS test: D=0.007, p-value=0.9024
08-04 15:46 nessai INFO    : it:  6000: n eval: 21289 H: 12.91 dlogZ: 1261419.933 logZ: -1288788.695 +/- 0.114 logLmax: -27362.76
08-04 15:46 nessai INFO    : it:  7000: Rolling KS test: D=0.015, p-value=0.6313
08-04 15:46 nessai INFO    : it:  7000: n eval: 24993 H: 13.91 dlogZ: 616104.130 logZ: -631280.709 +/- 0.118 logLmax: -15169.58
08-04 15:46 nessai INFO    : it:  8000: Rolling KS test: D=0.026, p-value=0.2543
08-04 15:46 nessai INFO    : it:  8000: n eval: 28963 H: 14.91 dlogZ: 306102.247 logZ: -321279.827 +/- 0.122 logLmax: -15169.58
08-04 15:46 nessai INFO    : it:  9000: Rolling KS test: D=0.027, p-value=0.2286
08-04 15:46 nessai INFO    : it:  9000: n eval: 33085 H: 15.91 dlogZ: 170229.023 logZ: -176362.486 +/- 0.126 logLmax: -6124.46
08-04 15:46 nessai INFO    : it: 10000: Rolling KS test: D=0.034, p-value=0.09683
08-04 15:46 nessai INFO    : it: 10000: n eval: 35254 H: 16.91 dlogZ: 106633.273 logZ: -111267.554 +/- 0.130 logLmax: -4624.28
08-04 15:46 nessai INFO    : it: 11000: Rolling KS test: D=0.028, p-value=0.2046
08-04 15:46 nessai INFO    : it: 11000: n eval: 39658 H: 17.91 dlogZ: 74337.941 logZ: -75770.716 +/- 0.134 logLmax: -1421.78
08-04 15:46 nessai INFO    : it: 12000: Rolling KS test: D=0.018, p-value=0.5169
08-04 15:46 nessai INFO    : it: 12000: n eval: 44216 H: 18.91 dlogZ: 47063.779 logZ: -48497.554 +/- 0.138 logLmax: -1421.78
08-04 15:46 nessai INFO    : it: 13000: Rolling KS test: D=0.016, p-value=0.593
08-04 15:46 nessai INFO    : it: 13000: n eval: 52589 H: 19.91 dlogZ: 29790.480 logZ: -31225.254 +/- 0.141 logLmax: -1421.78
08-04 15:46 nessai INFO    : it: 14000: Rolling KS test: D=0.015, p-value=0.6313
08-04 15:46 nessai INFO    : it: 14000: n eval: 57652 H: 20.29 dlogZ: 18675.379 logZ: -19422.715 +/- 0.142 logLmax: -733.34
08-04 15:46 nessai INFO    : it: 15000: Rolling KS test: D=0.056, p-value=0.001814
08-04 15:46 nessai INFO    : it: 15000: n eval: 63276 H: 21.89 dlogZ: 11750.744 logZ: -12081.665 +/- 0.148 logLmax: -315.92
08-04 15:46 nessai INFO    : it: 16000: Rolling KS test: D=0.016, p-value=0.593
08-04 15:46 nessai INFO    : it: 16000: n eval: 68075 H: 22.90 dlogZ: 7088.794 logZ: -7420.495 +/- 0.151 logLmax: -315.70
08-04 15:46 nessai INFO    : it: 17000: Rolling KS test: D=0.035, p-value=0.08429
08-04 15:47 nessai INFO    : it: 17000: n eval: 73285 H: 23.13 dlogZ: 4273.117 logZ: -4542.973 +/- 0.152 logLmax: -252.86
08-04 15:47 nessai INFO    : it: 18000: Rolling KS test: D=0.018, p-value=0.5169
08-04 15:47 nessai INFO    : it: 18000: n eval: 79153 H: 24.27 dlogZ: 2603.868 logZ: -2874.725 +/- 0.156 logLmax: -252.86
08-04 15:47 nessai INFO    : it: 19000: Rolling KS test: D=0.009, p-value=0.8454
08-04 15:47 nessai INFO    : it: 19000: n eval: 88480 H: 25.00 dlogZ: 1620.093 logZ: -1827.859 +/- 0.158 logLmax: -188.77
08-04 15:47 nessai INFO    : it: 20000: Rolling KS test: D=0.026, p-value=0.2543
08-04 15:47 nessai INFO    : it: 20000: n eval: 95663 H: 25.00 dlogZ: 1042.430 logZ: -1218.053 +/- 0.158 logLmax: -155.62
08-04 15:47 nessai INFO    : it: 21000: Rolling KS test: D=0.016, p-value=0.593
08-04 15:47 nessai INFO    : it: 21000: n eval: 105858 H: 25.61 dlogZ: 646.948 logZ: -823.571 +/- 0.160 logLmax: -155.62
08-04 15:47 nessai INFO    : it: 22000: Rolling KS test: D=0.044, p-value=0.0202
08-04 15:47 nessai INFO    : it: 22000: n eval: 113248 H: 25.84 dlogZ: 436.036 logZ: -602.001 +/- 0.161 logLmax: -143.97
08-04 15:47 nessai INFO    : it: 23000: Rolling KS test: D=0.009, p-value=0.8454
08-04 15:47 nessai INFO    : it: 23000: n eval: 133649 H: 26.86 dlogZ: 313.629 logZ: -457.645 +/- 0.164 logLmax: -121.02
08-04 15:47 nessai INFO    : it: 24000: Rolling KS test: D=0.054, p-value=0.002821
08-04 15:47 nessai INFO    : it: 24000: n eval: 150225 H: 27.65 dlogZ: 253.217 logZ: -362.974 +/- 0.166 logLmax: -85.76
08-04 15:47 nessai INFO    : it: 25000: Rolling KS test: D=0.015, p-value=0.6313
08-04 15:47 nessai INFO    : it: 25000: n eval: 187733 H: 27.98 dlogZ: 184.190 logZ: -294.876 +/- 0.167 logLmax: -85.69
08-04 15:48 nessai INFO    : it: 26000: Rolling KS test: D=0.021, p-value=0.4082
08-04 15:48 nessai INFO    : it: 26000: n eval: 235290 H: 28.96 dlogZ: 163.999 logZ: -243.034 +/- 0.170 logLmax: -53.04
08-04 15:48 nessai INFO    : it: 27000: Rolling KS test: D=0.021, p-value=0.4082
08-04 15:48 nessai INFO    : it: 27000: n eval: 282771 H: 29.57 dlogZ: 130.672 logZ: -200.903 +/- 0.172 logLmax: -43.23
08-04 15:48 nessai INFO    : it: 28000: Rolling KS test: D=0.032, p-value=0.1263
08-04 15:48 nessai INFO    : it: 28000: n eval: 319977 H: 30.36 dlogZ: 122.889 logZ: -169.838 +/- 0.174 logLmax: -18.95
08-04 15:48 nessai INFO    : it: 29000: Rolling KS test: D=0.005, p-value=0.9481
08-04 15:48 nessai INFO    : it: 29000: n eval: 359977 H: 31.22 dlogZ: 92.762 logZ: -140.711 +/- 0.177 logLmax: -18.95
08-04 15:49 nessai INFO    : it: 30000: Rolling KS test: D=0.027, p-value=0.2286
08-04 15:49 nessai INFO    : it: 30000: n eval: 377186 H: 31.97 dlogZ: 68.082 logZ: -117.031 +/- 0.179 logLmax: -18.95
08-04 15:49 nessai INFO    : it: 31000: Rolling KS test: D=0.018, p-value=0.5169
08-04 15:49 nessai INFO    : it: 31000: n eval: 387126 H: 32.70 dlogZ: 55.703 logZ: -99.675 +/- 0.181 logLmax: -12.97
08-04 15:49 nessai INFO    : it: 32000: Rolling KS test: D=0.002, p-value=0.9907
08-04 15:49 nessai INFO    : it: 32000: n eval: 400156 H: 33.43 dlogZ: 43.101 logZ: -86.519 +/- 0.183 logLmax: -11.42
08-04 15:49 nessai INFO    : it: 33000: Rolling KS test: D=0.008, p-value=0.8752
08-04 15:49 nessai INFO    : it: 33000: n eval: 407882 H: 34.13 dlogZ: 32.475 logZ: -76.121 +/- 0.185 logLmax: -10.65
08-04 15:49 nessai INFO    : it: 34000: Rolling KS test: D=0.009, p-value=0.8454
08-04 15:49 nessai INFO    : it: 34000: n eval: 418922 H: 34.74 dlogZ: 26.098 logZ: -68.732 +/- 0.186 logLmax: -8.64
08-04 15:49 nessai INFO    : it: 35000: Rolling KS test: D=0.037, p-value=0.06311
08-04 15:49 nessai INFO    : it: 35000: n eval: 425760 H: 35.55 dlogZ: 20.695 logZ: -62.827 +/- 0.189 logLmax: -7.13
08-04 15:49 nessai INFO    : it: 36000: Rolling KS test: D=0.036, p-value=0.07308
08-04 15:49 nessai INFO    : it: 36000: n eval: 436131 H: 36.24 dlogZ: 14.994 logZ: -58.126 +/- 0.190 logLmax: -7.13
08-04 15:49 nessai INFO    : it: 37000: Rolling KS test: D=0.008, p-value=0.8752
08-04 15:49 nessai INFO    : it: 37000: n eval: 443428 H: 36.76 dlogZ: 11.472 logZ: -54.934 +/- 0.192 logLmax: -6.46
08-04 15:49 nessai INFO    : it: 38000: Rolling KS test: D=0.014, p-value=0.6695
08-04 15:49 nessai INFO    : it: 38000: n eval: 449788 H: 37.39 dlogZ: 9.415 logZ: -52.570 +/- 0.193 logLmax: -5.16
08-04 15:49 nessai INFO    : it: 39000: Rolling KS test: D=0.024, p-value=0.311
08-04 15:49 nessai INFO    : it: 39000: n eval: 459250 H: 37.99 dlogZ: 7.022 logZ: -50.854 +/- 0.195 logLmax: -4.83
08-04 15:50 nessai INFO    : it: 40000: Rolling KS test: D=0.025, p-value=0.2818
08-04 15:50 nessai INFO    : it: 40000: n eval: 465588 H: 38.49 dlogZ: 4.905 logZ: -49.660 +/- 0.196 logLmax: -4.76
08-04 15:50 nessai INFO    : it: 41000: Rolling KS test: D=0.033, p-value=0.1108
08-04 15:50 nessai INFO    : it: 41000: n eval: 471694 H: 38.95 dlogZ: 3.347 logZ: -48.847 +/- 0.197 logLmax: -4.54
08-04 15:50 nessai INFO    : it: 42000: Rolling KS test: D=0.042, p-value=0.02854
08-04 15:50 nessai INFO    : it: 42000: n eval: 477598 H: 39.34 dlogZ: 2.275 logZ: -48.304 +/- 0.198 logLmax: -4.14
08-04 15:50 nessai INFO    : it: 43000: Rolling KS test: D=0.02, p-value=0.4434
08-04 15:50 nessai INFO    : it: 43000: n eval: 486083 H: 39.66 dlogZ: 1.344 logZ: -47.954 +/- 0.199 logLmax: -3.91
08-04 15:50 nessai INFO    : it: 44000: Rolling KS test: D=0.023, p-value=0.3419
08-04 15:50 nessai INFO    : it: 44000: n eval: 492100 H: 39.90 dlogZ: 0.613 logZ: -47.744 +/- 0.200 logLmax: -3.91
08-04 15:50 nessai INFO    : it: 45000: Rolling KS test: D=0.007, p-value=0.9024
08-04 15:50 nessai INFO    : it: 45000: n eval: 498166 H: 40.05 dlogZ: 0.255 logZ: -47.630 +/- 0.200 logLmax: -3.87
08-04 15:50 nessai INFO    : Stopping with difference_log_evidence=0.100
08-04 15:50 nessai INFO    : Finalising
08-04 15:50 nessai INFO    : Final ln-evidence: -47.521 +/- 0.201
08-04 15:50 nessai INFO    : Information: 40.24
08-04 15:50 nessai INFO    : Final KS test: D=0.007532, p-value=0.005393
08-04 15:50 nessai WARNING : Final p-value for the insertion indices is less than 0.05, this could be an indication of problems during sampling. Consider checking the diagnostic plots.
08-04 15:50 nessai INFO    : Checkpointing nested sampling
08-04 15:50 nessai INFO    : Total sampling time: 0:04:44.648769
08-04 15:50 nessai INFO    : Total training time: 0:01:42.118660
08-04 15:50 nessai INFO    : Total population time: 0:01:11.905454
08-04 15:50 nessai INFO    : Total likelihood evaluations: 503926
08-04 15:50 nessai INFO    : Time spent evaluating likelihood: 0:00:29.744135
08-04 15:50 nessai INFO    : Total sampling time: 0:04:44.648769
08-04 15:50 nessai INFO    : Total likelihood evaluations: 503926
08-04 15:50 nessai INFO    : Starting post processing
08-04 15:50 nessai INFO    : Computing posterior samples
08-04 15:50 nessai INFO    : Effective sample size: 7043.6
08-04 15:50 nessai INFO    : Producing posterior samples using rejection sampling
08-04 15:50 nessai INFO    : Expect 4962.445700066578 samples from rejection sampling
08-04 15:50 nessai INFO    : Returned 4968 posterior samples
08-04 15:50 nessai INFO    : Starting to close worker pool.
08-04 15:50 nessai INFO    : Finished closing worker pool.
