/data/wiay/postgrads/shashwat/qunat_com_future/lib/python3.11/site-packages/nessai/utils/logging.py:133: FutureWarning: setup_logger is deprecated, use configure_logger instead
  warnings.warn(
08-04 13:56 nessai INFO    : Running Nessai version 0.15.2
08-04 13:56 nessai INFO    : Starting multiprocessing pool with 4 processes
08-04 13:56 nessai INFO    : Initialising nested sampler
08-04 13:56 nessai WARNING : Multiprocessing pool has already been configured.
/data/wiay/postgrads/shashwat/qunat_com_future/lib/python3.11/site-packages/nessai/gw/__init__.py:12: FutureWarning: The `nessai.gw` module will be deprecated in the next release in favour of the nessai-gw package. This packages provides the same functionality as`nessai.gw` via the plugin interface.For more details, see: https://github.com/mj-will/nessai-gw
  warnings.warn(
08-04 13:56 nessai INFO    : Passing kwargs to FlowProposal: {'poolsize': 1000}
08-04 13:56 nessai INFO    : No reparameterisations provided, using default reparameterisations included in FlowProposal
08-04 13:56 nessai INFO    : Adding reparameterisations from: {}
08-04 13:56 nessai INFO    : Assuming fallback reparameterisation (ScaleAndShift) for ['kappa', 'mu_xi', 'sigma_chi', 'sigma_xi', 'rho', 'lambda_chi', 'chi0', 'xi0'] with kwargs: {'estimate_scale': True, 'estimate_shift': True, 'prior_bounds': {'kappa': array([0.1, 5. ]), 'mu_xi': array([0. , 0.1]), 'sigma_chi': array([0.05, 0.6 ]), 'sigma_xi': array([0.05, 0.4 ]), 'rho': array([-0.9,  0.9]), 'lambda_chi': array([-0.5,  0.5]), 'chi0': array([-0.5,  0.5]), 'xi0': array([2.5, 5. ])}}.
08-04 13:56 nessai INFO    : x space parameters: ['kappa', 'mu_xi', 'sigma_chi', 'sigma_xi', 'rho', 'lambda_chi', 'chi0', 'xi0']
08-04 13:56 nessai INFO    : x prime space parameters: ['kappa_prime', 'mu_xi_prime', 'sigma_chi_prime', 'sigma_xi_prime', 'rho_prime', 'lambda_chi_prime', 'chi0_prime', 'xi0_prime']
08-04 13:56 nessai INFO    : Overwriting fuzz factor with expansion fraction
08-04 13:56 nessai INFO    : New fuzz factor: 1.2228445449938519
08-04 13:56 nessai INFO    : Verifying rescaling functions
08-04 13:56 nessai INFO    : Rescaling functions are invertible
08-04 13:56 nessai INFO    : Populating initial live points
08-04 13:56 nessai INFO    : Populated 100 / 1000 live points
08-04 13:56 nessai INFO    : Populated 200 / 1000 live points
08-04 13:56 nessai INFO    : Populated 300 / 1000 live points
08-04 13:56 nessai INFO    : Populated 400 / 1000 live points
08-04 13:56 nessai INFO    : Populated 500 / 1000 live points
08-04 13:56 nessai INFO    : Populated 600 / 1000 live points
08-04 13:56 nessai INFO    : Populated 700 / 1000 live points
08-04 13:56 nessai INFO    : Populated 800 / 1000 live points
08-04 13:56 nessai INFO    : Populated 900 / 1000 live points
08-04 13:56 nessai INFO    : Populated 1000 / 1000 live points
08-04 13:56 nessai INFO    : Starting nested sampling loop
08-04 13:56 nessai INFO    : it:  1000: Rolling KS test: D=0.019, p-value=0.4797
08-04 13:56 nessai INFO    : it:  1000: n eval: 3000 H: 7.91 dlogZ: 44994379.586 logZ: -45904937.041 +/- 0.089 logLmax: -910556.46
08-04 13:56 nessai INFO    : it:  2000: Rolling KS test: D=0.009, p-value=0.8454
08-04 13:56 nessai INFO    : it:  2000: n eval: 8000 H: 8.91 dlogZ: 19713702.215 logZ: -20080427.159 +/- 0.094 logLmax: -366722.95
08-04 13:56 nessai INFO    : Switching to FlowProposal
08-04 13:57 nessai INFO    : it:  3000: Rolling KS test: D=0.026, p-value=0.2543
08-04 13:57 nessai INFO    : it:  3000: n eval: 12114 H: 9.91 dlogZ: 10569009.433 logZ: -10763608.796 +/- 0.100 logLmax: -194596.36
08-04 13:57 nessai INFO    : it:  4000: Rolling KS test: D=0.032, p-value=0.1263
08-04 13:57 nessai INFO    : it:  4000: n eval: 16147 H: 10.91 dlogZ: 6065729.263 logZ: -6260329.626 +/- 0.104 logLmax: -194596.36
08-04 13:57 nessai INFO    : it:  5000: Rolling KS test: D=0.012, p-value=0.7438
08-04 13:57 nessai INFO    : it:  5000: n eval: 20008 H: 11.91 dlogZ: 3849988.391 logZ: -4040874.057 +/- 0.109 logLmax: -190880.67
08-04 13:57 nessai INFO    : it:  6000: Rolling KS test: D=0.014, p-value=0.6695
08-04 13:57 nessai INFO    : it:  6000: n eval: 24322 H: 12.91 dlogZ: 2815086.349 logZ: -2852487.153 +/- 0.114 logLmax: -37394.81
08-04 13:57 nessai INFO    : it:  7000: Rolling KS test: D=0.041, p-value=0.03371
08-04 13:57 nessai INFO    : it:  7000: n eval: 28790 H: 13.91 dlogZ: 1640998.079 logZ: -1678399.883 +/- 0.118 logLmax: -37394.81
08-04 13:57 nessai INFO    : it:  8000: Rolling KS test: D=0.034, p-value=0.09683
08-04 13:57 nessai INFO    : it:  8000: n eval: 30888 H: 14.91 dlogZ: 873063.927 logZ: -893546.273 +/- 0.122 logLmax: -20474.35
08-04 13:57 nessai INFO    : it:  9000: Rolling KS test: D=0.028, p-value=0.2046
08-04 13:57 nessai INFO    : it:  9000: n eval: 35399 H: 15.91 dlogZ: 474927.198 logZ: -495410.545 +/- 0.126 logLmax: -20474.35
08-04 13:57 nessai INFO    : it: 10000: Rolling KS test: D=0.014, p-value=0.6695
08-04 13:57 nessai INFO    : it: 10000: n eval: 39650 H: 16.91 dlogZ: 259101.845 logZ: -269737.135 +/- 0.130 logLmax: -10625.29
08-04 13:57 nessai INFO    : it: 11000: Rolling KS test: D=0.026, p-value=0.2543
08-04 13:57 nessai INFO    : it: 11000: n eval: 44094 H: 17.90 dlogZ: 136926.136 logZ: -143574.700 +/- 0.134 logLmax: -6637.56
08-04 13:57 nessai INFO    : it: 12000: Rolling KS test: D=0.014, p-value=0.6695
08-04 13:57 nessai INFO    : it: 12000: n eval: 52751 H: 18.91 dlogZ: 77132.161 logZ: -79773.286 +/- 0.138 logLmax: -2629.13
08-04 13:57 nessai INFO    : it: 13000: Rolling KS test: D=0.035, p-value=0.08429
08-04 13:57 nessai INFO    : it: 13000: n eval: 59321 H: 19.91 dlogZ: 44553.752 logZ: -45651.758 +/- 0.141 logLmax: -1085.01
08-04 13:57 nessai INFO    : it: 14000: Rolling KS test: D=0.024, p-value=0.311
08-04 13:57 nessai INFO    : it: 14000: n eval: 64973 H: 20.90 dlogZ: 25730.601 logZ: -26522.076 +/- 0.145 logLmax: -777.48
08-04 13:57 nessai INFO    : it: 15000: Rolling KS test: D=0.04, p-value=0.03967
08-04 13:57 nessai INFO    : it: 15000: n eval: 71101 H: 21.44 dlogZ: 15560.881 logZ: -16056.516 +/- 0.146 logLmax: -480.64
08-04 13:57 nessai INFO    : it: 16000: Rolling KS test: D=0.02, p-value=0.4434
08-04 13:57 nessai INFO    : it: 16000: n eval: 82215 H: 22.36 dlogZ: 9419.120 logZ: -9674.889 +/- 0.150 logLmax: -239.77
08-04 13:57 nessai INFO    : it: 17000: Rolling KS test: D=0.01, p-value=0.8133
08-04 13:57 nessai INFO    : it: 17000: n eval: 93974 H: 23.84 dlogZ: 5474.301 logZ: -5731.070 +/- 0.154 logLmax: -239.77
08-04 13:57 nessai INFO    : it: 18000: Rolling KS test: D=0.04, p-value=0.03967
08-04 13:57 nessai INFO    : it: 18000: n eval: 108467 H: 24.54 dlogZ: 3229.618 logZ: -3456.952 +/- 0.157 logLmax: -209.34
08-04 13:57 nessai INFO    : it: 19000: Rolling KS test: D=0.022, p-value=0.3744
08-04 13:57 nessai INFO    : it: 19000: n eval: 117788 H: 25.07 dlogZ: 1886.182 logZ: -2031.288 +/- 0.158 logLmax: -126.11
08-04 13:57 nessai INFO    : it: 20000: Rolling KS test: D=0.009, p-value=0.8454
08-04 13:57 nessai INFO    : it: 20000: n eval: 134090 H: 24.92 dlogZ: 1189.240 logZ: -1262.978 +/- 0.158 logLmax: -53.74
08-04 13:57 nessai INFO    : it: 21000: Rolling KS test: D=0.012, p-value=0.7438
08-04 13:57 nessai INFO    : it: 21000: n eval: 157728 H: 26.32 dlogZ: 718.787 logZ: -789.897 +/- 0.162 logLmax: -50.11
08-04 13:57 nessai INFO    : it: 22000: Rolling KS test: D=0.028, p-value=0.2046
08-04 13:57 nessai INFO    : it: 22000: n eval: 169617 H: 26.49 dlogZ: 458.154 logZ: -514.940 +/- 0.163 logLmax: -34.79
08-04 13:57 nessai INFO    : it: 23000: Rolling KS test: D=0.039, p-value=0.0465
08-04 13:57 nessai INFO    : it: 23000: n eval: 196409 H: 26.79 dlogZ: 296.871 logZ: -333.106 +/- 0.164 logLmax: -13.24
08-04 13:58 nessai INFO    : it: 24000: Rolling KS test: D=0.022, p-value=0.3744
08-04 13:58 nessai INFO    : it: 24000: n eval: 230866 H: 27.51 dlogZ: 188.993 logZ: -226.227 +/- 0.166 logLmax: -13.24
08-04 13:58 nessai INFO    : it: 25000: Rolling KS test: D=0.024, p-value=0.311
08-04 13:58 nessai INFO    : it: 25000: n eval: 256494 H: 27.99 dlogZ: 127.263 logZ: -160.006 +/- 0.167 logLmax: -7.74
08-04 13:58 nessai INFO    : it: 26000: Rolling KS test: D=0.015, p-value=0.6313
08-04 13:58 nessai INFO    : it: 26000: n eval: 305360 H: 28.72 dlogZ: 83.868 logZ: -117.612 +/- 0.169 logLmax: -7.74
08-04 13:58 nessai INFO    : it: 27000: Rolling KS test: D=0.027, p-value=0.2286
08-04 13:58 nessai INFO    : it: 27000: n eval: 355360 H: 29.07 dlogZ: 55.714 logZ: -90.458 +/- 0.170 logLmax: -7.74
08-04 13:58 nessai INFO    : it: 28000: Rolling KS test: D=0.015, p-value=0.6313
08-04 13:58 nessai INFO    : it: 28000: n eval: 415360 H: 29.68 dlogZ: 37.710 logZ: -73.254 +/- 0.172 logLmax: -7.54
08-04 13:58 nessai INFO    : it: 29000: Rolling KS test: D=0.034, p-value=0.09683
08-04 13:58 nessai INFO    : it: 29000: n eval: 475360 H: 30.13 dlogZ: 27.699 logZ: -62.441 +/- 0.174 logLmax: -5.74
08-04 13:58 nessai INFO    : it: 30000: Rolling KS test: D=0.022, p-value=0.3744
08-04 13:58 nessai INFO    : it: 30000: n eval: 555360 H: 30.78 dlogZ: 19.569 logZ: -54.373 +/- 0.175 logLmax: -4.81
08-04 13:59 nessai INFO    : it: 31000: Rolling KS test: D=0.045, p-value=0.01689
08-04 13:59 nessai INFO    : it: 31000: n eval: 655360 H: 31.35 dlogZ: 15.337 logZ: -49.135 +/- 0.177 logLmax: -2.80
08-04 13:59 nessai INFO    : it: 32000: Rolling KS test: D=0.027, p-value=0.2286
08-04 13:59 nessai INFO    : it: 32000: n eval: 765360 H: 31.80 dlogZ: 11.667 logZ: -45.604 +/- 0.178 logLmax: -1.94
08-04 13:59 nessai INFO    : it: 33000: Rolling KS test: D=0.018, p-value=0.5169
08-04 13:59 nessai INFO    : it: 33000: n eval: 875360 H: 32.34 dlogZ: 8.444 logZ: -43.380 +/- 0.180 logLmax: -1.94
08-04 13:59 nessai INFO    : it: 34000: Rolling KS test: D=0.035, p-value=0.08429
08-04 13:59 nessai INFO    : it: 34000: n eval: 995360 H: 32.90 dlogZ: 6.296 logZ: -41.758 +/- 0.181 logLmax: -1.47
08-04 14:00 nessai INFO    : it: 35000: Rolling KS test: D=0.017, p-value=0.5547
08-04 14:00 nessai INFO    : it: 35000: n eval: 1075360 H: 33.38 dlogZ: 4.369 logZ: -40.649 +/- 0.183 logLmax: -1.29
08-04 14:00 nessai INFO    : it: 36000: Rolling KS test: D=0.026, p-value=0.2543
08-04 14:00 nessai INFO    : it: 36000: n eval: 1165360 H: 33.82 dlogZ: 3.014 logZ: -39.901 +/- 0.184 logLmax: -0.94
08-04 14:00 nessai INFO    : it: 37000: Rolling KS test: D=0.025, p-value=0.2818
08-04 14:00 nessai INFO    : it: 37000: n eval: 1225360 H: 34.19 dlogZ: 1.979 logZ: -39.416 +/- 0.185 logLmax: -0.59
08-04 14:00 nessai INFO    : it: 38000: Rolling KS test: D=0.018, p-value=0.5169
08-04 14:00 nessai INFO    : it: 38000: n eval: 1264079 H: 34.47 dlogZ: 1.023 logZ: -39.118 +/- 0.186 logLmax: -0.54
08-04 14:00 nessai INFO    : it: 39000: Rolling KS test: D=0.015, p-value=0.6313
08-04 14:00 nessai INFO    : it: 39000: n eval: 1304079 H: 34.66 dlogZ: 0.499 logZ: -38.947 +/- 0.186 logLmax: -0.38
08-04 14:00 nessai INFO    : it: 40000: Rolling KS test: D=0.004, p-value=0.9659
08-04 14:00 nessai INFO    : it: 40000: n eval: 1352199 H: 34.79 dlogZ: 0.200 logZ: -38.855 +/- 0.187 logLmax: -0.36
08-04 14:00 nessai INFO    : Stopping with difference_log_evidence=0.100
08-04 14:00 nessai INFO    : Finalising
08-04 14:00 nessai INFO    : Final ln-evidence: -38.766 +/- 0.187
08-04 14:00 nessai INFO    : Information: 34.94
08-04 14:00 nessai INFO    : Final KS test: D=0.008429, p-value=0.002958
08-04 14:00 nessai WARNING : Final p-value for the insertion indices is less than 0.05, this could be an indication of problems during sampling. Consider checking the diagnostic plots.
08-04 14:00 nessai INFO    : Checkpointing nested sampling
08-04 14:00 nessai INFO    : Total sampling time: 0:03:51.784038
08-04 14:00 nessai INFO    : Total training time: 0:01:22.348778
08-04 14:00 nessai INFO    : Total population time: 0:01:14.484247
08-04 14:00 nessai INFO    : Total likelihood evaluations: 1378393
08-04 14:00 nessai INFO    : Time spent evaluating likelihood: 0:00:26.334079
08-04 14:00 nessai INFO    : Total sampling time: 0:03:51.784038
08-04 14:00 nessai INFO    : Total likelihood evaluations: 1378393
08-04 14:00 nessai INFO    : Starting post processing
08-04 14:00 nessai INFO    : Computing posterior samples
08-04 14:00 nessai INFO    : Effective sample size: 7009.6
08-04 14:00 nessai INFO    : Producing posterior samples using rejection sampling
08-04 14:00 nessai INFO    : Expect 4857.549745548878 samples from rejection sampling
08-04 14:00 nessai INFO    : Returned 4830 posterior samples
08-04 14:00 nessai INFO    : Starting to close worker pool.
08-04 14:00 nessai INFO    : Finished closing worker pool.
