/data/wiay/postgrads/shashwat/qunat_com_future/lib/python3.11/site-packages/nessai/utils/logging.py:133: FutureWarning: setup_logger is deprecated, use configure_logger instead
  warnings.warn(
08-04 13:22 nessai INFO    : Running Nessai version 0.15.2
08-04 13:22 nessai INFO    : Starting multiprocessing pool with 4 processes
08-04 13:22 nessai INFO    : Initialising nested sampler
08-04 13:22 nessai WARNING : Multiprocessing pool has already been configured.
/data/wiay/postgrads/shashwat/qunat_com_future/lib/python3.11/site-packages/nessai/gw/__init__.py:12: FutureWarning: The `nessai.gw` module will be deprecated in the next release in favour of the nessai-gw package. This packages provides the same functionality as`nessai.gw` via the plugin interface.For more details, see: https://github.com/mj-will/nessai-gw
  warnings.warn(
08-04 13:22 nessai INFO    : Passing kwargs to FlowProposal: {'poolsize': 1000}
08-04 13:22 nessai INFO    : No reparameterisations provided, using default reparameterisations included in FlowProposal
08-04 13:22 nessai INFO    : Adding reparameterisations from: {}
08-04 13:22 nessai INFO    : Assuming fallback reparameterisation (ScaleAndShift) for ['kappa', 'mu_xi', 'sigma_chi', 'sigma_xi', 'rho', 'lambda_chi', 'chi0', 'xi0'] with kwargs: {'estimate_scale': True, 'estimate_shift': True, 'prior_bounds': {'kappa': array([0.1, 5. ]), 'mu_xi': array([0. , 0.1]), 'sigma_chi': array([0.05, 0.6 ]), 'sigma_xi': array([0.05, 0.4 ]), 'rho': array([-0.9,  0.9]), 'lambda_chi': array([-0.5,  0.5]), 'chi0': array([-0.5,  0.5]), 'xi0': array([2.5, 5. ])}}.
08-04 13:22 nessai INFO    : x space parameters: ['kappa', 'mu_xi', 'sigma_chi', 'sigma_xi', 'rho', 'lambda_chi', 'chi0', 'xi0']
08-04 13:22 nessai INFO    : x prime space parameters: ['kappa_prime', 'mu_xi_prime', 'sigma_chi_prime', 'sigma_xi_prime', 'rho_prime', 'lambda_chi_prime', 'chi0_prime', 'xi0_prime']
08-04 13:22 nessai INFO    : Overwriting fuzz factor with expansion fraction
08-04 13:22 nessai INFO    : New fuzz factor: 1.2228445449938519
08-04 13:22 nessai INFO    : Verifying rescaling functions
08-04 13:22 nessai INFO    : Rescaling functions are invertible
08-04 13:22 nessai INFO    : Populating initial live points
08-04 13:22 nessai INFO    : Populated 100 / 1000 live points
08-04 13:22 nessai INFO    : Populated 200 / 1000 live points
08-04 13:22 nessai INFO    : Populated 300 / 1000 live points
08-04 13:22 nessai INFO    : Populated 400 / 1000 live points
08-04 13:22 nessai INFO    : Populated 500 / 1000 live points
08-04 13:22 nessai INFO    : Populated 600 / 1000 live points
08-04 13:22 nessai INFO    : Populated 700 / 1000 live points
08-04 13:22 nessai INFO    : Populated 800 / 1000 live points
08-04 13:22 nessai INFO    : Populated 900 / 1000 live points
08-04 13:22 nessai INFO    : Populated 1000 / 1000 live points
08-04 13:22 nessai INFO    : Starting nested sampling loop
08-04 13:22 nessai INFO    : it:  1000: Rolling KS test: D=0.0, p-value=1.0
08-04 13:22 nessai INFO    : it:  1000: n eval: 3000 H: 7.91 dlogZ: 14211788.892 logZ: -14251910.814 +/- 0.089 logLmax: -40120.92
08-04 13:22 nessai INFO    : it:  2000: Rolling KS test: D=0.006, p-value=0.9268
08-04 13:22 nessai INFO    : it:  2000: n eval: 8000 H: 8.91 dlogZ: 3766037.398 logZ: -3803233.276 +/- 0.094 logLmax: -37193.88
08-04 13:22 nessai INFO    : Switching to FlowProposal
08-04 13:22 nessai INFO    : it:  3000: Rolling KS test: D=0.012, p-value=0.7438
08-04 13:22 nessai INFO    : it:  3000: n eval: 11867 H: 9.91 dlogZ: 1267456.068 logZ: -1276209.662 +/- 0.100 logLmax: -8750.60
08-04 13:22 nessai INFO    : it:  4000: Rolling KS test: D=0.028, p-value=0.2046
08-04 13:22 nessai INFO    : it:  4000: n eval: 15869 H: 10.91 dlogZ: 518221.259 logZ: -524847.377 +/- 0.104 logLmax: -6622.12
08-04 13:22 nessai INFO    : it:  5000: Rolling KS test: D=0.018, p-value=0.5169
08-04 13:22 nessai INFO    : it:  5000: n eval: 20332 H: 11.91 dlogZ: 233422.332 logZ: -237501.021 +/- 0.109 logLmax: -4073.69
08-04 13:22 nessai INFO    : it:  6000: Rolling KS test: D=0.011, p-value=0.7794
08-04 13:22 nessai INFO    : it:  6000: n eval: 24666 H: 12.68 dlogZ: 114279.329 logZ: -116806.483 +/- 0.113 logLmax: -2521.16
08-04 13:22 nessai INFO    : it:  7000: Rolling KS test: D=0.046, p-value=0.01407
08-04 13:22 nessai INFO    : it:  7000: n eval: 30184 H: 13.91 dlogZ: 55545.264 logZ: -57297.668 +/- 0.118 logLmax: -1745.40
08-04 13:22 nessai INFO    : it:  8000: Rolling KS test: D=0.018, p-value=0.5169
08-04 13:22 nessai INFO    : it:  8000: n eval: 32372 H: 14.65 dlogZ: 29696.135 logZ: -30215.178 +/- 0.121 logLmax: -511.04
08-04 13:22 nessai INFO    : it:  9000: Rolling KS test: D=0.018, p-value=0.5169
08-04 13:22 nessai INFO    : it:  9000: n eval: 39601 H: 15.52 dlogZ: 15587.345 logZ: -16042.985 +/- 0.125 logLmax: -446.64
08-04 13:22 nessai INFO    : it: 10000: Rolling KS test: D=0.018, p-value=0.5169
08-04 13:22 nessai INFO    : it: 10000: n eval: 44803 H: 16.20 dlogZ: 8313.397 logZ: -8770.036 +/- 0.127 logLmax: -446.64
08-04 13:22 nessai INFO    : it: 11000: Rolling KS test: D=0.016, p-value=0.593
08-04 13:22 nessai INFO    : it: 11000: n eval: 50978 H: 17.91 dlogZ: 5254.836 logZ: -5288.785 +/- 0.134 logLmax: -22.95
08-04 13:22 nessai INFO    : it: 12000: Rolling KS test: D=0.034, p-value=0.09683
08-04 13:22 nessai INFO    : it: 12000: n eval: 57007 H: 17.59 dlogZ: 3379.438 logZ: -3414.387 +/- 0.133 logLmax: -22.95
08-04 13:22 nessai INFO    : it: 13000: Rolling KS test: D=0.019, p-value=0.4797
08-04 13:22 nessai INFO    : it: 13000: n eval: 66022 H: 19.21 dlogZ: 2145.780 logZ: -2181.729 +/- 0.139 logLmax: -22.95
08-04 13:22 nessai INFO    : it: 14000: Rolling KS test: D=0.021, p-value=0.4082
08-04 13:22 nessai INFO    : it: 14000: n eval: 73000 H: 20.25 dlogZ: 1316.994 logZ: -1353.943 +/- 0.142 logLmax: -22.95
08-04 13:22 nessai INFO    : it: 15000: Rolling KS test: D=0.028, p-value=0.2046
08-04 13:22 nessai INFO    : it: 15000: n eval: 83416 H: 20.22 dlogZ: 785.555 logZ: -823.504 +/- 0.142 logLmax: -22.95
08-04 13:22 nessai INFO    : it: 16000: Rolling KS test: D=0.043, p-value=0.02406
08-04 13:22 nessai INFO    : it: 16000: n eval: 90316 H: 21.11 dlogZ: 471.898 logZ: -510.847 +/- 0.145 logLmax: -22.95
08-04 13:22 nessai INFO    : it: 17000: Rolling KS test: D=0.005, p-value=0.9481
08-04 13:22 nessai INFO    : it: 17000: n eval: 100828 H: 20.82 dlogZ: 289.253 logZ: -320.093 +/- 0.144 logLmax: -13.84
08-04 13:22 nessai INFO    : it: 18000: Rolling KS test: D=0.03, p-value=0.162
08-04 13:23 nessai INFO    : it: 18000: n eval: 115582 H: 21.59 dlogZ: 169.232 logZ: -201.072 +/- 0.147 logLmax: -13.84
08-04 13:23 nessai INFO    : it: 19000: Rolling KS test: D=0.023, p-value=0.3419
08-04 13:23 nessai INFO    : it: 19000: n eval: 137699 H: 22.00 dlogZ: 101.887 logZ: -132.755 +/- 0.148 logLmax: -11.87
08-04 13:23 nessai INFO    : it: 20000: Rolling KS test: D=0.024, p-value=0.311
08-04 13:23 nessai INFO    : it: 20000: n eval: 155427 H: 22.36 dlogZ: 66.079 logZ: -94.359 +/- 0.150 logLmax: -8.28
08-04 13:23 nessai INFO    : it: 21000: Rolling KS test: D=0.034, p-value=0.09683
08-04 13:23 nessai INFO    : it: 21000: n eval: 183935 H: 22.88 dlogZ: 44.170 logZ: -69.665 +/- 0.151 logLmax: -4.50
08-04 13:23 nessai INFO    : it: 22000: Rolling KS test: D=0.037, p-value=0.06311
08-04 13:23 nessai INFO    : it: 22000: n eval: 206259 H: 23.41 dlogZ: 28.549 logZ: -55.044 +/- 0.153 logLmax: -4.50
08-04 13:23 nessai INFO    : it: 23000: Rolling KS test: D=0.013, p-value=0.7071
08-04 13:23 nessai INFO    : it: 23000: n eval: 243133 H: 23.85 dlogZ: 18.852 logZ: -46.347 +/- 0.154 logLmax: -4.50
08-04 13:23 nessai INFO    : it: 24000: Rolling KS test: D=0.028, p-value=0.2046
08-04 13:23 nessai INFO    : it: 24000: n eval: 291427 H: 24.35 dlogZ: 12.800 logZ: -40.793 +/- 0.156 logLmax: -3.99
08-04 13:23 nessai INFO    : it: 25000: Rolling KS test: D=0.019, p-value=0.4797
08-04 13:23 nessai INFO    : it: 25000: n eval: 361427 H: 24.72 dlogZ: 9.289 logZ: -37.599 +/- 0.157 logLmax: -3.31
08-04 13:24 nessai INFO    : it: 26000: Rolling KS test: D=0.027, p-value=0.2286
08-04 13:24 nessai INFO    : it: 26000: n eval: 431427 H: 25.09 dlogZ: 7.713 logZ: -35.728 +/- 0.158 logLmax: -2.02
08-04 13:24 nessai INFO    : it: 27000: Rolling KS test: D=0.009, p-value=0.8454
08-04 13:24 nessai INFO    : it: 27000: n eval: 531427 H: 25.53 dlogZ: 5.522 logZ: -34.534 +/- 0.160 logLmax: -2.02
08-04 13:24 nessai INFO    : it: 28000: Rolling KS test: D=0.037, p-value=0.06311
08-04 13:24 nessai INFO    : it: 28000: n eval: 641427 H: 25.94 dlogZ: 3.749 logZ: -33.741 +/- 0.161 logLmax: -2.02
08-04 13:25 nessai INFO    : it: 29000: Rolling KS test: D=0.042, p-value=0.02854
08-04 13:25 nessai INFO    : it: 29000: n eval: 771427 H: 26.31 dlogZ: 2.322 logZ: -33.218 +/- 0.162 logLmax: -2.00
08-04 13:25 nessai INFO    : it: 30000: Rolling KS test: D=0.031, p-value=0.1433
08-04 13:25 nessai INFO    : it: 30000: n eval: 881427 H: 26.59 dlogZ: 1.497 logZ: -32.901 +/- 0.163 logLmax: -1.66
08-04 13:25 nessai INFO    : it: 31000: Rolling KS test: D=0.034, p-value=0.09683
08-04 13:25 nessai INFO    : it: 31000: n eval: 971427 H: 26.80 dlogZ: 0.720 logZ: -32.710 +/- 0.164 logLmax: -1.66
08-04 13:26 nessai INFO    : it: 32000: Rolling KS test: D=0.002, p-value=0.9907
08-04 13:26 nessai INFO    : it: 32000: n eval: 1011427 H: 26.96 dlogZ: 0.307 logZ: -32.598 +/- 0.164 logLmax: -1.62
08-04 13:26 nessai INFO    : it: 33000: Rolling KS test: D=0.002, p-value=0.9907
08-04 13:26 nessai INFO    : it: 33000: n eval: 1051420 H: 27.06 dlogZ: 0.123 logZ: -32.538 +/- 0.164 logLmax: -1.57
08-04 13:26 nessai INFO    : Stopping with difference_log_evidence=0.100
08-04 13:26 nessai INFO    : Finalising
08-04 13:26 nessai INFO    : Final ln-evidence: -32.482 +/- 0.165
08-04 13:26 nessai INFO    : Information: 27.17
08-04 13:26 nessai INFO    : Final KS test: D=0.007183, p-value=0.03231
08-04 13:26 nessai WARNING : Final p-value for the insertion indices is less than 0.05, this could be an indication of problems during sampling. Consider checking the diagnostic plots.
08-04 13:26 nessai INFO    : Checkpointing nested sampling
08-04 13:26 nessai INFO    : Total sampling time: 0:04:16.707245
08-04 13:26 nessai INFO    : Total training time: 0:01:10.614725
08-04 13:26 nessai INFO    : Total population time: 0:01:48.655507
08-04 13:26 nessai INFO    : Total likelihood evaluations: 1069612
08-04 13:26 nessai INFO    : Time spent evaluating likelihood: 0:00:35.045902
08-04 13:26 nessai INFO    : Total sampling time: 0:04:16.707245
08-04 13:26 nessai INFO    : Total likelihood evaluations: 1069612
08-04 13:26 nessai INFO    : Starting post processing
08-04 13:26 nessai INFO    : Computing posterior samples
08-04 13:26 nessai INFO    : Effective sample size: 7230.8
08-04 13:26 nessai INFO    : Producing posterior samples using rejection sampling
08-04 13:26 nessai INFO    : Expect 4988.656801356207 samples from rejection sampling
08-04 13:26 nessai INFO    : Returned 4990 posterior samples
08-04 13:26 nessai INFO    : Starting to close worker pool.
08-04 13:26 nessai INFO    : Finished closing worker pool.
