/data/wiay/postgrads/shashwat/qunat_com_future/lib/python3.11/site-packages/nessai/utils/logging.py:133: FutureWarning: setup_logger is deprecated, use configure_logger instead
  warnings.warn(
08-04 14:03 nessai INFO    : Running Nessai version 0.15.2
08-04 14:03 nessai INFO    : Starting multiprocessing pool with 4 processes
08-04 14:03 nessai INFO    : Initialising nested sampler
08-04 14:03 nessai WARNING : Multiprocessing pool has already been configured.
/data/wiay/postgrads/shashwat/qunat_com_future/lib/python3.11/site-packages/nessai/gw/__init__.py:12: FutureWarning: The `nessai.gw` module will be deprecated in the next release in favour of the nessai-gw package. This packages provides the same functionality as`nessai.gw` via the plugin interface.For more details, see: https://github.com/mj-will/nessai-gw
  warnings.warn(
08-04 14:03 nessai INFO    : Passing kwargs to FlowProposal: {'poolsize': 1000}
08-04 14:03 nessai INFO    : No reparameterisations provided, using default reparameterisations included in FlowProposal
08-04 14:03 nessai INFO    : Adding reparameterisations from: {}
08-04 14:03 nessai INFO    : Assuming fallback reparameterisation (ScaleAndShift) for ['kappa', 'mu_xi', 'sigma_chi', 'sigma_xi', 'rho', 'lambda_chi', 'chi0', 'xi0'] with kwargs: {'estimate_scale': True, 'estimate_shift': True, 'prior_bounds': {'kappa': array([0.1, 5. ]), 'mu_xi': array([0. , 0.1]), 'sigma_chi': array([0.05, 0.6 ]), 'sigma_xi': array([0.05, 0.4 ]), 'rho': array([-0.9,  0.9]), 'lambda_chi': array([-0.5,  0.5]), 'chi0': array([-0.5,  0.5]), 'xi0': array([2.5, 5. ])}}.
08-04 14:03 nessai INFO    : x space parameters: ['kappa', 'mu_xi', 'sigma_chi', 'sigma_xi', 'rho', 'lambda_chi', 'chi0', 'xi0']
08-04 14:03 nessai INFO    : x prime space parameters: ['kappa_prime', 'mu_xi_prime', 'sigma_chi_prime', 'sigma_xi_prime', 'rho_prime', 'lambda_chi_prime', 'chi0_prime', 'xi0_prime']
08-04 14:03 nessai INFO    : Overwriting fuzz factor with expansion fraction
08-04 14:03 nessai INFO    : New fuzz factor: 1.2228445449938519
08-04 14:03 nessai INFO    : Verifying rescaling functions
08-04 14:03 nessai INFO    : Rescaling functions are invertible
08-04 14:03 nessai INFO    : Populating initial live points
08-04 14:03 nessai INFO    : Populated 100 / 1000 live points
08-04 14:03 nessai INFO    : Populated 200 / 1000 live points
08-04 14:03 nessai INFO    : Populated 300 / 1000 live points
08-04 14:03 nessai INFO    : Populated 400 / 1000 live points
08-04 14:03 nessai INFO    : Populated 500 / 1000 live points
08-04 14:03 nessai INFO    : Populated 600 / 1000 live points
08-04 14:03 nessai INFO    : Populated 700 / 1000 live points
08-04 14:03 nessai INFO    : Populated 800 / 1000 live points
08-04 14:03 nessai INFO    : Populated 900 / 1000 live points
08-04 14:03 nessai INFO    : Populated 1000 / 1000 live points
08-04 14:03 nessai INFO    : Starting nested sampling loop
08-04 14:03 nessai INFO    : it:  1000: Rolling KS test: D=0.015, p-value=0.6313
08-04 14:03 nessai INFO    : it:  1000: n eval: 3000 H: 7.91 dlogZ: 13943347.489 logZ: -13975516.935 +/- 0.089 logLmax: -32168.45
08-04 14:03 nessai INFO    : it:  2000: Rolling KS test: D=0.052, p-value=0.004319
08-04 14:03 nessai INFO    : it:  2000: n eval: 8000 H: 8.91 dlogZ: 3594332.491 logZ: -3608259.632 +/- 0.094 logLmax: -13925.14
08-04 14:03 nessai INFO    : Switching to FlowProposal
08-04 14:03 nessai INFO    : it:  3000: Rolling KS test: D=0.012, p-value=0.7438
08-04 14:03 nessai INFO    : it:  3000: n eval: 12397 H: 9.91 dlogZ: 1248933.674 logZ: -1250647.556 +/- 0.100 logLmax: -1710.88
08-04 14:03 nessai INFO    : it:  4000: Rolling KS test: D=0.002, p-value=0.9907
08-04 14:03 nessai INFO    : it:  4000: n eval: 16067 H: 10.91 dlogZ: 499791.622 logZ: -501506.504 +/- 0.104 logLmax: -1710.88
08-04 14:04 nessai INFO    : it:  5000: Rolling KS test: D=0.011, p-value=0.7794
08-04 14:04 nessai INFO    : it:  5000: n eval: 20156 H: 11.91 dlogZ: 222500.266 logZ: -223993.420 +/- 0.109 logLmax: -1488.16
08-04 14:04 nessai INFO    : it:  6000: Rolling KS test: D=0.024, p-value=0.311
08-04 14:04 nessai INFO    : it:  6000: n eval: 22099 H: 12.91 dlogZ: 107385.200 logZ: -107690.877 +/- 0.114 logLmax: -299.68
08-04 14:04 nessai INFO    : it:  7000: Rolling KS test: D=0.013, p-value=0.7071
08-04 14:04 nessai INFO    : it:  7000: n eval: 26199 H: 13.22 dlogZ: 54490.334 logZ: -54797.011 +/- 0.115 logLmax: -299.68
08-04 14:04 nessai INFO    : it:  8000: Rolling KS test: D=0.012, p-value=0.7438
08-04 14:04 nessai INFO    : it:  8000: n eval: 35500 H: 14.91 dlogZ: 27884.809 logZ: -28192.486 +/- 0.122 logLmax: -299.68
08-04 14:04 nessai INFO    : it:  9000: Rolling KS test: D=0.03, p-value=0.162
08-04 14:04 nessai INFO    : it:  9000: n eval: 40383 H: 15.44 dlogZ: 14665.435 logZ: -14859.119 +/- 0.124 logLmax: -184.69
08-04 14:04 nessai INFO    : it: 10000: Rolling KS test: D=0.026, p-value=0.2543
08-04 14:04 nessai INFO    : it: 10000: n eval: 46095 H: 16.19 dlogZ: 7900.346 logZ: -8095.030 +/- 0.127 logLmax: -184.69
08-04 14:04 nessai INFO    : it: 11000: Rolling KS test: D=0.041, p-value=0.03371
08-04 14:04 nessai INFO    : it: 11000: n eval: 52209 H: 17.75 dlogZ: 4321.931 logZ: -4456.194 +/- 0.133 logLmax: -123.26
08-04 14:04 nessai INFO    : it: 12000: Rolling KS test: D=0.04, p-value=0.03967
08-04 14:04 nessai INFO    : it: 12000: n eval: 57543 H: 18.55 dlogZ: 2389.572 logZ: -2524.835 +/- 0.136 logLmax: -123.26
08-04 14:04 nessai INFO    : it: 13000: Rolling KS test: D=0.043, p-value=0.02406
08-04 14:04 nessai INFO    : it: 13000: n eval: 66493 H: 18.90 dlogZ: 1426.445 logZ: -1470.982 +/- 0.137 logLmax: -31.54
08-04 14:04 nessai INFO    : it: 14000: Rolling KS test: D=0.014, p-value=0.6695
08-04 14:04 nessai INFO    : it: 14000: n eval: 73875 H: 19.06 dlogZ: 882.762 logZ: -928.299 +/- 0.138 logLmax: -31.54
08-04 14:04 nessai INFO    : it: 15000: Rolling KS test: D=0.023, p-value=0.3419
08-04 14:04 nessai INFO    : it: 15000: n eval: 84802 H: 19.91 dlogZ: 531.387 logZ: -577.924 +/- 0.141 logLmax: -31.54
08-04 14:04 nessai INFO    : it: 16000: Rolling KS test: D=0.031, p-value=0.1433
08-04 14:04 nessai INFO    : it: 16000: n eval: 92104 H: 20.20 dlogZ: 332.889 logZ: -367.238 +/- 0.142 logLmax: -18.35
08-04 14:04 nessai INFO    : it: 17000: Rolling KS test: D=0.015, p-value=0.6313
08-04 14:04 nessai INFO    : it: 17000: n eval: 103833 H: 20.62 dlogZ: 207.744 logZ: -238.796 +/- 0.144 logLmax: -14.05
08-04 14:04 nessai INFO    : it: 18000: Rolling KS test: D=0.014, p-value=0.6695
08-04 14:04 nessai INFO    : it: 18000: n eval: 118395 H: 20.89 dlogZ: 124.533 logZ: -156.585 +/- 0.145 logLmax: -14.05
08-04 14:04 nessai INFO    : it: 19000: Rolling KS test: D=0.035, p-value=0.08429
08-04 14:04 nessai INFO    : it: 19000: n eval: 135478 H: 21.59 dlogZ: 78.851 logZ: -109.370 +/- 0.147 logLmax: -11.52
08-04 14:04 nessai INFO    : it: 20000: Rolling KS test: D=0.029, p-value=0.1825
08-04 14:04 nessai INFO    : it: 20000: n eval: 157533 H: 22.13 dlogZ: 49.441 logZ: -80.430 +/- 0.149 logLmax: -10.99
08-04 14:04 nessai INFO    : it: 21000: Rolling KS test: D=0.02, p-value=0.4434
08-04 14:04 nessai INFO    : it: 21000: n eval: 187252 H: 22.50 dlogZ: 33.600 logZ: -62.817 +/- 0.150 logLmax: -8.22
08-04 14:04 nessai INFO    : it: 22000: Rolling KS test: D=0.033, p-value=0.1108
08-04 14:04 nessai INFO    : it: 22000: n eval: 224710 H: 22.96 dlogZ: 24.075 logZ: -52.946 +/- 0.152 logLmax: -6.87
08-04 14:04 nessai INFO    : it: 23000: Rolling KS test: D=0.014, p-value=0.6695
08-04 14:04 nessai INFO    : it: 23000: n eval: 264710 H: 23.44 dlogZ: 16.962 logZ: -46.833 +/- 0.153 logLmax: -6.87
08-04 14:05 nessai INFO    : it: 24000: Rolling KS test: D=0.054, p-value=0.002821
08-04 14:05 nessai INFO    : it: 24000: n eval: 344710 H: 23.89 dlogZ: 13.894 logZ: -43.060 +/- 0.155 logLmax: -5.17
08-04 14:05 nessai INFO    : it: 25000: Rolling KS test: D=0.055, p-value=0.002267
08-04 14:05 nessai INFO    : it: 25000: n eval: 444710 H: 24.31 dlogZ: 11.656 logZ: -40.875 +/- 0.156 logLmax: -4.22
08-04 14:05 nessai INFO    : it: 26000: Rolling KS test: D=0.027, p-value=0.2286
08-04 14:05 nessai INFO    : it: 26000: n eval: 544710 H: 24.83 dlogZ: 11.195 logZ: -39.342 +/- 0.158 logLmax: -2.15
08-04 14:05 nessai INFO    : it: 27000: Rolling KS test: D=0.047, p-value=0.01167
08-04 14:05 nessai INFO    : it: 27000: n eval: 664710 H: 25.48 dlogZ: 9.011 logZ: -38.158 +/- 0.160 logLmax: -2.15
08-04 14:06 nessai INFO    : it: 28000: Rolling KS test: D=0.037, p-value=0.06311
08-04 14:06 nessai INFO    : it: 28000: n eval: 692871 H: 26.41 dlogZ: 7.031 logZ: -36.943 +/- 0.163 logLmax: -1.91
08-04 14:06 nessai INFO    : it: 29000: Rolling KS test: D=0.034, p-value=0.09683
08-04 14:06 nessai INFO    : it: 29000: n eval: 717001 H: 27.17 dlogZ: 5.214 logZ: -35.907 +/- 0.165 logLmax: -1.70
08-04 14:06 nessai INFO    : it: 30000: Rolling KS test: D=0.028, p-value=0.2046
08-04 14:06 nessai INFO    : it: 30000: n eval: 727179 H: 27.82 dlogZ: 3.422 logZ: -35.087 +/- 0.167 logLmax: -1.70
08-04 14:06 nessai INFO    : it: 31000: Rolling KS test: D=0.024, p-value=0.311
08-04 14:06 nessai INFO    : it: 31000: n eval: 740862 H: 28.31 dlogZ: 2.022 logZ: -34.513 +/- 0.168 logLmax: -1.63
08-04 14:06 nessai INFO    : it: 32000: Rolling KS test: D=0.035, p-value=0.08429
08-04 14:06 nessai INFO    : it: 32000: n eval: 754222 H: 28.65 dlogZ: 1.030 logZ: -34.159 +/- 0.169 logLmax: -1.57
08-04 14:06 nessai INFO    : it: 33000: Rolling KS test: D=0.024, p-value=0.311
08-04 14:06 nessai INFO    : it: 33000: n eval: 763888 H: 28.87 dlogZ: 0.535 logZ: -33.956 +/- 0.170 logLmax: -1.30
08-04 14:06 nessai INFO    : it: 34000: Rolling KS test: D=0.015, p-value=0.6313
08-04 14:06 nessai INFO    : it: 34000: n eval: 778549 H: 29.01 dlogZ: 0.223 logZ: -33.848 +/- 0.170 logLmax: -1.23
08-04 14:06 nessai INFO    : Stopping with difference_log_evidence=0.100
08-04 14:06 nessai INFO    : Finalising
08-04 14:06 nessai INFO    : Final ln-evidence: -33.747 +/- 0.171
08-04 14:06 nessai INFO    : Information: 29.18
08-04 14:06 nessai INFO    : Final KS test: D=0.01236, p-value=2.313e-05
08-04 14:06 nessai WARNING : Final p-value for the insertion indices is less than 0.05, this could be an indication of problems during sampling. Consider checking the diagnostic plots.
08-04 14:06 nessai INFO    : Checkpointing nested sampling
08-04 14:06 nessai INFO    : Total sampling time: 0:02:35.076036
08-04 14:06 nessai INFO    : Total training time: 0:00:52.297099
08-04 14:06 nessai INFO    : Total population time: 0:00:49.388395
08-04 14:06 nessai INFO    : Total likelihood evaluations: 787361
08-04 14:06 nessai INFO    : Time spent evaluating likelihood: 0:00:15.398354
08-04 14:06 nessai INFO    : Total sampling time: 0:02:35.076036
08-04 14:06 nessai INFO    : Total likelihood evaluations: 787361
08-04 14:06 nessai INFO    : Starting post processing
08-04 14:06 nessai INFO    : Computing posterior samples
08-04 14:06 nessai INFO    : Effective sample size: 6886.1
08-04 14:06 nessai INFO    : Producing posterior samples using rejection sampling
08-04 14:06 nessai INFO    : Expect 4685.538457387675 samples from rejection sampling
08-04 14:06 nessai INFO    : Returned 4646 posterior samples
08-04 14:06 nessai INFO    : Starting to close worker pool.
08-04 14:06 nessai INFO    : Finished closing worker pool.
