/data/wiay/postgrads/shashwat/qunat_com_future/lib/python3.11/site-packages/nessai/utils/logging.py:133: FutureWarning: setup_logger is deprecated, use configure_logger instead
  warnings.warn(
08-04 16:10 nessai INFO    : Running Nessai version 0.15.2
08-04 16:10 nessai INFO    : Starting multiprocessing pool with 4 processes
08-04 16:10 nessai INFO    : Initialising nested sampler
08-04 16:10 nessai WARNING : Multiprocessing pool has already been configured.
/data/wiay/postgrads/shashwat/qunat_com_future/lib/python3.11/site-packages/nessai/gw/__init__.py:12: FutureWarning: The `nessai.gw` module will be deprecated in the next release in favour of the nessai-gw package. This packages provides the same functionality as`nessai.gw` via the plugin interface.For more details, see: https://github.com/mj-will/nessai-gw
  warnings.warn(
08-04 16:10 nessai INFO    : Passing kwargs to FlowProposal: {'poolsize': 1000}
08-04 16:10 nessai INFO    : No reparameterisations provided, using default reparameterisations included in FlowProposal
08-04 16:10 nessai INFO    : Adding reparameterisations from: {}
08-04 16:10 nessai INFO    : Assuming fallback reparameterisation (ScaleAndShift) for ['kappa', 'mu_xi', 'sigma_chi', 'sigma_xi', 'rho', 'lambda_chi', 'chi0', 'xi0'] with kwargs: {'estimate_scale': True, 'estimate_shift': True, 'prior_bounds': {'kappa': array([0.1, 5. ]), 'mu_xi': array([0. , 0.1]), 'sigma_chi': array([0.05, 0.6 ]), 'sigma_xi': array([0.05, 0.4 ]), 'rho': array([-0.9,  0.9]), 'lambda_chi': array([-0.5,  0.5]), 'chi0': array([-0.5,  0.5]), 'xi0': array([2.5, 5. ])}}.
08-04 16:10 nessai INFO    : x space parameters: ['kappa', 'mu_xi', 'sigma_chi', 'sigma_xi', 'rho', 'lambda_chi', 'chi0', 'xi0']
08-04 16:10 nessai INFO    : x prime space parameters: ['kappa_prime', 'mu_xi_prime', 'sigma_chi_prime', 'sigma_xi_prime', 'rho_prime', 'lambda_chi_prime', 'chi0_prime', 'xi0_prime']
08-04 16:10 nessai INFO    : Overwriting fuzz factor with expansion fraction
08-04 16:10 nessai INFO    : New fuzz factor: 1.2228445449938519
08-04 16:10 nessai INFO    : Verifying rescaling functions
08-04 16:10 nessai INFO    : Rescaling functions are invertible
08-04 16:10 nessai INFO    : Populating initial live points
08-04 16:10 nessai INFO    : Populated 100 / 1000 live points
08-04 16:10 nessai INFO    : Populated 200 / 1000 live points
08-04 16:10 nessai INFO    : Populated 300 / 1000 live points
08-04 16:10 nessai INFO    : Populated 400 / 1000 live points
08-04 16:10 nessai INFO    : Populated 500 / 1000 live points
08-04 16:10 nessai INFO    : Populated 600 / 1000 live points
08-04 16:10 nessai INFO    : Populated 700 / 1000 live points
08-04 16:10 nessai INFO    : Populated 800 / 1000 live points
08-04 16:10 nessai INFO    : Populated 900 / 1000 live points
08-04 16:10 nessai INFO    : Populated 1000 / 1000 live points
08-04 16:10 nessai INFO    : Starting nested sampling loop
08-04 16:10 nessai INFO    : it:  1000: Rolling KS test: D=0.024, p-value=0.311
08-04 16:10 nessai INFO    : it:  1000: n eval: 3000 H: 7.91 dlogZ: 5117260.557 logZ: -5118656.580 +/- 0.089 logLmax: -1395.02
08-04 16:10 nessai INFO    : it:  2000: Rolling KS test: D=0.016, p-value=0.593
08-04 16:10 nessai INFO    : it:  2000: n eval: 8000 H: 8.91 dlogZ: 468435.793 logZ: -469832.816 +/- 0.094 logLmax: -1395.02
08-04 16:10 nessai INFO    : Switching to FlowProposal
08-04 16:10 nessai INFO    : it:  3000: Rolling KS test: D=0.033, p-value=0.1108
08-04 16:10 nessai INFO    : it:  3000: n eval: 11987 H: 9.91 dlogZ: 151087.599 logZ: -152485.622 +/- 0.100 logLmax: -1395.02
08-04 16:10 nessai INFO    : it:  4000: Rolling KS test: D=0.018, p-value=0.5169
08-04 16:10 nessai INFO    : it:  4000: n eval: 15657 H: 10.91 dlogZ: 61624.398 logZ: -63023.420 +/- 0.104 logLmax: -1395.02
08-04 16:11 nessai INFO    : it:  5000: Rolling KS test: D=0.033, p-value=0.1108
08-04 16:11 nessai INFO    : it:  5000: n eval: 20498 H: 11.91 dlogZ: 28462.242 logZ: -28944.184 +/- 0.109 logLmax: -476.94
08-04 16:11 nessai INFO    : it:  6000: Rolling KS test: D=0.03, p-value=0.162
08-04 16:11 nessai INFO    : it:  6000: n eval: 24791 H: 12.91 dlogZ: 13344.509 logZ: -13827.451 +/- 0.114 logLmax: -476.94
08-04 16:11 nessai INFO    : it:  7000: Rolling KS test: D=0.011, p-value=0.7794
08-04 16:11 nessai INFO    : it:  7000: n eval: 29585 H: 13.89 dlogZ: 6690.207 logZ: -7174.149 +/- 0.118 logLmax: -476.94
08-04 16:11 nessai INFO    : it:  8000: Rolling KS test: D=0.011, p-value=0.7794
08-04 16:11 nessai INFO    : it:  8000: n eval: 34653 H: 14.50 dlogZ: 3873.608 logZ: -4118.855 +/- 0.120 logLmax: -237.25
08-04 16:11 nessai INFO    : it:  9000: Rolling KS test: D=0.004, p-value=0.9659
08-04 16:11 nessai INFO    : it:  9000: n eval: 40529 H: 14.59 dlogZ: 2408.034 logZ: -2502.206 +/- 0.121 logLmax: -85.17
08-04 16:11 nessai INFO    : it: 10000: Rolling KS test: D=0.02, p-value=0.4434
08-04 16:11 nessai INFO    : it: 10000: n eval: 50377 H: 15.28 dlogZ: 1531.212 logZ: -1626.384 +/- 0.124 logLmax: -85.17
08-04 16:11 nessai INFO    : it: 11000: Rolling KS test: D=0.032, p-value=0.1263
08-04 16:11 nessai INFO    : it: 11000: n eval: 55919 H: 16.06 dlogZ: 1079.691 logZ: -1112.650 +/- 0.127 logLmax: -21.96
08-04 16:11 nessai INFO    : it: 12000: Rolling KS test: D=0.024, p-value=0.311
08-04 16:11 nessai INFO    : it: 12000: n eval: 63612 H: 16.68 dlogZ: 688.006 logZ: -721.965 +/- 0.129 logLmax: -21.96
08-04 16:11 nessai INFO    : it: 13000: Rolling KS test: D=0.003, p-value=0.9802
08-04 16:11 nessai INFO    : it: 13000: n eval: 76858 H: 17.30 dlogZ: 418.380 logZ: -452.366 +/- 0.132 logLmax: -20.99
08-04 16:11 nessai INFO    : it: 14000: Rolling KS test: D=0.029, p-value=0.1825
08-04 16:11 nessai INFO    : it: 14000: n eval: 91172 H: 17.95 dlogZ: 267.824 logZ: -291.582 +/- 0.134 logLmax: -9.76
08-04 16:11 nessai INFO    : it: 15000: Rolling KS test: D=0.04, p-value=0.03967
08-04 16:11 nessai INFO    : it: 15000: n eval: 105430 H: 18.27 dlogZ: 160.760 logZ: -185.518 +/- 0.135 logLmax: -9.76
08-04 16:11 nessai INFO    : it: 16000: Rolling KS test: D=0.034, p-value=0.09683
08-04 16:11 nessai INFO    : it: 16000: n eval: 119151 H: 18.87 dlogZ: 96.692 logZ: -118.754 +/- 0.137 logLmax: -6.06
08-04 16:11 nessai INFO    : it: 17000: Rolling KS test: D=0.018, p-value=0.5169
08-04 16:11 nessai INFO    : it: 17000: n eval: 138162 H: 19.44 dlogZ: 58.429 logZ: -79.753 +/- 0.139 logLmax: -4.32
08-04 16:11 nessai INFO    : it: 18000: Rolling KS test: D=0.008, p-value=0.8752
08-04 16:11 nessai INFO    : it: 18000: n eval: 158303 H: 19.72 dlogZ: 37.062 logZ: -58.217 +/- 0.140 logLmax: -3.16
08-04 16:11 nessai INFO    : it: 19000: Rolling KS test: D=0.015, p-value=0.6313
08-04 16:11 nessai INFO    : it: 19000: n eval: 181270 H: 20.23 dlogZ: 22.741 logZ: -44.895 +/- 0.142 logLmax: -3.16
08-04 16:11 nessai INFO    : it: 20000: Rolling KS test: D=0.038, p-value=0.05428
08-04 16:11 nessai INFO    : it: 20000: n eval: 214228 H: 20.67 dlogZ: 14.284 logZ: -37.438 +/- 0.144 logLmax: -3.16
08-04 16:11 nessai INFO    : it: 21000: Rolling KS test: D=0.016, p-value=0.593
08-04 16:11 nessai INFO    : it: 21000: n eval: 250959 H: 21.11 dlogZ: 9.541 logZ: -32.934 +/- 0.145 logLmax: -2.39
08-04 16:11 nessai INFO    : it: 22000: Rolling KS test: D=0.017, p-value=0.5547
08-04 16:11 nessai INFO    : it: 22000: n eval: 300377 H: 21.47 dlogZ: 6.051 logZ: -30.357 +/- 0.147 logLmax: -2.31
08-04 16:12 nessai INFO    : it: 23000: Rolling KS test: D=0.008, p-value=0.8752
08-04 16:12 nessai INFO    : it: 23000: n eval: 370377 H: 21.81 dlogZ: 3.799 logZ: -28.883 +/- 0.148 logLmax: -2.11
08-04 16:12 nessai INFO    : it: 24000: Rolling KS test: D=0.001, p-value=0.9973
08-04 16:12 nessai INFO    : it: 24000: n eval: 460377 H: 22.08 dlogZ: 2.207 logZ: -28.062 +/- 0.149 logLmax: -1.97
08-04 16:12 nessai INFO    : it: 25000: Rolling KS test: D=0.012, p-value=0.7438
08-04 16:12 nessai INFO    : it: 25000: n eval: 570377 H: 22.30 dlogZ: 1.066 logZ: -27.614 +/- 0.149 logLmax: -1.97
08-04 16:12 nessai INFO    : it: 26000: Rolling KS test: D=0.015, p-value=0.6313
08-04 16:12 nessai INFO    : it: 26000: n eval: 700377 H: 22.45 dlogZ: 0.513 logZ: -27.379 +/- 0.150 logLmax: -1.78
08-04 16:12 nessai INFO    : it: 27000: Rolling KS test: D=0.029, p-value=0.1825
08-04 16:12 nessai INFO    : it: 27000: n eval: 830377 H: 22.54 dlogZ: 0.208 logZ: -27.264 +/- 0.150 logLmax: -1.73
08-04 16:13 nessai INFO    : Stopping with difference_log_evidence=0.100
08-04 16:13 nessai INFO    : Finalising
08-04 16:13 nessai INFO    : Final ln-evidence: -27.167 +/- 0.150
08-04 16:13 nessai INFO    : Information: 22.65
08-04 16:13 nessai INFO    : Final KS test: D=0.004176, p-value=0.3765
08-04 16:13 nessai INFO    : Checkpointing nested sampling
08-04 16:13 nessai INFO    : Total sampling time: 0:02:17.794309
08-04 16:13 nessai INFO    : Total training time: 0:00:45.297080
08-04 16:13 nessai INFO    : Total population time: 0:00:45.631388
08-04 16:13 nessai INFO    : Total likelihood evaluations: 980377
08-04 16:13 nessai INFO    : Time spent evaluating likelihood: 0:00:17.948948
08-04 16:13 nessai INFO    : Total sampling time: 0:02:17.794309
08-04 16:13 nessai INFO    : Total likelihood evaluations: 980377
08-04 16:13 nessai INFO    : Starting post processing
08-04 16:13 nessai INFO    : Computing posterior samples
08-04 16:13 nessai INFO    : Effective sample size: 5818.3
08-04 16:13 nessai INFO    : Producing posterior samples using rejection sampling
08-04 16:13 nessai INFO    : Expect 3995.743043237222 samples from rejection sampling
08-04 16:13 nessai INFO    : Returned 4017 posterior samples
08-04 16:13 nessai INFO    : Starting to close worker pool.
08-04 16:13 nessai INFO    : Finished closing worker pool.
