/data/wiay/postgrads/shashwat/qunat_com_future/lib/python3.11/site-packages/nessai/utils/logging.py:133: FutureWarning: setup_logger is deprecated, use configure_logger instead
  warnings.warn(
08-04 12:58 nessai INFO    : Running Nessai version 0.15.2
08-04 12:58 nessai INFO    : Starting multiprocessing pool with 4 processes
08-04 12:58 nessai INFO    : Initialising nested sampler
08-04 12:58 nessai WARNING : Multiprocessing pool has already been configured.
/data/wiay/postgrads/shashwat/qunat_com_future/lib/python3.11/site-packages/nessai/gw/__init__.py:12: FutureWarning: The `nessai.gw` module will be deprecated in the next release in favour of the nessai-gw package. This packages provides the same functionality as`nessai.gw` via the plugin interface.For more details, see: https://github.com/mj-will/nessai-gw
  warnings.warn(
08-04 12:58 nessai INFO    : Passing kwargs to FlowProposal: {'poolsize': 1000}
08-04 12:58 nessai INFO    : No reparameterisations provided, using default reparameterisations included in FlowProposal
08-04 12:58 nessai INFO    : Adding reparameterisations from: {}
08-04 12:58 nessai INFO    : Assuming fallback reparameterisation (ScaleAndShift) for ['kappa', 'mu_xi', 'sigma_chi', 'sigma_xi', 'rho', 'lambda_chi', 'chi0', 'xi0'] with kwargs: {'estimate_scale': True, 'estimate_shift': True, 'prior_bounds': {'kappa': array([0.1, 5. ]), 'mu_xi': array([0. , 0.1]), 'sigma_chi': array([0.05, 0.6 ]), 'sigma_xi': array([0.05, 0.4 ]), 'rho': array([-0.9,  0.9]), 'lambda_chi': array([-0.5,  0.5]), 'chi0': array([-0.5,  0.5]), 'xi0': array([2.5, 5. ])}}.
08-04 12:58 nessai INFO    : x space parameters: ['kappa', 'mu_xi', 'sigma_chi', 'sigma_xi', 'rho', 'lambda_chi', 'chi0', 'xi0']
08-04 12:58 nessai INFO    : x prime space parameters: ['kappa_prime', 'mu_xi_prime', 'sigma_chi_prime', 'sigma_xi_prime', 'rho_prime', 'lambda_chi_prime', 'chi0_prime', 'xi0_prime']
08-04 12:58 nessai INFO    : Overwriting fuzz factor with expansion fraction
08-04 12:58 nessai INFO    : New fuzz factor: 1.2228445449938519
08-04 12:58 nessai INFO    : Verifying rescaling functions
08-04 12:58 nessai INFO    : Rescaling functions are invertible
08-04 12:58 nessai INFO    : Populating initial live points
08-04 12:58 nessai INFO    : Populated 100 / 1000 live points
08-04 12:58 nessai INFO    : Populated 200 / 1000 live points
08-04 12:58 nessai INFO    : Populated 300 / 1000 live points
08-04 12:58 nessai INFO    : Populated 400 / 1000 live points
08-04 12:58 nessai INFO    : Populated 500 / 1000 live points
08-04 12:58 nessai INFO    : Populated 600 / 1000 live points
08-04 12:58 nessai INFO    : Populated 700 / 1000 live points
08-04 12:58 nessai INFO    : Populated 800 / 1000 live points
08-04 12:58 nessai INFO    : Populated 900 / 1000 live points
08-04 12:58 nessai INFO    : Populated 1000 / 1000 live points
08-04 12:58 nessai INFO    : Starting nested sampling loop
08-04 12:58 nessai INFO    : it:  1000: Rolling KS test: D=0.027, p-value=0.2286
08-04 12:58 nessai INFO    : it:  1000: n eval: 3000 H: 7.91 dlogZ: 86468970.210 logZ: -86740163.179 +/- 0.089 logLmax: -271191.97
08-04 12:58 nessai INFO    : it:  2000: Rolling KS test: D=0.015, p-value=0.6313
08-04 12:58 nessai INFO    : it:  2000: n eval: 8000 H: 8.91 dlogZ: 22424741.959 logZ: -22531899.276 +/- 0.094 logLmax: -107155.32
08-04 12:58 nessai INFO    : Switching to FlowProposal
08-04 12:58 nessai INFO    : it:  3000: Rolling KS test: D=0.022, p-value=0.3744
08-04 12:58 nessai INFO    : it:  3000: n eval: 12060 H: 9.91 dlogZ: 7246331.743 logZ: -7313482.502 +/- 0.100 logLmax: -67147.76
08-04 12:58 nessai INFO    : it:  4000: Rolling KS test: D=0.011, p-value=0.7794
08-04 12:58 nessai INFO    : it:  4000: n eval: 16154 H: 10.91 dlogZ: 2991429.543 logZ: -3019431.808 +/- 0.104 logLmax: -27998.27
08-04 12:58 nessai INFO    : it:  5000: Rolling KS test: D=0.024, p-value=0.311
08-04 12:58 nessai INFO    : it:  5000: n eval: 20467 H: 11.91 dlogZ: 1321004.431 logZ: -1339723.237 +/- 0.109 logLmax: -18713.81
08-04 12:58 nessai INFO    : it:  6000: Rolling KS test: D=0.025, p-value=0.2818
08-04 12:58 nessai INFO    : it:  6000: n eval: 25398 H: 12.91 dlogZ: 620705.808 logZ: -638870.280 +/- 0.114 logLmax: -18158.47
08-04 12:58 nessai INFO    : it:  7000: Rolling KS test: D=0.005, p-value=0.9481
08-04 12:58 nessai INFO    : it:  7000: n eval: 30245 H: 13.91 dlogZ: 300541.009 logZ: -314059.660 +/- 0.118 logLmax: -13511.65
08-04 12:58 nessai INFO    : it:  8000: Rolling KS test: D=0.026, p-value=0.2543
08-04 12:58 nessai INFO    : it:  8000: n eval: 35855 H: 14.91 dlogZ: 157149.676 logZ: -160478.596 +/- 0.122 logLmax: -3320.92
08-04 12:58 nessai INFO    : it:  9000: Rolling KS test: D=0.012, p-value=0.7438
08-04 12:58 nessai INFO    : it:  9000: n eval: 43481 H: 15.91 dlogZ: 80457.128 logZ: -83787.048 +/- 0.126 logLmax: -3320.92
08-04 12:58 nessai INFO    : it: 10000: Rolling KS test: D=0.038, p-value=0.05428
08-04 12:58 nessai INFO    : it: 10000: n eval: 49230 H: 16.91 dlogZ: 45671.029 logZ: -46003.916 +/- 0.130 logLmax: -322.89
08-04 12:58 nessai INFO    : it: 11000: Rolling KS test: D=0.024, p-value=0.311
08-04 12:58 nessai INFO    : it: 11000: n eval: 55067 H: 17.40 dlogZ: 24479.171 logZ: -24813.057 +/- 0.132 logLmax: -322.89
08-04 12:58 nessai INFO    : it: 12000: Rolling KS test: D=0.015, p-value=0.6313
08-04 12:58 nessai INFO    : it: 12000: n eval: 62698 H: 18.61 dlogZ: 14000.051 logZ: -14181.223 +/- 0.136 logLmax: -169.17
08-04 12:58 nessai INFO    : it: 13000: Rolling KS test: D=0.004, p-value=0.9659
08-04 12:58 nessai INFO    : it: 13000: n eval: 69202 H: 19.91 dlogZ: 7986.413 logZ: -8168.586 +/- 0.141 logLmax: -169.17
08-04 12:58 nessai INFO    : it: 14000: Rolling KS test: D=0.026, p-value=0.2543
08-04 12:58 nessai INFO    : it: 14000: n eval: 74939 H: 20.74 dlogZ: 4639.452 logZ: -4822.624 +/- 0.144 logLmax: -169.17
08-04 12:58 nessai INFO    : it: 15000: Rolling KS test: D=0.016, p-value=0.593
08-04 12:58 nessai INFO    : it: 15000: n eval: 84632 H: 20.65 dlogZ: 2789.390 logZ: -2973.563 +/- 0.144 logLmax: -169.17
08-04 12:58 nessai INFO    : it: 16000: Rolling KS test: D=0.03, p-value=0.162
08-04 12:58 nessai INFO    : it: 16000: n eval: 91508 H: 22.10 dlogZ: 1646.455 logZ: -1830.096 +/- 0.149 logLmax: -167.64
08-04 12:58 nessai INFO    : it: 17000: Rolling KS test: D=0.014, p-value=0.6695
08-04 12:58 nessai INFO    : it: 17000: n eval: 101916 H: 21.65 dlogZ: 1040.358 logZ: -1140.204 +/- 0.147 logLmax: -82.85
08-04 12:58 nessai INFO    : it: 18000: Rolling KS test: D=0.04, p-value=0.03967
08-04 12:59 nessai INFO    : it: 18000: n eval: 109794 H: 23.01 dlogZ: 655.604 logZ: -722.490 +/- 0.152 logLmax: -48.89
08-04 12:59 nessai INFO    : it: 19000: Rolling KS test: D=0.012, p-value=0.7438
08-04 12:59 nessai INFO    : it: 19000: n eval: 122811 H: 23.22 dlogZ: 421.302 logZ: -468.179 +/- 0.152 logLmax: -27.88
08-04 12:59 nessai INFO    : it: 20000: Rolling KS test: D=0.023, p-value=0.3419
08-04 12:59 nessai INFO    : it: 20000: n eval: 137499 H: 23.91 dlogZ: 263.362 logZ: -311.239 +/- 0.155 logLmax: -27.88
08-04 12:59 nessai INFO    : it: 21000: Rolling KS test: D=0.031, p-value=0.1433
08-04 12:59 nessai INFO    : it: 21000: n eval: 155428 H: 24.31 dlogZ: 170.660 logZ: -210.097 +/- 0.156 logLmax: -18.44
08-04 12:59 nessai INFO    : it: 22000: Rolling KS test: D=0.009, p-value=0.8454
08-04 12:59 nessai INFO    : it: 22000: n eval: 180926 H: 24.89 dlogZ: 121.839 logZ: -153.644 +/- 0.158 logLmax: -9.81
08-04 12:59 nessai INFO    : it: 23000: Rolling KS test: D=0.017, p-value=0.5547
08-04 12:59 nessai INFO    : it: 23000: n eval: 206272 H: 25.33 dlogZ: 84.723 logZ: -117.528 +/- 0.159 logLmax: -9.81
08-04 12:59 nessai INFO    : it: 24000: Rolling KS test: D=0.026, p-value=0.2543
08-04 12:59 nessai INFO    : it: 24000: n eval: 244668 H: 25.93 dlogZ: 60.253 logZ: -94.058 +/- 0.161 logLmax: -9.81
08-04 12:59 nessai INFO    : it: 25000: Rolling KS test: D=0.014, p-value=0.6695
08-04 12:59 nessai INFO    : it: 25000: n eval: 292556 H: 26.62 dlogZ: 43.265 logZ: -77.115 +/- 0.163 logLmax: -8.85
08-04 12:59 nessai INFO    : it: 26000: Rolling KS test: D=0.029, p-value=0.1825
08-04 12:59 nessai INFO    : it: 26000: n eval: 342047 H: 27.11 dlogZ: 37.485 logZ: -66.603 +/- 0.165 logLmax: -3.12
08-04 12:59 nessai INFO    : it: 27000: Rolling KS test: D=0.022, p-value=0.3744
08-04 13:00 nessai INFO    : it: 27000: n eval: 391514 H: 27.67 dlogZ: 29.445 logZ: -59.563 +/- 0.166 logLmax: -3.12
08-04 13:00 nessai INFO    : it: 28000: Rolling KS test: D=0.014, p-value=0.6695
08-04 13:00 nessai INFO    : it: 28000: n eval: 451514 H: 28.36 dlogZ: 22.964 logZ: -54.082 +/- 0.168 logLmax: -3.12
08-04 13:00 nessai INFO    : it: 29000: Rolling KS test: D=0.042, p-value=0.02854
08-04 13:00 nessai INFO    : it: 29000: n eval: 511514 H: 29.23 dlogZ: 18.023 logZ: -49.678 +/- 0.171 logLmax: -2.66
08-04 13:00 nessai INFO    : it: 30000: Rolling KS test: D=0.018, p-value=0.5169
08-04 13:00 nessai INFO    : it: 30000: n eval: 558870 H: 29.91 dlogZ: 13.460 logZ: -46.116 +/- 0.173 logLmax: -2.66
08-04 13:00 nessai INFO    : it: 31000: Rolling KS test: D=0.037, p-value=0.06311
08-04 13:00 nessai INFO    : it: 31000: n eval: 596167 H: 30.51 dlogZ: 10.496 logZ: -43.517 +/- 0.175 logLmax: -2.02
08-04 13:00 nessai INFO    : it: 32000: Rolling KS test: D=0.019, p-value=0.4797
08-04 13:00 nessai INFO    : it: 32000: n eval: 631161 H: 31.13 dlogZ: 7.589 logZ: -41.610 +/- 0.176 logLmax: -2.02
08-04 13:00 nessai INFO    : it: 33000: Rolling KS test: D=0.019, p-value=0.4797
08-04 13:00 nessai INFO    : it: 33000: n eval: 653798 H: 31.70 dlogZ: 5.196 logZ: -40.211 +/- 0.178 logLmax: -2.02
08-04 13:00 nessai INFO    : it: 34000: Rolling KS test: D=0.013, p-value=0.7071
08-04 13:00 nessai INFO    : it: 34000: n eval: 674825 H: 32.13 dlogZ: 3.438 logZ: -39.302 +/- 0.179 logLmax: -1.90
08-04 13:00 nessai INFO    : it: 35000: Rolling KS test: D=0.032, p-value=0.1263
08-04 13:00 nessai INFO    : it: 35000: n eval: 689248 H: 32.50 dlogZ: 2.285 logZ: -38.717 +/- 0.180 logLmax: -1.54
08-04 13:01 nessai INFO    : it: 36000: Rolling KS test: D=0.029, p-value=0.1825
08-04 13:01 nessai INFO    : it: 36000: n eval: 705023 H: 32.78 dlogZ: 1.324 logZ: -38.366 +/- 0.181 logLmax: -1.35
08-04 13:01 nessai INFO    : it: 37000: Rolling KS test: D=0.01, p-value=0.8133
08-04 13:01 nessai INFO    : it: 37000: n eval: 719600 H: 32.98 dlogZ: 0.686 logZ: -38.161 +/- 0.182 logLmax: -1.18
08-04 13:01 nessai INFO    : it: 38000: Rolling KS test: D=0.023, p-value=0.3419
08-04 13:01 nessai INFO    : it: 38000: n eval: 733057 H: 33.13 dlogZ: 0.308 logZ: -38.046 +/- 0.182 logLmax: -1.07
08-04 13:01 nessai INFO    : it: 39000: Rolling KS test: D=0.015, p-value=0.6313
08-04 13:01 nessai INFO    : it: 39000: n eval: 740884 H: 33.22 dlogZ: 0.119 logZ: -37.986 +/- 0.182 logLmax: -1.06
08-04 13:01 nessai INFO    : Stopping with difference_log_evidence=0.100
08-04 13:01 nessai INFO    : Finalising
08-04 13:01 nessai INFO    : Final ln-evidence: -37.931 +/- 0.183
08-04 13:01 nessai INFO    : Information: 33.32
08-04 13:01 nessai INFO    : Final KS test: D=0.006306, p-value=0.04415
08-04 13:01 nessai WARNING : Final p-value for the insertion indices is less than 0.05, this could be an indication of problems during sampling. Consider checking the diagnostic plots.
08-04 13:01 nessai INFO    : Checkpointing nested sampling
08-04 13:01 nessai INFO    : Total sampling time: 0:03:07.453050
08-04 13:01 nessai INFO    : Total training time: 0:00:59.285149
08-04 13:01 nessai INFO    : Total population time: 0:00:55.220454
08-04 13:01 nessai INFO    : Total likelihood evaluations: 745027
08-04 13:01 nessai INFO    : Time spent evaluating likelihood: 0:00:23.602441
08-04 13:01 nessai INFO    : Total sampling time: 0:03:07.453050
08-04 13:01 nessai INFO    : Total likelihood evaluations: 745027
08-04 13:01 nessai INFO    : Starting post processing
08-04 13:01 nessai INFO    : Computing posterior samples
08-04 13:01 nessai INFO    : Effective sample size: 6892.7
08-04 13:01 nessai INFO    : Producing posterior samples using rejection sampling
08-04 13:01 nessai INFO    : Expect 4725.767584010609 samples from rejection sampling
08-04 13:01 nessai INFO    : Returned 4720 posterior samples
08-04 13:01 nessai INFO    : Starting to close worker pool.
08-04 13:01 nessai INFO    : Finished closing worker pool.
