/data/wiay/postgrads/shashwat/qunat_com_future/lib/python3.11/site-packages/nessai/utils/logging.py:133: FutureWarning: setup_logger is deprecated, use configure_logger instead
  warnings.warn(
08-04 13:15 nessai INFO    : Running Nessai version 0.15.2
08-04 13:15 nessai INFO    : Starting multiprocessing pool with 4 processes
08-04 13:15 nessai INFO    : Initialising nested sampler
08-04 13:15 nessai WARNING : Multiprocessing pool has already been configured.
/data/wiay/postgrads/shashwat/qunat_com_future/lib/python3.11/site-packages/nessai/gw/__init__.py:12: FutureWarning: The `nessai.gw` module will be deprecated in the next release in favour of the nessai-gw package. This packages provides the same functionality as`nessai.gw` via the plugin interface.For more details, see: https://github.com/mj-will/nessai-gw
  warnings.warn(
08-04 13:15 nessai INFO    : Passing kwargs to FlowProposal: {'poolsize': 1000}
08-04 13:15 nessai INFO    : No reparameterisations provided, using default reparameterisations included in FlowProposal
08-04 13:15 nessai INFO    : Adding reparameterisations from: {}
08-04 13:15 nessai INFO    : Assuming fallback reparameterisation (ScaleAndShift) for ['kappa', 'mu_xi', 'sigma_chi', 'sigma_xi', 'rho', 'lambda_chi', 'chi0', 'xi0'] with kwargs: {'estimate_scale': True, 'estimate_shift': True, 'prior_bounds': {'kappa': array([0.1, 5. ]), 'mu_xi': array([0. , 0.1]), 'sigma_chi': array([0.05, 0.6 ]), 'sigma_xi': array([0.05, 0.4 ]), 'rho': array([-0.9,  0.9]), 'lambda_chi': array([-0.5,  0.5]), 'chi0': array([-0.5,  0.5]), 'xi0': array([2.5, 5. ])}}.
08-04 13:15 nessai INFO    : x space parameters: ['kappa', 'mu_xi', 'sigma_chi', 'sigma_xi', 'rho', 'lambda_chi', 'chi0', 'xi0']
08-04 13:15 nessai INFO    : x prime space parameters: ['kappa_prime', 'mu_xi_prime', 'sigma_chi_prime', 'sigma_xi_prime', 'rho_prime', 'lambda_chi_prime', 'chi0_prime', 'xi0_prime']
08-04 13:15 nessai INFO    : Overwriting fuzz factor with expansion fraction
08-04 13:15 nessai INFO    : New fuzz factor: 1.2228445449938519
08-04 13:15 nessai INFO    : Verifying rescaling functions
08-04 13:15 nessai INFO    : Rescaling functions are invertible
08-04 13:15 nessai INFO    : Populating initial live points
08-04 13:15 nessai INFO    : Populated 100 / 1000 live points
08-04 13:15 nessai INFO    : Populated 200 / 1000 live points
08-04 13:15 nessai INFO    : Populated 300 / 1000 live points
08-04 13:15 nessai INFO    : Populated 400 / 1000 live points
08-04 13:15 nessai INFO    : Populated 500 / 1000 live points
08-04 13:15 nessai INFO    : Populated 600 / 1000 live points
08-04 13:15 nessai INFO    : Populated 700 / 1000 live points
08-04 13:15 nessai INFO    : Populated 800 / 1000 live points
08-04 13:15 nessai INFO    : Populated 900 / 1000 live points
08-04 13:15 nessai INFO    : Populated 1000 / 1000 live points
08-04 13:15 nessai INFO    : Starting nested sampling loop
08-04 13:15 nessai INFO    : it:  1000: Rolling KS test: D=0.007, p-value=0.9024
08-04 13:15 nessai INFO    : it:  1000: n eval: 3000 H: 7.91 dlogZ: 50334451.989 logZ: -50523221.258 +/- 0.089 logLmax: -188768.27
08-04 13:15 nessai INFO    : it:  2000: Rolling KS test: D=0.048, p-value=0.009645
08-04 13:15 nessai INFO    : it:  2000: n eval: 8000 H: 8.91 dlogZ: 13766705.219 logZ: -13804571.533 +/- 0.094 logLmax: -37864.31
08-04 13:15 nessai INFO    : Switching to FlowProposal
08-04 13:15 nessai INFO    : it:  3000: Rolling KS test: D=0.018, p-value=0.5169
08-04 13:15 nessai INFO    : it:  3000: n eval: 12066 H: 9.91 dlogZ: 4591579.856 logZ: -4629447.170 +/- 0.100 logLmax: -37864.31
08-04 13:15 nessai INFO    : it:  4000: Rolling KS test: D=0.043, p-value=0.02406
08-04 13:15 nessai INFO    : it:  4000: n eval: 15937 H: 10.91 dlogZ: 1869897.302 logZ: -1892783.870 +/- 0.104 logLmax: -22882.57
08-04 13:15 nessai INFO    : it:  5000: Rolling KS test: D=0.01, p-value=0.8133
08-04 13:15 nessai INFO    : it:  5000: n eval: 20992 H: 11.91 dlogZ: 830436.060 logZ: -844246.173 +/- 0.109 logLmax: -13805.11
08-04 13:15 nessai INFO    : it:  6000: Rolling KS test: D=0.006, p-value=0.9268
08-04 13:15 nessai INFO    : it:  6000: n eval: 25968 H: 12.91 dlogZ: 406289.906 logZ: -419987.005 +/- 0.114 logLmax: -13691.10
08-04 13:15 nessai INFO    : it:  7000: Rolling KS test: D=0.027, p-value=0.2286
08-04 13:15 nessai INFO    : it:  7000: n eval: 30824 H: 13.91 dlogZ: 201368.308 logZ: -205933.088 +/- 0.118 logLmax: -4557.78
08-04 13:15 nessai INFO    : it:  8000: Rolling KS test: D=0.035, p-value=0.08429
08-04 13:15 nessai INFO    : it:  8000: n eval: 35904 H: 14.68 dlogZ: 101943.820 logZ: -103375.818 +/- 0.121 logLmax: -1424.00
08-04 13:15 nessai INFO    : it:  9000: Rolling KS test: D=0.006, p-value=0.9268
08-04 13:15 nessai INFO    : it:  9000: n eval: 45855 H: 15.91 dlogZ: 54669.623 logZ: -54862.843 +/- 0.126 logLmax: -184.22
08-04 13:15 nessai INFO    : it: 10000: Rolling KS test: D=0.03, p-value=0.162
08-04 13:15 nessai INFO    : it: 10000: n eval: 53164 H: 16.91 dlogZ: 28940.064 logZ: -29134.284 +/- 0.130 logLmax: -184.22
08-04 13:15 nessai INFO    : it: 11000: Rolling KS test: D=0.018, p-value=0.5169
08-04 13:15 nessai INFO    : it: 11000: n eval: 62032 H: 17.91 dlogZ: 16058.945 logZ: -16254.165 +/- 0.134 logLmax: -184.22
08-04 13:15 nessai INFO    : it: 12000: Rolling KS test: D=0.02, p-value=0.4434
08-04 13:15 nessai INFO    : it: 12000: n eval: 68031 H: 18.84 dlogZ: 9096.925 logZ: -9293.145 +/- 0.137 logLmax: -184.22
08-04 13:15 nessai INFO    : it: 13000: Rolling KS test: D=0.026, p-value=0.2543
08-04 13:15 nessai INFO    : it: 13000: n eval: 74425 H: 19.26 dlogZ: 5246.937 logZ: -5444.157 +/- 0.139 logLmax: -184.22
08-04 13:15 nessai INFO    : it: 14000: Rolling KS test: D=0.029, p-value=0.1825
08-04 13:15 nessai INFO    : it: 14000: n eval: 84975 H: 19.68 dlogZ: 3010.617 logZ: -3208.837 +/- 0.140 logLmax: -184.22
08-04 13:15 nessai INFO    : it: 15000: Rolling KS test: D=0.006, p-value=0.9268
08-04 13:15 nessai INFO    : it: 15000: n eval: 92966 H: 20.48 dlogZ: 1825.461 logZ: -1962.995 +/- 0.143 logLmax: -122.54
08-04 13:15 nessai INFO    : it: 16000: Rolling KS test: D=0.021, p-value=0.4082
08-04 13:15 nessai INFO    : it: 16000: n eval: 105990 H: 21.37 dlogZ: 1144.025 logZ: -1220.235 +/- 0.146 logLmax: -60.21
08-04 13:15 nessai INFO    : it: 17000: Rolling KS test: D=0.008, p-value=0.8752
08-04 13:15 nessai INFO    : it: 17000: n eval: 120905 H: 21.88 dlogZ: 704.941 logZ: -764.412 +/- 0.148 logLmax: -42.47
08-04 13:15 nessai INFO    : it: 18000: Rolling KS test: D=0.017, p-value=0.5547
08-04 13:16 nessai INFO    : it: 18000: n eval: 140510 H: 22.28 dlogZ: 412.954 logZ: -467.895 +/- 0.149 logLmax: -36.94
08-04 13:16 nessai INFO    : it: 19000: Rolling KS test: D=0.02, p-value=0.4434
08-04 13:16 nessai INFO    : it: 19000: n eval: 160737 H: 22.78 dlogZ: 264.948 logZ: -302.987 +/- 0.151 logLmax: -19.04
08-04 13:16 nessai INFO    : it: 20000: Rolling KS test: D=0.036, p-value=0.07308
08-04 13:16 nessai INFO    : it: 20000: n eval: 189208 H: 23.18 dlogZ: 163.260 logZ: -202.298 +/- 0.152 logLmax: -19.04
08-04 13:16 nessai INFO    : it: 21000: Rolling KS test: D=0.012, p-value=0.7438
08-04 13:16 nessai INFO    : it: 21000: n eval: 213648 H: 23.68 dlogZ: 103.026 logZ: -142.237 +/- 0.154 logLmax: -18.21
08-04 13:16 nessai INFO    : it: 22000: Rolling KS test: D=0.024, p-value=0.311
08-04 13:16 nessai INFO    : it: 22000: n eval: 251531 H: 24.38 dlogZ: 69.451 logZ: -106.094 +/- 0.156 logLmax: -14.64
08-04 13:16 nessai INFO    : it: 23000: Rolling KS test: D=0.013, p-value=0.7071
08-04 13:16 nessai INFO    : it: 23000: n eval: 301531 H: 24.76 dlogZ: 47.304 logZ: -83.376 +/- 0.157 logLmax: -13.07
08-04 13:16 nessai INFO    : it: 24000: Rolling KS test: D=0.054, p-value=0.002821
08-04 13:16 nessai INFO    : it: 24000: n eval: 361531 H: 25.33 dlogZ: 37.185 logZ: -69.344 +/- 0.159 logLmax: -8.16
08-04 13:16 nessai INFO    : it: 25000: Rolling KS test: D=0.036, p-value=0.07308
08-04 13:17 nessai INFO    : it: 25000: n eval: 431531 H: 25.96 dlogZ: 28.062 logZ: -60.085 +/- 0.161 logLmax: -7.02
08-04 13:17 nessai INFO    : it: 26000: Rolling KS test: D=0.024, p-value=0.311
08-04 13:17 nessai INFO    : it: 26000: n eval: 511531 H: 26.64 dlogZ: 23.167 logZ: -53.494 +/- 0.163 logLmax: -4.33
08-04 13:17 nessai INFO    : it: 27000: Rolling KS test: D=0.013, p-value=0.7071
08-04 13:17 nessai INFO    : it: 27000: n eval: 601531 H: 27.17 dlogZ: 19.185 logZ: -48.712 +/- 0.165 logLmax: -2.53
08-04 13:17 nessai INFO    : it: 28000: Rolling KS test: D=0.03, p-value=0.162
08-04 13:17 nessai INFO    : it: 28000: n eval: 701531 H: 27.89 dlogZ: 15.108 logZ: -45.230 +/- 0.167 logLmax: -2.12
08-04 13:18 nessai INFO    : it: 29000: Rolling KS test: D=0.019, p-value=0.4797
08-04 13:18 nessai INFO    : it: 29000: n eval: 771528 H: 28.67 dlogZ: 12.019 logZ: -42.369 +/- 0.169 logLmax: -1.35
08-04 13:18 nessai INFO    : it: 30000: Rolling KS test: D=0.016, p-value=0.593
08-04 13:18 nessai INFO    : it: 30000: n eval: 796859 H: 29.35 dlogZ: 8.801 logZ: -40.151 +/- 0.171 logLmax: -1.35
08-04 13:18 nessai INFO    : it: 31000: Rolling KS test: D=0.023, p-value=0.3419
08-04 13:18 nessai INFO    : it: 31000: n eval: 813210 H: 29.94 dlogZ: 6.105 logZ: -38.453 +/- 0.173 logLmax: -1.35
08-04 13:18 nessai INFO    : it: 32000: Rolling KS test: D=0.021, p-value=0.4082
08-04 13:18 nessai INFO    : it: 32000: n eval: 832323 H: 30.38 dlogZ: 4.406 logZ: -37.378 +/- 0.174 logLmax: -0.98
08-04 13:18 nessai INFO    : it: 33000: Rolling KS test: D=0.018, p-value=0.5169
08-04 13:18 nessai INFO    : it: 33000: n eval: 845096 H: 30.78 dlogZ: 2.747 logZ: -36.665 +/- 0.175 logLmax: -0.98
08-04 13:18 nessai INFO    : it: 34000: Rolling KS test: D=0.025, p-value=0.2818
08-04 13:18 nessai INFO    : it: 34000: n eval: 862554 H: 31.07 dlogZ: 1.522 logZ: -36.242 +/- 0.176 logLmax: -0.97
08-04 13:18 nessai INFO    : it: 35000: Rolling KS test: D=0.021, p-value=0.4082
08-04 13:18 nessai INFO    : it: 35000: n eval: 879501 H: 31.28 dlogZ: 0.835 logZ: -35.998 +/- 0.177 logLmax: -0.73
08-04 13:18 nessai INFO    : it: 36000: Rolling KS test: D=0.013, p-value=0.7071
08-04 13:18 nessai INFO    : it: 36000: n eval: 896167 H: 31.44 dlogZ: 0.368 logZ: -35.858 +/- 0.177 logLmax: -0.67
08-04 13:18 nessai INFO    : it: 37000: Rolling KS test: D=0.016, p-value=0.593
08-04 13:18 nessai INFO    : it: 37000: n eval: 912832 H: 31.54 dlogZ: 0.150 logZ: -35.785 +/- 0.178 logLmax: -0.61
08-04 13:18 nessai INFO    : Stopping with difference_log_evidence=0.100
08-04 13:18 nessai INFO    : Finalising
08-04 13:18 nessai INFO    : Final ln-evidence: -35.717 +/- 0.178
08-04 13:18 nessai INFO    : Information: 31.66
08-04 13:18 nessai INFO    : Final KS test: D=0.005937, p-value=0.07128
08-04 13:18 nessai INFO    : Checkpointing nested sampling
08-04 13:18 nessai INFO    : Total sampling time: 0:03:39.719735
08-04 13:18 nessai INFO    : Total training time: 0:01:09.518307
08-04 13:18 nessai INFO    : Total population time: 0:01:11.319499
08-04 13:18 nessai INFO    : Total likelihood evaluations: 918729
08-04 13:18 nessai INFO    : Time spent evaluating likelihood: 0:00:30.798776
08-04 13:18 nessai INFO    : Total sampling time: 0:03:39.719735
08-04 13:18 nessai INFO    : Total likelihood evaluations: 918729
08-04 13:18 nessai INFO    : Starting post processing
08-04 13:18 nessai INFO    : Computing posterior samples
08-04 13:18 nessai INFO    : Effective sample size: 6752.1
08-04 13:18 nessai INFO    : Producing posterior samples using rejection sampling
08-04 13:18 nessai INFO    : Expect 4592.035913117087 samples from rejection sampling
08-04 13:18 nessai INFO    : Returned 4613 posterior samples
08-04 13:18 nessai INFO    : Starting to close worker pool.
08-04 13:18 nessai INFO    : Finished closing worker pool.
