/data/wiay/postgrads/shashwat/qunat_com_future/lib/python3.11/site-packages/nessai/utils/logging.py:133: FutureWarning: setup_logger is deprecated, use configure_logger instead
  warnings.warn(
08-04 15:57 nessai INFO    : Running Nessai version 0.15.2
08-04 15:57 nessai INFO    : Starting multiprocessing pool with 4 processes
08-04 15:57 nessai INFO    : Initialising nested sampler
08-04 15:57 nessai WARNING : Multiprocessing pool has already been configured.
/data/wiay/postgrads/shashwat/qunat_com_future/lib/python3.11/site-packages/nessai/gw/__init__.py:12: FutureWarning: The `nessai.gw` module will be deprecated in the next release in favour of the nessai-gw package. This packages provides the same functionality as`nessai.gw` via the plugin interface.For more details, see: https://github.com/mj-will/nessai-gw
  warnings.warn(
08-04 15:57 nessai INFO    : Passing kwargs to FlowProposal: {'poolsize': 1000}
08-04 15:57 nessai INFO    : No reparameterisations provided, using default reparameterisations included in FlowProposal
08-04 15:57 nessai INFO    : Adding reparameterisations from: {}
08-04 15:57 nessai INFO    : Assuming fallback reparameterisation (ScaleAndShift) for ['kappa', 'mu_xi', 'sigma_chi', 'sigma_xi', 'rho', 'lambda_chi', 'chi0', 'xi0'] with kwargs: {'estimate_scale': True, 'estimate_shift': True, 'prior_bounds': {'kappa': array([0.1, 5. ]), 'mu_xi': array([0. , 0.1]), 'sigma_chi': array([0.05, 0.6 ]), 'sigma_xi': array([0.05, 0.4 ]), 'rho': array([-0.9,  0.9]), 'lambda_chi': array([-0.5,  0.5]), 'chi0': array([-0.5,  0.5]), 'xi0': array([2.5, 5. ])}}.
08-04 15:57 nessai INFO    : x space parameters: ['kappa', 'mu_xi', 'sigma_chi', 'sigma_xi', 'rho', 'lambda_chi', 'chi0', 'xi0']
08-04 15:57 nessai INFO    : x prime space parameters: ['kappa_prime', 'mu_xi_prime', 'sigma_chi_prime', 'sigma_xi_prime', 'rho_prime', 'lambda_chi_prime', 'chi0_prime', 'xi0_prime']
08-04 15:57 nessai INFO    : Overwriting fuzz factor with expansion fraction
08-04 15:57 nessai INFO    : New fuzz factor: 1.2228445449938519
08-04 15:57 nessai INFO    : Verifying rescaling functions
08-04 15:57 nessai INFO    : Rescaling functions are invertible
08-04 15:57 nessai INFO    : Populating initial live points
08-04 15:57 nessai INFO    : Populated 100 / 1000 live points
08-04 15:57 nessai INFO    : Populated 200 / 1000 live points
08-04 15:57 nessai INFO    : Populated 300 / 1000 live points
08-04 15:57 nessai INFO    : Populated 400 / 1000 live points
08-04 15:57 nessai INFO    : Populated 500 / 1000 live points
08-04 15:57 nessai INFO    : Populated 600 / 1000 live points
08-04 15:57 nessai INFO    : Populated 700 / 1000 live points
08-04 15:57 nessai INFO    : Populated 800 / 1000 live points
08-04 15:57 nessai INFO    : Populated 900 / 1000 live points
08-04 15:57 nessai INFO    : Populated 1000 / 1000 live points
08-04 15:57 nessai INFO    : Starting nested sampling loop
08-04 15:57 nessai INFO    : it:  1000: Rolling KS test: D=0.011, p-value=0.7794
08-04 15:57 nessai INFO    : it:  1000: n eval: 3000 H: 7.91 dlogZ: 4097952.438 logZ: -4100179.490 +/- 0.089 logLmax: -2226.05
08-04 15:57 nessai INFO    : it:  2000: Rolling KS test: D=0.023, p-value=0.3419
08-04 15:57 nessai INFO    : it:  2000: n eval: 8000 H: 8.91 dlogZ: 906763.992 logZ: -907533.158 +/- 0.094 logLmax: -767.17
08-04 15:57 nessai INFO    : Switching to FlowProposal
08-04 15:57 nessai INFO    : it:  3000: Rolling KS test: D=0.002, p-value=0.9907
08-04 15:57 nessai INFO    : it:  3000: n eval: 12037 H: 9.91 dlogZ: 314356.303 logZ: -315126.469 +/- 0.100 logLmax: -767.17
08-04 15:57 nessai INFO    : it:  4000: Rolling KS test: D=0.019, p-value=0.4797
08-04 15:57 nessai INFO    : it:  4000: n eval: 15920 H: 10.91 dlogZ: 126854.345 logZ: -127625.511 +/- 0.104 logLmax: -767.17
08-04 15:57 nessai INFO    : it:  5000: Rolling KS test: D=0.014, p-value=0.6695
08-04 15:57 nessai INFO    : it:  5000: n eval: 20034 H: 11.91 dlogZ: 59632.600 logZ: -60072.550 +/- 0.109 logLmax: -434.95
08-04 15:57 nessai INFO    : it:  6000: Rolling KS test: D=0.027, p-value=0.2286
08-04 15:57 nessai INFO    : it:  6000: n eval: 22349 H: 12.89 dlogZ: 27235.845 logZ: -27676.795 +/- 0.114 logLmax: -434.95
08-04 15:57 nessai INFO    : it:  7000: Rolling KS test: D=0.023, p-value=0.3419
08-04 15:57 nessai INFO    : it:  7000: n eval: 27056 H: 13.90 dlogZ: 13575.887 logZ: -14017.837 +/- 0.118 logLmax: -434.95
08-04 15:57 nessai INFO    : it:  8000: Rolling KS test: D=0.009, p-value=0.8454
08-04 15:57 nessai INFO    : it:  8000: n eval: 34310 H: 13.96 dlogZ: 6918.206 logZ: -6991.712 +/- 0.118 logLmax: -65.51
08-04 15:57 nessai INFO    : it:  9000: Rolling KS test: D=0.014, p-value=0.6695
08-04 15:57 nessai INFO    : it:  9000: n eval: 39369 H: 15.18 dlogZ: 3428.441 logZ: -3450.857 +/- 0.123 logLmax: -13.42
08-04 15:57 nessai INFO    : it: 10000: Rolling KS test: D=0.026, p-value=0.2543
08-04 15:57 nessai INFO    : it: 10000: n eval: 45625 H: 15.21 dlogZ: 1729.171 logZ: -1752.586 +/- 0.123 logLmax: -13.42
08-04 15:57 nessai INFO    : it: 11000: Rolling KS test: D=0.029, p-value=0.1825
08-04 15:57 nessai INFO    : it: 11000: n eval: 51622 H: 16.30 dlogZ: 879.650 logZ: -904.066 +/- 0.128 logLmax: -13.42
08-04 15:57 nessai INFO    : it: 12000: Rolling KS test: D=0.064, p-value=0.0002638
08-04 15:58 nessai INFO    : it: 12000: n eval: 63088 H: 16.49 dlogZ: 461.966 logZ: -484.901 +/- 0.128 logLmax: -10.94
08-04 15:58 nessai INFO    : it: 13000: Rolling KS test: D=0.035, p-value=0.08429
08-04 15:58 nessai INFO    : it: 13000: n eval: 69301 H: 17.06 dlogZ: 243.604 logZ: -267.539 +/- 0.131 logLmax: -10.94
08-04 15:58 nessai INFO    : it: 14000: Rolling KS test: D=0.013, p-value=0.7071
08-04 15:58 nessai INFO    : it: 14000: n eval: 80210 H: 17.39 dlogZ: 126.018 logZ: -150.688 +/- 0.132 logLmax: -10.67
08-04 15:58 nessai INFO    : it: 15000: Rolling KS test: D=0.018, p-value=0.5169
08-04 15:58 nessai INFO    : it: 15000: n eval: 95161 H: 17.72 dlogZ: 67.693 logZ: -90.156 +/- 0.133 logLmax: -7.46
08-04 15:58 nessai INFO    : it: 16000: Rolling KS test: D=0.021, p-value=0.4082
08-04 15:58 nessai INFO    : it: 16000: n eval: 104084 H: 17.99 dlogZ: 40.043 logZ: -61.398 +/- 0.134 logLmax: -5.36
08-04 15:58 nessai INFO    : it: 17000: Rolling KS test: D=0.015, p-value=0.6313
08-04 15:58 nessai INFO    : it: 17000: n eval: 116923 H: 18.37 dlogZ: 25.183 logZ: -46.334 +/- 0.136 logLmax: -4.15
08-04 15:58 nessai INFO    : it: 18000: Rolling KS test: D=0.031, p-value=0.1433
08-04 15:58 nessai INFO    : it: 18000: n eval: 138829 H: 18.73 dlogZ: 16.031 logZ: -38.182 +/- 0.137 logLmax: -4.15
08-04 15:58 nessai INFO    : it: 19000: Rolling KS test: D=0.027, p-value=0.2286
08-04 15:58 nessai INFO    : it: 19000: n eval: 168403 H: 19.10 dlogZ: 11.384 logZ: -33.672 +/- 0.138 logLmax: -3.29
08-04 15:58 nessai INFO    : it: 20000: Rolling KS test: D=0.021, p-value=0.4082
08-04 15:58 nessai INFO    : it: 20000: n eval: 194972 H: 19.47 dlogZ: 7.830 logZ: -31.083 +/- 0.140 logLmax: -3.25
08-04 15:58 nessai INFO    : it: 21000: Rolling KS test: D=0.003, p-value=0.9802
08-04 15:58 nessai INFO    : it: 21000: n eval: 234972 H: 19.80 dlogZ: 5.382 logZ: -29.631 +/- 0.141 logLmax: -3.25
08-04 15:58 nessai INFO    : it: 22000: Rolling KS test: D=0.033, p-value=0.1108
08-04 15:58 nessai INFO    : it: 22000: n eval: 284972 H: 20.13 dlogZ: 3.834 logZ: -28.751 +/- 0.142 logLmax: -2.94
08-04 15:58 nessai INFO    : it: 23000: Rolling KS test: D=0.013, p-value=0.7071
08-04 15:58 nessai INFO    : it: 23000: n eval: 344972 H: 20.41 dlogZ: 2.487 logZ: -28.241 +/- 0.143 logLmax: -2.84
08-04 15:59 nessai INFO    : it: 24000: Rolling KS test: D=0.021, p-value=0.4082
08-04 15:59 nessai INFO    : it: 24000: n eval: 434972 H: 20.63 dlogZ: 1.646 logZ: -27.944 +/- 0.144 logLmax: -2.51
08-04 15:59 nessai INFO    : it: 25000: Rolling KS test: D=0.013, p-value=0.7071
08-04 15:59 nessai INFO    : it: 25000: n eval: 544972 H: 20.81 dlogZ: 0.827 logZ: -27.764 +/- 0.144 logLmax: -2.51
08-04 15:59 nessai INFO    : it: 26000: Rolling KS test: D=0.043, p-value=0.02406
08-04 15:59 nessai INFO    : it: 26000: n eval: 684972 H: 20.96 dlogZ: 0.382 logZ: -27.654 +/- 0.145 logLmax: -2.42
08-04 15:59 nessai INFO    : it: 27000: Rolling KS test: D=0.022, p-value=0.3744
08-04 15:59 nessai INFO    : it: 27000: n eval: 834972 H: 21.07 dlogZ: 0.171 logZ: -27.592 +/- 0.145 logLmax: -2.28
08-04 16:00 nessai INFO    : Stopping with difference_log_evidence=0.100
08-04 16:00 nessai INFO    : Finalising
08-04 16:00 nessai INFO    : Final ln-evidence: -27.531 +/- 0.146
08-04 16:00 nessai INFO    : Information: 21.20
08-04 16:00 nessai INFO    : Final KS test: D=0.009345, p-value=0.008083
08-04 16:00 nessai WARNING : Final p-value for the insertion indices is less than 0.05, this could be an indication of problems during sampling. Consider checking the diagnostic plots.
08-04 16:00 nessai INFO    : Checkpointing nested sampling
08-04 16:00 nessai INFO    : Total sampling time: 0:02:37.716683
08-04 16:00 nessai INFO    : Total training time: 0:00:46.812789
08-04 16:00 nessai INFO    : Total population time: 0:01:03.431371
08-04 16:00 nessai INFO    : Total likelihood evaluations: 914972
08-04 16:00 nessai INFO    : Time spent evaluating likelihood: 0:00:17.422996
08-04 16:00 nessai INFO    : Total sampling time: 0:02:37.716683
08-04 16:00 nessai INFO    : Total likelihood evaluations: 914972
08-04 16:00 nessai INFO    : Starting post processing
08-04 16:00 nessai INFO    : Computing posterior samples
08-04 16:00 nessai INFO    : Effective sample size: 7179.0
08-04 16:00 nessai INFO    : Producing posterior samples using rejection sampling
08-04 16:00 nessai INFO    : Expect 4978.389225677991 samples from rejection sampling
08-04 16:00 nessai INFO    : Returned 5009 posterior samples
08-04 16:00 nessai INFO    : Starting to close worker pool.
08-04 16:00 nessai INFO    : Finished closing worker pool.
