/data/wiay/postgrads/shashwat/qunat_com_future/lib/python3.11/site-packages/nessai/utils/logging.py:133: FutureWarning: setup_logger is deprecated, use configure_logger instead
  warnings.warn(
08-04 16:07 nessai INFO    : Running Nessai version 0.15.2
08-04 16:07 nessai INFO    : Starting multiprocessing pool with 4 processes
08-04 16:07 nessai INFO    : Initialising nested sampler
08-04 16:07 nessai WARNING : Multiprocessing pool has already been configured.
/data/wiay/postgrads/shashwat/qunat_com_future/lib/python3.11/site-packages/nessai/gw/__init__.py:12: FutureWarning: The `nessai.gw` module will be deprecated in the next release in favour of the nessai-gw package. This packages provides the same functionality as`nessai.gw` via the plugin interface.For more details, see: https://github.com/mj-will/nessai-gw
  warnings.warn(
08-04 16:07 nessai INFO    : Passing kwargs to FlowProposal: {'poolsize': 1000}
08-04 16:07 nessai INFO    : No reparameterisations provided, using default reparameterisations included in FlowProposal
08-04 16:07 nessai INFO    : Adding reparameterisations from: {}
08-04 16:07 nessai INFO    : Assuming fallback reparameterisation (ScaleAndShift) for ['kappa', 'mu_xi', 'sigma_chi', 'sigma_xi', 'rho', 'lambda_chi', 'chi0', 'xi0'] with kwargs: {'estimate_scale': True, 'estimate_shift': True, 'prior_bounds': {'kappa': array([0.1, 5. ]), 'mu_xi': array([0. , 0.1]), 'sigma_chi': array([0.05, 0.6 ]), 'sigma_xi': array([0.05, 0.4 ]), 'rho': array([-0.9,  0.9]), 'lambda_chi': array([-0.5,  0.5]), 'chi0': array([-0.5,  0.5]), 'xi0': array([2.5, 5. ])}}.
08-04 16:07 nessai INFO    : x space parameters: ['kappa', 'mu_xi', 'sigma_chi', 'sigma_xi', 'rho', 'lambda_chi', 'chi0', 'xi0']
08-04 16:07 nessai INFO    : x prime space parameters: ['kappa_prime', 'mu_xi_prime', 'sigma_chi_prime', 'sigma_xi_prime', 'rho_prime', 'lambda_chi_prime', 'chi0_prime', 'xi0_prime']
08-04 16:07 nessai INFO    : Overwriting fuzz factor with expansion fraction
08-04 16:07 nessai INFO    : New fuzz factor: 1.2228445449938519
08-04 16:07 nessai INFO    : Verifying rescaling functions
08-04 16:07 nessai INFO    : Rescaling functions are invertible
08-04 16:07 nessai INFO    : Populating initial live points
08-04 16:07 nessai INFO    : Populated 100 / 1000 live points
08-04 16:07 nessai INFO    : Populated 200 / 1000 live points
08-04 16:07 nessai INFO    : Populated 300 / 1000 live points
08-04 16:07 nessai INFO    : Populated 400 / 1000 live points
08-04 16:07 nessai INFO    : Populated 500 / 1000 live points
08-04 16:07 nessai INFO    : Populated 600 / 1000 live points
08-04 16:07 nessai INFO    : Populated 700 / 1000 live points
08-04 16:07 nessai INFO    : Populated 800 / 1000 live points
08-04 16:07 nessai INFO    : Populated 900 / 1000 live points
08-04 16:07 nessai INFO    : Populated 1000 / 1000 live points
08-04 16:07 nessai INFO    : Starting nested sampling loop
08-04 16:07 nessai INFO    : it:  1000: Rolling KS test: D=0.005, p-value=0.9481
08-04 16:07 nessai INFO    : it:  1000: n eval: 3000 H: 7.91 dlogZ: 39405088.286 logZ: -39798417.083 +/- 0.089 logLmax: -393327.80
08-04 16:07 nessai INFO    : it:  2000: Rolling KS test: D=0.017, p-value=0.5547
08-04 16:07 nessai INFO    : it:  2000: n eval: 8000 H: 8.91 dlogZ: 16943169.680 logZ: -17153723.711 +/- 0.094 logLmax: -210552.03
08-04 16:07 nessai INFO    : Switching to FlowProposal
08-04 16:07 nessai INFO    : it:  3000: Rolling KS test: D=0.034, p-value=0.09683
08-04 16:07 nessai INFO    : it:  3000: n eval: 12150 H: 9.91 dlogZ: 8398118.524 logZ: -8484488.180 +/- 0.100 logLmax: -86366.66
08-04 16:07 nessai INFO    : it:  4000: Rolling KS test: D=0.045, p-value=0.01689
08-04 16:07 nessai INFO    : it:  4000: n eval: 15823 H: 10.91 dlogZ: 4011249.839 logZ: -4055468.461 +/- 0.104 logLmax: -44214.62
08-04 16:07 nessai INFO    : it:  5000: Rolling KS test: D=0.01, p-value=0.8133
08-04 16:07 nessai INFO    : it:  5000: n eval: 17963 H: 11.91 dlogZ: 1883956.424 logZ: -1897944.748 +/- 0.109 logLmax: -13983.33
08-04 16:07 nessai INFO    : it:  6000: Rolling KS test: D=0.01, p-value=0.8133
08-04 16:07 nessai INFO    : it:  6000: n eval: 22130 H: 12.91 dlogZ: 813416.029 logZ: -827405.353 +/- 0.114 logLmax: -13983.33
08-04 16:07 nessai INFO    : it:  7000: Rolling KS test: D=0.014, p-value=0.6695
08-04 16:07 nessai INFO    : it:  7000: n eval: 26269 H: 13.91 dlogZ: 374834.621 logZ: -382235.189 +/- 0.118 logLmax: -7393.57
08-04 16:07 nessai INFO    : it:  8000: Rolling KS test: D=0.021, p-value=0.4082
08-04 16:07 nessai INFO    : it:  8000: n eval: 30388 H: 14.91 dlogZ: 179164.474 logZ: -184626.205 +/- 0.122 logLmax: -5453.73
08-04 16:08 nessai INFO    : it:  9000: Rolling KS test: D=0.037, p-value=0.06311
08-04 16:08 nessai INFO    : it:  9000: n eval: 34712 H: 15.81 dlogZ: 89248.897 logZ: -90565.909 +/- 0.126 logLmax: -1308.01
08-04 16:08 nessai INFO    : it: 10000: Rolling KS test: D=0.018, p-value=0.5169
08-04 16:08 nessai INFO    : it: 10000: n eval: 39495 H: 16.91 dlogZ: 44812.430 logZ: -45072.689 +/- 0.130 logLmax: -250.26
08-04 16:08 nessai INFO    : it: 11000: Rolling KS test: D=0.028, p-value=0.2046
08-04 16:08 nessai INFO    : it: 11000: n eval: 44536 H: 17.91 dlogZ: 23221.184 logZ: -23482.442 +/- 0.134 logLmax: -250.26
08-04 16:08 nessai INFO    : it: 12000: Rolling KS test: D=0.027, p-value=0.2286
08-04 16:08 nessai INFO    : it: 12000: n eval: 49453 H: 18.91 dlogZ: 12374.544 logZ: -12579.792 +/- 0.138 logLmax: -193.25
08-04 16:08 nessai INFO    : it: 13000: Rolling KS test: D=0.032, p-value=0.1263
08-04 16:08 nessai INFO    : it: 13000: n eval: 54831 H: 19.91 dlogZ: 6674.719 logZ: -6795.516 +/- 0.141 logLmax: -107.80
08-04 16:08 nessai INFO    : it: 14000: Rolling KS test: D=0.018, p-value=0.5169
08-04 16:08 nessai INFO    : it: 14000: n eval: 60177 H: 20.81 dlogZ: 3626.964 logZ: -3748.761 +/- 0.144 logLmax: -107.80
08-04 16:08 nessai INFO    : it: 15000: Rolling KS test: D=0.027, p-value=0.2286
08-04 16:08 nessai INFO    : it: 15000: n eval: 65429 H: 21.15 dlogZ: 1959.281 logZ: -2082.078 +/- 0.145 logLmax: -107.80
08-04 16:08 nessai INFO    : it: 16000: Rolling KS test: D=0.023, p-value=0.3419
08-04 16:08 nessai INFO    : it: 16000: n eval: 70450 H: 21.52 dlogZ: 1031.684 logZ: -1155.481 +/- 0.147 logLmax: -107.80
08-04 16:08 nessai INFO    : it: 17000: Rolling KS test: D=0.029, p-value=0.1825
08-04 16:08 nessai INFO    : it: 17000: n eval: 78507 H: 22.28 dlogZ: 646.069 logZ: -694.755 +/- 0.149 logLmax: -31.69
08-04 16:08 nessai INFO    : it: 18000: Rolling KS test: D=0.019, p-value=0.4797
08-04 16:08 nessai INFO    : it: 18000: n eval: 84890 H: 21.91 dlogZ: 405.478 logZ: -450.588 +/- 0.148 logLmax: -27.11
08-04 16:08 nessai INFO    : it: 19000: Rolling KS test: D=0.013, p-value=0.7071
08-04 16:08 nessai INFO    : it: 19000: n eval: 95372 H: 22.53 dlogZ: 261.493 logZ: -298.617 +/- 0.150 logLmax: -18.13
08-04 16:08 nessai INFO    : it: 20000: Rolling KS test: D=0.037, p-value=0.06311
08-04 16:08 nessai INFO    : it: 20000: n eval: 101958 H: 23.20 dlogZ: 164.523 logZ: -202.647 +/- 0.152 logLmax: -18.13
08-04 16:08 nessai INFO    : it: 21000: Rolling KS test: D=0.002, p-value=0.9907
08-04 16:08 nessai INFO    : it: 21000: n eval: 113435 H: 23.83 dlogZ: 109.983 logZ: -144.846 +/- 0.154 logLmax: -13.86
08-04 16:08 nessai INFO    : it: 22000: Rolling KS test: D=0.026, p-value=0.2543
08-04 16:08 nessai INFO    : it: 22000: n eval: 122092 H: 24.52 dlogZ: 75.541 logZ: -107.790 +/- 0.157 logLmax: -10.25
08-04 16:08 nessai INFO    : it: 23000: Rolling KS test: D=0.021, p-value=0.4082
08-04 16:08 nessai INFO    : it: 23000: n eval: 133377 H: 24.94 dlogZ: 50.878 logZ: -84.127 +/- 0.158 logLmax: -10.25
08-04 16:08 nessai INFO    : it: 24000: Rolling KS test: D=0.028, p-value=0.2046
08-04 16:08 nessai INFO    : it: 24000: n eval: 146734 H: 25.50 dlogZ: 36.903 logZ: -67.616 +/- 0.160 logLmax: -6.71
08-04 16:08 nessai INFO    : it: 25000: Rolling KS test: D=0.01, p-value=0.8133
08-04 16:08 nessai INFO    : it: 25000: n eval: 163138 H: 26.08 dlogZ: 25.900 logZ: -56.616 +/- 0.161 logLmax: -5.72
08-04 16:08 nessai INFO    : it: 26000: Rolling KS test: D=0.039, p-value=0.0465
08-04 16:08 nessai INFO    : it: 26000: n eval: 172076 H: 26.63 dlogZ: 18.741 logZ: -49.561 +/- 0.163 logLmax: -4.82
08-04 16:08 nessai INFO    : it: 27000: Rolling KS test: D=0.017, p-value=0.5547
08-04 16:08 nessai INFO    : it: 27000: n eval: 186673 H: 27.21 dlogZ: 12.894 logZ: -44.715 +/- 0.165 logLmax: -4.82
08-04 16:09 nessai INFO    : it: 28000: Rolling KS test: D=0.007, p-value=0.9024
08-04 16:09 nessai INFO    : it: 28000: n eval: 206532 H: 27.71 dlogZ: 9.877 logZ: -41.641 +/- 0.166 logLmax: -3.76
08-04 16:09 nessai INFO    : it: 29000: Rolling KS test: D=0.014, p-value=0.6695
08-04 16:09 nessai INFO    : it: 29000: n eval: 224887 H: 28.23 dlogZ: 7.440 logZ: -39.506 +/- 0.168 logLmax: -3.07
08-04 16:09 nessai INFO    : it: 30000: Rolling KS test: D=0.017, p-value=0.5547
08-04 16:09 nessai INFO    : it: 30000: n eval: 245146 H: 28.66 dlogZ: 5.118 logZ: -38.179 +/- 0.169 logLmax: -3.07
08-04 16:09 nessai INFO    : it: 31000: Rolling KS test: D=0.005, p-value=0.9481
08-04 16:09 nessai INFO    : it: 31000: n eval: 262247 H: 29.10 dlogZ: 3.258 logZ: -37.286 +/- 0.171 logLmax: -3.07
08-04 16:09 nessai INFO    : it: 32000: Rolling KS test: D=0.041, p-value=0.03371
08-04 16:09 nessai INFO    : it: 32000: n eval: 279388 H: 29.46 dlogZ: 2.272 logZ: -36.716 +/- 0.172 logLmax: -2.55
08-04 16:09 nessai INFO    : it: 33000: Rolling KS test: D=0.022, p-value=0.3744
08-04 16:09 nessai INFO    : it: 33000: n eval: 298297 H: 29.73 dlogZ: 1.270 logZ: -36.375 +/- 0.172 logLmax: -2.44
08-04 16:09 nessai INFO    : it: 34000: Rolling KS test: D=0.033, p-value=0.1108
08-04 16:09 nessai INFO    : it: 34000: n eval: 307885 H: 29.93 dlogZ: 0.602 logZ: -36.177 +/- 0.173 logLmax: -2.37
08-04 16:09 nessai INFO    : it: 35000: Rolling KS test: D=0.033, p-value=0.1108
08-04 16:09 nessai INFO    : it: 35000: n eval: 323280 H: 30.07 dlogZ: 0.302 logZ: -36.066 +/- 0.173 logLmax: -2.11
08-04 16:09 nessai INFO    : it: 36000: Rolling KS test: D=0.009, p-value=0.8454
08-04 16:09 nessai INFO    : it: 36000: n eval: 338078 H: 30.16 dlogZ: 0.116 logZ: -36.009 +/- 0.174 logLmax: -2.10
08-04 16:09 nessai INFO    : Stopping with difference_log_evidence=0.100
08-04 16:09 nessai INFO    : Finalising
08-04 16:09 nessai INFO    : Final ln-evidence: -35.957 +/- 0.174
08-04 16:09 nessai INFO    : Information: 30.26
08-04 16:09 nessai INFO    : Final KS test: D=0.007736, p-value=0.01313
08-04 16:09 nessai WARNING : Final p-value for the insertion indices is less than 0.05, this could be an indication of problems during sampling. Consider checking the diagnostic plots.
08-04 16:09 nessai INFO    : Checkpointing nested sampling
08-04 16:09 nessai INFO    : Total sampling time: 0:01:50.365037
08-04 16:09 nessai INFO    : Total training time: 0:00:41.917474
08-04 16:09 nessai INFO    : Total population time: 0:00:22.180227
08-04 16:09 nessai INFO    : Total likelihood evaluations: 338078
08-04 16:09 nessai INFO    : Time spent evaluating likelihood: 0:00:06.073452
08-04 16:09 nessai INFO    : Total sampling time: 0:01:50.365037
08-04 16:09 nessai INFO    : Total likelihood evaluations: 338078
08-04 16:09 nessai INFO    : Starting post processing
08-04 16:09 nessai INFO    : Computing posterior samples
08-04 16:09 nessai INFO    : Effective sample size: 6887.5
08-04 16:09 nessai INFO    : Producing posterior samples using rejection sampling
08-04 16:09 nessai INFO    : Expect 4788.463794177892 samples from rejection sampling
08-04 16:09 nessai INFO    : Returned 4790 posterior samples
08-04 16:09 nessai INFO    : Starting to close worker pool.
08-04 16:09 nessai INFO    : Finished closing worker pool.
