/data/wiay/postgrads/shashwat/qunat_com_future/lib/python3.11/site-packages/nessai/utils/logging.py:133: FutureWarning: setup_logger is deprecated, use configure_logger instead
  warnings.warn(
08-04 12:30 nessai INFO    : Running Nessai version 0.15.2
08-04 12:30 nessai INFO    : Starting multiprocessing pool with 4 processes
08-04 12:30 nessai INFO    : Initialising nested sampler
08-04 12:30 nessai WARNING : Multiprocessing pool has already been configured.
/data/wiay/postgrads/shashwat/qunat_com_future/lib/python3.11/site-packages/nessai/gw/__init__.py:12: FutureWarning: The `nessai.gw` module will be deprecated in the next release in favour of the nessai-gw package. This packages provides the same functionality as`nessai.gw` via the plugin interface.For more details, see: https://github.com/mj-will/nessai-gw
  warnings.warn(
08-04 12:30 nessai INFO    : Passing kwargs to FlowProposal: {'poolsize': 1000}
08-04 12:30 nessai INFO    : No reparameterisations provided, using default reparameterisations included in FlowProposal
08-04 12:30 nessai INFO    : Adding reparameterisations from: {}
08-04 12:30 nessai INFO    : Assuming fallback reparameterisation (ScaleAndShift) for ['kappa', 'mu_xi', 'sigma_chi', 'sigma_xi', 'rho', 'lambda_chi', 'chi0', 'xi0'] with kwargs: {'estimate_scale': True, 'estimate_shift': True, 'prior_bounds': {'kappa': array([0.1, 5. ]), 'mu_xi': array([0. , 0.1]), 'sigma_chi': array([0.05, 0.6 ]), 'sigma_xi': array([0.05, 0.4 ]), 'rho': array([-0.9,  0.9]), 'lambda_chi': array([-0.5,  0.5]), 'chi0': array([-0.5,  0.5]), 'xi0': array([2.5, 5. ])}}.
08-04 12:30 nessai INFO    : x space parameters: ['kappa', 'mu_xi', 'sigma_chi', 'sigma_xi', 'rho', 'lambda_chi', 'chi0', 'xi0']
08-04 12:30 nessai INFO    : x prime space parameters: ['kappa_prime', 'mu_xi_prime', 'sigma_chi_prime', 'sigma_xi_prime', 'rho_prime', 'lambda_chi_prime', 'chi0_prime', 'xi0_prime']
08-04 12:30 nessai INFO    : Overwriting fuzz factor with expansion fraction
08-04 12:30 nessai INFO    : New fuzz factor: 1.2228445449938519
08-04 12:30 nessai INFO    : Verifying rescaling functions
08-04 12:30 nessai INFO    : Rescaling functions are invertible
08-04 12:30 nessai INFO    : Populating initial live points
08-04 12:30 nessai INFO    : Populated 100 / 1000 live points
08-04 12:30 nessai INFO    : Populated 200 / 1000 live points
08-04 12:30 nessai INFO    : Populated 300 / 1000 live points
08-04 12:30 nessai INFO    : Populated 400 / 1000 live points
08-04 12:30 nessai INFO    : Populated 500 / 1000 live points
08-04 12:30 nessai INFO    : Populated 600 / 1000 live points
08-04 12:30 nessai INFO    : Populated 700 / 1000 live points
08-04 12:30 nessai INFO    : Populated 800 / 1000 live points
08-04 12:30 nessai INFO    : Populated 900 / 1000 live points
08-04 12:30 nessai INFO    : Populated 1000 / 1000 live points
08-04 12:30 nessai INFO    : Starting nested sampling loop
08-04 12:30 nessai INFO    : it:  1000: Rolling KS test: D=0.022, p-value=0.3744
08-04 12:30 nessai INFO    : it:  1000: n eval: 3000 H: 7.91 dlogZ: 71054763.776 logZ: -71414378.564 +/- 0.089 logLmax: -359613.79
08-04 12:30 nessai INFO    : it:  2000: Rolling KS test: D=0.03, p-value=0.162
08-04 12:30 nessai INFO    : it:  2000: n eval: 8000 H: 8.91 dlogZ: 27267291.970 logZ: -27511181.068 +/- 0.094 logLmax: -243887.10
08-04 12:30 nessai INFO    : Switching to FlowProposal
08-04 12:30 nessai INFO    : it:  3000: Rolling KS test: D=0.004, p-value=0.9659
08-04 12:30 nessai INFO    : it:  3000: n eval: 11921 H: 9.91 dlogZ: 12496901.981 logZ: -12517877.378 +/- 0.100 logLmax: -20972.40
08-04 12:30 nessai INFO    : it:  4000: Rolling KS test: D=0.033, p-value=0.1108
08-04 12:30 nessai INFO    : it:  4000: n eval: 13786 H: 10.91 dlogZ: 5818337.109 logZ: -5839313.507 +/- 0.104 logLmax: -20972.40
08-04 12:30 nessai INFO    : it:  5000: Rolling KS test: D=0.028, p-value=0.2046
08-04 12:30 nessai INFO    : it:  5000: n eval: 17416 H: 11.91 dlogZ: 2655541.212 logZ: -2676518.610 +/- 0.109 logLmax: -20972.40
08-04 12:30 nessai INFO    : it:  6000: Rolling KS test: D=0.002, p-value=0.9907
08-04 12:30 nessai INFO    : it:  6000: n eval: 20923 H: 12.91 dlogZ: 1269470.670 logZ: -1286384.894 +/- 0.114 logLmax: -16908.22
08-04 12:30 nessai INFO    : it:  7000: Rolling KS test: D=0.005, p-value=0.9481
08-04 12:30 nessai INFO    : it:  7000: n eval: 22752 H: 13.91 dlogZ: 612486.916 logZ: -629402.140 +/- 0.118 logLmax: -16908.22
08-04 12:30 nessai INFO    : it:  8000: Rolling KS test: D=0.029, p-value=0.1825
08-04 12:30 nessai INFO    : it:  8000: n eval: 26577 H: 14.91 dlogZ: 309313.432 logZ: -326229.656 +/- 0.122 logLmax: -16908.22
08-04 12:30 nessai INFO    : it:  9000: Rolling KS test: D=0.008, p-value=0.8752
08-04 12:30 nessai INFO    : it:  9000: n eval: 30355 H: 15.91 dlogZ: 172352.705 logZ: -182619.898 +/- 0.126 logLmax: -10258.19
08-04 12:30 nessai INFO    : it: 10000: Rolling KS test: D=0.017, p-value=0.5547
08-04 12:30 nessai INFO    : it: 10000: n eval: 34581 H: 16.91 dlogZ: 105139.441 logZ: -110797.948 +/- 0.130 logLmax: -5648.51
08-04 12:30 nessai INFO    : it: 11000: Rolling KS test: D=0.017, p-value=0.5547
08-04 12:30 nessai INFO    : it: 11000: n eval: 38754 H: 17.90 dlogZ: 72128.908 logZ: -74776.090 +/- 0.134 logLmax: -2636.18
08-04 12:30 nessai INFO    : it: 12000: Rolling KS test: D=0.019, p-value=0.4797
08-04 12:30 nessai INFO    : it: 12000: n eval: 44318 H: 18.91 dlogZ: 48176.073 logZ: -48930.452 +/- 0.138 logLmax: -742.38
08-04 12:31 nessai INFO    : it: 13000: Rolling KS test: D=0.021, p-value=0.4082
08-04 12:31 nessai INFO    : it: 13000: n eval: 49395 H: 19.90 dlogZ: 30341.485 logZ: -31096.864 +/- 0.141 logLmax: -742.38
08-04 12:31 nessai INFO    : it: 14000: Rolling KS test: D=0.017, p-value=0.5547
08-04 12:31 nessai INFO    : it: 14000: n eval: 54706 H: 20.91 dlogZ: 18995.565 logZ: -19751.943 +/- 0.145 logLmax: -742.38
08-04 12:31 nessai INFO    : it: 15000: Rolling KS test: D=0.027, p-value=0.2286
08-04 12:31 nessai INFO    : it: 15000: n eval: 59925 H: 21.90 dlogZ: 11306.473 logZ: -12032.376 +/- 0.148 logLmax: -710.90
08-04 12:31 nessai INFO    : it: 16000: Rolling KS test: D=0.025, p-value=0.2818
08-04 12:31 nessai INFO    : it: 16000: n eval: 64925 H: 22.74 dlogZ: 6720.114 logZ: -7099.484 +/- 0.151 logLmax: -363.37
08-04 12:31 nessai INFO    : it: 17000: Rolling KS test: D=0.026, p-value=0.2543
08-04 12:31 nessai INFO    : it: 17000: n eval: 69916 H: 23.68 dlogZ: 4099.277 logZ: -4323.867 +/- 0.154 logLmax: -207.59
08-04 12:31 nessai INFO    : it: 18000: Rolling KS test: D=0.012, p-value=0.7438
08-04 12:31 nessai INFO    : it: 18000: n eval: 78927 H: 24.15 dlogZ: 2488.317 logZ: -2690.298 +/- 0.155 logLmax: -183.98
08-04 12:31 nessai INFO    : it: 19000: Rolling KS test: D=0.015, p-value=0.6313
08-04 12:31 nessai INFO    : it: 19000: n eval: 92336 H: 25.35 dlogZ: 1546.627 logZ: -1672.518 +/- 0.159 logLmax: -106.89
08-04 12:31 nessai INFO    : it: 20000: Rolling KS test: D=0.016, p-value=0.593
08-04 12:31 nessai INFO    : it: 20000: n eval: 99555 H: 25.22 dlogZ: 944.391 logZ: -1052.916 +/- 0.159 logLmax: -88.53
08-04 12:31 nessai INFO    : it: 21000: Rolling KS test: D=0.013, p-value=0.7071
08-04 12:31 nessai INFO    : it: 21000: n eval: 113506 H: 26.03 dlogZ: 613.705 logZ: -683.732 +/- 0.161 logLmax: -49.03
08-04 12:31 nessai INFO    : it: 22000: Rolling KS test: D=0.017, p-value=0.5547
08-04 12:31 nessai INFO    : it: 22000: n eval: 134556 H: 26.07 dlogZ: 393.150 logZ: -450.571 +/- 0.161 logLmax: -35.42
08-04 12:32 nessai INFO    : it: 23000: Rolling KS test: D=0.039, p-value=0.0465
08-04 12:32 nessai INFO    : it: 23000: n eval: 169538 H: 26.60 dlogZ: 246.521 logZ: -304.941 +/- 0.163 logLmax: -35.42
08-04 12:32 nessai INFO    : it: 24000: Rolling KS test: D=0.018, p-value=0.5169
08-04 12:32 nessai INFO    : it: 24000: n eval: 186470 H: 26.95 dlogZ: 160.178 logZ: -214.933 +/- 0.164 logLmax: -30.76
08-04 12:32 nessai INFO    : it: 25000: Rolling KS test: D=0.021, p-value=0.4082
08-04 12:32 nessai INFO    : it: 25000: n eval: 208481 H: 27.85 dlogZ: 117.235 logZ: -157.183 +/- 0.167 logLmax: -14.95
08-04 12:32 nessai INFO    : it: 26000: Rolling KS test: D=0.031, p-value=0.1433
08-04 12:32 nessai INFO    : it: 26000: n eval: 245872 H: 28.37 dlogZ: 78.458 logZ: -119.407 +/- 0.168 logLmax: -14.95
08-04 12:32 nessai INFO    : it: 27000: Rolling KS test: D=0.035, p-value=0.08429
08-04 12:32 nessai INFO    : it: 27000: n eval: 269072 H: 28.90 dlogZ: 58.264 logZ: -95.564 +/- 0.170 logLmax: -10.30
08-04 12:32 nessai INFO    : it: 28000: Rolling KS test: D=0.011, p-value=0.7794
08-04 12:32 nessai INFO    : it: 28000: n eval: 307292 H: 29.56 dlogZ: 40.631 logZ: -78.882 +/- 0.172 logLmax: -10.25
08-04 12:33 nessai INFO    : it: 29000: Rolling KS test: D=0.034, p-value=0.09683
08-04 12:33 nessai INFO    : it: 29000: n eval: 346899 H: 30.10 dlogZ: 30.547 logZ: -68.061 +/- 0.173 logLmax: -8.52
08-04 12:33 nessai INFO    : it: 30000: Rolling KS test: D=0.027, p-value=0.2286
08-04 12:33 nessai INFO    : it: 30000: n eval: 376350 H: 30.67 dlogZ: 24.427 logZ: -60.590 +/- 0.175 logLmax: -6.16
08-04 12:33 nessai INFO    : it: 31000: Rolling KS test: D=0.01, p-value=0.8133
08-04 12:33 nessai INFO    : it: 31000: n eval: 409067 H: 31.32 dlogZ: 20.139 logZ: -55.286 +/- 0.177 logLmax: -4.15
08-04 12:33 nessai INFO    : it: 32000: Rolling KS test: D=0.005, p-value=0.9481
08-04 12:33 nessai INFO    : it: 32000: n eval: 449067 H: 32.01 dlogZ: 15.305 logZ: -51.451 +/- 0.179 logLmax: -4.15
08-04 12:33 nessai INFO    : it: 33000: Rolling KS test: D=0.013, p-value=0.7071
08-04 12:33 nessai INFO    : it: 33000: n eval: 472743 H: 32.63 dlogZ: 11.480 logZ: -48.627 +/- 0.181 logLmax: -4.15
08-04 12:33 nessai INFO    : it: 34000: Rolling KS test: D=0.053, p-value=0.003498
08-04 12:33 nessai INFO    : it: 34000: n eval: 499318 H: 33.26 dlogZ: 8.530 logZ: -46.537 +/- 0.182 logLmax: -4.01
08-04 12:33 nessai INFO    : it: 35000: Rolling KS test: D=0.006, p-value=0.9268
08-04 12:33 nessai INFO    : it: 35000: n eval: 536665 H: 33.88 dlogZ: 6.317 logZ: -44.931 +/- 0.184 logLmax: -3.62
08-04 12:34 nessai INFO    : it: 36000: Rolling KS test: D=0.004, p-value=0.9659
08-04 12:34 nessai INFO    : it: 36000: n eval: 553298 H: 34.36 dlogZ: 4.816 logZ: -43.850 +/- 0.185 logLmax: -3.04
08-04 12:34 nessai INFO    : it: 37000: Rolling KS test: D=0.024, p-value=0.311
08-04 12:34 nessai INFO    : it: 37000: n eval: 575216 H: 34.83 dlogZ: 3.093 logZ: -43.089 +/- 0.187 logLmax: -3.04
08-04 12:34 nessai INFO    : it: 38000: Rolling KS test: D=0.025, p-value=0.2818
08-04 12:34 nessai INFO    : it: 38000: n eval: 611482 H: 35.20 dlogZ: 1.851 logZ: -42.599 +/- 0.188 logLmax: -2.92
08-04 12:34 nessai INFO    : it: 39000: Rolling KS test: D=0.053, p-value=0.003498
08-04 12:34 nessai INFO    : it: 39000: n eval: 623828 H: 35.48 dlogZ: 1.079 logZ: -42.299 +/- 0.188 logLmax: -2.64
08-04 12:34 nessai INFO    : it: 40000: Rolling KS test: D=0.021, p-value=0.4082
08-04 12:34 nessai INFO    : it: 40000: n eval: 645819 H: 35.68 dlogZ: 0.536 logZ: -42.121 +/- 0.189 logLmax: -2.47
08-04 12:34 nessai INFO    : it: 41000: Rolling KS test: D=0.012, p-value=0.7438
08-04 12:34 nessai INFO    : it: 41000: n eval: 663388 H: 35.81 dlogZ: 0.231 logZ: -42.026 +/- 0.189 logLmax: -2.37
08-04 12:34 nessai INFO    : Stopping with difference_log_evidence=0.100
08-04 12:34 nessai INFO    : Finalising
08-04 12:34 nessai INFO    : Final ln-evidence: -41.934 +/- 0.190
08-04 12:34 nessai INFO    : Information: 35.98
08-04 12:34 nessai INFO    : Final KS test: D=0.005464, p-value=0.08184
08-04 12:34 nessai INFO    : Checkpointing nested sampling
08-04 12:34 nessai INFO    : Total sampling time: 0:04:32.711834
08-04 12:34 nessai INFO    : Total training time: 0:01:19.469743
08-04 12:34 nessai INFO    : Total population time: 0:01:28.661405
08-04 12:34 nessai INFO    : Total likelihood evaluations: 685516
08-04 12:34 nessai INFO    : Time spent evaluating likelihood: 0:00:29.765401
08-04 12:34 nessai INFO    : Total sampling time: 0:04:32.711834
08-04 12:34 nessai INFO    : Total likelihood evaluations: 685516
08-04 12:34 nessai INFO    : Starting post processing
08-04 12:34 nessai INFO    : Computing posterior samples
08-04 12:34 nessai INFO    : Effective sample size: 7030.3
08-04 12:34 nessai INFO    : Producing posterior samples using rejection sampling
08-04 12:34 nessai INFO    : Expect 4874.30759369826 samples from rejection sampling
08-04 12:34 nessai INFO    : Returned 4926 posterior samples
08-04 12:34 nessai INFO    : Starting to close worker pool.
08-04 12:34 nessai INFO    : Finished closing worker pool.
