/data/wiay/postgrads/shashwat/qunat_com_future/lib/python3.11/site-packages/nessai/utils/logging.py:133: FutureWarning: setup_logger is deprecated, use configure_logger instead
  warnings.warn(
08-04 14:32 nessai INFO    : Running Nessai version 0.15.2
08-04 14:32 nessai INFO    : Starting multiprocessing pool with 4 processes
08-04 14:32 nessai INFO    : Initialising nested sampler
08-04 14:32 nessai WARNING : Multiprocessing pool has already been configured.
/data/wiay/postgrads/shashwat/qunat_com_future/lib/python3.11/site-packages/nessai/gw/__init__.py:12: FutureWarning: The `nessai.gw` module will be deprecated in the next release in favour of the nessai-gw package. This packages provides the same functionality as`nessai.gw` via the plugin interface.For more details, see: https://github.com/mj-will/nessai-gw
  warnings.warn(
08-04 14:32 nessai INFO    : Passing kwargs to FlowProposal: {'poolsize': 1000}
08-04 14:32 nessai INFO    : No reparameterisations provided, using default reparameterisations included in FlowProposal
08-04 14:32 nessai INFO    : Adding reparameterisations from: {}
08-04 14:32 nessai INFO    : Assuming fallback reparameterisation (ScaleAndShift) for ['kappa', 'mu_xi', 'sigma_chi', 'sigma_xi', 'rho', 'lambda_chi', 'chi0', 'xi0'] with kwargs: {'estimate_scale': True, 'estimate_shift': True, 'prior_bounds': {'kappa': array([0.1, 5. ]), 'mu_xi': array([0. , 0.1]), 'sigma_chi': array([0.05, 0.6 ]), 'sigma_xi': array([0.05, 0.4 ]), 'rho': array([-0.9,  0.9]), 'lambda_chi': array([-0.5,  0.5]), 'chi0': array([-0.5,  0.5]), 'xi0': array([2.5, 5. ])}}.
08-04 14:32 nessai INFO    : x space parameters: ['kappa', 'mu_xi', 'sigma_chi', 'sigma_xi', 'rho', 'lambda_chi', 'chi0', 'xi0']
08-04 14:32 nessai INFO    : x prime space parameters: ['kappa_prime', 'mu_xi_prime', 'sigma_chi_prime', 'sigma_xi_prime', 'rho_prime', 'lambda_chi_prime', 'chi0_prime', 'xi0_prime']
08-04 14:32 nessai INFO    : Overwriting fuzz factor with expansion fraction
08-04 14:32 nessai INFO    : New fuzz factor: 1.2228445449938519
08-04 14:32 nessai INFO    : Verifying rescaling functions
08-04 14:32 nessai INFO    : Rescaling functions are invertible
08-04 14:32 nessai INFO    : Populating initial live points
08-04 14:32 nessai INFO    : Populated 100 / 1000 live points
08-04 14:32 nessai INFO    : Populated 200 / 1000 live points
08-04 14:32 nessai INFO    : Populated 300 / 1000 live points
08-04 14:32 nessai INFO    : Populated 400 / 1000 live points
08-04 14:32 nessai INFO    : Populated 500 / 1000 live points
08-04 14:32 nessai INFO    : Populated 600 / 1000 live points
08-04 14:32 nessai INFO    : Populated 700 / 1000 live points
08-04 14:32 nessai INFO    : Populated 800 / 1000 live points
08-04 14:32 nessai INFO    : Populated 900 / 1000 live points
08-04 14:32 nessai INFO    : Populated 1000 / 1000 live points
08-04 14:32 nessai INFO    : Starting nested sampling loop
08-04 14:32 nessai INFO    : it:  1000: Rolling KS test: D=0.024, p-value=0.311
08-04 14:32 nessai INFO    : it:  1000: n eval: 3000 H: 7.91 dlogZ: 25451159.315 logZ: -25526973.465 +/- 0.089 logLmax: -75813.15
08-04 14:32 nessai INFO    : it:  2000: Rolling KS test: D=0.018, p-value=0.5169
08-04 14:32 nessai INFO    : it:  2000: n eval: 7000 H: 8.91 dlogZ: 11138749.986 logZ: -11214565.136 +/- 0.094 logLmax: -75813.15
08-04 14:32 nessai INFO    : Switching to FlowProposal
/data/wiay/postgrads/shashwat/qunat_com_future/lib/python3.11/site-packages/torch/autograd/graph.py:882: UserWarning: CUDA initialization: The NVIDIA driver on your system is too old (found version 12020). Please update your GPU driver by downloading and installing a new version from the URL: http://www.nvidia.com/Download/index.aspx Alternatively, go to: https://pytorch.org to install a PyTorch version that has been compiled with your version of the CUDA driver. (Triggered internally at /pytorch/c10/cuda/CUDAFunctions.cpp:119.)
  return Variable._execution_engine.run_backward(  # Calls into the C++ engine to run the backward pass
08-04 14:33 nessai INFO    : it:  3000: Rolling KS test: D=0.013, p-value=0.7071
08-04 14:33 nessai INFO    : it:  3000: n eval: 11043 H: 9.91 dlogZ: 5379763.546 logZ: -5402747.537 +/- 0.100 logLmax: -22980.99
08-04 14:33 nessai INFO    : it:  4000: Rolling KS test: D=0.02, p-value=0.4434
08-04 14:33 nessai INFO    : it:  4000: n eval: 14802 H: 10.91 dlogZ: 2656040.470 logZ: -2679025.461 +/- 0.104 logLmax: -22980.99
08-04 14:33 nessai INFO    : it:  5000: Rolling KS test: D=0.012, p-value=0.7438
08-04 14:33 nessai INFO    : it:  5000: n eval: 18831 H: 11.91 dlogZ: 1267530.842 logZ: -1276418.684 +/- 0.109 logLmax: -8882.84
08-04 14:33 nessai INFO    : it:  6000: Rolling KS test: D=0.011, p-value=0.7794
08-04 14:33 nessai INFO    : it:  6000: n eval: 23116 H: 12.91 dlogZ: 609511.818 logZ: -618400.660 +/- 0.114 logLmax: -8882.84
08-04 14:33 nessai INFO    : it:  7000: Rolling KS test: D=0.024, p-value=0.311
08-04 14:33 nessai INFO    : it:  7000: n eval: 25106 H: 13.91 dlogZ: 292490.118 logZ: -295430.887 +/- 0.118 logLmax: -2933.77
08-04 14:33 nessai INFO    : it:  8000: Rolling KS test: D=0.041, p-value=0.03371
08-04 14:33 nessai INFO    : it:  8000: n eval: 29164 H: 14.91 dlogZ: 152131.113 logZ: -152617.224 +/- 0.122 logLmax: -478.11
08-04 14:33 nessai INFO    : it:  9000: Rolling KS test: D=0.012, p-value=0.7438
08-04 14:33 nessai INFO    : it:  9000: n eval: 33329 H: 15.91 dlogZ: 79524.606 logZ: -80011.717 +/- 0.126 logLmax: -478.11
08-04 14:33 nessai INFO    : it: 10000: Rolling KS test: D=0.036, p-value=0.07308
08-04 14:33 nessai INFO    : it: 10000: n eval: 37883 H: 16.91 dlogZ: 42500.668 logZ: -42988.779 +/- 0.130 logLmax: -478.11
08-04 14:33 nessai INFO    : it: 11000: Rolling KS test: D=0.046, p-value=0.01407
08-04 14:33 nessai INFO    : it: 11000: n eval: 43076 H: 17.91 dlogZ: 22442.716 logZ: -22931.828 +/- 0.134 logLmax: -478.11
08-04 14:33 nessai INFO    : it: 12000: Rolling KS test: D=0.024, p-value=0.311
08-04 14:33 nessai INFO    : it: 12000: n eval: 47953 H: 18.88 dlogZ: 11722.443 logZ: -12212.554 +/- 0.137 logLmax: -478.11
08-04 14:33 nessai INFO    : it: 13000: Rolling KS test: D=0.02, p-value=0.4434
08-04 14:33 nessai INFO    : it: 13000: n eval: 53051 H: 19.77 dlogZ: 6611.344 logZ: -6901.284 +/- 0.141 logLmax: -276.94
08-04 14:33 nessai INFO    : it: 14000: Rolling KS test: D=0.051, p-value=0.005312
08-04 14:33 nessai INFO    : it: 14000: n eval: 57854 H: 19.84 dlogZ: 3769.931 logZ: -4060.871 +/- 0.141 logLmax: -276.94
08-04 14:33 nessai INFO    : it: 15000: Rolling KS test: D=0.019, p-value=0.4797
08-04 14:33 nessai INFO    : it: 15000: n eval: 65969 H: 20.80 dlogZ: 2413.354 logZ: -2448.519 +/- 0.144 logLmax: -20.17
08-04 14:33 nessai INFO    : it: 16000: Rolling KS test: D=0.02, p-value=0.4434
08-04 14:33 nessai INFO    : it: 16000: n eval: 71782 H: 22.18 dlogZ: 1469.279 logZ: -1505.445 +/- 0.149 logLmax: -20.17
08-04 14:34 nessai INFO    : it: 17000: Rolling KS test: D=0.004, p-value=0.9659
08-04 14:34 nessai INFO    : it: 17000: n eval: 77197 H: 21.84 dlogZ: 905.922 logZ: -943.088 +/- 0.148 logLmax: -20.17
08-04 14:34 nessai INFO    : it: 18000: Rolling KS test: D=0.041, p-value=0.03371
08-04 14:34 nessai INFO    : it: 18000: n eval: 82909 H: 22.58 dlogZ: 548.965 logZ: -584.537 +/- 0.150 logLmax: -17.57
08-04 14:34 nessai INFO    : it: 19000: Rolling KS test: D=0.022, p-value=0.3744
08-04 14:34 nessai INFO    : it: 19000: n eval: 92708 H: 23.47 dlogZ: 327.814 logZ: -364.386 +/- 0.153 logLmax: -17.57
08-04 14:34 nessai INFO    : it: 20000: Rolling KS test: D=0.008, p-value=0.8752
08-04 14:34 nessai INFO    : it: 20000: n eval: 99379 H: 23.56 dlogZ: 205.263 logZ: -233.411 +/- 0.154 logLmax: -8.15
08-04 14:34 nessai INFO    : it: 21000: Rolling KS test: D=0.023, p-value=0.3419
08-04 14:34 nessai INFO    : it: 21000: n eval: 110186 H: 24.03 dlogZ: 125.293 logZ: -153.844 +/- 0.155 logLmax: -7.55
08-04 14:34 nessai INFO    : it: 22000: Rolling KS test: D=0.018, p-value=0.5169
08-04 14:34 nessai INFO    : it: 22000: n eval: 116883 H: 24.61 dlogZ: 77.833 logZ: -105.877 +/- 0.157 logLmax: -6.04
08-04 14:34 nessai INFO    : it: 23000: Rolling KS test: D=0.016, p-value=0.593
08-04 14:34 nessai INFO    : it: 23000: n eval: 128236 H: 25.16 dlogZ: 48.660 logZ: -76.928 +/- 0.159 logLmax: -5.27
08-04 14:34 nessai INFO    : it: 24000: Rolling KS test: D=0.012, p-value=0.7438
08-04 14:34 nessai INFO    : it: 24000: n eval: 136617 H: 25.42 dlogZ: 30.644 logZ: -59.912 +/- 0.159 logLmax: -5.27
08-04 14:34 nessai INFO    : it: 25000: Rolling KS test: D=0.017, p-value=0.5547
08-04 14:34 nessai INFO    : it: 25000: n eval: 151509 H: 26.00 dlogZ: 20.482 logZ: -49.700 +/- 0.161 logLmax: -4.22
08-04 14:35 nessai INFO    : it: 26000: Rolling KS test: D=0.038, p-value=0.05428
08-04 14:35 nessai INFO    : it: 26000: n eval: 166492 H: 26.46 dlogZ: 14.112 logZ: -43.389 +/- 0.163 logLmax: -3.28
08-04 14:35 nessai INFO    : it: 27000: Rolling KS test: D=0.009, p-value=0.8454
08-04 14:35 nessai INFO    : it: 27000: n eval: 183412 H: 27.01 dlogZ: 9.960 logZ: -39.309 +/- 0.164 logLmax: -2.35
08-04 14:35 nessai INFO    : it: 28000: Rolling KS test: D=0.025, p-value=0.2818
08-04 14:35 nessai INFO    : it: 28000: n eval: 208090 H: 27.38 dlogZ: 6.654 logZ: -36.984 +/- 0.165 logLmax: -2.33
08-04 14:35 nessai INFO    : it: 29000: Rolling KS test: D=0.021, p-value=0.4082
08-04 14:35 nessai INFO    : it: 29000: n eval: 228192 H: 27.77 dlogZ: 4.212 logZ: -35.528 +/- 0.167 logLmax: -2.33
08-04 14:35 nessai INFO    : it: 30000: Rolling KS test: D=0.039, p-value=0.0465
08-04 14:35 nessai INFO    : it: 30000: n eval: 249685 H: 28.09 dlogZ: 2.680 logZ: -34.684 +/- 0.168 logLmax: -2.08
08-04 14:35 nessai INFO    : it: 31000: Rolling KS test: D=0.025, p-value=0.2818
08-04 14:35 nessai INFO    : it: 31000: n eval: 270225 H: 28.37 dlogZ: 1.391 logZ: -34.181 +/- 0.168 logLmax: -2.08
08-04 14:35 nessai INFO    : it: 32000: Rolling KS test: D=0.027, p-value=0.2286
08-04 14:35 nessai INFO    : it: 32000: n eval: 303796 H: 28.57 dlogZ: 0.692 logZ: -33.904 +/- 0.169 logLmax: -1.91
08-04 14:36 nessai INFO    : it: 33000: Rolling KS test: D=0.044, p-value=0.0202
08-04 14:36 nessai INFO    : it: 33000: n eval: 329259 H: 28.70 dlogZ: 0.334 logZ: -33.757 +/- 0.169 logLmax: -1.68
08-04 14:36 nessai INFO    : it: 34000: Rolling KS test: D=0.034, p-value=0.09683
08-04 14:36 nessai INFO    : it: 34000: n eval: 348591 H: 28.79 dlogZ: 0.143 logZ: -33.682 +/- 0.170 logLmax: -1.55
08-04 14:36 nessai INFO    : Stopping with difference_log_evidence=0.100
08-04 14:36 nessai INFO    : Finalising
08-04 14:36 nessai INFO    : Final ln-evidence: -33.619 +/- 0.170
08-04 14:36 nessai INFO    : Information: 28.88
08-04 14:36 nessai INFO    : Final KS test: D=0.008828, p-value=0.004686
08-04 14:36 nessai WARNING : Final p-value for the insertion indices is less than 0.05, this could be an indication of problems during sampling. Consider checking the diagnostic plots.
08-04 14:36 nessai INFO    : Checkpointing nested sampling
08-04 14:36 nessai INFO    : Total sampling time: 0:03:28.433894
08-04 14:36 nessai INFO    : Total training time: 0:01:17.868614
08-04 14:36 nessai INFO    : Total population time: 0:00:48.976021
08-04 14:36 nessai INFO    : Total likelihood evaluations: 356519
08-04 14:36 nessai INFO    : Time spent evaluating likelihood: 0:00:21.183190
08-04 14:36 nessai INFO    : Total sampling time: 0:03:28.433894
08-04 14:36 nessai INFO    : Total likelihood evaluations: 356519
08-04 14:36 nessai INFO    : Starting post processing
08-04 14:36 nessai INFO    : Computing posterior samples
08-04 14:36 nessai INFO    : Effective sample size: 6252.1
08-04 14:36 nessai INFO    : Producing posterior samples using rejection sampling
08-04 14:36 nessai INFO    : Expect 4303.212315018935 samples from rejection sampling
08-04 14:36 nessai INFO    : Returned 4276 posterior samples
08-04 14:36 nessai INFO    : Starting to close worker pool.
08-04 14:36 nessai INFO    : Finished closing worker pool.
