/data/wiay/postgrads/shashwat/qunat_com_future/lib/python3.11/site-packages/nessai/utils/logging.py:133: FutureWarning: setup_logger is deprecated, use configure_logger instead
  warnings.warn(
08-04 12:42 nessai INFO    : Running Nessai version 0.15.2
08-04 12:42 nessai INFO    : Starting multiprocessing pool with 4 processes
08-04 12:42 nessai INFO    : Initialising nested sampler
08-04 12:42 nessai WARNING : Multiprocessing pool has already been configured.
/data/wiay/postgrads/shashwat/qunat_com_future/lib/python3.11/site-packages/nessai/gw/__init__.py:12: FutureWarning: The `nessai.gw` module will be deprecated in the next release in favour of the nessai-gw package. This packages provides the same functionality as`nessai.gw` via the plugin interface.For more details, see: https://github.com/mj-will/nessai-gw
  warnings.warn(
08-04 12:42 nessai INFO    : Passing kwargs to FlowProposal: {'poolsize': 1000}
08-04 12:42 nessai INFO    : No reparameterisations provided, using default reparameterisations included in FlowProposal
08-04 12:42 nessai INFO    : Adding reparameterisations from: {}
08-04 12:42 nessai INFO    : Assuming fallback reparameterisation (ScaleAndShift) for ['kappa', 'mu_xi', 'sigma_chi', 'sigma_xi', 'rho', 'lambda_chi', 'chi0', 'xi0'] with kwargs: {'estimate_scale': True, 'estimate_shift': True, 'prior_bounds': {'kappa': array([0.1, 5. ]), 'mu_xi': array([0. , 0.1]), 'sigma_chi': array([0.05, 0.6 ]), 'sigma_xi': array([0.05, 0.4 ]), 'rho': array([-0.9,  0.9]), 'lambda_chi': array([-0.5,  0.5]), 'chi0': array([-0.5,  0.5]), 'xi0': array([2.5, 5. ])}}.
08-04 12:42 nessai INFO    : x space parameters: ['kappa', 'mu_xi', 'sigma_chi', 'sigma_xi', 'rho', 'lambda_chi', 'chi0', 'xi0']
08-04 12:42 nessai INFO    : x prime space parameters: ['kappa_prime', 'mu_xi_prime', 'sigma_chi_prime', 'sigma_xi_prime', 'rho_prime', 'lambda_chi_prime', 'chi0_prime', 'xi0_prime']
08-04 12:42 nessai INFO    : Overwriting fuzz factor with expansion fraction
08-04 12:42 nessai INFO    : New fuzz factor: 1.2228445449938519
08-04 12:42 nessai INFO    : Verifying rescaling functions
08-04 12:42 nessai INFO    : Rescaling functions are invertible
08-04 12:42 nessai INFO    : Populating initial live points
08-04 12:42 nessai INFO    : Populated 100 / 1000 live points
08-04 12:42 nessai INFO    : Populated 200 / 1000 live points
08-04 12:42 nessai INFO    : Populated 300 / 1000 live points
08-04 12:42 nessai INFO    : Populated 400 / 1000 live points
08-04 12:42 nessai INFO    : Populated 500 / 1000 live points
08-04 12:42 nessai INFO    : Populated 600 / 1000 live points
08-04 12:42 nessai INFO    : Populated 700 / 1000 live points
08-04 12:42 nessai INFO    : Populated 800 / 1000 live points
08-04 12:42 nessai INFO    : Populated 900 / 1000 live points
08-04 12:42 nessai INFO    : Populated 1000 / 1000 live points
08-04 12:42 nessai INFO    : Starting nested sampling loop
08-04 12:42 nessai INFO    : it:  1000: Rolling KS test: D=0.011, p-value=0.7794
08-04 12:42 nessai INFO    : it:  1000: n eval: 3000 H: 7.91 dlogZ: 4093714.919 logZ: -4096101.232 +/- 0.089 logLmax: -2385.31
08-04 12:42 nessai INFO    : it:  2000: Rolling KS test: D=0.022, p-value=0.3744
08-04 12:42 nessai INFO    : it:  2000: n eval: 8000 H: 8.91 dlogZ: 906862.242 logZ: -907585.765 +/- 0.094 logLmax: -721.52
08-04 12:42 nessai INFO    : Switching to FlowProposal
08-04 12:43 nessai INFO    : it:  3000: Rolling KS test: D=0.015, p-value=0.6313
08-04 12:43 nessai INFO    : it:  3000: n eval: 12099 H: 9.91 dlogZ: 307714.070 logZ: -308438.594 +/- 0.100 logLmax: -721.52
08-04 12:43 nessai INFO    : it:  4000: Rolling KS test: D=0.037, p-value=0.06311
08-04 12:43 nessai INFO    : it:  4000: n eval: 16295 H: 10.91 dlogZ: 127267.540 logZ: -127993.064 +/- 0.104 logLmax: -721.52
08-04 12:43 nessai INFO    : it:  5000: Rolling KS test: D=0.037, p-value=0.06311
08-04 12:43 nessai INFO    : it:  5000: n eval: 20955 H: 11.91 dlogZ: 55725.595 logZ: -56111.406 +/- 0.109 logLmax: -380.81
08-04 12:43 nessai INFO    : it:  6000: Rolling KS test: D=0.012, p-value=0.7438
08-04 12:43 nessai INFO    : it:  6000: n eval: 24986 H: 12.91 dlogZ: 26084.416 logZ: -26471.228 +/- 0.114 logLmax: -380.81
08-04 12:43 nessai INFO    : it:  7000: Rolling KS test: D=0.019, p-value=0.4797
08-04 12:43 nessai INFO    : it:  7000: n eval: 29531 H: 13.75 dlogZ: 12555.697 logZ: -12777.739 +/- 0.117 logLmax: -215.04
08-04 12:43 nessai INFO    : it:  8000: Rolling KS test: D=0.02, p-value=0.4434
08-04 12:43 nessai INFO    : it:  8000: n eval: 34180 H: 14.68 dlogZ: 6492.561 logZ: -6558.511 +/- 0.121 logLmax: -57.95
08-04 12:43 nessai INFO    : it:  9000: Rolling KS test: D=0.034, p-value=0.09683
08-04 12:43 nessai INFO    : it:  9000: n eval: 39139 H: 14.98 dlogZ: 3377.612 logZ: -3431.414 +/- 0.122 logLmax: -44.80
08-04 12:43 nessai INFO    : it: 10000: Rolling KS test: D=0.025, p-value=0.2818
08-04 12:43 nessai INFO    : it: 10000: n eval: 45098 H: 16.12 dlogZ: 1712.471 logZ: -1735.750 +/- 0.127 logLmax: -13.28
08-04 12:43 nessai INFO    : it: 11000: Rolling KS test: D=0.037, p-value=0.06311
08-04 12:43 nessai INFO    : it: 11000: n eval: 51360 H: 15.96 dlogZ: 857.362 logZ: -881.641 +/- 0.126 logLmax: -13.28
08-04 12:43 nessai INFO    : it: 12000: Rolling KS test: D=0.021, p-value=0.4082
08-04 12:43 nessai INFO    : it: 12000: n eval: 61035 H: 16.65 dlogZ: 454.344 logZ: -472.204 +/- 0.129 logLmax: -5.86
08-04 12:43 nessai INFO    : it: 13000: Rolling KS test: D=0.038, p-value=0.05428
08-04 12:43 nessai INFO    : it: 13000: n eval: 66686 H: 17.37 dlogZ: 234.202 logZ: -253.062 +/- 0.132 logLmax: -5.86
08-04 12:43 nessai INFO    : it: 14000: Rolling KS test: D=0.008, p-value=0.8752
08-04 12:43 nessai INFO    : it: 14000: n eval: 73261 H: 17.37 dlogZ: 125.573 logZ: -144.301 +/- 0.132 logLmax: -4.73
08-04 12:43 nessai INFO    : it: 15000: Rolling KS test: D=0.021, p-value=0.4082
08-04 12:43 nessai INFO    : it: 15000: n eval: 84682 H: 17.81 dlogZ: 70.253 logZ: -89.981 +/- 0.133 logLmax: -4.73
08-04 12:43 nessai INFO    : it: 16000: Rolling KS test: D=0.005, p-value=0.9481
08-04 12:43 nessai INFO    : it: 16000: n eval: 97219 H: 18.18 dlogZ: 41.008 logZ: -59.465 +/- 0.135 logLmax: -2.46
08-04 12:43 nessai INFO    : it: 17000: Rolling KS test: D=0.017, p-value=0.5547
08-04 12:43 nessai INFO    : it: 17000: n eval: 110808 H: 18.47 dlogZ: 23.744 logZ: -43.201 +/- 0.136 logLmax: -2.46
08-04 12:43 nessai INFO    : it: 18000: Rolling KS test: D=0.027, p-value=0.2286
08-04 12:44 nessai INFO    : it: 18000: n eval: 128529 H: 18.78 dlogZ: 15.143 logZ: -34.885 +/- 0.137 logLmax: -1.74
08-04 12:44 nessai INFO    : it: 19000: Rolling KS test: D=0.039, p-value=0.0465
08-04 12:44 nessai INFO    : it: 19000: n eval: 149468 H: 19.09 dlogZ: 9.577 logZ: -30.319 +/- 0.138 logLmax: -1.74
08-04 12:44 nessai INFO    : it: 20000: Rolling KS test: D=0.01, p-value=0.8133
08-04 12:44 nessai INFO    : it: 20000: n eval: 186926 H: 19.53 dlogZ: 5.875 logZ: -27.614 +/- 0.140 logLmax: -1.74
08-04 12:44 nessai INFO    : it: 21000: Rolling KS test: D=0.014, p-value=0.6695
08-04 12:44 nessai INFO    : it: 21000: n eval: 217963 H: 19.84 dlogZ: 3.696 logZ: -26.108 +/- 0.141 logLmax: -1.44
08-04 12:44 nessai INFO    : it: 22000: Rolling KS test: D=0.038, p-value=0.05428
08-04 12:44 nessai INFO    : it: 22000: n eval: 254896 H: 20.09 dlogZ: 2.000 logZ: -25.291 +/- 0.142 logLmax: -1.44
08-04 12:44 nessai INFO    : it: 23000: Rolling KS test: D=0.044, p-value=0.0202
08-04 12:44 nessai INFO    : it: 23000: n eval: 314896 H: 20.27 dlogZ: 0.929 logZ: -24.863 +/- 0.142 logLmax: -1.44
08-04 12:44 nessai INFO    : it: 24000: Rolling KS test: D=0.015, p-value=0.6313
08-04 12:44 nessai INFO    : it: 24000: n eval: 374896 H: 20.40 dlogZ: 0.393 logZ: -24.650 +/- 0.143 logLmax: -1.38
08-04 12:44 nessai INFO    : it: 25000: Rolling KS test: D=0.022, p-value=0.3744
08-04 12:45 nessai INFO    : it: 25000: n eval: 464896 H: 20.47 dlogZ: 0.165 logZ: -24.550 +/- 0.143 logLmax: -1.27
08-04 12:45 nessai INFO    : Stopping with difference_log_evidence=0.100
08-04 12:45 nessai INFO    : Finalising
08-04 12:45 nessai INFO    : Final ln-evidence: -24.469 +/- 0.143
08-04 12:45 nessai INFO    : Information: 20.55
08-04 12:45 nessai INFO    : Final KS test: D=0.008839, p-value=0.01776
08-04 12:45 nessai WARNING : Final p-value for the insertion indices is less than 0.05, this could be an indication of problems during sampling. Consider checking the diagnostic plots.
08-04 12:45 nessai INFO    : Checkpointing nested sampling
08-04 12:45 nessai INFO    : Total sampling time: 0:02:14.983699
08-04 12:45 nessai INFO    : Total training time: 0:00:47.395727
08-04 12:45 nessai INFO    : Total population time: 0:00:36.609071
08-04 12:45 nessai INFO    : Total likelihood evaluations: 544896
08-04 12:45 nessai INFO    : Time spent evaluating likelihood: 0:00:16.415502
08-04 12:45 nessai INFO    : Total sampling time: 0:02:14.983699
08-04 12:45 nessai INFO    : Total likelihood evaluations: 544896
08-04 12:45 nessai INFO    : Starting post processing
08-04 12:45 nessai INFO    : Computing posterior samples
08-04 12:45 nessai INFO    : Effective sample size: 5555.1
08-04 12:45 nessai INFO    : Producing posterior samples using rejection sampling
08-04 12:45 nessai INFO    : Expect 3825.7571060733294 samples from rejection sampling
08-04 12:45 nessai INFO    : Returned 3818 posterior samples
08-04 12:45 nessai INFO    : Starting to close worker pool.
08-04 12:45 nessai INFO    : Finished closing worker pool.
