/data/wiay/postgrads/shashwat/qunat_com_future/lib/python3.11/site-packages/nessai/utils/logging.py:133: FutureWarning: setup_logger is deprecated, use configure_logger instead
  warnings.warn(
08-04 12:14 nessai INFO    : Running Nessai version 0.15.2
08-04 12:14 nessai INFO    : Starting multiprocessing pool with 4 processes
08-04 12:14 nessai INFO    : Initialising nested sampler
08-04 12:14 nessai WARNING : Multiprocessing pool has already been configured.
/data/wiay/postgrads/shashwat/qunat_com_future/lib/python3.11/site-packages/nessai/gw/__init__.py:12: FutureWarning: The `nessai.gw` module will be deprecated in the next release in favour of the nessai-gw package. This packages provides the same functionality as`nessai.gw` via the plugin interface.For more details, see: https://github.com/mj-will/nessai-gw
  warnings.warn(
08-04 12:14 nessai INFO    : Passing kwargs to FlowProposal: {'poolsize': 1000}
08-04 12:14 nessai INFO    : No reparameterisations provided, using default reparameterisations included in FlowProposal
08-04 12:14 nessai INFO    : Adding reparameterisations from: {}
08-04 12:14 nessai INFO    : Assuming fallback reparameterisation (ScaleAndShift) for ['kappa', 'mu_xi', 'sigma_chi', 'sigma_xi', 'rho', 'lambda_chi', 'chi0', 'xi0'] with kwargs: {'estimate_scale': True, 'estimate_shift': True, 'prior_bounds': {'kappa': array([0.1, 5. ]), 'mu_xi': array([0. , 0.1]), 'sigma_chi': array([0.05, 0.6 ]), 'sigma_xi': array([0.05, 0.4 ]), 'rho': array([-0.9,  0.9]), 'lambda_chi': array([-0.5,  0.5]), 'chi0': array([-0.5,  0.5]), 'xi0': array([2.5, 5. ])}}.
08-04 12:14 nessai INFO    : x space parameters: ['kappa', 'mu_xi', 'sigma_chi', 'sigma_xi', 'rho', 'lambda_chi', 'chi0', 'xi0']
08-04 12:14 nessai INFO    : x prime space parameters: ['kappa_prime', 'mu_xi_prime', 'sigma_chi_prime', 'sigma_xi_prime', 'rho_prime', 'lambda_chi_prime', 'chi0_prime', 'xi0_prime']
08-04 12:14 nessai INFO    : Overwriting fuzz factor with expansion fraction
08-04 12:14 nessai INFO    : New fuzz factor: 1.2228445449938519
08-04 12:14 nessai INFO    : Verifying rescaling functions
08-04 12:14 nessai INFO    : Rescaling functions are invertible
08-04 12:14 nessai INFO    : Populating initial live points
08-04 12:14 nessai INFO    : Populated 100 / 1000 live points
08-04 12:14 nessai INFO    : Populated 200 / 1000 live points
08-04 12:14 nessai INFO    : Populated 300 / 1000 live points
08-04 12:14 nessai INFO    : Populated 400 / 1000 live points
08-04 12:14 nessai INFO    : Populated 500 / 1000 live points
08-04 12:14 nessai INFO    : Populated 600 / 1000 live points
08-04 12:14 nessai INFO    : Populated 700 / 1000 live points
08-04 12:14 nessai INFO    : Populated 800 / 1000 live points
08-04 12:14 nessai INFO    : Populated 900 / 1000 live points
08-04 12:14 nessai INFO    : Populated 1000 / 1000 live points
08-04 12:14 nessai INFO    : Starting nested sampling loop
08-04 12:14 nessai INFO    : it:  1000: Rolling KS test: D=0.012, p-value=0.7438
08-04 12:14 nessai INFO    : it:  1000: n eval: 3000 H: 7.91 dlogZ: 3552021.030 logZ: -3556530.040 +/- 0.089 logLmax: -4508.01
08-04 12:14 nessai INFO    : it:  2000: Rolling KS test: D=0.018, p-value=0.5169
08-04 12:14 nessai INFO    : it:  2000: n eval: 9000 H: 8.91 dlogZ: 844233.572 logZ: -848743.581 +/- 0.094 logLmax: -4508.01
08-04 12:14 nessai INFO    : Switching to FlowProposal
08-04 12:14 nessai INFO    : it:  3000: Rolling KS test: D=0.014, p-value=0.6695
08-04 12:14 nessai INFO    : it:  3000: n eval: 13276 H: 9.91 dlogZ: 300885.403 logZ: -302066.130 +/- 0.100 logLmax: -1177.73
08-04 12:14 nessai INFO    : it:  4000: Rolling KS test: D=0.029, p-value=0.1825
08-04 12:14 nessai INFO    : it:  4000: n eval: 17391 H: 10.91 dlogZ: 124905.916 logZ: -126087.643 +/- 0.104 logLmax: -1177.73
08-04 12:14 nessai INFO    : it:  5000: Rolling KS test: D=0.019, p-value=0.4797
08-04 12:14 nessai INFO    : it:  5000: n eval: 22121 H: 11.91 dlogZ: 57545.955 logZ: -58728.682 +/- 0.109 logLmax: -1177.73
08-04 12:14 nessai INFO    : it:  6000: Rolling KS test: D=0.025, p-value=0.2818
08-04 12:14 nessai INFO    : it:  6000: n eval: 27538 H: 12.91 dlogZ: 27683.372 logZ: -28681.884 +/- 0.114 logLmax: -992.51
08-04 12:14 nessai INFO    : it:  7000: Rolling KS test: D=0.028, p-value=0.2046
08-04 12:14 nessai INFO    : it:  7000: n eval: 36471 H: 13.25 dlogZ: 13732.140 logZ: -14257.636 +/- 0.115 logLmax: -518.50
08-04 12:14 nessai INFO    : it:  8000: Rolling KS test: D=0.016, p-value=0.593
08-04 12:14 nessai INFO    : it:  8000: n eval: 44024 H: 13.83 dlogZ: 7094.266 logZ: -7201.295 +/- 0.118 logLmax: -99.03
08-04 12:14 nessai INFO    : it:  9000: Rolling KS test: D=0.029, p-value=0.1825
08-04 12:14 nessai INFO    : it:  9000: n eval: 50661 H: 15.42 dlogZ: 3648.070 logZ: -3756.099 +/- 0.124 logLmax: -99.03
08-04 12:14 nessai INFO    : it: 10000: Rolling KS test: D=0.021, p-value=0.4082
08-04 12:14 nessai INFO    : it: 10000: n eval: 57144 H: 15.95 dlogZ: 1966.230 logZ: -2058.092 +/- 0.126 logLmax: -81.86
08-04 12:14 nessai INFO    : it: 11000: Rolling KS test: D=0.015, p-value=0.6313
08-04 12:14 nessai INFO    : it: 11000: n eval: 67274 H: 16.84 dlogZ: 1112.867 logZ: -1164.999 +/- 0.130 logLmax: -41.13
08-04 12:15 nessai INFO    : it: 12000: Rolling KS test: D=0.049, p-value=0.007937
08-04 12:15 nessai INFO    : it: 12000: n eval: 74463 H: 16.60 dlogZ: 661.767 logZ: -698.076 +/- 0.129 logLmax: -24.31
08-04 12:15 nessai INFO    : it: 13000: Rolling KS test: D=0.024, p-value=0.311
08-04 12:15 nessai INFO    : it: 13000: n eval: 85237 H: 17.28 dlogZ: 416.821 logZ: -445.422 +/- 0.131 logLmax: -15.60
08-04 12:15 nessai INFO    : it: 14000: Rolling KS test: D=0.022, p-value=0.3744
08-04 12:15 nessai INFO    : it: 14000: n eval: 97432 H: 17.84 dlogZ: 261.424 logZ: -288.053 +/- 0.134 logLmax: -12.63
08-04 12:15 nessai INFO    : it: 15000: Rolling KS test: D=0.022, p-value=0.3744
08-04 12:15 nessai INFO    : it: 15000: n eval: 105843 H: 18.08 dlogZ: 165.041 logZ: -185.490 +/- 0.134 logLmax: -5.45
08-04 12:15 nessai INFO    : it: 16000: Rolling KS test: D=0.017, p-value=0.5547
08-04 12:15 nessai INFO    : it: 16000: n eval: 121800 H: 18.87 dlogZ: 102.996 logZ: -124.445 +/- 0.137 logLmax: -5.45
08-04 12:15 nessai INFO    : it: 17000: Rolling KS test: D=0.046, p-value=0.01407
08-04 12:15 nessai INFO    : it: 17000: n eval: 136929 H: 19.29 dlogZ: 64.039 logZ: -86.488 +/- 0.139 logLmax: -5.45
08-04 12:15 nessai INFO    : it: 18000: Rolling KS test: D=0.025, p-value=0.2818
08-04 12:15 nessai INFO    : it: 18000: n eval: 160607 H: 19.99 dlogZ: 39.791 logZ: -63.240 +/- 0.141 logLmax: -5.45
08-04 12:15 nessai INFO    : it: 19000: Rolling KS test: D=0.03, p-value=0.162
08-04 12:15 nessai INFO    : it: 19000: n eval: 182978 H: 20.25 dlogZ: 25.195 logZ: -49.644 +/- 0.142 logLmax: -5.45
08-04 12:16 nessai INFO    : it: 20000: Rolling KS test: D=0.011, p-value=0.7794
08-04 12:16 nessai INFO    : it: 20000: n eval: 215300 H: 20.83 dlogZ: 15.504 logZ: -40.953 +/- 0.144 logLmax: -5.45
08-04 12:16 nessai INFO    : it: 21000: Rolling KS test: D=0.015, p-value=0.6313
08-04 12:16 nessai INFO    : it: 21000: n eval: 253448 H: 21.22 dlogZ: 9.626 logZ: -36.060 +/- 0.146 logLmax: -5.43
08-04 12:16 nessai INFO    : it: 22000: Rolling KS test: D=0.027, p-value=0.2286
08-04 12:16 nessai INFO    : it: 22000: n eval: 302737 H: 21.59 dlogZ: 6.015 logZ: -33.172 +/- 0.147 logLmax: -5.16
08-04 12:16 nessai INFO    : it: 23000: Rolling KS test: D=0.043, p-value=0.02406
08-04 12:16 nessai INFO    : it: 23000: n eval: 382737 H: 21.89 dlogZ: 4.346 logZ: -31.596 +/- 0.148 logLmax: -4.26
08-04 12:17 nessai INFO    : it: 24000: Rolling KS test: D=0.01, p-value=0.8133
08-04 12:17 nessai INFO    : it: 24000: n eval: 482737 H: 22.17 dlogZ: 3.280 logZ: -30.718 +/- 0.149 logLmax: -3.48
08-04 12:17 nessai INFO    : it: 25000: Rolling KS test: D=0.023, p-value=0.3419
08-04 12:17 nessai INFO    : it: 25000: n eval: 582737 H: 22.35 dlogZ: 1.947 logZ: -30.269 +/- 0.149 logLmax: -3.48
08-04 12:18 nessai INFO    : it: 26000: Rolling KS test: D=0.02, p-value=0.4434
08-04 12:18 nessai INFO    : it: 26000: n eval: 722737 H: 22.48 dlogZ: 1.017 logZ: -30.044 +/- 0.150 logLmax: -3.48
08-04 12:18 nessai INFO    : it: 27000: Rolling KS test: D=0.036, p-value=0.07308
08-04 12:18 nessai INFO    : it: 27000: n eval: 862737 H: 22.56 dlogZ: 0.457 logZ: -29.930 +/- 0.150 logLmax: -3.48
08-04 12:19 nessai INFO    : it: 28000: Rolling KS test: D=0.03, p-value=0.162
08-04 12:19 nessai INFO    : it: 28000: n eval: 962737 H: 22.62 dlogZ: 0.215 logZ: -29.875 +/- 0.150 logLmax: -3.30
08-04 12:19 nessai INFO    : Stopping with difference_log_evidence=0.100
08-04 12:19 nessai INFO    : Finalising
08-04 12:19 nessai INFO    : Final ln-evidence: -29.822 +/- 0.151
08-04 12:19 nessai INFO    : Information: 22.70
08-04 12:19 nessai INFO    : Final KS test: D=0.006936, p-value=0.06229
08-04 12:19 nessai INFO    : Checkpointing nested sampling
08-04 12:19 nessai INFO    : Total sampling time: 0:05:32.053473
08-04 12:19 nessai INFO    : Total training time: 0:01:39.277708
08-04 12:19 nessai INFO    : Total population time: 0:02:16.178025
08-04 12:19 nessai INFO    : Total likelihood evaluations: 1032737
08-04 12:19 nessai INFO    : Time spent evaluating likelihood: 0:00:45.238457
08-04 12:19 nessai INFO    : Total sampling time: 0:05:32.053473
08-04 12:19 nessai INFO    : Total likelihood evaluations: 1032737
08-04 12:19 nessai INFO    : Starting post processing
08-04 12:19 nessai INFO    : Computing posterior samples
08-04 12:19 nessai INFO    : Effective sample size: 5810.5
08-04 12:19 nessai INFO    : Producing posterior samples using rejection sampling
08-04 12:19 nessai INFO    : Expect 3852.649026473252 samples from rejection sampling
08-04 12:19 nessai INFO    : Returned 3880 posterior samples
08-04 12:19 nessai INFO    : Starting to close worker pool.
08-04 12:19 nessai INFO    : Finished closing worker pool.
