/data/wiay/postgrads/shashwat/qunat_com_future/lib/python3.11/site-packages/nessai/utils/logging.py:133: FutureWarning: setup_logger is deprecated, use configure_logger instead
  warnings.warn(
08-04 15:30 nessai INFO    : Running Nessai version 0.15.2
08-04 15:30 nessai INFO    : Starting multiprocessing pool with 4 processes
08-04 15:30 nessai INFO    : Initialising nested sampler
08-04 15:30 nessai WARNING : Multiprocessing pool has already been configured.
/data/wiay/postgrads/shashwat/qunat_com_future/lib/python3.11/site-packages/nessai/gw/__init__.py:12: FutureWarning: The `nessai.gw` module will be deprecated in the next release in favour of the nessai-gw package. This packages provides the same functionality as`nessai.gw` via the plugin interface.For more details, see: https://github.com/mj-will/nessai-gw
  warnings.warn(
08-04 15:30 nessai INFO    : Passing kwargs to FlowProposal: {'poolsize': 1000}
08-04 15:30 nessai INFO    : No reparameterisations provided, using default reparameterisations included in FlowProposal
08-04 15:30 nessai INFO    : Adding reparameterisations from: {}
08-04 15:30 nessai INFO    : Assuming fallback reparameterisation (ScaleAndShift) for ['kappa', 'mu_xi', 'sigma_chi', 'sigma_xi', 'rho', 'lambda_chi', 'chi0', 'xi0'] with kwargs: {'estimate_scale': True, 'estimate_shift': True, 'prior_bounds': {'kappa': array([0.1, 5. ]), 'mu_xi': array([0. , 0.1]), 'sigma_chi': array([0.05, 0.6 ]), 'sigma_xi': array([0.05, 0.4 ]), 'rho': array([-0.9,  0.9]), 'lambda_chi': array([-0.5,  0.5]), 'chi0': array([-0.5,  0.5]), 'xi0': array([2.5, 5. ])}}.
08-04 15:30 nessai INFO    : x space parameters: ['kappa', 'mu_xi', 'sigma_chi', 'sigma_xi', 'rho', 'lambda_chi', 'chi0', 'xi0']
08-04 15:30 nessai INFO    : x prime space parameters: ['kappa_prime', 'mu_xi_prime', 'sigma_chi_prime', 'sigma_xi_prime', 'rho_prime', 'lambda_chi_prime', 'chi0_prime', 'xi0_prime']
08-04 15:30 nessai INFO    : Overwriting fuzz factor with expansion fraction
08-04 15:30 nessai INFO    : New fuzz factor: 1.2228445449938519
08-04 15:30 nessai INFO    : Verifying rescaling functions
08-04 15:30 nessai INFO    : Rescaling functions are invertible
08-04 15:30 nessai INFO    : Populating initial live points
08-04 15:30 nessai INFO    : Populated 100 / 1000 live points
08-04 15:30 nessai INFO    : Populated 200 / 1000 live points
08-04 15:30 nessai INFO    : Populated 300 / 1000 live points
08-04 15:30 nessai INFO    : Populated 400 / 1000 live points
08-04 15:30 nessai INFO    : Populated 500 / 1000 live points
08-04 15:30 nessai INFO    : Populated 600 / 1000 live points
08-04 15:30 nessai INFO    : Populated 700 / 1000 live points
08-04 15:30 nessai INFO    : Populated 800 / 1000 live points
08-04 15:30 nessai INFO    : Populated 900 / 1000 live points
08-04 15:30 nessai INFO    : Populated 1000 / 1000 live points
08-04 15:30 nessai INFO    : Starting nested sampling loop
08-04 15:30 nessai INFO    : it:  1000: Rolling KS test: D=0.012, p-value=0.7438
08-04 15:30 nessai INFO    : it:  1000: n eval: 3000 H: 7.91 dlogZ: 3552564.093 logZ: -3556921.827 +/- 0.089 logLmax: -4356.74
08-04 15:30 nessai INFO    : it:  2000: Rolling KS test: D=0.019, p-value=0.4797
08-04 15:30 nessai INFO    : it:  2000: n eval: 9000 H: 8.91 dlogZ: 841044.747 logZ: -845403.482 +/- 0.094 logLmax: -4356.74
08-04 15:30 nessai INFO    : Switching to FlowProposal
/data/wiay/postgrads/shashwat/qunat_com_future/lib/python3.11/site-packages/torch/autograd/graph.py:882: UserWarning: CUDA initialization: The NVIDIA driver on your system is too old (found version 12020). Please update your GPU driver by downloading and installing a new version from the URL: http://www.nvidia.com/Download/index.aspx Alternatively, go to: https://pytorch.org to install a PyTorch version that has been compiled with your version of the CUDA driver. (Triggered internally at /pytorch/c10/cuda/CUDAFunctions.cpp:119.)
  return Variable._execution_engine.run_backward(  # Calls into the C++ engine to run the backward pass
08-04 15:31 nessai INFO    : it:  3000: Rolling KS test: D=0.013, p-value=0.7071
08-04 15:31 nessai INFO    : it:  3000: n eval: 13254 H: 9.91 dlogZ: 298699.500 logZ: -302067.020 +/- 0.100 logLmax: -3364.52
08-04 15:31 nessai INFO    : it:  4000: Rolling KS test: D=0.025, p-value=0.2818
08-04 15:31 nessai INFO    : it:  4000: n eval: 17472 H: 10.91 dlogZ: 122880.214 logZ: -125703.807 +/- 0.104 logLmax: -2819.59
08-04 15:31 nessai INFO    : it:  5000: Rolling KS test: D=0.026, p-value=0.2543
08-04 15:31 nessai INFO    : it:  5000: n eval: 22409 H: 11.91 dlogZ: 54697.345 logZ: -56152.014 +/- 0.109 logLmax: -1449.67
08-04 15:31 nessai INFO    : it:  6000: Rolling KS test: D=0.019, p-value=0.4797
08-04 15:31 nessai INFO    : it:  6000: n eval: 27960 H: 12.39 dlogZ: 26193.916 logZ: -26726.034 +/- 0.111 logLmax: -526.12
08-04 15:31 nessai INFO    : it:  7000: Rolling KS test: D=0.023, p-value=0.3419
08-04 15:31 nessai INFO    : it:  7000: n eval: 37446 H: 13.62 dlogZ: 13482.120 logZ: -13822.930 +/- 0.117 logLmax: -333.81
08-04 15:31 nessai INFO    : it:  8000: Rolling KS test: D=0.031, p-value=0.1433
08-04 15:31 nessai INFO    : it:  8000: n eval: 43559 H: 14.91 dlogZ: 6732.401 logZ: -6837.961 +/- 0.122 logLmax: -97.56
08-04 15:31 nessai INFO    : it:  9000: Rolling KS test: D=0.043, p-value=0.02406
08-04 15:31 nessai INFO    : it:  9000: n eval: 55089 H: 15.19 dlogZ: 3505.227 logZ: -3611.318 +/- 0.123 logLmax: -97.09
08-04 15:31 nessai INFO    : it: 10000: Rolling KS test: D=0.027, p-value=0.2286
08-04 15:31 nessai INFO    : it: 10000: n eval: 65532 H: 14.88 dlogZ: 1872.263 logZ: -1979.354 +/- 0.122 logLmax: -97.09
08-04 15:31 nessai INFO    : it: 11000: Rolling KS test: D=0.027, p-value=0.2286
08-04 15:31 nessai INFO    : it: 11000: n eval: 76266 H: 16.51 dlogZ: 1093.788 logZ: -1127.997 +/- 0.128 logLmax: -23.21
08-04 15:31 nessai INFO    : it: 12000: Rolling KS test: D=0.038, p-value=0.05428
08-04 15:31 nessai INFO    : it: 12000: n eval: 84023 H: 16.87 dlogZ: 652.076 logZ: -687.285 +/- 0.130 logLmax: -23.21
08-04 15:31 nessai INFO    : it: 13000: Rolling KS test: D=0.036, p-value=0.07308
08-04 15:31 nessai INFO    : it: 13000: n eval: 97725 H: 16.99 dlogZ: 400.846 logZ: -437.055 +/- 0.130 logLmax: -23.21
08-04 15:31 nessai INFO    : it: 14000: Rolling KS test: D=0.013, p-value=0.7071
08-04 15:32 nessai INFO    : it: 14000: n eval: 107176 H: 17.75 dlogZ: 254.633 logZ: -284.265 +/- 0.133 logLmax: -15.63
08-04 15:32 nessai INFO    : it: 15000: Rolling KS test: D=0.018, p-value=0.5169
08-04 15:32 nessai INFO    : it: 15000: n eval: 118864 H: 18.35 dlogZ: 158.158 logZ: -181.518 +/- 0.135 logLmax: -8.36
08-04 15:32 nessai INFO    : it: 16000: Rolling KS test: D=0.02, p-value=0.4434
08-04 15:32 nessai INFO    : it: 16000: n eval: 130655 H: 18.76 dlogZ: 95.223 logZ: -119.583 +/- 0.137 logLmax: -8.36
08-04 15:32 nessai INFO    : it: 17000: Rolling KS test: D=0.025, p-value=0.2818
08-04 15:32 nessai INFO    : it: 17000: n eval: 145295 H: 19.28 dlogZ: 56.813 logZ: -81.740 +/- 0.139 logLmax: -7.93
08-04 15:32 nessai INFO    : it: 18000: Rolling KS test: D=0.044, p-value=0.0202
08-04 15:32 nessai INFO    : it: 18000: n eval: 161933 H: 19.84 dlogZ: 34.585 logZ: -60.202 +/- 0.141 logLmax: -7.62
08-04 15:32 nessai INFO    : it: 19000: Rolling KS test: D=0.035, p-value=0.08429
08-04 15:32 nessai INFO    : it: 19000: n eval: 181187 H: 20.25 dlogZ: 22.787 logZ: -47.689 +/- 0.142 logLmax: -5.90
08-04 15:32 nessai INFO    : it: 20000: Rolling KS test: D=0.046, p-value=0.01407
08-04 15:32 nessai INFO    : it: 20000: n eval: 206272 H: 20.69 dlogZ: 15.828 logZ: -40.291 +/- 0.144 logLmax: -4.46
08-04 15:32 nessai INFO    : it: 21000: Rolling KS test: D=0.007, p-value=0.9024
08-04 15:32 nessai INFO    : it: 21000: n eval: 229312 H: 21.07 dlogZ: 10.445 logZ: -35.908 +/- 0.145 logLmax: -4.46
08-04 15:33 nessai INFO    : it: 22000: Rolling KS test: D=0.028, p-value=0.2046
08-04 15:33 nessai INFO    : it: 22000: n eval: 267345 H: 21.43 dlogZ: 6.957 logZ: -33.419 +/- 0.146 logLmax: -4.46
08-04 15:33 nessai INFO    : it: 23000: Rolling KS test: D=0.025, p-value=0.2818
08-04 15:33 nessai INFO    : it: 23000: n eval: 304308 H: 21.76 dlogZ: 4.541 logZ: -31.994 +/- 0.148 logLmax: -4.46
08-04 15:33 nessai INFO    : it: 24000: Rolling KS test: D=0.024, p-value=0.311
08-04 15:33 nessai INFO    : it: 24000: n eval: 351989 H: 22.06 dlogZ: 3.194 logZ: -31.175 +/- 0.149 logLmax: -4.02
08-04 15:33 nessai INFO    : it: 25000: Rolling KS test: D=0.04, p-value=0.03967
08-04 15:33 nessai INFO    : it: 25000: n eval: 391754 H: 22.33 dlogZ: 2.309 logZ: -30.691 +/- 0.149 logLmax: -3.49
08-04 15:33 nessai INFO    : it: 26000: Rolling KS test: D=0.02, p-value=0.4434
08-04 15:34 nessai INFO    : it: 26000: n eval: 430828 H: 22.56 dlogZ: 1.253 logZ: -30.404 +/- 0.150 logLmax: -3.49
08-04 15:34 nessai INFO    : it: 27000: Rolling KS test: D=0.028, p-value=0.2046
08-04 15:34 nessai INFO    : it: 27000: n eval: 467817 H: 22.72 dlogZ: 0.577 logZ: -30.240 +/- 0.151 logLmax: -3.49
08-04 15:34 nessai INFO    : it: 28000: Rolling KS test: D=0.02, p-value=0.4434
08-04 15:34 nessai INFO    : it: 28000: n eval: 517035 H: 22.84 dlogZ: 0.233 logZ: -30.151 +/- 0.151 logLmax: -3.49
08-04 15:34 nessai INFO    : Stopping with difference_log_evidence=0.100
08-04 15:34 nessai INFO    : Finalising
08-04 15:34 nessai INFO    : Final ln-evidence: -30.064 +/- 0.152
08-04 15:34 nessai INFO    : Information: 22.98
08-04 15:34 nessai INFO    : Final KS test: D=0.01046, p-value=0.001757
08-04 15:34 nessai WARNING : Final p-value for the insertion indices is less than 0.05, this could be an indication of problems during sampling. Consider checking the diagnostic plots.
08-04 15:34 nessai INFO    : Checkpointing nested sampling
08-04 15:34 nessai INFO    : Total sampling time: 0:03:42.798169
08-04 15:34 nessai INFO    : Total training time: 0:01:12.324552
08-04 15:34 nessai INFO    : Total population time: 0:01:09.729660
08-04 15:34 nessai INFO    : Total likelihood evaluations: 546045
08-04 15:34 nessai INFO    : Time spent evaluating likelihood: 0:00:31.544978
08-04 15:34 nessai INFO    : Total sampling time: 0:03:42.798169
08-04 15:34 nessai INFO    : Total likelihood evaluations: 546045
08-04 15:34 nessai INFO    : Starting post processing
08-04 15:34 nessai INFO    : Computing posterior samples
08-04 15:34 nessai INFO    : Effective sample size: 6752.5
08-04 15:34 nessai INFO    : Producing posterior samples using rejection sampling
08-04 15:34 nessai INFO    : Expect 4752.976648096124 samples from rejection sampling
08-04 15:34 nessai INFO    : Returned 4796 posterior samples
08-04 15:34 nessai INFO    : Starting to close worker pool.
08-04 15:34 nessai INFO    : Finished closing worker pool.
