/data/wiay/postgrads/shashwat/qunat_com_future/lib/python3.11/site-packages/nessai/utils/logging.py:133: FutureWarning: setup_logger is deprecated, use configure_logger instead
  warnings.warn(
08-04 13:01 nessai INFO    : Running Nessai version 0.15.2
08-04 13:01 nessai INFO    : Starting multiprocessing pool with 4 processes
08-04 13:01 nessai INFO    : Initialising nested sampler
08-04 13:01 nessai WARNING : Multiprocessing pool has already been configured.
/data/wiay/postgrads/shashwat/qunat_com_future/lib/python3.11/site-packages/nessai/gw/__init__.py:12: FutureWarning: The `nessai.gw` module will be deprecated in the next release in favour of the nessai-gw package. This packages provides the same functionality as`nessai.gw` via the plugin interface.For more details, see: https://github.com/mj-will/nessai-gw
  warnings.warn(
08-04 13:01 nessai INFO    : Passing kwargs to FlowProposal: {'poolsize': 1000}
08-04 13:01 nessai INFO    : No reparameterisations provided, using default reparameterisations included in FlowProposal
08-04 13:01 nessai INFO    : Adding reparameterisations from: {}
08-04 13:01 nessai INFO    : Assuming fallback reparameterisation (ScaleAndShift) for ['kappa', 'mu_xi', 'sigma_chi', 'sigma_xi', 'rho', 'lambda_chi', 'chi0', 'xi0'] with kwargs: {'estimate_scale': True, 'estimate_shift': True, 'prior_bounds': {'kappa': array([0.1, 5. ]), 'mu_xi': array([0. , 0.1]), 'sigma_chi': array([0.05, 0.6 ]), 'sigma_xi': array([0.05, 0.4 ]), 'rho': array([-0.9,  0.9]), 'lambda_chi': array([-0.5,  0.5]), 'chi0': array([-0.5,  0.5]), 'xi0': array([2.5, 5. ])}}.
08-04 13:01 nessai INFO    : x space parameters: ['kappa', 'mu_xi', 'sigma_chi', 'sigma_xi', 'rho', 'lambda_chi', 'chi0', 'xi0']
08-04 13:01 nessai INFO    : x prime space parameters: ['kappa_prime', 'mu_xi_prime', 'sigma_chi_prime', 'sigma_xi_prime', 'rho_prime', 'lambda_chi_prime', 'chi0_prime', 'xi0_prime']
08-04 13:01 nessai INFO    : Overwriting fuzz factor with expansion fraction
08-04 13:01 nessai INFO    : New fuzz factor: 1.2228445449938519
08-04 13:01 nessai INFO    : Verifying rescaling functions
08-04 13:01 nessai INFO    : Rescaling functions are invertible
08-04 13:01 nessai INFO    : Populating initial live points
08-04 13:01 nessai INFO    : Populated 100 / 1000 live points
08-04 13:01 nessai INFO    : Populated 200 / 1000 live points
08-04 13:01 nessai INFO    : Populated 300 / 1000 live points
08-04 13:01 nessai INFO    : Populated 400 / 1000 live points
08-04 13:01 nessai INFO    : Populated 500 / 1000 live points
08-04 13:01 nessai INFO    : Populated 600 / 1000 live points
08-04 13:01 nessai INFO    : Populated 700 / 1000 live points
08-04 13:01 nessai INFO    : Populated 800 / 1000 live points
08-04 13:01 nessai INFO    : Populated 900 / 1000 live points
08-04 13:01 nessai INFO    : Populated 1000 / 1000 live points
08-04 13:01 nessai INFO    : Starting nested sampling loop
08-04 13:01 nessai INFO    : it:  1000: Rolling KS test: D=0.035, p-value=0.08429
08-04 13:01 nessai INFO    : it:  1000: n eval: 3000 H: 7.91 dlogZ: 202329647.546 logZ: -202488963.790 +/- 0.089 logLmax: -159315.24
08-04 13:01 nessai INFO    : it:  2000: Rolling KS test: D=0.024, p-value=0.311
08-04 13:01 nessai INFO    : it:  2000: n eval: 7000 H: 8.91 dlogZ: 56097858.619 logZ: -56257175.863 +/- 0.094 logLmax: -159315.24
08-04 13:01 nessai INFO    : Switching to FlowProposal
08-04 13:01 nessai INFO    : it:  3000: Rolling KS test: D=0.035, p-value=0.08429
08-04 13:01 nessai INFO    : it:  3000: n eval: 10825 H: 9.91 dlogZ: 16422657.080 logZ: -16548294.975 +/- 0.100 logLmax: -125634.90
08-04 13:01 nessai INFO    : it:  4000: Rolling KS test: D=0.021, p-value=0.4082
08-04 13:01 nessai INFO    : it:  4000: n eval: 14593 H: 10.91 dlogZ: 6009724.170 logZ: -6033192.237 +/- 0.104 logLmax: -23464.07
08-04 13:01 nessai INFO    : it:  5000: Rolling KS test: D=0.012, p-value=0.7438
08-04 13:01 nessai INFO    : it:  5000: n eval: 16559 H: 11.91 dlogZ: 2576930.135 logZ: -2596409.290 +/- 0.109 logLmax: -19474.16
08-04 13:01 nessai INFO    : it:  6000: Rolling KS test: D=0.042, p-value=0.02854
08-04 13:01 nessai INFO    : it:  6000: n eval: 20719 H: 12.91 dlogZ: 1205480.861 logZ: -1224961.016 +/- 0.114 logLmax: -19474.16
08-04 13:01 nessai INFO    : it:  7000: Rolling KS test: D=0.026, p-value=0.2543
08-04 13:01 nessai INFO    : it:  7000: n eval: 25176 H: 13.91 dlogZ: 572068.334 logZ: -580985.604 +/- 0.118 logLmax: -8910.27
08-04 13:01 nessai INFO    : it:  8000: Rolling KS test: D=0.037, p-value=0.06311
08-04 13:01 nessai INFO    : it:  8000: n eval: 29842 H: 14.91 dlogZ: 290307.920 logZ: -291318.320 +/- 0.122 logLmax: -1002.40
08-04 13:01 nessai INFO    : it:  9000: Rolling KS test: D=0.045, p-value=0.01689
08-04 13:01 nessai INFO    : it:  9000: n eval: 37770 H: 15.91 dlogZ: 149611.193 logZ: -150622.592 +/- 0.126 logLmax: -1002.40
08-04 13:01 nessai INFO    : it: 10000: Rolling KS test: D=0.034, p-value=0.09683
08-04 13:01 nessai INFO    : it: 10000: n eval: 42440 H: 16.91 dlogZ: 79611.059 logZ: -80623.458 +/- 0.130 logLmax: -1002.40
08-04 13:01 nessai INFO    : it: 11000: Rolling KS test: D=0.012, p-value=0.7438
08-04 13:01 nessai INFO    : it: 11000: n eval: 47343 H: 17.91 dlogZ: 43103.040 logZ: -44022.018 +/- 0.134 logLmax: -907.98
08-04 13:01 nessai INFO    : it: 12000: Rolling KS test: D=0.041, p-value=0.03371
08-04 13:01 nessai INFO    : it: 12000: n eval: 53243 H: 18.91 dlogZ: 22870.775 logZ: -23695.225 +/- 0.138 logLmax: -812.45
08-04 13:01 nessai INFO    : it: 13000: Rolling KS test: D=0.048, p-value=0.009645
08-04 13:01 nessai INFO    : it: 13000: n eval: 58811 H: 19.91 dlogZ: 12961.179 logZ: -13206.197 +/- 0.141 logLmax: -232.02
08-04 13:01 nessai INFO    : it: 14000: Rolling KS test: D=0.036, p-value=0.07308
08-04 13:01 nessai INFO    : it: 14000: n eval: 66379 H: 20.31 dlogZ: 7135.003 logZ: -7381.021 +/- 0.142 logLmax: -232.02
08-04 13:01 nessai INFO    : it: 15000: Rolling KS test: D=0.026, p-value=0.2543
08-04 13:01 nessai INFO    : it: 15000: n eval: 75534 H: 21.15 dlogZ: 4039.659 logZ: -4183.976 +/- 0.145 logLmax: -129.32
08-04 13:01 nessai INFO    : it: 16000: Rolling KS test: D=0.017, p-value=0.5547
08-04 13:01 nessai INFO    : it: 16000: n eval: 82689 H: 22.48 dlogZ: 2303.662 logZ: -2448.978 +/- 0.150 logLmax: -129.32
08-04 13:02 nessai INFO    : it: 17000: Rolling KS test: D=0.012, p-value=0.7438
08-04 13:02 nessai INFO    : it: 17000: n eval: 94106 H: 22.67 dlogZ: 1345.235 logZ: -1488.568 +/- 0.151 logLmax: -126.33
08-04 13:02 nessai INFO    : it: 18000: Rolling KS test: D=0.012, p-value=0.7438
08-04 13:02 nessai INFO    : it: 18000: n eval: 109851 H: 22.68 dlogZ: 790.488 logZ: -934.821 +/- 0.151 logLmax: -126.33
08-04 13:02 nessai INFO    : it: 19000: Rolling KS test: D=0.044, p-value=0.0202
08-04 13:02 nessai INFO    : it: 19000: n eval: 124565 H: 24.06 dlogZ: 507.889 logZ: -621.293 +/- 0.155 logLmax: -94.40
08-04 13:02 nessai INFO    : it: 20000: Rolling KS test: D=0.029, p-value=0.1825
08-04 13:02 nessai INFO    : it: 20000: n eval: 142262 H: 24.23 dlogZ: 343.366 logZ: -429.899 +/- 0.156 logLmax: -66.53
08-04 13:02 nessai INFO    : it: 21000: Rolling KS test: D=0.034, p-value=0.09683
08-04 13:02 nessai INFO    : it: 21000: n eval: 162378 H: 24.40 dlogZ: 227.640 logZ: -312.793 +/- 0.156 logLmax: -64.15
08-04 13:02 nessai INFO    : it: 22000: Rolling KS test: D=0.012, p-value=0.7438
08-04 13:02 nessai INFO    : it: 22000: n eval: 191004 H: 25.37 dlogZ: 174.255 logZ: -239.150 +/- 0.159 logLmax: -42.90
08-04 13:02 nessai INFO    : it: 23000: Rolling KS test: D=0.018, p-value=0.5169
08-04 13:02 nessai INFO    : it: 23000: n eval: 228261 H: 25.89 dlogZ: 156.334 logZ: -191.574 +/- 0.161 logLmax: -12.24
08-04 13:02 nessai INFO    : it: 24000: Rolling KS test: D=0.015, p-value=0.6313
08-04 13:02 nessai INFO    : it: 24000: n eval: 268261 H: 26.25 dlogZ: 121.613 logZ: -157.383 +/- 0.162 logLmax: -11.77
08-04 13:03 nessai INFO    : it: 25000: Rolling KS test: D=0.009, p-value=0.8454
08-04 13:03 nessai INFO    : it: 25000: n eval: 318261 H: 27.03 dlogZ: 96.456 logZ: -133.226 +/- 0.164 logLmax: -11.77
08-04 13:03 nessai INFO    : it: 26000: Rolling KS test: D=0.027, p-value=0.2286
08-04 13:03 nessai INFO    : it: 26000: n eval: 357429 H: 27.94 dlogZ: 75.461 logZ: -113.231 +/- 0.167 logLmax: -11.77
08-04 13:03 nessai INFO    : it: 27000: Rolling KS test: D=0.026, p-value=0.2543
08-04 13:03 nessai INFO    : it: 27000: n eval: 404871 H: 28.63 dlogZ: 58.107 logZ: -96.877 +/- 0.169 logLmax: -11.77
08-04 13:03 nessai INFO    : it: 28000: Rolling KS test: D=0.021, p-value=0.4082
08-04 13:03 nessai INFO    : it: 28000: n eval: 425404 H: 29.43 dlogZ: 50.999 logZ: -82.894 +/- 0.172 logLmax: -3.90
08-04 13:03 nessai INFO    : it: 29000: Rolling KS test: D=0.013, p-value=0.7071
08-04 13:03 nessai INFO    : it: 29000: n eval: 436683 H: 30.19 dlogZ: 39.075 logZ: -71.970 +/- 0.174 logLmax: -3.90
08-04 13:03 nessai INFO    : it: 30000: Rolling KS test: D=0.029, p-value=0.1825
08-04 13:03 nessai INFO    : it: 30000: n eval: 453252 H: 30.99 dlogZ: 28.602 logZ: -62.498 +/- 0.176 logLmax: -3.90
08-04 13:03 nessai INFO    : it: 31000: Rolling KS test: D=0.024, p-value=0.311
08-04 13:03 nessai INFO    : it: 31000: n eval: 464920 H: 31.66 dlogZ: 20.976 logZ: -55.871 +/- 0.178 logLmax: -3.90
08-04 13:03 nessai INFO    : it: 32000: Rolling KS test: D=0.03, p-value=0.162
08-04 13:03 nessai INFO    : it: 32000: n eval: 472147 H: 32.24 dlogZ: 15.118 logZ: -51.014 +/- 0.180 logLmax: -3.90
08-04 13:03 nessai INFO    : it: 33000: Rolling KS test: D=0.005, p-value=0.9481
08-04 13:03 nessai INFO    : it: 33000: n eval: 484335 H: 32.82 dlogZ: 12.297 logZ: -47.611 +/- 0.181 logLmax: -2.32
08-04 13:03 nessai INFO    : it: 34000: Rolling KS test: D=0.015, p-value=0.6313
08-04 13:03 nessai INFO    : it: 34000: n eval: 491748 H: 33.34 dlogZ: 9.024 logZ: -45.338 +/- 0.183 logLmax: -2.32
08-04 13:04 nessai INFO    : it: 35000: Rolling KS test: D=0.004, p-value=0.9659
08-04 13:04 nessai INFO    : it: 35000: n eval: 498405 H: 33.86 dlogZ: 7.007 logZ: -43.781 +/- 0.184 logLmax: -1.78
08-04 13:04 nessai INFO    : it: 36000: Rolling KS test: D=0.013, p-value=0.7071
08-04 13:04 nessai INFO    : it: 36000: n eval: 508042 H: 34.40 dlogZ: 5.112 logZ: -42.653 +/- 0.185 logLmax: -1.55
08-04 13:04 nessai INFO    : it: 37000: Rolling KS test: D=0.025, p-value=0.2818
08-04 13:04 nessai INFO    : it: 37000: n eval: 514555 H: 34.85 dlogZ: 4.155 logZ: -41.887 +/- 0.187 logLmax: -0.75
08-04 13:04 nessai INFO    : it: 38000: Rolling KS test: D=0.027, p-value=0.2286
08-04 13:04 nessai INFO    : it: 38000: n eval: 525030 H: 35.25 dlogZ: 2.695 logZ: -41.373 +/- 0.188 logLmax: -0.75
08-04 13:04 nessai INFO    : it: 39000: Rolling KS test: D=0.028, p-value=0.2046
08-04 13:04 nessai INFO    : it: 39000: n eval: 531594 H: 35.58 dlogZ: 1.532 logZ: -41.036 +/- 0.189 logLmax: -0.75
08-04 13:04 nessai INFO    : it: 40000: Rolling KS test: D=0.003, p-value=0.9802
08-04 13:04 nessai INFO    : it: 40000: n eval: 538055 H: 35.83 dlogZ: 0.734 logZ: -40.828 +/- 0.189 logLmax: -0.75
08-04 13:04 nessai INFO    : it: 41000: Rolling KS test: D=0.023, p-value=0.3419
08-04 13:04 nessai INFO    : it: 41000: n eval: 548055 H: 36.00 dlogZ: 0.351 logZ: -40.707 +/- 0.190 logLmax: -0.58
08-04 13:04 nessai INFO    : it: 42000: Rolling KS test: D=0.012, p-value=0.7438
08-04 13:04 nessai INFO    : it: 42000: n eval: 554087 H: 36.11 dlogZ: 0.144 logZ: -40.643 +/- 0.190 logLmax: -0.50
08-04 13:04 nessai INFO    : Stopping with difference_log_evidence=0.100
08-04 13:04 nessai INFO    : Finalising
08-04 13:04 nessai INFO    : Final ln-evidence: -40.582 +/- 0.190
08-04 13:04 nessai INFO    : Information: 36.23
08-04 13:04 nessai INFO    : Final KS test: D=0.008324, p-value=0.002779
08-04 13:04 nessai WARNING : Final p-value for the insertion indices is less than 0.05, this could be an indication of problems during sampling. Consider checking the diagnostic plots.
08-04 13:04 nessai INFO    : Checkpointing nested sampling
08-04 13:04 nessai INFO    : Total sampling time: 0:03:19.424774
08-04 13:04 nessai INFO    : Total training time: 0:01:03.249444
08-04 13:04 nessai INFO    : Total population time: 0:00:57.797928
08-04 13:04 nessai INFO    : Total likelihood evaluations: 557061
08-04 13:04 nessai INFO    : Time spent evaluating likelihood: 0:00:22.512898
08-04 13:04 nessai INFO    : Total sampling time: 0:03:19.424774
08-04 13:04 nessai INFO    : Total likelihood evaluations: 557061
08-04 13:04 nessai INFO    : Starting post processing
08-04 13:04 nessai INFO    : Computing posterior samples
08-04 13:04 nessai INFO    : Effective sample size: 7437.5
08-04 13:04 nessai INFO    : Producing posterior samples using rejection sampling
08-04 13:04 nessai INFO    : Expect 5191.6055036514 samples from rejection sampling
08-04 13:04 nessai INFO    : Returned 5195 posterior samples
08-04 13:06 nessai INFO    : Starting to close worker pool.
08-04 13:06 nessai INFO    : Finished closing worker pool.
