/data/wiay/postgrads/shashwat/qunat_com_future/lib/python3.11/site-packages/nessai/utils/logging.py:133: FutureWarning: setup_logger is deprecated, use configure_logger instead
  warnings.warn(
08-04 16:12 nessai INFO    : Running Nessai version 0.15.2
08-04 16:12 nessai INFO    : Starting multiprocessing pool with 4 processes
08-04 16:12 nessai INFO    : Initialising nested sampler
08-04 16:12 nessai WARNING : Multiprocessing pool has already been configured.
/data/wiay/postgrads/shashwat/qunat_com_future/lib/python3.11/site-packages/nessai/gw/__init__.py:12: FutureWarning: The `nessai.gw` module will be deprecated in the next release in favour of the nessai-gw package. This packages provides the same functionality as`nessai.gw` via the plugin interface.For more details, see: https://github.com/mj-will/nessai-gw
  warnings.warn(
08-04 16:12 nessai INFO    : Passing kwargs to FlowProposal: {'poolsize': 1000}
08-04 16:12 nessai INFO    : No reparameterisations provided, using default reparameterisations included in FlowProposal
08-04 16:12 nessai INFO    : Adding reparameterisations from: {}
08-04 16:12 nessai INFO    : Assuming fallback reparameterisation (ScaleAndShift) for ['kappa', 'mu_xi', 'sigma_chi', 'sigma_xi', 'rho', 'lambda_chi', 'chi0', 'xi0'] with kwargs: {'estimate_scale': True, 'estimate_shift': True, 'prior_bounds': {'kappa': array([0.1, 5. ]), 'mu_xi': array([0. , 0.1]), 'sigma_chi': array([0.05, 0.6 ]), 'sigma_xi': array([0.05, 0.4 ]), 'rho': array([-0.9,  0.9]), 'lambda_chi': array([-0.5,  0.5]), 'chi0': array([-0.5,  0.5]), 'xi0': array([2.5, 5. ])}}.
08-04 16:12 nessai INFO    : x space parameters: ['kappa', 'mu_xi', 'sigma_chi', 'sigma_xi', 'rho', 'lambda_chi', 'chi0', 'xi0']
08-04 16:12 nessai INFO    : x prime space parameters: ['kappa_prime', 'mu_xi_prime', 'sigma_chi_prime', 'sigma_xi_prime', 'rho_prime', 'lambda_chi_prime', 'chi0_prime', 'xi0_prime']
08-04 16:12 nessai INFO    : Overwriting fuzz factor with expansion fraction
08-04 16:12 nessai INFO    : New fuzz factor: 1.2228445449938519
08-04 16:12 nessai INFO    : Verifying rescaling functions
08-04 16:12 nessai INFO    : Rescaling functions are invertible
08-04 16:12 nessai INFO    : Populating initial live points
08-04 16:12 nessai INFO    : Populated 100 / 1000 live points
08-04 16:12 nessai INFO    : Populated 200 / 1000 live points
08-04 16:12 nessai INFO    : Populated 300 / 1000 live points
08-04 16:12 nessai INFO    : Populated 400 / 1000 live points
08-04 16:12 nessai INFO    : Populated 500 / 1000 live points
08-04 16:12 nessai INFO    : Populated 600 / 1000 live points
08-04 16:12 nessai INFO    : Populated 700 / 1000 live points
08-04 16:12 nessai INFO    : Populated 800 / 1000 live points
08-04 16:12 nessai INFO    : Populated 900 / 1000 live points
08-04 16:12 nessai INFO    : Populated 1000 / 1000 live points
08-04 16:12 nessai INFO    : Starting nested sampling loop
08-04 16:12 nessai INFO    : it:  1000: Rolling KS test: D=0.013, p-value=0.7071
08-04 16:12 nessai INFO    : it:  1000: n eval: 3000 H: 7.91 dlogZ: 30953784.622 logZ: -30992696.756 +/- 0.089 logLmax: -38911.13
08-04 16:12 nessai INFO    : it:  2000: Rolling KS test: D=0.046, p-value=0.01407
08-04 16:12 nessai INFO    : it:  2000: n eval: 8000 H: 8.91 dlogZ: 8212385.430 logZ: -8251298.564 +/- 0.094 logLmax: -38911.13
08-04 16:12 nessai INFO    : Switching to FlowProposal
08-04 16:12 nessai INFO    : it:  3000: Rolling KS test: D=0.005, p-value=0.9481
08-04 16:12 nessai INFO    : it:  3000: n eval: 12073 H: 9.91 dlogZ: 2820290.547 logZ: -2840872.783 +/- 0.100 logLmax: -20579.24
08-04 16:12 nessai INFO    : it:  4000: Rolling KS test: D=0.016, p-value=0.593
08-04 16:12 nessai INFO    : it:  4000: n eval: 15903 H: 10.91 dlogZ: 1113291.937 logZ: -1123381.575 +/- 0.104 logLmax: -10085.64
08-04 16:12 nessai INFO    : it:  5000: Rolling KS test: D=0.008, p-value=0.8752
08-04 16:12 nessai INFO    : it:  5000: n eval: 20799 H: 11.91 dlogZ: 500782.698 logZ: -505598.420 +/- 0.109 logLmax: -4810.72
08-04 16:12 nessai INFO    : it:  6000: Rolling KS test: D=0.018, p-value=0.5169
08-04 16:12 nessai INFO    : it:  6000: n eval: 22750 H: 12.91 dlogZ: 237917.519 logZ: -239510.870 +/- 0.114 logLmax: -1587.35
08-04 16:12 nessai INFO    : it:  7000: Rolling KS test: D=0.023, p-value=0.3419
08-04 16:12 nessai INFO    : it:  7000: n eval: 29668 H: 13.91 dlogZ: 115771.490 logZ: -117365.840 +/- 0.118 logLmax: -1587.35
08-04 16:12 nessai INFO    : it:  8000: Rolling KS test: D=0.038, p-value=0.05428
08-04 16:12 nessai INFO    : it:  8000: n eval: 34796 H: 14.91 dlogZ: 58667.671 logZ: -59480.976 +/- 0.122 logLmax: -805.31
08-04 16:12 nessai INFO    : it:  9000: Rolling KS test: D=0.03, p-value=0.162
08-04 16:12 nessai INFO    : it:  9000: n eval: 39848 H: 15.88 dlogZ: 29446.414 logZ: -30173.739 +/- 0.126 logLmax: -718.33
08-04 16:12 nessai INFO    : it: 10000: Rolling KS test: D=0.017, p-value=0.5547
08-04 16:12 nessai INFO    : it: 10000: n eval: 44820 H: 16.91 dlogZ: 15045.519 logZ: -15610.341 +/- 0.130 logLmax: -554.82
08-04 16:12 nessai INFO    : it: 11000: Rolling KS test: D=0.043, p-value=0.02406
08-04 16:12 nessai INFO    : it: 11000: n eval: 54498 H: 17.49 dlogZ: 8338.587 logZ: -8464.666 +/- 0.132 logLmax: -115.08
08-04 16:12 nessai INFO    : it: 12000: Rolling KS test: D=0.01, p-value=0.8133
08-04 16:12 nessai INFO    : it: 12000: n eval: 57190 H: 18.45 dlogZ: 4542.023 logZ: -4669.102 +/- 0.136 logLmax: -115.08
08-04 16:13 nessai INFO    : it: 13000: Rolling KS test: D=0.034, p-value=0.09683
08-04 16:13 nessai INFO    : it: 13000: n eval: 65740 H: 19.62 dlogZ: 2454.642 logZ: -2530.053 +/- 0.140 logLmax: -62.41
08-04 16:13 nessai INFO    : it: 14000: Rolling KS test: D=0.018, p-value=0.5169
08-04 16:13 nessai INFO    : it: 14000: n eval: 72717 H: 19.17 dlogZ: 1321.651 logZ: -1398.062 +/- 0.138 logLmax: -62.41
08-04 16:13 nessai INFO    : it: 15000: Rolling KS test: D=0.013, p-value=0.7071
08-04 16:13 nessai INFO    : it: 15000: n eval: 83372 H: 19.74 dlogZ: 791.789 logZ: -845.237 +/- 0.140 logLmax: -38.45
08-04 16:13 nessai INFO    : it: 16000: Rolling KS test: D=0.03, p-value=0.162
08-04 16:13 nessai INFO    : it: 16000: n eval: 91065 H: 21.34 dlogZ: 470.486 logZ: -516.209 +/- 0.146 logLmax: -29.72
08-04 16:13 nessai INFO    : it: 17000: Rolling KS test: D=0.012, p-value=0.7438
08-04 16:13 nessai INFO    : it: 17000: n eval: 105159 H: 20.92 dlogZ: 294.639 logZ: -326.609 +/- 0.145 logLmax: -14.97
08-04 16:13 nessai INFO    : it: 18000: Rolling KS test: D=0.031, p-value=0.1433
08-04 16:13 nessai INFO    : it: 18000: n eval: 128404 H: 21.39 dlogZ: 179.321 logZ: -208.449 +/- 0.146 logLmax: -11.13
08-04 16:13 nessai INFO    : it: 19000: Rolling KS test: D=0.019, p-value=0.4797
08-04 16:13 nessai INFO    : it: 19000: n eval: 147474 H: 21.70 dlogZ: 107.458 logZ: -137.587 +/- 0.147 logLmax: -11.13
08-04 16:13 nessai INFO    : it: 20000: Rolling KS test: D=0.042, p-value=0.02854
08-04 16:13 nessai INFO    : it: 20000: n eval: 177818 H: 22.41 dlogZ: 65.621 logZ: -96.750 +/- 0.150 logLmax: -11.13
08-04 16:13 nessai INFO    : it: 21000: Rolling KS test: D=0.015, p-value=0.6313
08-04 16:13 nessai INFO    : it: 21000: n eval: 201940 H: 22.91 dlogZ: 44.620 logZ: -70.270 +/- 0.151 logLmax: -4.65
08-04 16:13 nessai INFO    : it: 22000: Rolling KS test: D=0.041, p-value=0.03371
08-04 16:13 nessai INFO    : it: 22000: n eval: 251180 H: 23.40 dlogZ: 32.361 logZ: -55.763 +/- 0.153 logLmax: -1.40
08-04 16:13 nessai INFO    : it: 23000: Rolling KS test: D=0.039, p-value=0.0465
08-04 16:13 nessai INFO    : it: 23000: n eval: 301180 H: 23.91 dlogZ: 22.879 logZ: -47.280 +/- 0.155 logLmax: -1.40
08-04 16:13 nessai INFO    : it: 24000: Rolling KS test: D=0.017, p-value=0.5547
08-04 16:13 nessai INFO    : it: 24000: n eval: 360719 H: 24.49 dlogZ: 15.837 logZ: -41.239 +/- 0.156 logLmax: -1.40
08-04 16:14 nessai INFO    : it: 25000: Rolling KS test: D=0.035, p-value=0.08429
08-04 16:14 nessai INFO    : it: 25000: n eval: 430719 H: 24.98 dlogZ: 10.933 logZ: -37.335 +/- 0.158 logLmax: -1.40
08-04 16:14 nessai INFO    : it: 26000: Rolling KS test: D=0.019, p-value=0.4797
08-04 16:14 nessai INFO    : it: 26000: n eval: 530719 H: 25.31 dlogZ: 7.676 logZ: -35.077 +/- 0.159 logLmax: -1.40
08-04 16:14 nessai INFO    : it: 27000: Rolling KS test: D=0.03, p-value=0.162
08-04 16:14 nessai INFO    : it: 27000: n eval: 650719 H: 25.74 dlogZ: 5.904 logZ: -33.691 +/- 0.160 logLmax: -0.79
08-04 16:14 nessai INFO    : it: 28000: Rolling KS test: D=0.021, p-value=0.4082
08-04 16:14 nessai INFO    : it: 28000: n eval: 770719 H: 26.18 dlogZ: 3.975 logZ: -32.746 +/- 0.162 logLmax: -0.79
08-04 16:15 nessai INFO    : it: 29000: Rolling KS test: D=0.012, p-value=0.7438
08-04 16:15 nessai INFO    : it: 29000: n eval: 880719 H: 26.55 dlogZ: 2.441 logZ: -32.139 +/- 0.163 logLmax: -0.79
08-04 16:15 nessai INFO    : it: 30000: Rolling KS test: D=0.006, p-value=0.9268
08-04 16:15 nessai INFO    : it: 30000: n eval: 990719 H: 26.84 dlogZ: 1.514 logZ: -31.769 +/- 0.164 logLmax: -0.50
08-04 16:15 nessai INFO    : it: 31000: Rolling KS test: D=0.022, p-value=0.3744
08-04 16:15 nessai INFO    : it: 31000: n eval: 1100719 H: 27.06 dlogZ: 0.718 logZ: -31.552 +/- 0.164 logLmax: -0.50
08-04 16:15 nessai INFO    : it: 32000: Rolling KS test: D=0.019, p-value=0.4797
08-04 16:15 nessai INFO    : it: 32000: n eval: 1190719 H: 27.21 dlogZ: 0.296 logZ: -31.431 +/- 0.165 logLmax: -0.50
08-04 16:16 nessai INFO    : it: 33000: Rolling KS test: D=0.005, p-value=0.9481
08-04 16:16 nessai INFO    : it: 33000: n eval: 1310719 H: 27.30 dlogZ: 0.133 logZ: -31.367 +/- 0.165 logLmax: -0.32
08-04 16:16 nessai INFO    : Stopping with difference_log_evidence=0.100
08-04 16:16 nessai INFO    : Finalising
08-04 16:16 nessai INFO    : Final ln-evidence: -31.309 +/- 0.166
08-04 16:16 nessai INFO    : Information: 27.41
08-04 16:16 nessai INFO    : Final KS test: D=0.008076, p-value=0.01271
08-04 16:16 nessai WARNING : Final p-value for the insertion indices is less than 0.05, this could be an indication of problems during sampling. Consider checking the diagnostic plots.
08-04 16:16 nessai INFO    : Checkpointing nested sampling
08-04 16:16 nessai INFO    : Total sampling time: 0:03:45.951492
08-04 16:16 nessai INFO    : Total training time: 0:01:10.748274
08-04 16:16 nessai INFO    : Total population time: 0:01:29.682123
08-04 16:16 nessai INFO    : Total likelihood evaluations: 1350719
08-04 16:16 nessai INFO    : Time spent evaluating likelihood: 0:00:26.827138
08-04 16:16 nessai INFO    : Total sampling time: 0:03:45.951492
08-04 16:16 nessai INFO    : Total likelihood evaluations: 1350719
08-04 16:16 nessai INFO    : Starting post processing
08-04 16:16 nessai INFO    : Computing posterior samples
08-04 16:16 nessai INFO    : Effective sample size: 6907.4
08-04 16:16 nessai INFO    : Producing posterior samples using rejection sampling
08-04 16:16 nessai INFO    : Expect 4773.753986676797 samples from rejection sampling
08-04 16:16 nessai INFO    : Returned 4739 posterior samples
08-04 16:16 nessai INFO    : Starting to close worker pool.
08-04 16:16 nessai INFO    : Finished closing worker pool.
