/data/wiay/postgrads/shashwat/qunat_com_future/lib/python3.11/site-packages/nessai/utils/logging.py:133: FutureWarning: setup_logger is deprecated, use configure_logger instead
  warnings.warn(
08-04 14:44 nessai INFO    : Running Nessai version 0.15.2
08-04 14:44 nessai INFO    : Starting multiprocessing pool with 4 processes
08-04 14:44 nessai INFO    : Initialising nested sampler
08-04 14:44 nessai WARNING : Multiprocessing pool has already been configured.
/data/wiay/postgrads/shashwat/qunat_com_future/lib/python3.11/site-packages/nessai/gw/__init__.py:12: FutureWarning: The `nessai.gw` module will be deprecated in the next release in favour of the nessai-gw package. This packages provides the same functionality as`nessai.gw` via the plugin interface.For more details, see: https://github.com/mj-will/nessai-gw
  warnings.warn(
08-04 14:44 nessai INFO    : Passing kwargs to FlowProposal: {'poolsize': 1000}
08-04 14:44 nessai INFO    : No reparameterisations provided, using default reparameterisations included in FlowProposal
08-04 14:44 nessai INFO    : Adding reparameterisations from: {}
08-04 14:44 nessai INFO    : Assuming fallback reparameterisation (ScaleAndShift) for ['kappa', 'mu_xi', 'sigma_chi', 'sigma_xi', 'rho', 'lambda_chi', 'chi0', 'xi0'] with kwargs: {'estimate_scale': True, 'estimate_shift': True, 'prior_bounds': {'kappa': array([0.1, 5. ]), 'mu_xi': array([0. , 0.1]), 'sigma_chi': array([0.05, 0.6 ]), 'sigma_xi': array([0.05, 0.4 ]), 'rho': array([-0.9,  0.9]), 'lambda_chi': array([-0.5,  0.5]), 'chi0': array([-0.5,  0.5]), 'xi0': array([2.5, 5. ])}}.
08-04 14:44 nessai INFO    : x space parameters: ['kappa', 'mu_xi', 'sigma_chi', 'sigma_xi', 'rho', 'lambda_chi', 'chi0', 'xi0']
08-04 14:44 nessai INFO    : x prime space parameters: ['kappa_prime', 'mu_xi_prime', 'sigma_chi_prime', 'sigma_xi_prime', 'rho_prime', 'lambda_chi_prime', 'chi0_prime', 'xi0_prime']
08-04 14:44 nessai INFO    : Overwriting fuzz factor with expansion fraction
08-04 14:44 nessai INFO    : New fuzz factor: 1.2228445449938519
08-04 14:44 nessai INFO    : Verifying rescaling functions
08-04 14:44 nessai INFO    : Rescaling functions are invertible
08-04 14:44 nessai INFO    : Populating initial live points
08-04 14:44 nessai INFO    : Populated 100 / 1000 live points
08-04 14:44 nessai INFO    : Populated 200 / 1000 live points
08-04 14:44 nessai INFO    : Populated 300 / 1000 live points
08-04 14:44 nessai INFO    : Populated 400 / 1000 live points
08-04 14:44 nessai INFO    : Populated 500 / 1000 live points
08-04 14:44 nessai INFO    : Populated 600 / 1000 live points
08-04 14:44 nessai INFO    : Populated 700 / 1000 live points
08-04 14:44 nessai INFO    : Populated 800 / 1000 live points
08-04 14:44 nessai INFO    : Populated 900 / 1000 live points
08-04 14:44 nessai INFO    : Populated 1000 / 1000 live points
08-04 14:44 nessai INFO    : Starting nested sampling loop
08-04 14:44 nessai INFO    : it:  1000: Rolling KS test: D=0.01, p-value=0.8133
08-04 14:44 nessai INFO    : it:  1000: n eval: 3000 H: 7.91 dlogZ: 13641163.951 logZ: -13683199.867 +/- 0.089 logLmax: -42034.92
08-04 14:44 nessai INFO    : it:  2000: Rolling KS test: D=0.036, p-value=0.07308
08-04 14:44 nessai INFO    : it:  2000: n eval: 8000 H: 8.91 dlogZ: 4287850.722 logZ: -4297836.124 +/- 0.094 logLmax: -9983.40
08-04 14:44 nessai INFO    : Switching to FlowProposal
08-04 14:44 nessai INFO    : it:  3000: Rolling KS test: D=0.032, p-value=0.1263
08-04 14:44 nessai INFO    : it:  3000: n eval: 12184 H: 9.91 dlogZ: 1591404.873 logZ: -1601391.274 +/- 0.100 logLmax: -9983.40
08-04 14:44 nessai INFO    : it:  4000: Rolling KS test: D=0.024, p-value=0.311
08-04 14:44 nessai INFO    : it:  4000: n eval: 16017 H: 10.91 dlogZ: 629076.812 logZ: -639064.213 +/- 0.104 logLmax: -9983.40
08-04 14:44 nessai INFO    : it:  5000: Rolling KS test: D=0.02, p-value=0.4434
08-04 14:44 nessai INFO    : it:  5000: n eval: 20268 H: 11.91 dlogZ: 279800.959 logZ: -283114.350 +/- 0.109 logLmax: -3308.39
08-04 14:44 nessai INFO    : it:  6000: Rolling KS test: D=0.017, p-value=0.5547
08-04 14:44 nessai INFO    : it:  6000: n eval: 22078 H: 12.91 dlogZ: 126082.997 logZ: -127255.177 +/- 0.114 logLmax: -1166.18
08-04 14:44 nessai INFO    : it:  7000: Rolling KS test: D=0.018, p-value=0.5169
08-04 14:44 nessai INFO    : it:  7000: n eval: 29525 H: 13.91 dlogZ: 62075.472 logZ: -62300.175 +/- 0.118 logLmax: -217.70
08-04 14:44 nessai INFO    : it:  8000: Rolling KS test: D=0.008, p-value=0.8752
08-04 14:44 nessai INFO    : it:  8000: n eval: 32739 H: 14.91 dlogZ: 31416.689 logZ: -31642.392 +/- 0.122 logLmax: -217.70
08-04 14:44 nessai INFO    : it:  9000: Rolling KS test: D=0.028, p-value=0.2046
08-04 14:44 nessai INFO    : it:  9000: n eval: 39731 H: 15.80 dlogZ: 15817.717 logZ: -16044.421 +/- 0.126 logLmax: -217.70
08-04 14:44 nessai INFO    : it: 10000: Rolling KS test: D=0.036, p-value=0.07308
08-04 14:44 nessai INFO    : it: 10000: n eval: 45744 H: 16.90 dlogZ: 8236.880 logZ: -8335.718 +/- 0.130 logLmax: -88.84
08-04 14:44 nessai INFO    : it: 11000: Rolling KS test: D=0.014, p-value=0.6695
08-04 14:44 nessai INFO    : it: 11000: n eval: 52464 H: 17.57 dlogZ: 4101.384 logZ: -4201.222 +/- 0.133 logLmax: -88.84
08-04 14:44 nessai INFO    : it: 12000: Rolling KS test: D=0.033, p-value=0.1108
08-04 14:44 nessai INFO    : it: 12000: n eval: 58543 H: 17.68 dlogZ: 2148.732 logZ: -2242.162 +/- 0.133 logLmax: -81.43
08-04 14:44 nessai INFO    : it: 13000: Rolling KS test: D=0.025, p-value=0.2818
08-04 14:44 nessai INFO    : it: 13000: n eval: 63823 H: 18.54 dlogZ: 1137.738 logZ: -1164.213 +/- 0.136 logLmax: -13.48
08-04 14:44 nessai INFO    : it: 14000: Rolling KS test: D=0.012, p-value=0.7438
08-04 14:44 nessai INFO    : it: 14000: n eval: 69199 H: 18.75 dlogZ: 615.728 logZ: -643.204 +/- 0.137 logLmax: -13.48
08-04 14:44 nessai INFO    : it: 15000: Rolling KS test: D=0.02, p-value=0.4434
08-04 14:44 nessai INFO    : it: 15000: n eval: 77900 H: 19.24 dlogZ: 328.352 logZ: -356.676 +/- 0.139 logLmax: -13.32
08-04 14:44 nessai INFO    : it: 16000: Rolling KS test: D=0.037, p-value=0.06311
08-04 14:44 nessai INFO    : it: 16000: n eval: 84238 H: 19.74 dlogZ: 184.622 logZ: -208.600 +/- 0.140 logLmax: -7.98
08-04 14:44 nessai INFO    : it: 17000: Rolling KS test: D=0.014, p-value=0.6695
08-04 14:44 nessai INFO    : it: 17000: n eval: 93798 H: 19.81 dlogZ: 101.058 logZ: -126.036 +/- 0.141 logLmax: -7.98
08-04 14:44 nessai INFO    : it: 18000: Rolling KS test: D=0.008, p-value=0.8752
08-04 14:44 nessai INFO    : it: 18000: n eval: 100904 H: 20.52 dlogZ: 61.675 logZ: -83.356 +/- 0.143 logLmax: -3.68
08-04 14:44 nessai INFO    : it: 19000: Rolling KS test: D=0.035, p-value=0.08429
08-04 14:44 nessai INFO    : it: 19000: n eval: 113166 H: 20.77 dlogZ: 37.433 logZ: -59.868 +/- 0.144 logLmax: -3.44
08-04 14:44 nessai INFO    : it: 20000: Rolling KS test: D=0.004, p-value=0.9659
08-04 14:44 nessai INFO    : it: 20000: n eval: 127167 H: 21.30 dlogZ: 22.939 logZ: -46.274 +/- 0.146 logLmax: -3.34
08-04 14:44 nessai INFO    : it: 21000: Rolling KS test: D=0.018, p-value=0.5169
08-04 14:44 nessai INFO    : it: 21000: n eval: 141237 H: 21.67 dlogZ: 14.794 logZ: -38.610 +/- 0.147 logLmax: -2.82
08-04 14:45 nessai INFO    : it: 22000: Rolling KS test: D=0.01, p-value=0.8133
08-04 14:45 nessai INFO    : it: 22000: n eval: 159554 H: 22.10 dlogZ: 10.172 logZ: -34.281 +/- 0.149 logLmax: -2.11
08-04 14:45 nessai INFO    : it: 23000: Rolling KS test: D=0.022, p-value=0.3744
08-04 14:45 nessai INFO    : it: 23000: n eval: 192723 H: 22.50 dlogZ: 7.069 logZ: -31.636 +/- 0.150 logLmax: -1.57
08-04 14:45 nessai INFO    : it: 24000: Rolling KS test: D=0.019, p-value=0.4797
08-04 14:45 nessai INFO    : it: 24000: n eval: 217546 H: 22.87 dlogZ: 4.520 logZ: -30.077 +/- 0.151 logLmax: -1.57
08-04 14:45 nessai INFO    : it: 25000: Rolling KS test: D=0.009, p-value=0.8454
08-04 14:45 nessai INFO    : it: 25000: n eval: 254367 H: 23.19 dlogZ: 2.774 logZ: -29.174 +/- 0.152 logLmax: -1.47
08-04 14:45 nessai INFO    : it: 26000: Rolling KS test: D=0.034, p-value=0.09683
08-04 14:45 nessai INFO    : it: 26000: n eval: 293770 H: 23.47 dlogZ: 1.629 logZ: -28.634 +/- 0.153 logLmax: -1.22
08-04 14:45 nessai INFO    : it: 27000: Rolling KS test: D=0.054, p-value=0.002821
08-04 14:45 nessai INFO    : it: 27000: n eval: 333769 H: 23.68 dlogZ: 0.886 logZ: -28.334 +/- 0.154 logLmax: -0.98
08-04 14:45 nessai INFO    : it: 28000: Rolling KS test: D=0.034, p-value=0.09683
08-04 14:45 nessai INFO    : it: 28000: n eval: 361646 H: 23.82 dlogZ: 0.369 logZ: -28.173 +/- 0.154 logLmax: -0.98
08-04 14:45 nessai INFO    : it: 29000: Rolling KS test: D=0.034, p-value=0.09683
08-04 14:45 nessai INFO    : it: 29000: n eval: 385035 H: 23.92 dlogZ: 0.155 logZ: -28.089 +/- 0.155 logLmax: -0.88
08-04 14:45 nessai INFO    : Stopping with difference_log_evidence=0.100
08-04 14:45 nessai INFO    : Finalising
08-04 14:45 nessai INFO    : Final ln-evidence: -28.016 +/- 0.155
08-04 14:45 nessai INFO    : Information: 24.02
08-04 14:45 nessai INFO    : Final KS test: D=0.00894, p-value=0.008988
08-04 14:45 nessai WARNING : Final p-value for the insertion indices is less than 0.05, this could be an indication of problems during sampling. Consider checking the diagnostic plots.
08-04 14:45 nessai INFO    : Checkpointing nested sampling
08-04 14:45 nessai INFO    : Total sampling time: 0:01:28.308924
08-04 14:45 nessai INFO    : Total training time: 0:00:29.518656
08-04 14:45 nessai INFO    : Total population time: 0:00:21.445192
08-04 14:45 nessai INFO    : Total likelihood evaluations: 399979
08-04 14:45 nessai INFO    : Time spent evaluating likelihood: 0:00:08.195357
08-04 14:45 nessai INFO    : Total sampling time: 0:01:28.308924
08-04 14:45 nessai INFO    : Total likelihood evaluations: 399979
08-04 14:45 nessai INFO    : Starting post processing
08-04 14:45 nessai INFO    : Computing posterior samples
08-04 14:45 nessai INFO    : Effective sample size: 6284.2
08-04 14:45 nessai INFO    : Producing posterior samples using rejection sampling
08-04 14:45 nessai INFO    : Expect 4335.68142207155 samples from rejection sampling
08-04 14:45 nessai INFO    : Returned 4345 posterior samples
08-04 14:45 nessai INFO    : Starting to close worker pool.
08-04 14:45 nessai INFO    : Finished closing worker pool.
