/data/wiay/postgrads/shashwat/qunat_com_future/lib/python3.11/site-packages/nessai/utils/logging.py:133: FutureWarning: setup_logger is deprecated, use configure_logger instead
  warnings.warn(
08-04 14:08 nessai INFO    : Running Nessai version 0.15.2
08-04 14:08 nessai INFO    : Starting multiprocessing pool with 4 processes
08-04 14:08 nessai INFO    : Initialising nested sampler
08-04 14:08 nessai WARNING : Multiprocessing pool has already been configured.
/data/wiay/postgrads/shashwat/qunat_com_future/lib/python3.11/site-packages/nessai/gw/__init__.py:12: FutureWarning: The `nessai.gw` module will be deprecated in the next release in favour of the nessai-gw package. This packages provides the same functionality as`nessai.gw` via the plugin interface.For more details, see: https://github.com/mj-will/nessai-gw
  warnings.warn(
08-04 14:08 nessai INFO    : Passing kwargs to FlowProposal: {'poolsize': 1000}
08-04 14:08 nessai INFO    : No reparameterisations provided, using default reparameterisations included in FlowProposal
08-04 14:08 nessai INFO    : Adding reparameterisations from: {}
08-04 14:08 nessai INFO    : Assuming fallback reparameterisation (ScaleAndShift) for ['kappa', 'mu_xi', 'sigma_chi', 'sigma_xi', 'rho', 'lambda_chi', 'chi0', 'xi0'] with kwargs: {'estimate_scale': True, 'estimate_shift': True, 'prior_bounds': {'kappa': array([0.1, 5. ]), 'mu_xi': array([0. , 0.1]), 'sigma_chi': array([0.05, 0.6 ]), 'sigma_xi': array([0.05, 0.4 ]), 'rho': array([-0.9,  0.9]), 'lambda_chi': array([-0.5,  0.5]), 'chi0': array([-0.5,  0.5]), 'xi0': array([2.5, 5. ])}}.
08-04 14:08 nessai INFO    : x space parameters: ['kappa', 'mu_xi', 'sigma_chi', 'sigma_xi', 'rho', 'lambda_chi', 'chi0', 'xi0']
08-04 14:08 nessai INFO    : x prime space parameters: ['kappa_prime', 'mu_xi_prime', 'sigma_chi_prime', 'sigma_xi_prime', 'rho_prime', 'lambda_chi_prime', 'chi0_prime', 'xi0_prime']
08-04 14:08 nessai INFO    : Overwriting fuzz factor with expansion fraction
08-04 14:08 nessai INFO    : New fuzz factor: 1.2228445449938519
08-04 14:08 nessai INFO    : Verifying rescaling functions
08-04 14:08 nessai INFO    : Rescaling functions are invertible
08-04 14:08 nessai INFO    : Populating initial live points
08-04 14:08 nessai INFO    : Populated 100 / 1000 live points
08-04 14:08 nessai INFO    : Populated 200 / 1000 live points
08-04 14:08 nessai INFO    : Populated 300 / 1000 live points
08-04 14:08 nessai INFO    : Populated 400 / 1000 live points
08-04 14:08 nessai INFO    : Populated 500 / 1000 live points
08-04 14:08 nessai INFO    : Populated 600 / 1000 live points
08-04 14:08 nessai INFO    : Populated 700 / 1000 live points
08-04 14:08 nessai INFO    : Populated 800 / 1000 live points
08-04 14:08 nessai INFO    : Populated 900 / 1000 live points
08-04 14:08 nessai INFO    : Populated 1000 / 1000 live points
08-04 14:08 nessai INFO    : Starting nested sampling loop
08-04 14:08 nessai INFO    : it:  1000: Rolling KS test: D=0.006, p-value=0.9268
08-04 14:08 nessai INFO    : it:  1000: n eval: 3000 H: 7.91 dlogZ: 4184811.480 logZ: -4189814.323 +/- 0.089 logLmax: -5001.84
08-04 14:08 nessai INFO    : it:  2000: Rolling KS test: D=0.009, p-value=0.8454
08-04 14:08 nessai INFO    : it:  2000: n eval: 8000 H: 8.91 dlogZ: 909783.418 logZ: -914787.261 +/- 0.094 logLmax: -5001.84
08-04 14:08 nessai INFO    : Switching to FlowProposal
08-04 14:08 nessai INFO    : it:  3000: Rolling KS test: D=0.027, p-value=0.2286
08-04 14:08 nessai INFO    : it:  3000: n eval: 11959 H: 9.91 dlogZ: 304216.103 logZ: -308505.161 +/- 0.100 logLmax: -4286.06
08-04 14:08 nessai INFO    : it:  4000: Rolling KS test: D=0.038, p-value=0.05428
08-04 14:08 nessai INFO    : it:  4000: n eval: 15739 H: 10.91 dlogZ: 126668.614 logZ: -127703.472 +/- 0.104 logLmax: -1030.86
08-04 14:08 nessai INFO    : it:  5000: Rolling KS test: D=0.015, p-value=0.6313
08-04 14:08 nessai INFO    : it:  5000: n eval: 19693 H: 11.91 dlogZ: 55377.882 logZ: -56413.740 +/- 0.109 logLmax: -1030.86
08-04 14:08 nessai INFO    : it:  6000: Rolling KS test: D=0.022, p-value=0.3744
08-04 14:08 nessai INFO    : it:  6000: n eval: 21661 H: 12.91 dlogZ: 26821.110 logZ: -27255.938 +/- 0.114 logLmax: -428.83
08-04 14:08 nessai INFO    : it:  7000: Rolling KS test: D=0.012, p-value=0.7438
08-04 14:08 nessai INFO    : it:  7000: n eval: 28786 H: 13.21 dlogZ: 13428.387 logZ: -13807.153 +/- 0.115 logLmax: -371.77
08-04 14:08 nessai INFO    : it:  8000: Rolling KS test: D=0.01, p-value=0.8133
08-04 14:08 nessai INFO    : it:  8000: n eval: 31043 H: 14.90 dlogZ: 7047.129 logZ: -7165.354 +/- 0.122 logLmax: -110.23
08-04 14:08 nessai INFO    : it:  9000: Rolling KS test: D=0.029, p-value=0.1825
08-04 14:08 nessai INFO    : it:  9000: n eval: 35967 H: 15.32 dlogZ: 3590.272 logZ: -3641.700 +/- 0.124 logLmax: -42.43
08-04 14:08 nessai INFO    : it: 10000: Rolling KS test: D=0.023, p-value=0.3419
08-04 14:08 nessai INFO    : it: 10000: n eval: 40439 H: 15.94 dlogZ: 1858.276 logZ: -1910.703 +/- 0.126 logLmax: -42.43
08-04 14:08 nessai INFO    : it: 11000: Rolling KS test: D=0.006, p-value=0.9268
08-04 14:08 nessai INFO    : it: 11000: n eval: 45030 H: 16.25 dlogZ: 996.785 logZ: -1026.481 +/- 0.127 logLmax: -18.70
08-04 14:08 nessai INFO    : it: 12000: Rolling KS test: D=0.009, p-value=0.8454
08-04 14:08 nessai INFO    : it: 12000: n eval: 49655 H: 16.60 dlogZ: 552.998 logZ: -576.325 +/- 0.129 logLmax: -11.33
08-04 14:08 nessai INFO    : it: 13000: Rolling KS test: D=0.009, p-value=0.8454
08-04 14:08 nessai INFO    : it: 13000: n eval: 54663 H: 17.04 dlogZ: 312.163 logZ: -336.490 +/- 0.131 logLmax: -11.33
08-04 14:08 nessai INFO    : it: 14000: Rolling KS test: D=0.022, p-value=0.3744
08-04 14:09 nessai INFO    : it: 14000: n eval: 60033 H: 17.54 dlogZ: 179.638 logZ: -201.795 +/- 0.132 logLmax: -8.16
08-04 14:09 nessai INFO    : it: 15000: Rolling KS test: D=0.014, p-value=0.6695
08-04 14:09 nessai INFO    : it: 15000: n eval: 69006 H: 18.24 dlogZ: 106.915 logZ: -128.039 +/- 0.135 logLmax: -6.12
08-04 14:09 nessai INFO    : it: 16000: Rolling KS test: D=0.025, p-value=0.2818
08-04 14:09 nessai INFO    : it: 16000: n eval: 74806 H: 18.28 dlogZ: 66.379 logZ: -87.538 +/- 0.135 logLmax: -5.16
08-04 14:09 nessai INFO    : it: 17000: Rolling KS test: D=0.02, p-value=0.4434
08-04 14:09 nessai INFO    : it: 17000: n eval: 83657 H: 18.82 dlogZ: 40.885 logZ: -63.044 +/- 0.137 logLmax: -5.16
08-04 14:09 nessai INFO    : it: 18000: Rolling KS test: D=0.004, p-value=0.9659
08-04 14:09 nessai INFO    : it: 18000: n eval: 95101 H: 19.38 dlogZ: 26.243 logZ: -48.340 +/- 0.139 logLmax: -4.10
08-04 14:09 nessai INFO    : it: 19000: Rolling KS test: D=0.027, p-value=0.2286
08-04 14:09 nessai INFO    : it: 19000: n eval: 106484 H: 19.92 dlogZ: 15.640 logZ: -38.649 +/- 0.141 logLmax: -4.01
08-04 14:09 nessai INFO    : it: 20000: Rolling KS test: D=0.03, p-value=0.162
08-04 14:09 nessai INFO    : it: 20000: n eval: 124149 H: 20.24 dlogZ: 11.227 logZ: -33.274 +/- 0.142 logLmax: -2.05
08-04 14:09 nessai INFO    : it: 21000: Rolling KS test: D=0.038, p-value=0.05428
08-04 14:09 nessai INFO    : it: 21000: n eval: 141264 H: 20.68 dlogZ: 7.141 logZ: -30.186 +/- 0.144 logLmax: -2.05
08-04 14:09 nessai INFO    : it: 22000: Rolling KS test: D=0.039, p-value=0.0465
08-04 14:09 nessai INFO    : it: 22000: n eval: 168457 H: 20.99 dlogZ: 4.695 logZ: -28.492 +/- 0.145 logLmax: -1.81
08-04 14:09 nessai INFO    : it: 23000: Rolling KS test: D=0.016, p-value=0.593
08-04 14:09 nessai INFO    : it: 23000: n eval: 192287 H: 21.27 dlogZ: 2.798 logZ: -27.541 +/- 0.146 logLmax: -1.81
08-04 14:09 nessai INFO    : it: 24000: Rolling KS test: D=0.02, p-value=0.4434
08-04 14:09 nessai INFO    : it: 24000: n eval: 228506 H: 21.51 dlogZ: 1.465 logZ: -27.008 +/- 0.147 logLmax: -1.81
08-04 14:09 nessai INFO    : it: 25000: Rolling KS test: D=0.035, p-value=0.08429
08-04 14:09 nessai INFO    : it: 25000: n eval: 278506 H: 21.68 dlogZ: 0.687 logZ: -26.728 +/- 0.147 logLmax: -1.74
08-04 14:09 nessai INFO    : it: 26000: Rolling KS test: D=0.037, p-value=0.06311
08-04 14:09 nessai INFO    : it: 26000: n eval: 328232 H: 21.79 dlogZ: 0.302 logZ: -26.584 +/- 0.148 logLmax: -1.63
08-04 14:10 nessai INFO    : it: 27000: Rolling KS test: D=0.019, p-value=0.4797
08-04 14:10 nessai INFO    : it: 27000: n eval: 378232 H: 21.86 dlogZ: 0.115 logZ: -26.513 +/- 0.148 logLmax: -1.62
08-04 14:10 nessai INFO    : Stopping with difference_log_evidence=0.100
08-04 14:10 nessai INFO    : Finalising
08-04 14:10 nessai INFO    : Final ln-evidence: -26.450 +/- 0.148
08-04 14:10 nessai INFO    : Information: 21.95
08-04 14:10 nessai INFO    : Final KS test: D=0.005056, p-value=0.2488
08-04 14:10 nessai INFO    : Checkpointing nested sampling
08-04 14:10 nessai INFO    : Total sampling time: 0:01:31.919072
08-04 14:10 nessai INFO    : Total training time: 0:00:30.763297
08-04 14:10 nessai INFO    : Total population time: 0:00:25.323138
08-04 14:10 nessai INFO    : Total likelihood evaluations: 388232
08-04 14:10 nessai INFO    : Time spent evaluating likelihood: 0:00:07.448093
08-04 14:10 nessai INFO    : Total sampling time: 0:01:31.919072
08-04 14:10 nessai INFO    : Total likelihood evaluations: 388232
08-04 14:10 nessai INFO    : Starting post processing
08-04 14:10 nessai INFO    : Computing posterior samples
08-04 14:10 nessai INFO    : Effective sample size: 5943.8
08-04 14:10 nessai INFO    : Producing posterior samples using rejection sampling
08-04 14:10 nessai INFO    : Expect 4057.080636250581 samples from rejection sampling
08-04 14:10 nessai INFO    : Returned 4035 posterior samples
08-04 14:10 nessai INFO    : Starting to close worker pool.
08-04 14:10 nessai INFO    : Finished closing worker pool.
