/data/wiay/postgrads/shashwat/qunat_com_future/lib/python3.11/site-packages/nessai/utils/logging.py:133: FutureWarning: setup_logger is deprecated, use configure_logger instead
  warnings.warn(
08-04 12:51 nessai INFO    : Running Nessai version 0.15.2
08-04 12:51 nessai INFO    : Starting multiprocessing pool with 4 processes
08-04 12:51 nessai INFO    : Initialising nested sampler
08-04 12:51 nessai WARNING : Multiprocessing pool has already been configured.
/data/wiay/postgrads/shashwat/qunat_com_future/lib/python3.11/site-packages/nessai/gw/__init__.py:12: FutureWarning: The `nessai.gw` module will be deprecated in the next release in favour of the nessai-gw package. This packages provides the same functionality as`nessai.gw` via the plugin interface.For more details, see: https://github.com/mj-will/nessai-gw
  warnings.warn(
08-04 12:51 nessai INFO    : Passing kwargs to FlowProposal: {'poolsize': 1000}
08-04 12:51 nessai INFO    : No reparameterisations provided, using default reparameterisations included in FlowProposal
08-04 12:51 nessai INFO    : Adding reparameterisations from: {}
08-04 12:51 nessai INFO    : Assuming fallback reparameterisation (ScaleAndShift) for ['kappa', 'mu_xi', 'sigma_chi', 'sigma_xi', 'rho', 'lambda_chi', 'chi0', 'xi0'] with kwargs: {'estimate_scale': True, 'estimate_shift': True, 'prior_bounds': {'kappa': array([0.1, 5. ]), 'mu_xi': array([0. , 0.1]), 'sigma_chi': array([0.05, 0.6 ]), 'sigma_xi': array([0.05, 0.4 ]), 'rho': array([-0.9,  0.9]), 'lambda_chi': array([-0.5,  0.5]), 'chi0': array([-0.5,  0.5]), 'xi0': array([2.5, 5. ])}}.
08-04 12:51 nessai INFO    : x space parameters: ['kappa', 'mu_xi', 'sigma_chi', 'sigma_xi', 'rho', 'lambda_chi', 'chi0', 'xi0']
08-04 12:51 nessai INFO    : x prime space parameters: ['kappa_prime', 'mu_xi_prime', 'sigma_chi_prime', 'sigma_xi_prime', 'rho_prime', 'lambda_chi_prime', 'chi0_prime', 'xi0_prime']
08-04 12:51 nessai INFO    : Overwriting fuzz factor with expansion fraction
08-04 12:51 nessai INFO    : New fuzz factor: 1.2228445449938519
08-04 12:51 nessai INFO    : Verifying rescaling functions
08-04 12:51 nessai INFO    : Rescaling functions are invertible
08-04 12:51 nessai INFO    : Populating initial live points
08-04 12:51 nessai INFO    : Populated 100 / 1000 live points
08-04 12:51 nessai INFO    : Populated 200 / 1000 live points
08-04 12:51 nessai INFO    : Populated 300 / 1000 live points
08-04 12:51 nessai INFO    : Populated 400 / 1000 live points
08-04 12:51 nessai INFO    : Populated 500 / 1000 live points
08-04 12:51 nessai INFO    : Populated 600 / 1000 live points
08-04 12:51 nessai INFO    : Populated 700 / 1000 live points
08-04 12:51 nessai INFO    : Populated 800 / 1000 live points
08-04 12:51 nessai INFO    : Populated 900 / 1000 live points
08-04 12:51 nessai INFO    : Populated 1000 / 1000 live points
08-04 12:51 nessai INFO    : Starting nested sampling loop
08-04 12:51 nessai INFO    : it:  1000: Rolling KS test: D=0.009, p-value=0.8454
08-04 12:51 nessai INFO    : it:  1000: n eval: 3000 H: 7.91 dlogZ: 146690528.939 logZ: -147753668.648 +/- 0.089 logLmax: -1063138.71
08-04 12:51 nessai INFO    : it:  2000: Rolling KS test: D=0.017, p-value=0.5547
08-04 12:51 nessai INFO    : it:  2000: n eval: 8000 H: 8.91 dlogZ: 38367765.112 logZ: -39430905.821 +/- 0.094 logLmax: -1063138.71
08-04 12:51 nessai INFO    : Switching to FlowProposal
08-04 12:51 nessai INFO    : it:  3000: Rolling KS test: D=0.018, p-value=0.5169
08-04 12:51 nessai INFO    : it:  3000: n eval: 12135 H: 9.91 dlogZ: 14166770.710 logZ: -15141856.436 +/- 0.100 logLmax: -975082.73
08-04 12:51 nessai INFO    : it:  4000: Rolling KS test: D=0.002, p-value=0.9907
08-04 12:51 nessai INFO    : it:  4000: n eval: 13842 H: 10.91 dlogZ: 7112600.868 logZ: -8087687.593 +/- 0.104 logLmax: -975082.73
08-04 12:51 nessai INFO    : it:  5000: Rolling KS test: D=0.018, p-value=0.5169
08-04 12:51 nessai INFO    : it:  5000: n eval: 17603 H: 11.91 dlogZ: 4783748.206 logZ: -5124924.723 +/- 0.109 logLmax: -341171.52
08-04 12:51 nessai INFO    : it:  6000: Rolling KS test: D=0.018, p-value=0.5169
08-04 12:52 nessai INFO    : it:  6000: n eval: 22144 H: 12.91 dlogZ: 3354202.051 logZ: -3495596.297 +/- 0.114 logLmax: -141388.25
08-04 12:52 nessai INFO    : it:  7000: Rolling KS test: D=0.026, p-value=0.2543
08-04 12:52 nessai INFO    : it:  7000: n eval: 26489 H: 13.91 dlogZ: 2341050.052 logZ: -2482445.298 +/- 0.118 logLmax: -141388.25
08-04 12:52 nessai INFO    : it:  8000: Rolling KS test: D=0.029, p-value=0.1825
08-04 12:52 nessai INFO    : it:  8000: n eval: 31131 H: 14.91 dlogZ: 1719981.328 logZ: -1738446.144 +/- 0.122 logLmax: -18456.82
08-04 12:52 nessai INFO    : it:  9000: Rolling KS test: D=0.022, p-value=0.3744
08-04 12:52 nessai INFO    : it:  9000: n eval: 35499 H: 15.91 dlogZ: 1145066.308 logZ: -1163532.124 +/- 0.126 logLmax: -18456.82
08-04 12:52 nessai INFO    : it: 10000: Rolling KS test: D=0.002, p-value=0.9907
08-04 12:52 nessai INFO    : it: 10000: n eval: 40112 H: 16.91 dlogZ: 758100.191 logZ: -769337.706 +/- 0.130 logLmax: -11227.52
08-04 12:52 nessai INFO    : it: 11000: Rolling KS test: D=0.034, p-value=0.09683
08-04 12:52 nessai INFO    : it: 11000: n eval: 44722 H: 17.91 dlogZ: 488457.329 logZ: -499695.844 +/- 0.134 logLmax: -11227.52
08-04 12:52 nessai INFO    : it: 12000: Rolling KS test: D=0.021, p-value=0.4082
08-04 12:52 nessai INFO    : it: 12000: n eval: 49092 H: 18.83 dlogZ: 307209.433 logZ: -318448.949 +/- 0.137 logLmax: -11227.52
08-04 12:52 nessai INFO    : it: 13000: Rolling KS test: D=0.013, p-value=0.7071
08-04 12:52 nessai INFO    : it: 13000: n eval: 54228 H: 19.91 dlogZ: 197398.187 logZ: -207226.283 +/- 0.141 logLmax: -9815.10
08-04 12:52 nessai INFO    : it: 14000: Rolling KS test: D=0.032, p-value=0.1263
08-04 12:52 nessai INFO    : it: 14000: n eval: 63377 H: 20.91 dlogZ: 126196.670 logZ: -130572.106 +/- 0.145 logLmax: -4361.44
08-04 12:52 nessai INFO    : it: 15000: Rolling KS test: D=0.041, p-value=0.03371
08-04 12:52 nessai INFO    : it: 15000: n eval: 69813 H: 21.91 dlogZ: 77818.605 logZ: -82162.815 +/- 0.148 logLmax: -1813.77
08-04 12:52 nessai INFO    : it: 16000: Rolling KS test: D=0.018, p-value=0.5169
08-04 12:52 nessai INFO    : it: 16000: n eval: 76067 H: 22.90 dlogZ: 51013.998 logZ: -52843.769 +/- 0.151 logLmax: -1813.77
08-04 12:53 nessai INFO    : it: 17000: Rolling KS test: D=0.008, p-value=0.8752
08-04 12:53 nessai INFO    : it: 17000: n eval: 85900 H: 23.50 dlogZ: 32365.106 logZ: -33779.686 +/- 0.153 logLmax: -1397.58
08-04 12:53 nessai INFO    : it: 18000: Rolling KS test: D=0.027, p-value=0.2286
08-04 12:53 nessai INFO    : it: 18000: n eval: 88306 H: 24.87 dlogZ: 21202.789 logZ: -21691.486 +/- 0.158 logLmax: -470.70
08-04 12:53 nessai INFO    : it: 19000: Rolling KS test: D=0.026, p-value=0.2543
08-04 12:53 nessai INFO    : it: 19000: n eval: 92892 H: 25.44 dlogZ: 13372.260 logZ: -13781.931 +/- 0.159 logLmax: -390.67
08-04 12:53 nessai INFO    : it: 20000: Rolling KS test: D=0.03, p-value=0.162
08-04 12:53 nessai INFO    : it: 20000: n eval: 97878 H: 26.90 dlogZ: 8444.093 logZ: -8725.763 +/- 0.164 logLmax: -261.67
08-04 12:53 nessai INFO    : it: 21000: Rolling KS test: D=0.017, p-value=0.5547
08-04 12:53 nessai INFO    : it: 21000: n eval: 108188 H: 27.27 dlogZ: 5156.992 logZ: -5256.532 +/- 0.165 logLmax: -78.54
08-04 12:53 nessai INFO    : it: 22000: Rolling KS test: D=0.007, p-value=0.9024
08-04 12:53 nessai INFO    : it: 22000: n eval: 110705 H: 27.74 dlogZ: 3122.558 logZ: -3190.227 +/- 0.167 logLmax: -45.67
08-04 12:53 nessai INFO    : it: 23000: Rolling KS test: D=0.02, p-value=0.4434
08-04 12:53 nessai INFO    : it: 23000: n eval: 118951 H: 28.49 dlogZ: 1869.057 logZ: -1937.727 +/- 0.169 logLmax: -45.67
08-04 12:53 nessai INFO    : it: 24000: Rolling KS test: D=0.038, p-value=0.05428
08-04 12:53 nessai INFO    : it: 24000: n eval: 125496 H: 29.94 dlogZ: 1161.651 logZ: -1231.321 +/- 0.173 logLmax: -45.67
08-04 12:53 nessai INFO    : it: 25000: Rolling KS test: D=0.029, p-value=0.1825
08-04 12:53 nessai INFO    : it: 25000: n eval: 136656 H: 29.18 dlogZ: 735.517 logZ: -779.402 +/- 0.171 logLmax: -18.89
08-04 12:53 nessai INFO    : it: 26000: Rolling KS test: D=0.003, p-value=0.9802
08-04 12:53 nessai INFO    : it: 26000: n eval: 144284 H: 30.63 dlogZ: 467.893 logZ: -512.778 +/- 0.175 logLmax: -18.89
08-04 12:53 nessai INFO    : it: 27000: Rolling KS test: D=0.023, p-value=0.3419
08-04 12:53 nessai INFO    : it: 27000: n eval: 156483 H: 30.79 dlogZ: 302.557 logZ: -345.142 +/- 0.175 logLmax: -15.59
08-04 12:54 nessai INFO    : it: 28000: Rolling KS test: D=0.027, p-value=0.2286
08-04 12:54 nessai INFO    : it: 28000: n eval: 169791 H: 31.36 dlogZ: 191.984 logZ: -235.568 +/- 0.177 logLmax: -15.59
08-04 12:54 nessai INFO    : it: 29000: Rolling KS test: D=0.015, p-value=0.6313
08-04 12:54 nessai INFO    : it: 29000: n eval: 184657 H: 32.11 dlogZ: 127.448 logZ: -166.326 +/- 0.179 logLmax: -9.88
08-04 12:54 nessai INFO    : it: 30000: Rolling KS test: D=0.039, p-value=0.0465
08-04 12:54 nessai INFO    : it: 30000: n eval: 200028 H: 32.49 dlogZ: 81.971 logZ: -121.848 +/- 0.180 logLmax: -9.88
08-04 12:54 nessai INFO    : it: 31000: Rolling KS test: D=0.025, p-value=0.2818
08-04 12:54 nessai INFO    : it: 31000: n eval: 219374 H: 33.09 dlogZ: 55.414 logZ: -93.866 +/- 0.182 logLmax: -7.45
08-04 12:54 nessai INFO    : it: 32000: Rolling KS test: D=0.015, p-value=0.6313
08-04 12:54 nessai INFO    : it: 32000: n eval: 246540 H: 33.58 dlogZ: 37.146 logZ: -75.752 +/- 0.183 logLmax: -6.61
08-04 12:54 nessai INFO    : it: 33000: Rolling KS test: D=0.024, p-value=0.311
08-04 12:54 nessai INFO    : it: 33000: n eval: 266993 H: 34.15 dlogZ: 24.876 logZ: -64.481 +/- 0.185 logLmax: -6.61
08-04 12:54 nessai INFO    : it: 34000: Rolling KS test: D=0.018, p-value=0.5169
08-04 12:54 nessai INFO    : it: 34000: n eval: 289219 H: 34.73 dlogZ: 19.649 logZ: -57.048 +/- 0.186 logLmax: -3.40
08-04 12:54 nessai INFO    : it: 35000: Rolling KS test: D=0.021, p-value=0.4082
08-04 12:54 nessai INFO    : it: 35000: n eval: 325491 H: 35.26 dlogZ: 14.616 logZ: -52.139 +/- 0.188 logLmax: -2.52
08-04 12:54 nessai INFO    : it: 36000: Rolling KS test: D=0.041, p-value=0.03371
08-04 12:54 nessai INFO    : it: 36000: n eval: 364541 H: 35.80 dlogZ: 10.258 logZ: -48.780 +/- 0.189 logLmax: -2.52
08-04 12:54 nessai INFO    : it: 37000: Rolling KS test: D=0.02, p-value=0.4434
08-04 12:54 nessai INFO    : it: 37000: n eval: 401205 H: 36.26 dlogZ: 7.564 logZ: -46.674 +/- 0.190 logLmax: -2.11
08-04 12:54 nessai INFO    : it: 38000: Rolling KS test: D=0.026, p-value=0.2543
08-04 12:54 nessai INFO    : it: 38000: n eval: 428041 H: 36.75 dlogZ: 5.549 logZ: -45.225 +/- 0.192 logLmax: -1.68
08-04 12:55 nessai INFO    : it: 39000: Rolling KS test: D=0.015, p-value=0.6313
08-04 12:55 nessai INFO    : it: 39000: n eval: 466712 H: 37.17 dlogZ: 3.636 logZ: -44.289 +/- 0.193 logLmax: -1.68
08-04 12:55 nessai INFO    : it: 40000: Rolling KS test: D=0.029, p-value=0.1825
08-04 12:55 nessai INFO    : it: 40000: n eval: 502916 H: 37.52 dlogZ: 2.446 logZ: -43.707 +/- 0.194 logLmax: -1.35
08-04 12:55 nessai INFO    : it: 41000: Rolling KS test: D=0.016, p-value=0.593
08-04 12:55 nessai INFO    : it: 41000: n eval: 527929 H: 37.83 dlogZ: 1.296 logZ: -43.328 +/- 0.195 logLmax: -1.35
08-04 12:55 nessai INFO    : it: 42000: Rolling KS test: D=0.039, p-value=0.0465
08-04 12:55 nessai INFO    : it: 42000: n eval: 550756 H: 38.06 dlogZ: 0.608 logZ: -43.108 +/- 0.195 logLmax: -1.29
08-04 12:55 nessai INFO    : it: 43000: Rolling KS test: D=0.045, p-value=0.01689
08-04 12:55 nessai INFO    : it: 43000: n eval: 579092 H: 38.20 dlogZ: 0.276 logZ: -42.990 +/- 0.195 logLmax: -1.14
08-04 12:55 nessai INFO    : it: 44000: Rolling KS test: D=0.059, p-value=0.0009071
08-04 12:55 nessai INFO    : it: 44000: n eval: 604738 H: 38.28 dlogZ: 0.105 logZ: -42.930 +/- 0.196 logLmax: -1.14
08-04 12:55 nessai INFO    : Stopping with difference_log_evidence=0.100
08-04 12:55 nessai INFO    : Finalising
08-04 12:55 nessai INFO    : Final ln-evidence: -42.878 +/- 0.196
08-04 12:55 nessai INFO    : Information: 38.37
08-04 12:55 nessai INFO    : Final KS test: D=0.008356, p-value=0.002119
08-04 12:55 nessai WARNING : Final p-value for the insertion indices is less than 0.05, this could be an indication of problems during sampling. Consider checking the diagnostic plots.
08-04 12:55 nessai INFO    : Checkpointing nested sampling
08-04 12:55 nessai INFO    : Total sampling time: 0:04:01.671842
08-04 12:55 nessai INFO    : Total training time: 0:01:15.451132
08-04 12:55 nessai INFO    : Total population time: 0:01:00.990865
08-04 12:55 nessai INFO    : Total likelihood evaluations: 604738
08-04 12:55 nessai INFO    : Time spent evaluating likelihood: 0:00:21.868041
08-04 12:55 nessai INFO    : Total sampling time: 0:04:01.671842
08-04 12:55 nessai INFO    : Total likelihood evaluations: 604738
08-04 12:55 nessai INFO    : Starting post processing
08-04 12:55 nessai INFO    : Computing posterior samples
08-04 12:55 nessai INFO    : Effective sample size: 6799.0
08-04 12:55 nessai INFO    : Producing posterior samples using rejection sampling
08-04 12:55 nessai INFO    : Expect 4813.105846499387 samples from rejection sampling
08-04 12:55 nessai INFO    : Returned 4810 posterior samples
08-04 12:55 nessai INFO    : Starting to close worker pool.
08-04 12:55 nessai INFO    : Finished closing worker pool.
