/data/wiay/postgrads/shashwat/qunat_com_future/lib/python3.11/site-packages/nessai/utils/logging.py:133: FutureWarning: setup_logger is deprecated, use configure_logger instead
  warnings.warn(
08-04 15:47 nessai INFO    : Running Nessai version 0.15.2
08-04 15:47 nessai INFO    : Starting multiprocessing pool with 4 processes
08-04 15:47 nessai INFO    : Initialising nested sampler
08-04 15:47 nessai WARNING : Multiprocessing pool has already been configured.
/data/wiay/postgrads/shashwat/qunat_com_future/lib/python3.11/site-packages/nessai/gw/__init__.py:12: FutureWarning: The `nessai.gw` module will be deprecated in the next release in favour of the nessai-gw package. This packages provides the same functionality as`nessai.gw` via the plugin interface.For more details, see: https://github.com/mj-will/nessai-gw
  warnings.warn(
08-04 15:47 nessai INFO    : Passing kwargs to FlowProposal: {'poolsize': 1000}
08-04 15:47 nessai INFO    : No reparameterisations provided, using default reparameterisations included in FlowProposal
08-04 15:47 nessai INFO    : Adding reparameterisations from: {}
08-04 15:47 nessai INFO    : Assuming fallback reparameterisation (ScaleAndShift) for ['kappa', 'mu_xi', 'sigma_chi', 'sigma_xi', 'rho', 'lambda_chi', 'chi0', 'xi0'] with kwargs: {'estimate_scale': True, 'estimate_shift': True, 'prior_bounds': {'kappa': array([0.1, 5. ]), 'mu_xi': array([0. , 0.1]), 'sigma_chi': array([0.05, 0.6 ]), 'sigma_xi': array([0.05, 0.4 ]), 'rho': array([-0.9,  0.9]), 'lambda_chi': array([-0.5,  0.5]), 'chi0': array([-0.5,  0.5]), 'xi0': array([2.5, 5. ])}}.
08-04 15:47 nessai INFO    : x space parameters: ['kappa', 'mu_xi', 'sigma_chi', 'sigma_xi', 'rho', 'lambda_chi', 'chi0', 'xi0']
08-04 15:47 nessai INFO    : x prime space parameters: ['kappa_prime', 'mu_xi_prime', 'sigma_chi_prime', 'sigma_xi_prime', 'rho_prime', 'lambda_chi_prime', 'chi0_prime', 'xi0_prime']
08-04 15:47 nessai INFO    : Overwriting fuzz factor with expansion fraction
08-04 15:47 nessai INFO    : New fuzz factor: 1.2228445449938519
08-04 15:47 nessai INFO    : Verifying rescaling functions
08-04 15:47 nessai INFO    : Rescaling functions are invertible
08-04 15:47 nessai INFO    : Populating initial live points
08-04 15:47 nessai INFO    : Populated 100 / 1000 live points
08-04 15:47 nessai INFO    : Populated 200 / 1000 live points
08-04 15:47 nessai INFO    : Populated 300 / 1000 live points
08-04 15:47 nessai INFO    : Populated 400 / 1000 live points
08-04 15:47 nessai INFO    : Populated 500 / 1000 live points
08-04 15:47 nessai INFO    : Populated 600 / 1000 live points
08-04 15:47 nessai INFO    : Populated 700 / 1000 live points
08-04 15:47 nessai INFO    : Populated 800 / 1000 live points
08-04 15:47 nessai INFO    : Populated 900 / 1000 live points
08-04 15:47 nessai INFO    : Populated 1000 / 1000 live points
08-04 15:47 nessai INFO    : Starting nested sampling loop
08-04 15:47 nessai INFO    : it:  1000: Rolling KS test: D=0.038, p-value=0.05428
08-04 15:47 nessai INFO    : it:  1000: n eval: 3000 H: 7.91 dlogZ: 8884708.118 logZ: -8888559.851 +/- 0.089 logLmax: -3850.73
08-04 15:47 nessai INFO    : it:  2000: Rolling KS test: D=0.033, p-value=0.1108
08-04 15:47 nessai INFO    : it:  2000: n eval: 8000 H: 8.91 dlogZ: 525827.070 logZ: -529436.000 +/- 0.094 logLmax: -3606.93
08-04 15:47 nessai INFO    : Switching to FlowProposal
08-04 15:48 nessai INFO    : it:  3000: Rolling KS test: D=0.029, p-value=0.1825
08-04 15:48 nessai INFO    : it:  3000: n eval: 11918 H: 9.91 dlogZ: 148070.010 logZ: -150787.580 +/- 0.100 logLmax: -2714.57
08-04 15:48 nessai INFO    : it:  4000: Rolling KS test: D=0.011, p-value=0.7794
08-04 15:48 nessai INFO    : it:  4000: n eval: 15652 H: 10.91 dlogZ: 64112.246 logZ: -66181.658 +/- 0.104 logLmax: -2065.41
08-04 15:48 nessai INFO    : it:  5000: Rolling KS test: D=0.024, p-value=0.311
08-04 15:48 nessai INFO    : it:  5000: n eval: 20011 H: 11.22 dlogZ: 31518.608 logZ: -31824.438 +/- 0.106 logLmax: -300.83
08-04 15:48 nessai INFO    : it:  6000: Rolling KS test: D=0.013, p-value=0.7071
08-04 15:48 nessai INFO    : it:  6000: n eval: 24420 H: 12.91 dlogZ: 15668.024 logZ: -15907.153 +/- 0.114 logLmax: -233.13
08-04 15:48 nessai INFO    : it:  7000: Rolling KS test: D=0.024, p-value=0.311
08-04 15:48 nessai INFO    : it:  7000: n eval: 26403 H: 13.91 dlogZ: 7920.184 logZ: -8143.272 +/- 0.118 logLmax: -216.09
08-04 15:48 nessai INFO    : it:  8000: Rolling KS test: D=0.027, p-value=0.2286
08-04 15:48 nessai INFO    : it:  8000: n eval: 34569 H: 14.10 dlogZ: 4236.164 logZ: -4383.742 +/- 0.119 logLmax: -139.58
08-04 15:48 nessai INFO    : it:  9000: Rolling KS test: D=0.04, p-value=0.03967
08-04 15:48 nessai INFO    : it:  9000: n eval: 36762 H: 15.87 dlogZ: 2234.945 logZ: -2322.433 +/- 0.126 logLmax: -78.49
08-04 15:48 nessai INFO    : it: 10000: Rolling KS test: D=0.018, p-value=0.5169
08-04 15:48 nessai INFO    : it: 10000: n eval: 44382 H: 15.09 dlogZ: 1271.412 logZ: -1303.500 +/- 0.123 logLmax: -22.09
08-04 15:48 nessai INFO    : it: 11000: Rolling KS test: D=0.031, p-value=0.1433
08-04 15:48 nessai INFO    : it: 11000: n eval: 47523 H: 15.66 dlogZ: 701.875 logZ: -726.746 +/- 0.125 logLmax: -13.87
08-04 15:48 nessai INFO    : it: 12000: Rolling KS test: D=0.032, p-value=0.1263
08-04 15:48 nessai INFO    : it: 12000: n eval: 52475 H: 16.78 dlogZ: 393.447 logZ: -419.318 +/- 0.130 logLmax: -13.87
08-04 15:48 nessai INFO    : it: 13000: Rolling KS test: D=0.025, p-value=0.2818
08-04 15:48 nessai INFO    : it: 13000: n eval: 59887 H: 16.74 dlogZ: 229.993 logZ: -252.312 +/- 0.129 logLmax: -9.32
08-04 15:48 nessai INFO    : it: 14000: Rolling KS test: D=0.02, p-value=0.4434
08-04 15:48 nessai INFO    : it: 14000: n eval: 65557 H: 17.11 dlogZ: 136.342 logZ: -155.681 +/- 0.131 logLmax: -5.34
08-04 15:48 nessai INFO    : it: 15000: Rolling KS test: D=0.002, p-value=0.9907
08-04 15:48 nessai INFO    : it: 15000: n eval: 71322 H: 17.61 dlogZ: 80.522 logZ: -100.860 +/- 0.133 logLmax: -5.34
08-04 15:48 nessai INFO    : it: 16000: Rolling KS test: D=0.015, p-value=0.6313
08-04 15:48 nessai INFO    : it: 16000: n eval: 76741 H: 18.21 dlogZ: 49.349 logZ: -70.687 +/- 0.135 logLmax: -5.34
08-04 15:48 nessai INFO    : it: 17000: Rolling KS test: D=0.027, p-value=0.2286
08-04 15:48 nessai INFO    : it: 17000: n eval: 87163 H: 18.59 dlogZ: 31.342 logZ: -52.684 +/- 0.136 logLmax: -4.34
08-04 15:48 nessai INFO    : it: 18000: Rolling KS test: D=0.001, p-value=0.9973
08-04 15:48 nessai INFO    : it: 18000: n eval: 93632 H: 19.03 dlogZ: 21.513 logZ: -42.230 +/- 0.138 logLmax: -2.72
08-04 15:48 nessai INFO    : it: 19000: Rolling KS test: D=0.042, p-value=0.02854
08-04 15:48 nessai INFO    : it: 19000: n eval: 105118 H: 19.61 dlogZ: 13.474 logZ: -35.191 +/- 0.140 logLmax: -2.72
08-04 15:48 nessai INFO    : it: 20000: Rolling KS test: D=0.03, p-value=0.162
08-04 15:48 nessai INFO    : it: 20000: n eval: 111953 H: 20.01 dlogZ: 8.867 logZ: -31.076 +/- 0.141 logLmax: -2.21
08-04 15:48 nessai INFO    : it: 21000: Rolling KS test: D=0.0, p-value=1.0
08-04 15:48 nessai INFO    : it: 21000: n eval: 124460 H: 20.36 dlogZ: 5.536 logZ: -28.742 +/- 0.143 logLmax: -2.21
08-04 15:48 nessai INFO    : it: 22000: Rolling KS test: D=0.003, p-value=0.9802
08-04 15:48 nessai INFO    : it: 22000: n eval: 139902 H: 20.65 dlogZ: 3.689 logZ: -27.443 +/- 0.144 logLmax: -1.78
08-04 15:48 nessai INFO    : it: 23000: Rolling KS test: D=0.023, p-value=0.3419
08-04 15:48 nessai INFO    : it: 23000: n eval: 165588 H: 20.89 dlogZ: 2.482 logZ: -26.748 +/- 0.145 logLmax: -1.35
08-04 15:49 nessai INFO    : it: 24000: Rolling KS test: D=0.022, p-value=0.3744
08-04 15:49 nessai INFO    : it: 24000: n eval: 197966 H: 21.07 dlogZ: 1.402 logZ: -26.379 +/- 0.145 logLmax: -1.26
08-04 15:49 nessai INFO    : it: 25000: Rolling KS test: D=0.025, p-value=0.2818
08-04 15:49 nessai INFO    : it: 25000: n eval: 233630 H: 21.21 dlogZ: 0.711 logZ: -26.180 +/- 0.146 logLmax: -1.15
08-04 15:49 nessai INFO    : it: 26000: Rolling KS test: D=0.034, p-value=0.09683
08-04 15:49 nessai INFO    : it: 26000: n eval: 273630 H: 21.31 dlogZ: 0.341 logZ: -26.075 +/- 0.146 logLmax: -0.98
08-04 15:49 nessai INFO    : it: 27000: Rolling KS test: D=0.031, p-value=0.1433
08-04 15:49 nessai INFO    : it: 27000: n eval: 311607 H: 21.38 dlogZ: 0.132 logZ: -26.021 +/- 0.146 logLmax: -0.98
08-04 15:49 nessai INFO    : Stopping with difference_log_evidence=0.100
08-04 15:49 nessai INFO    : Finalising
08-04 15:49 nessai INFO    : Final ln-evidence: -25.968 +/- 0.147
08-04 15:49 nessai INFO    : Information: 21.47
08-04 15:49 nessai INFO    : Final KS test: D=0.006979, p-value=0.06892
08-04 15:49 nessai INFO    : Checkpointing nested sampling
08-04 15:49 nessai INFO    : Total sampling time: 0:01:32.137050
08-04 15:49 nessai INFO    : Total training time: 0:00:32.175017
08-04 15:49 nessai INFO    : Total population time: 0:00:24.314451
08-04 15:49 nessai INFO    : Total likelihood evaluations: 330310
08-04 15:49 nessai INFO    : Time spent evaluating likelihood: 0:00:06.943822
08-04 15:49 nessai INFO    : Total sampling time: 0:01:32.137050
08-04 15:49 nessai INFO    : Total likelihood evaluations: 330310
08-04 15:49 nessai INFO    : Starting post processing
08-04 15:49 nessai INFO    : Computing posterior samples
08-04 15:49 nessai INFO    : Effective sample size: 6184.1
08-04 15:49 nessai INFO    : Producing posterior samples using rejection sampling
08-04 15:49 nessai INFO    : Expect 4204.881436469355 samples from rejection sampling
08-04 15:49 nessai INFO    : Returned 4222 posterior samples
08-04 15:49 nessai INFO    : Starting to close worker pool.
08-04 15:49 nessai INFO    : Finished closing worker pool.
