/data/wiay/postgrads/shashwat/qunat_com_future/lib/python3.11/site-packages/nessai/utils/logging.py:133: FutureWarning: setup_logger is deprecated, use configure_logger instead
  warnings.warn(
08-04 12:57 nessai INFO    : Running Nessai version 0.15.2
08-04 12:57 nessai INFO    : Starting multiprocessing pool with 4 processes
08-04 12:57 nessai INFO    : Initialising nested sampler
08-04 12:57 nessai WARNING : Multiprocessing pool has already been configured.
/data/wiay/postgrads/shashwat/qunat_com_future/lib/python3.11/site-packages/nessai/gw/__init__.py:12: FutureWarning: The `nessai.gw` module will be deprecated in the next release in favour of the nessai-gw package. This packages provides the same functionality as`nessai.gw` via the plugin interface.For more details, see: https://github.com/mj-will/nessai-gw
  warnings.warn(
08-04 12:57 nessai INFO    : Passing kwargs to FlowProposal: {'poolsize': 1000}
08-04 12:57 nessai INFO    : No reparameterisations provided, using default reparameterisations included in FlowProposal
08-04 12:57 nessai INFO    : Adding reparameterisations from: {}
08-04 12:57 nessai INFO    : Assuming fallback reparameterisation (ScaleAndShift) for ['kappa', 'mu_xi', 'sigma_chi', 'sigma_xi', 'rho', 'lambda_chi', 'chi0', 'xi0'] with kwargs: {'estimate_scale': True, 'estimate_shift': True, 'prior_bounds': {'kappa': array([0.1, 5. ]), 'mu_xi': array([0. , 0.1]), 'sigma_chi': array([0.05, 0.6 ]), 'sigma_xi': array([0.05, 0.4 ]), 'rho': array([-0.9,  0.9]), 'lambda_chi': array([-0.5,  0.5]), 'chi0': array([-0.5,  0.5]), 'xi0': array([2.5, 5. ])}}.
08-04 12:57 nessai INFO    : x space parameters: ['kappa', 'mu_xi', 'sigma_chi', 'sigma_xi', 'rho', 'lambda_chi', 'chi0', 'xi0']
08-04 12:57 nessai INFO    : x prime space parameters: ['kappa_prime', 'mu_xi_prime', 'sigma_chi_prime', 'sigma_xi_prime', 'rho_prime', 'lambda_chi_prime', 'chi0_prime', 'xi0_prime']
08-04 12:57 nessai INFO    : Overwriting fuzz factor with expansion fraction
08-04 12:57 nessai INFO    : New fuzz factor: 1.2228445449938519
08-04 12:57 nessai INFO    : Verifying rescaling functions
08-04 12:57 nessai INFO    : Rescaling functions are invertible
08-04 12:57 nessai INFO    : Populating initial live points
08-04 12:57 nessai INFO    : Populated 100 / 1000 live points
08-04 12:57 nessai INFO    : Populated 200 / 1000 live points
08-04 12:57 nessai INFO    : Populated 300 / 1000 live points
08-04 12:57 nessai INFO    : Populated 400 / 1000 live points
08-04 12:57 nessai INFO    : Populated 500 / 1000 live points
08-04 12:57 nessai INFO    : Populated 600 / 1000 live points
08-04 12:57 nessai INFO    : Populated 700 / 1000 live points
08-04 12:57 nessai INFO    : Populated 800 / 1000 live points
08-04 12:57 nessai INFO    : Populated 900 / 1000 live points
08-04 12:57 nessai INFO    : Populated 1000 / 1000 live points
08-04 12:57 nessai INFO    : Starting nested sampling loop
08-04 12:57 nessai INFO    : it:  1000: Rolling KS test: D=0.017, p-value=0.5547
08-04 12:57 nessai INFO    : it:  1000: n eval: 3000 H: 7.91 dlogZ: 13879261.075 logZ: -13881700.120 +/- 0.089 logLmax: -2438.05
08-04 12:57 nessai INFO    : it:  2000: Rolling KS test: D=0.044, p-value=0.0202
08-04 12:57 nessai INFO    : it:  2000: n eval: 8000 H: 8.91 dlogZ: 2136121.005 logZ: -2138561.050 +/- 0.094 logLmax: -2438.05
08-04 12:57 nessai INFO    : Switching to FlowProposal
08-04 12:57 nessai INFO    : it:  3000: Rolling KS test: D=0.018, p-value=0.5169
08-04 12:57 nessai INFO    : it:  3000: n eval: 10317 H: 9.91 dlogZ: 576043.275 logZ: -577708.729 +/- 0.100 logLmax: -1662.46
08-04 12:57 nessai INFO    : it:  4000: Rolling KS test: D=0.026, p-value=0.2543
08-04 12:57 nessai INFO    : it:  4000: n eval: 13236 H: 10.91 dlogZ: 178723.490 logZ: -179285.659 +/- 0.104 logLmax: -558.17
08-04 12:57 nessai INFO    : it:  5000: Rolling KS test: D=0.026, p-value=0.2543
08-04 12:57 nessai INFO    : it:  5000: n eval: 14681 H: 11.91 dlogZ: 62015.359 logZ: -62578.528 +/- 0.109 logLmax: -558.17
08-04 12:57 nessai INFO    : it:  6000: Rolling KS test: D=0.004, p-value=0.9659
08-04 12:57 nessai INFO    : it:  6000: n eval: 17936 H: 12.91 dlogZ: 25353.190 logZ: -25700.163 +/- 0.114 logLmax: -340.97
08-04 12:57 nessai INFO    : it:  7000: Rolling KS test: D=0.033, p-value=0.1108
08-04 12:57 nessai INFO    : it:  7000: n eval: 21536 H: 13.89 dlogZ: 12280.895 logZ: -12338.771 +/- 0.118 logLmax: -50.88
08-04 12:57 nessai INFO    : it:  8000: Rolling KS test: D=0.012, p-value=0.7438
08-04 12:57 nessai INFO    : it:  8000: n eval: 25478 H: 14.90 dlogZ: 6509.481 logZ: -6568.358 +/- 0.122 logLmax: -50.88
08-04 12:57 nessai INFO    : it:  9000: Rolling KS test: D=0.026, p-value=0.2543
08-04 12:57 nessai INFO    : it:  9000: n eval: 30340 H: 14.83 dlogZ: 3516.263 logZ: -3576.139 +/- 0.122 logLmax: -50.88
08-04 12:57 nessai INFO    : it: 10000: Rolling KS test: D=0.025, p-value=0.2818
08-04 12:57 nessai INFO    : it: 10000: n eval: 35098 H: 15.67 dlogZ: 1839.288 logZ: -1900.165 +/- 0.125 logLmax: -50.88
08-04 12:57 nessai INFO    : it: 11000: Rolling KS test: D=0.003, p-value=0.9802
08-04 12:57 nessai INFO    : it: 11000: n eval: 39577 H: 16.21 dlogZ: 991.040 logZ: -1052.917 +/- 0.127 logLmax: -50.88
08-04 12:57 nessai INFO    : it: 12000: Rolling KS test: D=0.019, p-value=0.4797
08-04 12:57 nessai INFO    : it: 12000: n eval: 44386 H: 17.07 dlogZ: 537.787 logZ: -578.965 +/- 0.131 logLmax: -29.18
08-04 12:57 nessai INFO    : it: 13000: Rolling KS test: D=0.031, p-value=0.1433
08-04 12:57 nessai INFO    : it: 13000: n eval: 49696 H: 16.95 dlogZ: 309.647 logZ: -344.830 +/- 0.130 logLmax: -22.18
08-04 12:57 nessai INFO    : it: 14000: Rolling KS test: D=0.012, p-value=0.7438
08-04 12:57 nessai INFO    : it: 14000: n eval: 55088 H: 17.46 dlogZ: 184.703 logZ: -215.169 +/- 0.132 logLmax: -16.47
08-04 12:58 nessai INFO    : it: 15000: Rolling KS test: D=0.026, p-value=0.2543
08-04 12:58 nessai INFO    : it: 15000: n eval: 64331 H: 17.84 dlogZ: 114.899 logZ: -140.127 +/- 0.134 logLmax: -10.23
08-04 12:58 nessai INFO    : it: 16000: Rolling KS test: D=0.025, p-value=0.2818
08-04 12:58 nessai INFO    : it: 16000: n eval: 70914 H: 18.61 dlogZ: 68.619 logZ: -93.398 +/- 0.136 logLmax: -8.78
08-04 12:58 nessai INFO    : it: 17000: Rolling KS test: D=0.016, p-value=0.593
08-04 12:58 nessai INFO    : it: 17000: n eval: 80694 H: 19.07 dlogZ: 44.397 logZ: -67.347 +/- 0.138 logLmax: -5.95
08-04 12:58 nessai INFO    : it: 18000: Rolling KS test: D=0.018, p-value=0.5169
08-04 12:58 nessai INFO    : it: 18000: n eval: 87332 H: 19.58 dlogZ: 28.092 logZ: -51.181 +/- 0.140 logLmax: -5.09
08-04 12:58 nessai INFO    : it: 19000: Rolling KS test: D=0.029, p-value=0.1825
08-04 12:58 nessai INFO    : it: 19000: n eval: 94640 H: 19.93 dlogZ: 17.388 logZ: -41.477 +/- 0.141 logLmax: -5.09
08-04 12:58 nessai INFO    : it: 20000: Rolling KS test: D=0.039, p-value=0.0465
08-04 12:58 nessai INFO    : it: 20000: n eval: 105451 H: 20.37 dlogZ: 11.568 logZ: -35.885 +/- 0.143 logLmax: -4.32
08-04 12:58 nessai INFO    : it: 21000: Rolling KS test: D=0.031, p-value=0.1433
08-04 12:58 nessai INFO    : it: 21000: n eval: 121571 H: 20.75 dlogZ: 7.254 logZ: -32.570 +/- 0.144 logLmax: -4.32
08-04 12:58 nessai INFO    : it: 22000: Rolling KS test: D=0.023, p-value=0.3419
08-04 12:58 nessai INFO    : it: 22000: n eval: 139015 H: 21.09 dlogZ: 5.231 logZ: -30.698 +/- 0.145 logLmax: -3.47
08-04 12:58 nessai INFO    : it: 23000: Rolling KS test: D=0.033, p-value=0.1108
08-04 12:58 nessai INFO    : it: 23000: n eval: 166817 H: 21.36 dlogZ: 3.256 logZ: -29.689 +/- 0.146 logLmax: -3.47
08-04 12:58 nessai INFO    : it: 24000: Rolling KS test: D=0.022, p-value=0.3744
08-04 12:58 nessai INFO    : it: 24000: n eval: 190745 H: 21.60 dlogZ: 1.863 logZ: -29.120 +/- 0.147 logLmax: -3.43
08-04 12:58 nessai INFO    : it: 25000: Rolling KS test: D=0.034, p-value=0.09683
08-04 12:58 nessai INFO    : it: 25000: n eval: 238556 H: 21.79 dlogZ: 0.923 logZ: -28.809 +/- 0.148 logLmax: -3.39
08-04 12:59 nessai INFO    : it: 26000: Rolling KS test: D=0.016, p-value=0.593
08-04 12:59 nessai INFO    : it: 26000: n eval: 287578 H: 21.93 dlogZ: 0.587 logZ: -28.642 +/- 0.148 logLmax: -2.87
08-04 12:59 nessai INFO    : it: 27000: Rolling KS test: D=0.026, p-value=0.2543
08-04 12:59 nessai INFO    : it: 27000: n eval: 327578 H: 22.02 dlogZ: 0.250 logZ: -28.553 +/- 0.148 logLmax: -2.81
08-04 12:59 nessai INFO    : Stopping with difference_log_evidence=0.100
08-04 12:59 nessai INFO    : Finalising
08-04 12:59 nessai INFO    : Final ln-evidence: -28.467 +/- 0.149
08-04 12:59 nessai INFO    : Information: 22.15
08-04 12:59 nessai INFO    : Final KS test: D=0.007886, p-value=0.03077
08-04 12:59 nessai WARNING : Final p-value for the insertion indices is less than 0.05, this could be an indication of problems during sampling. Consider checking the diagnostic plots.
08-04 12:59 nessai INFO    : Checkpointing nested sampling
08-04 12:59 nessai INFO    : Total sampling time: 0:02:02.470831
08-04 12:59 nessai INFO    : Total training time: 0:00:37.422695
08-04 12:59 nessai INFO    : Total population time: 0:00:39.830905
08-04 12:59 nessai INFO    : Total likelihood evaluations: 365703
08-04 12:59 nessai INFO    : Time spent evaluating likelihood: 0:00:11.752381
08-04 12:59 nessai INFO    : Total sampling time: 0:02:02.470831
08-04 12:59 nessai INFO    : Total likelihood evaluations: 365703
08-04 12:59 nessai INFO    : Starting post processing
08-04 12:59 nessai INFO    : Computing posterior samples
08-04 12:59 nessai INFO    : Effective sample size: 6277.9
08-04 12:59 nessai INFO    : Producing posterior samples using rejection sampling
08-04 12:59 nessai INFO    : Expect 4246.880934202694 samples from rejection sampling
08-04 12:59 nessai INFO    : Returned 4162 posterior samples
08-04 12:59 nessai INFO    : Starting to close worker pool.
08-04 12:59 nessai INFO    : Finished closing worker pool.
