/data/wiay/postgrads/shashwat/qunat_com_future/lib/python3.11/site-packages/nessai/utils/logging.py:133: FutureWarning: setup_logger is deprecated, use configure_logger instead
  warnings.warn(
08-04 13:05 nessai INFO    : Running Nessai version 0.15.2
08-04 13:05 nessai INFO    : Starting multiprocessing pool with 4 processes
08-04 13:05 nessai INFO    : Initialising nested sampler
08-04 13:05 nessai WARNING : Multiprocessing pool has already been configured.
/data/wiay/postgrads/shashwat/qunat_com_future/lib/python3.11/site-packages/nessai/gw/__init__.py:12: FutureWarning: The `nessai.gw` module will be deprecated in the next release in favour of the nessai-gw package. This packages provides the same functionality as`nessai.gw` via the plugin interface.For more details, see: https://github.com/mj-will/nessai-gw
  warnings.warn(
08-04 13:05 nessai INFO    : Passing kwargs to FlowProposal: {'poolsize': 1000}
08-04 13:05 nessai INFO    : No reparameterisations provided, using default reparameterisations included in FlowProposal
08-04 13:05 nessai INFO    : Adding reparameterisations from: {}
08-04 13:05 nessai INFO    : Assuming fallback reparameterisation (ScaleAndShift) for ['kappa', 'mu_xi', 'sigma_chi', 'sigma_xi', 'rho', 'lambda_chi', 'chi0', 'xi0'] with kwargs: {'estimate_scale': True, 'estimate_shift': True, 'prior_bounds': {'kappa': array([0.1, 5. ]), 'mu_xi': array([0. , 0.1]), 'sigma_chi': array([0.05, 0.6 ]), 'sigma_xi': array([0.05, 0.4 ]), 'rho': array([-0.9,  0.9]), 'lambda_chi': array([-0.5,  0.5]), 'chi0': array([-0.5,  0.5]), 'xi0': array([2.5, 5. ])}}.
08-04 13:05 nessai INFO    : x space parameters: ['kappa', 'mu_xi', 'sigma_chi', 'sigma_xi', 'rho', 'lambda_chi', 'chi0', 'xi0']
08-04 13:05 nessai INFO    : x prime space parameters: ['kappa_prime', 'mu_xi_prime', 'sigma_chi_prime', 'sigma_xi_prime', 'rho_prime', 'lambda_chi_prime', 'chi0_prime', 'xi0_prime']
08-04 13:05 nessai INFO    : Overwriting fuzz factor with expansion fraction
08-04 13:05 nessai INFO    : New fuzz factor: 1.2228445449938519
08-04 13:05 nessai INFO    : Verifying rescaling functions
08-04 13:05 nessai INFO    : Rescaling functions are invertible
08-04 13:05 nessai INFO    : Populating initial live points
08-04 13:05 nessai INFO    : Populated 100 / 1000 live points
08-04 13:05 nessai INFO    : Populated 200 / 1000 live points
08-04 13:05 nessai INFO    : Populated 300 / 1000 live points
08-04 13:05 nessai INFO    : Populated 400 / 1000 live points
08-04 13:05 nessai INFO    : Populated 500 / 1000 live points
08-04 13:05 nessai INFO    : Populated 600 / 1000 live points
08-04 13:05 nessai INFO    : Populated 700 / 1000 live points
08-04 13:05 nessai INFO    : Populated 800 / 1000 live points
08-04 13:05 nessai INFO    : Populated 900 / 1000 live points
08-04 13:05 nessai INFO    : Populated 1000 / 1000 live points
08-04 13:05 nessai INFO    : Starting nested sampling loop
08-04 13:05 nessai INFO    : it:  1000: Rolling KS test: D=0.028, p-value=0.2046
08-04 13:05 nessai INFO    : it:  1000: n eval: 3000 H: 7.91 dlogZ: 35238990.705 logZ: -35320388.043 +/- 0.089 logLmax: -81396.34
08-04 13:05 nessai INFO    : it:  2000: Rolling KS test: D=0.024, p-value=0.311
08-04 13:05 nessai INFO    : it:  2000: n eval: 8000 H: 8.91 dlogZ: 11824469.763 logZ: -11828304.250 +/- 0.094 logLmax: -3832.49
08-04 13:05 nessai INFO    : Switching to FlowProposal
08-04 13:05 nessai INFO    : it:  3000: Rolling KS test: D=0.024, p-value=0.311
08-04 13:05 nessai INFO    : it:  3000: n eval: 12134 H: 9.91 dlogZ: 4734813.077 logZ: -4738648.563 +/- 0.100 logLmax: -3832.49
08-04 13:05 nessai INFO    : it:  4000: Rolling KS test: D=0.019, p-value=0.4797
08-04 13:05 nessai INFO    : it:  4000: n eval: 15742 H: 10.91 dlogZ: 1967551.163 logZ: -1971387.650 +/- 0.104 logLmax: -3832.49
08-04 13:05 nessai INFO    : it:  5000: Rolling KS test: D=0.016, p-value=0.593
08-04 13:05 nessai INFO    : it:  5000: n eval: 17445 H: 11.91 dlogZ: 830285.771 logZ: -834123.258 +/- 0.109 logLmax: -3832.49
08-04 13:05 nessai INFO    : it:  6000: Rolling KS test: D=0.03, p-value=0.162
08-04 13:05 nessai INFO    : it:  6000: n eval: 21305 H: 12.91 dlogZ: 368171.305 logZ: -369957.870 +/- 0.114 logLmax: -1780.57
08-04 13:05 nessai INFO    : it:  7000: Rolling KS test: D=0.027, p-value=0.2286
08-04 13:05 nessai INFO    : it:  7000: n eval: 25340 H: 13.91 dlogZ: 174250.540 logZ: -176038.105 +/- 0.118 logLmax: -1780.57
08-04 13:05 nessai INFO    : it:  8000: Rolling KS test: D=0.027, p-value=0.2286
08-04 13:05 nessai INFO    : it:  8000: n eval: 29851 H: 14.90 dlogZ: 82923.217 logZ: -83659.730 +/- 0.122 logLmax: -728.51
08-04 13:05 nessai INFO    : it:  9000: Rolling KS test: D=0.011, p-value=0.7794
08-04 13:05 nessai INFO    : it:  9000: n eval: 34445 H: 15.91 dlogZ: 41663.985 logZ: -42401.498 +/- 0.126 logLmax: -728.51
08-04 13:05 nessai INFO    : it: 10000: Rolling KS test: D=0.032, p-value=0.1263
08-04 13:05 nessai INFO    : it: 10000: n eval: 39416 H: 16.91 dlogZ: 22246.940 logZ: -22603.102 +/- 0.130 logLmax: -346.16
08-04 13:05 nessai INFO    : it: 11000: Rolling KS test: D=0.019, p-value=0.4797
08-04 13:05 nessai INFO    : it: 11000: n eval: 44313 H: 17.77 dlogZ: 11367.448 logZ: -11474.157 +/- 0.133 logLmax: -95.71
08-04 13:05 nessai INFO    : it: 12000: Rolling KS test: D=0.028, p-value=0.2046
08-04 13:05 nessai INFO    : it: 12000: n eval: 50157 H: 18.76 dlogZ: 5778.506 logZ: -5872.221 +/- 0.137 logLmax: -81.72
08-04 13:05 nessai INFO    : it: 13000: Rolling KS test: D=0.021, p-value=0.4082
08-04 13:05 nessai INFO    : it: 13000: n eval: 60122 H: 18.44 dlogZ: 2889.870 logZ: -2956.670 +/- 0.136 logLmax: -53.80
08-04 13:05 nessai INFO    : it: 14000: Rolling KS test: D=0.021, p-value=0.4082
08-04 13:05 nessai INFO    : it: 14000: n eval: 71095 H: 19.88 dlogZ: 1469.192 logZ: -1520.929 +/- 0.141 logLmax: -37.74
08-04 13:05 nessai INFO    : it: 15000: Rolling KS test: D=0.03, p-value=0.162
08-04 13:05 nessai INFO    : it: 15000: n eval: 77394 H: 20.58 dlogZ: 756.944 logZ: -784.588 +/- 0.143 logLmax: -12.65
08-04 13:05 nessai INFO    : it: 16000: Rolling KS test: D=0.025, p-value=0.2818
08-04 13:05 nessai INFO    : it: 16000: n eval: 89319 H: 20.20 dlogZ: 370.869 logZ: -395.608 +/- 0.142 logLmax: -8.74
08-04 13:05 nessai INFO    : it: 17000: Rolling KS test: D=0.032, p-value=0.1263
08-04 13:05 nessai INFO    : it: 17000: n eval: 98190 H: 20.76 dlogZ: 197.161 logZ: -222.901 +/- 0.144 logLmax: -8.74
08-04 13:05 nessai INFO    : it: 18000: Rolling KS test: D=0.039, p-value=0.0465
08-04 13:05 nessai INFO    : it: 18000: n eval: 110486 H: 21.17 dlogZ: 106.200 logZ: -132.940 +/- 0.145 logLmax: -8.74
08-04 13:05 nessai INFO    : it: 19000: Rolling KS test: D=0.033, p-value=0.1108
08-04 13:06 nessai INFO    : it: 19000: n eval: 126877 H: 21.62 dlogZ: 59.561 logZ: -86.388 +/- 0.147 logLmax: -7.83
08-04 13:06 nessai INFO    : it: 20000: Rolling KS test: D=0.017, p-value=0.5547
08-04 13:06 nessai INFO    : it: 20000: n eval: 144656 H: 21.82 dlogZ: 36.730 logZ: -63.674 +/- 0.148 logLmax: -6.95
08-04 13:06 nessai INFO    : it: 21000: Rolling KS test: D=0.021, p-value=0.4082
08-04 13:06 nessai INFO    : it: 21000: n eval: 177400 H: 22.24 dlogZ: 24.530 logZ: -51.151 +/- 0.149 logLmax: -5.62
08-04 13:06 nessai INFO    : it: 22000: Rolling KS test: D=0.023, p-value=0.3419
08-04 13:06 nessai INFO    : it: 22000: n eval: 200947 H: 22.67 dlogZ: 17.440 logZ: -43.663 +/- 0.151 logLmax: -4.22
08-04 13:06 nessai INFO    : it: 23000: Rolling KS test: D=0.008, p-value=0.8752
08-04 13:06 nessai INFO    : it: 23000: n eval: 260308 H: 23.04 dlogZ: 12.149 logZ: -39.373 +/- 0.152 logLmax: -4.22
08-04 13:06 nessai INFO    : it: 24000: Rolling KS test: D=0.02, p-value=0.4434
08-04 13:06 nessai INFO    : it: 24000: n eval: 330308 H: 23.50 dlogZ: 8.515 logZ: -36.738 +/- 0.153 logLmax: -4.22
08-04 13:06 nessai INFO    : it: 25000: Rolling KS test: D=0.027, p-value=0.2286
08-04 13:07 nessai INFO    : it: 25000: n eval: 410308 H: 23.96 dlogZ: 6.764 logZ: -35.077 +/- 0.155 logLmax: -3.32
08-04 13:07 nessai INFO    : it: 26000: Rolling KS test: D=0.029, p-value=0.1825
08-04 13:07 nessai INFO    : it: 26000: n eval: 510308 H: 24.42 dlogZ: 5.724 logZ: -33.948 +/- 0.156 logLmax: -2.23
08-04 13:07 nessai INFO    : it: 27000: Rolling KS test: D=0.023, p-value=0.3419
08-04 13:07 nessai INFO    : it: 27000: n eval: 650308 H: 24.82 dlogZ: 4.011 logZ: -33.220 +/- 0.158 logLmax: -2.23
08-04 13:08 nessai INFO    : it: 28000: Rolling KS test: D=0.017, p-value=0.5547
08-04 13:08 nessai INFO    : it: 28000: n eval: 820308 H: 25.18 dlogZ: 2.588 logZ: -32.737 +/- 0.159 logLmax: -2.23
08-04 13:08 nessai INFO    : it: 29000: Rolling KS test: D=0.049, p-value=0.007937
08-04 13:08 nessai INFO    : it: 29000: n eval: 960308 H: 25.47 dlogZ: 1.467 logZ: -32.432 +/- 0.160 logLmax: -2.23
08-04 13:09 nessai INFO    : it: 30000: Rolling KS test: D=0.021, p-value=0.4082
08-04 13:09 nessai INFO    : it: 30000: n eval: 1150308 H: 25.71 dlogZ: 0.721 logZ: -32.242 +/- 0.160 logLmax: -2.19
08-04 13:10 nessai INFO    : it: 31000: Rolling KS test: D=0.017, p-value=0.5547
08-04 13:10 nessai INFO    : it: 31000: n eval: 1290308 H: 25.88 dlogZ: 0.447 logZ: -32.129 +/- 0.161 logLmax: -1.70
08-04 13:11 nessai INFO    : it: 32000: Rolling KS test: D=0.022, p-value=0.3744
08-04 13:11 nessai INFO    : it: 32000: n eval: 1410308 H: 25.99 dlogZ: 0.194 logZ: -32.066 +/- 0.161 logLmax: -1.61
08-04 13:11 nessai INFO    : Stopping with difference_log_evidence=0.100
08-04 13:11 nessai INFO    : Finalising
08-04 13:11 nessai INFO    : Final ln-evidence: -32.002 +/- 0.162
08-04 13:11 nessai INFO    : Information: 26.13
08-04 13:11 nessai INFO    : Final KS test: D=0.01046, p-value=0.0007771
08-04 13:11 nessai WARNING : Final p-value for the insertion indices is less than 0.05, this could be an indication of problems during sampling. Consider checking the diagnostic plots.
08-04 13:11 nessai INFO    : Checkpointing nested sampling
08-04 13:11 nessai INFO    : Total sampling time: 0:06:35.468297
08-04 13:11 nessai INFO    : Total training time: 0:01:31.159135
08-04 13:11 nessai INFO    : Total population time: 0:03:30.466870
08-04 13:11 nessai INFO    : Total likelihood evaluations: 1500308
08-04 13:11 nessai INFO    : Time spent evaluating likelihood: 0:00:49.050122
08-04 13:11 nessai INFO    : Total sampling time: 0:06:35.468297
08-04 13:11 nessai INFO    : Total likelihood evaluations: 1500308
08-04 13:11 nessai INFO    : Starting post processing
08-04 13:11 nessai INFO    : Computing posterior samples
08-04 13:11 nessai INFO    : Effective sample size: 7607.5
08-04 13:11 nessai INFO    : Producing posterior samples using rejection sampling
08-04 13:11 nessai INFO    : Expect 5343.7607404619075 samples from rejection sampling
08-04 13:11 nessai INFO    : Returned 5213 posterior samples
08-04 13:11 nessai INFO    : Starting to close worker pool.
08-04 13:11 nessai INFO    : Finished closing worker pool.
