/data/wiay/postgrads/shashwat/qunat_com_future/lib/python3.11/site-packages/nessai/utils/logging.py:133: FutureWarning: setup_logger is deprecated, use configure_logger instead
  warnings.warn(
08-04 13:29 nessai INFO    : Running Nessai version 0.15.2
08-04 13:29 nessai INFO    : Starting multiprocessing pool with 4 processes
08-04 13:29 nessai INFO    : Initialising nested sampler
08-04 13:29 nessai WARNING : Multiprocessing pool has already been configured.
/data/wiay/postgrads/shashwat/qunat_com_future/lib/python3.11/site-packages/nessai/gw/__init__.py:12: FutureWarning: The `nessai.gw` module will be deprecated in the next release in favour of the nessai-gw package. This packages provides the same functionality as`nessai.gw` via the plugin interface.For more details, see: https://github.com/mj-will/nessai-gw
  warnings.warn(
08-04 13:29 nessai INFO    : Passing kwargs to FlowProposal: {'poolsize': 1000}
08-04 13:29 nessai INFO    : No reparameterisations provided, using default reparameterisations included in FlowProposal
08-04 13:29 nessai INFO    : Adding reparameterisations from: {}
08-04 13:29 nessai INFO    : Assuming fallback reparameterisation (ScaleAndShift) for ['kappa', 'mu_xi', 'sigma_chi', 'sigma_xi', 'rho', 'lambda_chi', 'chi0', 'xi0'] with kwargs: {'estimate_scale': True, 'estimate_shift': True, 'prior_bounds': {'kappa': array([0.1, 5. ]), 'mu_xi': array([0. , 0.1]), 'sigma_chi': array([0.05, 0.6 ]), 'sigma_xi': array([0.05, 0.4 ]), 'rho': array([-0.9,  0.9]), 'lambda_chi': array([-0.5,  0.5]), 'chi0': array([-0.5,  0.5]), 'xi0': array([2.5, 5. ])}}.
08-04 13:29 nessai INFO    : x space parameters: ['kappa', 'mu_xi', 'sigma_chi', 'sigma_xi', 'rho', 'lambda_chi', 'chi0', 'xi0']
08-04 13:29 nessai INFO    : x prime space parameters: ['kappa_prime', 'mu_xi_prime', 'sigma_chi_prime', 'sigma_xi_prime', 'rho_prime', 'lambda_chi_prime', 'chi0_prime', 'xi0_prime']
08-04 13:29 nessai INFO    : Overwriting fuzz factor with expansion fraction
08-04 13:29 nessai INFO    : New fuzz factor: 1.2228445449938519
08-04 13:29 nessai INFO    : Verifying rescaling functions
08-04 13:29 nessai INFO    : Rescaling functions are invertible
08-04 13:29 nessai INFO    : Populating initial live points
08-04 13:29 nessai INFO    : Populated 100 / 1000 live points
08-04 13:29 nessai INFO    : Populated 200 / 1000 live points
08-04 13:29 nessai INFO    : Populated 300 / 1000 live points
08-04 13:29 nessai INFO    : Populated 400 / 1000 live points
08-04 13:29 nessai INFO    : Populated 500 / 1000 live points
08-04 13:29 nessai INFO    : Populated 600 / 1000 live points
08-04 13:29 nessai INFO    : Populated 700 / 1000 live points
08-04 13:29 nessai INFO    : Populated 800 / 1000 live points
08-04 13:29 nessai INFO    : Populated 900 / 1000 live points
08-04 13:29 nessai INFO    : Populated 1000 / 1000 live points
08-04 13:29 nessai INFO    : Starting nested sampling loop
08-04 13:29 nessai INFO    : it:  1000: Rolling KS test: D=0.013, p-value=0.7071
08-04 13:29 nessai INFO    : it:  1000: n eval: 3000 H: 7.91 dlogZ: 30936886.326 logZ: -30972626.584 +/- 0.089 logLmax: -35739.26
08-04 13:29 nessai INFO    : it:  2000: Rolling KS test: D=0.047, p-value=0.01167
08-04 13:29 nessai INFO    : it:  2000: n eval: 8000 H: 8.91 dlogZ: 8189943.922 logZ: -8225685.181 +/- 0.094 logLmax: -35739.26
08-04 13:29 nessai INFO    : Switching to FlowProposal
08-04 13:29 nessai INFO    : it:  3000: Rolling KS test: D=0.025, p-value=0.2818
08-04 13:29 nessai INFO    : it:  3000: n eval: 12207 H: 9.91 dlogZ: 2743803.085 logZ: -2765054.425 +/- 0.100 logLmax: -21248.34
08-04 13:29 nessai INFO    : it:  4000: Rolling KS test: D=0.005, p-value=0.9481
08-04 13:29 nessai INFO    : it:  4000: n eval: 16447 H: 10.91 dlogZ: 1159902.762 logZ: -1167940.345 +/- 0.104 logLmax: -8033.58
08-04 13:29 nessai INFO    : it:  5000: Rolling KS test: D=0.034, p-value=0.09683
08-04 13:29 nessai INFO    : it:  5000: n eval: 20577 H: 11.91 dlogZ: 528653.807 logZ: -536692.389 +/- 0.109 logLmax: -8033.58
08-04 13:29 nessai INFO    : it:  6000: Rolling KS test: D=0.022, p-value=0.3744
08-04 13:29 nessai INFO    : it:  6000: n eval: 25885 H: 12.91 dlogZ: 258160.631 logZ: -262526.879 +/- 0.114 logLmax: -4360.25
08-04 13:30 nessai INFO    : it:  7000: Rolling KS test: D=0.017, p-value=0.5547
08-04 13:30 nessai INFO    : it:  7000: n eval: 30315 H: 13.91 dlogZ: 122235.518 logZ: -124563.800 +/- 0.118 logLmax: -2321.28
08-04 13:30 nessai INFO    : it:  8000: Rolling KS test: D=0.018, p-value=0.5169
08-04 13:30 nessai INFO    : it:  8000: n eval: 39241 H: 14.91 dlogZ: 60739.990 logZ: -62124.432 +/- 0.122 logLmax: -1376.44
08-04 13:30 nessai INFO    : it:  9000: Rolling KS test: D=0.009, p-value=0.8454
08-04 13:30 nessai INFO    : it:  9000: n eval: 41822 H: 15.91 dlogZ: 32809.429 logZ: -33454.058 +/- 0.126 logLmax: -635.63
08-04 13:30 nessai INFO    : it: 10000: Rolling KS test: D=0.041, p-value=0.03371
08-04 13:30 nessai INFO    : it: 10000: n eval: 47696 H: 16.91 dlogZ: 16713.933 logZ: -16947.130 +/- 0.130 logLmax: -223.20
08-04 13:30 nessai INFO    : it: 11000: Rolling KS test: D=0.023, p-value=0.3419
08-04 13:30 nessai INFO    : it: 11000: n eval: 55654 H: 17.22 dlogZ: 8693.354 logZ: -8927.552 +/- 0.131 logLmax: -223.20
08-04 13:30 nessai INFO    : it: 12000: Rolling KS test: D=0.032, p-value=0.1263
08-04 13:30 nessai INFO    : it: 12000: n eval: 60807 H: 18.82 dlogZ: 4690.370 logZ: -4833.466 +/- 0.137 logLmax: -131.10
08-04 13:30 nessai INFO    : it: 13000: Rolling KS test: D=0.031, p-value=0.1433
08-04 13:30 nessai INFO    : it: 13000: n eval: 67927 H: 19.21 dlogZ: 2621.667 logZ: -2675.685 +/- 0.139 logLmax: -41.02
08-04 13:30 nessai INFO    : it: 14000: Rolling KS test: D=0.03, p-value=0.162
08-04 13:30 nessai INFO    : it: 14000: n eval: 73254 H: 19.31 dlogZ: 1441.102 logZ: -1496.119 +/- 0.139 logLmax: -41.02
08-04 13:30 nessai INFO    : it: 15000: Rolling KS test: D=0.018, p-value=0.5169
08-04 13:30 nessai INFO    : it: 15000: n eval: 83270 H: 20.07 dlogZ: 856.818 logZ: -893.347 +/- 0.142 logLmax: -21.53
08-04 13:30 nessai INFO    : it: 16000: Rolling KS test: D=0.053, p-value=0.003498
08-04 13:30 nessai INFO    : it: 16000: n eval: 90119 H: 20.45 dlogZ: 513.026 logZ: -550.554 +/- 0.143 logLmax: -21.53
08-04 13:30 nessai INFO    : it: 17000: Rolling KS test: D=0.019, p-value=0.4797
08-04 13:30 nessai INFO    : it: 17000: n eval: 101731 H: 21.09 dlogZ: 315.162 logZ: -340.894 +/- 0.145 logLmax: -8.73
08-04 13:30 nessai INFO    : it: 18000: Rolling KS test: D=0.033, p-value=0.1108
08-04 13:30 nessai INFO    : it: 18000: n eval: 115246 H: 21.31 dlogZ: 192.711 logZ: -219.443 +/- 0.146 logLmax: -8.73
08-04 13:30 nessai INFO    : it: 19000: Rolling KS test: D=0.025, p-value=0.2818
08-04 13:30 nessai INFO    : it: 19000: n eval: 130906 H: 22.06 dlogZ: 117.335 logZ: -145.067 +/- 0.149 logLmax: -8.73
08-04 13:30 nessai INFO    : it: 20000: Rolling KS test: D=0.048, p-value=0.009645
08-04 13:30 nessai INFO    : it: 20000: n eval: 148142 H: 22.62 dlogZ: 72.794 logZ: -98.949 +/- 0.150 logLmax: -6.16
08-04 13:30 nessai INFO    : it: 21000: Rolling KS test: D=0.043, p-value=0.02406
08-04 13:30 nessai INFO    : it: 21000: n eval: 175267 H: 22.98 dlogZ: 44.745 logZ: -70.803 +/- 0.152 logLmax: -5.06
08-04 13:31 nessai INFO    : it: 22000: Rolling KS test: D=0.031, p-value=0.1433
08-04 13:31 nessai INFO    : it: 22000: n eval: 199182 H: 23.53 dlogZ: 27.888 logZ: -54.946 +/- 0.153 logLmax: -5.06
08-04 13:31 nessai INFO    : it: 23000: Rolling KS test: D=0.02, p-value=0.4434
08-04 13:31 nessai INFO    : it: 23000: n eval: 238110 H: 23.88 dlogZ: 18.197 logZ: -44.883 +/- 0.155 logLmax: -3.69
08-04 13:31 nessai INFO    : it: 24000: Rolling KS test: D=0.034, p-value=0.09683
08-04 13:31 nessai INFO    : it: 24000: n eval: 298110 H: 24.35 dlogZ: 12.273 logZ: -39.193 +/- 0.156 logLmax: -2.92
08-04 13:31 nessai INFO    : it: 25000: Rolling KS test: D=0.021, p-value=0.4082
08-04 13:31 nessai INFO    : it: 25000: n eval: 358110 H: 24.77 dlogZ: 8.332 logZ: -35.919 +/- 0.157 logLmax: -2.59
08-04 13:31 nessai INFO    : it: 26000: Rolling KS test: D=0.033, p-value=0.1108
08-04 13:31 nessai INFO    : it: 26000: n eval: 428110 H: 25.14 dlogZ: 6.213 logZ: -33.971 +/- 0.159 logLmax: -1.76
08-04 13:32 nessai INFO    : it: 27000: Rolling KS test: D=0.033, p-value=0.1108
08-04 13:32 nessai INFO    : it: 27000: n eval: 518110 H: 25.50 dlogZ: 4.071 logZ: -32.814 +/- 0.160 logLmax: -1.76
08-04 13:32 nessai INFO    : it: 28000: Rolling KS test: D=0.026, p-value=0.2543
08-04 13:32 nessai INFO    : it: 28000: n eval: 638110 H: 25.82 dlogZ: 2.568 logZ: -32.119 +/- 0.161 logLmax: -1.63
08-04 13:32 nessai INFO    : it: 29000: Rolling KS test: D=0.016, p-value=0.593
08-04 13:32 nessai INFO    : it: 29000: n eval: 778110 H: 26.09 dlogZ: 1.618 logZ: -31.698 +/- 0.162 logLmax: -1.30
08-04 13:33 nessai INFO    : it: 30000: Rolling KS test: D=0.008, p-value=0.8752
08-04 13:33 nessai INFO    : it: 30000: n eval: 888110 H: 26.28 dlogZ: 0.779 logZ: -31.465 +/- 0.162 logLmax: -1.30
08-04 13:33 nessai INFO    : it: 31000: Rolling KS test: D=0.032, p-value=0.1263
08-04 13:33 nessai INFO    : it: 31000: n eval: 978110 H: 26.41 dlogZ: 0.356 logZ: -31.339 +/- 0.163 logLmax: -1.19
08-04 13:33 nessai INFO    : it: 32000: Rolling KS test: D=0.047, p-value=0.01167
08-04 13:33 nessai INFO    : it: 32000: n eval: 1078110 H: 26.50 dlogZ: 0.138 logZ: -31.274 +/- 0.163 logLmax: -1.19
08-04 13:33 nessai INFO    : Stopping with difference_log_evidence=0.100
08-04 13:33 nessai INFO    : Finalising
08-04 13:33 nessai INFO    : Final ln-evidence: -31.215 +/- 0.163
08-04 13:33 nessai INFO    : Information: 26.60
08-04 13:33 nessai INFO    : Final KS test: D=0.01349, p-value=7.653e-06
08-04 13:33 nessai WARNING : Final p-value for the insertion indices is less than 0.05, this could be an indication of problems during sampling. Consider checking the diagnostic plots.
08-04 13:33 nessai INFO    : Checkpointing nested sampling
08-04 13:33 nessai INFO    : Total sampling time: 0:04:11.507437
08-04 13:33 nessai INFO    : Total training time: 0:01:15.418048
08-04 13:33 nessai INFO    : Total population time: 0:01:29.366573
08-04 13:33 nessai INFO    : Total likelihood evaluations: 1088110
08-04 13:33 nessai INFO    : Time spent evaluating likelihood: 0:00:42.248760
08-04 13:33 nessai INFO    : Total sampling time: 0:04:11.507437
08-04 13:33 nessai INFO    : Total likelihood evaluations: 1088110
08-04 13:33 nessai INFO    : Starting post processing
08-04 13:33 nessai INFO    : Computing posterior samples
08-04 13:33 nessai INFO    : Effective sample size: 6517.0
08-04 13:33 nessai INFO    : Producing posterior samples using rejection sampling
08-04 13:33 nessai INFO    : Expect 4442.295850904694 samples from rejection sampling
08-04 13:33 nessai INFO    : Returned 4436 posterior samples
08-04 13:33 nessai INFO    : Starting to close worker pool.
08-04 13:33 nessai INFO    : Finished closing worker pool.
