/data/wiay/postgrads/shashwat/qunat_com_future/lib/python3.11/site-packages/nessai/utils/logging.py:133: FutureWarning: setup_logger is deprecated, use configure_logger instead
  warnings.warn(
08-04 15:49 nessai INFO    : Running Nessai version 0.15.2
08-04 15:49 nessai INFO    : Starting multiprocessing pool with 4 processes
08-04 15:49 nessai INFO    : Initialising nested sampler
08-04 15:49 nessai WARNING : Multiprocessing pool has already been configured.
/data/wiay/postgrads/shashwat/qunat_com_future/lib/python3.11/site-packages/nessai/gw/__init__.py:12: FutureWarning: The `nessai.gw` module will be deprecated in the next release in favour of the nessai-gw package. This packages provides the same functionality as`nessai.gw` via the plugin interface.For more details, see: https://github.com/mj-will/nessai-gw
  warnings.warn(
08-04 15:49 nessai INFO    : Passing kwargs to FlowProposal: {'poolsize': 1000}
08-04 15:49 nessai INFO    : No reparameterisations provided, using default reparameterisations included in FlowProposal
08-04 15:49 nessai INFO    : Adding reparameterisations from: {}
08-04 15:49 nessai INFO    : Assuming fallback reparameterisation (ScaleAndShift) for ['kappa', 'mu_xi', 'sigma_chi', 'sigma_xi', 'rho', 'lambda_chi', 'chi0', 'xi0'] with kwargs: {'estimate_scale': True, 'estimate_shift': True, 'prior_bounds': {'kappa': array([0.1, 5. ]), 'mu_xi': array([0. , 0.1]), 'sigma_chi': array([0.05, 0.6 ]), 'sigma_xi': array([0.05, 0.4 ]), 'rho': array([-0.9,  0.9]), 'lambda_chi': array([-0.5,  0.5]), 'chi0': array([-0.5,  0.5]), 'xi0': array([2.5, 5. ])}}.
08-04 15:49 nessai INFO    : x space parameters: ['kappa', 'mu_xi', 'sigma_chi', 'sigma_xi', 'rho', 'lambda_chi', 'chi0', 'xi0']
08-04 15:49 nessai INFO    : x prime space parameters: ['kappa_prime', 'mu_xi_prime', 'sigma_chi_prime', 'sigma_xi_prime', 'rho_prime', 'lambda_chi_prime', 'chi0_prime', 'xi0_prime']
08-04 15:49 nessai INFO    : Overwriting fuzz factor with expansion fraction
08-04 15:49 nessai INFO    : New fuzz factor: 1.2228445449938519
08-04 15:49 nessai INFO    : Verifying rescaling functions
08-04 15:49 nessai INFO    : Rescaling functions are invertible
08-04 15:49 nessai INFO    : Populating initial live points
08-04 15:49 nessai INFO    : Populated 100 / 1000 live points
08-04 15:49 nessai INFO    : Populated 200 / 1000 live points
08-04 15:49 nessai INFO    : Populated 300 / 1000 live points
08-04 15:49 nessai INFO    : Populated 400 / 1000 live points
08-04 15:49 nessai INFO    : Populated 500 / 1000 live points
08-04 15:49 nessai INFO    : Populated 600 / 1000 live points
08-04 15:49 nessai INFO    : Populated 700 / 1000 live points
08-04 15:49 nessai INFO    : Populated 800 / 1000 live points
08-04 15:49 nessai INFO    : Populated 900 / 1000 live points
08-04 15:49 nessai INFO    : Populated 1000 / 1000 live points
08-04 15:49 nessai INFO    : Starting nested sampling loop
08-04 15:49 nessai INFO    : it:  1000: Rolling KS test: D=0.035, p-value=0.08429
08-04 15:49 nessai INFO    : it:  1000: n eval: 3000 H: 7.91 dlogZ: 202454193.814 logZ: -202629061.972 +/- 0.089 logLmax: -174867.16
08-04 15:49 nessai INFO    : it:  2000: Rolling KS test: D=0.026, p-value=0.2543
08-04 15:49 nessai INFO    : it:  2000: n eval: 7000 H: 8.91 dlogZ: 55922767.745 logZ: -56097636.903 +/- 0.094 logLmax: -174867.16
08-04 15:49 nessai INFO    : Switching to FlowProposal
08-04 15:49 nessai INFO    : it:  3000: Rolling KS test: D=0.008, p-value=0.8752
08-04 15:49 nessai INFO    : it:  3000: n eval: 10805 H: 9.91 dlogZ: 16793467.597 logZ: -16864640.351 +/- 0.100 logLmax: -71169.75
08-04 15:49 nessai INFO    : it:  4000: Rolling KS test: D=0.041, p-value=0.03371
08-04 15:49 nessai INFO    : it:  4000: n eval: 14407 H: 10.91 dlogZ: 6217529.886 logZ: -6244396.892 +/- 0.104 logLmax: -26863.01
08-04 15:49 nessai INFO    : it:  5000: Rolling KS test: D=0.006, p-value=0.9268
08-04 15:49 nessai INFO    : it:  5000: n eval: 18440 H: 11.91 dlogZ: 2666656.201 logZ: -2693524.207 +/- 0.109 logLmax: -26863.01
08-04 15:49 nessai INFO    : it:  6000: Rolling KS test: D=0.025, p-value=0.2818
08-04 15:49 nessai INFO    : it:  6000: n eval: 20351 H: 12.91 dlogZ: 1298957.481 logZ: -1309830.484 +/- 0.114 logLmax: -10867.00
08-04 15:49 nessai INFO    : it:  7000: Rolling KS test: D=0.013, p-value=0.7071
08-04 15:49 nessai INFO    : it:  7000: n eval: 24381 H: 13.91 dlogZ: 608147.013 logZ: -616706.192 +/- 0.118 logLmax: -8552.18
08-04 15:49 nessai INFO    : it:  8000: Rolling KS test: D=0.024, p-value=0.311
08-04 15:49 nessai INFO    : it:  8000: n eval: 28827 H: 14.91 dlogZ: 305967.096 logZ: -309607.439 +/- 0.122 logLmax: -3632.34
08-04 15:49 nessai INFO    : it:  9000: Rolling KS test: D=0.019, p-value=0.4797
08-04 15:49 nessai INFO    : it:  9000: n eval: 33721 H: 15.91 dlogZ: 154519.518 logZ: -157020.490 +/- 0.126 logLmax: -2491.97
08-04 15:49 nessai INFO    : it: 10000: Rolling KS test: D=0.013, p-value=0.7071
08-04 15:49 nessai INFO    : it: 10000: n eval: 38288 H: 16.91 dlogZ: 79290.205 logZ: -81745.388 +/- 0.130 logLmax: -2445.18
08-04 15:49 nessai INFO    : it: 11000: Rolling KS test: D=0.016, p-value=0.593
08-04 15:49 nessai INFO    : it: 11000: n eval: 43175 H: 17.91 dlogZ: 43032.451 logZ: -43947.304 +/- 0.134 logLmax: -903.85
08-04 15:49 nessai INFO    : it: 12000: Rolling KS test: D=0.028, p-value=0.2046
08-04 15:50 nessai INFO    : it: 12000: n eval: 48898 H: 18.26 dlogZ: 22822.079 logZ: -23352.374 +/- 0.135 logLmax: -518.30
08-04 15:50 nessai INFO    : it: 13000: Rolling KS test: D=0.012, p-value=0.7438
08-04 15:50 nessai INFO    : it: 13000: n eval: 56979 H: 19.90 dlogZ: 11716.541 logZ: -12247.835 +/- 0.141 logLmax: -518.30
08-04 15:50 nessai INFO    : it: 14000: Rolling KS test: D=0.036, p-value=0.07308
08-04 15:50 nessai INFO    : it: 14000: n eval: 63037 H: 20.70 dlogZ: 6417.469 logZ: -6949.763 +/- 0.144 logLmax: -518.30
08-04 15:50 nessai INFO    : it: 15000: Rolling KS test: D=0.009, p-value=0.8454
08-04 15:50 nessai INFO    : it: 15000: n eval: 74708 H: 21.87 dlogZ: 3527.913 logZ: -3919.711 +/- 0.148 logLmax: -376.80
08-04 15:50 nessai INFO    : it: 16000: Rolling KS test: D=0.035, p-value=0.08429
08-04 15:50 nessai INFO    : it: 16000: n eval: 82823 H: 21.17 dlogZ: 2190.205 logZ: -2410.410 +/- 0.146 logLmax: -204.21
08-04 15:50 nessai INFO    : it: 17000: Rolling KS test: D=0.036, p-value=0.07308
08-04 15:50 nessai INFO    : it: 17000: n eval: 95100 H: 22.57 dlogZ: 1290.118 logZ: -1494.439 +/- 0.150 logLmax: -187.32
08-04 15:50 nessai INFO    : it: 18000: Rolling KS test: D=0.024, p-value=0.311
08-04 15:50 nessai INFO    : it: 18000: n eval: 111324 H: 23.04 dlogZ: 852.257 logZ: -1007.657 +/- 0.152 logLmax: -137.40
08-04 15:50 nessai INFO    : it: 19000: Rolling KS test: D=0.011, p-value=0.7794
08-04 15:50 nessai INFO    : it: 19000: n eval: 128649 H: 23.15 dlogZ: 555.403 logZ: -693.466 +/- 0.152 logLmax: -119.06
08-04 15:50 nessai INFO    : it: 20000: Rolling KS test: D=0.022, p-value=0.3744
08-04 15:50 nessai INFO    : it: 20000: n eval: 147714 H: 24.18 dlogZ: 372.721 logZ: -501.790 +/- 0.156 logLmax: -109.07
08-04 15:50 nessai INFO    : it: 21000: Rolling KS test: D=0.013, p-value=0.7071
08-04 15:50 nessai INFO    : it: 21000: n eval: 170887 H: 24.55 dlogZ: 266.602 logZ: -374.553 +/- 0.157 logLmax: -86.95
08-04 15:50 nessai INFO    : it: 22000: Rolling KS test: D=0.02, p-value=0.4434
08-04 15:50 nessai INFO    : it: 22000: n eval: 198881 H: 25.22 dlogZ: 223.887 logZ: -284.145 +/- 0.159 logLmax: -38.26
08-04 15:50 nessai INFO    : it: 23000: Rolling KS test: D=0.033, p-value=0.1108
08-04 15:50 nessai INFO    : it: 23000: n eval: 236935 H: 25.91 dlogZ: 166.669 logZ: -227.926 +/- 0.161 logLmax: -38.26
08-04 15:50 nessai INFO    : it: 24000: Rolling KS test: D=0.026, p-value=0.2543
08-04 15:50 nessai INFO    : it: 24000: n eval: 274666 H: 26.40 dlogZ: 136.904 logZ: -188.703 +/- 0.162 logLmax: -27.80
08-04 15:50 nessai INFO    : it: 25000: Rolling KS test: D=0.028, p-value=0.2046
08-04 15:50 nessai INFO    : it: 25000: n eval: 333528 H: 27.37 dlogZ: 102.059 logZ: -154.857 +/- 0.165 logLmax: -27.80
08-04 15:51 nessai INFO    : it: 26000: Rolling KS test: D=0.033, p-value=0.1108
08-04 15:51 nessai INFO    : it: 26000: n eval: 403528 H: 27.93 dlogZ: 92.263 logZ: -131.295 +/- 0.167 logLmax: -13.03
08-04 15:51 nessai INFO    : it: 27000: Rolling KS test: D=0.009, p-value=0.8454
08-04 15:51 nessai INFO    : it: 27000: n eval: 493528 H: 28.81 dlogZ: 73.442 logZ: -111.797 +/- 0.170 logLmax: -11.36
08-04 15:51 nessai INFO    : it: 28000: Rolling KS test: D=0.019, p-value=0.4797
08-04 15:51 nessai INFO    : it: 28000: n eval: 563528 H: 29.57 dlogZ: 57.131 logZ: -96.487 +/- 0.172 logLmax: -11.36
08-04 15:51 nessai INFO    : it: 29000: Rolling KS test: D=0.017, p-value=0.5547
08-04 15:51 nessai INFO    : it: 29000: n eval: 643528 H: 30.24 dlogZ: 44.260 logZ: -84.316 +/- 0.174 logLmax: -11.06
08-04 15:52 nessai INFO    : it: 30000: Rolling KS test: D=0.034, p-value=0.09683
08-04 15:52 nessai INFO    : it: 30000: n eval: 743528 H: 31.21 dlogZ: 36.312 logZ: -73.728 +/- 0.177 logLmax: -7.42
08-04 15:52 nessai INFO    : it: 31000: Rolling KS test: D=0.022, p-value=0.3744
08-04 15:52 nessai INFO    : it: 31000: n eval: 823496 H: 31.99 dlogZ: 27.353 logZ: -64.934 +/- 0.179 logLmax: -6.58
08-04 15:52 nessai INFO    : it: 32000: Rolling KS test: D=0.016, p-value=0.593
08-04 15:52 nessai INFO    : it: 32000: n eval: 836103 H: 32.66 dlogZ: 23.851 logZ: -57.888 +/- 0.181 logLmax: -2.04
08-04 15:52 nessai INFO    : it: 33000: Rolling KS test: D=0.019, p-value=0.4797
08-04 15:52 nessai INFO    : it: 33000: n eval: 852984 H: 33.32 dlogZ: 17.845 logZ: -52.882 +/- 0.183 logLmax: -2.04
08-04 15:52 nessai INFO    : it: 34000: Rolling KS test: D=0.023, p-value=0.3419
08-04 15:52 nessai INFO    : it: 34000: n eval: 861321 H: 33.90 dlogZ: 13.393 logZ: -49.197 +/- 0.184 logLmax: -1.81
08-04 15:52 nessai INFO    : it: 35000: Rolling KS test: D=0.014, p-value=0.6695
08-04 15:52 nessai INFO    : it: 35000: n eval: 872569 H: 34.52 dlogZ: 9.724 logZ: -46.528 +/- 0.186 logLmax: -1.81
08-04 15:52 nessai INFO    : it: 36000: Rolling KS test: D=0.016, p-value=0.593
08-04 15:52 nessai INFO    : it: 36000: n eval: 884092 H: 35.09 dlogZ: 6.859 logZ: -44.662 +/- 0.187 logLmax: -1.81
08-04 15:52 nessai INFO    : it: 37000: Rolling KS test: D=0.016, p-value=0.593
08-04 15:52 nessai INFO    : it: 37000: n eval: 892296 H: 35.54 dlogZ: 5.286 logZ: -43.440 +/- 0.189 logLmax: -1.16
08-04 15:52 nessai INFO    : it: 38000: Rolling KS test: D=0.008, p-value=0.8752
08-04 15:52 nessai INFO    : it: 38000: n eval: 899725 H: 36.00 dlogZ: 3.470 logZ: -42.598 +/- 0.190 logLmax: -1.16
08-04 15:52 nessai INFO    : it: 39000: Rolling KS test: D=0.009, p-value=0.8454
08-04 15:52 nessai INFO    : it: 39000: n eval: 910999 H: 36.37 dlogZ: 2.218 logZ: -42.052 +/- 0.191 logLmax: -0.95
08-04 15:52 nessai INFO    : it: 40000: Rolling KS test: D=0.017, p-value=0.5547
08-04 15:52 nessai INFO    : it: 40000: n eval: 919466 H: 36.66 dlogZ: 1.273 logZ: -41.720 +/- 0.191 logLmax: -0.78
08-04 15:52 nessai INFO    : it: 41000: Rolling KS test: D=0.004, p-value=0.9659
08-04 15:52 nessai INFO    : it: 41000: n eval: 929959 H: 36.85 dlogZ: 0.579 logZ: -41.534 +/- 0.192 logLmax: -0.78
08-04 15:52 nessai INFO    : it: 42000: Rolling KS test: D=0.009, p-value=0.8454
08-04 15:52 nessai INFO    : it: 42000: n eval: 936894 H: 36.98 dlogZ: 0.232 logZ: -41.432 +/- 0.192 logLmax: -0.78
08-04 15:52 nessai INFO    : Stopping with difference_log_evidence=0.100
08-04 15:52 nessai INFO    : Finalising
08-04 15:52 nessai INFO    : Final ln-evidence: -41.332 +/- 0.193
08-04 15:52 nessai INFO    : Information: 37.15
08-04 15:52 nessai INFO    : Final KS test: D=0.00382, p-value=0.2849
08-04 15:52 nessai INFO    : Checkpointing nested sampling
08-04 15:52 nessai INFO    : Total sampling time: 0:03:19.185695
08-04 15:52 nessai INFO    : Total training time: 0:00:56.419343
08-04 15:52 nessai INFO    : Total population time: 0:01:17.233425
08-04 15:52 nessai INFO    : Total likelihood evaluations: 944622
08-04 15:52 nessai INFO    : Time spent evaluating likelihood: 0:00:18.885217
08-04 15:52 nessai INFO    : Total sampling time: 0:03:19.185695
08-04 15:52 nessai INFO    : Total likelihood evaluations: 944622
08-04 15:52 nessai INFO    : Starting post processing
08-04 15:52 nessai INFO    : Computing posterior samples
08-04 15:52 nessai INFO    : Effective sample size: 6843.4
08-04 15:52 nessai INFO    : Producing posterior samples using rejection sampling
08-04 15:52 nessai INFO    : Expect 4727.4026928754565 samples from rejection sampling
08-04 15:52 nessai INFO    : Returned 4676 posterior samples
08-04 15:52 nessai INFO    : Starting to close worker pool.
08-04 15:52 nessai INFO    : Finished closing worker pool.
