/data/wiay/postgrads/shashwat/qunat_com_future/lib/python3.11/site-packages/nessai/utils/logging.py:133: FutureWarning: setup_logger is deprecated, use configure_logger instead
  warnings.warn(
08-04 13:03 nessai INFO    : Running Nessai version 0.15.2
08-04 13:03 nessai INFO    : Starting multiprocessing pool with 4 processes
08-04 13:03 nessai INFO    : Initialising nested sampler
08-04 13:03 nessai WARNING : Multiprocessing pool has already been configured.
/data/wiay/postgrads/shashwat/qunat_com_future/lib/python3.11/site-packages/nessai/gw/__init__.py:12: FutureWarning: The `nessai.gw` module will be deprecated in the next release in favour of the nessai-gw package. This packages provides the same functionality as`nessai.gw` via the plugin interface.For more details, see: https://github.com/mj-will/nessai-gw
  warnings.warn(
08-04 13:03 nessai INFO    : Passing kwargs to FlowProposal: {'poolsize': 1000}
08-04 13:03 nessai INFO    : No reparameterisations provided, using default reparameterisations included in FlowProposal
08-04 13:03 nessai INFO    : Adding reparameterisations from: {}
08-04 13:03 nessai INFO    : Assuming fallback reparameterisation (ScaleAndShift) for ['kappa', 'mu_xi', 'sigma_chi', 'sigma_xi', 'rho', 'lambda_chi', 'chi0', 'xi0'] with kwargs: {'estimate_scale': True, 'estimate_shift': True, 'prior_bounds': {'kappa': array([0.1, 5. ]), 'mu_xi': array([0. , 0.1]), 'sigma_chi': array([0.05, 0.6 ]), 'sigma_xi': array([0.05, 0.4 ]), 'rho': array([-0.9,  0.9]), 'lambda_chi': array([-0.5,  0.5]), 'chi0': array([-0.5,  0.5]), 'xi0': array([2.5, 5. ])}}.
08-04 13:03 nessai INFO    : x space parameters: ['kappa', 'mu_xi', 'sigma_chi', 'sigma_xi', 'rho', 'lambda_chi', 'chi0', 'xi0']
08-04 13:03 nessai INFO    : x prime space parameters: ['kappa_prime', 'mu_xi_prime', 'sigma_chi_prime', 'sigma_xi_prime', 'rho_prime', 'lambda_chi_prime', 'chi0_prime', 'xi0_prime']
08-04 13:03 nessai INFO    : Overwriting fuzz factor with expansion fraction
08-04 13:03 nessai INFO    : New fuzz factor: 1.2228445449938519
08-04 13:03 nessai INFO    : Verifying rescaling functions
08-04 13:03 nessai INFO    : Rescaling functions are invertible
08-04 13:03 nessai INFO    : Populating initial live points
08-04 13:03 nessai INFO    : Populated 100 / 1000 live points
08-04 13:03 nessai INFO    : Populated 200 / 1000 live points
08-04 13:03 nessai INFO    : Populated 300 / 1000 live points
08-04 13:03 nessai INFO    : Populated 400 / 1000 live points
08-04 13:03 nessai INFO    : Populated 500 / 1000 live points
08-04 13:03 nessai INFO    : Populated 600 / 1000 live points
08-04 13:03 nessai INFO    : Populated 700 / 1000 live points
08-04 13:03 nessai INFO    : Populated 800 / 1000 live points
08-04 13:03 nessai INFO    : Populated 900 / 1000 live points
08-04 13:03 nessai INFO    : Populated 1000 / 1000 live points
08-04 13:03 nessai INFO    : Starting nested sampling loop
08-04 13:03 nessai INFO    : it:  1000: Rolling KS test: D=0.012, p-value=0.7438
08-04 13:03 nessai INFO    : it:  1000: n eval: 3000 H: 7.91 dlogZ: 82601377.552 logZ: -82840989.185 +/- 0.089 logLmax: -239610.63
08-04 13:03 nessai INFO    : it:  2000: Rolling KS test: D=0.061, p-value=0.0005602
08-04 13:03 nessai INFO    : it:  2000: n eval: 8000 H: 8.91 dlogZ: 20803388.288 logZ: -21043000.921 +/- 0.094 logLmax: -239610.63
08-04 13:03 nessai INFO    : Switching to FlowProposal
08-04 13:03 nessai INFO    : it:  3000: Rolling KS test: D=0.025, p-value=0.2818
08-04 13:03 nessai INFO    : it:  3000: n eval: 11867 H: 9.91 dlogZ: 6635704.228 logZ: -6664205.167 +/- 0.100 logLmax: -28497.94
08-04 13:03 nessai INFO    : it:  4000: Rolling KS test: D=0.028, p-value=0.2046
08-04 13:04 nessai INFO    : it:  4000: n eval: 13493 H: 10.91 dlogZ: 2683846.700 logZ: -2695560.738 +/- 0.104 logLmax: -11710.04
08-04 13:04 nessai INFO    : it:  5000: Rolling KS test: D=0.031, p-value=0.1433
08-04 13:04 nessai INFO    : it:  5000: n eval: 17273 H: 11.91 dlogZ: 1135362.752 logZ: -1147077.791 +/- 0.109 logLmax: -11710.04
08-04 13:04 nessai INFO    : it:  6000: Rolling KS test: D=0.02, p-value=0.4434
08-04 13:04 nessai INFO    : it:  6000: n eval: 21630 H: 12.91 dlogZ: 515068.791 logZ: -521496.814 +/- 0.114 logLmax: -6422.02
08-04 13:04 nessai INFO    : it:  7000: Rolling KS test: D=0.026, p-value=0.2543
08-04 13:04 nessai INFO    : it:  7000: n eval: 26377 H: 13.91 dlogZ: 257302.091 logZ: -261072.970 +/- 0.118 logLmax: -3763.88
08-04 13:04 nessai INFO    : it:  8000: Rolling KS test: D=0.006, p-value=0.9268
08-04 13:04 nessai INFO    : it:  8000: n eval: 31120 H: 14.91 dlogZ: 127573.423 logZ: -131345.303 +/- 0.122 logLmax: -3763.88
08-04 13:04 nessai INFO    : it:  9000: Rolling KS test: D=0.037, p-value=0.06311
08-04 13:04 nessai INFO    : it:  9000: n eval: 38987 H: 15.91 dlogZ: 66223.391 logZ: -67628.963 +/- 0.126 logLmax: -1396.57
08-04 13:04 nessai INFO    : it: 10000: Rolling KS test: D=0.015, p-value=0.6313
08-04 13:04 nessai INFO    : it: 10000: n eval: 45722 H: 16.91 dlogZ: 33533.274 logZ: -34939.847 +/- 0.130 logLmax: -1396.57
08-04 13:04 nessai INFO    : it: 11000: Rolling KS test: D=0.012, p-value=0.7438
08-04 13:04 nessai INFO    : it: 11000: n eval: 55614 H: 17.91 dlogZ: 17186.853 logZ: -18060.262 +/- 0.134 logLmax: -862.41
08-04 13:04 nessai INFO    : it: 12000: Rolling KS test: D=0.014, p-value=0.6695
08-04 13:04 nessai INFO    : it: 12000: n eval: 61856 H: 18.88 dlogZ: 8778.267 logZ: -9652.676 +/- 0.137 logLmax: -862.41
08-04 13:04 nessai INFO    : it: 13000: Rolling KS test: D=0.019, p-value=0.4797
08-04 13:04 nessai INFO    : it: 13000: n eval: 68353 H: 19.23 dlogZ: 5136.802 logZ: -5395.336 +/- 0.139 logLmax: -245.54
08-04 13:04 nessai INFO    : it: 14000: Rolling KS test: D=0.034, p-value=0.09683
08-04 13:04 nessai INFO    : it: 14000: n eval: 80275 H: 20.22 dlogZ: 3064.081 logZ: -3174.859 +/- 0.142 logLmax: -96.78
08-04 13:04 nessai INFO    : it: 15000: Rolling KS test: D=0.043, p-value=0.02406
08-04 13:04 nessai INFO    : it: 15000: n eval: 87764 H: 20.19 dlogZ: 1873.163 logZ: -1984.940 +/- 0.142 logLmax: -96.78
08-04 13:04 nessai INFO    : it: 16000: Rolling KS test: D=0.043, p-value=0.02406
08-04 13:04 nessai INFO    : it: 16000: n eval: 101337 H: 21.52 dlogZ: 1159.140 logZ: -1267.199 +/- 0.147 logLmax: -92.06
08-04 13:04 nessai INFO    : it: 17000: Rolling KS test: D=0.01, p-value=0.8133
08-04 13:04 nessai INFO    : it: 17000: n eval: 116890 H: 21.85 dlogZ: 672.915 logZ: -781.975 +/- 0.148 logLmax: -92.06
08-04 13:04 nessai INFO    : it: 18000: Rolling KS test: D=0.011, p-value=0.7794
08-04 13:04 nessai INFO    : it: 18000: n eval: 133872 H: 22.61 dlogZ: 442.307 logZ: -512.969 +/- 0.150 logLmax: -52.66
08-04 13:04 nessai INFO    : it: 19000: Rolling KS test: D=0.016, p-value=0.593
08-04 13:04 nessai INFO    : it: 19000: n eval: 155681 H: 22.69 dlogZ: 283.665 logZ: -337.750 +/- 0.151 logLmax: -35.09
08-04 13:04 nessai INFO    : it: 20000: Rolling KS test: D=0.008, p-value=0.8752
08-04 13:04 nessai INFO    : it: 20000: n eval: 196265 H: 23.42 dlogZ: 190.831 logZ: -245.916 +/- 0.153 logLmax: -35.09
08-04 13:05 nessai INFO    : it: 21000: Rolling KS test: D=0.014, p-value=0.6695
08-04 13:05 nessai INFO    : it: 21000: n eval: 235276 H: 24.05 dlogZ: 140.065 logZ: -180.818 +/- 0.155 logLmax: -19.75
08-04 13:05 nessai INFO    : it: 22000: Rolling KS test: D=0.028, p-value=0.2046
08-04 13:05 nessai INFO    : it: 22000: n eval: 285276 H: 24.50 dlogZ: 102.365 logZ: -138.505 +/- 0.157 logLmax: -14.14
08-04 13:05 nessai INFO    : it: 23000: Rolling KS test: D=0.037, p-value=0.06311
08-04 13:05 nessai INFO    : it: 23000: n eval: 335276 H: 25.20 dlogZ: 80.069 logZ: -111.389 +/- 0.159 logLmax: -8.32
08-04 13:05 nessai INFO    : it: 24000: Rolling KS test: D=0.01, p-value=0.8133
08-04 13:05 nessai INFO    : it: 24000: n eval: 385276 H: 25.77 dlogZ: 58.718 logZ: -91.038 +/- 0.161 logLmax: -8.32
08-04 13:05 nessai INFO    : it: 25000: Rolling KS test: D=0.007, p-value=0.9024
08-04 13:05 nessai INFO    : it: 25000: n eval: 434233 H: 26.36 dlogZ: 45.396 logZ: -76.817 +/- 0.162 logLmax: -6.42
08-04 13:05 nessai INFO    : it: 26000: Rolling KS test: D=0.035, p-value=0.08429
08-04 13:05 nessai INFO    : it: 26000: n eval: 473739 H: 27.22 dlogZ: 33.728 logZ: -66.150 +/- 0.165 logLmax: -6.42
08-04 13:06 nessai INFO    : it: 27000: Rolling KS test: D=0.037, p-value=0.06311
08-04 13:06 nessai INFO    : it: 27000: n eval: 509905 H: 27.81 dlogZ: 25.299 logZ: -58.363 +/- 0.167 logLmax: -6.07
08-04 13:06 nessai INFO    : it: 28000: Rolling KS test: D=0.056, p-value=0.001814
08-04 13:06 nessai INFO    : it: 28000: n eval: 546151 H: 28.48 dlogZ: 20.779 logZ: -52.495 +/- 0.169 logLmax: -3.72
08-04 13:06 nessai INFO    : it: 29000: Rolling KS test: D=0.034, p-value=0.09683
08-04 13:06 nessai INFO    : it: 29000: n eval: 567286 H: 29.10 dlogZ: 15.431 logZ: -48.146 +/- 0.171 logLmax: -3.72
08-04 13:06 nessai INFO    : it: 30000: Rolling KS test: D=0.027, p-value=0.2286
08-04 13:06 nessai INFO    : it: 30000: n eval: 584369 H: 29.85 dlogZ: 11.698 logZ: -44.807 +/- 0.173 logLmax: -3.11
08-04 13:06 nessai INFO    : it: 31000: Rolling KS test: D=0.009, p-value=0.8454
08-04 13:06 nessai INFO    : it: 31000: n eval: 608022 H: 30.50 dlogZ: 9.390 logZ: -42.243 +/- 0.175 logLmax: -1.85
08-04 13:06 nessai INFO    : it: 32000: Rolling KS test: D=0.037, p-value=0.06311
08-04 13:06 nessai INFO    : it: 32000: n eval: 619568 H: 31.12 dlogZ: 6.475 logZ: -40.326 +/- 0.176 logLmax: -1.85
08-04 13:06 nessai INFO    : it: 33000: Rolling KS test: D=0.029, p-value=0.1825
08-04 13:06 nessai INFO    : it: 33000: n eval: 633382 H: 31.54 dlogZ: 4.262 logZ: -39.100 +/- 0.178 logLmax: -1.85
08-04 13:06 nessai INFO    : it: 34000: Rolling KS test: D=0.038, p-value=0.05428
08-04 13:06 nessai INFO    : it: 34000: n eval: 647864 H: 31.87 dlogZ: 2.655 logZ: -38.373 +/- 0.179 logLmax: -1.79
08-04 13:06 nessai INFO    : it: 35000: Rolling KS test: D=0.013, p-value=0.7071
08-04 13:06 nessai INFO    : it: 35000: n eval: 663124 H: 32.15 dlogZ: 1.423 logZ: -37.939 +/- 0.179 logLmax: -1.79
08-04 13:06 nessai INFO    : it: 36000: Rolling KS test: D=0.018, p-value=0.5169
08-04 13:06 nessai INFO    : it: 36000: n eval: 671526 H: 32.37 dlogZ: 0.727 logZ: -37.681 +/- 0.180 logLmax: -1.62
08-04 13:06 nessai INFO    : it: 37000: Rolling KS test: D=0.02, p-value=0.4434
08-04 13:06 nessai INFO    : it: 37000: n eval: 684551 H: 32.51 dlogZ: 0.294 logZ: -37.543 +/- 0.180 logLmax: -1.62
08-04 13:06 nessai INFO    : it: 38000: Rolling KS test: D=0.018, p-value=0.5169
08-04 13:06 nessai INFO    : it: 38000: n eval: 698319 H: 32.60 dlogZ: 0.128 logZ: -37.472 +/- 0.181 logLmax: -1.47
08-04 13:06 nessai INFO    : Stopping with difference_log_evidence=0.100
08-04 13:06 nessai INFO    : Finalising
08-04 13:06 nessai INFO    : Final ln-evidence: -37.410 +/- 0.181
08-04 13:06 nessai INFO    : Information: 32.70
08-04 13:06 nessai INFO    : Final KS test: D=0.01117, p-value=7.055e-05
08-04 13:06 nessai WARNING : Final p-value for the insertion indices is less than 0.05, this could be an indication of problems during sampling. Consider checking the diagnostic plots.
08-04 13:06 nessai INFO    : Checkpointing nested sampling
08-04 13:06 nessai INFO    : Total sampling time: 0:03:02.526106
08-04 13:06 nessai INFO    : Total training time: 0:00:57.034146
08-04 13:06 nessai INFO    : Total population time: 0:00:56.179494
08-04 13:06 nessai INFO    : Total likelihood evaluations: 702630
08-04 13:06 nessai INFO    : Time spent evaluating likelihood: 0:00:22.079477
08-04 13:06 nessai INFO    : Total sampling time: 0:03:02.526106
08-04 13:06 nessai INFO    : Total likelihood evaluations: 702630
08-04 13:06 nessai INFO    : Starting post processing
08-04 13:06 nessai INFO    : Computing posterior samples
08-04 13:06 nessai INFO    : Effective sample size: 6540.0
08-04 13:06 nessai INFO    : Producing posterior samples using rejection sampling
08-04 13:06 nessai INFO    : Expect 4687.938308273111 samples from rejection sampling
08-04 13:06 nessai INFO    : Returned 4664 posterior samples
08-04 13:06 nessai INFO    : Starting to close worker pool.
08-04 13:06 nessai INFO    : Finished closing worker pool.
