/data/wiay/postgrads/shashwat/qunat_com_future/lib/python3.11/site-packages/nessai/utils/logging.py:133: FutureWarning: setup_logger is deprecated, use configure_logger instead
  warnings.warn(
08-04 15:57 nessai INFO    : Running Nessai version 0.15.2
08-04 15:57 nessai INFO    : Starting multiprocessing pool with 4 processes
08-04 15:57 nessai INFO    : Initialising nested sampler
08-04 15:57 nessai WARNING : Multiprocessing pool has already been configured.
/data/wiay/postgrads/shashwat/qunat_com_future/lib/python3.11/site-packages/nessai/gw/__init__.py:12: FutureWarning: The `nessai.gw` module will be deprecated in the next release in favour of the nessai-gw package. This packages provides the same functionality as`nessai.gw` via the plugin interface.For more details, see: https://github.com/mj-will/nessai-gw
  warnings.warn(
08-04 15:57 nessai INFO    : Passing kwargs to FlowProposal: {'poolsize': 1000}
08-04 15:57 nessai INFO    : No reparameterisations provided, using default reparameterisations included in FlowProposal
08-04 15:57 nessai INFO    : Adding reparameterisations from: {}
08-04 15:57 nessai INFO    : Assuming fallback reparameterisation (ScaleAndShift) for ['kappa', 'mu_xi', 'sigma_chi', 'sigma_xi', 'rho', 'lambda_chi', 'chi0', 'xi0'] with kwargs: {'estimate_scale': True, 'estimate_shift': True, 'prior_bounds': {'kappa': array([0.1, 5. ]), 'mu_xi': array([0. , 0.1]), 'sigma_chi': array([0.05, 0.6 ]), 'sigma_xi': array([0.05, 0.4 ]), 'rho': array([-0.9,  0.9]), 'lambda_chi': array([-0.5,  0.5]), 'chi0': array([-0.5,  0.5]), 'xi0': array([2.5, 5. ])}}.
08-04 15:57 nessai INFO    : x space parameters: ['kappa', 'mu_xi', 'sigma_chi', 'sigma_xi', 'rho', 'lambda_chi', 'chi0', 'xi0']
08-04 15:57 nessai INFO    : x prime space parameters: ['kappa_prime', 'mu_xi_prime', 'sigma_chi_prime', 'sigma_xi_prime', 'rho_prime', 'lambda_chi_prime', 'chi0_prime', 'xi0_prime']
08-04 15:57 nessai INFO    : Overwriting fuzz factor with expansion fraction
08-04 15:57 nessai INFO    : New fuzz factor: 1.2228445449938519
08-04 15:57 nessai INFO    : Verifying rescaling functions
08-04 15:57 nessai INFO    : Rescaling functions are invertible
08-04 15:57 nessai INFO    : Populating initial live points
08-04 15:57 nessai INFO    : Populated 100 / 1000 live points
08-04 15:57 nessai INFO    : Populated 200 / 1000 live points
08-04 15:57 nessai INFO    : Populated 300 / 1000 live points
08-04 15:57 nessai INFO    : Populated 400 / 1000 live points
08-04 15:57 nessai INFO    : Populated 500 / 1000 live points
08-04 15:57 nessai INFO    : Populated 600 / 1000 live points
08-04 15:57 nessai INFO    : Populated 700 / 1000 live points
08-04 15:57 nessai INFO    : Populated 800 / 1000 live points
08-04 15:57 nessai INFO    : Populated 900 / 1000 live points
08-04 15:57 nessai INFO    : Populated 1000 / 1000 live points
08-04 15:57 nessai INFO    : Starting nested sampling loop
08-04 15:57 nessai INFO    : it:  1000: Rolling KS test: D=0.029, p-value=0.1825
08-04 15:57 nessai INFO    : it:  1000: n eval: 3000 H: 7.91 dlogZ: 35261388.529 logZ: -35342309.025 +/- 0.089 logLmax: -80919.50
08-04 15:57 nessai INFO    : it:  2000: Rolling KS test: D=0.022, p-value=0.3744
08-04 15:57 nessai INFO    : it:  2000: n eval: 8000 H: 8.91 dlogZ: 11859127.112 logZ: -11864511.888 +/- 0.094 logLmax: -5382.78
08-04 15:57 nessai INFO    : Switching to FlowProposal
08-04 15:57 nessai INFO    : it:  3000: Rolling KS test: D=0.028, p-value=0.2046
08-04 15:57 nessai INFO    : it:  3000: n eval: 11941 H: 9.91 dlogZ: 4815746.751 logZ: -4821132.527 +/- 0.100 logLmax: -5382.78
08-04 15:57 nessai INFO    : it:  4000: Rolling KS test: D=0.031, p-value=0.1433
08-04 15:57 nessai INFO    : it:  4000: n eval: 15461 H: 10.91 dlogZ: 1944757.160 logZ: -1947757.435 +/- 0.104 logLmax: -2996.28
08-04 15:57 nessai INFO    : it:  5000: Rolling KS test: D=0.03, p-value=0.162
08-04 15:58 nessai INFO    : it:  5000: n eval: 17389 H: 11.91 dlogZ: 821999.919 logZ: -823567.422 +/- 0.109 logLmax: -1562.50
08-04 15:58 nessai INFO    : it:  6000: Rolling KS test: D=0.037, p-value=0.06311
08-04 15:58 nessai INFO    : it:  6000: n eval: 21326 H: 12.91 dlogZ: 364290.691 logZ: -364591.320 +/- 0.114 logLmax: -294.63
08-04 15:58 nessai INFO    : it:  7000: Rolling KS test: D=0.027, p-value=0.2286
08-04 15:58 nessai INFO    : it:  7000: n eval: 25371 H: 13.59 dlogZ: 172453.183 logZ: -172754.813 +/- 0.117 logLmax: -294.63
08-04 15:58 nessai INFO    : it:  8000: Rolling KS test: D=0.027, p-value=0.2286
08-04 15:58 nessai INFO    : it:  8000: n eval: 30725 H: 14.91 dlogZ: 84467.359 logZ: -84769.989 +/- 0.122 logLmax: -294.63
08-04 15:58 nessai INFO    : it:  9000: Rolling KS test: D=0.027, p-value=0.2286
08-04 15:58 nessai INFO    : it:  9000: n eval: 35127 H: 15.75 dlogZ: 43094.958 logZ: -43398.588 +/- 0.125 logLmax: -294.63
08-04 15:58 nessai INFO    : it: 10000: Rolling KS test: D=0.02, p-value=0.4434
08-04 15:58 nessai INFO    : it: 10000: n eval: 40650 H: 16.91 dlogZ: 21245.347 logZ: -21549.977 +/- 0.130 logLmax: -294.63
08-04 15:58 nessai INFO    : it: 11000: Rolling KS test: D=0.021, p-value=0.4082
08-04 15:58 nessai INFO    : it: 11000: n eval: 46055 H: 17.91 dlogZ: 10103.789 logZ: -10310.711 +/- 0.134 logLmax: -195.92
08-04 15:58 nessai INFO    : it: 12000: Rolling KS test: D=0.009, p-value=0.8454
08-04 15:58 nessai INFO    : it: 12000: n eval: 51162 H: 18.27 dlogZ: 5192.194 logZ: -5323.354 +/- 0.135 logLmax: -119.16
08-04 15:58 nessai INFO    : it: 13000: Rolling KS test: D=0.013, p-value=0.7071
08-04 15:58 nessai INFO    : it: 13000: n eval: 61745 H: 19.91 dlogZ: 2661.946 logZ: -2725.518 +/- 0.141 logLmax: -50.57
08-04 15:58 nessai INFO    : it: 14000: Rolling KS test: D=0.045, p-value=0.01689
08-04 15:58 nessai INFO    : it: 14000: n eval: 67835 H: 20.63 dlogZ: 1379.334 logZ: -1422.690 +/- 0.144 logLmax: -29.36
08-04 15:58 nessai INFO    : it: 15000: Rolling KS test: D=0.042, p-value=0.02854
08-04 15:58 nessai INFO    : it: 15000: n eval: 78757 H: 20.20 dlogZ: 715.773 logZ: -760.129 +/- 0.142 logLmax: -29.36
08-04 15:58 nessai INFO    : it: 16000: Rolling KS test: D=0.026, p-value=0.2543
08-04 15:58 nessai INFO    : it: 16000: n eval: 94667 H: 20.74 dlogZ: 394.070 logZ: -427.845 +/- 0.144 logLmax: -17.78
08-04 15:58 nessai INFO    : it: 17000: Rolling KS test: D=0.012, p-value=0.7438
08-04 15:58 nessai INFO    : it: 17000: n eval: 103922 H: 20.86 dlogZ: 210.527 logZ: -244.394 +/- 0.144 logLmax: -16.87
08-04 15:58 nessai INFO    : it: 18000: Rolling KS test: D=0.008, p-value=0.8752
08-04 15:58 nessai INFO    : it: 18000: n eval: 117850 H: 21.21 dlogZ: 112.974 logZ: -147.841 +/- 0.146 logLmax: -16.87
08-04 15:58 nessai INFO    : it: 19000: Rolling KS test: D=0.054, p-value=0.002821
08-04 15:58 nessai INFO    : it: 19000: n eval: 139066 H: 21.48 dlogZ: 74.900 logZ: -104.960 +/- 0.147 logLmax: -11.06
08-04 15:58 nessai INFO    : it: 20000: Rolling KS test: D=0.038, p-value=0.05428
08-04 15:58 nessai INFO    : it: 20000: n eval: 182191 H: 21.89 dlogZ: 50.249 logZ: -80.125 +/- 0.148 logLmax: -9.88
08-04 15:58 nessai INFO    : it: 21000: Rolling KS test: D=0.031, p-value=0.1433
08-04 15:58 nessai INFO    : it: 21000: n eval: 209278 H: 22.44 dlogZ: 37.995 logZ: -65.138 +/- 0.150 logLmax: -6.14
08-04 15:58 nessai INFO    : it: 22000: Rolling KS test: D=0.008, p-value=0.8752
08-04 15:58 nessai INFO    : it: 22000: n eval: 236361 H: 23.04 dlogZ: 26.772 logZ: -54.915 +/- 0.152 logLmax: -6.14
08-04 15:58 nessai INFO    : it: 23000: Rolling KS test: D=0.049, p-value=0.007937
08-04 15:58 nessai INFO    : it: 23000: n eval: 269167 H: 23.64 dlogZ: 19.011 logZ: -48.154 +/- 0.154 logLmax: -6.14
08-04 15:59 nessai INFO    : it: 24000: Rolling KS test: D=0.043, p-value=0.02406
08-04 15:59 nessai INFO    : it: 24000: n eval: 306387 H: 24.20 dlogZ: 13.516 logZ: -43.475 +/- 0.156 logLmax: -5.96
08-04 15:59 nessai INFO    : it: 25000: Rolling KS test: D=0.041, p-value=0.03371
08-04 15:59 nessai INFO    : it: 25000: n eval: 343147 H: 24.70 dlogZ: 10.536 logZ: -40.430 +/- 0.157 logLmax: -4.89
08-04 15:59 nessai INFO    : it: 26000: Rolling KS test: D=0.005, p-value=0.9481
08-04 15:59 nessai INFO    : it: 26000: n eval: 372790 H: 25.18 dlogZ: 7.948 logZ: -38.485 +/- 0.159 logLmax: -4.54
08-04 15:59 nessai INFO    : it: 27000: Rolling KS test: D=0.033, p-value=0.1108
08-04 15:59 nessai INFO    : it: 27000: n eval: 422316 H: 25.72 dlogZ: 5.848 logZ: -37.072 +/- 0.160 logLmax: -4.23
08-04 15:59 nessai INFO    : it: 28000: Rolling KS test: D=0.034, p-value=0.09683
08-04 15:59 nessai INFO    : it: 28000: n eval: 461084 H: 26.23 dlogZ: 5.028 logZ: -36.080 +/- 0.162 logLmax: -3.06
08-04 15:59 nessai INFO    : it: 29000: Rolling KS test: D=0.021, p-value=0.4082
08-04 15:59 nessai INFO    : it: 29000: n eval: 500253 H: 26.69 dlogZ: 3.861 logZ: -35.377 +/- 0.163 logLmax: -2.54
08-04 15:59 nessai INFO    : it: 30000: Rolling KS test: D=0.029, p-value=0.1825
08-04 15:59 nessai INFO    : it: 30000: n eval: 530253 H: 27.08 dlogZ: 2.464 logZ: -34.913 +/- 0.165 logLmax: -2.54
08-04 15:59 nessai INFO    : it: 31000: Rolling KS test: D=0.025, p-value=0.2818
08-04 15:59 nessai INFO    : it: 31000: n eval: 565030 H: 27.37 dlogZ: 1.379 logZ: -34.626 +/- 0.165 logLmax: -2.54
08-04 15:59 nessai INFO    : it: 32000: Rolling KS test: D=0.025, p-value=0.2818
08-04 15:59 nessai INFO    : it: 32000: n eval: 601034 H: 27.58 dlogZ: 0.690 logZ: -34.454 +/- 0.166 logLmax: -2.46
08-04 15:59 nessai INFO    : it: 33000: Rolling KS test: D=0.023, p-value=0.3419
08-04 15:59 nessai INFO    : it: 33000: n eval: 626456 H: 27.72 dlogZ: 0.331 logZ: -34.357 +/- 0.167 logLmax: -2.29
08-04 15:59 nessai INFO    : it: 34000: Rolling KS test: D=0.035, p-value=0.08429
08-04 15:59 nessai INFO    : it: 34000: n eval: 643465 H: 27.82 dlogZ: 0.147 logZ: -34.304 +/- 0.167 logLmax: -2.15
08-04 15:59 nessai INFO    : Stopping with difference_log_evidence=0.100
08-04 15:59 nessai INFO    : Finalising
08-04 15:59 nessai INFO    : Final ln-evidence: -34.255 +/- 0.167
08-04 15:59 nessai INFO    : Information: 27.92
08-04 15:59 nessai INFO    : Final KS test: D=0.01393, p-value=1.573e-06
08-04 15:59 nessai WARNING : Final p-value for the insertion indices is less than 0.05, this could be an indication of problems during sampling. Consider checking the diagnostic plots.
08-04 15:59 nessai INFO    : Checkpointing nested sampling
08-04 16:00 nessai INFO    : Total sampling time: 0:02:09.886352
08-04 16:00 nessai INFO    : Total training time: 0:00:42.220674
08-04 16:00 nessai INFO    : Total population time: 0:00:36.461179
08-04 16:00 nessai INFO    : Total likelihood evaluations: 648593
08-04 16:00 nessai INFO    : Time spent evaluating likelihood: 0:00:12.376438
08-04 16:00 nessai INFO    : Total sampling time: 0:02:09.886352
08-04 16:00 nessai INFO    : Total likelihood evaluations: 648593
08-04 16:00 nessai INFO    : Starting post processing
08-04 16:00 nessai INFO    : Computing posterior samples
08-04 16:00 nessai INFO    : Effective sample size: 7397.4
08-04 16:00 nessai INFO    : Producing posterior samples using rejection sampling
08-04 16:00 nessai INFO    : Expect 5037.082577626177 samples from rejection sampling
08-04 16:00 nessai INFO    : Returned 5025 posterior samples
08-04 16:00 nessai INFO    : Starting to close worker pool.
08-04 16:00 nessai INFO    : Finished closing worker pool.
