/data/wiay/postgrads/shashwat/qunat_com_future/lib/python3.11/site-packages/nessai/utils/logging.py:133: FutureWarning: setup_logger is deprecated, use configure_logger instead
  warnings.warn(
08-04 13:01 nessai INFO    : Running Nessai version 0.15.2
08-04 13:01 nessai INFO    : Starting multiprocessing pool with 4 processes
08-04 13:01 nessai INFO    : Initialising nested sampler
08-04 13:01 nessai WARNING : Multiprocessing pool has already been configured.
/data/wiay/postgrads/shashwat/qunat_com_future/lib/python3.11/site-packages/nessai/gw/__init__.py:12: FutureWarning: The `nessai.gw` module will be deprecated in the next release in favour of the nessai-gw package. This packages provides the same functionality as`nessai.gw` via the plugin interface.For more details, see: https://github.com/mj-will/nessai-gw
  warnings.warn(
08-04 13:01 nessai INFO    : Passing kwargs to FlowProposal: {'poolsize': 1000}
08-04 13:01 nessai INFO    : No reparameterisations provided, using default reparameterisations included in FlowProposal
08-04 13:01 nessai INFO    : Adding reparameterisations from: {}
08-04 13:01 nessai INFO    : Assuming fallback reparameterisation (ScaleAndShift) for ['kappa', 'mu_xi', 'sigma_chi', 'sigma_xi', 'rho', 'lambda_chi', 'chi0', 'xi0'] with kwargs: {'estimate_scale': True, 'estimate_shift': True, 'prior_bounds': {'kappa': array([0.1, 5. ]), 'mu_xi': array([0. , 0.1]), 'sigma_chi': array([0.05, 0.6 ]), 'sigma_xi': array([0.05, 0.4 ]), 'rho': array([-0.9,  0.9]), 'lambda_chi': array([-0.5,  0.5]), 'chi0': array([-0.5,  0.5]), 'xi0': array([2.5, 5. ])}}.
08-04 13:01 nessai INFO    : x space parameters: ['kappa', 'mu_xi', 'sigma_chi', 'sigma_xi', 'rho', 'lambda_chi', 'chi0', 'xi0']
08-04 13:01 nessai INFO    : x prime space parameters: ['kappa_prime', 'mu_xi_prime', 'sigma_chi_prime', 'sigma_xi_prime', 'rho_prime', 'lambda_chi_prime', 'chi0_prime', 'xi0_prime']
08-04 13:01 nessai INFO    : Overwriting fuzz factor with expansion fraction
08-04 13:01 nessai INFO    : New fuzz factor: 1.2228445449938519
08-04 13:01 nessai INFO    : Verifying rescaling functions
08-04 13:01 nessai INFO    : Rescaling functions are invertible
08-04 13:01 nessai INFO    : Populating initial live points
08-04 13:01 nessai INFO    : Populated 100 / 1000 live points
08-04 13:01 nessai INFO    : Populated 200 / 1000 live points
08-04 13:01 nessai INFO    : Populated 300 / 1000 live points
08-04 13:01 nessai INFO    : Populated 400 / 1000 live points
08-04 13:01 nessai INFO    : Populated 500 / 1000 live points
08-04 13:01 nessai INFO    : Populated 600 / 1000 live points
08-04 13:01 nessai INFO    : Populated 700 / 1000 live points
08-04 13:01 nessai INFO    : Populated 800 / 1000 live points
08-04 13:01 nessai INFO    : Populated 900 / 1000 live points
08-04 13:01 nessai INFO    : Populated 1000 / 1000 live points
08-04 13:01 nessai INFO    : Starting nested sampling loop
08-04 13:01 nessai INFO    : it:  1000: Rolling KS test: D=0.019, p-value=0.4797
08-04 13:01 nessai INFO    : it:  1000: n eval: 3000 H: 7.91 dlogZ: 45041156.220 logZ: -45950242.921 +/- 0.089 logLmax: -909085.70
08-04 13:01 nessai INFO    : it:  2000: Rolling KS test: D=0.01, p-value=0.8133
08-04 13:01 nessai INFO    : it:  2000: n eval: 8000 H: 8.91 dlogZ: 19708986.703 logZ: -20089528.277 +/- 0.094 logLmax: -380539.58
08-04 13:01 nessai INFO    : Switching to FlowProposal
08-04 13:02 nessai INFO    : it:  3000: Rolling KS test: D=0.017, p-value=0.5547
08-04 13:02 nessai INFO    : it:  3000: n eval: 12223 H: 9.91 dlogZ: 10848506.633 logZ: -10961656.844 +/- 0.100 logLmax: -113147.21
08-04 13:02 nessai INFO    : it:  4000: Rolling KS test: D=0.013, p-value=0.7071
08-04 13:02 nessai INFO    : it:  4000: n eval: 15785 H: 10.91 dlogZ: 6129954.924 logZ: -6243106.135 +/- 0.104 logLmax: -113147.21
08-04 13:02 nessai INFO    : it:  5000: Rolling KS test: D=0.018, p-value=0.5169
08-04 13:02 nessai INFO    : it:  5000: n eval: 17797 H: 11.91 dlogZ: 3892338.568 logZ: -4005490.779 +/- 0.109 logLmax: -113147.21
08-04 13:02 nessai INFO    : it:  6000: Rolling KS test: D=0.016, p-value=0.593
08-04 13:02 nessai INFO    : it:  6000: n eval: 21993 H: 12.91 dlogZ: 2698911.385 logZ: -2782432.460 +/- 0.114 logLmax: -83515.08
08-04 13:02 nessai INFO    : it:  7000: Rolling KS test: D=0.005, p-value=0.9481
08-04 13:02 nessai INFO    : it:  7000: n eval: 26385 H: 13.91 dlogZ: 1594095.648 logZ: -1642022.785 +/- 0.118 logLmax: -47920.14
08-04 13:02 nessai INFO    : it:  8000: Rolling KS test: D=0.017, p-value=0.5547
08-04 13:02 nessai INFO    : it:  8000: n eval: 30592 H: 14.91 dlogZ: 859553.974 logZ: -900175.730 +/- 0.122 logLmax: -40613.76
08-04 13:02 nessai INFO    : it:  9000: Rolling KS test: D=0.021, p-value=0.4082
08-04 13:02 nessai INFO    : it:  9000: n eval: 35160 H: 15.91 dlogZ: 464991.388 logZ: -492342.544 +/- 0.126 logLmax: -27342.16
08-04 13:02 nessai INFO    : it: 10000: Rolling KS test: D=0.032, p-value=0.1263
08-04 13:02 nessai INFO    : it: 10000: n eval: 39893 H: 16.91 dlogZ: 268332.395 logZ: -272679.186 +/- 0.130 logLmax: -4336.79
08-04 13:02 nessai INFO    : it: 11000: Rolling KS test: D=0.013, p-value=0.7071
08-04 13:02 nessai INFO    : it: 11000: n eval: 48274 H: 17.91 dlogZ: 146710.097 logZ: -150513.337 +/- 0.134 logLmax: -3792.24
08-04 13:02 nessai INFO    : it: 12000: Rolling KS test: D=0.035, p-value=0.08429
08-04 13:02 nessai INFO    : it: 12000: n eval: 53593 H: 18.91 dlogZ: 79964.942 logZ: -83769.182 +/- 0.138 logLmax: -3792.24
08-04 13:02 nessai INFO    : it: 13000: Rolling KS test: D=0.019, p-value=0.4797
08-04 13:02 nessai INFO    : it: 13000: n eval: 58882 H: 19.91 dlogZ: 47717.210 logZ: -49049.897 +/- 0.141 logLmax: -1319.69
08-04 13:02 nessai INFO    : it: 14000: Rolling KS test: D=0.02, p-value=0.4434
08-04 13:02 nessai INFO    : it: 14000: n eval: 65320 H: 20.91 dlogZ: 27754.472 logZ: -28295.349 +/- 0.145 logLmax: -526.88
08-04 13:02 nessai INFO    : it: 15000: Rolling KS test: D=0.008, p-value=0.8752
08-04 13:02 nessai INFO    : it: 15000: n eval: 71048 H: 21.69 dlogZ: 16068.065 logZ: -16609.942 +/- 0.147 logLmax: -526.88
08-04 13:02 nessai INFO    : it: 16000: Rolling KS test: D=0.025, p-value=0.2818
08-04 13:02 nessai INFO    : it: 16000: n eval: 80733 H: 22.90 dlogZ: 9662.879 logZ: -10050.591 +/- 0.151 logLmax: -371.71
08-04 13:02 nessai INFO    : it: 17000: Rolling KS test: D=0.018, p-value=0.5169
08-04 13:02 nessai INFO    : it: 17000: n eval: 88953 H: 22.71 dlogZ: 5688.592 logZ: -6032.745 +/- 0.151 logLmax: -327.15
08-04 13:02 nessai INFO    : it: 18000: Rolling KS test: D=0.037, p-value=0.06311
08-04 13:02 nessai INFO    : it: 18000: n eval: 100756 H: 23.62 dlogZ: 3338.839 logZ: -3557.415 +/- 0.154 logLmax: -200.58
08-04 13:02 nessai INFO    : it: 19000: Rolling KS test: D=0.037, p-value=0.06311
08-04 13:02 nessai INFO    : it: 19000: n eval: 113470 H: 24.98 dlogZ: 2049.205 logZ: -2124.956 +/- 0.158 logLmax: -56.75
08-04 13:02 nessai INFO    : it: 20000: Rolling KS test: D=0.035, p-value=0.08429
08-04 13:03 nessai INFO    : it: 20000: n eval: 122708 H: 25.55 dlogZ: 1249.260 logZ: -1305.590 +/- 0.160 logLmax: -36.33
08-04 13:03 nessai INFO    : it: 21000: Rolling KS test: D=0.016, p-value=0.593
08-04 13:03 nessai INFO    : it: 21000: n eval: 142447 H: 26.17 dlogZ: 782.147 logZ: -828.132 +/- 0.162 logLmax: -24.99
08-04 13:03 nessai INFO    : it: 22000: Rolling KS test: D=0.016, p-value=0.593
08-04 13:03 nessai INFO    : it: 22000: n eval: 157943 H: 26.54 dlogZ: 470.861 logZ: -513.503 +/- 0.163 logLmax: -20.64
08-04 13:03 nessai INFO    : it: 23000: Rolling KS test: D=0.04, p-value=0.03967
08-04 13:03 nessai INFO    : it: 23000: n eval: 176633 H: 26.85 dlogZ: 287.650 logZ: -331.292 +/- 0.164 logLmax: -20.64
08-04 13:03 nessai INFO    : it: 24000: Rolling KS test: D=0.023, p-value=0.3419
08-04 13:03 nessai INFO    : it: 24000: n eval: 200937 H: 27.32 dlogZ: 187.656 logZ: -221.986 +/- 0.165 logLmax: -10.33
08-04 13:03 nessai INFO    : it: 25000: Rolling KS test: D=0.025, p-value=0.2818
08-04 13:03 nessai INFO    : it: 25000: n eval: 230399 H: 27.77 dlogZ: 125.680 logZ: -156.035 +/- 0.167 logLmax: -5.36
08-04 13:03 nessai INFO    : it: 26000: Rolling KS test: D=0.028, p-value=0.2046
08-04 13:03 nessai INFO    : it: 26000: n eval: 279480 H: 28.52 dlogZ: 83.549 logZ: -114.904 +/- 0.169 logLmax: -5.36
08-04 13:03 nessai INFO    : it: 27000: Rolling KS test: D=0.015, p-value=0.6313
08-04 13:03 nessai INFO    : it: 27000: n eval: 319043 H: 29.04 dlogZ: 55.717 logZ: -87.676 +/- 0.170 logLmax: -4.96
08-04 13:04 nessai INFO    : it: 28000: Rolling KS test: D=0.045, p-value=0.01689
08-04 13:04 nessai INFO    : it: 28000: n eval: 379042 H: 29.64 dlogZ: 37.586 logZ: -70.546 +/- 0.172 logLmax: -4.96
08-04 13:04 nessai INFO    : it: 29000: Rolling KS test: D=0.033, p-value=0.1108
08-04 13:04 nessai INFO    : it: 29000: n eval: 439042 H: 30.14 dlogZ: 26.219 logZ: -59.608 +/- 0.174 logLmax: -4.39
08-04 13:04 nessai INFO    : it: 30000: Rolling KS test: D=0.019, p-value=0.4797
08-04 13:04 nessai INFO    : it: 30000: n eval: 509042 H: 30.70 dlogZ: 18.751 logZ: -51.851 +/- 0.175 logLmax: -3.10
08-04 13:04 nessai INFO    : it: 31000: Rolling KS test: D=0.022, p-value=0.3744
08-04 13:04 nessai INFO    : it: 31000: n eval: 579042 H: 31.24 dlogZ: 13.376 logZ: -46.776 +/- 0.177 logLmax: -2.40
08-04 13:05 nessai INFO    : it: 32000: Rolling KS test: D=0.012, p-value=0.7438
08-04 13:05 nessai INFO    : it: 32000: n eval: 649042 H: 31.77 dlogZ: 9.952 logZ: -43.645 +/- 0.178 logLmax: -1.69
08-04 13:05 nessai INFO    : it: 33000: Rolling KS test: D=0.019, p-value=0.4797
08-04 13:05 nessai INFO    : it: 33000: n eval: 719042 H: 32.23 dlogZ: 7.066 logZ: -41.513 +/- 0.180 logLmax: -1.45
08-04 13:05 nessai INFO    : it: 34000: Rolling KS test: D=0.022, p-value=0.3744
08-04 13:05 nessai INFO    : it: 34000: n eval: 809042 H: 32.70 dlogZ: 5.061 logZ: -40.126 +/- 0.181 logLmax: -1.07
08-04 13:05 nessai INFO    : it: 35000: Rolling KS test: D=0.021, p-value=0.4082
08-04 13:05 nessai INFO    : it: 35000: n eval: 899042 H: 33.10 dlogZ: 3.495 logZ: -39.248 +/- 0.182 logLmax: -0.79
08-04 13:06 nessai INFO    : it: 36000: Rolling KS test: D=0.048, p-value=0.009645
08-04 13:06 nessai INFO    : it: 36000: n eval: 979042 H: 33.40 dlogZ: 2.213 logZ: -38.726 +/- 0.183 logLmax: -0.63
08-04 13:06 nessai INFO    : it: 37000: Rolling KS test: D=0.011, p-value=0.7794
08-04 13:06 nessai INFO    : it: 37000: n eval: 1039042 H: 33.65 dlogZ: 1.264 logZ: -38.410 +/- 0.183 logLmax: -0.48
08-04 13:06 nessai INFO    : it: 38000: Rolling KS test: D=0.01, p-value=0.8133
08-04 13:06 nessai INFO    : it: 38000: n eval: 1109042 H: 33.84 dlogZ: 0.576 logZ: -38.228 +/- 0.184 logLmax: -0.48
08-04 13:06 nessai INFO    : it: 39000: Rolling KS test: D=0.024, p-value=0.311
08-04 13:06 nessai INFO    : it: 39000: n eval: 1179042 H: 33.96 dlogZ: 0.231 logZ: -38.129 +/- 0.184 logLmax: -0.48
08-04 13:06 nessai INFO    : Stopping with difference_log_evidence=0.100
08-04 13:06 nessai INFO    : Finalising
08-04 13:06 nessai INFO    : Final ln-evidence: -38.031 +/- 0.185
08-04 13:06 nessai INFO    : Information: 34.13
08-04 13:06 nessai INFO    : Final KS test: D=0.007781, p-value=0.007971
08-04 13:06 nessai WARNING : Final p-value for the insertion indices is less than 0.05, this could be an indication of problems during sampling. Consider checking the diagnostic plots.
08-04 13:06 nessai INFO    : Checkpointing nested sampling
08-04 13:06 nessai INFO    : Total sampling time: 0:04:56.078385
08-04 13:06 nessai INFO    : Total training time: 0:01:34.762895
08-04 13:06 nessai INFO    : Total population time: 0:01:40.289383
08-04 13:06 nessai INFO    : Total likelihood evaluations: 1229042
08-04 13:06 nessai INFO    : Time spent evaluating likelihood: 0:00:47.559286
08-04 13:06 nessai INFO    : Total sampling time: 0:04:56.078385
08-04 13:06 nessai INFO    : Total likelihood evaluations: 1229042
08-04 13:06 nessai INFO    : Starting post processing
08-04 13:06 nessai INFO    : Computing posterior samples
08-04 13:06 nessai INFO    : Effective sample size: 6792.2
08-04 13:06 nessai INFO    : Producing posterior samples using rejection sampling
08-04 13:06 nessai INFO    : Expect 4832.3631248410375 samples from rejection sampling
08-04 13:06 nessai INFO    : Returned 4897 posterior samples
08-04 13:06 nessai INFO    : Starting to close worker pool.
08-04 13:06 nessai INFO    : Finished closing worker pool.
