/data/wiay/postgrads/shashwat/qunat_com_future/lib/python3.11/site-packages/nessai/utils/logging.py:133: FutureWarning: setup_logger is deprecated, use configure_logger instead
  warnings.warn(
08-04 10:13 nessai INFO    : Running Nessai version 0.15.2
08-04 10:13 nessai INFO    : Starting multiprocessing pool with 4 processes
08-04 10:13 nessai INFO    : Initialising nested sampler
08-04 10:13 nessai WARNING : Multiprocessing pool has already been configured.
/data/wiay/postgrads/shashwat/qunat_com_future/lib/python3.11/site-packages/nessai/gw/__init__.py:12: FutureWarning: The `nessai.gw` module will be deprecated in the next release in favour of the nessai-gw package. This packages provides the same functionality as`nessai.gw` via the plugin interface.For more details, see: https://github.com/mj-will/nessai-gw
  warnings.warn(
08-04 10:13 nessai INFO    : Passing kwargs to FlowProposal: {'poolsize': 1000}
08-04 10:13 nessai INFO    : No reparameterisations provided, using default reparameterisations included in FlowProposal
08-04 10:13 nessai INFO    : Adding reparameterisations from: {}
08-04 10:13 nessai INFO    : Assuming fallback reparameterisation (ScaleAndShift) for ['kappa', 'mu_xi', 'sigma_chi', 'sigma_xi', 'rho', 'lambda_chi', 'chi0', 'xi0'] with kwargs: {'estimate_scale': True, 'estimate_shift': True, 'prior_bounds': {'kappa': array([0.1, 5. ]), 'mu_xi': array([0. , 0.1]), 'sigma_chi': array([0.05, 0.6 ]), 'sigma_xi': array([0.05, 0.4 ]), 'rho': array([-0.9,  0.9]), 'lambda_chi': array([-0.5,  0.5]), 'chi0': array([-0.5,  0.5]), 'xi0': array([2.5, 5. ])}}.
08-04 10:13 nessai INFO    : x space parameters: ['kappa', 'mu_xi', 'sigma_chi', 'sigma_xi', 'rho', 'lambda_chi', 'chi0', 'xi0']
08-04 10:13 nessai INFO    : x prime space parameters: ['kappa_prime', 'mu_xi_prime', 'sigma_chi_prime', 'sigma_xi_prime', 'rho_prime', 'lambda_chi_prime', 'chi0_prime', 'xi0_prime']
08-04 10:13 nessai INFO    : Overwriting fuzz factor with expansion fraction
08-04 10:13 nessai INFO    : New fuzz factor: 1.2228445449938519
08-04 10:13 nessai INFO    : Verifying rescaling functions
08-04 10:13 nessai INFO    : Rescaling functions are invertible
08-04 10:13 nessai INFO    : Populating initial live points
08-04 10:13 nessai INFO    : Populated 100 / 1000 live points
08-04 10:13 nessai INFO    : Populated 200 / 1000 live points
08-04 10:13 nessai INFO    : Populated 300 / 1000 live points
08-04 10:13 nessai INFO    : Populated 400 / 1000 live points
08-04 10:13 nessai INFO    : Populated 500 / 1000 live points
08-04 10:13 nessai INFO    : Populated 600 / 1000 live points
08-04 10:13 nessai INFO    : Populated 700 / 1000 live points
08-04 10:13 nessai INFO    : Populated 800 / 1000 live points
08-04 10:13 nessai INFO    : Populated 900 / 1000 live points
08-04 10:13 nessai INFO    : Populated 1000 / 1000 live points
08-04 10:13 nessai INFO    : Starting nested sampling loop
08-04 10:13 nessai INFO    : it:  1000: Rolling KS test: D=0.038, p-value=0.05428
08-04 10:13 nessai INFO    : it:  1000: n eval: 3000 H: 7.91 dlogZ: 8894490.380 logZ: -8898628.314 +/- 0.089 logLmax: -4136.94
08-04 10:13 nessai INFO    : it:  2000: Rolling KS test: D=0.032, p-value=0.1263
08-04 10:13 nessai INFO    : it:  2000: n eval: 8000 H: 8.91 dlogZ: 524000.211 logZ: -527808.380 +/- 0.094 logLmax: -3806.17
08-04 10:13 nessai INFO    : Switching to FlowProposal
/data/wiay/postgrads/shashwat/qunat_com_future/lib/python3.11/site-packages/torch/autograd/graph.py:882: UserWarning: CUDA initialization: The NVIDIA driver on your system is too old (found version 12020). Please update your GPU driver by downloading and installing a new version from the URL: http://www.nvidia.com/Download/index.aspx Alternatively, go to: https://pytorch.org to install a PyTorch version that has been compiled with your version of the CUDA driver. (Triggered internally at /pytorch/c10/cuda/CUDAFunctions.cpp:119.)
  return Variable._execution_engine.run_backward(  # Calls into the C++ engine to run the backward pass
08-04 10:13 nessai INFO    : it:  3000: Rolling KS test: D=0.022, p-value=0.3744
08-04 10:13 nessai INFO    : it:  3000: n eval: 11913 H: 9.91 dlogZ: 148649.281 logZ: -150913.558 +/- 0.100 logLmax: -2261.28
08-04 10:13 nessai INFO    : it:  4000: Rolling KS test: D=0.003, p-value=0.9802
08-04 10:13 nessai INFO    : it:  4000: n eval: 15702 H: 10.91 dlogZ: 65384.577 logZ: -66137.790 +/- 0.104 logLmax: -749.21
08-04 10:13 nessai INFO    : it:  5000: Rolling KS test: D=0.039, p-value=0.0465
08-04 10:13 nessai INFO    : it:  5000: n eval: 21143 H: 11.91 dlogZ: 31693.170 logZ: -31916.837 +/- 0.109 logLmax: -218.67
08-04 10:13 nessai INFO    : it:  6000: Rolling KS test: D=0.022, p-value=0.3744
08-04 10:13 nessai INFO    : it:  6000: n eval: 25677 H: 12.56 dlogZ: 15972.312 logZ: -16196.979 +/- 0.112 logLmax: -218.67
08-04 10:14 nessai INFO    : it:  7000: Rolling KS test: D=0.026, p-value=0.2543
08-04 10:14 nessai INFO    : it:  7000: n eval: 30551 H: 13.45 dlogZ: 7861.795 logZ: -8087.462 +/- 0.116 logLmax: -218.67
08-04 10:14 nessai INFO    : it:  8000: Rolling KS test: D=0.022, p-value=0.3744
08-04 10:14 nessai INFO    : it:  8000: n eval: 35836 H: 13.81 dlogZ: 4227.556 logZ: -4303.978 +/- 0.118 logLmax: -68.42
08-04 10:14 nessai INFO    : it:  9000: Rolling KS test: D=0.015, p-value=0.6313
08-04 10:14 nessai INFO    : it:  9000: n eval: 38039 H: 15.90 dlogZ: 2307.668 logZ: -2332.058 +/- 0.126 logLmax: -15.39
08-04 10:14 nessai INFO    : it: 10000: Rolling KS test: D=0.01, p-value=0.8133
08-04 10:14 nessai INFO    : it: 10000: n eval: 45157 H: 16.08 dlogZ: 1294.446 logZ: -1319.836 +/- 0.127 logLmax: -15.39
08-04 10:14 nessai INFO    : it: 11000: Rolling KS test: D=0.023, p-value=0.3419
08-04 10:14 nessai INFO    : it: 11000: n eval: 50177 H: 15.63 dlogZ: 706.146 logZ: -732.536 +/- 0.125 logLmax: -15.39
08-04 10:14 nessai INFO    : it: 12000: Rolling KS test: D=0.04, p-value=0.03967
08-04 10:14 nessai INFO    : it: 12000: n eval: 55142 H: 16.57 dlogZ: 418.564 logZ: -445.954 +/- 0.129 logLmax: -15.39
08-04 10:14 nessai INFO    : it: 13000: Rolling KS test: D=0.027, p-value=0.2286
08-04 10:14 nessai INFO    : it: 13000: n eval: 57459 H: 16.63 dlogZ: 242.670 logZ: -261.688 +/- 0.129 logLmax: -6.02
08-04 10:14 nessai INFO    : it: 14000: Rolling KS test: D=0.02, p-value=0.4434
08-04 10:14 nessai INFO    : it: 14000: n eval: 64843 H: 17.35 dlogZ: 139.444 logZ: -159.462 +/- 0.132 logLmax: -6.02
08-04 10:14 nessai INFO    : it: 15000: Rolling KS test: D=0.017, p-value=0.5547
08-04 10:14 nessai INFO    : it: 15000: n eval: 70167 H: 17.61 dlogZ: 86.380 logZ: -105.955 +/- 0.133 logLmax: -4.58
08-04 10:14 nessai INFO    : it: 16000: Rolling KS test: D=0.016, p-value=0.593
08-04 10:14 nessai INFO    : it: 16000: n eval: 76895 H: 18.13 dlogZ: 52.276 logZ: -72.851 +/- 0.135 logLmax: -4.58
08-04 10:14 nessai INFO    : it: 17000: Rolling KS test: D=0.024, p-value=0.311
08-04 10:14 nessai INFO    : it: 17000: n eval: 82516 H: 18.70 dlogZ: 32.796 logZ: -52.993 +/- 0.137 logLmax: -3.20
08-04 10:14 nessai INFO    : it: 18000: Rolling KS test: D=0.016, p-value=0.593
08-04 10:14 nessai INFO    : it: 18000: n eval: 88756 H: 19.11 dlogZ: 20.408 logZ: -41.605 +/- 0.138 logLmax: -3.20
08-04 10:14 nessai INFO    : it: 19000: Rolling KS test: D=0.031, p-value=0.1433
08-04 10:14 nessai INFO    : it: 19000: n eval: 98231 H: 19.57 dlogZ: 12.938 logZ: -34.971 +/- 0.140 logLmax: -3.03
08-04 10:15 nessai INFO    : it: 20000: Rolling KS test: D=0.024, p-value=0.311
08-04 10:15 nessai INFO    : it: 20000: n eval: 105695 H: 19.93 dlogZ: 7.947 logZ: -30.980 +/- 0.141 logLmax: -3.03
08-04 10:15 nessai INFO    : it: 21000: Rolling KS test: D=0.032, p-value=0.1263
08-04 10:15 nessai INFO    : it: 21000: n eval: 117663 H: 20.34 dlogZ: 5.066 logZ: -28.696 +/- 0.143 logLmax: -2.64
08-04 10:15 nessai INFO    : it: 22000: Rolling KS test: D=0.016, p-value=0.593
08-04 10:15 nessai INFO    : it: 22000: n eval: 130893 H: 20.63 dlogZ: 2.848 logZ: -27.424 +/- 0.144 logLmax: -2.64
08-04 10:15 nessai INFO    : it: 23000: Rolling KS test: D=0.013, p-value=0.7071
08-04 10:15 nessai INFO    : it: 23000: n eval: 154950 H: 20.86 dlogZ: 1.737 logZ: -26.751 +/- 0.144 logLmax: -2.21
08-04 10:15 nessai INFO    : it: 24000: Rolling KS test: D=0.025, p-value=0.2818
08-04 10:15 nessai INFO    : it: 24000: n eval: 176359 H: 21.03 dlogZ: 0.793 logZ: -26.398 +/- 0.145 logLmax: -2.21
08-04 10:15 nessai INFO    : it: 25000: Rolling KS test: D=0.018, p-value=0.5169
08-04 10:15 nessai INFO    : it: 25000: n eval: 214601 H: 21.14 dlogZ: 0.368 logZ: -26.223 +/- 0.145 logLmax: -2.03
08-04 10:16 nessai INFO    : it: 26000: Rolling KS test: D=0.016, p-value=0.593
08-04 10:16 nessai INFO    : it: 26000: n eval: 263823 H: 21.20 dlogZ: 0.147 logZ: -26.141 +/- 0.146 logLmax: -1.99
08-04 10:16 nessai INFO    : Stopping with difference_log_evidence=0.100
08-04 10:16 nessai INFO    : Finalising
08-04 10:16 nessai INFO    : Final ln-evidence: -26.077 +/- 0.146
08-04 10:16 nessai INFO    : Information: 21.27
08-04 10:16 nessai INFO    : Final KS test: D=0.006971, p-value=0.07658
08-04 10:16 nessai INFO    : Checkpointing nested sampling
08-04 10:16 nessai INFO    : Total sampling time: 0:02:34.663452
08-04 10:16 nessai INFO    : Total training time: 0:00:55.774279
08-04 10:16 nessai INFO    : Total population time: 0:00:37.339970
08-04 10:16 nessai INFO    : Total likelihood evaluations: 283823
08-04 10:16 nessai INFO    : Time spent evaluating likelihood: 0:00:17.171579
08-04 10:16 nessai INFO    : Total sampling time: 0:02:34.663452
08-04 10:16 nessai INFO    : Total likelihood evaluations: 283823
08-04 10:16 nessai INFO    : Starting post processing
08-04 10:16 nessai INFO    : Computing posterior samples
08-04 10:16 nessai INFO    : Effective sample size: 5586.2
08-04 10:16 nessai INFO    : Producing posterior samples using rejection sampling
08-04 10:16 nessai INFO    : Expect 3932.645715147618 samples from rejection sampling
08-04 10:16 nessai INFO    : Returned 3899 posterior samples
08-04 10:16 nessai INFO    : Starting to close worker pool.
08-04 10:16 nessai INFO    : Finished closing worker pool.
