/data/wiay/postgrads/shashwat/qunat_com_future/lib/python3.11/site-packages/nessai/utils/logging.py:133: FutureWarning: setup_logger is deprecated, use configure_logger instead
  warnings.warn(
08-04 15:29 nessai INFO    : Running Nessai version 0.15.2
08-04 15:29 nessai INFO    : Starting multiprocessing pool with 4 processes
08-04 15:29 nessai INFO    : Initialising nested sampler
08-04 15:29 nessai WARNING : Multiprocessing pool has already been configured.
/data/wiay/postgrads/shashwat/qunat_com_future/lib/python3.11/site-packages/nessai/gw/__init__.py:12: FutureWarning: The `nessai.gw` module will be deprecated in the next release in favour of the nessai-gw package. This packages provides the same functionality as`nessai.gw` via the plugin interface.For more details, see: https://github.com/mj-will/nessai-gw
  warnings.warn(
08-04 15:29 nessai INFO    : Passing kwargs to FlowProposal: {'poolsize': 1000}
08-04 15:29 nessai INFO    : No reparameterisations provided, using default reparameterisations included in FlowProposal
08-04 15:29 nessai INFO    : Adding reparameterisations from: {}
08-04 15:29 nessai INFO    : Assuming fallback reparameterisation (ScaleAndShift) for ['kappa', 'mu_xi', 'sigma_chi', 'sigma_xi', 'rho', 'lambda_chi', 'chi0', 'xi0'] with kwargs: {'estimate_scale': True, 'estimate_shift': True, 'prior_bounds': {'kappa': array([0.1, 5. ]), 'mu_xi': array([0. , 0.1]), 'sigma_chi': array([0.05, 0.6 ]), 'sigma_xi': array([0.05, 0.4 ]), 'rho': array([-0.9,  0.9]), 'lambda_chi': array([-0.5,  0.5]), 'chi0': array([-0.5,  0.5]), 'xi0': array([2.5, 5. ])}}.
08-04 15:29 nessai INFO    : x space parameters: ['kappa', 'mu_xi', 'sigma_chi', 'sigma_xi', 'rho', 'lambda_chi', 'chi0', 'xi0']
08-04 15:29 nessai INFO    : x prime space parameters: ['kappa_prime', 'mu_xi_prime', 'sigma_chi_prime', 'sigma_xi_prime', 'rho_prime', 'lambda_chi_prime', 'chi0_prime', 'xi0_prime']
08-04 15:29 nessai INFO    : Overwriting fuzz factor with expansion fraction
08-04 15:29 nessai INFO    : New fuzz factor: 1.2228445449938519
08-04 15:29 nessai INFO    : Verifying rescaling functions
08-04 15:29 nessai INFO    : Rescaling functions are invertible
08-04 15:29 nessai INFO    : Populating initial live points
08-04 15:29 nessai INFO    : Populated 100 / 1000 live points
08-04 15:29 nessai INFO    : Populated 200 / 1000 live points
08-04 15:29 nessai INFO    : Populated 300 / 1000 live points
08-04 15:29 nessai INFO    : Populated 400 / 1000 live points
08-04 15:29 nessai INFO    : Populated 500 / 1000 live points
08-04 15:29 nessai INFO    : Populated 600 / 1000 live points
08-04 15:29 nessai INFO    : Populated 700 / 1000 live points
08-04 15:29 nessai INFO    : Populated 800 / 1000 live points
08-04 15:29 nessai INFO    : Populated 900 / 1000 live points
08-04 15:29 nessai INFO    : Populated 1000 / 1000 live points
08-04 15:29 nessai INFO    : Starting nested sampling loop
08-04 15:29 nessai INFO    : it:  1000: Rolling KS test: D=0.014, p-value=0.6695
08-04 15:29 nessai INFO    : it:  1000: n eval: 3000 H: 7.91 dlogZ: 5554787.313 logZ: -5557608.314 +/- 0.089 logLmax: -2820.00
08-04 15:29 nessai INFO    : it:  2000: Rolling KS test: D=0.016, p-value=0.593
08-04 15:29 nessai INFO    : it:  2000: n eval: 8000 H: 8.91 dlogZ: 473413.340 logZ: -476158.769 +/- 0.094 logLmax: -2743.43
08-04 15:29 nessai INFO    : Switching to FlowProposal
08-04 15:29 nessai INFO    : it:  3000: Rolling KS test: D=0.033, p-value=0.1108
08-04 15:29 nessai INFO    : it:  3000: n eval: 11907 H: 9.91 dlogZ: 151815.844 logZ: -152533.904 +/- 0.100 logLmax: -715.06
08-04 15:29 nessai INFO    : it:  4000: Rolling KS test: D=0.019, p-value=0.4797
08-04 15:29 nessai INFO    : it:  4000: n eval: 15726 H: 10.91 dlogZ: 60097.813 logZ: -60816.873 +/- 0.104 logLmax: -715.06
08-04 15:29 nessai INFO    : it:  5000: Rolling KS test: D=0.025, p-value=0.2818
08-04 15:29 nessai INFO    : it:  5000: n eval: 19722 H: 11.43 dlogZ: 27940.015 logZ: -28421.840 +/- 0.107 logLmax: -476.83
08-04 15:29 nessai INFO    : it:  6000: Rolling KS test: D=0.01, p-value=0.8133
08-04 15:29 nessai INFO    : it:  6000: n eval: 21877 H: 12.85 dlogZ: 13198.221 logZ: -13681.045 +/- 0.113 logLmax: -476.83
08-04 15:29 nessai INFO    : it:  7000: Rolling KS test: D=0.012, p-value=0.7438
08-04 15:29 nessai INFO    : it:  7000: n eval: 29115 H: 13.56 dlogZ: 6672.073 logZ: -7042.772 +/- 0.116 logLmax: -363.70
08-04 15:29 nessai INFO    : it:  8000: Rolling KS test: D=0.022, p-value=0.3744
08-04 15:29 nessai INFO    : it:  8000: n eval: 31433 H: 13.81 dlogZ: 3610.509 logZ: -3746.037 +/- 0.118 logLmax: -127.53
08-04 15:29 nessai INFO    : it:  9000: Rolling KS test: D=0.014, p-value=0.6695
08-04 15:29 nessai INFO    : it:  9000: n eval: 35830 H: 15.78 dlogZ: 2072.862 logZ: -2135.976 +/- 0.126 logLmax: -54.11
08-04 15:29 nessai INFO    : it: 10000: Rolling KS test: D=0.025, p-value=0.2818
08-04 15:29 nessai INFO    : it: 10000: n eval: 43552 H: 15.40 dlogZ: 1217.190 logZ: -1281.303 +/- 0.124 logLmax: -54.11
08-04 15:29 nessai INFO    : it: 11000: Rolling KS test: D=0.007, p-value=0.9024
08-04 15:29 nessai INFO    : it: 11000: n eval: 50154 H: 16.10 dlogZ: 741.169 logZ: -806.283 +/- 0.127 logLmax: -54.11
08-04 15:29 nessai INFO    : it: 12000: Rolling KS test: D=0.025, p-value=0.2818
08-04 15:29 nessai INFO    : it: 12000: n eval: 56213 H: 16.22 dlogZ: 521.136 logZ: -558.580 +/- 0.127 logLmax: -25.45
08-04 15:30 nessai INFO    : it: 13000: Rolling KS test: D=0.013, p-value=0.7071
08-04 15:30 nessai INFO    : it: 13000: n eval: 65827 H: 16.84 dlogZ: 356.107 logZ: -380.774 +/- 0.130 logLmax: -11.67
08-04 15:30 nessai INFO    : it: 14000: Rolling KS test: D=0.037, p-value=0.06311
08-04 15:30 nessai INFO    : it: 14000: n eval: 77174 H: 17.47 dlogZ: 228.543 logZ: -254.210 +/- 0.132 logLmax: -11.67
08-04 15:30 nessai INFO    : it: 15000: Rolling KS test: D=0.045, p-value=0.01689
08-04 15:30 nessai INFO    : it: 15000: n eval: 83871 H: 18.01 dlogZ: 141.215 logZ: -167.882 +/- 0.134 logLmax: -11.67
08-04 15:30 nessai INFO    : it: 16000: Rolling KS test: D=0.031, p-value=0.1433
08-04 15:30 nessai INFO    : it: 16000: n eval: 95714 H: 18.79 dlogZ: 88.384 logZ: -116.051 +/- 0.137 logLmax: -11.67
08-04 15:30 nessai INFO    : it: 17000: Rolling KS test: D=0.011, p-value=0.7794
08-04 15:30 nessai INFO    : it: 17000: n eval: 104126 H: 19.10 dlogZ: 55.485 logZ: -84.152 +/- 0.138 logLmax: -11.67
08-04 15:30 nessai INFO    : it: 18000: Rolling KS test: D=0.024, p-value=0.311
08-04 15:30 nessai INFO    : it: 18000: n eval: 124641 H: 19.54 dlogZ: 34.421 logZ: -63.898 +/- 0.140 logLmax: -11.48
08-04 15:30 nessai INFO    : it: 19000: Rolling KS test: D=0.044, p-value=0.0202
08-04 15:30 nessai INFO    : it: 19000: n eval: 142785 H: 20.18 dlogZ: 23.953 logZ: -52.132 +/- 0.142 logLmax: -9.18
08-04 15:30 nessai INFO    : it: 20000: Rolling KS test: D=0.027, p-value=0.2286
08-04 15:30 nessai INFO    : it: 20000: n eval: 164611 H: 20.71 dlogZ: 16.453 logZ: -44.514 +/- 0.144 logLmax: -8.06
08-04 15:30 nessai INFO    : it: 21000: Rolling KS test: D=0.017, p-value=0.5547
08-04 15:30 nessai INFO    : it: 21000: n eval: 201705 H: 21.10 dlogZ: 11.914 logZ: -39.893 +/- 0.145 logLmax: -6.98
08-04 15:30 nessai INFO    : it: 22000: Rolling KS test: D=0.044, p-value=0.0202
08-04 15:30 nessai INFO    : it: 22000: n eval: 234673 H: 21.54 dlogZ: 9.060 logZ: -37.209 +/- 0.147 logLmax: -6.15
08-04 15:30 nessai INFO    : it: 23000: Rolling KS test: D=0.021, p-value=0.4082
08-04 15:30 nessai INFO    : it: 23000: n eval: 274306 H: 21.92 dlogZ: 6.563 logZ: -35.606 +/- 0.148 logLmax: -6.05
08-04 15:30 nessai INFO    : it: 24000: Rolling KS test: D=0.02, p-value=0.4434
08-04 15:30 nessai INFO    : it: 24000: n eval: 334306 H: 22.32 dlogZ: 5.791 logZ: -34.576 +/- 0.149 logLmax: -4.79
08-04 15:31 nessai INFO    : it: 25000: Rolling KS test: D=0.036, p-value=0.07308
08-04 15:31 nessai INFO    : it: 25000: n eval: 404306 H: 22.70 dlogZ: 4.139 logZ: -33.911 +/- 0.151 logLmax: -4.79
08-04 15:31 nessai INFO    : it: 26000: Rolling KS test: D=0.019, p-value=0.4797
08-04 15:31 nessai INFO    : it: 26000: n eval: 464306 H: 23.05 dlogZ: 2.744 logZ: -33.466 +/- 0.152 logLmax: -4.79
08-04 15:31 nessai INFO    : it: 27000: Rolling KS test: D=0.011, p-value=0.7794
08-04 15:31 nessai INFO    : it: 27000: n eval: 544306 H: 23.37 dlogZ: 1.727 logZ: -33.165 +/- 0.153 logLmax: -4.64
08-04 15:31 nessai INFO    : it: 28000: Rolling KS test: D=0.022, p-value=0.3744
08-04 15:31 nessai INFO    : it: 28000: n eval: 624306 H: 23.64 dlogZ: 1.139 logZ: -32.969 +/- 0.154 logLmax: -4.22
08-04 15:32 nessai INFO    : it: 29000: Rolling KS test: D=0.018, p-value=0.5169
08-04 15:32 nessai INFO    : it: 29000: n eval: 663755 H: 23.84 dlogZ: 0.668 logZ: -32.846 +/- 0.154 logLmax: -3.90
08-04 15:32 nessai INFO    : it: 30000: Rolling KS test: D=0.029, p-value=0.1825
08-04 15:32 nessai INFO    : it: 30000: n eval: 782682 H: 23.98 dlogZ: 0.281 logZ: -32.773 +/- 0.155 logLmax: -3.90
08-04 15:32 nessai INFO    : it: 31000: Rolling KS test: D=0.029, p-value=0.1825
08-04 15:32 nessai INFO    : it: 31000: n eval: 802881 H: 24.08 dlogZ: 0.131 logZ: -32.730 +/- 0.155 logLmax: -3.70
08-04 15:32 nessai INFO    : Stopping with difference_log_evidence=0.100
08-04 15:32 nessai INFO    : Finalising
08-04 15:32 nessai INFO    : Final ln-evidence: -32.686 +/- 0.156
08-04 15:32 nessai INFO    : Information: 24.20
08-04 15:32 nessai INFO    : Final KS test: D=0.009266, p-value=0.00458
08-04 15:32 nessai WARNING : Final p-value for the insertion indices is less than 0.05, this could be an indication of problems during sampling. Consider checking the diagnostic plots.
08-04 15:32 nessai INFO    : Checkpointing nested sampling
08-04 15:32 nessai INFO    : Total sampling time: 0:03:23.469043
08-04 15:32 nessai INFO    : Total training time: 0:00:50.395627
08-04 15:32 nessai INFO    : Total population time: 0:01:42.219124
08-04 15:32 nessai INFO    : Total likelihood evaluations: 809192
08-04 15:32 nessai INFO    : Time spent evaluating likelihood: 0:00:15.757861
08-04 15:32 nessai INFO    : Total sampling time: 0:03:23.469043
08-04 15:32 nessai INFO    : Total likelihood evaluations: 809192
08-04 15:32 nessai INFO    : Starting post processing
08-04 15:32 nessai INFO    : Computing posterior samples
08-04 15:32 nessai INFO    : Effective sample size: 8290.5
08-04 15:32 nessai INFO    : Producing posterior samples using rejection sampling
08-04 15:32 nessai INFO    : Expect 5886.9005477119745 samples from rejection sampling
08-04 15:32 nessai INFO    : Returned 5844 posterior samples
08-04 15:33 nessai INFO    : Starting to close worker pool.
08-04 15:33 nessai INFO    : Finished closing worker pool.
