/data/wiay/postgrads/shashwat/qunat_com_future/lib/python3.11/site-packages/nessai/utils/logging.py:133: FutureWarning: setup_logger is deprecated, use configure_logger instead
  warnings.warn(
08-04 11:59 nessai INFO    : Running Nessai version 0.15.2
08-04 11:59 nessai INFO    : Starting multiprocessing pool with 4 processes
08-04 11:59 nessai INFO    : Initialising nested sampler
08-04 11:59 nessai WARNING : Multiprocessing pool has already been configured.
/data/wiay/postgrads/shashwat/qunat_com_future/lib/python3.11/site-packages/nessai/gw/__init__.py:12: FutureWarning: The `nessai.gw` module will be deprecated in the next release in favour of the nessai-gw package. This packages provides the same functionality as`nessai.gw` via the plugin interface.For more details, see: https://github.com/mj-will/nessai-gw
  warnings.warn(
08-04 11:59 nessai INFO    : Passing kwargs to FlowProposal: {'poolsize': 1000}
08-04 11:59 nessai INFO    : No reparameterisations provided, using default reparameterisations included in FlowProposal
08-04 11:59 nessai INFO    : Adding reparameterisations from: {}
08-04 11:59 nessai INFO    : Assuming fallback reparameterisation (ScaleAndShift) for ['kappa', 'mu_xi', 'sigma_chi', 'sigma_xi', 'rho', 'lambda_chi', 'chi0', 'xi0'] with kwargs: {'estimate_scale': True, 'estimate_shift': True, 'prior_bounds': {'kappa': array([0.1, 5. ]), 'mu_xi': array([0. , 0.1]), 'sigma_chi': array([0.05, 0.6 ]), 'sigma_xi': array([0.05, 0.4 ]), 'rho': array([-0.9,  0.9]), 'lambda_chi': array([-0.5,  0.5]), 'chi0': array([-0.5,  0.5]), 'xi0': array([2.5, 5. ])}}.
08-04 11:59 nessai INFO    : x space parameters: ['kappa', 'mu_xi', 'sigma_chi', 'sigma_xi', 'rho', 'lambda_chi', 'chi0', 'xi0']
08-04 11:59 nessai INFO    : x prime space parameters: ['kappa_prime', 'mu_xi_prime', 'sigma_chi_prime', 'sigma_xi_prime', 'rho_prime', 'lambda_chi_prime', 'chi0_prime', 'xi0_prime']
08-04 11:59 nessai INFO    : Overwriting fuzz factor with expansion fraction
08-04 11:59 nessai INFO    : New fuzz factor: 1.2228445449938519
08-04 11:59 nessai INFO    : Verifying rescaling functions
08-04 11:59 nessai INFO    : Rescaling functions are invertible
08-04 11:59 nessai INFO    : Populating initial live points
08-04 11:59 nessai INFO    : Populated 100 / 1000 live points
08-04 11:59 nessai INFO    : Populated 200 / 1000 live points
08-04 11:59 nessai INFO    : Populated 300 / 1000 live points
08-04 11:59 nessai INFO    : Populated 400 / 1000 live points
08-04 11:59 nessai INFO    : Populated 500 / 1000 live points
08-04 11:59 nessai INFO    : Populated 600 / 1000 live points
08-04 11:59 nessai INFO    : Populated 700 / 1000 live points
08-04 11:59 nessai INFO    : Populated 800 / 1000 live points
08-04 11:59 nessai INFO    : Populated 900 / 1000 live points
08-04 11:59 nessai INFO    : Populated 1000 / 1000 live points
08-04 11:59 nessai INFO    : Starting nested sampling loop
08-04 11:59 nessai INFO    : it:  1000: Rolling KS test: D=0.018, p-value=0.5169
08-04 11:59 nessai INFO    : it:  1000: n eval: 3000 H: 7.91 dlogZ: 8137665.305 logZ: -8163880.009 +/- 0.089 logLmax: -26213.71
08-04 11:59 nessai INFO    : it:  2000: Rolling KS test: D=0.031, p-value=0.1433
08-04 11:59 nessai INFO    : it:  2000: n eval: 8000 H: 8.91 dlogZ: 2143371.484 logZ: -2148076.268 +/- 0.094 logLmax: -4702.78
08-04 11:59 nessai INFO    : Switching to FlowProposal
08-04 11:59 nessai INFO    : it:  3000: Rolling KS test: D=0.02, p-value=0.4434
08-04 11:59 nessai INFO    : it:  3000: n eval: 12247 H: 9.91 dlogZ: 771596.740 logZ: -776302.524 +/- 0.100 logLmax: -4702.78
08-04 11:59 nessai INFO    : it:  4000: Rolling KS test: D=0.024, p-value=0.311
08-04 11:59 nessai INFO    : it:  4000: n eval: 16201 H: 10.91 dlogZ: 314641.861 logZ: -317259.879 +/- 0.104 logLmax: -2614.02
08-04 11:59 nessai INFO    : it:  5000: Rolling KS test: D=0.016, p-value=0.593
08-04 11:59 nessai INFO    : it:  5000: n eval: 20888 H: 11.91 dlogZ: 133964.588 logZ: -135751.619 +/- 0.109 logLmax: -1782.03
08-04 12:00 nessai INFO    : it:  6000: Rolling KS test: D=0.007, p-value=0.9024
08-04 12:00 nessai INFO    : it:  6000: n eval: 25918 H: 12.91 dlogZ: 63424.173 logZ: -65212.204 +/- 0.114 logLmax: -1782.03
08-04 12:00 nessai INFO    : it:  7000: Rolling KS test: D=0.021, p-value=0.4082
08-04 12:00 nessai INFO    : it:  7000: n eval: 31319 H: 13.91 dlogZ: 30083.612 logZ: -30291.703 +/- 0.118 logLmax: -201.09
08-04 12:00 nessai INFO    : it:  8000: Rolling KS test: D=0.028, p-value=0.2046
08-04 12:00 nessai INFO    : it:  8000: n eval: 36233 H: 14.91 dlogZ: 14502.157 logZ: -14711.247 +/- 0.122 logLmax: -201.09
08-04 12:00 nessai INFO    : it:  9000: Rolling KS test: D=0.013, p-value=0.7071
08-04 12:00 nessai INFO    : it:  9000: n eval: 40788 H: 15.90 dlogZ: 7455.801 logZ: -7665.891 +/- 0.126 logLmax: -201.09
08-04 12:00 nessai INFO    : it: 10000: Rolling KS test: D=0.02, p-value=0.4434
08-04 12:00 nessai INFO    : it: 10000: n eval: 46032 H: 16.13 dlogZ: 4149.986 logZ: -4218.572 +/- 0.127 logLmax: -58.59
08-04 12:00 nessai INFO    : it: 11000: Rolling KS test: D=0.006, p-value=0.9268
08-04 12:00 nessai INFO    : it: 11000: n eval: 51921 H: 16.60 dlogZ: 2294.750 logZ: -2324.393 +/- 0.129 logLmax: -18.64
08-04 12:00 nessai INFO    : it: 12000: Rolling KS test: D=0.029, p-value=0.1825
08-04 12:00 nessai INFO    : it: 12000: n eval: 58306 H: 18.44 dlogZ: 1274.373 logZ: -1298.421 +/- 0.136 logLmax: -12.05
08-04 12:00 nessai INFO    : it: 13000: Rolling KS test: D=0.006, p-value=0.9268
08-04 12:00 nessai INFO    : it: 13000: n eval: 65996 H: 18.35 dlogZ: 701.551 logZ: -726.600 +/- 0.135 logLmax: -12.05
08-04 12:00 nessai INFO    : it: 14000: Rolling KS test: D=0.026, p-value=0.2543
08-04 12:00 nessai INFO    : it: 14000: n eval: 71324 H: 18.41 dlogZ: 389.927 logZ: -415.975 +/- 0.136 logLmax: -12.05
08-04 12:00 nessai INFO    : it: 15000: Rolling KS test: D=0.05, p-value=0.006506
08-04 12:00 nessai INFO    : it: 15000: n eval: 77176 H: 19.29 dlogZ: 220.307 logZ: -245.471 +/- 0.139 logLmax: -10.17
08-04 12:00 nessai INFO    : it: 16000: Rolling KS test: D=0.013, p-value=0.7071
08-04 12:00 nessai INFO    : it: 16000: n eval: 83004 H: 19.33 dlogZ: 123.276 logZ: -148.148 +/- 0.139 logLmax: -8.87
08-04 12:00 nessai INFO    : it: 17000: Rolling KS test: D=0.022, p-value=0.3744
08-04 12:00 nessai INFO    : it: 17000: n eval: 92456 H: 19.62 dlogZ: 68.534 logZ: -94.405 +/- 0.140 logLmax: -8.87
08-04 12:00 nessai INFO    : it: 18000: Rolling KS test: D=0.043, p-value=0.02406
08-04 12:00 nessai INFO    : it: 18000: n eval: 105895 H: 19.88 dlogZ: 41.996 logZ: -66.026 +/- 0.141 logLmax: -6.03
08-04 12:00 nessai INFO    : it: 19000: Rolling KS test: D=0.018, p-value=0.5169
08-04 12:00 nessai INFO    : it: 19000: n eval: 120362 H: 20.57 dlogZ: 26.401 logZ: -50.167 +/- 0.143 logLmax: -4.77
08-04 12:00 nessai INFO    : it: 20000: Rolling KS test: D=0.01, p-value=0.8133
08-04 12:00 nessai INFO    : it: 20000: n eval: 136791 H: 20.84 dlogZ: 16.685 logZ: -41.178 +/- 0.144 logLmax: -4.49
08-04 12:00 nessai INFO    : it: 21000: Rolling KS test: D=0.023, p-value=0.3419
08-04 12:00 nessai INFO    : it: 21000: n eval: 165987 H: 21.31 dlogZ: 11.992 logZ: -35.959 +/- 0.146 logLmax: -2.97
08-04 12:00 nessai INFO    : it: 22000: Rolling KS test: D=0.021, p-value=0.4082
08-04 12:00 nessai INFO    : it: 22000: n eval: 201938 H: 21.61 dlogZ: 8.098 logZ: -33.065 +/- 0.147 logLmax: -2.97
08-04 12:00 nessai INFO    : it: 23000: Rolling KS test: D=0.023, p-value=0.3419
08-04 12:00 nessai INFO    : it: 23000: n eval: 249417 H: 22.03 dlogZ: 5.851 logZ: -31.287 +/- 0.148 logLmax: -2.44
08-04 12:01 nessai INFO    : it: 24000: Rolling KS test: D=0.021, p-value=0.4082
08-04 12:01 nessai INFO    : it: 24000: n eval: 309417 H: 22.35 dlogZ: 3.920 logZ: -30.267 +/- 0.149 logLmax: -2.37
08-04 12:01 nessai INFO    : it: 25000: Rolling KS test: D=0.01, p-value=0.8133
08-04 12:01 nessai INFO    : it: 25000: n eval: 399417 H: 22.65 dlogZ: 2.387 logZ: -29.657 +/- 0.150 logLmax: -2.37
08-04 12:01 nessai INFO    : it: 26000: Rolling KS test: D=0.022, p-value=0.3744
08-04 12:01 nessai INFO    : it: 26000: n eval: 469417 H: 22.89 dlogZ: 1.607 logZ: -29.298 +/- 0.151 logLmax: -1.92
08-04 12:01 nessai INFO    : it: 27000: Rolling KS test: D=0.018, p-value=0.5169
08-04 12:01 nessai INFO    : it: 27000: n eval: 589417 H: 23.06 dlogZ: 0.822 logZ: -29.100 +/- 0.152 logLmax: -1.86
08-04 12:01 nessai INFO    : it: 28000: Rolling KS test: D=0.03, p-value=0.162
08-04 12:01 nessai INFO    : it: 28000: n eval: 729417 H: 23.18 dlogZ: 0.386 logZ: -28.995 +/- 0.152 logLmax: -1.75
08-04 12:02 nessai INFO    : it: 29000: Rolling KS test: D=0.031, p-value=0.1433
08-04 12:02 nessai INFO    : it: 29000: n eval: 919417 H: 23.25 dlogZ: 0.174 logZ: -28.941 +/- 0.152 logLmax: -1.60
08-04 12:02 nessai INFO    : Stopping with difference_log_evidence=0.100
08-04 12:02 nessai INFO    : Finalising
08-04 12:02 nessai INFO    : Final ln-evidence: -28.887 +/- 0.153
08-04 12:02 nessai INFO    : Information: 23.35
08-04 12:02 nessai INFO    : Final KS test: D=0.007266, p-value=0.0428
08-04 12:02 nessai WARNING : Final p-value for the insertion indices is less than 0.05, this could be an indication of problems during sampling. Consider checking the diagnostic plots.
08-04 12:02 nessai INFO    : Checkpointing nested sampling
08-04 12:02 nessai INFO    : Total sampling time: 0:02:49.164782
08-04 12:02 nessai INFO    : Total training time: 0:00:58.714153
08-04 12:02 nessai INFO    : Total population time: 0:00:56.919737
08-04 12:02 nessai INFO    : Total likelihood evaluations: 1079417
08-04 12:02 nessai INFO    : Time spent evaluating likelihood: 0:00:19.657090
08-04 12:02 nessai INFO    : Total sampling time: 0:02:49.164782
08-04 12:02 nessai INFO    : Total likelihood evaluations: 1079417
08-04 12:02 nessai INFO    : Starting post processing
08-04 12:02 nessai INFO    : Computing posterior samples
08-04 12:02 nessai INFO    : Effective sample size: 6603.8
08-04 12:02 nessai INFO    : Producing posterior samples using rejection sampling
08-04 12:02 nessai INFO    : Expect 4541.746507896102 samples from rejection sampling
08-04 12:02 nessai INFO    : Returned 4517 posterior samples
08-04 12:02 nessai INFO    : Starting to close worker pool.
08-04 12:02 nessai INFO    : Finished closing worker pool.
