/data/wiay/postgrads/shashwat/qunat_com_future/lib/python3.11/site-packages/nessai/utils/logging.py:133: FutureWarning: setup_logger is deprecated, use configure_logger instead
  warnings.warn(
08-04 12:55 nessai INFO    : Running Nessai version 0.15.2
08-04 12:55 nessai INFO    : Starting multiprocessing pool with 4 processes
08-04 12:55 nessai INFO    : Initialising nested sampler
08-04 12:55 nessai WARNING : Multiprocessing pool has already been configured.
/data/wiay/postgrads/shashwat/qunat_com_future/lib/python3.11/site-packages/nessai/gw/__init__.py:12: FutureWarning: The `nessai.gw` module will be deprecated in the next release in favour of the nessai-gw package. This packages provides the same functionality as`nessai.gw` via the plugin interface.For more details, see: https://github.com/mj-will/nessai-gw
  warnings.warn(
08-04 12:55 nessai INFO    : Passing kwargs to FlowProposal: {'poolsize': 1000}
08-04 12:55 nessai INFO    : No reparameterisations provided, using default reparameterisations included in FlowProposal
08-04 12:55 nessai INFO    : Adding reparameterisations from: {}
08-04 12:55 nessai INFO    : Assuming fallback reparameterisation (ScaleAndShift) for ['kappa', 'mu_xi', 'sigma_chi', 'sigma_xi', 'rho', 'lambda_chi', 'chi0', 'xi0'] with kwargs: {'estimate_scale': True, 'estimate_shift': True, 'prior_bounds': {'kappa': array([0.1, 5. ]), 'mu_xi': array([0. , 0.1]), 'sigma_chi': array([0.05, 0.6 ]), 'sigma_xi': array([0.05, 0.4 ]), 'rho': array([-0.9,  0.9]), 'lambda_chi': array([-0.5,  0.5]), 'chi0': array([-0.5,  0.5]), 'xi0': array([2.5, 5. ])}}.
08-04 12:55 nessai INFO    : x space parameters: ['kappa', 'mu_xi', 'sigma_chi', 'sigma_xi', 'rho', 'lambda_chi', 'chi0', 'xi0']
08-04 12:55 nessai INFO    : x prime space parameters: ['kappa_prime', 'mu_xi_prime', 'sigma_chi_prime', 'sigma_xi_prime', 'rho_prime', 'lambda_chi_prime', 'chi0_prime', 'xi0_prime']
08-04 12:55 nessai INFO    : Overwriting fuzz factor with expansion fraction
08-04 12:55 nessai INFO    : New fuzz factor: 1.2228445449938519
08-04 12:55 nessai INFO    : Verifying rescaling functions
08-04 12:55 nessai INFO    : Rescaling functions are invertible
08-04 12:55 nessai INFO    : Populating initial live points
08-04 12:55 nessai INFO    : Populated 100 / 1000 live points
08-04 12:55 nessai INFO    : Populated 200 / 1000 live points
08-04 12:55 nessai INFO    : Populated 300 / 1000 live points
08-04 12:55 nessai INFO    : Populated 400 / 1000 live points
08-04 12:55 nessai INFO    : Populated 500 / 1000 live points
08-04 12:55 nessai INFO    : Populated 600 / 1000 live points
08-04 12:55 nessai INFO    : Populated 700 / 1000 live points
08-04 12:55 nessai INFO    : Populated 800 / 1000 live points
08-04 12:55 nessai INFO    : Populated 900 / 1000 live points
08-04 12:55 nessai INFO    : Populated 1000 / 1000 live points
08-04 12:55 nessai INFO    : Starting nested sampling loop
08-04 12:55 nessai INFO    : it:  1000: Rolling KS test: D=0.014, p-value=0.6695
08-04 12:55 nessai INFO    : it:  1000: n eval: 3000 H: 7.91 dlogZ: 15244747.979 logZ: -15246962.851 +/- 0.089 logLmax: -2213.87
08-04 12:55 nessai INFO    : it:  2000: Rolling KS test: D=0.009, p-value=0.8454
08-04 12:55 nessai INFO    : it:  2000: n eval: 8000 H: 8.91 dlogZ: 1774332.932 logZ: -1776533.949 +/- 0.094 logLmax: -2199.02
08-04 12:55 nessai INFO    : Switching to FlowProposal
08-04 12:55 nessai INFO    : it:  3000: Rolling KS test: D=0.013, p-value=0.7071
08-04 12:55 nessai INFO    : it:  3000: n eval: 10207 H: 9.91 dlogZ: 377889.055 logZ: -379839.974 +/- 0.100 logLmax: -1947.92
08-04 12:55 nessai INFO    : it:  4000: Rolling KS test: D=0.039, p-value=0.0465
08-04 12:55 nessai INFO    : it:  4000: n eval: 13104 H: 10.91 dlogZ: 99143.209 logZ: -99619.013 +/- 0.104 logLmax: -471.81
08-04 12:55 nessai INFO    : it:  5000: Rolling KS test: D=0.021, p-value=0.4082
08-04 12:55 nessai INFO    : it:  5000: n eval: 16330 H: 11.91 dlogZ: 32264.180 logZ: -32710.306 +/- 0.109 logLmax: -441.13
08-04 12:55 nessai INFO    : it:  6000: Rolling KS test: D=0.031, p-value=0.1433
08-04 12:55 nessai INFO    : it:  6000: n eval: 20338 H: 12.91 dlogZ: 13655.227 logZ: -14102.353 +/- 0.114 logLmax: -441.13
08-04 12:56 nessai INFO    : it:  7000: Rolling KS test: D=0.007, p-value=0.9024
08-04 12:56 nessai INFO    : it:  7000: n eval: 22253 H: 13.89 dlogZ: 6103.474 logZ: -6323.795 +/- 0.118 logLmax: -213.32
08-04 12:56 nessai INFO    : it:  8000: Rolling KS test: D=0.017, p-value=0.5547
08-04 12:56 nessai INFO    : it:  8000: n eval: 26037 H: 13.53 dlogZ: 3004.409 logZ: -3055.963 +/- 0.116 logLmax: -43.55
08-04 12:56 nessai INFO    : it:  9000: Rolling KS test: D=0.023, p-value=0.3419
08-04 12:56 nessai INFO    : it:  9000: n eval: 29784 H: 14.98 dlogZ: 1555.817 logZ: -1608.371 +/- 0.122 logLmax: -43.55
08-04 12:56 nessai INFO    : it: 10000: Rolling KS test: D=0.046, p-value=0.01407
08-04 12:56 nessai INFO    : it: 10000: n eval: 34320 H: 14.82 dlogZ: 905.112 logZ: -930.890 +/- 0.122 logLmax: -15.78
08-04 12:56 nessai INFO    : it: 11000: Rolling KS test: D=0.016, p-value=0.593
08-04 12:56 nessai INFO    : it: 11000: n eval: 39584 H: 16.58 dlogZ: 560.572 logZ: -587.350 +/- 0.129 logLmax: -15.78
08-04 12:56 nessai INFO    : it: 12000: Rolling KS test: D=0.026, p-value=0.2543
08-04 12:56 nessai INFO    : it: 12000: n eval: 44181 H: 16.20 dlogZ: 356.446 logZ: -377.269 +/- 0.127 logLmax: -8.82
08-04 12:56 nessai INFO    : it: 13000: Rolling KS test: D=0.027, p-value=0.2286
08-04 12:56 nessai INFO    : it: 13000: n eval: 49462 H: 16.83 dlogZ: 221.785 logZ: -243.608 +/- 0.130 logLmax: -8.82
08-04 12:56 nessai INFO    : it: 14000: Rolling KS test: D=0.033, p-value=0.1108
08-04 12:56 nessai INFO    : it: 14000: n eval: 54613 H: 17.27 dlogZ: 135.961 logZ: -158.784 +/- 0.131 logLmax: -8.82
08-04 12:56 nessai INFO    : it: 15000: Rolling KS test: D=0.009, p-value=0.8454
08-04 12:56 nessai INFO    : it: 15000: n eval: 59605 H: 17.64 dlogZ: 82.670 logZ: -105.506 +/- 0.133 logLmax: -7.84
08-04 12:56 nessai INFO    : it: 16000: Rolling KS test: D=0.03, p-value=0.162
08-04 12:56 nessai INFO    : it: 16000: n eval: 66199 H: 18.14 dlogZ: 50.651 logZ: -73.905 +/- 0.135 logLmax: -7.26
08-04 12:56 nessai INFO    : it: 17000: Rolling KS test: D=0.046, p-value=0.01407
08-04 12:56 nessai INFO    : it: 17000: n eval: 78984 H: 18.66 dlogZ: 32.621 logZ: -55.513 +/- 0.137 logLmax: -5.89
08-04 12:56 nessai INFO    : it: 18000: Rolling KS test: D=0.004, p-value=0.9659
08-04 12:56 nessai INFO    : it: 18000: n eval: 85336 H: 19.07 dlogZ: 19.327 logZ: -43.220 +/- 0.138 logLmax: -5.89
08-04 12:56 nessai INFO    : it: 19000: Rolling KS test: D=0.018, p-value=0.5169
08-04 12:56 nessai INFO    : it: 19000: n eval: 98039 H: 19.48 dlogZ: 12.724 logZ: -36.793 +/- 0.140 logLmax: -5.07
08-04 12:56 nessai INFO    : it: 20000: Rolling KS test: D=0.015, p-value=0.6313
08-04 12:56 nessai INFO    : it: 20000: n eval: 105665 H: 19.91 dlogZ: 8.175 logZ: -33.022 +/- 0.141 logLmax: -4.85
08-04 12:56 nessai INFO    : it: 21000: Rolling KS test: D=0.041, p-value=0.03371
08-04 12:56 nessai INFO    : it: 21000: n eval: 117175 H: 20.26 dlogZ: 5.697 logZ: -30.845 +/- 0.142 logLmax: -4.15
08-04 12:56 nessai INFO    : it: 22000: Rolling KS test: D=0.06, p-value=0.0007143
08-04 12:56 nessai INFO    : it: 22000: n eval: 130621 H: 20.57 dlogZ: 3.502 logZ: -29.622 +/- 0.143 logLmax: -4.15
08-04 12:56 nessai INFO    : it: 23000: Rolling KS test: D=0.035, p-value=0.08429
08-04 12:56 nessai INFO    : it: 23000: n eval: 147318 H: 20.81 dlogZ: 1.967 logZ: -28.968 +/- 0.144 logLmax: -4.15
08-04 12:56 nessai INFO    : it: 24000: Rolling KS test: D=0.034, p-value=0.09683
08-04 12:57 nessai INFO    : it: 24000: n eval: 164338 H: 20.99 dlogZ: 1.019 logZ: -28.622 +/- 0.145 logLmax: -4.05
08-04 12:57 nessai INFO    : it: 25000: Rolling KS test: D=0.03, p-value=0.162
08-04 12:57 nessai INFO    : it: 25000: n eval: 174222 H: 21.12 dlogZ: 0.439 logZ: -28.439 +/- 0.145 logLmax: -4.04
08-04 12:57 nessai INFO    : it: 26000: Rolling KS test: D=0.019, p-value=0.4797
08-04 12:57 nessai INFO    : it: 26000: n eval: 188898 H: 21.21 dlogZ: 0.198 logZ: -28.344 +/- 0.146 logLmax: -3.86
08-04 12:57 nessai INFO    : Stopping with difference_log_evidence=0.100
08-04 12:57 nessai INFO    : Finalising
08-04 12:57 nessai INFO    : Final ln-evidence: -28.255 +/- 0.146
08-04 12:57 nessai INFO    : Information: 21.33
08-04 12:57 nessai INFO    : Final KS test: D=0.01226, p-value=0.0003246
08-04 12:57 nessai WARNING : Final p-value for the insertion indices is less than 0.05, this could be an indication of problems during sampling. Consider checking the diagnostic plots.
08-04 12:57 nessai INFO    : Checkpointing nested sampling
08-04 12:57 nessai INFO    : Total sampling time: 0:01:26.872773
08-04 12:57 nessai INFO    : Total training time: 0:00:29.263063
08-04 12:57 nessai INFO    : Total population time: 0:00:18.236501
08-04 12:57 nessai INFO    : Total likelihood evaluations: 200146
08-04 12:57 nessai INFO    : Time spent evaluating likelihood: 0:00:07.977767
08-04 12:57 nessai INFO    : Total sampling time: 0:01:26.872773
08-04 12:57 nessai INFO    : Total likelihood evaluations: 200146
08-04 12:57 nessai INFO    : Starting post processing
08-04 12:57 nessai INFO    : Computing posterior samples
08-04 12:57 nessai INFO    : Effective sample size: 6006.8
08-04 12:57 nessai INFO    : Producing posterior samples using rejection sampling
08-04 12:57 nessai INFO    : Expect 4105.895074473005 samples from rejection sampling
08-04 12:57 nessai INFO    : Returned 4116 posterior samples
08-04 12:57 nessai INFO    : Starting to close worker pool.
08-04 12:57 nessai INFO    : Finished closing worker pool.
