/data/wiay/postgrads/shashwat/qunat_com_future/lib/python3.11/site-packages/nessai/utils/logging.py:133: FutureWarning: setup_logger is deprecated, use configure_logger instead
  warnings.warn(
08-04 15:07 nessai INFO    : Running Nessai version 0.15.2
08-04 15:07 nessai INFO    : Starting multiprocessing pool with 4 processes
08-04 15:07 nessai INFO    : Initialising nested sampler
08-04 15:07 nessai WARNING : Multiprocessing pool has already been configured.
/data/wiay/postgrads/shashwat/qunat_com_future/lib/python3.11/site-packages/nessai/gw/__init__.py:12: FutureWarning: The `nessai.gw` module will be deprecated in the next release in favour of the nessai-gw package. This packages provides the same functionality as`nessai.gw` via the plugin interface.For more details, see: https://github.com/mj-will/nessai-gw
  warnings.warn(
08-04 15:07 nessai INFO    : Passing kwargs to FlowProposal: {'poolsize': 1000}
08-04 15:07 nessai INFO    : No reparameterisations provided, using default reparameterisations included in FlowProposal
08-04 15:07 nessai INFO    : Adding reparameterisations from: {}
08-04 15:07 nessai INFO    : Assuming fallback reparameterisation (ScaleAndShift) for ['kappa', 'mu_xi', 'sigma_chi', 'sigma_xi', 'rho', 'lambda_chi', 'chi0', 'xi0'] with kwargs: {'estimate_scale': True, 'estimate_shift': True, 'prior_bounds': {'kappa': array([0.1, 5. ]), 'mu_xi': array([0. , 0.1]), 'sigma_chi': array([0.05, 0.6 ]), 'sigma_xi': array([0.05, 0.4 ]), 'rho': array([-0.9,  0.9]), 'lambda_chi': array([-0.5,  0.5]), 'chi0': array([-0.5,  0.5]), 'xi0': array([2.5, 5. ])}}.
08-04 15:07 nessai INFO    : x space parameters: ['kappa', 'mu_xi', 'sigma_chi', 'sigma_xi', 'rho', 'lambda_chi', 'chi0', 'xi0']
08-04 15:07 nessai INFO    : x prime space parameters: ['kappa_prime', 'mu_xi_prime', 'sigma_chi_prime', 'sigma_xi_prime', 'rho_prime', 'lambda_chi_prime', 'chi0_prime', 'xi0_prime']
08-04 15:07 nessai INFO    : Overwriting fuzz factor with expansion fraction
08-04 15:07 nessai INFO    : New fuzz factor: 1.2228445449938519
08-04 15:07 nessai INFO    : Verifying rescaling functions
08-04 15:07 nessai INFO    : Rescaling functions are invertible
08-04 15:07 nessai INFO    : Populating initial live points
08-04 15:07 nessai INFO    : Populated 100 / 1000 live points
08-04 15:07 nessai INFO    : Populated 200 / 1000 live points
08-04 15:07 nessai INFO    : Populated 300 / 1000 live points
08-04 15:07 nessai INFO    : Populated 400 / 1000 live points
08-04 15:07 nessai INFO    : Populated 500 / 1000 live points
08-04 15:07 nessai INFO    : Populated 600 / 1000 live points
08-04 15:07 nessai INFO    : Populated 700 / 1000 live points
08-04 15:07 nessai INFO    : Populated 800 / 1000 live points
08-04 15:07 nessai INFO    : Populated 900 / 1000 live points
08-04 15:07 nessai INFO    : Populated 1000 / 1000 live points
08-04 15:07 nessai INFO    : Starting nested sampling loop
08-04 15:07 nessai INFO    : it:  1000: Rolling KS test: D=0.007, p-value=0.9024
08-04 15:07 nessai INFO    : it:  1000: n eval: 3000 H: 7.91 dlogZ: 37726431.861 logZ: -37918851.022 +/- 0.089 logLmax: -192418.16
08-04 15:07 nessai INFO    : it:  2000: Rolling KS test: D=0.034, p-value=0.09683
08-04 15:07 nessai INFO    : it:  2000: n eval: 7000 H: 8.91 dlogZ: 10992161.835 logZ: -11009160.098 +/- 0.094 logLmax: -16996.26
08-04 15:07 nessai INFO    : Switching to FlowProposal
08-04 15:07 nessai INFO    : it:  3000: Rolling KS test: D=0.033, p-value=0.1108
08-04 15:07 nessai INFO    : it:  3000: n eval: 10817 H: 9.91 dlogZ: 3816644.208 logZ: -3833643.470 +/- 0.100 logLmax: -16996.26
08-04 15:07 nessai INFO    : it:  4000: Rolling KS test: D=0.024, p-value=0.311
08-04 15:07 nessai INFO    : it:  4000: n eval: 14484 H: 10.91 dlogZ: 1523189.022 logZ: -1528752.192 +/- 0.104 logLmax: -5559.17
08-04 15:07 nessai INFO    : it:  5000: Rolling KS test: D=0.034, p-value=0.09683
08-04 15:07 nessai INFO    : it:  5000: n eval: 18488 H: 11.91 dlogZ: 652848.028 logZ: -658412.198 +/- 0.109 logLmax: -5559.17
08-04 15:07 nessai INFO    : it:  6000: Rolling KS test: D=0.017, p-value=0.5547
08-04 15:07 nessai INFO    : it:  6000: n eval: 23123 H: 12.91 dlogZ: 323395.716 logZ: -327174.237 +/- 0.114 logLmax: -3772.52
08-04 15:07 nessai INFO    : it:  7000: Rolling KS test: D=0.028, p-value=0.2046
08-04 15:07 nessai INFO    : it:  7000: n eval: 27928 H: 13.91 dlogZ: 166207.818 logZ: -167039.859 +/- 0.118 logLmax: -825.04
08-04 15:08 nessai INFO    : it:  8000: Rolling KS test: D=0.036, p-value=0.07308
08-04 15:08 nessai INFO    : it:  8000: n eval: 32739 H: 14.91 dlogZ: 84854.752 logZ: -85216.881 +/- 0.122 logLmax: -354.13
08-04 15:08 nessai INFO    : it:  9000: Rolling KS test: D=0.026, p-value=0.2543
08-04 15:08 nessai INFO    : it:  9000: n eval: 35251 H: 15.91 dlogZ: 42297.815 logZ: -42660.945 +/- 0.126 logLmax: -354.13
08-04 15:08 nessai INFO    : it: 10000: Rolling KS test: D=0.025, p-value=0.2818
08-04 15:08 nessai INFO    : it: 10000: n eval: 42957 H: 15.94 dlogZ: 21835.514 logZ: -21917.567 +/- 0.126 logLmax: -72.05
08-04 15:08 nessai INFO    : it: 11000: Rolling KS test: D=0.004, p-value=0.9659
08-04 15:08 nessai INFO    : it: 11000: n eval: 45533 H: 17.57 dlogZ: 11483.738 logZ: -11566.791 +/- 0.133 logLmax: -72.05
08-04 15:08 nessai INFO    : it: 12000: Rolling KS test: D=0.031, p-value=0.1433
08-04 15:08 nessai INFO    : it: 12000: n eval: 52920 H: 18.29 dlogZ: 5963.941 logZ: -6040.045 +/- 0.135 logLmax: -64.10
08-04 15:08 nessai INFO    : it: 13000: Rolling KS test: D=0.015, p-value=0.6313
08-04 15:08 nessai INFO    : it: 13000: n eval: 58549 H: 18.72 dlogZ: 3093.997 logZ: -3171.101 +/- 0.137 logLmax: -64.10
08-04 15:08 nessai INFO    : it: 14000: Rolling KS test: D=0.024, p-value=0.311
08-04 15:08 nessai INFO    : it: 14000: n eval: 64080 H: 19.20 dlogZ: 1587.448 logZ: -1641.104 +/- 0.139 logLmax: -39.66
08-04 15:08 nessai INFO    : it: 15000: Rolling KS test: D=0.019, p-value=0.4797
08-04 15:08 nessai INFO    : it: 15000: n eval: 74331 H: 20.67 dlogZ: 820.389 logZ: -855.222 +/- 0.144 logLmax: -19.83
08-04 15:08 nessai INFO    : it: 16000: Rolling KS test: D=0.027, p-value=0.2286
08-04 15:08 nessai INFO    : it: 16000: n eval: 81285 H: 20.50 dlogZ: 442.117 logZ: -474.102 +/- 0.143 logLmax: -15.99
08-04 15:08 nessai INFO    : it: 17000: Rolling KS test: D=0.032, p-value=0.1263
08-04 15:08 nessai INFO    : it: 17000: n eval: 92075 H: 20.95 dlogZ: 238.760 logZ: -266.286 +/- 0.145 logLmax: -10.53
08-04 15:08 nessai INFO    : it: 18000: Rolling KS test: D=0.001, p-value=0.9973
08-04 15:08 nessai INFO    : it: 18000: n eval: 105286 H: 21.29 dlogZ: 129.439 logZ: -155.437 +/- 0.146 logLmax: -8.00
08-04 15:08 nessai INFO    : it: 19000: Rolling KS test: D=0.03, p-value=0.162
08-04 15:08 nessai INFO    : it: 19000: n eval: 116272 H: 21.69 dlogZ: 72.054 logZ: -99.051 +/- 0.147 logLmax: -8.00
08-04 15:08 nessai INFO    : it: 20000: Rolling KS test: D=0.016, p-value=0.593
08-04 15:08 nessai INFO    : it: 20000: n eval: 143109 H: 22.16 dlogZ: 42.318 logZ: -67.477 +/- 0.149 logLmax: -5.16
08-04 15:08 nessai INFO    : it: 21000: Rolling KS test: D=0.027, p-value=0.2286
08-04 15:08 nessai INFO    : it: 21000: n eval: 167675 H: 22.50 dlogZ: 26.782 logZ: -51.811 +/- 0.150 logLmax: -4.03
08-04 15:08 nessai INFO    : it: 22000: Rolling KS test: D=0.006, p-value=0.9268
08-04 15:08 nessai INFO    : it: 22000: n eval: 202839 H: 22.83 dlogZ: 17.845 logZ: -42.752 +/- 0.151 logLmax: -2.91
08-04 15:08 nessai INFO    : it: 23000: Rolling KS test: D=0.017, p-value=0.5547
08-04 15:08 nessai INFO    : it: 23000: n eval: 272839 H: 23.27 dlogZ: 11.919 logZ: -37.526 +/- 0.153 logLmax: -2.61
08-04 15:09 nessai INFO    : it: 24000: Rolling KS test: D=0.028, p-value=0.2046
08-04 15:09 nessai INFO    : it: 24000: n eval: 362839 H: 23.62 dlogZ: 8.332 logZ: -34.594 +/- 0.154 logLmax: -2.26
08-04 15:09 nessai INFO    : it: 25000: Rolling KS test: D=0.019, p-value=0.4797
08-04 15:09 nessai INFO    : it: 25000: n eval: 462839 H: 24.00 dlogZ: 5.947 logZ: -32.858 +/- 0.155 logLmax: -1.92
08-04 15:09 nessai INFO    : it: 26000: Rolling KS test: D=0.025, p-value=0.2818
08-04 15:09 nessai INFO    : it: 26000: n eval: 592839 H: 24.36 dlogZ: 3.928 logZ: -31.822 +/- 0.156 logLmax: -1.92
08-04 15:09 nessai INFO    : it: 27000: Rolling KS test: D=0.031, p-value=0.1433
08-04 15:09 nessai INFO    : it: 27000: n eval: 722839 H: 24.72 dlogZ: 2.767 logZ: -31.154 +/- 0.157 logLmax: -1.45
08-04 15:10 nessai INFO    : it: 28000: Rolling KS test: D=0.037, p-value=0.06311
08-04 15:10 nessai INFO    : it: 28000: n eval: 862839 H: 25.01 dlogZ: 1.565 logZ: -30.748 +/- 0.158 logLmax: -1.42
08-04 15:10 nessai INFO    : it: 29000: Rolling KS test: D=0.026, p-value=0.2543
08-04 15:10 nessai INFO    : it: 29000: n eval: 932839 H: 25.24 dlogZ: 0.737 logZ: -30.503 +/- 0.159 logLmax: -1.42
08-04 15:10 nessai INFO    : it: 30000: Rolling KS test: D=0.045, p-value=0.01689
08-04 15:10 nessai INFO    : it: 30000: n eval: 992839 H: 25.40 dlogZ: 0.400 logZ: -30.364 +/- 0.159 logLmax: -1.07
08-04 15:10 nessai INFO    : it: 31000: Rolling KS test: D=0.019, p-value=0.4797
08-04 15:10 nessai INFO    : it: 31000: n eval: 1031547 H: 25.51 dlogZ: 0.155 logZ: -30.289 +/- 0.160 logLmax: -1.07
08-04 15:11 nessai INFO    : Stopping with difference_log_evidence=0.100
08-04 15:11 nessai INFO    : Finalising
08-04 15:11 nessai INFO    : Final ln-evidence: -30.220 +/- 0.160
08-04 15:11 nessai INFO    : Information: 25.63
08-04 15:11 nessai INFO    : Final KS test: D=0.01053, p-value=0.0009313
08-04 15:11 nessai WARNING : Final p-value for the insertion indices is less than 0.05, this could be an indication of problems during sampling. Consider checking the diagnostic plots.
08-04 15:11 nessai INFO    : Checkpointing nested sampling
08-04 15:11 nessai INFO    : Total sampling time: 0:03:17.912086
08-04 15:11 nessai INFO    : Total training time: 0:00:53.152865
08-04 15:11 nessai INFO    : Total population time: 0:01:28.481982
08-04 15:11 nessai INFO    : Total likelihood evaluations: 1051547
08-04 15:11 nessai INFO    : Time spent evaluating likelihood: 0:00:20.505923
08-04 15:11 nessai INFO    : Total sampling time: 0:03:17.912086
08-04 15:11 nessai INFO    : Total likelihood evaluations: 1051547
08-04 15:11 nessai INFO    : Starting post processing
08-04 15:11 nessai INFO    : Computing posterior samples
08-04 15:11 nessai INFO    : Effective sample size: 6910.5
08-04 15:11 nessai INFO    : Producing posterior samples using rejection sampling
08-04 15:11 nessai INFO    : Expect 4845.881102101941 samples from rejection sampling
08-04 15:11 nessai INFO    : Returned 4874 posterior samples
08-04 15:11 nessai INFO    : Starting to close worker pool.
08-04 15:11 nessai INFO    : Finished closing worker pool.
