/data/wiay/postgrads/shashwat/qunat_com_future/lib/python3.11/site-packages/nessai/utils/logging.py:133: FutureWarning: setup_logger is deprecated, use configure_logger instead
  warnings.warn(
08-04 10:32 nessai INFO    : Running Nessai version 0.15.2
08-04 10:32 nessai INFO    : Starting multiprocessing pool with 4 processes
08-04 10:32 nessai INFO    : Initialising nested sampler
08-04 10:32 nessai WARNING : Multiprocessing pool has already been configured.
/data/wiay/postgrads/shashwat/qunat_com_future/lib/python3.11/site-packages/nessai/gw/__init__.py:12: FutureWarning: The `nessai.gw` module will be deprecated in the next release in favour of the nessai-gw package. This packages provides the same functionality as`nessai.gw` via the plugin interface.For more details, see: https://github.com/mj-will/nessai-gw
  warnings.warn(
08-04 10:32 nessai INFO    : Passing kwargs to FlowProposal: {'poolsize': 1000}
08-04 10:32 nessai INFO    : No reparameterisations provided, using default reparameterisations included in FlowProposal
08-04 10:32 nessai INFO    : Adding reparameterisations from: {}
08-04 10:32 nessai INFO    : Assuming fallback reparameterisation (ScaleAndShift) for ['kappa', 'mu_xi', 'sigma_chi', 'sigma_xi', 'rho', 'lambda_chi', 'chi0', 'xi0'] with kwargs: {'estimate_scale': True, 'estimate_shift': True, 'prior_bounds': {'kappa': array([0.1, 5. ]), 'mu_xi': array([0. , 0.1]), 'sigma_chi': array([0.05, 0.6 ]), 'sigma_xi': array([0.05, 0.4 ]), 'rho': array([-0.9,  0.9]), 'lambda_chi': array([-0.5,  0.5]), 'chi0': array([-0.5,  0.5]), 'xi0': array([2.5, 5. ])}}.
08-04 10:32 nessai INFO    : x space parameters: ['kappa', 'mu_xi', 'sigma_chi', 'sigma_xi', 'rho', 'lambda_chi', 'chi0', 'xi0']
08-04 10:32 nessai INFO    : x prime space parameters: ['kappa_prime', 'mu_xi_prime', 'sigma_chi_prime', 'sigma_xi_prime', 'rho_prime', 'lambda_chi_prime', 'chi0_prime', 'xi0_prime']
08-04 10:32 nessai INFO    : Overwriting fuzz factor with expansion fraction
08-04 10:32 nessai INFO    : New fuzz factor: 1.2228445449938519
08-04 10:32 nessai INFO    : Verifying rescaling functions
08-04 10:32 nessai INFO    : Rescaling functions are invertible
08-04 10:32 nessai INFO    : Populating initial live points
08-04 10:32 nessai INFO    : Populated 100 / 1000 live points
08-04 10:32 nessai INFO    : Populated 200 / 1000 live points
08-04 10:32 nessai INFO    : Populated 300 / 1000 live points
08-04 10:32 nessai INFO    : Populated 400 / 1000 live points
08-04 10:32 nessai INFO    : Populated 500 / 1000 live points
08-04 10:32 nessai INFO    : Populated 600 / 1000 live points
08-04 10:32 nessai INFO    : Populated 700 / 1000 live points
08-04 10:32 nessai INFO    : Populated 800 / 1000 live points
08-04 10:32 nessai INFO    : Populated 900 / 1000 live points
08-04 10:32 nessai INFO    : Populated 1000 / 1000 live points
08-04 10:32 nessai INFO    : Starting nested sampling loop
08-04 10:32 nessai INFO    : it:  1000: Rolling KS test: D=0.013, p-value=0.7071
08-04 10:32 nessai INFO    : it:  1000: n eval: 3000 H: 7.91 dlogZ: 4592551.788 logZ: -4598909.205 +/- 0.089 logLmax: -6356.42
08-04 10:32 nessai INFO    : it:  2000: Rolling KS test: D=0.008, p-value=0.8752
08-04 10:32 nessai INFO    : it:  2000: n eval: 8000 H: 8.91 dlogZ: 500777.907 logZ: -507136.324 +/- 0.094 logLmax: -6356.42
08-04 10:32 nessai INFO    : Switching to FlowProposal
08-04 10:32 nessai INFO    : it:  3000: Rolling KS test: D=0.031, p-value=0.1433
08-04 10:32 nessai INFO    : it:  3000: n eval: 11949 H: 9.91 dlogZ: 170155.551 logZ: -174027.428 +/- 0.100 logLmax: -3868.88
08-04 10:32 nessai INFO    : it:  4000: Rolling KS test: D=0.034, p-value=0.09683
08-04 10:32 nessai INFO    : it:  4000: n eval: 16040 H: 10.91 dlogZ: 76700.735 logZ: -78506.425 +/- 0.104 logLmax: -1801.69
08-04 10:32 nessai INFO    : it:  5000: Rolling KS test: D=0.014, p-value=0.6695
08-04 10:32 nessai INFO    : it:  5000: n eval: 20404 H: 11.42 dlogZ: 36977.514 logZ: -38784.204 +/- 0.107 logLmax: -1801.69
08-04 10:32 nessai INFO    : it:  6000: Rolling KS test: D=0.008, p-value=0.8752
08-04 10:32 nessai INFO    : it:  6000: n eval: 26103 H: 12.91 dlogZ: 20395.155 logZ: -21215.531 +/- 0.114 logLmax: -814.38
08-04 10:32 nessai INFO    : it:  7000: Rolling KS test: D=0.012, p-value=0.7438
08-04 10:32 nessai INFO    : it:  7000: n eval: 35068 H: 13.09 dlogZ: 12207.531 logZ: -12418.191 +/- 0.114 logLmax: -203.66
08-04 10:32 nessai INFO    : it:  8000: Rolling KS test: D=0.006, p-value=0.9268
08-04 10:32 nessai INFO    : it:  8000: n eval: 49757 H: 14.61 dlogZ: 7977.645 logZ: -8189.305 +/- 0.121 logLmax: -203.66
08-04 10:32 nessai INFO    : it:  9000: Rolling KS test: D=0.018, p-value=0.5169
08-04 10:32 nessai INFO    : it:  9000: n eval: 57519 H: 15.91 dlogZ: 5686.428 logZ: -5899.088 +/- 0.126 logLmax: -203.66
08-04 10:32 nessai INFO    : it: 10000: Rolling KS test: D=0.053, p-value=0.003498
08-04 10:32 nessai INFO    : it: 10000: n eval: 63385 H: 15.38 dlogZ: 4072.734 logZ: -4108.193 +/- 0.124 logLmax: -25.46
08-04 10:32 nessai INFO    : it: 11000: Rolling KS test: D=0.022, p-value=0.3744
08-04 10:32 nessai INFO    : it: 11000: n eval: 69801 H: 17.29 dlogZ: 2673.231 logZ: -2709.690 +/- 0.131 logLmax: -25.46
08-04 10:32 nessai INFO    : it: 12000: Rolling KS test: D=0.038, p-value=0.05428
08-04 10:32 nessai INFO    : it: 12000: n eval: 80159 H: 17.09 dlogZ: 1616.459 logZ: -1653.918 +/- 0.131 logLmax: -25.46
08-04 10:32 nessai INFO    : it: 13000: Rolling KS test: D=0.033, p-value=0.1108
08-04 10:32 nessai INFO    : it: 13000: n eval: 87278 H: 18.51 dlogZ: 982.066 logZ: -1020.526 +/- 0.136 logLmax: -25.46
08-04 10:32 nessai INFO    : it: 14000: Rolling KS test: D=0.034, p-value=0.09683
08-04 10:32 nessai INFO    : it: 14000: n eval: 97761 H: 18.79 dlogZ: 601.626 logZ: -629.712 +/- 0.137 logLmax: -14.09
08-04 10:32 nessai INFO    : it: 15000: Rolling KS test: D=0.011, p-value=0.7794
08-04 10:32 nessai INFO    : it: 15000: n eval: 106232 H: 19.22 dlogZ: 352.434 logZ: -381.521 +/- 0.139 logLmax: -14.09
08-04 10:32 nessai INFO    : it: 16000: Rolling KS test: D=0.028, p-value=0.2046
08-04 10:32 nessai INFO    : it: 16000: n eval: 119504 H: 19.56 dlogZ: 209.133 logZ: -236.508 +/- 0.140 logLmax: -11.38
08-04 10:32 nessai INFO    : it: 17000: Rolling KS test: D=0.031, p-value=0.1433
08-04 10:32 nessai INFO    : it: 17000: n eval: 135104 H: 20.17 dlogZ: 125.429 logZ: -151.328 +/- 0.142 logLmax: -8.90
08-04 10:32 nessai INFO    : it: 18000: Rolling KS test: D=0.027, p-value=0.2286
08-04 10:32 nessai INFO    : it: 18000: n eval: 150140 H: 20.78 dlogZ: 77.817 logZ: -101.225 +/- 0.144 logLmax: -5.41
08-04 10:32 nessai INFO    : it: 19000: Rolling KS test: D=0.01, p-value=0.8133
08-04 10:32 nessai INFO    : it: 19000: n eval: 169011 H: 21.18 dlogZ: 49.473 logZ: -71.579 +/- 0.146 logLmax: -3.11
08-04 10:32 nessai INFO    : it: 20000: Rolling KS test: D=0.021, p-value=0.4082
08-04 10:32 nessai INFO    : it: 20000: n eval: 190251 H: 21.52 dlogZ: 32.200 logZ: -54.207 +/- 0.147 logLmax: -2.01
08-04 10:32 nessai INFO    : it: 21000: Rolling KS test: D=0.028, p-value=0.2046
08-04 10:32 nessai INFO    : it: 21000: n eval: 221499 H: 22.06 dlogZ: 20.236 logZ: -43.243 +/- 0.149 logLmax: -2.01
08-04 10:33 nessai INFO    : it: 22000: Rolling KS test: D=0.025, p-value=0.2818
08-04 10:33 nessai INFO    : it: 22000: n eval: 257346 H: 22.51 dlogZ: 12.786 logZ: -36.793 +/- 0.150 logLmax: -2.01
08-04 10:33 nessai INFO    : it: 23000: Rolling KS test: D=0.011, p-value=0.7794
08-04 10:33 nessai INFO    : it: 23000: n eval: 296004 H: 22.89 dlogZ: 8.090 logZ: -32.991 +/- 0.151 logLmax: -1.90
08-04 10:33 nessai INFO    : it: 24000: Rolling KS test: D=0.028, p-value=0.2046
08-04 10:33 nessai INFO    : it: 24000: n eval: 356004 H: 23.24 dlogZ: 5.116 logZ: -30.899 +/- 0.152 logLmax: -1.79
08-04 10:33 nessai INFO    : it: 25000: Rolling KS test: D=0.018, p-value=0.5169
08-04 10:33 nessai INFO    : it: 25000: n eval: 426004 H: 23.60 dlogZ: 2.929 logZ: -29.634 +/- 0.154 logLmax: -1.76
08-04 10:33 nessai INFO    : it: 26000: Rolling KS test: D=0.027, p-value=0.2286
08-04 10:33 nessai INFO    : it: 26000: n eval: 506004 H: 23.86 dlogZ: 1.552 logZ: -28.943 +/- 0.154 logLmax: -1.63
08-04 10:33 nessai INFO    : it: 27000: Rolling KS test: D=0.026, p-value=0.2543
08-04 10:33 nessai INFO    : it: 27000: n eval: 636004 H: 24.06 dlogZ: 0.915 logZ: -28.571 +/- 0.155 logLmax: -1.17
08-04 10:34 nessai INFO    : it: 28000: Rolling KS test: D=0.063, p-value=0.0003404
08-04 10:34 nessai INFO    : it: 28000: n eval: 796004 H: 24.18 dlogZ: 0.385 logZ: -28.384 +/- 0.156 logLmax: -1.14
08-04 10:34 nessai INFO    : it: 29000: Rolling KS test: D=0.028, p-value=0.2046
08-04 10:34 nessai INFO    : it: 29000: n eval: 956004 H: 24.26 dlogZ: 0.151 logZ: -28.293 +/- 0.156 logLmax: -1.11
08-04 10:34 nessai INFO    : Stopping with difference_log_evidence=0.100
08-04 10:34 nessai INFO    : Finalising
08-04 10:34 nessai INFO    : Final ln-evidence: -28.217 +/- 0.156
08-04 10:34 nessai INFO    : Information: 24.35
08-04 10:34 nessai INFO    : Final KS test: D=0.007541, p-value=0.03422
08-04 10:34 nessai WARNING : Final p-value for the insertion indices is less than 0.05, this could be an indication of problems during sampling. Consider checking the diagnostic plots.
08-04 10:34 nessai INFO    : Checkpointing nested sampling
08-04 10:34 nessai INFO    : Total sampling time: 0:02:29.300564
08-04 10:34 nessai INFO    : Total training time: 0:00:48.594642
08-04 10:34 nessai INFO    : Total population time: 0:00:54.365720
08-04 10:34 nessai INFO    : Total likelihood evaluations: 1046004
08-04 10:34 nessai INFO    : Time spent evaluating likelihood: 0:00:17.206564
08-04 10:34 nessai INFO    : Total sampling time: 0:02:29.300564
08-04 10:34 nessai INFO    : Total likelihood evaluations: 1046004
08-04 10:34 nessai INFO    : Starting post processing
08-04 10:34 nessai INFO    : Computing posterior samples
08-04 10:34 nessai INFO    : Effective sample size: 5770.5
08-04 10:34 nessai INFO    : Producing posterior samples using rejection sampling
08-04 10:34 nessai INFO    : Expect 3884.946073104868 samples from rejection sampling
08-04 10:34 nessai INFO    : Returned 3895 posterior samples
08-04 10:34 nessai INFO    : Starting to close worker pool.
08-04 10:34 nessai INFO    : Finished closing worker pool.
