/data/wiay/postgrads/shashwat/qunat_com_future/lib/python3.11/site-packages/nessai/utils/logging.py:133: FutureWarning: setup_logger is deprecated, use configure_logger instead
  warnings.warn(
08-04 12:30 nessai INFO    : Running Nessai version 0.15.2
08-04 12:30 nessai INFO    : Starting multiprocessing pool with 4 processes
08-04 12:30 nessai INFO    : Initialising nested sampler
08-04 12:30 nessai WARNING : Multiprocessing pool has already been configured.
/data/wiay/postgrads/shashwat/qunat_com_future/lib/python3.11/site-packages/nessai/gw/__init__.py:12: FutureWarning: The `nessai.gw` module will be deprecated in the next release in favour of the nessai-gw package. This packages provides the same functionality as`nessai.gw` via the plugin interface.For more details, see: https://github.com/mj-will/nessai-gw
  warnings.warn(
08-04 12:30 nessai INFO    : Passing kwargs to FlowProposal: {'poolsize': 1000}
08-04 12:30 nessai INFO    : No reparameterisations provided, using default reparameterisations included in FlowProposal
08-04 12:30 nessai INFO    : Adding reparameterisations from: {}
08-04 12:30 nessai INFO    : Assuming fallback reparameterisation (ScaleAndShift) for ['kappa', 'mu_xi', 'sigma_chi', 'sigma_xi', 'rho', 'lambda_chi', 'chi0', 'xi0'] with kwargs: {'estimate_scale': True, 'estimate_shift': True, 'prior_bounds': {'kappa': array([0.1, 5. ]), 'mu_xi': array([0. , 0.1]), 'sigma_chi': array([0.05, 0.6 ]), 'sigma_xi': array([0.05, 0.4 ]), 'rho': array([-0.9,  0.9]), 'lambda_chi': array([-0.5,  0.5]), 'chi0': array([-0.5,  0.5]), 'xi0': array([2.5, 5. ])}}.
08-04 12:30 nessai INFO    : x space parameters: ['kappa', 'mu_xi', 'sigma_chi', 'sigma_xi', 'rho', 'lambda_chi', 'chi0', 'xi0']
08-04 12:30 nessai INFO    : x prime space parameters: ['kappa_prime', 'mu_xi_prime', 'sigma_chi_prime', 'sigma_xi_prime', 'rho_prime', 'lambda_chi_prime', 'chi0_prime', 'xi0_prime']
08-04 12:30 nessai INFO    : Overwriting fuzz factor with expansion fraction
08-04 12:30 nessai INFO    : New fuzz factor: 1.2228445449938519
08-04 12:30 nessai INFO    : Verifying rescaling functions
08-04 12:30 nessai INFO    : Rescaling functions are invertible
08-04 12:30 nessai INFO    : Populating initial live points
08-04 12:30 nessai INFO    : Populated 100 / 1000 live points
08-04 12:30 nessai INFO    : Populated 200 / 1000 live points
08-04 12:30 nessai INFO    : Populated 300 / 1000 live points
08-04 12:30 nessai INFO    : Populated 400 / 1000 live points
08-04 12:30 nessai INFO    : Populated 500 / 1000 live points
08-04 12:30 nessai INFO    : Populated 600 / 1000 live points
08-04 12:30 nessai INFO    : Populated 700 / 1000 live points
08-04 12:30 nessai INFO    : Populated 800 / 1000 live points
08-04 12:30 nessai INFO    : Populated 900 / 1000 live points
08-04 12:30 nessai INFO    : Populated 1000 / 1000 live points
08-04 12:30 nessai INFO    : Starting nested sampling loop
08-04 12:30 nessai INFO    : it:  1000: Rolling KS test: D=0.04, p-value=0.03967
08-04 12:30 nessai INFO    : it:  1000: n eval: 3000 H: 7.91 dlogZ: 11626394.291 logZ: -11627899.123 +/- 0.089 logLmax: -1503.83
08-04 12:30 nessai INFO    : Switching to FlowProposal
08-04 12:30 nessai INFO    : it:  2000: Rolling KS test: D=0.024, p-value=0.311
08-04 12:30 nessai INFO    : it:  2000: n eval: 9190 H: 8.91 dlogZ: 1002168.792 logZ: -1003674.624 +/- 0.094 logLmax: -1503.83
08-04 12:30 nessai INFO    : it:  3000: Rolling KS test: D=0.029, p-value=0.1825
08-04 12:30 nessai INFO    : it:  3000: n eval: 10715 H: 9.91 dlogZ: 170874.641 logZ: -172269.578 +/- 0.100 logLmax: -1391.94
08-04 12:30 nessai INFO    : it:  4000: Rolling KS test: D=0.01, p-value=0.8133
08-04 12:30 nessai INFO    : it:  4000: n eval: 12305 H: 10.91 dlogZ: 54772.051 logZ: -56113.883 +/- 0.104 logLmax: -1337.83
08-04 12:30 nessai INFO    : it:  5000: Rolling KS test: D=0.013, p-value=0.7071
08-04 12:30 nessai INFO    : it:  5000: n eval: 16202 H: 11.91 dlogZ: 22952.894 logZ: -23313.872 +/- 0.109 logLmax: -355.98
08-04 12:30 nessai INFO    : it:  6000: Rolling KS test: D=0.004, p-value=0.9659
08-04 12:30 nessai INFO    : it:  6000: n eval: 23729 H: 12.91 dlogZ: 10720.057 logZ: -10862.990 +/- 0.114 logLmax: -136.93
08-04 12:30 nessai INFO    : it:  7000: Rolling KS test: D=0.012, p-value=0.7438
08-04 12:30 nessai INFO    : it:  7000: n eval: 26271 H: 13.91 dlogZ: 5316.714 logZ: -5460.647 +/- 0.118 logLmax: -136.93
08-04 12:31 nessai INFO    : it:  8000: Rolling KS test: D=0.041, p-value=0.03371
08-04 12:31 nessai INFO    : it:  8000: n eval: 30433 H: 14.05 dlogZ: 2646.786 logZ: -2757.139 +/- 0.119 logLmax: -102.35
08-04 12:31 nessai INFO    : it:  9000: Rolling KS test: D=0.039, p-value=0.0465
08-04 12:31 nessai INFO    : it:  9000: n eval: 35088 H: 14.31 dlogZ: 1357.097 logZ: -1419.111 +/- 0.120 logLmax: -53.02
08-04 12:31 nessai INFO    : it: 10000: Rolling KS test: D=0.027, p-value=0.2286
08-04 12:31 nessai INFO    : it: 10000: n eval: 39723 H: 14.75 dlogZ: 736.673 logZ: -799.688 +/- 0.121 logLmax: -53.02
08-04 12:31 nessai INFO    : it: 11000: Rolling KS test: D=0.018, p-value=0.5169
08-04 12:31 nessai INFO    : it: 11000: n eval: 44764 H: 15.46 dlogZ: 454.956 logZ: -491.218 +/- 0.124 logLmax: -25.26
08-04 12:31 nessai INFO    : it: 12000: Rolling KS test: D=0.024, p-value=0.311
08-04 12:31 nessai INFO    : it: 12000: n eval: 49680 H: 15.72 dlogZ: 287.470 logZ: -324.733 +/- 0.125 logLmax: -25.26
08-04 12:31 nessai INFO    : it: 13000: Rolling KS test: D=0.013, p-value=0.7071
08-04 12:31 nessai INFO    : it: 13000: n eval: 59014 H: 16.53 dlogZ: 193.735 logZ: -217.064 +/- 0.129 logLmax: -10.33
08-04 12:31 nessai INFO    : it: 14000: Rolling KS test: D=0.017, p-value=0.5547
08-04 12:31 nessai INFO    : it: 14000: n eval: 64946 H: 17.10 dlogZ: 126.011 logZ: -147.147 +/- 0.131 logLmax: -7.14
08-04 12:31 nessai INFO    : it: 15000: Rolling KS test: D=0.041, p-value=0.03371
08-04 12:31 nessai INFO    : it: 15000: n eval: 74930 H: 17.52 dlogZ: 77.633 logZ: -99.769 +/- 0.132 logLmax: -7.14
08-04 12:31 nessai INFO    : it: 16000: Rolling KS test: D=0.027, p-value=0.2286
08-04 12:31 nessai INFO    : it: 16000: n eval: 83020 H: 18.09 dlogZ: 47.661 logZ: -70.243 +/- 0.135 logLmax: -6.58
08-04 12:31 nessai INFO    : it: 17000: Rolling KS test: D=0.046, p-value=0.01407
08-04 12:31 nessai INFO    : it: 17000: n eval: 95485 H: 18.60 dlogZ: 30.164 logZ: -53.292 +/- 0.136 logLmax: -6.13
08-04 12:31 nessai INFO    : it: 18000: Rolling KS test: D=0.015, p-value=0.6313
08-04 12:31 nessai INFO    : it: 18000: n eval: 108284 H: 19.05 dlogZ: 18.838 logZ: -42.813 +/- 0.138 logLmax: -5.98
08-04 12:31 nessai INFO    : it: 19000: Rolling KS test: D=0.019, p-value=0.4797
08-04 12:31 nessai INFO    : it: 19000: n eval: 122718 H: 19.49 dlogZ: 12.326 logZ: -36.337 +/- 0.140 logLmax: -5.01
08-04 12:31 nessai INFO    : it: 20000: Rolling KS test: D=0.019, p-value=0.4797
08-04 12:31 nessai INFO    : it: 20000: n eval: 140031 H: 19.87 dlogZ: 7.709 logZ: -32.720 +/- 0.141 logLmax: -5.01
08-04 12:31 nessai INFO    : it: 21000: Rolling KS test: D=0.036, p-value=0.07308
08-04 12:31 nessai INFO    : it: 21000: n eval: 159499 H: 20.20 dlogZ: 5.176 logZ: -30.697 +/- 0.142 logLmax: -4.53
08-04 12:31 nessai INFO    : it: 22000: Rolling KS test: D=0.044, p-value=0.0202
08-04 12:31 nessai INFO    : it: 22000: n eval: 179357 H: 20.47 dlogZ: 3.104 logZ: -29.585 +/- 0.143 logLmax: -4.53
08-04 12:31 nessai INFO    : it: 23000: Rolling KS test: D=0.032, p-value=0.1263
08-04 12:31 nessai INFO    : it: 23000: n eval: 216532 H: 20.72 dlogZ: 1.652 logZ: -28.967 +/- 0.144 logLmax: -4.53
08-04 12:31 nessai INFO    : it: 24000: Rolling KS test: D=0.05, p-value=0.006506
08-04 12:31 nessai INFO    : it: 24000: n eval: 253086 H: 20.88 dlogZ: 0.755 logZ: -28.647 +/- 0.145 logLmax: -4.53
08-04 12:32 nessai INFO    : it: 25000: Rolling KS test: D=0.04, p-value=0.03967
08-04 12:32 nessai INFO    : it: 25000: n eval: 289937 H: 21.00 dlogZ: 0.302 logZ: -28.486 +/- 0.145 logLmax: -4.53
08-04 12:32 nessai INFO    : it: 26000: Rolling KS test: D=0.018, p-value=0.5169
08-04 12:32 nessai INFO    : it: 26000: n eval: 317993 H: 21.07 dlogZ: 0.124 logZ: -28.407 +/- 0.145 logLmax: -4.43
08-04 12:32 nessai INFO    : Stopping with difference_log_evidence=0.100
08-04 12:32 nessai INFO    : Finalising
08-04 12:32 nessai INFO    : Final ln-evidence: -28.341 +/- 0.145
08-04 12:32 nessai INFO    : Information: 21.15
08-04 12:32 nessai INFO    : Final KS test: D=0.01259, p-value=0.0002247
08-04 12:32 nessai WARNING : Final p-value for the insertion indices is less than 0.05, this could be an indication of problems during sampling. Consider checking the diagnostic plots.
08-04 12:32 nessai INFO    : Checkpointing nested sampling
08-04 12:32 nessai INFO    : Total sampling time: 0:01:24.016927
08-04 12:32 nessai INFO    : Total training time: 0:00:27.439248
08-04 12:32 nessai INFO    : Total population time: 0:00:22.413264
08-04 12:32 nessai INFO    : Total likelihood evaluations: 335126
08-04 12:32 nessai INFO    : Time spent evaluating likelihood: 0:00:06.513028
08-04 12:32 nessai INFO    : Total sampling time: 0:01:24.016927
08-04 12:32 nessai INFO    : Total likelihood evaluations: 335126
08-04 12:32 nessai INFO    : Starting post processing
08-04 12:32 nessai INFO    : Computing posterior samples
08-04 12:32 nessai INFO    : Effective sample size: 5783.6
08-04 12:32 nessai INFO    : Producing posterior samples using rejection sampling
08-04 12:32 nessai INFO    : Expect 3938.7906857421385 samples from rejection sampling
08-04 12:32 nessai INFO    : Returned 3951 posterior samples
08-04 12:32 nessai INFO    : Starting to close worker pool.
08-04 12:32 nessai INFO    : Finished closing worker pool.
