/data/wiay/postgrads/shashwat/qunat_com_future/lib/python3.11/site-packages/nessai/utils/logging.py:133: FutureWarning: setup_logger is deprecated, use configure_logger instead
  warnings.warn(
08-04 12:26 nessai INFO    : Running Nessai version 0.15.2
08-04 12:26 nessai INFO    : Starting multiprocessing pool with 4 processes
08-04 12:26 nessai INFO    : Initialising nested sampler
08-04 12:26 nessai WARNING : Multiprocessing pool has already been configured.
/data/wiay/postgrads/shashwat/qunat_com_future/lib/python3.11/site-packages/nessai/gw/__init__.py:12: FutureWarning: The `nessai.gw` module will be deprecated in the next release in favour of the nessai-gw package. This packages provides the same functionality as`nessai.gw` via the plugin interface.For more details, see: https://github.com/mj-will/nessai-gw
  warnings.warn(
08-04 12:26 nessai INFO    : Passing kwargs to FlowProposal: {'poolsize': 1000}
08-04 12:26 nessai INFO    : No reparameterisations provided, using default reparameterisations included in FlowProposal
08-04 12:26 nessai INFO    : Adding reparameterisations from: {}
08-04 12:26 nessai INFO    : Assuming fallback reparameterisation (ScaleAndShift) for ['kappa', 'mu_xi', 'sigma_chi', 'sigma_xi', 'rho', 'lambda_chi', 'chi0', 'xi0'] with kwargs: {'estimate_scale': True, 'estimate_shift': True, 'prior_bounds': {'kappa': array([0.1, 5. ]), 'mu_xi': array([0. , 0.1]), 'sigma_chi': array([0.05, 0.6 ]), 'sigma_xi': array([0.05, 0.4 ]), 'rho': array([-0.9,  0.9]), 'lambda_chi': array([-0.5,  0.5]), 'chi0': array([-0.5,  0.5]), 'xi0': array([2.5, 5. ])}}.
08-04 12:26 nessai INFO    : x space parameters: ['kappa', 'mu_xi', 'sigma_chi', 'sigma_xi', 'rho', 'lambda_chi', 'chi0', 'xi0']
08-04 12:26 nessai INFO    : x prime space parameters: ['kappa_prime', 'mu_xi_prime', 'sigma_chi_prime', 'sigma_xi_prime', 'rho_prime', 'lambda_chi_prime', 'chi0_prime', 'xi0_prime']
08-04 12:26 nessai INFO    : Overwriting fuzz factor with expansion fraction
08-04 12:26 nessai INFO    : New fuzz factor: 1.2228445449938519
08-04 12:26 nessai INFO    : Verifying rescaling functions
08-04 12:26 nessai INFO    : Rescaling functions are invertible
08-04 12:26 nessai INFO    : Populating initial live points
08-04 12:26 nessai INFO    : Populated 100 / 1000 live points
08-04 12:26 nessai INFO    : Populated 200 / 1000 live points
08-04 12:26 nessai INFO    : Populated 300 / 1000 live points
08-04 12:26 nessai INFO    : Populated 400 / 1000 live points
08-04 12:26 nessai INFO    : Populated 500 / 1000 live points
08-04 12:26 nessai INFO    : Populated 600 / 1000 live points
08-04 12:26 nessai INFO    : Populated 700 / 1000 live points
08-04 12:26 nessai INFO    : Populated 800 / 1000 live points
08-04 12:26 nessai INFO    : Populated 900 / 1000 live points
08-04 12:26 nessai INFO    : Populated 1000 / 1000 live points
08-04 12:26 nessai INFO    : Starting nested sampling loop
08-04 12:26 nessai INFO    : it:  1000: Rolling KS test: D=0.003, p-value=0.9802
08-04 12:26 nessai INFO    : it:  1000: n eval: 3000 H: 7.91 dlogZ: 330358570.141 logZ: -331976231.987 +/- 0.089 logLmax: -1617660.85
08-04 12:26 nessai INFO    : it:  2000: Rolling KS test: D=0.009, p-value=0.8454
08-04 12:26 nessai INFO    : it:  2000: n eval: 8000 H: 8.91 dlogZ: 113071991.737 logZ: -114255106.646 +/- 0.094 logLmax: -1183112.91
08-04 12:26 nessai INFO    : Switching to FlowProposal
08-04 12:26 nessai INFO    : it:  3000: Rolling KS test: D=0.025, p-value=0.2818
08-04 12:26 nessai INFO    : it:  3000: n eval: 11946 H: 9.91 dlogZ: 39172233.889 logZ: -40355349.798 +/- 0.100 logLmax: -1183112.91
08-04 12:26 nessai INFO    : it:  4000: Rolling KS test: D=0.021, p-value=0.4082
08-04 12:26 nessai INFO    : it:  4000: n eval: 13686 H: 10.91 dlogZ: 18524321.032 logZ: -18946431.530 +/- 0.104 logLmax: -422106.50
08-04 12:26 nessai INFO    : it:  5000: Rolling KS test: D=0.022, p-value=0.3744
08-04 12:26 nessai INFO    : it:  5000: n eval: 17234 H: 11.91 dlogZ: 9996471.182 logZ: -10321484.520 +/- 0.109 logLmax: -325008.34
08-04 12:26 nessai INFO    : it:  6000: Rolling KS test: D=0.032, p-value=0.1263
08-04 12:26 nessai INFO    : it:  6000: n eval: 21016 H: 12.91 dlogZ: 6025685.611 logZ: -6043928.765 +/- 0.114 logLmax: -18237.15
08-04 12:26 nessai INFO    : it:  7000: Rolling KS test: D=0.031, p-value=0.1433
08-04 12:26 nessai INFO    : it:  7000: n eval: 25371 H: 13.91 dlogZ: 3593509.717 logZ: -3611753.871 +/- 0.118 logLmax: -18237.15
08-04 12:26 nessai INFO    : it:  8000: Rolling KS test: D=0.011, p-value=0.7794
08-04 12:26 nessai INFO    : it:  8000: n eval: 29514 H: 14.91 dlogZ: 2103351.331 logZ: -2121596.485 +/- 0.122 logLmax: -18237.15
08-04 12:26 nessai INFO    : it:  9000: Rolling KS test: D=0.015, p-value=0.6313
08-04 12:26 nessai INFO    : it:  9000: n eval: 31921 H: 15.91 dlogZ: 1219004.320 logZ: -1237250.474 +/- 0.126 logLmax: -18237.15
08-04 12:26 nessai INFO    : it: 10000: Rolling KS test: D=0.005, p-value=0.9481
08-04 12:26 nessai INFO    : it: 10000: n eval: 38758 H: 16.91 dlogZ: 702268.474 logZ: -720515.627 +/- 0.130 logLmax: -18237.15
08-04 12:26 nessai INFO    : it: 11000: Rolling KS test: D=0.02, p-value=0.4434
08-04 12:26 nessai INFO    : it: 11000: n eval: 43958 H: 17.91 dlogZ: 409880.362 logZ: -420346.662 +/- 0.134 logLmax: -10455.30
08-04 12:26 nessai INFO    : it: 12000: Rolling KS test: D=0.031, p-value=0.1433
08-04 12:27 nessai INFO    : it: 12000: n eval: 48936 H: 18.91 dlogZ: 238893.375 logZ: -249360.675 +/- 0.138 logLmax: -10455.30
08-04 12:27 nessai INFO    : it: 13000: Rolling KS test: D=0.005, p-value=0.9481
08-04 12:27 nessai INFO    : it: 13000: n eval: 53816 H: 19.91 dlogZ: 143842.542 logZ: -145888.243 +/- 0.141 logLmax: -2032.70
08-04 12:27 nessai INFO    : it: 14000: Rolling KS test: D=0.021, p-value=0.4082
08-04 12:27 nessai INFO    : it: 14000: n eval: 58878 H: 20.91 dlogZ: 84770.267 logZ: -86816.968 +/- 0.145 logLmax: -2032.70
08-04 12:27 nessai INFO    : it: 15000: Rolling KS test: D=0.023, p-value=0.3419
08-04 12:27 nessai INFO    : it: 15000: n eval: 64685 H: 21.90 dlogZ: 48390.901 logZ: -50438.603 +/- 0.148 logLmax: -2032.70
08-04 12:27 nessai INFO    : it: 16000: Rolling KS test: D=0.03, p-value=0.162
08-04 12:27 nessai INFO    : it: 16000: n eval: 70120 H: 22.91 dlogZ: 27951.775 logZ: -29799.776 +/- 0.151 logLmax: -1832.00
08-04 12:27 nessai INFO    : it: 17000: Rolling KS test: D=0.025, p-value=0.2818
08-04 12:27 nessai INFO    : it: 17000: n eval: 79221 H: 23.80 dlogZ: 17689.845 logZ: -17961.488 +/- 0.154 logLmax: -254.64
08-04 12:27 nessai INFO    : it: 18000: Rolling KS test: D=0.027, p-value=0.2286
08-04 12:27 nessai INFO    : it: 18000: n eval: 86046 H: 24.65 dlogZ: 10568.590 logZ: -10841.234 +/- 0.157 logLmax: -254.64
08-04 12:27 nessai INFO    : it: 19000: Rolling KS test: D=0.036, p-value=0.07308
08-04 12:27 nessai INFO    : it: 19000: n eval: 97037 H: 25.31 dlogZ: 6349.514 logZ: -6623.157 +/- 0.159 logLmax: -254.64
08-04 12:27 nessai INFO    : it: 20000: Rolling KS test: D=0.008, p-value=0.8752
08-04 12:27 nessai INFO    : it: 20000: n eval: 108721 H: 26.09 dlogZ: 3727.975 logZ: -4002.619 +/- 0.162 logLmax: -254.64
08-04 12:27 nessai INFO    : it: 21000: Rolling KS test: D=0.021, p-value=0.4082
08-04 12:27 nessai INFO    : it: 21000: n eval: 116457 H: 26.73 dlogZ: 2342.469 logZ: -2519.640 +/- 0.163 logLmax: -156.17
08-04 12:27 nessai INFO    : it: 22000: Rolling KS test: D=0.003, p-value=0.9802
08-04 12:27 nessai INFO    : it: 22000: n eval: 130449 H: 27.55 dlogZ: 1498.108 logZ: -1585.444 +/- 0.166 logLmax: -65.34
08-04 12:27 nessai INFO    : it: 23000: Rolling KS test: D=0.037, p-value=0.06311
08-04 12:27 nessai INFO    : it: 23000: n eval: 145223 H: 27.49 dlogZ: 930.718 logZ: -1019.054 +/- 0.166 logLmax: -65.34
08-04 12:28 nessai INFO    : it: 24000: Rolling KS test: D=0.036, p-value=0.07308
08-04 12:28 nessai INFO    : it: 24000: n eval: 162749 H: 28.86 dlogZ: 594.215 logZ: -683.551 +/- 0.170 logLmax: -65.34
08-04 12:28 nessai INFO    : it: 25000: Rolling KS test: D=0.045, p-value=0.01689
08-04 12:28 nessai INFO    : it: 25000: n eval: 180993 H: 29.29 dlogZ: 376.156 logZ: -466.493 +/- 0.171 logLmax: -65.34
08-04 12:28 nessai INFO    : it: 26000: Rolling KS test: D=0.025, p-value=0.2818
08-04 12:28 nessai INFO    : it: 26000: n eval: 218597 H: 29.45 dlogZ: 290.523 logZ: -337.956 +/- 0.172 logLmax: -21.43
08-04 12:28 nessai INFO    : it: 27000: Rolling KS test: D=0.035, p-value=0.08429
08-04 12:28 nessai INFO    : it: 27000: n eval: 246702 H: 30.43 dlogZ: 202.995 logZ: -250.418 +/- 0.174 logLmax: -20.42
08-04 12:28 nessai INFO    : it: 28000: Rolling KS test: D=0.037, p-value=0.06311
08-04 12:28 nessai INFO    : it: 28000: n eval: 280511 H: 30.86 dlogZ: 139.889 logZ: -187.105 +/- 0.176 logLmax: -19.22
08-04 12:28 nessai INFO    : it: 29000: Rolling KS test: D=0.014, p-value=0.6695
08-04 12:28 nessai INFO    : it: 29000: n eval: 310344 H: 31.56 dlogZ: 105.490 logZ: -144.013 +/- 0.178 logLmax: -9.52
08-04 12:28 nessai INFO    : it: 30000: Rolling KS test: D=0.027, p-value=0.2286
08-04 12:28 nessai INFO    : it: 30000: n eval: 341224 H: 32.20 dlogZ: 76.754 logZ: -113.370 +/- 0.179 logLmax: -6.62
08-04 12:29 nessai INFO    : it: 31000: Rolling KS test: D=0.019, p-value=0.4797
08-04 12:29 nessai INFO    : it: 31000: n eval: 373893 H: 32.94 dlogZ: 56.537 logZ: -91.202 +/- 0.182 logLmax: -3.67
08-04 12:29 nessai INFO    : it: 32000: Rolling KS test: D=0.023, p-value=0.3419
08-04 12:29 nessai INFO    : it: 32000: n eval: 411779 H: 33.46 dlogZ: 40.738 logZ: -76.403 +/- 0.183 logLmax: -3.67
08-04 12:29 nessai INFO    : it: 33000: Rolling KS test: D=0.02, p-value=0.4434
08-04 12:29 nessai INFO    : it: 33000: n eval: 450240 H: 34.11 dlogZ: 30.079 logZ: -66.316 +/- 0.185 logLmax: -3.24
08-04 12:29 nessai INFO    : it: 34000: Rolling KS test: D=0.058, p-value=0.001147
08-04 12:29 nessai INFO    : it: 34000: n eval: 487580 H: 34.67 dlogZ: 21.717 logZ: -58.955 +/- 0.186 logLmax: -3.24
08-04 12:29 nessai INFO    : it: 35000: Rolling KS test: D=0.022, p-value=0.3744
08-04 12:29 nessai INFO    : it: 35000: n eval: 526476 H: 35.34 dlogZ: 16.081 logZ: -53.859 +/- 0.188 logLmax: -2.78
08-04 12:29 nessai INFO    : it: 36000: Rolling KS test: D=0.037, p-value=0.06311
08-04 12:29 nessai INFO    : it: 36000: n eval: 551743 H: 35.98 dlogZ: 11.856 logZ: -49.964 +/- 0.190 logLmax: -2.11
08-04 12:29 nessai INFO    : it: 37000: Rolling KS test: D=0.005, p-value=0.9481
08-04 12:29 nessai INFO    : it: 37000: n eval: 586709 H: 36.49 dlogZ: 9.352 logZ: -47.335 +/- 0.191 logLmax: -0.98
08-04 12:30 nessai INFO    : it: 38000: Rolling KS test: D=0.029, p-value=0.1825
08-04 12:30 nessai INFO    : it: 38000: n eval: 611229 H: 36.96 dlogZ: 6.686 logZ: -45.668 +/- 0.192 logLmax: -0.98
08-04 12:30 nessai INFO    : it: 39000: Rolling KS test: D=0.023, p-value=0.3419
08-04 12:30 nessai INFO    : it: 39000: n eval: 668345 H: 37.41 dlogZ: 4.578 logZ: -44.551 +/- 0.193 logLmax: -0.98
08-04 12:30 nessai INFO    : it: 40000: Rolling KS test: D=0.026, p-value=0.2543
08-04 12:30 nessai INFO    : it: 40000: n eval: 695139 H: 37.83 dlogZ: 2.966 logZ: -43.808 +/- 0.195 logLmax: -0.90
08-04 12:30 nessai INFO    : it: 41000: Rolling KS test: D=0.014, p-value=0.6695
08-04 12:30 nessai INFO    : it: 41000: n eval: 731824 H: 38.16 dlogZ: 1.662 logZ: -43.347 +/- 0.195 logLmax: -0.90
08-04 12:30 nessai INFO    : it: 42000: Rolling KS test: D=0.034, p-value=0.09683
08-04 12:30 nessai INFO    : it: 42000: n eval: 771126 H: 38.40 dlogZ: 0.862 logZ: -43.074 +/- 0.196 logLmax: -0.76
08-04 12:30 nessai INFO    : it: 43000: Rolling KS test: D=0.012, p-value=0.7438
08-04 12:30 nessai INFO    : it: 43000: n eval: 806571 H: 38.58 dlogZ: 0.381 logZ: -42.917 +/- 0.196 logLmax: -0.69
08-04 12:31 nessai INFO    : it: 44000: Rolling KS test: D=0.017, p-value=0.5547
08-04 12:31 nessai INFO    : it: 44000: n eval: 846177 H: 38.69 dlogZ: 0.172 logZ: -42.832 +/- 0.197 logLmax: -0.51
08-04 12:31 nessai INFO    : Stopping with difference_log_evidence=0.100
08-04 12:31 nessai INFO    : Finalising
08-04 12:31 nessai INFO    : Final ln-evidence: -42.755 +/- 0.197
08-04 12:31 nessai INFO    : Information: 38.83
08-04 12:31 nessai INFO    : Final KS test: D=0.006193, p-value=0.03258
08-04 12:31 nessai WARNING : Final p-value for the insertion indices is less than 0.05, this could be an indication of problems during sampling. Consider checking the diagnostic plots.
08-04 12:31 nessai INFO    : Checkpointing nested sampling
08-04 12:31 nessai INFO    : Total sampling time: 0:04:49.820107
08-04 12:31 nessai INFO    : Total training time: 0:01:39.765607
08-04 12:31 nessai INFO    : Total population time: 0:01:17.289307
08-04 12:31 nessai INFO    : Total likelihood evaluations: 876177
08-04 12:31 nessai INFO    : Time spent evaluating likelihood: 0:00:38.238805
08-04 12:31 nessai INFO    : Total sampling time: 0:04:49.820107
08-04 12:31 nessai INFO    : Total likelihood evaluations: 876177
08-04 12:31 nessai INFO    : Starting post processing
08-04 12:31 nessai INFO    : Computing posterior samples
08-04 12:31 nessai INFO    : Effective sample size: 6848.7
08-04 12:31 nessai INFO    : Producing posterior samples using rejection sampling
08-04 12:31 nessai INFO    : Expect 4705.589556604701 samples from rejection sampling
08-04 12:31 nessai INFO    : Returned 4741 posterior samples
08-04 12:33 nessai INFO    : Starting to close worker pool.
08-04 12:33 nessai INFO    : Finished closing worker pool.
