/data/wiay/postgrads/shashwat/qunat_com_future/lib/python3.11/site-packages/nessai/utils/logging.py:133: FutureWarning: setup_logger is deprecated, use configure_logger instead
  warnings.warn(
08-04 14:28 nessai INFO    : Running Nessai version 0.15.2
08-04 14:28 nessai INFO    : Starting multiprocessing pool with 4 processes
08-04 14:28 nessai INFO    : Initialising nested sampler
08-04 14:28 nessai WARNING : Multiprocessing pool has already been configured.
/data/wiay/postgrads/shashwat/qunat_com_future/lib/python3.11/site-packages/nessai/gw/__init__.py:12: FutureWarning: The `nessai.gw` module will be deprecated in the next release in favour of the nessai-gw package. This packages provides the same functionality as`nessai.gw` via the plugin interface.For more details, see: https://github.com/mj-will/nessai-gw
  warnings.warn(
08-04 14:28 nessai INFO    : Passing kwargs to FlowProposal: {'poolsize': 1000}
08-04 14:28 nessai INFO    : No reparameterisations provided, using default reparameterisations included in FlowProposal
08-04 14:28 nessai INFO    : Adding reparameterisations from: {}
08-04 14:28 nessai INFO    : Assuming fallback reparameterisation (ScaleAndShift) for ['kappa', 'mu_xi', 'sigma_chi', 'sigma_xi', 'rho', 'lambda_chi', 'chi0', 'xi0'] with kwargs: {'estimate_scale': True, 'estimate_shift': True, 'prior_bounds': {'kappa': array([0.1, 5. ]), 'mu_xi': array([0. , 0.1]), 'sigma_chi': array([0.05, 0.6 ]), 'sigma_xi': array([0.05, 0.4 ]), 'rho': array([-0.9,  0.9]), 'lambda_chi': array([-0.5,  0.5]), 'chi0': array([-0.5,  0.5]), 'xi0': array([2.5, 5. ])}}.
08-04 14:28 nessai INFO    : x space parameters: ['kappa', 'mu_xi', 'sigma_chi', 'sigma_xi', 'rho', 'lambda_chi', 'chi0', 'xi0']
08-04 14:28 nessai INFO    : x prime space parameters: ['kappa_prime', 'mu_xi_prime', 'sigma_chi_prime', 'sigma_xi_prime', 'rho_prime', 'lambda_chi_prime', 'chi0_prime', 'xi0_prime']
08-04 14:28 nessai INFO    : Overwriting fuzz factor with expansion fraction
08-04 14:28 nessai INFO    : New fuzz factor: 1.2228445449938519
08-04 14:28 nessai INFO    : Verifying rescaling functions
08-04 14:28 nessai INFO    : Rescaling functions are invertible
08-04 14:28 nessai INFO    : Populating initial live points
08-04 14:28 nessai INFO    : Populated 100 / 1000 live points
08-04 14:28 nessai INFO    : Populated 200 / 1000 live points
08-04 14:28 nessai INFO    : Populated 300 / 1000 live points
08-04 14:28 nessai INFO    : Populated 400 / 1000 live points
08-04 14:28 nessai INFO    : Populated 500 / 1000 live points
08-04 14:28 nessai INFO    : Populated 600 / 1000 live points
08-04 14:28 nessai INFO    : Populated 700 / 1000 live points
08-04 14:28 nessai INFO    : Populated 800 / 1000 live points
08-04 14:28 nessai INFO    : Populated 900 / 1000 live points
08-04 14:28 nessai INFO    : Populated 1000 / 1000 live points
08-04 14:28 nessai INFO    : Starting nested sampling loop
08-04 14:28 nessai INFO    : it:  1000: Rolling KS test: D=0.017, p-value=0.5547
08-04 14:28 nessai INFO    : it:  1000: n eval: 3000 H: 7.91 dlogZ: 11900403.898 logZ: -11903287.391 +/- 0.089 logLmax: -2882.49
08-04 14:28 nessai INFO    : it:  2000: Rolling KS test: D=0.009, p-value=0.8454
08-04 14:28 nessai INFO    : it:  2000: n eval: 8000 H: 8.91 dlogZ: 1433597.283 logZ: -1436189.796 +/- 0.094 logLmax: -2590.51
08-04 14:28 nessai INFO    : Switching to FlowProposal
08-04 14:28 nessai INFO    : it:  3000: Rolling KS test: D=0.015, p-value=0.6313
08-04 14:28 nessai INFO    : it:  3000: n eval: 11968 H: 9.91 dlogZ: 260704.460 logZ: -262383.271 +/- 0.100 logLmax: -1675.81
08-04 14:28 nessai INFO    : it:  4000: Rolling KS test: D=0.026, p-value=0.2543
08-04 14:28 nessai INFO    : it:  4000: n eval: 13498 H: 10.91 dlogZ: 81332.309 logZ: -81690.921 +/- 0.104 logLmax: -354.61
08-04 14:28 nessai INFO    : it:  5000: Rolling KS test: D=0.021, p-value=0.4082
08-04 14:28 nessai INFO    : it:  5000: n eval: 16783 H: 11.76 dlogZ: 33316.827 logZ: -33676.439 +/- 0.108 logLmax: -354.61
08-04 14:28 nessai INFO    : it:  6000: Rolling KS test: D=0.012, p-value=0.7438
08-04 14:28 nessai INFO    : it:  6000: n eval: 20575 H: 12.91 dlogZ: 15227.418 logZ: -15411.044 +/- 0.114 logLmax: -177.63
08-04 14:28 nessai INFO    : it:  7000: Rolling KS test: D=0.029, p-value=0.1825
08-04 14:28 nessai INFO    : it:  7000: n eval: 22743 H: 13.91 dlogZ: 7019.521 logZ: -7106.830 +/- 0.118 logLmax: -80.31
08-04 14:28 nessai INFO    : it:  8000: Rolling KS test: D=0.018, p-value=0.5169
08-04 14:28 nessai INFO    : it:  8000: n eval: 29831 H: 14.03 dlogZ: 3281.708 logZ: -3370.017 +/- 0.118 logLmax: -80.31
08-04 14:28 nessai INFO    : it:  9000: Rolling KS test: D=0.004, p-value=0.9659
08-04 14:28 nessai INFO    : it:  9000: n eval: 35351 H: 15.75 dlogZ: 1659.074 logZ: -1701.586 +/- 0.125 logLmax: -33.51
08-04 14:28 nessai INFO    : it: 10000: Rolling KS test: D=0.037, p-value=0.06311
08-04 14:28 nessai INFO    : it: 10000: n eval: 42255 H: 15.20 dlogZ: 868.942 logZ: -912.454 +/- 0.123 logLmax: -33.51
08-04 14:28 nessai INFO    : it: 11000: Rolling KS test: D=0.021, p-value=0.4082
08-04 14:28 nessai INFO    : it: 11000: n eval: 47782 H: 15.67 dlogZ: 484.840 logZ: -515.394 +/- 0.125 logLmax: -19.55
08-04 14:28 nessai INFO    : it: 12000: Rolling KS test: D=0.014, p-value=0.6695
08-04 14:28 nessai INFO    : it: 12000: n eval: 54030 H: 16.13 dlogZ: 276.785 logZ: -299.746 +/- 0.127 logLmax: -10.96
08-04 14:28 nessai INFO    : it: 13000: Rolling KS test: D=0.012, p-value=0.7438
08-04 14:28 nessai INFO    : it: 13000: n eval: 63546 H: 16.16 dlogZ: 164.007 logZ: -187.968 +/- 0.127 logLmax: -10.96
08-04 14:28 nessai INFO    : it: 14000: Rolling KS test: D=0.003, p-value=0.9802
08-04 14:28 nessai INFO    : it: 14000: n eval: 70179 H: 16.73 dlogZ: 109.970 logZ: -134.931 +/- 0.129 logLmax: -10.96
08-04 14:28 nessai INFO    : it: 15000: Rolling KS test: D=0.035, p-value=0.08429
08-04 14:28 nessai INFO    : it: 15000: n eval: 82773 H: 17.24 dlogZ: 76.945 logZ: -101.614 +/- 0.131 logLmax: -9.67
08-04 14:28 nessai INFO    : it: 16000: Rolling KS test: D=0.042, p-value=0.02854
08-04 14:28 nessai INFO    : it: 16000: n eval: 90179 H: 18.02 dlogZ: 53.609 logZ: -77.507 +/- 0.134 logLmax: -7.90
08-04 14:28 nessai INFO    : it: 17000: Rolling KS test: D=0.047, p-value=0.01167
08-04 14:29 nessai INFO    : it: 17000: n eval: 103444 H: 18.64 dlogZ: 38.451 logZ: -60.135 +/- 0.137 logLmax: -4.68
08-04 14:29 nessai INFO    : it: 18000: Rolling KS test: D=0.024, p-value=0.311
08-04 14:29 nessai INFO    : it: 18000: n eval: 117174 H: 19.28 dlogZ: 25.721 logZ: -48.405 +/- 0.139 logLmax: -4.68
08-04 14:29 nessai INFO    : it: 19000: Rolling KS test: D=0.04, p-value=0.03967
08-04 14:29 nessai INFO    : it: 19000: n eval: 132581 H: 19.81 dlogZ: 16.404 logZ: -40.088 +/- 0.141 logLmax: -4.68
08-04 14:29 nessai INFO    : it: 20000: Rolling KS test: D=0.014, p-value=0.6695
08-04 14:29 nessai INFO    : it: 20000: n eval: 149142 H: 20.37 dlogZ: 10.558 logZ: -34.567 +/- 0.143 logLmax: -4.01
08-04 14:29 nessai INFO    : it: 21000: Rolling KS test: D=0.037, p-value=0.06311
08-04 14:29 nessai INFO    : it: 21000: n eval: 166719 H: 20.70 dlogZ: 6.444 logZ: -31.452 +/- 0.144 logLmax: -4.01
08-04 14:29 nessai INFO    : it: 22000: Rolling KS test: D=0.009, p-value=0.8454
08-04 14:29 nessai INFO    : it: 22000: n eval: 186987 H: 21.05 dlogZ: 3.962 logZ: -29.664 +/- 0.145 logLmax: -3.72
08-04 14:29 nessai INFO    : it: 23000: Rolling KS test: D=0.02, p-value=0.4434
08-04 14:29 nessai INFO    : it: 23000: n eval: 217104 H: 21.30 dlogZ: 2.108 logZ: -28.700 +/- 0.146 logLmax: -3.72
08-04 14:29 nessai INFO    : it: 24000: Rolling KS test: D=0.034, p-value=0.09683
08-04 14:29 nessai INFO    : it: 24000: n eval: 242457 H: 21.52 dlogZ: 1.176 logZ: -28.179 +/- 0.147 logLmax: -3.37
08-04 14:29 nessai INFO    : it: 25000: Rolling KS test: D=0.043, p-value=0.02406
08-04 14:29 nessai INFO    : it: 25000: n eval: 289798 H: 21.66 dlogZ: 0.490 logZ: -27.913 +/- 0.147 logLmax: -3.37
08-04 14:29 nessai INFO    : it: 26000: Rolling KS test: D=0.034, p-value=0.09683
08-04 14:29 nessai INFO    : it: 26000: n eval: 328673 H: 21.75 dlogZ: 0.186 logZ: -27.783 +/- 0.147 logLmax: -3.37
08-04 14:29 nessai INFO    : Stopping with difference_log_evidence=0.100
08-04 14:29 nessai INFO    : Finalising
08-04 14:29 nessai INFO    : Final ln-evidence: -27.678 +/- 0.148
08-04 14:29 nessai INFO    : Information: 21.86
08-04 14:29 nessai INFO    : Final KS test: D=0.008091, p-value=0.03
08-04 14:29 nessai WARNING : Final p-value for the insertion indices is less than 0.05, this could be an indication of problems during sampling. Consider checking the diagnostic plots.
08-04 14:29 nessai INFO    : Checkpointing nested sampling
08-04 14:29 nessai INFO    : Total sampling time: 0:01:39.053642
08-04 14:29 nessai INFO    : Total training time: 0:00:31.537077
08-04 14:29 nessai INFO    : Total population time: 0:00:33.459537
08-04 14:29 nessai INFO    : Total likelihood evaluations: 348302
08-04 14:29 nessai INFO    : Time spent evaluating likelihood: 0:00:06.384658
08-04 14:29 nessai INFO    : Total sampling time: 0:01:39.053642
08-04 14:29 nessai INFO    : Total likelihood evaluations: 348302
08-04 14:29 nessai INFO    : Starting post processing
08-04 14:29 nessai INFO    : Computing posterior samples
08-04 14:29 nessai INFO    : Effective sample size: 5593.2
08-04 14:29 nessai INFO    : Producing posterior samples using rejection sampling
08-04 14:29 nessai INFO    : Expect 3876.535865987888 samples from rejection sampling
08-04 14:29 nessai INFO    : Returned 3825 posterior samples
08-04 14:30 nessai INFO    : Starting to close worker pool.
08-04 14:30 nessai INFO    : Finished closing worker pool.
