/data/wiay/postgrads/shashwat/qunat_com_future/lib/python3.11/site-packages/nessai/utils/logging.py:133: FutureWarning: setup_logger is deprecated, use configure_logger instead
  warnings.warn(
08-04 13:56 nessai INFO    : Running Nessai version 0.15.2
08-04 13:56 nessai INFO    : Starting multiprocessing pool with 4 processes
08-04 13:56 nessai INFO    : Initialising nested sampler
08-04 13:56 nessai WARNING : Multiprocessing pool has already been configured.
/data/wiay/postgrads/shashwat/qunat_com_future/lib/python3.11/site-packages/nessai/gw/__init__.py:12: FutureWarning: The `nessai.gw` module will be deprecated in the next release in favour of the nessai-gw package. This packages provides the same functionality as`nessai.gw` via the plugin interface.For more details, see: https://github.com/mj-will/nessai-gw
  warnings.warn(
08-04 13:56 nessai INFO    : Passing kwargs to FlowProposal: {'poolsize': 1000}
08-04 13:56 nessai INFO    : No reparameterisations provided, using default reparameterisations included in FlowProposal
08-04 13:56 nessai INFO    : Adding reparameterisations from: {}
08-04 13:56 nessai INFO    : Assuming fallback reparameterisation (ScaleAndShift) for ['kappa', 'mu_xi', 'sigma_chi', 'sigma_xi', 'rho', 'lambda_chi', 'chi0', 'xi0'] with kwargs: {'estimate_scale': True, 'estimate_shift': True, 'prior_bounds': {'kappa': array([0.1, 5. ]), 'mu_xi': array([0. , 0.1]), 'sigma_chi': array([0.05, 0.6 ]), 'sigma_xi': array([0.05, 0.4 ]), 'rho': array([-0.9,  0.9]), 'lambda_chi': array([-0.5,  0.5]), 'chi0': array([-0.5,  0.5]), 'xi0': array([2.5, 5. ])}}.
08-04 13:56 nessai INFO    : x space parameters: ['kappa', 'mu_xi', 'sigma_chi', 'sigma_xi', 'rho', 'lambda_chi', 'chi0', 'xi0']
08-04 13:56 nessai INFO    : x prime space parameters: ['kappa_prime', 'mu_xi_prime', 'sigma_chi_prime', 'sigma_xi_prime', 'rho_prime', 'lambda_chi_prime', 'chi0_prime', 'xi0_prime']
08-04 13:56 nessai INFO    : Overwriting fuzz factor with expansion fraction
08-04 13:56 nessai INFO    : New fuzz factor: 1.2228445449938519
08-04 13:56 nessai INFO    : Verifying rescaling functions
08-04 13:56 nessai INFO    : Rescaling functions are invertible
08-04 13:56 nessai INFO    : Populating initial live points
08-04 13:56 nessai INFO    : Populated 100 / 1000 live points
08-04 13:56 nessai INFO    : Populated 200 / 1000 live points
08-04 13:56 nessai INFO    : Populated 300 / 1000 live points
08-04 13:56 nessai INFO    : Populated 400 / 1000 live points
08-04 13:56 nessai INFO    : Populated 500 / 1000 live points
08-04 13:56 nessai INFO    : Populated 600 / 1000 live points
08-04 13:56 nessai INFO    : Populated 700 / 1000 live points
08-04 13:56 nessai INFO    : Populated 800 / 1000 live points
08-04 13:56 nessai INFO    : Populated 900 / 1000 live points
08-04 13:56 nessai INFO    : Populated 1000 / 1000 live points
08-04 13:56 nessai INFO    : Starting nested sampling loop
08-04 13:56 nessai INFO    : it:  1000: Rolling KS test: D=0.035, p-value=0.08429
08-04 13:56 nessai INFO    : it:  1000: n eval: 3000 H: 7.91 dlogZ: 203000999.842 logZ: -203163816.614 +/- 0.089 logLmax: -162815.77
08-04 13:56 nessai INFO    : it:  2000: Rolling KS test: D=0.025, p-value=0.2818
08-04 13:56 nessai INFO    : it:  2000: n eval: 7000 H: 8.91 dlogZ: 56204823.204 logZ: -56367640.976 +/- 0.094 logLmax: -162815.77
08-04 13:56 nessai INFO    : Switching to FlowProposal
08-04 13:56 nessai INFO    : it:  3000: Rolling KS test: D=0.027, p-value=0.2286
08-04 13:56 nessai INFO    : it:  3000: n eval: 10911 H: 9.91 dlogZ: 16858476.829 logZ: -16915549.942 +/- 0.100 logLmax: -57070.11
08-04 13:57 nessai INFO    : it:  4000: Rolling KS test: D=0.036, p-value=0.07308
08-04 13:57 nessai INFO    : it:  4000: n eval: 12730 H: 10.91 dlogZ: 6021605.509 logZ: -6059595.845 +/- 0.104 logLmax: -37986.34
08-04 13:57 nessai INFO    : it:  5000: Rolling KS test: D=0.027, p-value=0.2286
08-04 13:57 nessai INFO    : it:  5000: n eval: 16357 H: 11.91 dlogZ: 2547342.658 logZ: -2585333.993 +/- 0.109 logLmax: -37986.34
08-04 13:57 nessai INFO    : it:  6000: Rolling KS test: D=0.026, p-value=0.2543
08-04 13:57 nessai INFO    : it:  6000: n eval: 19984 H: 12.91 dlogZ: 1229002.217 logZ: -1240167.779 +/- 0.114 logLmax: -11159.56
08-04 13:57 nessai INFO    : it:  7000: Rolling KS test: D=0.018, p-value=0.5169
08-04 13:57 nessai INFO    : it:  7000: n eval: 24452 H: 13.91 dlogZ: 593254.887 logZ: -600850.864 +/- 0.118 logLmax: -7588.98
08-04 13:57 nessai INFO    : it:  8000: Rolling KS test: D=0.012, p-value=0.7438
08-04 13:57 nessai INFO    : it:  8000: n eval: 29194 H: 14.91 dlogZ: 299077.322 logZ: -301623.569 +/- 0.122 logLmax: -2538.25
08-04 13:57 nessai INFO    : it:  9000: Rolling KS test: D=0.05, p-value=0.006506
08-04 13:57 nessai INFO    : it:  9000: n eval: 34367 H: 15.91 dlogZ: 155603.982 logZ: -157127.602 +/- 0.126 logLmax: -1514.62
08-04 13:57 nessai INFO    : it: 10000: Rolling KS test: D=0.015, p-value=0.6313
08-04 13:57 nessai INFO    : it: 10000: n eval: 42816 H: 16.91 dlogZ: 79008.530 logZ: -80533.151 +/- 0.130 logLmax: -1514.62
08-04 13:57 nessai INFO    : it: 11000: Rolling KS test: D=0.027, p-value=0.2286
08-04 13:57 nessai INFO    : it: 11000: n eval: 48929 H: 17.91 dlogZ: 42535.839 logZ: -43138.790 +/- 0.134 logLmax: -591.95
08-04 13:57 nessai INFO    : it: 12000: Rolling KS test: D=0.03, p-value=0.162
08-04 13:57 nessai INFO    : it: 12000: n eval: 55033 H: 18.22 dlogZ: 23156.601 logZ: -23760.552 +/- 0.135 logLmax: -591.95
08-04 13:57 nessai INFO    : it: 13000: Rolling KS test: D=0.038, p-value=0.05428
08-04 13:57 nessai INFO    : it: 13000: n eval: 61406 H: 19.90 dlogZ: 12346.327 logZ: -12631.555 +/- 0.141 logLmax: -272.23
08-04 13:57 nessai INFO    : it: 14000: Rolling KS test: D=0.02, p-value=0.4434
08-04 13:57 nessai INFO    : it: 14000: n eval: 70527 H: 19.62 dlogZ: 6957.751 logZ: -7243.979 +/- 0.140 logLmax: -272.23
08-04 13:57 nessai INFO    : it: 15000: Rolling KS test: D=0.027, p-value=0.2286
08-04 13:57 nessai INFO    : it: 15000: n eval: 81001 H: 20.89 dlogZ: 3827.608 logZ: -4114.837 +/- 0.145 logLmax: -272.23
08-04 13:57 nessai INFO    : it: 16000: Rolling KS test: D=0.018, p-value=0.5169
08-04 13:57 nessai INFO    : it: 16000: n eval: 88564 H: 21.73 dlogZ: 2172.558 logZ: -2335.560 +/- 0.147 logLmax: -147.00
08-04 13:57 nessai INFO    : it: 17000: Rolling KS test: D=0.029, p-value=0.1825
08-04 13:57 nessai INFO    : it: 17000: n eval: 100053 H: 22.32 dlogZ: 1280.822 logZ: -1444.825 +/- 0.149 logLmax: -147.00
08-04 13:57 nessai INFO    : it: 18000: Rolling KS test: D=0.013, p-value=0.7071
08-04 13:57 nessai INFO    : it: 18000: n eval: 114318 H: 22.86 dlogZ: 793.495 logZ: -916.453 +/- 0.151 logLmax: -104.96
08-04 13:57 nessai INFO    : it: 19000: Rolling KS test: D=0.037, p-value=0.06311
08-04 13:57 nessai INFO    : it: 19000: n eval: 130129 H: 23.10 dlogZ: 509.051 logZ: -615.716 +/- 0.152 logLmax: -87.67
08-04 13:57 nessai INFO    : it: 20000: Rolling KS test: D=0.017, p-value=0.5547
08-04 13:57 nessai INFO    : it: 20000: n eval: 150394 H: 23.92 dlogZ: 398.123 logZ: -429.812 +/- 0.155 logLmax: -11.69
08-04 13:57 nessai INFO    : it: 21000: Rolling KS test: D=0.035, p-value=0.08429
08-04 13:57 nessai INFO    : it: 21000: n eval: 178142 H: 24.27 dlogZ: 279.152 logZ: -311.841 +/- 0.156 logLmax: -11.69
08-04 13:57 nessai INFO    : it: 22000: Rolling KS test: D=0.057, p-value=0.001446
08-04 13:57 nessai INFO    : it: 22000: n eval: 204044 H: 25.05 dlogZ: 198.735 logZ: -232.425 +/- 0.158 logLmax: -11.69
08-04 13:57 nessai INFO    : it: 23000: Rolling KS test: D=0.042, p-value=0.02854
08-04 13:57 nessai INFO    : it: 23000: n eval: 235514 H: 25.70 dlogZ: 146.731 logZ: -181.421 +/- 0.160 logLmax: -11.69
08-04 13:58 nessai INFO    : it: 24000: Rolling KS test: D=0.018, p-value=0.5169
08-04 13:58 nessai INFO    : it: 24000: n eval: 272240 H: 26.41 dlogZ: 111.370 logZ: -147.059 +/- 0.163 logLmax: -11.69
08-04 13:58 nessai INFO    : it: 25000: Rolling KS test: D=0.041, p-value=0.03371
08-04 13:58 nessai INFO    : it: 25000: n eval: 293935 H: 27.19 dlogZ: 86.276 logZ: -122.080 +/- 0.165 logLmax: -10.81
08-04 13:58 nessai INFO    : it: 26000: Rolling KS test: D=0.018, p-value=0.5169
08-04 13:58 nessai INFO    : it: 26000: n eval: 318210 H: 27.94 dlogZ: 68.051 logZ: -102.138 +/- 0.167 logLmax: -8.09
08-04 13:58 nessai INFO    : it: 27000: Rolling KS test: D=0.029, p-value=0.1825
08-04 13:58 nessai INFO    : it: 27000: n eval: 339211 H: 28.73 dlogZ: 51.243 logZ: -86.331 +/- 0.170 logLmax: -8.09
08-04 13:58 nessai INFO    : it: 28000: Rolling KS test: D=0.033, p-value=0.1108
08-04 13:58 nessai INFO    : it: 28000: n eval: 369277 H: 29.42 dlogZ: 40.531 logZ: -73.887 +/- 0.172 logLmax: -5.36
08-04 13:58 nessai INFO    : it: 29000: Rolling KS test: D=0.024, p-value=0.311
08-04 13:58 nessai INFO    : it: 29000: n eval: 386955 H: 30.08 dlogZ: 29.850 logZ: -64.207 +/- 0.173 logLmax: -5.36
08-04 13:58 nessai INFO    : it: 30000: Rolling KS test: D=0.032, p-value=0.1263
08-04 13:58 nessai INFO    : it: 30000: n eval: 404633 H: 30.76 dlogZ: 23.525 logZ: -56.600 +/- 0.175 logLmax: -3.08
08-04 13:58 nessai INFO    : it: 31000: Rolling KS test: D=0.017, p-value=0.5547
08-04 13:58 nessai INFO    : it: 31000: n eval: 418747 H: 31.35 dlogZ: 17.281 logZ: -51.356 +/- 0.177 logLmax: -3.08
08-04 13:58 nessai INFO    : it: 32000: Rolling KS test: D=0.012, p-value=0.7438
08-04 13:58 nessai INFO    : it: 32000: n eval: 432875 H: 31.99 dlogZ: 12.802 logZ: -47.355 +/- 0.179 logLmax: -2.55
08-04 13:58 nessai INFO    : it: 33000: Rolling KS test: D=0.004, p-value=0.9659
08-04 13:58 nessai INFO    : it: 33000: n eval: 446427 H: 32.58 dlogZ: 9.071 logZ: -44.624 +/- 0.180 logLmax: -2.55
08-04 13:58 nessai INFO    : it: 34000: Rolling KS test: D=0.009, p-value=0.8454
08-04 13:58 nessai INFO    : it: 34000: n eval: 455732 H: 33.13 dlogZ: 7.283 logZ: -42.734 +/- 0.182 logLmax: -1.45
08-04 13:58 nessai INFO    : it: 35000: Rolling KS test: D=0.021, p-value=0.4082
08-04 13:58 nessai INFO    : it: 35000: n eval: 469255 H: 33.66 dlogZ: 5.402 logZ: -41.390 +/- 0.183 logLmax: -0.99
08-04 13:58 nessai INFO    : it: 36000: Rolling KS test: D=0.025, p-value=0.2818
08-04 13:58 nessai INFO    : it: 36000: n eval: 484585 H: 34.08 dlogZ: 3.544 logZ: -40.507 +/- 0.185 logLmax: -0.99
08-04 13:58 nessai INFO    : it: 37000: Rolling KS test: D=0.008, p-value=0.8752
08-04 13:58 nessai INFO    : it: 37000: n eval: 502423 H: 34.41 dlogZ: 2.181 logZ: -39.970 +/- 0.186 logLmax: -0.91
08-04 13:58 nessai INFO    : it: 38000: Rolling KS test: D=0.017, p-value=0.5547
08-04 13:58 nessai INFO    : it: 38000: n eval: 510947 H: 34.68 dlogZ: 1.125 logZ: -39.641 +/- 0.186 logLmax: -0.91
08-04 13:59 nessai INFO    : it: 39000: Rolling KS test: D=0.036, p-value=0.07308
08-04 13:59 nessai INFO    : it: 39000: n eval: 524926 H: 34.88 dlogZ: 0.533 logZ: -39.448 +/- 0.187 logLmax: -0.80
08-04 13:59 nessai INFO    : it: 40000: Rolling KS test: D=0.04, p-value=0.03967
08-04 13:59 nessai INFO    : it: 40000: n eval: 540436 H: 35.01 dlogZ: 0.224 logZ: -39.346 +/- 0.187 logLmax: -0.73
08-04 13:59 nessai INFO    : Stopping with difference_log_evidence=0.100
08-04 13:59 nessai INFO    : Finalising
08-04 13:59 nessai INFO    : Final ln-evidence: -39.250 +/- 0.188
08-04 13:59 nessai INFO    : Information: 35.16
08-04 13:59 nessai INFO    : Final KS test: D=0.009599, p-value=0.0005243
08-04 13:59 nessai WARNING : Final p-value for the insertion indices is less than 0.05, this could be an indication of problems during sampling. Consider checking the diagnostic plots.
08-04 13:59 nessai INFO    : Checkpointing nested sampling
08-04 13:59 nessai INFO    : Total sampling time: 0:02:14.685161
08-04 13:59 nessai INFO    : Total training time: 0:00:44.519417
08-04 13:59 nessai INFO    : Total population time: 0:00:33.314891
08-04 13:59 nessai INFO    : Total likelihood evaluations: 549080
08-04 13:59 nessai INFO    : Time spent evaluating likelihood: 0:00:10.873833
08-04 13:59 nessai INFO    : Total sampling time: 0:02:14.685161
08-04 13:59 nessai INFO    : Total likelihood evaluations: 549080
08-04 13:59 nessai INFO    : Starting post processing
08-04 13:59 nessai INFO    : Computing posterior samples
08-04 13:59 nessai INFO    : Effective sample size: 6774.9
08-04 13:59 nessai INFO    : Producing posterior samples using rejection sampling
08-04 13:59 nessai INFO    : Expect 4787.881007016199 samples from rejection sampling
08-04 13:59 nessai INFO    : Returned 4744 posterior samples
08-04 13:59 nessai INFO    : Starting to close worker pool.
08-04 13:59 nessai INFO    : Finished closing worker pool.
