/data/wiay/postgrads/shashwat/qunat_com_future/lib/python3.11/site-packages/nessai/utils/logging.py:133: FutureWarning: setup_logger is deprecated, use configure_logger instead
  warnings.warn(
08-04 13:18 nessai INFO    : Running Nessai version 0.15.2
08-04 13:18 nessai INFO    : Starting multiprocessing pool with 4 processes
08-04 13:18 nessai INFO    : Initialising nested sampler
08-04 13:18 nessai WARNING : Multiprocessing pool has already been configured.
/data/wiay/postgrads/shashwat/qunat_com_future/lib/python3.11/site-packages/nessai/gw/__init__.py:12: FutureWarning: The `nessai.gw` module will be deprecated in the next release in favour of the nessai-gw package. This packages provides the same functionality as`nessai.gw` via the plugin interface.For more details, see: https://github.com/mj-will/nessai-gw
  warnings.warn(
08-04 13:18 nessai INFO    : Passing kwargs to FlowProposal: {'poolsize': 1000}
08-04 13:18 nessai INFO    : No reparameterisations provided, using default reparameterisations included in FlowProposal
08-04 13:18 nessai INFO    : Adding reparameterisations from: {}
08-04 13:18 nessai INFO    : Assuming fallback reparameterisation (ScaleAndShift) for ['kappa', 'mu_xi', 'sigma_chi', 'sigma_xi', 'rho', 'lambda_chi', 'chi0', 'xi0'] with kwargs: {'estimate_scale': True, 'estimate_shift': True, 'prior_bounds': {'kappa': array([0.1, 5. ]), 'mu_xi': array([0. , 0.1]), 'sigma_chi': array([0.05, 0.6 ]), 'sigma_xi': array([0.05, 0.4 ]), 'rho': array([-0.9,  0.9]), 'lambda_chi': array([-0.5,  0.5]), 'chi0': array([-0.5,  0.5]), 'xi0': array([2.5, 5. ])}}.
08-04 13:18 nessai INFO    : x space parameters: ['kappa', 'mu_xi', 'sigma_chi', 'sigma_xi', 'rho', 'lambda_chi', 'chi0', 'xi0']
08-04 13:18 nessai INFO    : x prime space parameters: ['kappa_prime', 'mu_xi_prime', 'sigma_chi_prime', 'sigma_xi_prime', 'rho_prime', 'lambda_chi_prime', 'chi0_prime', 'xi0_prime']
08-04 13:18 nessai INFO    : Overwriting fuzz factor with expansion fraction
08-04 13:18 nessai INFO    : New fuzz factor: 1.2228445449938519
08-04 13:18 nessai INFO    : Verifying rescaling functions
08-04 13:18 nessai INFO    : Rescaling functions are invertible
08-04 13:18 nessai INFO    : Populating initial live points
08-04 13:18 nessai INFO    : Populated 100 / 1000 live points
08-04 13:18 nessai INFO    : Populated 200 / 1000 live points
08-04 13:18 nessai INFO    : Populated 300 / 1000 live points
08-04 13:18 nessai INFO    : Populated 400 / 1000 live points
08-04 13:18 nessai INFO    : Populated 500 / 1000 live points
08-04 13:18 nessai INFO    : Populated 600 / 1000 live points
08-04 13:18 nessai INFO    : Populated 700 / 1000 live points
08-04 13:18 nessai INFO    : Populated 800 / 1000 live points
08-04 13:18 nessai INFO    : Populated 900 / 1000 live points
08-04 13:18 nessai INFO    : Populated 1000 / 1000 live points
08-04 13:18 nessai INFO    : Starting nested sampling loop
08-04 13:18 nessai INFO    : it:  1000: Rolling KS test: D=0.018, p-value=0.5169
08-04 13:18 nessai INFO    : it:  1000: n eval: 3000 H: 7.91 dlogZ: 11192847.365 logZ: -11195475.722 +/- 0.089 logLmax: -2627.36
08-04 13:18 nessai INFO    : it:  2000: Rolling KS test: D=0.004, p-value=0.9659
08-04 13:18 nessai INFO    : it:  2000: n eval: 8000 H: 8.91 dlogZ: 746846.758 logZ: -747962.493 +/- 0.094 logLmax: -1113.74
08-04 13:18 nessai INFO    : Switching to FlowProposal
08-04 13:18 nessai INFO    : it:  3000: Rolling KS test: D=0.004, p-value=0.9659
08-04 13:18 nessai INFO    : it:  3000: n eval: 11849 H: 9.91 dlogZ: 126046.444 logZ: -126798.056 +/- 0.100 logLmax: -748.61
08-04 13:18 nessai INFO    : it:  4000: Rolling KS test: D=0.027, p-value=0.2286
08-04 13:18 nessai INFO    : it:  4000: n eval: 15400 H: 10.81 dlogZ: 45419.819 logZ: -46172.431 +/- 0.104 logLmax: -748.61
08-04 13:18 nessai INFO    : it:  5000: Rolling KS test: D=0.022, p-value=0.3744
08-04 13:18 nessai INFO    : it:  5000: n eval: 17321 H: 11.91 dlogZ: 18866.299 logZ: -18990.161 +/- 0.109 logLmax: -118.86
08-04 13:18 nessai INFO    : it:  6000: Rolling KS test: D=0.019, p-value=0.4797
08-04 13:18 nessai INFO    : it:  6000: n eval: 24165 H: 12.00 dlogZ: 9218.742 logZ: -9343.605 +/- 0.110 logLmax: -118.86
08-04 13:18 nessai INFO    : it:  7000: Rolling KS test: D=0.009, p-value=0.8454
08-04 13:18 nessai INFO    : it:  7000: n eval: 29309 H: 13.65 dlogZ: 4757.208 logZ: -4808.183 +/- 0.117 logLmax: -43.98
08-04 13:19 nessai INFO    : it:  8000: Rolling KS test: D=0.04, p-value=0.03967
08-04 13:19 nessai INFO    : it:  8000: n eval: 34094 H: 14.03 dlogZ: 2290.250 logZ: -2342.225 +/- 0.118 logLmax: -43.98
08-04 13:19 nessai INFO    : it:  9000: Rolling KS test: D=0.044, p-value=0.0202
08-04 13:19 nessai INFO    : it:  9000: n eval: 39430 H: 14.61 dlogZ: 1161.130 logZ: -1181.277 +/- 0.121 logLmax: -11.15
08-04 13:19 nessai INFO    : it: 10000: Rolling KS test: D=0.02, p-value=0.4434
08-04 13:19 nessai INFO    : it: 10000: n eval: 45224 H: 15.25 dlogZ: 582.780 logZ: -603.609 +/- 0.123 logLmax: -10.83
08-04 13:19 nessai INFO    : it: 11000: Rolling KS test: D=0.023, p-value=0.3419
08-04 13:19 nessai INFO    : it: 11000: n eval: 50811 H: 15.13 dlogZ: 291.256 logZ: -312.667 +/- 0.123 logLmax: -10.41
08-04 13:19 nessai INFO    : it: 12000: Rolling KS test: D=0.02, p-value=0.4434
08-04 13:19 nessai INFO    : it: 12000: n eval: 60065 H: 15.57 dlogZ: 149.913 logZ: -169.104 +/- 0.125 logLmax: -7.19
08-04 13:19 nessai INFO    : it: 13000: Rolling KS test: D=0.022, p-value=0.3744
08-04 13:19 nessai INFO    : it: 13000: n eval: 68373 H: 15.84 dlogZ: 78.082 logZ: -98.147 +/- 0.126 logLmax: -7.07
08-04 13:19 nessai INFO    : it: 14000: Rolling KS test: D=0.014, p-value=0.6695
08-04 13:19 nessai INFO    : it: 14000: n eval: 79429 H: 16.33 dlogZ: 39.396 logZ: -60.247 +/- 0.128 logLmax: -6.85
08-04 13:19 nessai INFO    : it: 15000: Rolling KS test: D=0.016, p-value=0.593
08-04 13:19 nessai INFO    : it: 15000: n eval: 91908 H: 16.43 dlogZ: 22.840 logZ: -43.384 +/- 0.128 logLmax: -5.55
08-04 13:19 nessai INFO    : it: 16000: Rolling KS test: D=0.018, p-value=0.5169
08-04 13:19 nessai INFO    : it: 16000: n eval: 100257 H: 16.82 dlogZ: 12.983 logZ: -34.527 +/- 0.130 logLmax: -5.55
08-04 13:19 nessai INFO    : it: 17000: Rolling KS test: D=0.013, p-value=0.7071
08-04 13:19 nessai INFO    : it: 17000: n eval: 116168 H: 17.06 dlogZ: 7.759 logZ: -29.963 +/- 0.131 logLmax: -5.21
08-04 13:19 nessai INFO    : it: 18000: Rolling KS test: D=0.014, p-value=0.6695
08-04 13:19 nessai INFO    : it: 18000: n eval: 133939 H: 17.34 dlogZ: 4.774 logZ: -27.595 +/- 0.132 logLmax: -4.83
08-04 13:19 nessai INFO    : it: 19000: Rolling KS test: D=0.018, p-value=0.5169
08-04 13:19 nessai INFO    : it: 19000: n eval: 161053 H: 17.53 dlogZ: 2.705 logZ: -26.465 +/- 0.132 logLmax: -4.83
08-04 13:19 nessai INFO    : it: 20000: Rolling KS test: D=0.014, p-value=0.6695
08-04 13:19 nessai INFO    : it: 20000: n eval: 198850 H: 17.74 dlogZ: 1.407 logZ: -25.854 +/- 0.133 logLmax: -4.73
08-04 13:19 nessai INFO    : it: 21000: Rolling KS test: D=0.015, p-value=0.6313
08-04 13:19 nessai INFO    : it: 21000: n eval: 258648 H: 17.89 dlogZ: 0.605 logZ: -25.544 +/- 0.134 logLmax: -4.73
08-04 13:19 nessai INFO    : it: 22000: Rolling KS test: D=0.02, p-value=0.4434
08-04 13:19 nessai INFO    : it: 22000: n eval: 308648 H: 17.98 dlogZ: 0.241 logZ: -25.394 +/- 0.134 logLmax: -4.69
08-04 13:20 nessai INFO    : Stopping with difference_log_evidence=0.100
08-04 13:20 nessai INFO    : Finalising
08-04 13:20 nessai INFO    : Final ln-evidence: -25.273 +/- 0.134
08-04 13:20 nessai INFO    : Information: 18.09
08-04 13:20 nessai INFO    : Final KS test: D=0.004258, p-value=0.4332
08-04 13:20 nessai INFO    : Checkpointing nested sampling
08-04 13:20 nessai INFO    : Total sampling time: 0:01:21.389619
08-04 13:20 nessai INFO    : Total training time: 0:00:29.017305
08-04 13:20 nessai INFO    : Total population time: 0:00:23.374498
08-04 13:20 nessai INFO    : Total likelihood evaluations: 378648
08-04 13:20 nessai INFO    : Time spent evaluating likelihood: 0:00:07.408540
08-04 13:20 nessai INFO    : Total sampling time: 0:01:21.389619
08-04 13:20 nessai INFO    : Total likelihood evaluations: 378648
08-04 13:20 nessai INFO    : Starting post processing
08-04 13:20 nessai INFO    : Computing posterior samples
08-04 13:20 nessai INFO    : Effective sample size: 5489.1
08-04 13:20 nessai INFO    : Producing posterior samples using rejection sampling
08-04 13:20 nessai INFO    : Expect 3812.751654945274 samples from rejection sampling
08-04 13:20 nessai INFO    : Returned 3782 posterior samples
08-04 13:20 nessai INFO    : Starting to close worker pool.
08-04 13:20 nessai INFO    : Finished closing worker pool.
