/data/wiay/postgrads/shashwat/qunat_com_future/lib/python3.11/site-packages/nessai/utils/logging.py:133: FutureWarning: setup_logger is deprecated, use configure_logger instead
  warnings.warn(
08-04 12:55 nessai INFO    : Running Nessai version 0.15.2
08-04 12:55 nessai INFO    : Starting multiprocessing pool with 4 processes
08-04 12:55 nessai INFO    : Initialising nested sampler
08-04 12:55 nessai WARNING : Multiprocessing pool has already been configured.
/data/wiay/postgrads/shashwat/qunat_com_future/lib/python3.11/site-packages/nessai/gw/__init__.py:12: FutureWarning: The `nessai.gw` module will be deprecated in the next release in favour of the nessai-gw package. This packages provides the same functionality as`nessai.gw` via the plugin interface.For more details, see: https://github.com/mj-will/nessai-gw
  warnings.warn(
08-04 12:55 nessai INFO    : Passing kwargs to FlowProposal: {'poolsize': 1000}
08-04 12:55 nessai INFO    : No reparameterisations provided, using default reparameterisations included in FlowProposal
08-04 12:55 nessai INFO    : Adding reparameterisations from: {}
08-04 12:55 nessai INFO    : Assuming fallback reparameterisation (ScaleAndShift) for ['kappa', 'mu_xi', 'sigma_chi', 'sigma_xi', 'rho', 'lambda_chi', 'chi0', 'xi0'] with kwargs: {'estimate_scale': True, 'estimate_shift': True, 'prior_bounds': {'kappa': array([0.1, 5. ]), 'mu_xi': array([0. , 0.1]), 'sigma_chi': array([0.05, 0.6 ]), 'sigma_xi': array([0.05, 0.4 ]), 'rho': array([-0.9,  0.9]), 'lambda_chi': array([-0.5,  0.5]), 'chi0': array([-0.5,  0.5]), 'xi0': array([2.5, 5. ])}}.
08-04 12:55 nessai INFO    : x space parameters: ['kappa', 'mu_xi', 'sigma_chi', 'sigma_xi', 'rho', 'lambda_chi', 'chi0', 'xi0']
08-04 12:55 nessai INFO    : x prime space parameters: ['kappa_prime', 'mu_xi_prime', 'sigma_chi_prime', 'sigma_xi_prime', 'rho_prime', 'lambda_chi_prime', 'chi0_prime', 'xi0_prime']
08-04 12:55 nessai INFO    : Overwriting fuzz factor with expansion fraction
08-04 12:55 nessai INFO    : New fuzz factor: 1.2228445449938519
08-04 12:55 nessai INFO    : Verifying rescaling functions
08-04 12:55 nessai INFO    : Rescaling functions are invertible
08-04 12:55 nessai INFO    : Populating initial live points
08-04 12:55 nessai INFO    : Populated 100 / 1000 live points
08-04 12:55 nessai INFO    : Populated 200 / 1000 live points
08-04 12:55 nessai INFO    : Populated 300 / 1000 live points
08-04 12:55 nessai INFO    : Populated 400 / 1000 live points
08-04 12:55 nessai INFO    : Populated 500 / 1000 live points
08-04 12:55 nessai INFO    : Populated 600 / 1000 live points
08-04 12:55 nessai INFO    : Populated 700 / 1000 live points
08-04 12:55 nessai INFO    : Populated 800 / 1000 live points
08-04 12:55 nessai INFO    : Populated 900 / 1000 live points
08-04 12:55 nessai INFO    : Populated 1000 / 1000 live points
08-04 12:55 nessai INFO    : Starting nested sampling loop
08-04 12:55 nessai INFO    : it:  1000: Rolling KS test: D=0.015, p-value=0.6313
08-04 12:55 nessai INFO    : it:  1000: n eval: 3000 H: 7.91 dlogZ: 6724270.345 logZ: -6730706.024 +/- 0.089 logLmax: -6434.68
08-04 12:55 nessai INFO    : it:  2000: Rolling KS test: D=0.03, p-value=0.162
08-04 12:55 nessai INFO    : it:  2000: n eval: 8000 H: 8.91 dlogZ: 532059.547 logZ: -534531.330 +/- 0.094 logLmax: -2469.78
08-04 12:55 nessai INFO    : Switching to FlowProposal
08-04 12:56 nessai INFO    : it:  3000: Rolling KS test: D=0.043, p-value=0.02406
08-04 12:56 nessai INFO    : it:  3000: n eval: 12011 H: 9.91 dlogZ: 162787.742 logZ: -163527.602 +/- 0.100 logLmax: -736.86
08-04 12:56 nessai INFO    : it:  4000: Rolling KS test: D=0.027, p-value=0.2286
08-04 12:56 nessai INFO    : it:  4000: n eval: 15784 H: 10.91 dlogZ: 66658.489 logZ: -66810.454 +/- 0.104 logLmax: -147.97
08-04 12:56 nessai INFO    : it:  5000: Rolling KS test: D=0.026, p-value=0.2543
08-04 12:56 nessai INFO    : it:  5000: n eval: 19819 H: 11.91 dlogZ: 30948.812 logZ: -31101.777 +/- 0.109 logLmax: -147.97
08-04 12:56 nessai INFO    : it:  6000: Rolling KS test: D=0.013, p-value=0.7071
08-04 12:56 nessai INFO    : it:  6000: n eval: 24938 H: 12.90 dlogZ: 15042.007 logZ: -15195.972 +/- 0.114 logLmax: -147.97
08-04 12:56 nessai INFO    : it:  7000: Rolling KS test: D=0.013, p-value=0.7071
08-04 12:56 nessai INFO    : it:  7000: n eval: 31340 H: 13.14 dlogZ: 7027.374 logZ: -7182.339 +/- 0.115 logLmax: -147.97
08-04 12:56 nessai INFO    : it:  8000: Rolling KS test: D=0.033, p-value=0.1108
08-04 12:56 nessai INFO    : it:  8000: n eval: 36583 H: 14.51 dlogZ: 3501.706 logZ: -3592.344 +/- 0.120 logLmax: -82.64
08-04 12:56 nessai INFO    : it:  9000: Rolling KS test: D=0.016, p-value=0.593
08-04 12:56 nessai INFO    : it:  9000: n eval: 42345 H: 15.52 dlogZ: 1856.109 logZ: -1920.572 +/- 0.125 logLmax: -55.46
08-04 12:56 nessai INFO    : it: 10000: Rolling KS test: D=0.014, p-value=0.6695
08-04 12:56 nessai INFO    : it: 10000: n eval: 47358 H: 15.13 dlogZ: 1011.683 logZ: -1049.685 +/- 0.123 logLmax: -28.00
08-04 12:56 nessai INFO    : it: 11000: Rolling KS test: D=0.048, p-value=0.009645
08-04 12:56 nessai INFO    : it: 11000: n eval: 52903 H: 16.09 dlogZ: 572.585 logZ: -591.993 +/- 0.127 logLmax: -8.41
08-04 12:56 nessai INFO    : it: 12000: Rolling KS test: D=0.005, p-value=0.9481
08-04 12:56 nessai INFO    : it: 12000: n eval: 57938 H: 16.06 dlogZ: 318.187 logZ: -337.072 +/- 0.127 logLmax: -6.89
08-04 12:56 nessai INFO    : it: 13000: Rolling KS test: D=0.028, p-value=0.2046
08-04 12:56 nessai INFO    : it: 13000: n eval: 66202 H: 16.74 dlogZ: 177.008 logZ: -194.878 +/- 0.129 logLmax: -4.87
08-04 12:56 nessai INFO    : it: 14000: Rolling KS test: D=0.023, p-value=0.3419
08-04 12:56 nessai INFO    : it: 14000: n eval: 71293 H: 17.20 dlogZ: 97.828 logZ: -116.019 +/- 0.131 logLmax: -4.19
08-04 12:56 nessai INFO    : it: 15000: Rolling KS test: D=0.009, p-value=0.8454
08-04 12:56 nessai INFO    : it: 15000: n eval: 78096 H: 17.43 dlogZ: 55.881 logZ: -74.420 +/- 0.132 logLmax: -3.54
08-04 12:56 nessai INFO    : it: 16000: Rolling KS test: D=0.014, p-value=0.6695
08-04 12:56 nessai INFO    : it: 16000: n eval: 84171 H: 17.82 dlogZ: 31.560 logZ: -51.100 +/- 0.133 logLmax: -3.54
08-04 12:56 nessai INFO    : it: 17000: Rolling KS test: D=0.047, p-value=0.01167
08-04 12:56 nessai INFO    : it: 17000: n eval: 97366 H: 18.17 dlogZ: 18.311 logZ: -38.493 +/- 0.135 logLmax: -3.18
08-04 12:56 nessai INFO    : it: 18000: Rolling KS test: D=0.02, p-value=0.4434
08-04 12:56 nessai INFO    : it: 18000: n eval: 110354 H: 18.50 dlogZ: 10.719 logZ: -31.865 +/- 0.136 logLmax: -3.15
08-04 12:56 nessai INFO    : it: 19000: Rolling KS test: D=0.037, p-value=0.06311
08-04 12:56 nessai INFO    : it: 19000: n eval: 123620 H: 18.79 dlogZ: 6.117 logZ: -28.261 +/- 0.137 logLmax: -3.15
08-04 12:56 nessai INFO    : it: 20000: Rolling KS test: D=0.045, p-value=0.01689
08-04 12:56 nessai INFO    : it: 20000: n eval: 138893 H: 19.06 dlogZ: 4.098 logZ: -26.454 +/- 0.138 logLmax: -2.37
08-04 12:56 nessai INFO    : it: 21000: Rolling KS test: D=0.041, p-value=0.03371
08-04 12:56 nessai INFO    : it: 21000: n eval: 159100 H: 19.31 dlogZ: 2.231 logZ: -25.490 +/- 0.139 logLmax: -2.37
08-04 12:57 nessai INFO    : it: 22000: Rolling KS test: D=0.025, p-value=0.2818
08-04 12:57 nessai INFO    : it: 22000: n eval: 188802 H: 19.49 dlogZ: 1.052 logZ: -24.996 +/- 0.140 logLmax: -2.37
08-04 12:57 nessai INFO    : it: 23000: Rolling KS test: D=0.043, p-value=0.02406
08-04 12:57 nessai INFO    : it: 23000: n eval: 216788 H: 19.62 dlogZ: 0.523 logZ: -24.747 +/- 0.140 logLmax: -2.12
08-04 12:57 nessai INFO    : it: 24000: Rolling KS test: D=0.034, p-value=0.09683
08-04 12:57 nessai INFO    : it: 24000: n eval: 264902 H: 19.70 dlogZ: 0.233 logZ: -24.627 +/- 0.140 logLmax: -1.97
08-04 12:57 nessai INFO    : Stopping with difference_log_evidence=0.100
08-04 12:57 nessai INFO    : Finalising
08-04 12:57 nessai INFO    : Final ln-evidence: -24.524 +/- 0.141
08-04 12:57 nessai INFO    : Information: 19.80
08-04 12:57 nessai INFO    : Final KS test: D=0.01428, p-value=3.883e-05
08-04 12:57 nessai WARNING : Final p-value for the insertion indices is less than 0.05, this could be an indication of problems during sampling. Consider checking the diagnostic plots.
08-04 12:57 nessai INFO    : Checkpointing nested sampling
08-04 12:57 nessai INFO    : Total sampling time: 0:01:29.110346
08-04 12:57 nessai INFO    : Total training time: 0:00:27.391914
08-04 12:57 nessai INFO    : Total population time: 0:00:23.963476
08-04 12:57 nessai INFO    : Total likelihood evaluations: 304902
08-04 12:57 nessai INFO    : Time spent evaluating likelihood: 0:00:10.314790
08-04 12:57 nessai INFO    : Total sampling time: 0:01:29.110346
08-04 12:57 nessai INFO    : Total likelihood evaluations: 304902
08-04 12:57 nessai INFO    : Starting post processing
08-04 12:57 nessai INFO    : Computing posterior samples
08-04 12:57 nessai INFO    : Effective sample size: 5560.6
08-04 12:57 nessai INFO    : Producing posterior samples using rejection sampling
08-04 12:57 nessai INFO    : Expect 3769.1168990438177 samples from rejection sampling
08-04 12:57 nessai INFO    : Returned 3821 posterior samples
08-04 12:57 nessai INFO    : Starting to close worker pool.
08-04 12:57 nessai INFO    : Finished closing worker pool.
