/data/wiay/postgrads/shashwat/qunat_com_future/lib/python3.11/site-packages/nessai/utils/logging.py:133: FutureWarning: setup_logger is deprecated, use configure_logger instead
  warnings.warn(
08-04 13:07 nessai INFO    : Running Nessai version 0.15.2
08-04 13:07 nessai INFO    : Starting multiprocessing pool with 4 processes
08-04 13:07 nessai INFO    : Initialising nested sampler
08-04 13:07 nessai WARNING : Multiprocessing pool has already been configured.
/data/wiay/postgrads/shashwat/qunat_com_future/lib/python3.11/site-packages/nessai/gw/__init__.py:12: FutureWarning: The `nessai.gw` module will be deprecated in the next release in favour of the nessai-gw package. This packages provides the same functionality as`nessai.gw` via the plugin interface.For more details, see: https://github.com/mj-will/nessai-gw
  warnings.warn(
08-04 13:07 nessai INFO    : Passing kwargs to FlowProposal: {'poolsize': 1000}
08-04 13:07 nessai INFO    : No reparameterisations provided, using default reparameterisations included in FlowProposal
08-04 13:07 nessai INFO    : Adding reparameterisations from: {}
08-04 13:07 nessai INFO    : Assuming fallback reparameterisation (ScaleAndShift) for ['kappa', 'mu_xi', 'sigma_chi', 'sigma_xi', 'rho', 'lambda_chi', 'chi0', 'xi0'] with kwargs: {'estimate_scale': True, 'estimate_shift': True, 'prior_bounds': {'kappa': array([0.1, 5. ]), 'mu_xi': array([0. , 0.1]), 'sigma_chi': array([0.05, 0.6 ]), 'sigma_xi': array([0.05, 0.4 ]), 'rho': array([-0.9,  0.9]), 'lambda_chi': array([-0.5,  0.5]), 'chi0': array([-0.5,  0.5]), 'xi0': array([2.5, 5. ])}}.
08-04 13:07 nessai INFO    : x space parameters: ['kappa', 'mu_xi', 'sigma_chi', 'sigma_xi', 'rho', 'lambda_chi', 'chi0', 'xi0']
08-04 13:07 nessai INFO    : x prime space parameters: ['kappa_prime', 'mu_xi_prime', 'sigma_chi_prime', 'sigma_xi_prime', 'rho_prime', 'lambda_chi_prime', 'chi0_prime', 'xi0_prime']
08-04 13:07 nessai INFO    : Overwriting fuzz factor with expansion fraction
08-04 13:07 nessai INFO    : New fuzz factor: 1.2228445449938519
08-04 13:07 nessai INFO    : Verifying rescaling functions
08-04 13:07 nessai INFO    : Rescaling functions are invertible
08-04 13:07 nessai INFO    : Populating initial live points
08-04 13:07 nessai INFO    : Populated 100 / 1000 live points
08-04 13:07 nessai INFO    : Populated 200 / 1000 live points
08-04 13:07 nessai INFO    : Populated 300 / 1000 live points
08-04 13:07 nessai INFO    : Populated 400 / 1000 live points
08-04 13:07 nessai INFO    : Populated 500 / 1000 live points
08-04 13:07 nessai INFO    : Populated 600 / 1000 live points
08-04 13:07 nessai INFO    : Populated 700 / 1000 live points
08-04 13:07 nessai INFO    : Populated 800 / 1000 live points
08-04 13:07 nessai INFO    : Populated 900 / 1000 live points
08-04 13:07 nessai INFO    : Populated 1000 / 1000 live points
08-04 13:07 nessai INFO    : Starting nested sampling loop
08-04 13:07 nessai INFO    : it:  1000: Rolling KS test: D=0.009, p-value=0.8454
08-04 13:07 nessai INFO    : it:  1000: n eval: 3000 H: 7.91 dlogZ: 568336493.893 logZ: -569984934.975 +/- 0.089 logLmax: -1648440.08
08-04 13:07 nessai INFO    : it:  2000: Rolling KS test: D=0.016, p-value=0.593
08-04 13:07 nessai INFO    : it:  2000: n eval: 8000 H: 8.91 dlogZ: 255501888.413 logZ: -257150330.495 +/- 0.094 logLmax: -1648440.08
08-04 13:07 nessai INFO    : Switching to FlowProposal
08-04 13:07 nessai INFO    : it:  3000: Rolling KS test: D=0.003, p-value=0.9802
08-04 13:07 nessai INFO    : it:  3000: n eval: 11776 H: 9.91 dlogZ: 109720633.144 logZ: -110939126.751 +/- 0.100 logLmax: -1218490.61
08-04 13:07 nessai INFO    : it:  4000: Rolling KS test: D=0.011, p-value=0.7794
08-04 13:07 nessai INFO    : it:  4000: n eval: 13328 H: 10.91 dlogZ: 50989141.118 logZ: -52167669.433 +/- 0.104 logLmax: -1178524.32
08-04 13:07 nessai INFO    : it:  5000: Rolling KS test: D=0.01, p-value=0.8133
08-04 13:07 nessai INFO    : it:  5000: n eval: 16675 H: 11.91 dlogZ: 27397501.689 logZ: -27698048.553 +/- 0.109 logLmax: -300541.86
08-04 13:07 nessai INFO    : it:  6000: Rolling KS test: D=0.025, p-value=0.2818
08-04 13:07 nessai INFO    : it:  6000: n eval: 20299 H: 12.91 dlogZ: 14824953.794 logZ: -14892631.315 +/- 0.114 logLmax: -67671.52
08-04 13:07 nessai INFO    : it:  7000: Rolling KS test: D=0.017, p-value=0.5547
08-04 13:07 nessai INFO    : it:  7000: n eval: 22288 H: 13.91 dlogZ: 7837817.284 logZ: -7905495.805 +/- 0.118 logLmax: -67671.52
08-04 13:07 nessai INFO    : it:  8000: Rolling KS test: D=0.03, p-value=0.162
08-04 13:07 nessai INFO    : it:  8000: n eval: 26121 H: 14.91 dlogZ: 3831927.688 logZ: -3864139.778 +/- 0.122 logLmax: -32204.09
08-04 13:07 nessai INFO    : it:  9000: Rolling KS test: D=0.017, p-value=0.5547
08-04 13:07 nessai INFO    : it:  9000: n eval: 30408 H: 15.91 dlogZ: 1877752.763 logZ: -1909965.853 +/- 0.126 logLmax: -32204.09
08-04 13:07 nessai INFO    : it: 10000: Rolling KS test: D=0.037, p-value=0.06311
08-04 13:07 nessai INFO    : it: 10000: n eval: 34972 H: 16.91 dlogZ: 938025.995 logZ: -949418.152 +/- 0.130 logLmax: -11382.16
08-04 13:07 nessai INFO    : it: 11000: Rolling KS test: D=0.061, p-value=0.0005602
08-04 13:07 nessai INFO    : it: 11000: n eval: 40050 H: 17.91 dlogZ: 481187.674 logZ: -487571.086 +/- 0.134 logLmax: -6372.41
08-04 13:07 nessai INFO    : it: 12000: Rolling KS test: D=0.033, p-value=0.1108
08-04 13:07 nessai INFO    : it: 12000: n eval: 44982 H: 18.91 dlogZ: 237965.723 logZ: -240979.685 +/- 0.138 logLmax: -3001.96
08-04 13:07 nessai INFO    : it: 13000: Rolling KS test: D=0.032, p-value=0.1263
08-04 13:07 nessai INFO    : it: 13000: n eval: 54429 H: 19.91 dlogZ: 124871.013 logZ: -127885.975 +/- 0.141 logLmax: -3001.96
08-04 13:07 nessai INFO    : it: 14000: Rolling KS test: D=0.014, p-value=0.6695
08-04 13:07 nessai INFO    : it: 14000: n eval: 62165 H: 20.91 dlogZ: 64944.733 logZ: -66717.814 +/- 0.145 logLmax: -1759.08
08-04 13:07 nessai INFO    : it: 15000: Rolling KS test: D=0.001, p-value=0.9973
08-04 13:07 nessai INFO    : it: 15000: n eval: 74405 H: 21.91 dlogZ: 34339.453 logZ: -35704.212 +/- 0.148 logLmax: -1349.76
08-04 13:07 nessai INFO    : it: 16000: Rolling KS test: D=0.033, p-value=0.1108
08-04 13:07 nessai INFO    : it: 16000: n eval: 87449 H: 22.80 dlogZ: 18264.143 logZ: -19400.647 +/- 0.151 logLmax: -1120.50
08-04 13:07 nessai INFO    : it: 17000: Rolling KS test: D=0.01, p-value=0.8133
08-04 13:07 nessai INFO    : it: 17000: n eval: 102538 H: 23.86 dlogZ: 10371.192 logZ: -11097.848 +/- 0.154 logLmax: -709.66
08-04 13:07 nessai INFO    : it: 18000: Rolling KS test: D=0.028, p-value=0.2046
08-04 13:07 nessai INFO    : it: 18000: n eval: 118630 H: 23.98 dlogZ: 6042.938 logZ: -6382.755 +/- 0.155 logLmax: -321.82
08-04 13:08 nessai INFO    : it: 19000: Rolling KS test: D=0.006, p-value=0.9268
08-04 13:08 nessai INFO    : it: 19000: n eval: 145888 H: 25.25 dlogZ: 3493.053 logZ: -3833.870 +/- 0.159 logLmax: -321.82
08-04 13:08 nessai INFO    : it: 20000: Rolling KS test: D=0.019, p-value=0.4797
08-04 13:08 nessai INFO    : it: 20000: n eval: 172691 H: 26.17 dlogZ: 2176.449 logZ: -2451.420 +/- 0.162 logLmax: -254.97
08-04 13:08 nessai INFO    : it: 21000: Rolling KS test: D=0.038, p-value=0.05428
08-04 13:08 nessai INFO    : it: 21000: n eval: 208499 H: 26.22 dlogZ: 1440.772 logZ: -1665.643 +/- 0.162 logLmax: -203.87
08-04 13:08 nessai INFO    : it: 22000: Rolling KS test: D=0.007, p-value=0.9024
08-04 13:08 nessai INFO    : it: 22000: n eval: 245722 H: 27.15 dlogZ: 948.504 logZ: -1147.333 +/- 0.165 logLmax: -176.83
08-04 13:08 nessai INFO    : it: 23000: Rolling KS test: D=0.036, p-value=0.07308
08-04 13:08 nessai INFO    : it: 23000: n eval: 271408 H: 27.24 dlogZ: 698.967 logZ: -809.731 +/- 0.165 logLmax: -87.77
08-04 13:08 nessai INFO    : it: 24000: Rolling KS test: D=0.036, p-value=0.07308
08-04 13:08 nessai INFO    : it: 24000: n eval: 309316 H: 28.37 dlogZ: 491.180 logZ: -578.224 +/- 0.168 logLmax: -63.05
08-04 13:08 nessai INFO    : it: 25000: Rolling KS test: D=0.016, p-value=0.593
08-04 13:08 nessai INFO    : it: 25000: n eval: 346681 H: 29.16 dlogZ: 329.881 logZ: -417.926 +/- 0.171 logLmax: -63.05
08-04 13:08 nessai INFO    : it: 26000: Rolling KS test: D=0.029, p-value=0.1825
08-04 13:08 nessai INFO    : it: 26000: n eval: 386062 H: 29.69 dlogZ: 244.750 logZ: -305.625 +/- 0.172 logLmax: -34.88
08-04 13:09 nessai INFO    : it: 27000: Rolling KS test: D=0.026, p-value=0.2543
08-04 13:09 nessai INFO    : it: 27000: n eval: 425732 H: 30.19 dlogZ: 171.192 logZ: -227.034 +/- 0.174 logLmax: -28.84
08-04 13:09 nessai INFO    : it: 28000: Rolling KS test: D=0.02, p-value=0.4434
08-04 13:09 nessai INFO    : it: 28000: n eval: 475622 H: 30.57 dlogZ: 131.205 logZ: -175.899 +/- 0.175 logLmax: -16.70
08-04 13:09 nessai INFO    : it: 29000: Rolling KS test: D=0.033, p-value=0.1108
08-04 13:09 nessai INFO    : it: 29000: n eval: 511169 H: 31.36 dlogZ: 94.016 logZ: -139.711 +/- 0.177 logLmax: -16.70
08-04 13:09 nessai INFO    : it: 30000: Rolling KS test: D=0.022, p-value=0.3744
08-04 13:09 nessai INFO    : it: 30000: n eval: 551169 H: 32.21 dlogZ: 70.395 logZ: -112.828 +/- 0.179 logLmax: -12.43
08-04 13:09 nessai INFO    : it: 31000: Rolling KS test: D=0.011, p-value=0.7794
08-04 13:09 nessai INFO    : it: 31000: n eval: 586275 H: 32.70 dlogZ: 50.163 logZ: -93.570 +/- 0.181 logLmax: -12.41
08-04 13:09 nessai INFO    : it: 32000: Rolling KS test: D=0.021, p-value=0.4082
08-04 13:09 nessai INFO    : it: 32000: n eval: 611236 H: 33.54 dlogZ: 40.370 logZ: -79.436 +/- 0.183 logLmax: -7.07
08-04 13:09 nessai INFO    : it: 33000: Rolling KS test: D=0.02, p-value=0.4434
08-04 13:09 nessai INFO    : it: 33000: n eval: 642094 H: 34.11 dlogZ: 28.896 logZ: -68.961 +/- 0.185 logLmax: -7.07
08-04 13:09 nessai INFO    : it: 34000: Rolling KS test: D=0.012, p-value=0.7438
08-04 13:09 nessai INFO    : it: 34000: n eval: 661203 H: 34.77 dlogZ: 21.537 logZ: -61.604 +/- 0.186 logLmax: -6.07
08-04 13:09 nessai INFO    : it: 35000: Rolling KS test: D=0.045, p-value=0.01689
08-04 13:09 nessai INFO    : it: 35000: n eval: 681147 H: 35.31 dlogZ: 18.326 logZ: -56.398 +/- 0.188 logLmax: -3.07
08-04 13:10 nessai INFO    : it: 36000: Rolling KS test: D=0.029, p-value=0.1825
08-04 13:10 nessai INFO    : it: 36000: n eval: 702455 H: 35.92 dlogZ: 13.659 logZ: -52.730 +/- 0.190 logLmax: -3.07
08-04 13:10 nessai INFO    : it: 37000: Rolling KS test: D=0.026, p-value=0.2543
08-04 13:10 nessai INFO    : it: 37000: n eval: 724148 H: 36.47 dlogZ: 10.128 logZ: -50.200 +/- 0.191 logLmax: -3.07
08-04 13:10 nessai INFO    : it: 38000: Rolling KS test: D=0.021, p-value=0.4082
08-04 13:10 nessai INFO    : it: 38000: n eval: 748487 H: 37.04 dlogZ: 7.409 logZ: -48.412 +/- 0.192 logLmax: -3.00
08-04 13:10 nessai INFO    : it: 39000: Rolling KS test: D=0.012, p-value=0.7438
08-04 13:10 nessai INFO    : it: 39000: n eval: 767595 H: 37.56 dlogZ: 6.310 logZ: -47.168 +/- 0.194 logLmax: -1.86
08-04 13:10 nessai INFO    : it: 40000: Rolling KS test: D=0.025, p-value=0.2818
08-04 13:10 nessai INFO    : it: 40000: n eval: 785152 H: 38.07 dlogZ: 4.974 logZ: -46.262 +/- 0.195 logLmax: -1.30
08-04 13:10 nessai INFO    : it: 41000: Rolling KS test: D=0.029, p-value=0.1825
08-04 13:10 nessai INFO    : it: 41000: n eval: 801161 H: 38.51 dlogZ: 3.386 logZ: -45.647 +/- 0.196 logLmax: -1.30
08-04 13:10 nessai INFO    : it: 42000: Rolling KS test: D=0.01, p-value=0.8133
08-04 13:10 nessai INFO    : it: 42000: n eval: 819607 H: 38.87 dlogZ: 2.078 logZ: -45.239 +/- 0.197 logLmax: -1.30
08-04 13:10 nessai INFO    : it: 43000: Rolling KS test: D=0.029, p-value=0.1825
08-04 13:10 nessai INFO    : it: 43000: n eval: 836326 H: 39.15 dlogZ: 1.096 logZ: -44.984 +/- 0.198 logLmax: -1.30
08-04 13:10 nessai INFO    : it: 44000: Rolling KS test: D=0.017, p-value=0.5547
08-04 13:10 nessai INFO    : it: 44000: n eval: 855393 H: 39.35 dlogZ: 0.561 logZ: -44.834 +/- 0.198 logLmax: -1.12
08-04 13:10 nessai INFO    : it: 45000: Rolling KS test: D=0.02, p-value=0.4434
08-04 13:10 nessai INFO    : it: 45000: n eval: 872869 H: 39.48 dlogZ: 0.226 logZ: -44.749 +/- 0.199 logLmax: -1.12
08-04 13:10 nessai INFO    : Stopping with difference_log_evidence=0.100
08-04 13:10 nessai INFO    : Finalising
08-04 13:10 nessai INFO    : Final ln-evidence: -44.663 +/- 0.199
08-04 13:10 nessai INFO    : Information: 39.66
08-04 13:10 nessai INFO    : Final KS test: D=0.006341, p-value=0.02488
08-04 13:10 nessai WARNING : Final p-value for the insertion indices is less than 0.05, this could be an indication of problems during sampling. Consider checking the diagnostic plots.
08-04 13:10 nessai INFO    : Checkpointing nested sampling
08-04 13:10 nessai INFO    : Total sampling time: 0:03:43.302399
08-04 13:10 nessai INFO    : Total training time: 0:01:12.385581
08-04 13:10 nessai INFO    : Total population time: 0:01:03.606668
08-04 13:10 nessai INFO    : Total likelihood evaluations: 882532
08-04 13:10 nessai INFO    : Time spent evaluating likelihood: 0:00:29.905958
08-04 13:10 nessai INFO    : Total sampling time: 0:03:43.302399
08-04 13:10 nessai INFO    : Total likelihood evaluations: 882532
08-04 13:10 nessai INFO    : Starting post processing
08-04 13:10 nessai INFO    : Computing posterior samples
08-04 13:10 nessai INFO    : Effective sample size: 7454.2
08-04 13:10 nessai INFO    : Producing posterior samples using rejection sampling
08-04 13:10 nessai INFO    : Expect 5177.290513547732 samples from rejection sampling
08-04 13:10 nessai INFO    : Returned 5234 posterior samples
08-04 13:10 nessai INFO    : Starting to close worker pool.
08-04 13:10 nessai INFO    : Finished closing worker pool.
