/data/wiay/postgrads/shashwat/qunat_com_future/lib/python3.11/site-packages/nessai/utils/logging.py:133: FutureWarning: setup_logger is deprecated, use configure_logger instead
  warnings.warn(
08-04 12:33 nessai INFO    : Running Nessai version 0.15.2
08-04 12:33 nessai INFO    : Starting multiprocessing pool with 4 processes
08-04 12:33 nessai INFO    : Initialising nested sampler
08-04 12:33 nessai WARNING : Multiprocessing pool has already been configured.
/data/wiay/postgrads/shashwat/qunat_com_future/lib/python3.11/site-packages/nessai/gw/__init__.py:12: FutureWarning: The `nessai.gw` module will be deprecated in the next release in favour of the nessai-gw package. This packages provides the same functionality as`nessai.gw` via the plugin interface.For more details, see: https://github.com/mj-will/nessai-gw
  warnings.warn(
08-04 12:33 nessai INFO    : Passing kwargs to FlowProposal: {'poolsize': 1000}
08-04 12:33 nessai INFO    : No reparameterisations provided, using default reparameterisations included in FlowProposal
08-04 12:33 nessai INFO    : Adding reparameterisations from: {}
08-04 12:33 nessai INFO    : Assuming fallback reparameterisation (ScaleAndShift) for ['kappa', 'mu_xi', 'sigma_chi', 'sigma_xi', 'rho', 'lambda_chi', 'chi0', 'xi0'] with kwargs: {'estimate_scale': True, 'estimate_shift': True, 'prior_bounds': {'kappa': array([0.1, 5. ]), 'mu_xi': array([0. , 0.1]), 'sigma_chi': array([0.05, 0.6 ]), 'sigma_xi': array([0.05, 0.4 ]), 'rho': array([-0.9,  0.9]), 'lambda_chi': array([-0.5,  0.5]), 'chi0': array([-0.5,  0.5]), 'xi0': array([2.5, 5. ])}}.
08-04 12:33 nessai INFO    : x space parameters: ['kappa', 'mu_xi', 'sigma_chi', 'sigma_xi', 'rho', 'lambda_chi', 'chi0', 'xi0']
08-04 12:33 nessai INFO    : x prime space parameters: ['kappa_prime', 'mu_xi_prime', 'sigma_chi_prime', 'sigma_xi_prime', 'rho_prime', 'lambda_chi_prime', 'chi0_prime', 'xi0_prime']
08-04 12:33 nessai INFO    : Overwriting fuzz factor with expansion fraction
08-04 12:33 nessai INFO    : New fuzz factor: 1.2228445449938519
08-04 12:33 nessai INFO    : Verifying rescaling functions
08-04 12:33 nessai INFO    : Rescaling functions are invertible
08-04 12:33 nessai INFO    : Populating initial live points
08-04 12:33 nessai INFO    : Populated 100 / 1000 live points
08-04 12:33 nessai INFO    : Populated 200 / 1000 live points
08-04 12:33 nessai INFO    : Populated 300 / 1000 live points
08-04 12:33 nessai INFO    : Populated 400 / 1000 live points
08-04 12:33 nessai INFO    : Populated 500 / 1000 live points
08-04 12:33 nessai INFO    : Populated 600 / 1000 live points
08-04 12:33 nessai INFO    : Populated 700 / 1000 live points
08-04 12:33 nessai INFO    : Populated 800 / 1000 live points
08-04 12:33 nessai INFO    : Populated 900 / 1000 live points
08-04 12:33 nessai INFO    : Populated 1000 / 1000 live points
08-04 12:33 nessai INFO    : Starting nested sampling loop
08-04 12:33 nessai INFO    : it:  1000: Rolling KS test: D=0.018, p-value=0.5169
08-04 12:33 nessai INFO    : it:  1000: n eval: 3000 H: 7.91 dlogZ: 78326898.150 logZ: -80242809.593 +/- 0.089 logLmax: -1915910.44
08-04 12:33 nessai INFO    : it:  2000: Rolling KS test: D=0.018, p-value=0.5169
08-04 12:33 nessai INFO    : it:  2000: n eval: 8000 H: 8.91 dlogZ: 43368619.777 logZ: -45284532.219 +/- 0.094 logLmax: -1915910.44
08-04 12:33 nessai INFO    : Switching to FlowProposal
08-04 12:33 nessai INFO    : it:  3000: Rolling KS test: D=0.033, p-value=0.1108
08-04 12:33 nessai INFO    : it:  3000: n eval: 12029 H: 9.91 dlogZ: 27160959.329 logZ: -28679022.624 +/- 0.100 logLmax: -1518060.30
08-04 12:33 nessai INFO    : it:  4000: Rolling KS test: D=0.019, p-value=0.4797
08-04 12:33 nessai INFO    : it:  4000: n eval: 13723 H: 10.91 dlogZ: 18972405.801 logZ: -19169573.076 +/- 0.104 logLmax: -197163.28
08-04 12:33 nessai INFO    : it:  5000: Rolling KS test: D=0.034, p-value=0.09683
08-04 12:33 nessai INFO    : it:  5000: n eval: 16935 H: 11.91 dlogZ: 13348582.990 logZ: -13381071.823 +/- 0.109 logLmax: -32483.83
08-04 12:33 nessai INFO    : it:  6000: Rolling KS test: D=0.013, p-value=0.7071
08-04 12:33 nessai INFO    : it:  6000: n eval: 20564 H: 12.91 dlogZ: 8942399.252 logZ: -8974889.085 +/- 0.114 logLmax: -32483.83
08-04 12:33 nessai INFO    : it:  7000: Rolling KS test: D=0.019, p-value=0.4797
08-04 12:33 nessai INFO    : it:  7000: n eval: 22389 H: 13.91 dlogZ: 5334060.299 logZ: -5366551.132 +/- 0.118 logLmax: -32483.83
08-04 12:33 nessai INFO    : it:  8000: Rolling KS test: D=0.023, p-value=0.3419
08-04 12:33 nessai INFO    : it:  8000: n eval: 25898 H: 14.91 dlogZ: 2718294.632 logZ: -2734871.586 +/- 0.122 logLmax: -16568.95
08-04 12:33 nessai INFO    : it:  9000: Rolling KS test: D=0.026, p-value=0.2543
08-04 12:33 nessai INFO    : it:  9000: n eval: 29547 H: 15.91 dlogZ: 1408083.042 logZ: -1424660.995 +/- 0.126 logLmax: -16568.95
08-04 12:33 nessai INFO    : it: 10000: Rolling KS test: D=0.013, p-value=0.7071
08-04 12:33 nessai INFO    : it: 10000: n eval: 31458 H: 16.91 dlogZ: 709772.085 logZ: -723528.394 +/- 0.130 logLmax: -13746.31
08-04 12:33 nessai INFO    : it: 11000: Rolling KS test: D=0.011, p-value=0.7794
08-04 12:33 nessai INFO    : it: 11000: n eval: 37856 H: 17.91 dlogZ: 355654.096 logZ: -360981.958 +/- 0.134 logLmax: -5316.86
08-04 12:33 nessai INFO    : it: 12000: Rolling KS test: D=0.041, p-value=0.03371
08-04 12:33 nessai INFO    : it: 12000: n eval: 40064 H: 18.91 dlogZ: 187683.031 logZ: -189350.918 +/- 0.138 logLmax: -1655.89
08-04 12:33 nessai INFO    : it: 13000: Rolling KS test: D=0.018, p-value=0.5169
08-04 12:33 nessai INFO    : it: 13000: n eval: 44769 H: 19.91 dlogZ: 98058.719 logZ: -99426.580 +/- 0.141 logLmax: -1354.86
08-04 12:34 nessai INFO    : it: 14000: Rolling KS test: D=0.013, p-value=0.7071
08-04 12:34 nessai INFO    : it: 14000: n eval: 50100 H: 20.91 dlogZ: 53962.479 logZ: -55112.827 +/- 0.145 logLmax: -1136.35
08-04 12:34 nessai INFO    : it: 15000: Rolling KS test: D=0.024, p-value=0.311
08-04 12:34 nessai INFO    : it: 15000: n eval: 57859 H: 21.36 dlogZ: 29453.606 logZ: -30604.954 +/- 0.146 logLmax: -1136.35
08-04 12:34 nessai INFO    : it: 16000: Rolling KS test: D=0.018, p-value=0.5169
08-04 12:34 nessai INFO    : it: 16000: n eval: 63242 H: 22.91 dlogZ: 17010.249 logZ: -17597.010 +/- 0.151 logLmax: -570.76
08-04 12:34 nessai INFO    : it: 17000: Rolling KS test: D=0.031, p-value=0.1433
08-04 12:34 nessai INFO    : it: 17000: n eval: 73555 H: 23.22 dlogZ: 9558.713 logZ: -9977.441 +/- 0.152 logLmax: -401.73
08-04 12:34 nessai INFO    : it: 18000: Rolling KS test: D=0.025, p-value=0.2818
08-04 12:34 nessai INFO    : it: 18000: n eval: 80553 H: 23.92 dlogZ: 5615.883 logZ: -5873.398 +/- 0.155 logLmax: -239.52
08-04 12:34 nessai INFO    : it: 19000: Rolling KS test: D=0.009, p-value=0.8454
08-04 12:34 nessai INFO    : it: 19000: n eval: 94127 H: 24.96 dlogZ: 3335.557 logZ: -3491.151 +/- 0.158 logLmax: -136.59
08-04 12:34 nessai INFO    : it: 20000: Rolling KS test: D=0.065, p-value=0.0002036
08-04 12:34 nessai INFO    : it: 20000: n eval: 108662 H: 24.97 dlogZ: 2058.819 logZ: -2168.233 +/- 0.158 logLmax: -89.41
08-04 12:34 nessai INFO    : it: 21000: Rolling KS test: D=0.025, p-value=0.2818
08-04 12:34 nessai INFO    : it: 21000: n eval: 126609 H: 26.36 dlogZ: 1331.569 logZ: -1408.888 +/- 0.162 logLmax: -56.32
08-04 12:34 nessai INFO    : it: 22000: Rolling KS test: D=0.019, p-value=0.4797
08-04 12:34 nessai INFO    : it: 22000: n eval: 150468 H: 27.69 dlogZ: 846.493 logZ: -924.812 +/- 0.166 logLmax: -56.32
08-04 12:34 nessai INFO    : it: 23000: Rolling KS test: D=0.04, p-value=0.03967
08-04 12:34 nessai INFO    : it: 23000: n eval: 170926 H: 27.57 dlogZ: 543.555 logZ: -622.874 +/- 0.166 logLmax: -56.32
08-04 12:34 nessai INFO    : it: 24000: Rolling KS test: D=0.043, p-value=0.02406
08-04 12:34 nessai INFO    : it: 24000: n eval: 189703 H: 27.98 dlogZ: 346.053 logZ: -416.501 +/- 0.167 logLmax: -46.45
08-04 12:34 nessai INFO    : it: 25000: Rolling KS test: D=0.01, p-value=0.8133
08-04 12:34 nessai INFO    : it: 25000: n eval: 212433 H: 28.76 dlogZ: 235.717 logZ: -295.256 +/- 0.170 logLmax: -34.54
08-04 12:34 nessai INFO    : it: 26000: Rolling KS test: D=0.02, p-value=0.4434
08-04 12:34 nessai INFO    : it: 26000: n eval: 241260 H: 29.40 dlogZ: 159.640 logZ: -210.642 +/- 0.171 logLmax: -25.00
08-04 12:34 nessai INFO    : it: 27000: Rolling KS test: D=0.028, p-value=0.2046
08-04 12:34 nessai INFO    : it: 27000: n eval: 263180 H: 29.62 dlogZ: 111.388 logZ: -153.709 +/- 0.172 logLmax: -15.32
08-04 12:34 nessai INFO    : it: 28000: Rolling KS test: D=0.02, p-value=0.4434
08-04 12:34 nessai INFO    : it: 28000: n eval: 285290 H: 30.34 dlogZ: 82.924 logZ: -117.781 +/- 0.174 logLmax: -6.86
08-04 12:35 nessai INFO    : it: 29000: Rolling KS test: D=0.022, p-value=0.3744
08-04 12:35 nessai INFO    : it: 29000: n eval: 315354 H: 30.84 dlogZ: 58.641 logZ: -94.498 +/- 0.176 logLmax: -6.86
08-04 12:35 nessai INFO    : it: 30000: Rolling KS test: D=0.015, p-value=0.6313
08-04 12:35 nessai INFO    : it: 30000: n eval: 342150 H: 31.54 dlogZ: 41.918 logZ: -78.775 +/- 0.178 logLmax: -6.86
08-04 12:35 nessai INFO    : it: 31000: Rolling KS test: D=0.03, p-value=0.162
08-04 12:35 nessai INFO    : it: 31000: n eval: 389340 H: 32.19 dlogZ: 29.878 logZ: -67.736 +/- 0.179 logLmax: -6.86
08-04 12:35 nessai INFO    : it: 32000: Rolling KS test: D=0.019, p-value=0.4797
08-04 12:35 nessai INFO    : it: 32000: n eval: 415766 H: 32.77 dlogZ: 24.474 logZ: -59.994 +/- 0.181 logLmax: -3.52
08-04 12:35 nessai INFO    : it: 33000: Rolling KS test: D=0.007, p-value=0.9024
08-04 12:35 nessai INFO    : it: 33000: n eval: 448360 H: 33.39 dlogZ: 18.054 logZ: -54.574 +/- 0.183 logLmax: -3.52
08-04 12:35 nessai INFO    : it: 34000: Rolling KS test: D=0.027, p-value=0.2286
08-04 12:35 nessai INFO    : it: 34000: n eval: 468347 H: 34.10 dlogZ: 13.714 logZ: -50.485 +/- 0.185 logLmax: -2.77
08-04 12:35 nessai INFO    : it: 35000: Rolling KS test: D=0.043, p-value=0.02406
08-04 12:35 nessai INFO    : it: 35000: n eval: 490510 H: 34.64 dlogZ: 9.882 logZ: -47.518 +/- 0.186 logLmax: -2.64
08-04 12:35 nessai INFO    : it: 36000: Rolling KS test: D=0.014, p-value=0.6695
08-04 12:35 nessai INFO    : it: 36000: n eval: 514079 H: 35.17 dlogZ: 7.488 logZ: -45.545 +/- 0.188 logLmax: -2.06
08-04 12:35 nessai INFO    : it: 37000: Rolling KS test: D=0.016, p-value=0.593
08-04 12:35 nessai INFO    : it: 37000: n eval: 545443 H: 35.72 dlogZ: 5.509 logZ: -44.127 +/- 0.189 logLmax: -1.62
08-04 12:35 nessai INFO    : it: 38000: Rolling KS test: D=0.042, p-value=0.02854
08-04 12:35 nessai INFO    : it: 38000: n eval: 565184 H: 36.18 dlogZ: 4.268 logZ: -43.174 +/- 0.190 logLmax: -0.92
08-04 12:35 nessai INFO    : it: 39000: Rolling KS test: D=0.009, p-value=0.8454
08-04 12:35 nessai INFO    : it: 39000: n eval: 585932 H: 36.59 dlogZ: 3.020 logZ: -42.539 +/- 0.191 logLmax: -0.57
08-04 12:35 nessai INFO    : it: 40000: Rolling KS test: D=0.016, p-value=0.593
08-04 12:35 nessai INFO    : it: 40000: n eval: 610301 H: 36.92 dlogZ: 1.756 logZ: -42.135 +/- 0.192 logLmax: -0.57
08-04 12:35 nessai INFO    : it: 41000: Rolling KS test: D=0.038, p-value=0.05428
08-04 12:35 nessai INFO    : it: 41000: n eval: 630580 H: 37.17 dlogZ: 0.867 logZ: -41.890 +/- 0.193 logLmax: -0.57
08-04 12:36 nessai INFO    : it: 42000: Rolling KS test: D=0.012, p-value=0.7438
08-04 12:36 nessai INFO    : it: 42000: n eval: 660485 H: 37.34 dlogZ: 0.383 logZ: -41.749 +/- 0.193 logLmax: -0.51
08-04 12:36 nessai INFO    : it: 43000: Rolling KS test: D=0.018, p-value=0.5169
08-04 12:36 nessai INFO    : it: 43000: n eval: 681987 H: 37.46 dlogZ: 0.148 logZ: -41.674 +/- 0.194 logLmax: -0.51
08-04 12:36 nessai INFO    : Stopping with difference_log_evidence=0.100
08-04 12:36 nessai INFO    : Finalising
08-04 12:36 nessai INFO    : Final ln-evidence: -41.604 +/- 0.194
08-04 12:36 nessai INFO    : Information: 37.59
08-04 12:36 nessai INFO    : Final KS test: D=0.008628, p-value=0.001545
08-04 12:36 nessai WARNING : Final p-value for the insertion indices is less than 0.05, this could be an indication of problems during sampling. Consider checking the diagnostic plots.
08-04 12:36 nessai INFO    : Checkpointing nested sampling
08-04 12:36 nessai INFO    : Total sampling time: 0:02:31.912452
08-04 12:36 nessai INFO    : Total training time: 0:00:52.051291
08-04 12:36 nessai INFO    : Total population time: 0:00:39.648240
08-04 12:36 nessai INFO    : Total likelihood evaluations: 687434
08-04 12:36 nessai INFO    : Time spent evaluating likelihood: 0:00:12.818054
08-04 12:36 nessai INFO    : Total sampling time: 0:02:31.912452
08-04 12:36 nessai INFO    : Total likelihood evaluations: 687434
08-04 12:36 nessai INFO    : Starting post processing
08-04 12:36 nessai INFO    : Computing posterior samples
08-04 12:36 nessai INFO    : Effective sample size: 7069.8
08-04 12:36 nessai INFO    : Producing posterior samples using rejection sampling
08-04 12:36 nessai INFO    : Expect 4915.206469568186 samples from rejection sampling
08-04 12:36 nessai INFO    : Returned 4806 posterior samples
08-04 12:36 nessai INFO    : Starting to close worker pool.
08-04 12:36 nessai INFO    : Finished closing worker pool.
