/data/wiay/postgrads/shashwat/qunat_com_future/lib/python3.11/site-packages/nessai/utils/logging.py:133: FutureWarning: setup_logger is deprecated, use configure_logger instead
  warnings.warn(
08-04 14:57 nessai INFO    : Running Nessai version 0.15.2
08-04 14:57 nessai INFO    : Starting multiprocessing pool with 4 processes
08-04 14:57 nessai INFO    : Initialising nested sampler
08-04 14:57 nessai WARNING : Multiprocessing pool has already been configured.
/data/wiay/postgrads/shashwat/qunat_com_future/lib/python3.11/site-packages/nessai/gw/__init__.py:12: FutureWarning: The `nessai.gw` module will be deprecated in the next release in favour of the nessai-gw package. This packages provides the same functionality as`nessai.gw` via the plugin interface.For more details, see: https://github.com/mj-will/nessai-gw
  warnings.warn(
08-04 14:57 nessai INFO    : Passing kwargs to FlowProposal: {'poolsize': 1000}
08-04 14:57 nessai INFO    : No reparameterisations provided, using default reparameterisations included in FlowProposal
08-04 14:57 nessai INFO    : Adding reparameterisations from: {}
08-04 14:57 nessai INFO    : Assuming fallback reparameterisation (ScaleAndShift) for ['kappa', 'mu_xi', 'sigma_chi', 'sigma_xi', 'rho', 'lambda_chi', 'chi0', 'xi0'] with kwargs: {'estimate_scale': True, 'estimate_shift': True, 'prior_bounds': {'kappa': array([0.1, 5. ]), 'mu_xi': array([0. , 0.1]), 'sigma_chi': array([0.05, 0.6 ]), 'sigma_xi': array([0.05, 0.4 ]), 'rho': array([-0.9,  0.9]), 'lambda_chi': array([-0.5,  0.5]), 'chi0': array([-0.5,  0.5]), 'xi0': array([2.5, 5. ])}}.
08-04 14:57 nessai INFO    : x space parameters: ['kappa', 'mu_xi', 'sigma_chi', 'sigma_xi', 'rho', 'lambda_chi', 'chi0', 'xi0']
08-04 14:57 nessai INFO    : x prime space parameters: ['kappa_prime', 'mu_xi_prime', 'sigma_chi_prime', 'sigma_xi_prime', 'rho_prime', 'lambda_chi_prime', 'chi0_prime', 'xi0_prime']
08-04 14:57 nessai INFO    : Overwriting fuzz factor with expansion fraction
08-04 14:57 nessai INFO    : New fuzz factor: 1.2228445449938519
08-04 14:57 nessai INFO    : Verifying rescaling functions
08-04 14:57 nessai INFO    : Rescaling functions are invertible
08-04 14:57 nessai INFO    : Populating initial live points
08-04 14:57 nessai INFO    : Populated 100 / 1000 live points
08-04 14:57 nessai INFO    : Populated 200 / 1000 live points
08-04 14:57 nessai INFO    : Populated 300 / 1000 live points
08-04 14:57 nessai INFO    : Populated 400 / 1000 live points
08-04 14:57 nessai INFO    : Populated 500 / 1000 live points
08-04 14:57 nessai INFO    : Populated 600 / 1000 live points
08-04 14:57 nessai INFO    : Populated 700 / 1000 live points
08-04 14:57 nessai INFO    : Populated 800 / 1000 live points
08-04 14:57 nessai INFO    : Populated 900 / 1000 live points
08-04 14:57 nessai INFO    : Populated 1000 / 1000 live points
08-04 14:57 nessai INFO    : Starting nested sampling loop
08-04 14:57 nessai INFO    : it:  1000: Rolling KS test: D=0.017, p-value=0.5547
08-04 14:57 nessai INFO    : it:  1000: n eval: 3000 H: 7.91 dlogZ: 78440984.057 logZ: -80385409.177 +/- 0.089 logLmax: -1944424.12
08-04 14:57 nessai INFO    : it:  2000: Rolling KS test: D=0.014, p-value=0.6695
08-04 14:57 nessai INFO    : it:  2000: n eval: 8000 H: 8.91 dlogZ: 43416006.991 logZ: -45360433.111 +/- 0.094 logLmax: -1944424.12
08-04 14:57 nessai INFO    : Switching to FlowProposal
08-04 14:57 nessai INFO    : it:  3000: Rolling KS test: D=0.024, p-value=0.311
08-04 14:57 nessai INFO    : it:  3000: n eval: 12027 H: 9.91 dlogZ: 28199192.353 logZ: -28748017.955 +/- 0.100 logLmax: -548822.60
08-04 14:57 nessai INFO    : it:  4000: Rolling KS test: D=0.048, p-value=0.009645
08-04 14:57 nessai INFO    : it:  4000: n eval: 13721 H: 10.91 dlogZ: 18844906.231 logZ: -19039505.575 +/- 0.104 logLmax: -194595.35
08-04 14:57 nessai INFO    : it:  5000: Rolling KS test: D=0.034, p-value=0.09683
08-04 14:57 nessai INFO    : it:  5000: n eval: 17023 H: 11.91 dlogZ: 13417522.527 logZ: -13527785.372 +/- 0.109 logLmax: -110257.85
08-04 14:57 nessai INFO    : it:  6000: Rolling KS test: D=0.022, p-value=0.3744
08-04 14:57 nessai INFO    : it:  6000: n eval: 18664 H: 12.91 dlogZ: 9132969.011 logZ: -9243232.856 +/- 0.114 logLmax: -110257.85
08-04 14:57 nessai INFO    : it:  7000: Rolling KS test: D=0.018, p-value=0.5169
08-04 14:57 nessai INFO    : it:  7000: n eval: 22011 H: 13.91 dlogZ: 5117192.288 logZ: -5165630.131 +/- 0.118 logLmax: -48430.84
08-04 14:57 nessai INFO    : it:  8000: Rolling KS test: D=0.011, p-value=0.7794
08-04 14:57 nessai INFO    : it:  8000: n eval: 25393 H: 14.91 dlogZ: 2624671.049 logZ: -2637032.074 +/- 0.122 logLmax: -12353.03
08-04 14:57 nessai INFO    : it:  9000: Rolling KS test: D=0.026, p-value=0.2543
08-04 14:57 nessai INFO    : it:  9000: n eval: 27245 H: 15.91 dlogZ: 1309867.315 logZ: -1319431.352 +/- 0.126 logLmax: -9555.04
08-04 14:57 nessai INFO    : it: 10000: Rolling KS test: D=0.017, p-value=0.5547
08-04 14:57 nessai INFO    : it: 10000: n eval: 31147 H: 16.91 dlogZ: 665436.385 logZ: -669504.719 +/- 0.130 logLmax: -4058.33
08-04 14:57 nessai INFO    : it: 11000: Rolling KS test: D=0.042, p-value=0.02854
08-04 14:57 nessai INFO    : it: 11000: n eval: 35766 H: 17.91 dlogZ: 344070.566 logZ: -348139.899 +/- 0.134 logLmax: -4058.33
08-04 14:57 nessai INFO    : it: 12000: Rolling KS test: D=0.023, p-value=0.3419
08-04 14:57 nessai INFO    : it: 12000: n eval: 40205 H: 18.91 dlogZ: 175784.590 logZ: -179854.924 +/- 0.138 logLmax: -4058.33
08-04 14:57 nessai INFO    : it: 13000: Rolling KS test: D=0.014, p-value=0.6695
08-04 14:57 nessai INFO    : it: 13000: n eval: 44965 H: 19.47 dlogZ: 90827.802 logZ: -94899.135 +/- 0.140 logLmax: -4058.33
08-04 14:57 nessai INFO    : it: 14000: Rolling KS test: D=0.033, p-value=0.1108
08-04 14:57 nessai INFO    : it: 14000: n eval: 50174 H: 20.91 dlogZ: 50596.919 logZ: -51038.698 +/- 0.145 logLmax: -427.78
08-04 14:57 nessai INFO    : it: 15000: Rolling KS test: D=0.011, p-value=0.7794
08-04 14:57 nessai INFO    : it: 15000: n eval: 58333 H: 21.91 dlogZ: 27512.328 logZ: -27873.403 +/- 0.148 logLmax: -346.08
08-04 14:57 nessai INFO    : it: 16000: Rolling KS test: D=0.022, p-value=0.3744
08-04 14:57 nessai INFO    : it: 16000: n eval: 64442 H: 22.91 dlogZ: 15340.660 logZ: -15702.734 +/- 0.151 logLmax: -346.08
08-04 14:57 nessai INFO    : it: 17000: Rolling KS test: D=0.012, p-value=0.7438
08-04 14:57 nessai INFO    : it: 17000: n eval: 70985 H: 23.21 dlogZ: 8458.032 logZ: -8821.106 +/- 0.152 logLmax: -346.08
08-04 14:57 nessai INFO    : it: 18000: Rolling KS test: D=0.033, p-value=0.1108
08-04 14:57 nessai INFO    : it: 18000: n eval: 82788 H: 24.91 dlogZ: 5018.537 logZ: -5278.815 +/- 0.158 logLmax: -242.28
08-04 14:57 nessai INFO    : it: 19000: Rolling KS test: D=0.029, p-value=0.1825
08-04 14:57 nessai INFO    : it: 19000: n eval: 90628 H: 25.44 dlogZ: 3097.463 logZ: -3214.947 +/- 0.160 logLmax: -98.48
08-04 14:57 nessai INFO    : it: 20000: Rolling KS test: D=0.039, p-value=0.0465
08-04 14:57 nessai INFO    : it: 20000: n eval: 109660 H: 25.20 dlogZ: 1800.022 logZ: -1918.506 +/- 0.159 logLmax: -98.48
08-04 14:58 nessai INFO    : it: 21000: Rolling KS test: D=0.029, p-value=0.1825
08-04 14:58 nessai INFO    : it: 21000: n eval: 129093 H: 26.27 dlogZ: 1054.425 logZ: -1169.155 +/- 0.162 logLmax: -93.73
08-04 14:58 nessai INFO    : it: 22000: Rolling KS test: D=0.008, p-value=0.8752
08-04 14:58 nessai INFO    : it: 22000: n eval: 147391 H: 26.50 dlogZ: 669.662 logZ: -751.213 +/- 0.163 logLmax: -59.55
08-04 14:58 nessai INFO    : it: 23000: Rolling KS test: D=0.014, p-value=0.6695
08-04 14:58 nessai INFO    : it: 23000: n eval: 178874 H: 27.16 dlogZ: 432.965 logZ: -490.357 +/- 0.165 logLmax: -34.39
08-04 14:58 nessai INFO    : it: 24000: Rolling KS test: D=0.006, p-value=0.9268
08-04 14:58 nessai INFO    : it: 24000: n eval: 204104 H: 28.01 dlogZ: 272.779 logZ: -331.172 +/- 0.167 logLmax: -34.39
08-04 14:58 nessai INFO    : it: 25000: Rolling KS test: D=0.036, p-value=0.07308
08-04 14:58 nessai INFO    : it: 25000: n eval: 243801 H: 28.26 dlogZ: 180.640 logZ: -234.015 +/- 0.168 logLmax: -28.38
08-04 14:58 nessai INFO    : it: 26000: Rolling KS test: D=0.015, p-value=0.6313
08-04 14:58 nessai INFO    : it: 26000: n eval: 283352 H: 28.90 dlogZ: 126.692 logZ: -171.621 +/- 0.170 logLmax: -18.93
08-04 14:58 nessai INFO    : it: 27000: Rolling KS test: D=0.022, p-value=0.3744
08-04 14:58 nessai INFO    : it: 27000: n eval: 331227 H: 29.38 dlogZ: 83.152 logZ: -129.080 +/- 0.171 logLmax: -18.93
08-04 14:58 nessai INFO    : it: 28000: Rolling KS test: D=0.005, p-value=0.9481
08-04 14:58 nessai INFO    : it: 28000: n eval: 391227 H: 29.99 dlogZ: 59.937 logZ: -103.891 +/- 0.173 logLmax: -15.95
08-04 14:58 nessai INFO    : it: 29000: Rolling KS test: D=0.023, p-value=0.3419
08-04 14:58 nessai INFO    : it: 29000: n eval: 451227 H: 30.60 dlogZ: 42.254 logZ: -86.242 +/- 0.175 logLmax: -14.99
08-04 14:59 nessai INFO    : it: 30000: Rolling KS test: D=0.024, p-value=0.311
08-04 14:59 nessai INFO    : it: 30000: n eval: 501227 H: 31.23 dlogZ: 34.224 logZ: -73.986 +/- 0.177 logLmax: -9.76
08-04 14:59 nessai INFO    : it: 31000: Rolling KS test: D=0.06, p-value=0.0007143
08-04 14:59 nessai INFO    : it: 31000: n eval: 561227 H: 31.91 dlogZ: 26.123 logZ: -64.812 +/- 0.179 logLmax: -7.69
08-04 14:59 nessai INFO    : it: 32000: Rolling KS test: D=0.014, p-value=0.6695
08-04 14:59 nessai INFO    : it: 32000: n eval: 621227 H: 32.50 dlogZ: 19.392 logZ: -58.279 +/- 0.180 logLmax: -6.89
08-04 14:59 nessai INFO    : it: 33000: Rolling KS test: D=0.048, p-value=0.009645
08-04 14:59 nessai INFO    : it: 33000: n eval: 671227 H: 33.08 dlogZ: 15.597 logZ: -54.008 +/- 0.182 logLmax: -5.41
08-04 14:59 nessai INFO    : it: 34000: Rolling KS test: D=0.027, p-value=0.2286
08-04 14:59 nessai INFO    : it: 34000: n eval: 719825 H: 33.81 dlogZ: 11.322 logZ: -50.733 +/- 0.184 logLmax: -5.41
08-04 14:59 nessai INFO    : it: 35000: Rolling KS test: D=0.025, p-value=0.2818
08-04 14:59 nessai INFO    : it: 35000: n eval: 759825 H: 34.36 dlogZ: 8.833 logZ: -48.451 +/- 0.185 logLmax: -4.62
08-04 14:59 nessai INFO    : it: 36000: Rolling KS test: D=0.007, p-value=0.9024
08-04 14:59 nessai INFO    : it: 36000: n eval: 807575 H: 34.91 dlogZ: 6.688 logZ: -46.837 +/- 0.187 logLmax: -4.15
08-04 14:59 nessai INFO    : it: 37000: Rolling KS test: D=0.019, p-value=0.4797
08-04 14:59 nessai INFO    : it: 37000: n eval: 845288 H: 35.42 dlogZ: 4.900 logZ: -45.702 +/- 0.188 logLmax: -3.81
08-04 15:00 nessai INFO    : it: 38000: Rolling KS test: D=0.012, p-value=0.7438
08-04 15:00 nessai INFO    : it: 38000: n eval: 894473 H: 35.82 dlogZ: 3.201 logZ: -44.968 +/- 0.189 logLmax: -3.81
08-04 15:00 nessai INFO    : it: 39000: Rolling KS test: D=0.016, p-value=0.593
08-04 15:00 nessai INFO    : it: 39000: n eval: 933721 H: 36.15 dlogZ: 1.917 logZ: -44.510 +/- 0.190 logLmax: -3.75
08-04 15:00 nessai INFO    : it: 40000: Rolling KS test: D=0.019, p-value=0.4797
08-04 15:00 nessai INFO    : it: 40000: n eval: 970661 H: 36.43 dlogZ: 1.206 logZ: -44.219 +/- 0.191 logLmax: -3.37
08-04 15:00 nessai INFO    : it: 41000: Rolling KS test: D=0.048, p-value=0.009645
08-04 15:00 nessai INFO    : it: 41000: n eval: 1005590 H: 36.63 dlogZ: 0.664 logZ: -44.048 +/- 0.191 logLmax: -3.11
08-04 15:00 nessai INFO    : it: 42000: Rolling KS test: D=0.032, p-value=0.1263
08-04 15:00 nessai INFO    : it: 42000: n eval: 1030230 H: 36.76 dlogZ: 0.274 logZ: -43.953 +/- 0.192 logLmax: -3.11
08-04 15:00 nessai INFO    : it: 43000: Rolling KS test: D=0.043, p-value=0.02406
08-04 15:00 nessai INFO    : it: 43000: n eval: 1058920 H: 36.84 dlogZ: 0.105 logZ: -43.904 +/- 0.192 logLmax: -3.11
08-04 15:00 nessai INFO    : Stopping with difference_log_evidence=0.100
08-04 15:00 nessai INFO    : Finalising
08-04 15:00 nessai INFO    : Final ln-evidence: -43.859 +/- 0.192
08-04 15:00 nessai INFO    : Information: 36.94
08-04 15:00 nessai INFO    : Final KS test: D=0.008415, p-value=0.002238
08-04 15:00 nessai WARNING : Final p-value for the insertion indices is less than 0.05, this could be an indication of problems during sampling. Consider checking the diagnostic plots.
08-04 15:00 nessai INFO    : Checkpointing nested sampling
08-04 15:00 nessai INFO    : Total sampling time: 0:03:23.813924
08-04 15:00 nessai INFO    : Total training time: 0:01:02.863431
08-04 15:00 nessai INFO    : Total population time: 0:01:11.382842
08-04 15:00 nessai INFO    : Total likelihood evaluations: 1058920
08-04 15:00 nessai INFO    : Time spent evaluating likelihood: 0:00:19.964480
08-04 15:00 nessai INFO    : Total sampling time: 0:03:23.813924
08-04 15:00 nessai INFO    : Total likelihood evaluations: 1058920
08-04 15:00 nessai INFO    : Starting post processing
08-04 15:00 nessai INFO    : Computing posterior samples
08-04 15:00 nessai INFO    : Effective sample size: 7162.9
08-04 15:00 nessai INFO    : Producing posterior samples using rejection sampling
08-04 15:00 nessai INFO    : Expect 5077.17890447914 samples from rejection sampling
08-04 15:00 nessai INFO    : Returned 5083 posterior samples
08-04 15:00 nessai INFO    : Starting to close worker pool.
08-04 15:00 nessai INFO    : Finished closing worker pool.
