/data/wiay/postgrads/shashwat/qunat_com_future/lib/python3.11/site-packages/nessai/utils/logging.py:133: FutureWarning: setup_logger is deprecated, use configure_logger instead
  warnings.warn(
08-04 15:26 nessai INFO    : Running Nessai version 0.15.2
08-04 15:26 nessai INFO    : Starting multiprocessing pool with 4 processes
08-04 15:26 nessai INFO    : Initialising nested sampler
08-04 15:26 nessai WARNING : Multiprocessing pool has already been configured.
/data/wiay/postgrads/shashwat/qunat_com_future/lib/python3.11/site-packages/nessai/gw/__init__.py:12: FutureWarning: The `nessai.gw` module will be deprecated in the next release in favour of the nessai-gw package. This packages provides the same functionality as`nessai.gw` via the plugin interface.For more details, see: https://github.com/mj-will/nessai-gw
  warnings.warn(
08-04 15:26 nessai INFO    : Passing kwargs to FlowProposal: {'poolsize': 1000}
08-04 15:26 nessai INFO    : No reparameterisations provided, using default reparameterisations included in FlowProposal
08-04 15:26 nessai INFO    : Adding reparameterisations from: {}
08-04 15:26 nessai INFO    : Assuming fallback reparameterisation (ScaleAndShift) for ['kappa', 'mu_xi', 'sigma_chi', 'sigma_xi', 'rho', 'lambda_chi', 'chi0', 'xi0'] with kwargs: {'estimate_scale': True, 'estimate_shift': True, 'prior_bounds': {'kappa': array([0.1, 5. ]), 'mu_xi': array([0. , 0.1]), 'sigma_chi': array([0.05, 0.6 ]), 'sigma_xi': array([0.05, 0.4 ]), 'rho': array([-0.9,  0.9]), 'lambda_chi': array([-0.5,  0.5]), 'chi0': array([-0.5,  0.5]), 'xi0': array([2.5, 5. ])}}.
08-04 15:26 nessai INFO    : x space parameters: ['kappa', 'mu_xi', 'sigma_chi', 'sigma_xi', 'rho', 'lambda_chi', 'chi0', 'xi0']
08-04 15:26 nessai INFO    : x prime space parameters: ['kappa_prime', 'mu_xi_prime', 'sigma_chi_prime', 'sigma_xi_prime', 'rho_prime', 'lambda_chi_prime', 'chi0_prime', 'xi0_prime']
08-04 15:26 nessai INFO    : Overwriting fuzz factor with expansion fraction
08-04 15:26 nessai INFO    : New fuzz factor: 1.2228445449938519
08-04 15:26 nessai INFO    : Verifying rescaling functions
08-04 15:26 nessai INFO    : Rescaling functions are invertible
08-04 15:26 nessai INFO    : Populating initial live points
08-04 15:26 nessai INFO    : Populated 100 / 1000 live points
08-04 15:26 nessai INFO    : Populated 200 / 1000 live points
08-04 15:26 nessai INFO    : Populated 300 / 1000 live points
08-04 15:26 nessai INFO    : Populated 400 / 1000 live points
08-04 15:26 nessai INFO    : Populated 500 / 1000 live points
08-04 15:26 nessai INFO    : Populated 600 / 1000 live points
08-04 15:26 nessai INFO    : Populated 700 / 1000 live points
08-04 15:26 nessai INFO    : Populated 800 / 1000 live points
08-04 15:26 nessai INFO    : Populated 900 / 1000 live points
08-04 15:26 nessai INFO    : Populated 1000 / 1000 live points
08-04 15:26 nessai INFO    : Starting nested sampling loop
08-04 15:26 nessai INFO    : it:  1000: Rolling KS test: D=0.022, p-value=0.3744
08-04 15:26 nessai INFO    : it:  1000: n eval: 3000 H: 7.91 dlogZ: 17724865.705 logZ: -17786159.182 +/- 0.089 logLmax: -61292.48
08-04 15:26 nessai INFO    : it:  2000: Rolling KS test: D=0.028, p-value=0.2046
08-04 15:26 nessai INFO    : it:  2000: n eval: 8000 H: 8.91 dlogZ: 5717362.149 logZ: -5737350.481 +/- 0.094 logLmax: -19986.33
08-04 15:26 nessai INFO    : Switching to FlowProposal
08-04 15:26 nessai INFO    : it:  3000: Rolling KS test: D=0.009, p-value=0.8454
08-04 15:26 nessai INFO    : it:  3000: n eval: 12118 H: 9.91 dlogZ: 2237835.850 logZ: -2252439.585 +/- 0.100 logLmax: -14600.74
08-04 15:26 nessai INFO    : it:  4000: Rolling KS test: D=0.006, p-value=0.9268
08-04 15:26 nessai INFO    : it:  4000: n eval: 16013 H: 10.91 dlogZ: 919631.005 logZ: -923680.830 +/- 0.104 logLmax: -4045.83
08-04 15:26 nessai INFO    : it:  5000: Rolling KS test: D=0.001, p-value=0.9973
08-04 15:26 nessai INFO    : it:  5000: n eval: 20292 H: 11.91 dlogZ: 427389.461 logZ: -431440.286 +/- 0.109 logLmax: -4045.83
08-04 15:26 nessai INFO    : it:  6000: Rolling KS test: D=0.031, p-value=0.1433
08-04 15:26 nessai INFO    : it:  6000: n eval: 22366 H: 12.91 dlogZ: 207349.340 logZ: -208746.999 +/- 0.114 logLmax: -1391.66
08-04 15:26 nessai INFO    : it:  7000: Rolling KS test: D=0.025, p-value=0.2818
08-04 15:26 nessai INFO    : it:  7000: n eval: 29619 H: 13.91 dlogZ: 106840.116 logZ: -108238.775 +/- 0.118 logLmax: -1391.66
08-04 15:26 nessai INFO    : it:  8000: Rolling KS test: D=0.008, p-value=0.8752
08-04 15:26 nessai INFO    : it:  8000: n eval: 34938 H: 14.91 dlogZ: 56053.803 logZ: -56983.301 +/- 0.122 logLmax: -921.50
08-04 15:26 nessai INFO    : it:  9000: Rolling KS test: D=0.008, p-value=0.8752
08-04 15:26 nessai INFO    : it:  9000: n eval: 41084 H: 15.90 dlogZ: 28397.115 logZ: -29327.612 +/- 0.126 logLmax: -921.50
08-04 15:26 nessai INFO    : it: 10000: Rolling KS test: D=0.034, p-value=0.09683
08-04 15:26 nessai INFO    : it: 10000: n eval: 46209 H: 16.91 dlogZ: 15577.877 logZ: -16067.387 +/- 0.130 logLmax: -479.51
08-04 15:26 nessai INFO    : it: 11000: Rolling KS test: D=0.036, p-value=0.07308
08-04 15:26 nessai INFO    : it: 11000: n eval: 51253 H: 16.94 dlogZ: 9182.862 logZ: -9478.886 +/- 0.130 logLmax: -285.02
08-04 15:26 nessai INFO    : it: 12000: Rolling KS test: D=0.016, p-value=0.593
08-04 15:26 nessai INFO    : it: 12000: n eval: 56504 H: 17.96 dlogZ: 5369.516 logZ: -5458.793 +/- 0.134 logLmax: -77.28
08-04 15:26 nessai INFO    : it: 13000: Rolling KS test: D=0.042, p-value=0.02854
08-04 15:26 nessai INFO    : it: 13000: n eval: 62118 H: 19.84 dlogZ: 3060.165 logZ: -3150.442 +/- 0.141 logLmax: -77.28
08-04 15:26 nessai INFO    : it: 14000: Rolling KS test: D=0.01, p-value=0.8133
08-04 15:26 nessai INFO    : it: 14000: n eval: 70658 H: 19.10 dlogZ: 1873.984 logZ: -1895.408 +/- 0.138 logLmax: -7.42
08-04 15:26 nessai INFO    : it: 15000: Rolling KS test: D=0.029, p-value=0.1825
08-04 15:26 nessai INFO    : it: 15000: n eval: 76374 H: 20.24 dlogZ: 1129.469 logZ: -1151.892 +/- 0.142 logLmax: -7.42
08-04 15:26 nessai INFO    : it: 16000: Rolling KS test: D=0.011, p-value=0.7794
08-04 15:26 nessai INFO    : it: 16000: n eval: 82014 H: 20.71 dlogZ: 662.255 logZ: -685.678 +/- 0.144 logLmax: -7.42
08-04 15:26 nessai INFO    : it: 17000: Rolling KS test: D=0.019, p-value=0.4797
08-04 15:26 nessai INFO    : it: 17000: n eval: 91518 H: 21.13 dlogZ: 405.937 logZ: -430.361 +/- 0.145 logLmax: -7.42
08-04 15:26 nessai INFO    : it: 18000: Rolling KS test: D=0.037, p-value=0.06311
08-04 15:26 nessai INFO    : it: 18000: n eval: 100173 H: 21.67 dlogZ: 247.047 logZ: -271.589 +/- 0.147 logLmax: -6.54
08-04 15:26 nessai INFO    : it: 19000: Rolling KS test: D=0.045, p-value=0.01689
08-04 15:26 nessai INFO    : it: 19000: n eval: 112552 H: 22.25 dlogZ: 144.851 logZ: -170.393 +/- 0.149 logLmax: -6.54
08-04 15:26 nessai INFO    : it: 20000: Rolling KS test: D=0.016, p-value=0.593
08-04 15:26 nessai INFO    : it: 20000: n eval: 125509 H: 22.95 dlogZ: 86.108 logZ: -112.282 +/- 0.151 logLmax: -6.18
08-04 15:26 nessai INFO    : it: 21000: Rolling KS test: D=0.032, p-value=0.1263
08-04 15:26 nessai INFO    : it: 21000: n eval: 141596 H: 23.23 dlogZ: 50.257 logZ: -77.431 +/- 0.152 logLmax: -6.18
08-04 15:27 nessai INFO    : it: 22000: Rolling KS test: D=0.037, p-value=0.06311
08-04 15:27 nessai INFO    : it: 22000: n eval: 167203 H: 23.65 dlogZ: 33.299 logZ: -58.644 +/- 0.154 logLmax: -3.35
08-04 15:27 nessai INFO    : it: 23000: Rolling KS test: D=0.023, p-value=0.3419
08-04 15:27 nessai INFO    : it: 23000: n eval: 186522 H: 24.27 dlogZ: 20.778 logZ: -47.123 +/- 0.156 logLmax: -3.35
08-04 15:27 nessai INFO    : it: 24000: Rolling KS test: D=0.027, p-value=0.2286
08-04 15:27 nessai INFO    : it: 24000: n eval: 207578 H: 24.51 dlogZ: 13.383 logZ: -40.728 +/- 0.157 logLmax: -3.35
08-04 15:27 nessai INFO    : it: 25000: Rolling KS test: D=0.028, p-value=0.2046
08-04 15:27 nessai INFO    : it: 25000: n eval: 254538 H: 25.01 dlogZ: 9.130 logZ: -36.632 +/- 0.158 logLmax: -2.50
08-04 15:27 nessai INFO    : it: 26000: Rolling KS test: D=0.033, p-value=0.1108
08-04 15:27 nessai INFO    : it: 26000: n eval: 314538 H: 25.41 dlogZ: 5.939 logZ: -34.215 +/- 0.159 logLmax: -2.28
08-04 15:27 nessai INFO    : it: 27000: Rolling KS test: D=0.02, p-value=0.4434
08-04 15:27 nessai INFO    : it: 27000: n eval: 404538 H: 25.71 dlogZ: 3.677 logZ: -32.863 +/- 0.160 logLmax: -2.21
08-04 15:27 nessai INFO    : it: 28000: Rolling KS test: D=0.019, p-value=0.4797
08-04 15:27 nessai INFO    : it: 28000: n eval: 494538 H: 25.99 dlogZ: 2.665 logZ: -32.096 +/- 0.161 logLmax: -1.50
08-04 15:28 nessai INFO    : it: 29000: Rolling KS test: D=0.024, p-value=0.311
08-04 15:28 nessai INFO    : it: 29000: n eval: 594538 H: 26.20 dlogZ: 1.507 logZ: -31.680 +/- 0.162 logLmax: -1.42
08-04 15:28 nessai INFO    : it: 30000: Rolling KS test: D=0.023, p-value=0.3419
08-04 15:28 nessai INFO    : it: 30000: n eval: 734538 H: 26.35 dlogZ: 0.746 logZ: -31.456 +/- 0.162 logLmax: -1.35
08-04 15:28 nessai INFO    : it: 31000: Rolling KS test: D=0.043, p-value=0.02406
08-04 15:28 nessai INFO    : it: 31000: n eval: 884538 H: 26.45 dlogZ: 0.310 logZ: -31.342 +/- 0.163 logLmax: -1.35
08-04 15:28 nessai INFO    : it: 32000: Rolling KS test: D=0.03, p-value=0.162
08-04 15:28 nessai INFO    : it: 32000: n eval: 1084538 H: 26.52 dlogZ: 0.172 logZ: -31.284 +/- 0.163 logLmax: -0.96
08-04 15:29 nessai INFO    : Stopping with difference_log_evidence=0.100
08-04 15:29 nessai INFO    : Finalising
08-04 15:29 nessai INFO    : Final ln-evidence: -31.232 +/- 0.163
08-04 15:29 nessai INFO    : Information: 26.60
08-04 15:29 nessai INFO    : Final KS test: D=0.008993, p-value=0.005003
08-04 15:29 nessai WARNING : Final p-value for the insertion indices is less than 0.05, this could be an indication of problems during sampling. Consider checking the diagnostic plots.
08-04 15:29 nessai INFO    : Checkpointing nested sampling
08-04 15:29 nessai INFO    : Total sampling time: 0:03:17.890073
08-04 15:29 nessai INFO    : Total training time: 0:01:03.568483
08-04 15:29 nessai INFO    : Total population time: 0:01:12.522529
08-04 15:29 nessai INFO    : Total likelihood evaluations: 1284538
08-04 15:29 nessai INFO    : Time spent evaluating likelihood: 0:00:24.790464
08-04 15:29 nessai INFO    : Total sampling time: 0:03:17.890073
08-04 15:29 nessai INFO    : Total likelihood evaluations: 1284538
08-04 15:29 nessai INFO    : Starting post processing
08-04 15:29 nessai INFO    : Computing posterior samples
08-04 15:29 nessai INFO    : Effective sample size: 6120.4
08-04 15:29 nessai INFO    : Producing posterior samples using rejection sampling
08-04 15:29 nessai INFO    : Expect 4188.513912971625 samples from rejection sampling
08-04 15:29 nessai INFO    : Returned 4176 posterior samples
08-04 15:29 nessai INFO    : Starting to close worker pool.
08-04 15:29 nessai INFO    : Finished closing worker pool.
