/data/wiay/postgrads/shashwat/qunat_com_future/lib/python3.11/site-packages/nessai/utils/logging.py:133: FutureWarning: setup_logger is deprecated, use configure_logger instead
  warnings.warn(
08-04 13:57 nessai INFO    : Running Nessai version 0.15.2
08-04 13:57 nessai INFO    : Starting multiprocessing pool with 4 processes
08-04 13:57 nessai INFO    : Initialising nested sampler
08-04 13:57 nessai WARNING : Multiprocessing pool has already been configured.
/data/wiay/postgrads/shashwat/qunat_com_future/lib/python3.11/site-packages/nessai/gw/__init__.py:12: FutureWarning: The `nessai.gw` module will be deprecated in the next release in favour of the nessai-gw package. This packages provides the same functionality as`nessai.gw` via the plugin interface.For more details, see: https://github.com/mj-will/nessai-gw
  warnings.warn(
08-04 13:57 nessai INFO    : Passing kwargs to FlowProposal: {'poolsize': 1000}
08-04 13:57 nessai INFO    : No reparameterisations provided, using default reparameterisations included in FlowProposal
08-04 13:57 nessai INFO    : Adding reparameterisations from: {}
08-04 13:57 nessai INFO    : Assuming fallback reparameterisation (ScaleAndShift) for ['kappa', 'mu_xi', 'sigma_chi', 'sigma_xi', 'rho', 'lambda_chi', 'chi0', 'xi0'] with kwargs: {'estimate_scale': True, 'estimate_shift': True, 'prior_bounds': {'kappa': array([0.1, 5. ]), 'mu_xi': array([0. , 0.1]), 'sigma_chi': array([0.05, 0.6 ]), 'sigma_xi': array([0.05, 0.4 ]), 'rho': array([-0.9,  0.9]), 'lambda_chi': array([-0.5,  0.5]), 'chi0': array([-0.5,  0.5]), 'xi0': array([2.5, 5. ])}}.
08-04 13:57 nessai INFO    : x space parameters: ['kappa', 'mu_xi', 'sigma_chi', 'sigma_xi', 'rho', 'lambda_chi', 'chi0', 'xi0']
08-04 13:57 nessai INFO    : x prime space parameters: ['kappa_prime', 'mu_xi_prime', 'sigma_chi_prime', 'sigma_xi_prime', 'rho_prime', 'lambda_chi_prime', 'chi0_prime', 'xi0_prime']
08-04 13:57 nessai INFO    : Overwriting fuzz factor with expansion fraction
08-04 13:57 nessai INFO    : New fuzz factor: 1.2228445449938519
08-04 13:57 nessai INFO    : Verifying rescaling functions
08-04 13:57 nessai INFO    : Rescaling functions are invertible
08-04 13:57 nessai INFO    : Populating initial live points
08-04 13:57 nessai INFO    : Populated 100 / 1000 live points
08-04 13:57 nessai INFO    : Populated 200 / 1000 live points
08-04 13:57 nessai INFO    : Populated 300 / 1000 live points
08-04 13:57 nessai INFO    : Populated 400 / 1000 live points
08-04 13:57 nessai INFO    : Populated 500 / 1000 live points
08-04 13:57 nessai INFO    : Populated 600 / 1000 live points
08-04 13:57 nessai INFO    : Populated 700 / 1000 live points
08-04 13:57 nessai INFO    : Populated 800 / 1000 live points
08-04 13:57 nessai INFO    : Populated 900 / 1000 live points
08-04 13:57 nessai INFO    : Populated 1000 / 1000 live points
08-04 13:57 nessai INFO    : Starting nested sampling loop
08-04 13:57 nessai INFO    : it:  1000: Rolling KS test: D=0.04, p-value=0.03967
08-04 13:57 nessai INFO    : it:  1000: n eval: 3000 H: 7.91 dlogZ: 11632858.104 logZ: -11634308.944 +/- 0.089 logLmax: -1449.84
08-04 13:57 nessai INFO    : it:  2000: Rolling KS test: D=0.023, p-value=0.3419
08-04 13:57 nessai INFO    : it:  2000: n eval: 8000 H: 8.91 dlogZ: 998809.703 logZ: -1000261.542 +/- 0.094 logLmax: -1449.84
08-04 13:57 nessai INFO    : Switching to FlowProposal
08-04 13:57 nessai INFO    : it:  3000: Rolling KS test: D=0.053, p-value=0.003498
08-04 13:57 nessai INFO    : it:  3000: n eval: 10193 H: 9.91 dlogZ: 170993.114 logZ: -171727.468 +/- 0.100 logLmax: -731.35
08-04 13:57 nessai INFO    : it:  4000: Rolling KS test: D=0.018, p-value=0.5169
08-04 13:57 nessai INFO    : it:  4000: n eval: 13338 H: 10.91 dlogZ: 58003.270 logZ: -58365.733 +/- 0.104 logLmax: -358.46
08-04 13:57 nessai INFO    : it:  5000: Rolling KS test: D=0.019, p-value=0.4797
08-04 13:57 nessai INFO    : it:  5000: n eval: 16986 H: 11.66 dlogZ: 22991.099 logZ: -23354.561 +/- 0.108 logLmax: -358.46
08-04 13:57 nessai INFO    : it:  6000: Rolling KS test: D=0.042, p-value=0.02854
08-04 13:57 nessai INFO    : it:  6000: n eval: 21035 H: 12.29 dlogZ: 10124.943 logZ: -10470.793 +/- 0.111 logLmax: -339.85
08-04 13:57 nessai INFO    : it:  7000: Rolling KS test: D=0.019, p-value=0.4797
08-04 13:57 nessai INFO    : it:  7000: n eval: 26515 H: 13.69 dlogZ: 4924.286 logZ: -5066.280 +/- 0.117 logLmax: -135.00
08-04 13:57 nessai INFO    : it:  8000: Rolling KS test: D=0.025, p-value=0.2818
08-04 13:57 nessai INFO    : it:  8000: n eval: 31779 H: 13.88 dlogZ: 2545.709 logZ: -2627.315 +/- 0.118 logLmax: -73.61
08-04 13:57 nessai INFO    : it:  9000: Rolling KS test: D=0.046, p-value=0.01407
08-04 13:57 nessai INFO    : it:  9000: n eval: 36781 H: 14.74 dlogZ: 1338.194 logZ: -1399.445 +/- 0.121 logLmax: -52.25
08-04 13:57 nessai INFO    : it: 10000: Rolling KS test: D=0.02, p-value=0.4434
08-04 13:57 nessai INFO    : it: 10000: n eval: 41695 H: 14.99 dlogZ: 746.311 logZ: -808.562 +/- 0.122 logLmax: -52.25
08-04 13:57 nessai INFO    : it: 11000: Rolling KS test: D=0.033, p-value=0.1108
08-04 13:58 nessai INFO    : it: 11000: n eval: 46432 H: 15.55 dlogZ: 456.995 logZ: -491.515 +/- 0.125 logLmax: -23.52
08-04 13:58 nessai INFO    : it: 12000: Rolling KS test: D=0.04, p-value=0.03967
08-04 13:58 nessai INFO    : it: 12000: n eval: 54853 H: 15.49 dlogZ: 297.956 logZ: -322.527 +/- 0.124 logLmax: -12.57
08-04 13:58 nessai INFO    : it: 13000: Rolling KS test: D=0.031, p-value=0.1433
08-04 13:58 nessai INFO    : it: 13000: n eval: 60735 H: 16.59 dlogZ: 198.357 logZ: -221.789 +/- 0.129 logLmax: -10.43
08-04 13:58 nessai INFO    : it: 14000: Rolling KS test: D=0.033, p-value=0.1108
08-04 13:58 nessai INFO    : it: 14000: n eval: 65810 H: 17.02 dlogZ: 124.149 logZ: -148.581 +/- 0.130 logLmax: -10.43
08-04 13:58 nessai INFO    : it: 15000: Rolling KS test: D=0.027, p-value=0.2286
08-04 13:58 nessai INFO    : it: 15000: n eval: 71706 H: 17.54 dlogZ: 77.200 logZ: -100.635 +/- 0.132 logLmax: -8.44
08-04 13:58 nessai INFO    : it: 16000: Rolling KS test: D=0.033, p-value=0.1108
08-04 13:58 nessai INFO    : it: 16000: n eval: 82393 H: 18.11 dlogZ: 47.070 logZ: -70.005 +/- 0.135 logLmax: -6.94
08-04 13:58 nessai INFO    : it: 17000: Rolling KS test: D=0.023, p-value=0.3419
08-04 13:58 nessai INFO    : it: 17000: n eval: 89148 H: 18.51 dlogZ: 28.939 logZ: -52.874 +/- 0.136 logLmax: -6.94
08-04 13:58 nessai INFO    : it: 18000: Rolling KS test: D=0.024, p-value=0.311
08-04 13:58 nessai INFO    : it: 18000: n eval: 101910 H: 18.98 dlogZ: 17.931 logZ: -42.527 +/- 0.138 logLmax: -6.60
08-04 13:58 nessai INFO    : it: 19000: Rolling KS test: D=0.016, p-value=0.593
08-04 13:58 nessai INFO    : it: 19000: n eval: 109930 H: 19.45 dlogZ: 11.739 logZ: -36.338 +/- 0.139 logLmax: -5.60
08-04 13:58 nessai INFO    : it: 20000: Rolling KS test: D=0.019, p-value=0.4797
08-04 13:58 nessai INFO    : it: 20000: n eval: 123786 H: 19.80 dlogZ: 7.797 logZ: -32.787 +/- 0.141 logLmax: -4.99
08-04 13:58 nessai INFO    : it: 21000: Rolling KS test: D=0.009, p-value=0.8454
08-04 13:58 nessai INFO    : it: 21000: n eval: 139573 H: 20.11 dlogZ: 4.906 logZ: -30.889 +/- 0.142 logLmax: -4.99
08-04 13:58 nessai INFO    : it: 22000: Rolling KS test: D=0.027, p-value=0.2286
08-04 13:58 nessai INFO    : it: 22000: n eval: 162522 H: 20.40 dlogZ: 3.292 logZ: -29.837 +/- 0.143 logLmax: -4.58
08-04 13:58 nessai INFO    : it: 23000: Rolling KS test: D=0.02, p-value=0.4434
08-04 13:58 nessai INFO    : it: 23000: n eval: 184107 H: 20.63 dlogZ: 1.859 logZ: -29.261 +/- 0.144 logLmax: -4.57
08-04 13:58 nessai INFO    : it: 24000: Rolling KS test: D=0.033, p-value=0.1108
08-04 13:58 nessai INFO    : it: 24000: n eval: 218085 H: 20.80 dlogZ: 1.025 logZ: -28.956 +/- 0.144 logLmax: -4.38
08-04 13:58 nessai INFO    : it: 25000: Rolling KS test: D=0.04, p-value=0.03967
08-04 13:58 nessai INFO    : it: 25000: n eval: 265295 H: 20.92 dlogZ: 0.558 logZ: -28.800 +/- 0.145 logLmax: -4.09
08-04 13:58 nessai INFO    : it: 26000: Rolling KS test: D=0.033, p-value=0.1108
08-04 13:58 nessai INFO    : it: 26000: n eval: 300991 H: 21.00 dlogZ: 0.238 logZ: -28.718 +/- 0.145 logLmax: -4.03
08-04 13:59 nessai INFO    : it: 27000: Rolling KS test: D=0.058, p-value=0.001147
08-04 13:59 nessai INFO    : it: 27000: n eval: 380991 H: 21.06 dlogZ: 0.106 logZ: -28.676 +/- 0.145 logLmax: -3.87
08-04 13:59 nessai INFO    : Stopping with difference_log_evidence=0.100
08-04 13:59 nessai INFO    : Finalising
08-04 13:59 nessai INFO    : Final ln-evidence: -28.637 +/- 0.145
08-04 13:59 nessai INFO    : Information: 21.12
08-04 13:59 nessai INFO    : Final KS test: D=0.01563, p-value=1.798e-06
08-04 13:59 nessai WARNING : Final p-value for the insertion indices is less than 0.05, this could be an indication of problems during sampling. Consider checking the diagnostic plots.
08-04 13:59 nessai INFO    : Checkpointing nested sampling
08-04 13:59 nessai INFO    : Total sampling time: 0:01:26.324321
08-04 13:59 nessai INFO    : Total training time: 0:00:26.619047
08-04 13:59 nessai INFO    : Total population time: 0:00:22.930129
08-04 13:59 nessai INFO    : Total likelihood evaluations: 390991
08-04 13:59 nessai INFO    : Time spent evaluating likelihood: 0:00:07.405731
08-04 13:59 nessai INFO    : Total sampling time: 0:01:26.324321
08-04 13:59 nessai INFO    : Total likelihood evaluations: 390991
08-04 13:59 nessai INFO    : Starting post processing
08-04 13:59 nessai INFO    : Computing posterior samples
08-04 13:59 nessai INFO    : Effective sample size: 6091.9
08-04 13:59 nessai INFO    : Producing posterior samples using rejection sampling
08-04 13:59 nessai INFO    : Expect 4133.004234644403 samples from rejection sampling
08-04 13:59 nessai INFO    : Returned 4140 posterior samples
08-04 13:59 nessai INFO    : Starting to close worker pool.
08-04 13:59 nessai INFO    : Finished closing worker pool.
