/data/wiay/postgrads/shashwat/qunat_com_future/lib/python3.11/site-packages/nessai/utils/logging.py:133: FutureWarning: setup_logger is deprecated, use configure_logger instead
  warnings.warn(
08-04 13:10 nessai INFO    : Running Nessai version 0.15.2
08-04 13:10 nessai INFO    : Starting multiprocessing pool with 4 processes
08-04 13:10 nessai INFO    : Initialising nested sampler
08-04 13:10 nessai WARNING : Multiprocessing pool has already been configured.
/data/wiay/postgrads/shashwat/qunat_com_future/lib/python3.11/site-packages/nessai/gw/__init__.py:12: FutureWarning: The `nessai.gw` module will be deprecated in the next release in favour of the nessai-gw package. This packages provides the same functionality as`nessai.gw` via the plugin interface.For more details, see: https://github.com/mj-will/nessai-gw
  warnings.warn(
08-04 13:10 nessai INFO    : Passing kwargs to FlowProposal: {'poolsize': 1000}
08-04 13:10 nessai INFO    : No reparameterisations provided, using default reparameterisations included in FlowProposal
08-04 13:10 nessai INFO    : Adding reparameterisations from: {}
08-04 13:10 nessai INFO    : Assuming fallback reparameterisation (ScaleAndShift) for ['kappa', 'mu_xi', 'sigma_chi', 'sigma_xi', 'rho', 'lambda_chi', 'chi0', 'xi0'] with kwargs: {'estimate_scale': True, 'estimate_shift': True, 'prior_bounds': {'kappa': array([0.1, 5. ]), 'mu_xi': array([0. , 0.1]), 'sigma_chi': array([0.05, 0.6 ]), 'sigma_xi': array([0.05, 0.4 ]), 'rho': array([-0.9,  0.9]), 'lambda_chi': array([-0.5,  0.5]), 'chi0': array([-0.5,  0.5]), 'xi0': array([2.5, 5. ])}}.
08-04 13:10 nessai INFO    : x space parameters: ['kappa', 'mu_xi', 'sigma_chi', 'sigma_xi', 'rho', 'lambda_chi', 'chi0', 'xi0']
08-04 13:10 nessai INFO    : x prime space parameters: ['kappa_prime', 'mu_xi_prime', 'sigma_chi_prime', 'sigma_xi_prime', 'rho_prime', 'lambda_chi_prime', 'chi0_prime', 'xi0_prime']
08-04 13:10 nessai INFO    : Overwriting fuzz factor with expansion fraction
08-04 13:10 nessai INFO    : New fuzz factor: 1.2228445449938519
08-04 13:10 nessai INFO    : Verifying rescaling functions
08-04 13:10 nessai INFO    : Rescaling functions are invertible
08-04 13:10 nessai INFO    : Populating initial live points
08-04 13:10 nessai INFO    : Populated 100 / 1000 live points
08-04 13:10 nessai INFO    : Populated 200 / 1000 live points
08-04 13:10 nessai INFO    : Populated 300 / 1000 live points
08-04 13:10 nessai INFO    : Populated 400 / 1000 live points
08-04 13:10 nessai INFO    : Populated 500 / 1000 live points
08-04 13:10 nessai INFO    : Populated 600 / 1000 live points
08-04 13:10 nessai INFO    : Populated 700 / 1000 live points
08-04 13:10 nessai INFO    : Populated 800 / 1000 live points
08-04 13:10 nessai INFO    : Populated 900 / 1000 live points
08-04 13:10 nessai INFO    : Populated 1000 / 1000 live points
08-04 13:10 nessai INFO    : Starting nested sampling loop
08-04 13:10 nessai INFO    : it:  1000: Rolling KS test: D=0.006, p-value=0.9268
08-04 13:10 nessai INFO    : it:  1000: n eval: 3000 H: 7.91 dlogZ: 207815148.720 logZ: -209421847.769 +/- 0.089 logLmax: -1606698.05
08-04 13:10 nessai INFO    : it:  2000: Rolling KS test: D=0.021, p-value=0.4082
08-04 13:10 nessai INFO    : it:  2000: n eval: 8000 H: 8.91 dlogZ: 66912348.861 logZ: -67042344.945 +/- 0.094 logLmax: -129994.09
08-04 13:10 nessai INFO    : Switching to FlowProposal
08-04 13:10 nessai INFO    : it:  3000: Rolling KS test: D=0.003, p-value=0.9802
08-04 13:10 nessai INFO    : it:  3000: n eval: 12042 H: 9.91 dlogZ: 26972753.549 logZ: -27102750.633 +/- 0.100 logLmax: -129994.09
08-04 13:10 nessai INFO    : it:  4000: Rolling KS test: D=0.013, p-value=0.7071
08-04 13:10 nessai INFO    : it:  4000: n eval: 16114 H: 10.91 dlogZ: 13152579.943 logZ: -13282578.027 +/- 0.104 logLmax: -129994.09
08-04 13:10 nessai INFO    : it:  5000: Rolling KS test: D=0.039, p-value=0.0465
08-04 13:10 nessai INFO    : it:  5000: n eval: 17840 H: 11.91 dlogZ: 7332719.549 logZ: -7462718.633 +/- 0.109 logLmax: -129994.09
08-04 13:10 nessai INFO    : it:  6000: Rolling KS test: D=0.005, p-value=0.9481
08-04 13:10 nessai INFO    : it:  6000: n eval: 21821 H: 12.91 dlogZ: 4314306.773 logZ: -4431399.702 +/- 0.114 logLmax: -117086.93
08-04 13:10 nessai INFO    : it:  7000: Rolling KS test: D=0.013, p-value=0.7071
08-04 13:10 nessai INFO    : it:  7000: n eval: 25708 H: 13.91 dlogZ: 2494706.310 logZ: -2611800.239 +/- 0.118 logLmax: -117086.93
08-04 13:10 nessai INFO    : it:  8000: Rolling KS test: D=0.032, p-value=0.1263
08-04 13:10 nessai INFO    : it:  8000: n eval: 30198 H: 14.91 dlogZ: 1613612.079 logZ: -1639920.044 +/- 0.122 logLmax: -26299.97
08-04 13:10 nessai INFO    : it:  9000: Rolling KS test: D=0.021, p-value=0.4082
08-04 13:10 nessai INFO    : it:  9000: n eval: 32179 H: 15.91 dlogZ: 1025808.213 logZ: -1052117.178 +/- 0.126 logLmax: -26299.97
08-04 13:10 nessai INFO    : it: 10000: Rolling KS test: D=0.029, p-value=0.1825
08-04 13:10 nessai INFO    : it: 10000: n eval: 36146 H: 16.91 dlogZ: 650764.479 logZ: -670614.838 +/- 0.130 logLmax: -19840.36
08-04 13:10 nessai INFO    : it: 11000: Rolling KS test: D=0.024, p-value=0.311
08-04 13:10 nessai INFO    : it: 11000: n eval: 40458 H: 17.91 dlogZ: 396932.643 logZ: -407819.439 +/- 0.134 logLmax: -10875.80
08-04 13:11 nessai INFO    : it: 12000: Rolling KS test: D=0.008, p-value=0.8752
08-04 13:11 nessai INFO    : it: 12000: n eval: 44872 H: 18.91 dlogZ: 236518.557 logZ: -239747.703 +/- 0.138 logLmax: -3217.15
08-04 13:11 nessai INFO    : it: 13000: Rolling KS test: D=0.02, p-value=0.4434
08-04 13:11 nessai INFO    : it: 13000: n eval: 49488 H: 19.91 dlogZ: 137110.189 logZ: -140340.336 +/- 0.141 logLmax: -3217.15
08-04 13:11 nessai INFO    : it: 14000: Rolling KS test: D=0.02, p-value=0.4434
08-04 13:11 nessai INFO    : it: 14000: n eval: 54251 H: 20.91 dlogZ: 80087.406 logZ: -81480.195 +/- 0.145 logLmax: -1378.79
08-04 13:11 nessai INFO    : it: 15000: Rolling KS test: D=0.031, p-value=0.1433
08-04 13:11 nessai INFO    : it: 15000: n eval: 59299 H: 21.90 dlogZ: 48327.191 logZ: -49084.013 +/- 0.148 logLmax: -741.82
08-04 13:11 nessai INFO    : it: 16000: Rolling KS test: D=0.018, p-value=0.5169
08-04 13:11 nessai INFO    : it: 16000: n eval: 69158 H: 22.91 dlogZ: 28280.111 logZ: -29037.933 +/- 0.151 logLmax: -741.82
08-04 13:11 nessai INFO    : it: 17000: Rolling KS test: D=0.051, p-value=0.005312
08-04 13:11 nessai INFO    : it: 17000: n eval: 71567 H: 23.91 dlogZ: 15949.277 logZ: -16627.463 +/- 0.155 logLmax: -661.19
08-04 13:11 nessai INFO    : it: 18000: Rolling KS test: D=0.021, p-value=0.4082
08-04 13:11 nessai INFO    : it: 18000: n eval: 80439 H: 24.80 dlogZ: 9806.210 logZ: -9988.749 +/- 0.157 logLmax: -164.54
08-04 13:11 nessai INFO    : it: 19000: Rolling KS test: D=0.032, p-value=0.1263
08-04 13:11 nessai INFO    : it: 19000: n eval: 86292 H: 25.32 dlogZ: 5929.531 logZ: -6113.070 +/- 0.159 logLmax: -164.54
08-04 13:11 nessai INFO    : it: 20000: Rolling KS test: D=0.032, p-value=0.1263
08-04 13:11 nessai INFO    : it: 20000: n eval: 92771 H: 26.82 dlogZ: 3481.772 logZ: -3666.311 +/- 0.164 logLmax: -164.54
08-04 13:11 nessai INFO    : it: 21000: Rolling KS test: D=0.036, p-value=0.07308
08-04 13:11 nessai INFO    : it: 21000: n eval: 104551 H: 27.35 dlogZ: 2093.812 logZ: -2279.351 +/- 0.165 logLmax: -164.54
08-04 13:11 nessai INFO    : it: 22000: Rolling KS test: D=0.031, p-value=0.1433
08-04 13:11 nessai INFO    : it: 22000: n eval: 118216 H: 27.27 dlogZ: 1287.366 logZ: -1461.173 +/- 0.165 logLmax: -151.81
08-04 13:11 nessai INFO    : it: 23000: Rolling KS test: D=0.029, p-value=0.1825
08-04 13:11 nessai INFO    : it: 23000: n eval: 133349 H: 28.04 dlogZ: 810.886 logZ: -981.521 +/- 0.167 logLmax: -147.64
08-04 13:11 nessai INFO    : it: 24000: Rolling KS test: D=0.026, p-value=0.2543
08-04 13:11 nessai INFO    : it: 24000: n eval: 143734 H: 28.50 dlogZ: 522.070 logZ: -688.666 +/- 0.169 logLmax: -142.60
08-04 13:11 nessai INFO    : it: 25000: Rolling KS test: D=0.007, p-value=0.9024
08-04 13:11 nessai INFO    : it: 25000: n eval: 158434 H: 29.00 dlogZ: 397.850 logZ: -496.533 +/- 0.170 logLmax: -73.68
08-04 13:11 nessai INFO    : it: 26000: Rolling KS test: D=0.031, p-value=0.1433
08-04 13:11 nessai INFO    : it: 26000: n eval: 199709 H: 29.52 dlogZ: 280.032 logZ: -375.009 +/- 0.172 logLmax: -68.98
08-04 13:12 nessai INFO    : it: 27000: Rolling KS test: D=0.021, p-value=0.4082
08-04 13:12 nessai INFO    : it: 27000: n eval: 224198 H: 30.03 dlogZ: 237.273 logZ: -296.117 +/- 0.173 logLmax: -31.85
08-04 13:12 nessai INFO    : it: 28000: Rolling KS test: D=0.044, p-value=0.0202
08-04 13:12 nessai INFO    : it: 28000: n eval: 255096 H: 31.16 dlogZ: 175.253 logZ: -235.097 +/- 0.177 logLmax: -31.85
08-04 13:12 nessai INFO    : it: 29000: Rolling KS test: D=0.024, p-value=0.311
08-04 13:12 nessai INFO    : it: 29000: n eval: 302518 H: 31.57 dlogZ: 140.510 logZ: -191.530 +/- 0.178 logLmax: -22.02
08-04 13:12 nessai INFO    : it: 30000: Rolling KS test: D=0.014, p-value=0.6695
08-04 13:12 nessai INFO    : it: 30000: n eval: 341064 H: 32.20 dlogZ: 106.092 logZ: -158.112 +/- 0.179 logLmax: -22.02
08-04 13:12 nessai INFO    : it: 31000: Rolling KS test: D=0.016, p-value=0.593
08-04 13:12 nessai INFO    : it: 31000: n eval: 411064 H: 32.93 dlogZ: 87.646 logZ: -134.320 +/- 0.181 logLmax: -15.67
08-04 13:13 nessai INFO    : it: 32000: Rolling KS test: D=0.024, p-value=0.311
08-04 13:13 nessai INFO    : it: 32000: n eval: 470404 H: 33.93 dlogZ: 68.926 logZ: -114.371 +/- 0.184 logLmax: -13.45
08-04 13:13 nessai INFO    : it: 33000: Rolling KS test: D=0.025, p-value=0.2818
08-04 13:13 nessai INFO    : it: 33000: n eval: 560404 H: 34.53 dlogZ: 52.736 logZ: -99.181 +/- 0.186 logLmax: -13.45
08-04 13:13 nessai INFO    : it: 34000: Rolling KS test: D=0.029, p-value=0.1825
08-04 13:13 nessai INFO    : it: 34000: n eval: 710404 H: 35.43 dlogZ: 42.704 logZ: -85.833 +/- 0.188 logLmax: -9.13
08-04 13:13 nessai INFO    : it: 35000: Rolling KS test: D=0.013, p-value=0.7071
08-04 13:13 nessai INFO    : it: 35000: n eval: 736439 H: 36.23 dlogZ: 30.454 logZ: -74.583 +/- 0.190 logLmax: -9.13
08-04 13:14 nessai INFO    : it: 36000: Rolling KS test: D=0.004, p-value=0.9659
08-04 13:14 nessai INFO    : it: 36000: n eval: 750360 H: 36.85 dlogZ: 21.755 logZ: -66.176 +/- 0.192 logLmax: -8.42
08-04 13:14 nessai INFO    : it: 37000: Rolling KS test: D=0.039, p-value=0.0465
08-04 13:14 nessai INFO    : it: 37000: n eval: 759231 H: 37.44 dlogZ: 16.944 logZ: -60.570 +/- 0.193 logLmax: -6.63
08-04 13:14 nessai INFO    : it: 38000: Rolling KS test: D=0.02, p-value=0.4434
08-04 13:14 nessai INFO    : it: 38000: n eval: 775400 H: 38.07 dlogZ: 12.593 logZ: -56.514 +/- 0.195 logLmax: -5.92
08-04 13:14 nessai INFO    : it: 39000: Rolling KS test: D=0.008, p-value=0.8752
08-04 13:14 nessai INFO    : it: 39000: n eval: 790695 H: 38.66 dlogZ: 9.356 logZ: -53.541 +/- 0.197 logLmax: -5.19
08-04 13:14 nessai INFO    : it: 40000: Rolling KS test: D=0.032, p-value=0.1263
08-04 13:14 nessai INFO    : it: 40000: n eval: 805229 H: 39.12 dlogZ: 6.513 logZ: -51.603 +/- 0.198 logLmax: -5.09
08-04 13:14 nessai INFO    : it: 41000: Rolling KS test: D=0.033, p-value=0.1108
08-04 13:14 nessai INFO    : it: 41000: n eval: 817491 H: 39.54 dlogZ: 4.629 logZ: -50.390 +/- 0.199 logLmax: -4.77
08-04 13:14 nessai INFO    : it: 42000: Rolling KS test: D=0.014, p-value=0.6695
08-04 13:14 nessai INFO    : it: 42000: n eval: 831181 H: 39.92 dlogZ: 3.292 logZ: -49.625 +/- 0.200 logLmax: -4.37
08-04 13:14 nessai INFO    : it: 43000: Rolling KS test: D=0.021, p-value=0.4082
08-04 13:14 nessai INFO    : it: 43000: n eval: 847045 H: 40.28 dlogZ: 2.245 logZ: -49.116 +/- 0.201 logLmax: -3.98
08-04 13:14 nessai INFO    : it: 44000: Rolling KS test: D=0.026, p-value=0.2543
08-04 13:14 nessai INFO    : it: 44000: n eval: 863279 H: 40.56 dlogZ: 1.204 logZ: -48.801 +/- 0.201 logLmax: -3.95
08-04 13:14 nessai INFO    : it: 45000: Rolling KS test: D=0.022, p-value=0.3744
08-04 13:14 nessai INFO    : it: 45000: n eval: 874343 H: 40.78 dlogZ: 0.626 logZ: -48.611 +/- 0.202 logLmax: -3.75
08-04 13:14 nessai INFO    : it: 46000: Rolling KS test: D=0.024, p-value=0.311
08-04 13:14 nessai INFO    : it: 46000: n eval: 888670 H: 40.92 dlogZ: 0.253 logZ: -48.506 +/- 0.202 logLmax: -3.75
08-04 13:14 nessai INFO    : it: 47000: Rolling KS test: D=0.016, p-value=0.593
08-04 13:14 nessai INFO    : it: 47000: n eval: 902576 H: 41.01 dlogZ: 0.120 logZ: -48.449 +/- 0.203 logLmax: -3.51
08-04 13:14 nessai INFO    : Stopping with difference_log_evidence=0.100
08-04 13:14 nessai INFO    : Finalising
08-04 13:14 nessai INFO    : Final ln-evidence: -48.397 +/- 0.203
08-04 13:14 nessai INFO    : Information: 41.12
08-04 13:14 nessai INFO    : Final KS test: D=0.006987, p-value=0.009932
08-04 13:14 nessai WARNING : Final p-value for the insertion indices is less than 0.05, this could be an indication of problems during sampling. Consider checking the diagnostic plots.
08-04 13:14 nessai INFO    : Checkpointing nested sampling
08-04 13:14 nessai INFO    : Total sampling time: 0:04:12.894081
08-04 13:14 nessai INFO    : Total training time: 0:01:12.917995
08-04 13:14 nessai INFO    : Total population time: 0:01:27.624526
08-04 13:14 nessai INFO    : Total likelihood evaluations: 908592
08-04 13:14 nessai INFO    : Time spent evaluating likelihood: 0:00:30.222301
08-04 13:14 nessai INFO    : Total sampling time: 0:04:12.894081
08-04 13:14 nessai INFO    : Total likelihood evaluations: 908592
08-04 13:14 nessai INFO    : Starting post processing
08-04 13:14 nessai INFO    : Computing posterior samples
08-04 13:14 nessai INFO    : Effective sample size: 7182.1
08-04 13:14 nessai INFO    : Producing posterior samples using rejection sampling
08-04 13:14 nessai INFO    : Expect 4978.377025522623 samples from rejection sampling
08-04 13:14 nessai INFO    : Returned 4974 posterior samples
08-04 13:14 nessai INFO    : Starting to close worker pool.
08-04 13:14 nessai INFO    : Finished closing worker pool.
