/data/wiay/postgrads/shashwat/qunat_com_future/lib/python3.11/site-packages/nessai/utils/logging.py:133: FutureWarning: setup_logger is deprecated, use configure_logger instead
  warnings.warn(
08-04 15:51 nessai INFO    : Running Nessai version 0.15.2
08-04 15:51 nessai INFO    : Starting multiprocessing pool with 4 processes
08-04 15:51 nessai INFO    : Initialising nested sampler
08-04 15:51 nessai WARNING : Multiprocessing pool has already been configured.
/data/wiay/postgrads/shashwat/qunat_com_future/lib/python3.11/site-packages/nessai/gw/__init__.py:12: FutureWarning: The `nessai.gw` module will be deprecated in the next release in favour of the nessai-gw package. This packages provides the same functionality as`nessai.gw` via the plugin interface.For more details, see: https://github.com/mj-will/nessai-gw
  warnings.warn(
08-04 15:51 nessai INFO    : Passing kwargs to FlowProposal: {'poolsize': 1000}
08-04 15:51 nessai INFO    : No reparameterisations provided, using default reparameterisations included in FlowProposal
08-04 15:51 nessai INFO    : Adding reparameterisations from: {}
08-04 15:51 nessai INFO    : Assuming fallback reparameterisation (ScaleAndShift) for ['kappa', 'mu_xi', 'sigma_chi', 'sigma_xi', 'rho', 'lambda_chi', 'chi0', 'xi0'] with kwargs: {'estimate_scale': True, 'estimate_shift': True, 'prior_bounds': {'kappa': array([0.1, 5. ]), 'mu_xi': array([0. , 0.1]), 'sigma_chi': array([0.05, 0.6 ]), 'sigma_xi': array([0.05, 0.4 ]), 'rho': array([-0.9,  0.9]), 'lambda_chi': array([-0.5,  0.5]), 'chi0': array([-0.5,  0.5]), 'xi0': array([2.5, 5. ])}}.
08-04 15:51 nessai INFO    : x space parameters: ['kappa', 'mu_xi', 'sigma_chi', 'sigma_xi', 'rho', 'lambda_chi', 'chi0', 'xi0']
08-04 15:51 nessai INFO    : x prime space parameters: ['kappa_prime', 'mu_xi_prime', 'sigma_chi_prime', 'sigma_xi_prime', 'rho_prime', 'lambda_chi_prime', 'chi0_prime', 'xi0_prime']
08-04 15:51 nessai INFO    : Overwriting fuzz factor with expansion fraction
08-04 15:51 nessai INFO    : New fuzz factor: 1.2228445449938519
08-04 15:51 nessai INFO    : Verifying rescaling functions
08-04 15:51 nessai INFO    : Rescaling functions are invertible
08-04 15:51 nessai INFO    : Populating initial live points
08-04 15:51 nessai INFO    : Populated 100 / 1000 live points
08-04 15:51 nessai INFO    : Populated 200 / 1000 live points
08-04 15:51 nessai INFO    : Populated 300 / 1000 live points
08-04 15:51 nessai INFO    : Populated 400 / 1000 live points
08-04 15:51 nessai INFO    : Populated 500 / 1000 live points
08-04 15:51 nessai INFO    : Populated 600 / 1000 live points
08-04 15:51 nessai INFO    : Populated 700 / 1000 live points
08-04 15:51 nessai INFO    : Populated 800 / 1000 live points
08-04 15:51 nessai INFO    : Populated 900 / 1000 live points
08-04 15:51 nessai INFO    : Populated 1000 / 1000 live points
08-04 15:51 nessai INFO    : Starting nested sampling loop
08-04 15:51 nessai INFO    : it:  1000: Rolling KS test: D=0.04, p-value=0.03967
08-04 15:51 nessai INFO    : it:  1000: n eval: 3000 H: 7.91 dlogZ: 11620333.640 logZ: -11621846.695 +/- 0.089 logLmax: -1512.06
08-04 15:51 nessai INFO    : Switching to FlowProposal
08-04 15:51 nessai INFO    : it:  2000: Rolling KS test: D=0.024, p-value=0.311
08-04 15:51 nessai INFO    : it:  2000: n eval: 9190 H: 8.91 dlogZ: 1004547.671 logZ: -1006061.726 +/- 0.094 logLmax: -1512.06
08-04 15:51 nessai INFO    : it:  3000: Rolling KS test: D=0.027, p-value=0.2286
08-04 15:51 nessai INFO    : it:  3000: n eval: 10668 H: 9.91 dlogZ: 174777.922 logZ: -175430.651 +/- 0.100 logLmax: -649.73
08-04 15:51 nessai INFO    : it:  4000: Rolling KS test: D=0.021, p-value=0.4082
08-04 15:51 nessai INFO    : it:  4000: n eval: 12236 H: 10.42 dlogZ: 58456.564 logZ: -58633.333 +/- 0.102 logLmax: -172.77
08-04 15:51 nessai INFO    : it:  5000: Rolling KS test: D=0.016, p-value=0.593
08-04 15:51 nessai INFO    : it:  5000: n eval: 16051 H: 11.91 dlogZ: 24118.188 logZ: -24295.957 +/- 0.109 logLmax: -172.77
08-04 15:51 nessai INFO    : it:  6000: Rolling KS test: D=0.038, p-value=0.05428
08-04 15:51 nessai INFO    : it:  6000: n eval: 20248 H: 12.25 dlogZ: 10817.091 logZ: -10995.860 +/- 0.111 logLmax: -172.77
08-04 15:51 nessai INFO    : it:  7000: Rolling KS test: D=0.024, p-value=0.311
08-04 15:51 nessai INFO    : it:  7000: n eval: 24447 H: 13.25 dlogZ: 5249.190 logZ: -5348.542 +/- 0.115 logLmax: -92.35
08-04 15:51 nessai INFO    : it:  8000: Rolling KS test: D=0.022, p-value=0.3744
08-04 15:51 nessai INFO    : it:  8000: n eval: 29118 H: 13.69 dlogZ: 2625.052 logZ: -2672.136 +/- 0.117 logLmax: -39.08
08-04 15:51 nessai INFO    : it:  9000: Rolling KS test: D=0.019, p-value=0.4797
08-04 15:51 nessai INFO    : it:  9000: n eval: 34033 H: 14.94 dlogZ: 1424.618 logZ: -1464.760 +/- 0.122 logLmax: -31.14
08-04 15:51 nessai INFO    : it: 10000: Rolling KS test: D=0.016, p-value=0.593
08-04 15:51 nessai INFO    : it: 10000: n eval: 39333 H: 15.24 dlogZ: 788.642 logZ: -824.069 +/- 0.123 logLmax: -25.43
08-04 15:51 nessai INFO    : it: 11000: Rolling KS test: D=0.017, p-value=0.5547
08-04 15:51 nessai INFO    : it: 11000: n eval: 48579 H: 15.19 dlogZ: 456.944 logZ: -493.371 +/- 0.123 logLmax: -25.43
08-04 15:51 nessai INFO    : it: 12000: Rolling KS test: D=0.021, p-value=0.4082
08-04 15:51 nessai INFO    : it: 12000: n eval: 51474 H: 15.44 dlogZ: 300.965 logZ: -326.705 +/- 0.124 logLmax: -13.74
08-04 15:51 nessai INFO    : it: 13000: Rolling KS test: D=0.039, p-value=0.0465
08-04 15:51 nessai INFO    : it: 13000: n eval: 59680 H: 16.56 dlogZ: 200.201 logZ: -223.355 +/- 0.129 logLmax: -10.15
08-04 15:51 nessai INFO    : it: 14000: Rolling KS test: D=0.044, p-value=0.0202
08-04 15:51 nessai INFO    : it: 14000: n eval: 66093 H: 17.16 dlogZ: 125.541 logZ: -149.694 +/- 0.131 logLmax: -10.15
08-04 15:51 nessai INFO    : it: 15000: Rolling KS test: D=0.014, p-value=0.6695
08-04 15:51 nessai INFO    : it: 15000: n eval: 72292 H: 17.49 dlogZ: 78.298 logZ: -103.452 +/- 0.132 logLmax: -10.15
08-04 15:52 nessai INFO    : it: 16000: Rolling KS test: D=0.036, p-value=0.07308
08-04 15:52 nessai INFO    : it: 16000: n eval: 82500 H: 18.07 dlogZ: 51.468 logZ: -73.355 +/- 0.134 logLmax: -5.89
08-04 15:52 nessai INFO    : it: 17000: Rolling KS test: D=0.028, p-value=0.2046
08-04 15:52 nessai INFO    : it: 17000: n eval: 94185 H: 18.68 dlogZ: 32.907 logZ: -55.794 +/- 0.137 logLmax: -5.89
08-04 15:52 nessai INFO    : it: 18000: Rolling KS test: D=0.027, p-value=0.2286
08-04 15:52 nessai INFO    : it: 18000: n eval: 101643 H: 19.01 dlogZ: 20.762 logZ: -44.649 +/- 0.138 logLmax: -5.89
08-04 15:52 nessai INFO    : it: 19000: Rolling KS test: D=0.037, p-value=0.06311
08-04 15:52 nessai INFO    : it: 19000: n eval: 115599 H: 19.54 dlogZ: 13.401 logZ: -38.289 +/- 0.140 logLmax: -5.89
08-04 15:52 nessai INFO    : it: 20000: Rolling KS test: D=0.033, p-value=0.1108
08-04 15:52 nessai INFO    : it: 20000: n eval: 130873 H: 19.95 dlogZ: 10.169 logZ: -34.470 +/- 0.141 logLmax: -4.30
08-04 15:52 nessai INFO    : it: 21000: Rolling KS test: D=0.02, p-value=0.4434
08-04 15:52 nessai INFO    : it: 21000: n eval: 156315 H: 20.33 dlogZ: 6.872 logZ: -32.172 +/- 0.143 logLmax: -4.30
08-04 15:52 nessai INFO    : it: 22000: Rolling KS test: D=0.029, p-value=0.1825
08-04 15:52 nessai INFO    : it: 22000: n eval: 174898 H: 20.64 dlogZ: 4.596 logZ: -30.887 +/- 0.144 logLmax: -4.30
08-04 15:52 nessai INFO    : it: 23000: Rolling KS test: D=0.029, p-value=0.1825
08-04 15:52 nessai INFO    : it: 23000: n eval: 212566 H: 20.91 dlogZ: 3.200 logZ: -30.163 +/- 0.145 logLmax: -4.01
08-04 15:52 nessai INFO    : it: 24000: Rolling KS test: D=0.038, p-value=0.05428
08-04 15:52 nessai INFO    : it: 24000: n eval: 246340 H: 21.15 dlogZ: 2.205 logZ: -29.746 +/- 0.145 logLmax: -3.66
08-04 15:52 nessai INFO    : it: 25000: Rolling KS test: D=0.041, p-value=0.03371
08-04 15:52 nessai INFO    : it: 25000: n eval: 275536 H: 21.35 dlogZ: 1.393 logZ: -29.501 +/- 0.146 logLmax: -3.39
08-04 15:52 nessai INFO    : it: 26000: Rolling KS test: D=0.011, p-value=0.7794
08-04 15:52 nessai INFO    : it: 26000: n eval: 292652 H: 21.54 dlogZ: 0.716 logZ: -29.342 +/- 0.147 logLmax: -3.30
08-04 15:52 nessai INFO    : it: 27000: Rolling KS test: D=0.022, p-value=0.3744
08-04 15:52 nessai INFO    : it: 27000: n eval: 303412 H: 21.69 dlogZ: 0.347 logZ: -29.243 +/- 0.147 logLmax: -3.12
08-04 15:52 nessai INFO    : it: 28000: Rolling KS test: D=0.017, p-value=0.5547
08-04 15:52 nessai INFO    : it: 28000: n eval: 316480 H: 21.80 dlogZ: 0.159 logZ: -29.187 +/- 0.148 logLmax: -2.95
08-04 15:52 nessai INFO    : Stopping with difference_log_evidence=0.100
08-04 15:52 nessai INFO    : Finalising
08-04 15:52 nessai INFO    : Final ln-evidence: -29.130 +/- 0.148
08-04 15:52 nessai INFO    : Information: 21.93
08-04 15:52 nessai INFO    : Final KS test: D=0.01155, p-value=0.0004982
08-04 15:52 nessai WARNING : Final p-value for the insertion indices is less than 0.05, this could be an indication of problems during sampling. Consider checking the diagnostic plots.
08-04 15:52 nessai INFO    : Checkpointing nested sampling
08-04 15:52 nessai INFO    : Total sampling time: 0:01:26.306262
08-04 15:52 nessai INFO    : Total training time: 0:00:27.886840
08-04 15:52 nessai INFO    : Total population time: 0:00:22.292250
08-04 15:52 nessai INFO    : Total likelihood evaluations: 320719
08-04 15:52 nessai INFO    : Time spent evaluating likelihood: 0:00:06.940928
08-04 15:52 nessai INFO    : Total sampling time: 0:01:26.306262
08-04 15:52 nessai INFO    : Total likelihood evaluations: 320719
08-04 15:52 nessai INFO    : Starting post processing
08-04 15:52 nessai INFO    : Computing posterior samples
08-04 15:52 nessai INFO    : Effective sample size: 7414.4
08-04 15:52 nessai INFO    : Producing posterior samples using rejection sampling
08-04 15:52 nessai INFO    : Expect 5147.411623068179 samples from rejection sampling
08-04 15:52 nessai INFO    : Returned 5150 posterior samples
08-04 15:52 nessai INFO    : Starting to close worker pool.
08-04 15:52 nessai INFO    : Finished closing worker pool.
