/data/wiay/postgrads/shashwat/qunat_com_future/lib/python3.11/site-packages/nessai/utils/logging.py:133: FutureWarning: setup_logger is deprecated, use configure_logger instead
  warnings.warn(
08-04 12:53 nessai INFO    : Running Nessai version 0.15.2
08-04 12:53 nessai INFO    : Starting multiprocessing pool with 4 processes
08-04 12:53 nessai INFO    : Initialising nested sampler
08-04 12:53 nessai WARNING : Multiprocessing pool has already been configured.
/data/wiay/postgrads/shashwat/qunat_com_future/lib/python3.11/site-packages/nessai/gw/__init__.py:12: FutureWarning: The `nessai.gw` module will be deprecated in the next release in favour of the nessai-gw package. This packages provides the same functionality as`nessai.gw` via the plugin interface.For more details, see: https://github.com/mj-will/nessai-gw
  warnings.warn(
08-04 12:53 nessai INFO    : Passing kwargs to FlowProposal: {'poolsize': 1000}
08-04 12:53 nessai INFO    : No reparameterisations provided, using default reparameterisations included in FlowProposal
08-04 12:53 nessai INFO    : Adding reparameterisations from: {}
08-04 12:53 nessai INFO    : Assuming fallback reparameterisation (ScaleAndShift) for ['kappa', 'mu_xi', 'sigma_chi', 'sigma_xi', 'rho', 'lambda_chi', 'chi0', 'xi0'] with kwargs: {'estimate_scale': True, 'estimate_shift': True, 'prior_bounds': {'kappa': array([0.1, 5. ]), 'mu_xi': array([0. , 0.1]), 'sigma_chi': array([0.05, 0.6 ]), 'sigma_xi': array([0.05, 0.4 ]), 'rho': array([-0.9,  0.9]), 'lambda_chi': array([-0.5,  0.5]), 'chi0': array([-0.5,  0.5]), 'xi0': array([2.5, 5. ])}}.
08-04 12:53 nessai INFO    : x space parameters: ['kappa', 'mu_xi', 'sigma_chi', 'sigma_xi', 'rho', 'lambda_chi', 'chi0', 'xi0']
08-04 12:53 nessai INFO    : x prime space parameters: ['kappa_prime', 'mu_xi_prime', 'sigma_chi_prime', 'sigma_xi_prime', 'rho_prime', 'lambda_chi_prime', 'chi0_prime', 'xi0_prime']
08-04 12:53 nessai INFO    : Overwriting fuzz factor with expansion fraction
08-04 12:53 nessai INFO    : New fuzz factor: 1.2228445449938519
08-04 12:53 nessai INFO    : Verifying rescaling functions
08-04 12:53 nessai INFO    : Rescaling functions are invertible
08-04 12:53 nessai INFO    : Populating initial live points
08-04 12:53 nessai INFO    : Populated 100 / 1000 live points
08-04 12:53 nessai INFO    : Populated 200 / 1000 live points
08-04 12:53 nessai INFO    : Populated 300 / 1000 live points
08-04 12:53 nessai INFO    : Populated 400 / 1000 live points
08-04 12:53 nessai INFO    : Populated 500 / 1000 live points
08-04 12:53 nessai INFO    : Populated 600 / 1000 live points
08-04 12:53 nessai INFO    : Populated 700 / 1000 live points
08-04 12:53 nessai INFO    : Populated 800 / 1000 live points
08-04 12:53 nessai INFO    : Populated 900 / 1000 live points
08-04 12:53 nessai INFO    : Populated 1000 / 1000 live points
08-04 12:53 nessai INFO    : Starting nested sampling loop
08-04 12:53 nessai INFO    : it:  1000: Rolling KS test: D=0.017, p-value=0.5547
08-04 12:53 nessai INFO    : it:  1000: n eval: 3000 H: 7.91 dlogZ: 11887218.552 logZ: -11890074.432 +/- 0.089 logLmax: -2854.88
08-04 12:53 nessai INFO    : it:  2000: Rolling KS test: D=0.008, p-value=0.8752
08-04 12:53 nessai INFO    : it:  2000: n eval: 8000 H: 8.91 dlogZ: 1431620.365 logZ: -1434298.448 +/- 0.094 logLmax: -2676.08
08-04 12:53 nessai INFO    : Switching to FlowProposal
08-04 12:53 nessai INFO    : it:  3000: Rolling KS test: D=0.022, p-value=0.3744
08-04 12:53 nessai INFO    : it:  3000: n eval: 12099 H: 9.91 dlogZ: 271936.291 logZ: -272275.219 +/- 0.100 logLmax: -335.93
08-04 12:53 nessai INFO    : it:  4000: Rolling KS test: D=0.015, p-value=0.6313
08-04 12:53 nessai INFO    : it:  4000: n eval: 13623 H: 10.91 dlogZ: 84686.744 logZ: -84973.346 +/- 0.104 logLmax: -282.60
08-04 12:53 nessai INFO    : it:  5000: Rolling KS test: D=0.022, p-value=0.3744
08-04 12:53 nessai INFO    : it:  5000: n eval: 16918 H: 11.91 dlogZ: 34122.118 logZ: -34409.720 +/- 0.109 logLmax: -282.60
08-04 12:53 nessai INFO    : it:  6000: Rolling KS test: D=0.009, p-value=0.8454
08-04 12:53 nessai INFO    : it:  6000: n eval: 20632 H: 12.66 dlogZ: 15119.021 logZ: -15313.669 +/- 0.112 logLmax: -188.65
08-04 12:53 nessai INFO    : it:  7000: Rolling KS test: D=0.021, p-value=0.4082
08-04 12:53 nessai INFO    : it:  7000: n eval: 22478 H: 13.91 dlogZ: 7190.380 logZ: -7326.064 +/- 0.118 logLmax: -128.69
08-04 12:53 nessai INFO    : it:  8000: Rolling KS test: D=0.045, p-value=0.01689
08-04 12:53 nessai INFO    : it:  8000: n eval: 26522 H: 14.88 dlogZ: 3388.331 logZ: -3478.072 +/- 0.122 logLmax: -81.74
08-04 12:53 nessai INFO    : it:  9000: Rolling KS test: D=0.012, p-value=0.7438
08-04 12:53 nessai INFO    : it:  9000: n eval: 31244 H: 14.80 dlogZ: 1661.488 logZ: -1739.836 +/- 0.122 logLmax: -69.35
08-04 12:53 nessai INFO    : it: 10000: Rolling KS test: D=0.03, p-value=0.162
08-04 12:53 nessai INFO    : it: 10000: n eval: 35866 H: 14.72 dlogZ: 832.559 logZ: -899.136 +/- 0.121 logLmax: -56.58
08-04 12:53 nessai INFO    : it: 11000: Rolling KS test: D=0.008, p-value=0.8752
08-04 12:53 nessai INFO    : it: 11000: n eval: 44037 H: 15.56 dlogZ: 442.036 logZ: -496.586 +/- 0.125 logLmax: -43.55
08-04 12:53 nessai INFO    : it: 12000: Rolling KS test: D=0.019, p-value=0.4797
08-04 12:53 nessai INFO    : it: 12000: n eval: 49600 H: 16.05 dlogZ: 250.162 logZ: -297.515 +/- 0.127 logLmax: -35.35
08-04 12:53 nessai INFO    : it: 13000: Rolling KS test: D=0.044, p-value=0.0202
08-04 12:53 nessai INFO    : it: 13000: n eval: 60934 H: 16.21 dlogZ: 162.781 logZ: -194.863 +/- 0.127 logLmax: -19.08
08-04 12:53 nessai INFO    : it: 14000: Rolling KS test: D=0.009, p-value=0.8454
08-04 12:53 nessai INFO    : it: 14000: n eval: 68192 H: 16.72 dlogZ: 120.913 logZ: -139.773 +/- 0.129 logLmax: -4.86
08-04 12:53 nessai INFO    : it: 15000: Rolling KS test: D=0.042, p-value=0.02854
08-04 12:53 nessai INFO    : it: 15000: n eval: 79945 H: 17.19 dlogZ: 87.683 logZ: -107.542 +/- 0.131 logLmax: -4.86
08-04 12:53 nessai INFO    : it: 16000: Rolling KS test: D=0.008, p-value=0.8752
08-04 12:53 nessai INFO    : it: 16000: n eval: 87358 H: 18.09 dlogZ: 60.827 logZ: -81.686 +/- 0.134 logLmax: -4.86
08-04 12:53 nessai INFO    : it: 17000: Rolling KS test: D=0.026, p-value=0.2543
08-04 12:53 nessai INFO    : it: 17000: n eval: 99714 H: 18.68 dlogZ: 40.731 logZ: -62.590 +/- 0.137 logLmax: -4.86
08-04 12:54 nessai INFO    : it: 18000: Rolling KS test: D=0.062, p-value=0.0004376
08-04 12:54 nessai INFO    : it: 18000: n eval: 114640 H: 19.35 dlogZ: 27.010 logZ: -49.869 +/- 0.139 logLmax: -4.86
08-04 12:54 nessai INFO    : it: 19000: Rolling KS test: D=0.005, p-value=0.9481
08-04 12:54 nessai INFO    : it: 19000: n eval: 131363 H: 19.84 dlogZ: 18.051 logZ: -41.163 +/- 0.141 logLmax: -4.11
08-04 12:54 nessai INFO    : it: 20000: Rolling KS test: D=0.039, p-value=0.0465
08-04 12:54 nessai INFO    : it: 20000: n eval: 146167 H: 20.44 dlogZ: 12.039 logZ: -35.591 +/- 0.143 logLmax: -3.55
08-04 12:54 nessai INFO    : it: 21000: Rolling KS test: D=0.028, p-value=0.2046
08-04 12:54 nessai INFO    : it: 21000: n eval: 163852 H: 20.82 dlogZ: 7.853 logZ: -32.069 +/- 0.144 logLmax: -3.22
08-04 12:54 nessai INFO    : it: 22000: Rolling KS test: D=0.017, p-value=0.5547
08-04 12:54 nessai INFO    : it: 22000: n eval: 182624 H: 21.14 dlogZ: 4.978 logZ: -30.139 +/- 0.145 logLmax: -3.17
08-04 12:54 nessai INFO    : it: 23000: Rolling KS test: D=0.018, p-value=0.5169
08-04 12:54 nessai INFO    : it: 23000: n eval: 218688 H: 21.46 dlogZ: 3.144 logZ: -29.023 +/- 0.146 logLmax: -2.92
08-04 12:54 nessai INFO    : it: 24000: Rolling KS test: D=0.038, p-value=0.05428
08-04 12:54 nessai INFO    : it: 24000: n eval: 253975 H: 21.69 dlogZ: 1.701 logZ: -28.423 +/- 0.147 logLmax: -2.92
08-04 12:54 nessai INFO    : it: 25000: Rolling KS test: D=0.019, p-value=0.4797
08-04 12:54 nessai INFO    : it: 25000: n eval: 292207 H: 21.87 dlogZ: 0.829 logZ: -28.102 +/- 0.148 logLmax: -2.85
08-04 12:55 nessai INFO    : it: 26000: Rolling KS test: D=0.015, p-value=0.6313
08-04 12:55 nessai INFO    : it: 26000: n eval: 329328 H: 21.99 dlogZ: 0.456 logZ: -27.934 +/- 0.148 logLmax: -2.48
08-04 12:55 nessai INFO    : it: 27000: Rolling KS test: D=0.04, p-value=0.03967
08-04 12:55 nessai INFO    : it: 27000: n eval: 368419 H: 22.08 dlogZ: 0.183 logZ: -27.847 +/- 0.149 logLmax: -2.45
08-04 12:55 nessai INFO    : Stopping with difference_log_evidence=0.100
08-04 12:55 nessai INFO    : Finalising
08-04 12:55 nessai INFO    : Final ln-evidence: -27.768 +/- 0.149
08-04 12:55 nessai INFO    : Information: 22.19
08-04 12:55 nessai INFO    : Final KS test: D=0.01146, p-value=0.0006522
08-04 12:55 nessai WARNING : Final p-value for the insertion indices is less than 0.05, this could be an indication of problems during sampling. Consider checking the diagnostic plots.
08-04 12:55 nessai INFO    : Checkpointing nested sampling
08-04 12:55 nessai INFO    : Total sampling time: 0:02:26.709449
08-04 12:55 nessai INFO    : Total training time: 0:00:42.737462
08-04 12:55 nessai INFO    : Total population time: 0:00:53.324701
08-04 12:55 nessai INFO    : Total likelihood evaluations: 405068
08-04 12:55 nessai INFO    : Time spent evaluating likelihood: 0:00:17.001894
08-04 12:55 nessai INFO    : Total sampling time: 0:02:26.709449
08-04 12:55 nessai INFO    : Total likelihood evaluations: 405068
08-04 12:55 nessai INFO    : Starting post processing
08-04 12:55 nessai INFO    : Computing posterior samples
08-04 12:55 nessai INFO    : Effective sample size: 6040.4
08-04 12:55 nessai INFO    : Producing posterior samples using rejection sampling
08-04 12:55 nessai INFO    : Expect 4169.114026485044 samples from rejection sampling
08-04 12:55 nessai INFO    : Returned 4189 posterior samples
08-04 12:57 nessai INFO    : Starting to close worker pool.
08-04 12:57 nessai INFO    : Finished closing worker pool.
