/data/wiay/postgrads/shashwat/qunat_com_future/lib/python3.11/site-packages/nessai/utils/logging.py:133: FutureWarning: setup_logger is deprecated, use configure_logger instead
  warnings.warn(
08-04 13:17 nessai INFO    : Running Nessai version 0.15.2
08-04 13:17 nessai INFO    : Starting multiprocessing pool with 4 processes
08-04 13:17 nessai INFO    : Initialising nested sampler
08-04 13:17 nessai WARNING : Multiprocessing pool has already been configured.
/data/wiay/postgrads/shashwat/qunat_com_future/lib/python3.11/site-packages/nessai/gw/__init__.py:12: FutureWarning: The `nessai.gw` module will be deprecated in the next release in favour of the nessai-gw package. This packages provides the same functionality as`nessai.gw` via the plugin interface.For more details, see: https://github.com/mj-will/nessai-gw
  warnings.warn(
08-04 13:17 nessai INFO    : Passing kwargs to FlowProposal: {'poolsize': 1000}
08-04 13:17 nessai INFO    : No reparameterisations provided, using default reparameterisations included in FlowProposal
08-04 13:17 nessai INFO    : Adding reparameterisations from: {}
08-04 13:17 nessai INFO    : Assuming fallback reparameterisation (ScaleAndShift) for ['kappa', 'mu_xi', 'sigma_chi', 'sigma_xi', 'rho', 'lambda_chi', 'chi0', 'xi0'] with kwargs: {'estimate_scale': True, 'estimate_shift': True, 'prior_bounds': {'kappa': array([0.1, 5. ]), 'mu_xi': array([0. , 0.1]), 'sigma_chi': array([0.05, 0.6 ]), 'sigma_xi': array([0.05, 0.4 ]), 'rho': array([-0.9,  0.9]), 'lambda_chi': array([-0.5,  0.5]), 'chi0': array([-0.5,  0.5]), 'xi0': array([2.5, 5. ])}}.
08-04 13:17 nessai INFO    : x space parameters: ['kappa', 'mu_xi', 'sigma_chi', 'sigma_xi', 'rho', 'lambda_chi', 'chi0', 'xi0']
08-04 13:17 nessai INFO    : x prime space parameters: ['kappa_prime', 'mu_xi_prime', 'sigma_chi_prime', 'sigma_xi_prime', 'rho_prime', 'lambda_chi_prime', 'chi0_prime', 'xi0_prime']
08-04 13:17 nessai INFO    : Overwriting fuzz factor with expansion fraction
08-04 13:17 nessai INFO    : New fuzz factor: 1.2228445449938519
08-04 13:17 nessai INFO    : Verifying rescaling functions
08-04 13:17 nessai INFO    : Rescaling functions are invertible
08-04 13:17 nessai INFO    : Populating initial live points
08-04 13:17 nessai INFO    : Populated 100 / 1000 live points
08-04 13:17 nessai INFO    : Populated 200 / 1000 live points
08-04 13:17 nessai INFO    : Populated 300 / 1000 live points
08-04 13:17 nessai INFO    : Populated 400 / 1000 live points
08-04 13:17 nessai INFO    : Populated 500 / 1000 live points
08-04 13:17 nessai INFO    : Populated 600 / 1000 live points
08-04 13:17 nessai INFO    : Populated 700 / 1000 live points
08-04 13:17 nessai INFO    : Populated 800 / 1000 live points
08-04 13:17 nessai INFO    : Populated 900 / 1000 live points
08-04 13:17 nessai INFO    : Populated 1000 / 1000 live points
08-04 13:17 nessai INFO    : Starting nested sampling loop
08-04 13:17 nessai INFO    : it:  1000: Rolling KS test: D=0.009, p-value=0.8454
08-04 13:17 nessai INFO    : it:  1000: n eval: 3000 H: 7.91 dlogZ: 13626961.969 logZ: -13668245.306 +/- 0.089 logLmax: -41282.34
08-04 13:17 nessai INFO    : it:  2000: Rolling KS test: D=0.037, p-value=0.06311
08-04 13:17 nessai INFO    : it:  2000: n eval: 8000 H: 8.91 dlogZ: 4262035.419 logZ: -4272565.974 +/- 0.094 logLmax: -10528.56
08-04 13:17 nessai INFO    : Switching to FlowProposal
08-04 13:18 nessai INFO    : it:  3000: Rolling KS test: D=0.032, p-value=0.1263
08-04 13:18 nessai INFO    : it:  3000: n eval: 12144 H: 9.91 dlogZ: 1641790.829 logZ: -1650849.999 +/- 0.100 logLmax: -9056.17
08-04 13:18 nessai INFO    : it:  4000: Rolling KS test: D=0.028, p-value=0.2046
08-04 13:18 nessai INFO    : it:  4000: n eval: 15938 H: 10.91 dlogZ: 633213.794 logZ: -641293.511 +/- 0.104 logLmax: -8075.72
08-04 13:18 nessai INFO    : it:  5000: Rolling KS test: D=0.034, p-value=0.09683
08-04 13:18 nessai INFO    : it:  5000: n eval: 20061 H: 11.58 dlogZ: 266739.719 logZ: -268776.404 +/- 0.108 logLmax: -2031.69
08-04 13:18 nessai INFO    : it:  6000: Rolling KS test: D=0.028, p-value=0.2046
08-04 13:18 nessai INFO    : it:  6000: n eval: 22112 H: 12.91 dlogZ: 119954.969 logZ: -121649.318 +/- 0.114 logLmax: -1688.35
08-04 13:18 nessai INFO    : it:  7000: Rolling KS test: D=0.022, p-value=0.3744
08-04 13:18 nessai INFO    : it:  7000: n eval: 26080 H: 13.91 dlogZ: 60052.345 logZ: -60845.195 +/- 0.118 logLmax: -785.85
08-04 13:18 nessai INFO    : it:  8000: Rolling KS test: D=0.051, p-value=0.005312
08-04 13:18 nessai INFO    : it:  8000: n eval: 30765 H: 14.33 dlogZ: 31557.025 logZ: -31750.397 +/- 0.120 logLmax: -185.37
08-04 13:18 nessai INFO    : it:  9000: Rolling KS test: D=0.032, p-value=0.1263
08-04 13:18 nessai INFO    : it:  9000: n eval: 35559 H: 15.91 dlogZ: 15943.161 logZ: -16137.534 +/- 0.126 logLmax: -185.37
08-04 13:18 nessai INFO    : it: 10000: Rolling KS test: D=0.027, p-value=0.2286
08-04 13:18 nessai INFO    : it: 10000: n eval: 43791 H: 16.32 dlogZ: 7793.399 logZ: -7988.772 +/- 0.128 logLmax: -185.37
08-04 13:18 nessai INFO    : it: 11000: Rolling KS test: D=0.021, p-value=0.4082
08-04 13:18 nessai INFO    : it: 11000: n eval: 48974 H: 17.90 dlogZ: 4023.269 logZ: -4157.457 +/- 0.134 logLmax: -123.19
08-04 13:18 nessai INFO    : it: 12000: Rolling KS test: D=0.012, p-value=0.7438
08-04 13:18 nessai INFO    : it: 12000: n eval: 54721 H: 18.41 dlogZ: 2109.710 logZ: -2149.120 +/- 0.136 logLmax: -27.41
08-04 13:18 nessai INFO    : it: 13000: Rolling KS test: D=0.022, p-value=0.3744
08-04 13:18 nessai INFO    : it: 13000: n eval: 60222 H: 18.87 dlogZ: 1106.506 logZ: -1146.916 +/- 0.137 logLmax: -27.41
08-04 13:18 nessai INFO    : it: 14000: Rolling KS test: D=0.03, p-value=0.162
08-04 13:18 nessai INFO    : it: 14000: n eval: 65859 H: 18.90 dlogZ: 581.216 logZ: -616.695 +/- 0.137 logLmax: -21.48
08-04 13:18 nessai INFO    : it: 15000: Rolling KS test: D=0.042, p-value=0.02854
08-04 13:18 nessai INFO    : it: 15000: n eval: 71897 H: 19.15 dlogZ: 324.100 logZ: -351.392 +/- 0.138 logLmax: -12.29
08-04 13:18 nessai INFO    : it: 16000: Rolling KS test: D=0.021, p-value=0.4082
08-04 13:18 nessai INFO    : it: 16000: n eval: 81513 H: 19.62 dlogZ: 181.791 logZ: -208.781 +/- 0.140 logLmax: -10.99
08-04 13:18 nessai INFO    : it: 17000: Rolling KS test: D=0.03, p-value=0.162
08-04 13:18 nessai INFO    : it: 17000: n eval: 88473 H: 20.29 dlogZ: 105.716 logZ: -128.277 +/- 0.142 logLmax: -5.56
08-04 13:18 nessai INFO    : it: 18000: Rolling KS test: D=0.029, p-value=0.1825
08-04 13:18 nessai INFO    : it: 18000: n eval: 94952 H: 20.46 dlogZ: 58.938 logZ: -82.500 +/- 0.143 logLmax: -5.56
08-04 13:18 nessai INFO    : it: 19000: Rolling KS test: D=0.02, p-value=0.4434
08-04 13:18 nessai INFO    : it: 19000: n eval: 105961 H: 20.69 dlogZ: 35.493 logZ: -58.883 +/- 0.144 logLmax: -4.39
08-04 13:19 nessai INFO    : it: 20000: Rolling KS test: D=0.021, p-value=0.4082
08-04 13:19 nessai INFO    : it: 20000: n eval: 119856 H: 21.29 dlogZ: 22.302 logZ: -46.267 +/- 0.146 logLmax: -3.97
08-04 13:19 nessai INFO    : it: 21000: Rolling KS test: D=0.029, p-value=0.1825
08-04 13:19 nessai INFO    : it: 21000: n eval: 137024 H: 21.57 dlogZ: 14.714 logZ: -38.743 +/- 0.147 logLmax: -3.03
08-04 13:19 nessai INFO    : it: 22000: Rolling KS test: D=0.045, p-value=0.01689
08-04 13:19 nessai INFO    : it: 22000: n eval: 156622 H: 21.98 dlogZ: 10.606 logZ: -34.732 +/- 0.148 logLmax: -2.13
08-04 13:19 nessai INFO    : it: 23000: Rolling KS test: D=0.029, p-value=0.1825
08-04 13:19 nessai INFO    : it: 23000: n eval: 183110 H: 22.41 dlogZ: 7.210 logZ: -32.335 +/- 0.150 logLmax: -2.13
08-04 13:19 nessai INFO    : it: 24000: Rolling KS test: D=0.028, p-value=0.2046
08-04 13:19 nessai INFO    : it: 24000: n eval: 216819 H: 22.75 dlogZ: 4.804 logZ: -30.922 +/- 0.151 logLmax: -2.13
08-04 13:19 nessai INFO    : it: 25000: Rolling KS test: D=0.026, p-value=0.2543
08-04 13:19 nessai INFO    : it: 25000: n eval: 255593 H: 23.07 dlogZ: 3.014 logZ: -30.089 +/- 0.152 logLmax: -2.13
08-04 13:19 nessai INFO    : it: 26000: Rolling KS test: D=0.026, p-value=0.2543
08-04 13:19 nessai INFO    : it: 26000: n eval: 283135 H: 23.36 dlogZ: 1.724 logZ: -29.585 +/- 0.153 logLmax: -2.06
08-04 13:19 nessai INFO    : it: 27000: Rolling KS test: D=0.019, p-value=0.4797
08-04 13:19 nessai INFO    : it: 27000: n eval: 310876 H: 23.59 dlogZ: 0.868 logZ: -29.287 +/- 0.154 logLmax: -1.96
08-04 13:19 nessai INFO    : it: 28000: Rolling KS test: D=0.031, p-value=0.1433
08-04 13:19 nessai INFO    : it: 28000: n eval: 347291 H: 23.75 dlogZ: 0.359 logZ: -29.125 +/- 0.154 logLmax: -1.96
08-04 13:20 nessai INFO    : it: 29000: Rolling KS test: D=0.015, p-value=0.6313
08-04 13:20 nessai INFO    : it: 29000: n eval: 396373 H: 23.84 dlogZ: 0.147 logZ: -29.044 +/- 0.154 logLmax: -1.89
08-04 13:20 nessai INFO    : Stopping with difference_log_evidence=0.100
08-04 13:20 nessai INFO    : Finalising
08-04 13:20 nessai INFO    : Final ln-evidence: -28.975 +/- 0.155
08-04 13:20 nessai INFO    : Information: 23.95
08-04 13:20 nessai INFO    : Final KS test: D=0.01468, p-value=3.142e-06
08-04 13:20 nessai WARNING : Final p-value for the insertion indices is less than 0.05, this could be an indication of problems during sampling. Consider checking the diagnostic plots.
08-04 13:20 nessai INFO    : Checkpointing nested sampling
08-04 13:20 nessai INFO    : Total sampling time: 0:02:10.751215
08-04 13:20 nessai INFO    : Total training time: 0:00:43.326443
08-04 13:20 nessai INFO    : Total population time: 0:00:34.599177
08-04 13:20 nessai INFO    : Total likelihood evaluations: 406373
08-04 13:20 nessai INFO    : Time spent evaluating likelihood: 0:00:16.602109
08-04 13:20 nessai INFO    : Total sampling time: 0:02:10.751215
08-04 13:20 nessai INFO    : Total likelihood evaluations: 406373
08-04 13:20 nessai INFO    : Starting post processing
08-04 13:20 nessai INFO    : Computing posterior samples
08-04 13:20 nessai INFO    : Effective sample size: 6419.0
08-04 13:20 nessai INFO    : Producing posterior samples using rejection sampling
08-04 13:20 nessai INFO    : Expect 4556.655899919925 samples from rejection sampling
08-04 13:20 nessai INFO    : Returned 4572 posterior samples
08-04 13:20 nessai INFO    : Starting to close worker pool.
08-04 13:20 nessai INFO    : Finished closing worker pool.
