/data/wiay/postgrads/shashwat/qunat_com_future/lib/python3.11/site-packages/nessai/utils/logging.py:133: FutureWarning: setup_logger is deprecated, use configure_logger instead
  warnings.warn(
08-04 16:05 nessai INFO    : Running Nessai version 0.15.2
08-04 16:05 nessai INFO    : Starting multiprocessing pool with 4 processes
08-04 16:05 nessai INFO    : Initialising nested sampler
08-04 16:05 nessai WARNING : Multiprocessing pool has already been configured.
/data/wiay/postgrads/shashwat/qunat_com_future/lib/python3.11/site-packages/nessai/gw/__init__.py:12: FutureWarning: The `nessai.gw` module will be deprecated in the next release in favour of the nessai-gw package. This packages provides the same functionality as`nessai.gw` via the plugin interface.For more details, see: https://github.com/mj-will/nessai-gw
  warnings.warn(
08-04 16:05 nessai INFO    : Passing kwargs to FlowProposal: {'poolsize': 1000}
08-04 16:05 nessai INFO    : No reparameterisations provided, using default reparameterisations included in FlowProposal
08-04 16:05 nessai INFO    : Adding reparameterisations from: {}
08-04 16:05 nessai INFO    : Assuming fallback reparameterisation (ScaleAndShift) for ['kappa', 'mu_xi', 'sigma_chi', 'sigma_xi', 'rho', 'lambda_chi', 'chi0', 'xi0'] with kwargs: {'estimate_scale': True, 'estimate_shift': True, 'prior_bounds': {'kappa': array([0.1, 5. ]), 'mu_xi': array([0. , 0.1]), 'sigma_chi': array([0.05, 0.6 ]), 'sigma_xi': array([0.05, 0.4 ]), 'rho': array([-0.9,  0.9]), 'lambda_chi': array([-0.5,  0.5]), 'chi0': array([-0.5,  0.5]), 'xi0': array([2.5, 5. ])}}.
08-04 16:05 nessai INFO    : x space parameters: ['kappa', 'mu_xi', 'sigma_chi', 'sigma_xi', 'rho', 'lambda_chi', 'chi0', 'xi0']
08-04 16:05 nessai INFO    : x prime space parameters: ['kappa_prime', 'mu_xi_prime', 'sigma_chi_prime', 'sigma_xi_prime', 'rho_prime', 'lambda_chi_prime', 'chi0_prime', 'xi0_prime']
08-04 16:05 nessai INFO    : Overwriting fuzz factor with expansion fraction
08-04 16:05 nessai INFO    : New fuzz factor: 1.2228445449938519
08-04 16:05 nessai INFO    : Verifying rescaling functions
08-04 16:05 nessai INFO    : Rescaling functions are invertible
08-04 16:05 nessai INFO    : Populating initial live points
08-04 16:05 nessai INFO    : Populated 100 / 1000 live points
08-04 16:05 nessai INFO    : Populated 200 / 1000 live points
08-04 16:05 nessai INFO    : Populated 300 / 1000 live points
08-04 16:05 nessai INFO    : Populated 400 / 1000 live points
08-04 16:05 nessai INFO    : Populated 500 / 1000 live points
08-04 16:05 nessai INFO    : Populated 600 / 1000 live points
08-04 16:05 nessai INFO    : Populated 700 / 1000 live points
08-04 16:05 nessai INFO    : Populated 800 / 1000 live points
08-04 16:05 nessai INFO    : Populated 900 / 1000 live points
08-04 16:05 nessai INFO    : Populated 1000 / 1000 live points
08-04 16:05 nessai INFO    : Starting nested sampling loop
08-04 16:05 nessai INFO    : it:  1000: Rolling KS test: D=0.017, p-value=0.5547
08-04 16:05 nessai INFO    : it:  1000: n eval: 3000 H: 7.91 dlogZ: 10865000.998 logZ: -10891458.329 +/- 0.089 logLmax: -26456.33
08-04 16:05 nessai INFO    : it:  2000: Rolling KS test: D=0.02, p-value=0.4434
08-04 16:05 nessai INFO    : it:  2000: n eval: 8000 H: 8.91 dlogZ: 3000128.369 logZ: -3026586.700 +/- 0.094 logLmax: -26456.33
08-04 16:05 nessai INFO    : Switching to FlowProposal
08-04 16:05 nessai INFO    : it:  3000: Rolling KS test: D=0.028, p-value=0.2046
08-04 16:05 nessai INFO    : it:  3000: n eval: 12192 H: 9.91 dlogZ: 1085119.336 logZ: -1096382.642 +/- 0.100 logLmax: -11260.31
08-04 16:05 nessai INFO    : it:  4000: Rolling KS test: D=0.008, p-value=0.8752
08-04 16:05 nessai INFO    : it:  4000: n eval: 15953 H: 10.91 dlogZ: 460993.957 logZ: -465880.079 +/- 0.104 logLmax: -4882.12
08-04 16:05 nessai INFO    : it:  5000: Rolling KS test: D=0.018, p-value=0.5169
08-04 16:05 nessai INFO    : it:  5000: n eval: 20680 H: 11.91 dlogZ: 211624.584 logZ: -216511.706 +/- 0.109 logLmax: -4882.12
08-04 16:05 nessai INFO    : it:  6000: Rolling KS test: D=0.012, p-value=0.7438
08-04 16:05 nessai INFO    : it:  6000: n eval: 24986 H: 12.91 dlogZ: 105754.417 logZ: -109394.893 +/- 0.114 logLmax: -3634.48
08-04 16:05 nessai INFO    : it:  7000: Rolling KS test: D=0.02, p-value=0.4434
08-04 16:06 nessai INFO    : it:  7000: n eval: 29622 H: 13.91 dlogZ: 57164.097 logZ: -57359.558 +/- 0.118 logLmax: -188.46
08-04 16:06 nessai INFO    : it:  8000: Rolling KS test: D=0.01, p-value=0.8133
08-04 16:06 nessai INFO    : it:  8000: n eval: 34258 H: 14.66 dlogZ: 29700.836 logZ: -29897.297 +/- 0.121 logLmax: -188.46
08-04 16:06 nessai INFO    : it:  9000: Rolling KS test: D=0.057, p-value=0.001446
08-04 16:06 nessai INFO    : it:  9000: n eval: 39552 H: 15.91 dlogZ: 16691.735 logZ: -16889.196 +/- 0.126 logLmax: -188.46
08-04 16:06 nessai INFO    : it: 10000: Rolling KS test: D=0.036, p-value=0.07308
08-04 16:06 nessai INFO    : it: 10000: n eval: 44934 H: 16.32 dlogZ: 9744.192 logZ: -9942.654 +/- 0.128 logLmax: -188.46
08-04 16:06 nessai INFO    : it: 11000: Rolling KS test: D=0.036, p-value=0.07308
08-04 16:06 nessai INFO    : it: 11000: n eval: 50874 H: 17.72 dlogZ: 6105.184 logZ: -6215.653 +/- 0.133 logLmax: -99.47
08-04 16:06 nessai INFO    : it: 12000: Rolling KS test: D=0.012, p-value=0.7438
08-04 16:06 nessai INFO    : it: 12000: n eval: 59880 H: 18.48 dlogZ: 3756.610 logZ: -3868.078 +/- 0.136 logLmax: -99.47
08-04 16:06 nessai INFO    : it: 13000: Rolling KS test: D=0.011, p-value=0.7794
08-04 16:06 nessai INFO    : it: 13000: n eval: 66685 H: 18.16 dlogZ: 2273.939 logZ: -2386.408 +/- 0.135 logLmax: -99.47
08-04 16:06 nessai INFO    : it: 14000: Rolling KS test: D=0.025, p-value=0.2818
08-04 16:06 nessai INFO    : it: 14000: n eval: 73067 H: 19.52 dlogZ: 1337.661 logZ: -1451.129 +/- 0.140 logLmax: -99.47
08-04 16:06 nessai INFO    : it: 15000: Rolling KS test: D=0.027, p-value=0.2286
08-04 16:06 nessai INFO    : it: 15000: n eval: 83158 H: 19.32 dlogZ: 818.433 logZ: -869.835 +/- 0.139 logLmax: -36.40
08-04 16:06 nessai INFO    : it: 16000: Rolling KS test: D=0.023, p-value=0.3419
08-04 16:06 nessai INFO    : it: 16000: n eval: 90600 H: 20.17 dlogZ: 501.897 logZ: -532.154 +/- 0.142 logLmax: -14.26
08-04 16:06 nessai INFO    : it: 17000: Rolling KS test: D=0.035, p-value=0.08429
08-04 16:06 nessai INFO    : it: 17000: n eval: 102497 H: 21.05 dlogZ: 311.658 logZ: -342.916 +/- 0.145 logLmax: -14.26
08-04 16:06 nessai INFO    : it: 18000: Rolling KS test: D=0.013, p-value=0.7071
08-04 16:06 nessai INFO    : it: 18000: n eval: 114951 H: 21.72 dlogZ: 185.758 logZ: -218.015 +/- 0.147 logLmax: -14.26
08-04 16:06 nessai INFO    : it: 19000: Rolling KS test: D=0.032, p-value=0.1263
08-04 16:06 nessai INFO    : it: 19000: n eval: 124512 H: 22.09 dlogZ: 115.976 logZ: -143.775 +/- 0.149 logLmax: -8.80
08-04 16:06 nessai INFO    : it: 20000: Rolling KS test: D=0.031, p-value=0.1433
08-04 16:06 nessai INFO    : it: 20000: n eval: 140765 H: 22.53 dlogZ: 70.826 logZ: -98.100 +/- 0.150 logLmax: -7.27
08-04 16:06 nessai INFO    : it: 21000: Rolling KS test: D=0.021, p-value=0.4082
08-04 16:06 nessai INFO    : it: 21000: n eval: 157518 H: 23.02 dlogZ: 44.650 logZ: -70.368 +/- 0.152 logLmax: -4.72
08-04 16:06 nessai INFO    : it: 22000: Rolling KS test: D=0.031, p-value=0.1433
08-04 16:06 nessai INFO    : it: 22000: n eval: 186235 H: 23.55 dlogZ: 29.185 logZ: -54.336 +/- 0.153 logLmax: -3.15
08-04 16:06 nessai INFO    : it: 23000: Rolling KS test: D=0.019, p-value=0.4797
08-04 16:06 nessai INFO    : it: 23000: n eval: 218646 H: 23.97 dlogZ: 18.890 logZ: -45.042 +/- 0.155 logLmax: -3.15
08-04 16:06 nessai INFO    : it: 24000: Rolling KS test: D=0.04, p-value=0.03967
08-04 16:06 nessai INFO    : it: 24000: n eval: 268646 H: 24.36 dlogZ: 12.704 logZ: -39.193 +/- 0.156 logLmax: -2.49
08-04 16:07 nessai INFO    : it: 25000: Rolling KS test: D=0.015, p-value=0.6313
08-04 16:07 nessai INFO    : it: 25000: n eval: 338646 H: 24.81 dlogZ: 8.585 logZ: -35.811 +/- 0.157 logLmax: -2.23
08-04 16:07 nessai INFO    : it: 26000: Rolling KS test: D=0.031, p-value=0.1433
08-04 16:07 nessai INFO    : it: 26000: n eval: 408646 H: 25.19 dlogZ: 6.372 logZ: -33.788 +/- 0.159 logLmax: -1.42
08-04 16:07 nessai INFO    : it: 27000: Rolling KS test: D=0.017, p-value=0.5547
08-04 16:07 nessai INFO    : it: 27000: n eval: 498646 H: 25.54 dlogZ: 4.191 logZ: -32.593 +/- 0.160 logLmax: -1.42
08-04 16:07 nessai INFO    : it: 28000: Rolling KS test: D=0.017, p-value=0.5547
08-04 16:07 nessai INFO    : it: 28000: n eval: 598646 H: 25.85 dlogZ: 2.656 logZ: -31.885 +/- 0.161 logLmax: -1.30
08-04 16:07 nessai INFO    : it: 29000: Rolling KS test: D=0.024, p-value=0.311
08-04 16:07 nessai INFO    : it: 29000: n eval: 748646 H: 26.11 dlogZ: 1.436 logZ: -31.466 +/- 0.162 logLmax: -1.30
08-04 16:08 nessai INFO    : it: 30000: Rolling KS test: D=0.025, p-value=0.2818
08-04 16:08 nessai INFO    : it: 30000: n eval: 938646 H: 26.30 dlogZ: 0.676 logZ: -31.236 +/- 0.162 logLmax: -1.27
08-04 16:08 nessai INFO    : it: 31000: Rolling KS test: D=0.038, p-value=0.05428
08-04 16:08 nessai INFO    : it: 31000: n eval: 1138646 H: 26.42 dlogZ: 0.352 logZ: -31.114 +/- 0.163 logLmax: -0.98
08-04 16:08 nessai INFO    : it: 32000: Rolling KS test: D=0.047, p-value=0.01167
08-04 16:08 nessai INFO    : it: 32000: n eval: 1268646 H: 26.49 dlogZ: 0.152 logZ: -31.051 +/- 0.163 logLmax: -0.86
08-04 16:08 nessai INFO    : Stopping with difference_log_evidence=0.100
08-04 16:08 nessai INFO    : Finalising
08-04 16:08 nessai INFO    : Final ln-evidence: -30.992 +/- 0.163
08-04 16:08 nessai INFO    : Information: 26.60
08-04 16:08 nessai INFO    : Final KS test: D=0.01066, p-value=0.000624
08-04 16:08 nessai WARNING : Final p-value for the insertion indices is less than 0.05, this could be an indication of problems during sampling. Consider checking the diagnostic plots.
08-04 16:08 nessai INFO    : Checkpointing nested sampling
08-04 16:08 nessai INFO    : Total sampling time: 0:03:12.950375
08-04 16:08 nessai INFO    : Total training time: 0:00:59.096743
08-04 16:08 nessai INFO    : Total population time: 0:01:11.312647
08-04 16:08 nessai INFO    : Total likelihood evaluations: 1318646
08-04 16:08 nessai INFO    : Time spent evaluating likelihood: 0:00:25.604104
08-04 16:08 nessai INFO    : Total sampling time: 0:03:12.950375
08-04 16:08 nessai INFO    : Total likelihood evaluations: 1318646
08-04 16:08 nessai INFO    : Starting post processing
08-04 16:08 nessai INFO    : Computing posterior samples
08-04 16:08 nessai INFO    : Effective sample size: 6450.5
08-04 16:08 nessai INFO    : Producing posterior samples using rejection sampling
08-04 16:08 nessai INFO    : Expect 4402.292447109192 samples from rejection sampling
08-04 16:08 nessai INFO    : Returned 4365 posterior samples
08-04 16:09 nessai INFO    : Starting to close worker pool.
08-04 16:09 nessai INFO    : Finished closing worker pool.
