/data/wiay/postgrads/shashwat/qunat_com_future/lib/python3.11/site-packages/nessai/utils/logging.py:133: FutureWarning: setup_logger is deprecated, use configure_logger instead
  warnings.warn(
08-04 13:03 nessai INFO    : Running Nessai version 0.15.2
08-04 13:03 nessai INFO    : Starting multiprocessing pool with 4 processes
08-04 13:03 nessai INFO    : Initialising nested sampler
08-04 13:03 nessai WARNING : Multiprocessing pool has already been configured.
/data/wiay/postgrads/shashwat/qunat_com_future/lib/python3.11/site-packages/nessai/gw/__init__.py:12: FutureWarning: The `nessai.gw` module will be deprecated in the next release in favour of the nessai-gw package. This packages provides the same functionality as`nessai.gw` via the plugin interface.For more details, see: https://github.com/mj-will/nessai-gw
  warnings.warn(
08-04 13:03 nessai INFO    : Passing kwargs to FlowProposal: {'poolsize': 1000}
08-04 13:03 nessai INFO    : No reparameterisations provided, using default reparameterisations included in FlowProposal
08-04 13:03 nessai INFO    : Adding reparameterisations from: {}
08-04 13:03 nessai INFO    : Assuming fallback reparameterisation (ScaleAndShift) for ['kappa', 'mu_xi', 'sigma_chi', 'sigma_xi', 'rho', 'lambda_chi', 'chi0', 'xi0'] with kwargs: {'estimate_scale': True, 'estimate_shift': True, 'prior_bounds': {'kappa': array([0.1, 5. ]), 'mu_xi': array([0. , 0.1]), 'sigma_chi': array([0.05, 0.6 ]), 'sigma_xi': array([0.05, 0.4 ]), 'rho': array([-0.9,  0.9]), 'lambda_chi': array([-0.5,  0.5]), 'chi0': array([-0.5,  0.5]), 'xi0': array([2.5, 5. ])}}.
08-04 13:03 nessai INFO    : x space parameters: ['kappa', 'mu_xi', 'sigma_chi', 'sigma_xi', 'rho', 'lambda_chi', 'chi0', 'xi0']
08-04 13:03 nessai INFO    : x prime space parameters: ['kappa_prime', 'mu_xi_prime', 'sigma_chi_prime', 'sigma_xi_prime', 'rho_prime', 'lambda_chi_prime', 'chi0_prime', 'xi0_prime']
08-04 13:03 nessai INFO    : Overwriting fuzz factor with expansion fraction
08-04 13:03 nessai INFO    : New fuzz factor: 1.2228445449938519
08-04 13:03 nessai INFO    : Verifying rescaling functions
08-04 13:03 nessai INFO    : Rescaling functions are invertible
08-04 13:03 nessai INFO    : Populating initial live points
08-04 13:04 nessai INFO    : Populated 100 / 1000 live points
08-04 13:04 nessai INFO    : Populated 200 / 1000 live points
08-04 13:04 nessai INFO    : Populated 300 / 1000 live points
08-04 13:04 nessai INFO    : Populated 400 / 1000 live points
08-04 13:04 nessai INFO    : Populated 500 / 1000 live points
08-04 13:04 nessai INFO    : Populated 600 / 1000 live points
08-04 13:04 nessai INFO    : Populated 700 / 1000 live points
08-04 13:04 nessai INFO    : Populated 800 / 1000 live points
08-04 13:04 nessai INFO    : Populated 900 / 1000 live points
08-04 13:04 nessai INFO    : Populated 1000 / 1000 live points
08-04 13:04 nessai INFO    : Starting nested sampling loop
08-04 13:04 nessai INFO    : it:  1000: Rolling KS test: D=0.014, p-value=0.6695
08-04 13:04 nessai INFO    : it:  1000: n eval: 3000 H: 7.91 dlogZ: 13910474.347 logZ: -13943012.995 +/- 0.089 logLmax: -32537.65
08-04 13:04 nessai INFO    : it:  2000: Rolling KS test: D=0.052, p-value=0.004319
08-04 13:04 nessai INFO    : it:  2000: n eval: 8000 H: 8.91 dlogZ: 3590098.127 logZ: -3604569.443 +/- 0.094 logLmax: -14469.32
08-04 13:04 nessai INFO    : Switching to FlowProposal
08-04 13:04 nessai INFO    : it:  3000: Rolling KS test: D=0.008, p-value=0.8752
08-04 13:04 nessai INFO    : it:  3000: n eval: 12194 H: 9.91 dlogZ: 1240078.611 logZ: -1247605.650 +/- 0.100 logLmax: -7524.04
08-04 13:04 nessai INFO    : it:  4000: Rolling KS test: D=0.023, p-value=0.3419
08-04 13:04 nessai INFO    : it:  4000: n eval: 15985 H: 10.91 dlogZ: 496677.764 logZ: -499445.104 +/- 0.104 logLmax: -2763.34
08-04 13:04 nessai INFO    : it:  5000: Rolling KS test: D=0.028, p-value=0.2046
08-04 13:04 nessai INFO    : it:  5000: n eval: 20185 H: 11.91 dlogZ: 220719.199 logZ: -222960.083 +/- 0.109 logLmax: -2235.88
08-04 13:04 nessai INFO    : it:  6000: Rolling KS test: D=0.023, p-value=0.3419
08-04 13:04 nessai INFO    : it:  6000: n eval: 24776 H: 12.91 dlogZ: 108091.795 logZ: -108645.786 +/- 0.114 logLmax: -547.99
08-04 13:04 nessai INFO    : it:  7000: Rolling KS test: D=0.017, p-value=0.5547
08-04 13:04 nessai INFO    : it:  7000: n eval: 29325 H: 13.91 dlogZ: 53315.987 logZ: -53870.979 +/- 0.118 logLmax: -547.99
08-04 13:04 nessai INFO    : it:  8000: Rolling KS test: D=0.008, p-value=0.8752
08-04 13:04 nessai INFO    : it:  8000: n eval: 34272 H: 14.91 dlogZ: 26808.747 logZ: -27099.864 +/- 0.122 logLmax: -283.12
08-04 13:04 nessai INFO    : it:  9000: Rolling KS test: D=0.035, p-value=0.08429
08-04 13:04 nessai INFO    : it:  9000: n eval: 39181 H: 15.91 dlogZ: 13414.737 logZ: -13706.854 +/- 0.126 logLmax: -283.12
08-04 13:04 nessai INFO    : it: 10000: Rolling KS test: D=0.034, p-value=0.09683
08-04 13:04 nessai INFO    : it: 10000: n eval: 44033 H: 16.90 dlogZ: 7292.099 logZ: -7391.229 +/- 0.130 logLmax: -89.13
08-04 13:04 nessai INFO    : it: 11000: Rolling KS test: D=0.01, p-value=0.8133
08-04 13:04 nessai INFO    : it: 11000: n eval: 49354 H: 17.69 dlogZ: 3827.037 logZ: -3859.535 +/- 0.133 logLmax: -21.50
08-04 13:04 nessai INFO    : it: 12000: Rolling KS test: D=0.006, p-value=0.9268
08-04 13:04 nessai INFO    : it: 12000: n eval: 54981 H: 17.32 dlogZ: 2183.143 logZ: -2216.642 +/- 0.132 logLmax: -21.50
08-04 13:04 nessai INFO    : it: 13000: Rolling KS test: D=0.023, p-value=0.3419
08-04 13:04 nessai INFO    : it: 13000: n eval: 64733 H: 18.59 dlogZ: 1314.820 logZ: -1349.319 +/- 0.136 logLmax: -21.50
08-04 13:04 nessai INFO    : it: 14000: Rolling KS test: D=0.025, p-value=0.2818
08-04 13:04 nessai INFO    : it: 14000: n eval: 76440 H: 18.76 dlogZ: 808.428 logZ: -843.927 +/- 0.137 logLmax: -21.50
08-04 13:04 nessai INFO    : it: 15000: Rolling KS test: D=0.03, p-value=0.162
08-04 13:04 nessai INFO    : it: 15000: n eval: 84290 H: 19.61 dlogZ: 496.808 logZ: -533.307 +/- 0.140 logLmax: -21.50
08-04 13:04 nessai INFO    : it: 16000: Rolling KS test: D=0.052, p-value=0.004319
08-04 13:04 nessai INFO    : it: 16000: n eval: 97983 H: 19.92 dlogZ: 295.932 logZ: -333.431 +/- 0.141 logLmax: -21.50
08-04 13:04 nessai INFO    : it: 17000: Rolling KS test: D=0.025, p-value=0.2818
08-04 13:04 nessai INFO    : it: 17000: n eval: 110166 H: 20.66 dlogZ: 193.309 logZ: -214.110 +/- 0.144 logLmax: -3.80
08-04 13:04 nessai INFO    : it: 18000: Rolling KS test: D=0.024, p-value=0.311
08-04 13:04 nessai INFO    : it: 18000: n eval: 120802 H: 21.15 dlogZ: 117.974 logZ: -139.775 +/- 0.145 logLmax: -3.80
08-04 13:05 nessai INFO    : it: 19000: Rolling KS test: D=0.022, p-value=0.3744
08-04 13:05 nessai INFO    : it: 19000: n eval: 142380 H: 21.57 dlogZ: 73.794 logZ: -96.594 +/- 0.147 logLmax: -3.80
08-04 13:05 nessai INFO    : it: 20000: Rolling KS test: D=0.003, p-value=0.9802
08-04 13:05 nessai INFO    : it: 20000: n eval: 160587 H: 21.95 dlogZ: 44.807 logZ: -68.608 +/- 0.148 logLmax: -3.80
08-04 13:05 nessai INFO    : it: 21000: Rolling KS test: D=0.028, p-value=0.2046
08-04 13:05 nessai INFO    : it: 21000: n eval: 195124 H: 22.52 dlogZ: 27.661 logZ: -52.462 +/- 0.150 logLmax: -3.80
08-04 13:05 nessai INFO    : it: 22000: Rolling KS test: D=0.037, p-value=0.06311
08-04 13:05 nessai INFO    : it: 22000: n eval: 255124 H: 22.85 dlogZ: 17.915 logZ: -43.368 +/- 0.151 logLmax: -3.45
08-04 13:05 nessai INFO    : it: 23000: Rolling KS test: D=0.02, p-value=0.4434
08-04 13:05 nessai INFO    : it: 23000: n eval: 325124 H: 23.32 dlogZ: 11.851 logZ: -38.016 +/- 0.153 logLmax: -3.17
08-04 13:05 nessai INFO    : it: 24000: Rolling KS test: D=0.022, p-value=0.3744
08-04 13:05 nessai INFO    : it: 24000: n eval: 425124 H: 23.74 dlogZ: 8.544 logZ: -34.811 +/- 0.154 logLmax: -2.27
08-04 13:06 nessai INFO    : it: 25000: Rolling KS test: D=0.03, p-value=0.162
08-04 13:06 nessai INFO    : it: 25000: n eval: 525124 H: 24.18 dlogZ: 6.022 logZ: -32.798 +/- 0.156 logLmax: -1.78
08-04 13:06 nessai INFO    : it: 26000: Rolling KS test: D=0.01, p-value=0.8133
08-04 13:06 nessai INFO    : it: 26000: n eval: 635124 H: 24.53 dlogZ: 4.030 logZ: -31.618 +/- 0.157 logLmax: -1.61
08-04 13:06 nessai INFO    : it: 27000: Rolling KS test: D=0.026, p-value=0.2543
08-04 13:06 nessai INFO    : it: 27000: n eval: 725124 H: 24.90 dlogZ: 2.820 logZ: -30.862 +/- 0.158 logLmax: -1.10
08-04 13:07 nessai INFO    : it: 28000: Rolling KS test: D=0.02, p-value=0.4434
08-04 13:07 nessai INFO    : it: 28000: n eval: 795124 H: 25.18 dlogZ: 1.552 logZ: -30.417 +/- 0.159 logLmax: -1.10
08-04 13:07 nessai INFO    : it: 29000: Rolling KS test: D=0.031, p-value=0.1433
08-04 13:07 nessai INFO    : it: 29000: n eval: 865124 H: 25.40 dlogZ: 0.832 logZ: -30.154 +/- 0.159 logLmax: -0.90
08-04 13:07 nessai INFO    : it: 30000: Rolling KS test: D=0.029, p-value=0.1825
08-04 13:07 nessai INFO    : it: 30000: n eval: 912977 H: 25.56 dlogZ: 0.345 logZ: -30.007 +/- 0.160 logLmax: -0.90
08-04 13:07 nessai INFO    : it: 31000: Rolling KS test: D=0.015, p-value=0.6313
08-04 13:07 nessai INFO    : it: 31000: n eval: 952934 H: 25.66 dlogZ: 0.143 logZ: -29.931 +/- 0.160 logLmax: -0.80
08-04 13:07 nessai INFO    : Stopping with difference_log_evidence=0.100
08-04 13:07 nessai INFO    : Finalising
08-04 13:07 nessai INFO    : Final ln-evidence: -29.864 +/- 0.161
08-04 13:07 nessai INFO    : Information: 25.77
08-04 13:07 nessai INFO    : Final KS test: D=0.008075, p-value=0.01664
08-04 13:07 nessai WARNING : Final p-value for the insertion indices is less than 0.05, this could be an indication of problems during sampling. Consider checking the diagnostic plots.
08-04 13:07 nessai INFO    : Checkpointing nested sampling
08-04 13:07 nessai INFO    : Total sampling time: 0:03:41.966023
08-04 13:07 nessai INFO    : Total training time: 0:01:03.102504
08-04 13:07 nessai INFO    : Total population time: 0:01:19.866271
08-04 13:07 nessai INFO    : Total likelihood evaluations: 972934
08-04 13:07 nessai INFO    : Time spent evaluating likelihood: 0:00:37.984451
08-04 13:07 nessai INFO    : Total sampling time: 0:03:41.966023
08-04 13:07 nessai INFO    : Total likelihood evaluations: 972934
08-04 13:07 nessai INFO    : Starting post processing
08-04 13:07 nessai INFO    : Computing posterior samples
08-04 13:07 nessai INFO    : Effective sample size: 6625.1
08-04 13:07 nessai INFO    : Producing posterior samples using rejection sampling
08-04 13:07 nessai INFO    : Expect 4657.266016693319 samples from rejection sampling
08-04 13:07 nessai INFO    : Returned 4615 posterior samples
08-04 13:07 nessai INFO    : Starting to close worker pool.
08-04 13:07 nessai INFO    : Finished closing worker pool.
