/data/wiay/postgrads/shashwat/qunat_com_future/lib/python3.11/site-packages/nessai/utils/logging.py:133: FutureWarning: setup_logger is deprecated, use configure_logger instead
  warnings.warn(
08-04 13:23 nessai INFO    : Running Nessai version 0.15.2
08-04 13:23 nessai INFO    : Starting multiprocessing pool with 4 processes
08-04 13:23 nessai INFO    : Initialising nested sampler
08-04 13:23 nessai WARNING : Multiprocessing pool has already been configured.
/data/wiay/postgrads/shashwat/qunat_com_future/lib/python3.11/site-packages/nessai/gw/__init__.py:12: FutureWarning: The `nessai.gw` module will be deprecated in the next release in favour of the nessai-gw package. This packages provides the same functionality as`nessai.gw` via the plugin interface.For more details, see: https://github.com/mj-will/nessai-gw
  warnings.warn(
08-04 13:23 nessai INFO    : Passing kwargs to FlowProposal: {'poolsize': 1000}
08-04 13:23 nessai INFO    : No reparameterisations provided, using default reparameterisations included in FlowProposal
08-04 13:23 nessai INFO    : Adding reparameterisations from: {}
08-04 13:23 nessai INFO    : Assuming fallback reparameterisation (ScaleAndShift) for ['kappa', 'mu_xi', 'sigma_chi', 'sigma_xi', 'rho', 'lambda_chi', 'chi0', 'xi0'] with kwargs: {'estimate_scale': True, 'estimate_shift': True, 'prior_bounds': {'kappa': array([0.1, 5. ]), 'mu_xi': array([0. , 0.1]), 'sigma_chi': array([0.05, 0.6 ]), 'sigma_xi': array([0.05, 0.4 ]), 'rho': array([-0.9,  0.9]), 'lambda_chi': array([-0.5,  0.5]), 'chi0': array([-0.5,  0.5]), 'xi0': array([2.5, 5. ])}}.
08-04 13:23 nessai INFO    : x space parameters: ['kappa', 'mu_xi', 'sigma_chi', 'sigma_xi', 'rho', 'lambda_chi', 'chi0', 'xi0']
08-04 13:23 nessai INFO    : x prime space parameters: ['kappa_prime', 'mu_xi_prime', 'sigma_chi_prime', 'sigma_xi_prime', 'rho_prime', 'lambda_chi_prime', 'chi0_prime', 'xi0_prime']
08-04 13:23 nessai INFO    : Overwriting fuzz factor with expansion fraction
08-04 13:23 nessai INFO    : New fuzz factor: 1.2228445449938519
08-04 13:23 nessai INFO    : Verifying rescaling functions
08-04 13:23 nessai INFO    : Rescaling functions are invertible
08-04 13:23 nessai INFO    : Populating initial live points
08-04 13:23 nessai INFO    : Populated 100 / 1000 live points
08-04 13:23 nessai INFO    : Populated 200 / 1000 live points
08-04 13:23 nessai INFO    : Populated 300 / 1000 live points
08-04 13:23 nessai INFO    : Populated 400 / 1000 live points
08-04 13:23 nessai INFO    : Populated 500 / 1000 live points
08-04 13:23 nessai INFO    : Populated 600 / 1000 live points
08-04 13:23 nessai INFO    : Populated 700 / 1000 live points
08-04 13:23 nessai INFO    : Populated 800 / 1000 live points
08-04 13:23 nessai INFO    : Populated 900 / 1000 live points
08-04 13:23 nessai INFO    : Populated 1000 / 1000 live points
08-04 13:23 nessai INFO    : Starting nested sampling loop
08-04 13:23 nessai INFO    : it:  1000: Rolling KS test: D=0.015, p-value=0.6313
08-04 13:23 nessai INFO    : it:  1000: n eval: 3000 H: 7.91 dlogZ: 13952403.998 logZ: -13984982.194 +/- 0.089 logLmax: -32577.20
08-04 13:23 nessai INFO    : it:  2000: Rolling KS test: D=0.052, p-value=0.004319
08-04 13:23 nessai INFO    : it:  2000: n eval: 8000 H: 8.91 dlogZ: 3594660.341 logZ: -3609214.170 +/- 0.094 logLmax: -14551.83
08-04 13:23 nessai INFO    : Switching to FlowProposal
08-04 13:23 nessai INFO    : it:  3000: Rolling KS test: D=0.005, p-value=0.9481
08-04 13:23 nessai INFO    : it:  3000: n eval: 12028 H: 9.91 dlogZ: 1278659.877 logZ: -1285635.807 +/- 0.100 logLmax: -6972.93
08-04 13:23 nessai INFO    : it:  4000: Rolling KS test: D=0.027, p-value=0.2286
08-04 13:23 nessai INFO    : it:  4000: n eval: 16041 H: 10.91 dlogZ: 521871.388 logZ: -523349.770 +/- 0.104 logLmax: -1474.38
08-04 13:23 nessai INFO    : it:  5000: Rolling KS test: D=0.015, p-value=0.6313
08-04 13:23 nessai INFO    : it:  5000: n eval: 20058 H: 11.91 dlogZ: 242496.387 logZ: -243975.769 +/- 0.109 logLmax: -1474.38
08-04 13:23 nessai INFO    : it:  6000: Rolling KS test: D=0.036, p-value=0.07308
08-04 13:23 nessai INFO    : it:  6000: n eval: 25097 H: 12.90 dlogZ: 114657.900 logZ: -116022.788 +/- 0.114 logLmax: -1358.89
08-04 13:23 nessai INFO    : it:  7000: Rolling KS test: D=0.011, p-value=0.7794
08-04 13:23 nessai INFO    : it:  7000: n eval: 30368 H: 13.91 dlogZ: 57389.153 logZ: -58755.041 +/- 0.118 logLmax: -1358.89
08-04 13:23 nessai INFO    : it:  8000: Rolling KS test: D=0.005, p-value=0.9481
08-04 13:23 nessai INFO    : it:  8000: n eval: 35222 H: 14.91 dlogZ: 30191.036 logZ: -30983.124 +/- 0.122 logLmax: -784.09
08-04 13:23 nessai INFO    : it:  9000: Rolling KS test: D=0.02, p-value=0.4434
08-04 13:23 nessai INFO    : it:  9000: n eval: 40357 H: 15.91 dlogZ: 16227.146 logZ: -16603.881 +/- 0.126 logLmax: -367.74
08-04 13:23 nessai INFO    : it: 10000: Rolling KS test: D=0.019, p-value=0.4797
08-04 13:23 nessai INFO    : it: 10000: n eval: 45808 H: 16.17 dlogZ: 8131.566 logZ: -8509.302 +/- 0.127 logLmax: -367.74
08-04 13:24 nessai INFO    : it: 11000: Rolling KS test: D=0.016, p-value=0.593
08-04 13:24 nessai INFO    : it: 11000: n eval: 51619 H: 16.61 dlogZ: 4490.040 logZ: -4695.981 +/- 0.129 logLmax: -194.94
08-04 13:24 nessai INFO    : it: 12000: Rolling KS test: D=0.029, p-value=0.1825
08-04 13:24 nessai INFO    : it: 12000: n eval: 57600 H: 18.19 dlogZ: 2538.787 logZ: -2621.815 +/- 0.135 logLmax: -71.03
08-04 13:24 nessai INFO    : it: 13000: Rolling KS test: D=0.018, p-value=0.5169
08-04 13:24 nessai INFO    : it: 13000: n eval: 67340 H: 18.64 dlogZ: 1405.340 logZ: -1479.185 +/- 0.137 logLmax: -60.85
08-04 13:24 nessai INFO    : it: 14000: Rolling KS test: D=0.022, p-value=0.3744
08-04 13:24 nessai INFO    : it: 14000: n eval: 74294 H: 19.13 dlogZ: 896.012 logZ: -940.135 +/- 0.138 logLmax: -30.12
08-04 13:24 nessai INFO    : it: 15000: Rolling KS test: D=0.037, p-value=0.06311
08-04 13:24 nessai INFO    : it: 15000: n eval: 85564 H: 19.78 dlogZ: 554.993 logZ: -593.324 +/- 0.141 logLmax: -23.33
08-04 13:24 nessai INFO    : it: 16000: Rolling KS test: D=0.01, p-value=0.8133
08-04 13:24 nessai INFO    : it: 16000: n eval: 97517 H: 20.11 dlogZ: 340.083 logZ: -379.415 +/- 0.142 logLmax: -23.33
08-04 13:24 nessai INFO    : it: 17000: Rolling KS test: D=0.006, p-value=0.9268
08-04 13:24 nessai INFO    : it: 17000: n eval: 111180 H: 20.63 dlogZ: 200.981 logZ: -241.313 +/- 0.144 logLmax: -23.33
08-04 13:24 nessai INFO    : it: 18000: Rolling KS test: D=0.025, p-value=0.2818
08-04 13:24 nessai INFO    : it: 18000: n eval: 125780 H: 20.96 dlogZ: 130.560 logZ: -156.691 +/- 0.145 logLmax: -8.13
08-04 13:24 nessai INFO    : it: 19000: Rolling KS test: D=0.02, p-value=0.4434
08-04 13:24 nessai INFO    : it: 19000: n eval: 144748 H: 21.63 dlogZ: 80.992 logZ: -108.124 +/- 0.147 logLmax: -8.13
08-04 13:24 nessai INFO    : it: 20000: Rolling KS test: D=0.017, p-value=0.5547
08-04 13:24 nessai INFO    : it: 20000: n eval: 168500 H: 22.15 dlogZ: 50.880 logZ: -79.004 +/- 0.149 logLmax: -8.13
08-04 13:24 nessai INFO    : it: 21000: Rolling KS test: D=0.006, p-value=0.9268
08-04 13:24 nessai INFO    : it: 21000: n eval: 202511 H: 22.61 dlogZ: 32.127 logZ: -61.251 +/- 0.150 logLmax: -8.13
08-04 13:24 nessai INFO    : it: 22000: Rolling KS test: D=0.03, p-value=0.162
08-04 13:24 nessai INFO    : it: 22000: n eval: 236785 H: 23.06 dlogZ: 22.278 logZ: -49.965 +/- 0.152 logLmax: -5.69
08-04 13:25 nessai INFO    : it: 23000: Rolling KS test: D=0.016, p-value=0.593
08-04 13:25 nessai INFO    : it: 23000: n eval: 286785 H: 23.46 dlogZ: 15.340 logZ: -43.562 +/- 0.153 logLmax: -5.22
08-04 13:25 nessai INFO    : it: 24000: Rolling KS test: D=0.018, p-value=0.5169
08-04 13:25 nessai INFO    : it: 24000: n eval: 346785 H: 24.02 dlogZ: 10.293 logZ: -39.515 +/- 0.155 logLmax: -5.22
08-04 13:25 nessai INFO    : it: 25000: Rolling KS test: D=0.012, p-value=0.7438
08-04 13:25 nessai INFO    : it: 25000: n eval: 446785 H: 24.43 dlogZ: 6.887 logZ: -37.015 +/- 0.156 logLmax: -5.13
08-04 13:25 nessai INFO    : it: 26000: Rolling KS test: D=0.024, p-value=0.311
08-04 13:25 nessai INFO    : it: 26000: n eval: 546785 H: 24.77 dlogZ: 5.830 logZ: -35.597 +/- 0.157 logLmax: -3.77
08-04 13:26 nessai INFO    : it: 27000: Rolling KS test: D=0.026, p-value=0.2543
08-04 13:26 nessai INFO    : it: 27000: n eval: 686785 H: 25.12 dlogZ: 4.193 logZ: -34.717 +/- 0.158 logLmax: -3.54
08-04 13:27 nessai INFO    : it: 28000: Rolling KS test: D=0.048, p-value=0.009645
08-04 13:27 nessai INFO    : it: 28000: n eval: 896785 H: 25.40 dlogZ: 3.266 logZ: -34.207 +/- 0.159 logLmax: -2.98
08-04 13:28 nessai INFO    : it: 29000: Rolling KS test: D=0.045, p-value=0.01689
08-04 13:28 nessai INFO    : it: 29000: n eval: 1226785 H: 25.65 dlogZ: 2.829 logZ: -33.894 +/- 0.160 logLmax: -2.13
08-04 13:29 nessai INFO    : it: 30000: Rolling KS test: D=0.057, p-value=0.001446
08-04 13:29 nessai INFO    : it: 30000: n eval: 1586785 H: 25.85 dlogZ: 2.110 logZ: -33.702 +/- 0.161 logLmax: -1.72
08-04 13:30 nessai INFO    : it: 31000: Rolling KS test: D=0.051, p-value=0.005312
08-04 13:30 nessai INFO    : it: 31000: n eval: 1846785 H: 26.04 dlogZ: 1.208 logZ: -33.574 +/- 0.161 logLmax: -1.72
08-04 13:30 nessai INFO    : it: 32000: Rolling KS test: D=0.029, p-value=0.1825
08-04 13:30 nessai INFO    : it: 32000: n eval: 1896785 H: 26.24 dlogZ: 0.578 logZ: -33.477 +/- 0.162 logLmax: -1.72
08-04 13:30 nessai INFO    : it: 33000: Rolling KS test: D=0.067, p-value=0.0001198
08-04 13:30 nessai INFO    : it: 33000: n eval: 1931175 H: 26.41 dlogZ: 0.308 logZ: -33.408 +/- 0.163 logLmax: -1.43
08-04 13:30 nessai INFO    : it: 34000: Rolling KS test: D=0.045, p-value=0.01689
08-04 13:30 nessai INFO    : it: 34000: n eval: 1947910 H: 26.54 dlogZ: 0.128 logZ: -33.364 +/- 0.163 logLmax: -1.35
08-04 13:30 nessai INFO    : Stopping with difference_log_evidence=0.100
08-04 13:30 nessai INFO    : Finalising
08-04 13:30 nessai INFO    : Final ln-evidence: -33.315 +/- 0.163
08-04 13:30 nessai INFO    : Information: 26.70
08-04 13:30 nessai INFO    : Final KS test: D=0.01256, p-value=1.912e-05
08-04 13:30 nessai WARNING : Final p-value for the insertion indices is less than 0.05, this could be an indication of problems during sampling. Consider checking the diagnostic plots.
08-04 13:30 nessai INFO    : Checkpointing nested sampling
08-04 13:30 nessai INFO    : Total sampling time: 0:07:04.278189
08-04 13:30 nessai INFO    : Total training time: 0:01:54.603287
08-04 13:30 nessai INFO    : Total population time: 0:03:05.493275
08-04 13:30 nessai INFO    : Total likelihood evaluations: 1953700
08-04 13:30 nessai INFO    : Time spent evaluating likelihood: 0:01:16.595132
08-04 13:30 nessai INFO    : Total sampling time: 0:07:04.278189
08-04 13:30 nessai INFO    : Total likelihood evaluations: 1953700
08-04 13:30 nessai INFO    : Starting post processing
08-04 13:30 nessai INFO    : Computing posterior samples
08-04 13:30 nessai INFO    : Effective sample size: 8795.4
08-04 13:30 nessai INFO    : Producing posterior samples using rejection sampling
08-04 13:30 nessai INFO    : Expect 5975.249166623064 samples from rejection sampling
08-04 13:30 nessai INFO    : Returned 6072 posterior samples
08-04 13:31 nessai INFO    : Starting to close worker pool.
08-04 13:31 nessai INFO    : Finished closing worker pool.
