/data/wiay/postgrads/shashwat/qunat_com_future/lib/python3.11/site-packages/nessai/utils/logging.py:133: FutureWarning: setup_logger is deprecated, use configure_logger instead
  warnings.warn(
08-04 14:12 nessai INFO    : Running Nessai version 0.15.2
08-04 14:12 nessai INFO    : Starting multiprocessing pool with 4 processes
08-04 14:12 nessai INFO    : Initialising nested sampler
08-04 14:12 nessai WARNING : Multiprocessing pool has already been configured.
/data/wiay/postgrads/shashwat/qunat_com_future/lib/python3.11/site-packages/nessai/gw/__init__.py:12: FutureWarning: The `nessai.gw` module will be deprecated in the next release in favour of the nessai-gw package. This packages provides the same functionality as`nessai.gw` via the plugin interface.For more details, see: https://github.com/mj-will/nessai-gw
  warnings.warn(
08-04 14:12 nessai INFO    : Passing kwargs to FlowProposal: {'poolsize': 1000}
08-04 14:12 nessai INFO    : No reparameterisations provided, using default reparameterisations included in FlowProposal
08-04 14:12 nessai INFO    : Adding reparameterisations from: {}
08-04 14:12 nessai INFO    : Assuming fallback reparameterisation (ScaleAndShift) for ['kappa', 'mu_xi', 'sigma_chi', 'sigma_xi', 'rho', 'lambda_chi', 'chi0', 'xi0'] with kwargs: {'estimate_scale': True, 'estimate_shift': True, 'prior_bounds': {'kappa': array([0.1, 5. ]), 'mu_xi': array([0. , 0.1]), 'sigma_chi': array([0.05, 0.6 ]), 'sigma_xi': array([0.05, 0.4 ]), 'rho': array([-0.9,  0.9]), 'lambda_chi': array([-0.5,  0.5]), 'chi0': array([-0.5,  0.5]), 'xi0': array([2.5, 5. ])}}.
08-04 14:12 nessai INFO    : x space parameters: ['kappa', 'mu_xi', 'sigma_chi', 'sigma_xi', 'rho', 'lambda_chi', 'chi0', 'xi0']
08-04 14:12 nessai INFO    : x prime space parameters: ['kappa_prime', 'mu_xi_prime', 'sigma_chi_prime', 'sigma_xi_prime', 'rho_prime', 'lambda_chi_prime', 'chi0_prime', 'xi0_prime']
08-04 14:12 nessai INFO    : Overwriting fuzz factor with expansion fraction
08-04 14:12 nessai INFO    : New fuzz factor: 1.2228445449938519
08-04 14:12 nessai INFO    : Verifying rescaling functions
08-04 14:12 nessai INFO    : Rescaling functions are invertible
08-04 14:12 nessai INFO    : Populating initial live points
08-04 14:12 nessai INFO    : Populated 100 / 1000 live points
08-04 14:12 nessai INFO    : Populated 200 / 1000 live points
08-04 14:12 nessai INFO    : Populated 300 / 1000 live points
08-04 14:12 nessai INFO    : Populated 400 / 1000 live points
08-04 14:12 nessai INFO    : Populated 500 / 1000 live points
08-04 14:12 nessai INFO    : Populated 600 / 1000 live points
08-04 14:12 nessai INFO    : Populated 700 / 1000 live points
08-04 14:12 nessai INFO    : Populated 800 / 1000 live points
08-04 14:12 nessai INFO    : Populated 900 / 1000 live points
08-04 14:12 nessai INFO    : Populated 1000 / 1000 live points
08-04 14:12 nessai INFO    : Starting nested sampling loop
08-04 14:12 nessai INFO    : it:  1000: Rolling KS test: D=0.007, p-value=0.9024
08-04 14:12 nessai INFO    : it:  1000: n eval: 3000 H: 7.91 dlogZ: 37726662.642 logZ: -37920614.990 +/- 0.089 logLmax: -193951.35
08-04 14:12 nessai INFO    : it:  2000: Rolling KS test: D=0.035, p-value=0.08429
08-04 14:12 nessai INFO    : it:  2000: n eval: 7000 H: 8.91 dlogZ: 11014849.870 logZ: -11032706.877 +/- 0.094 logLmax: -17855.01
08-04 14:12 nessai INFO    : Switching to FlowProposal
08-04 14:12 nessai INFO    : it:  3000: Rolling KS test: D=0.026, p-value=0.2543
08-04 14:12 nessai INFO    : it:  3000: n eval: 10842 H: 9.91 dlogZ: 3899832.434 logZ: -3917690.441 +/- 0.100 logLmax: -17855.01
08-04 14:12 nessai INFO    : it:  4000: Rolling KS test: D=0.02, p-value=0.4434
08-04 14:12 nessai INFO    : it:  4000: n eval: 14541 H: 10.91 dlogZ: 1574998.639 logZ: -1587013.780 +/- 0.104 logLmax: -12011.14
08-04 14:12 nessai INFO    : it:  5000: Rolling KS test: D=0.012, p-value=0.7438
08-04 14:13 nessai INFO    : it:  5000: n eval: 16606 H: 11.91 dlogZ: 669610.612 logZ: -672351.762 +/- 0.109 logLmax: -2736.15
08-04 14:13 nessai INFO    : it:  6000: Rolling KS test: D=0.018, p-value=0.5169
08-04 14:13 nessai INFO    : it:  6000: n eval: 20838 H: 12.91 dlogZ: 317706.711 logZ: -318722.138 +/- 0.114 logLmax: -1009.43
08-04 14:13 nessai INFO    : it:  7000: Rolling KS test: D=0.024, p-value=0.311
08-04 14:13 nessai INFO    : it:  7000: n eval: 25366 H: 13.91 dlogZ: 158666.690 logZ: -159683.117 +/- 0.118 logLmax: -1009.43
08-04 14:13 nessai INFO    : it:  8000: Rolling KS test: D=0.011, p-value=0.7794
08-04 14:13 nessai INFO    : it:  8000: n eval: 30296 H: 14.91 dlogZ: 80262.696 logZ: -81280.123 +/- 0.122 logLmax: -1009.43
08-04 14:13 nessai INFO    : it:  9000: Rolling KS test: D=0.016, p-value=0.593
08-04 14:13 nessai INFO    : it:  9000: n eval: 34836 H: 14.82 dlogZ: 39420.292 logZ: -39914.436 +/- 0.122 logLmax: -485.14
08-04 14:13 nessai INFO    : it: 10000: Rolling KS test: D=0.004, p-value=0.9659
08-04 14:13 nessai INFO    : it: 10000: n eval: 39481 H: 16.54 dlogZ: 19663.101 logZ: -20104.090 +/- 0.129 logLmax: -430.99
08-04 14:13 nessai INFO    : it: 11000: Rolling KS test: D=0.03, p-value=0.162
08-04 14:13 nessai INFO    : it: 11000: n eval: 44997 H: 17.89 dlogZ: 10225.087 logZ: -10381.447 +/- 0.134 logLmax: -145.36
08-04 14:13 nessai INFO    : it: 12000: Rolling KS test: D=0.025, p-value=0.2818
08-04 14:13 nessai INFO    : it: 12000: n eval: 50709 H: 17.98 dlogZ: 5170.848 logZ: -5321.976 +/- 0.134 logLmax: -139.13
08-04 14:13 nessai INFO    : it: 13000: Rolling KS test: D=0.044, p-value=0.0202
08-04 14:13 nessai INFO    : it: 13000: n eval: 59230 H: 19.85 dlogZ: 2692.413 logZ: -2829.569 +/- 0.141 logLmax: -124.16
08-04 14:13 nessai INFO    : it: 14000: Rolling KS test: D=0.033, p-value=0.1108
08-04 14:13 nessai INFO    : it: 14000: n eval: 65358 H: 19.56 dlogZ: 1426.827 logZ: -1476.415 +/- 0.140 logLmax: -35.59
08-04 14:13 nessai INFO    : it: 15000: Rolling KS test: D=0.03, p-value=0.162
08-04 14:13 nessai INFO    : it: 15000: n eval: 71866 H: 19.94 dlogZ: 800.103 logZ: -836.686 +/- 0.141 logLmax: -21.58
08-04 14:13 nessai INFO    : it: 16000: Rolling KS test: D=0.025, p-value=0.2818
08-04 14:13 nessai INFO    : it: 16000: n eval: 82141 H: 20.28 dlogZ: 430.098 logZ: -465.042 +/- 0.142 logLmax: -18.94
08-04 14:13 nessai INFO    : it: 17000: Rolling KS test: D=0.012, p-value=0.7438
08-04 14:13 nessai INFO    : it: 17000: n eval: 91110 H: 21.13 dlogZ: 234.289 logZ: -267.059 +/- 0.145 logLmax: -15.77
08-04 14:13 nessai INFO    : it: 18000: Rolling KS test: D=0.028, p-value=0.2046
08-04 14:13 nessai INFO    : it: 18000: n eval: 104225 H: 21.00 dlogZ: 129.211 logZ: -157.020 +/- 0.145 logLmax: -9.81
08-04 14:13 nessai INFO    : it: 19000: Rolling KS test: D=0.032, p-value=0.1263
08-04 14:13 nessai INFO    : it: 19000: n eval: 118546 H: 21.59 dlogZ: 75.068 logZ: -103.690 +/- 0.147 logLmax: -9.62
08-04 14:13 nessai INFO    : it: 20000: Rolling KS test: D=0.025, p-value=0.2818
08-04 14:13 nessai INFO    : it: 20000: n eval: 133532 H: 22.03 dlogZ: 47.583 logZ: -75.614 +/- 0.148 logLmax: -8.03
08-04 14:13 nessai INFO    : it: 21000: Rolling KS test: D=0.027, p-value=0.2286
08-04 14:13 nessai INFO    : it: 21000: n eval: 160322 H: 22.45 dlogZ: 30.601 logZ: -59.376 +/- 0.150 logLmax: -7.78
08-04 14:13 nessai INFO    : it: 22000: Rolling KS test: D=0.008, p-value=0.8752
08-04 14:13 nessai INFO    : it: 22000: n eval: 183861 H: 22.97 dlogZ: 21.500 logZ: -49.917 +/- 0.152 logLmax: -6.42
08-04 14:13 nessai INFO    : it: 23000: Rolling KS test: D=0.018, p-value=0.5169
08-04 14:13 nessai INFO    : it: 23000: n eval: 233861 H: 23.38 dlogZ: 16.438 logZ: -44.275 +/- 0.153 logLmax: -4.84
08-04 14:14 nessai INFO    : it: 24000: Rolling KS test: D=0.014, p-value=0.6695
08-04 14:14 nessai INFO    : it: 24000: n eval: 293861 H: 23.87 dlogZ: 13.564 logZ: -40.705 +/- 0.154 logLmax: -3.14
08-04 14:14 nessai INFO    : it: 25000: Rolling KS test: D=0.007, p-value=0.9024
08-04 14:14 nessai INFO    : it: 25000: n eval: 393861 H: 24.39 dlogZ: 10.215 logZ: -38.356 +/- 0.156 logLmax: -3.14
08-04 14:14 nessai INFO    : it: 26000: Rolling KS test: D=0.01, p-value=0.8133
08-04 14:14 nessai INFO    : it: 26000: n eval: 553861 H: 24.96 dlogZ: 8.918 logZ: -36.659 +/- 0.158 logLmax: -1.74
08-04 14:14 nessai INFO    : it: 27000: Rolling KS test: D=0.028, p-value=0.2046
08-04 14:14 nessai INFO    : it: 27000: n eval: 673861 H: 25.50 dlogZ: 6.700 logZ: -35.439 +/- 0.160 logLmax: -1.74
08-04 14:15 nessai INFO    : it: 28000: Rolling KS test: D=0.024, p-value=0.311
08-04 14:15 nessai INFO    : it: 28000: n eval: 723861 H: 26.03 dlogZ: 4.833 logZ: -34.566 +/- 0.161 logLmax: -1.74
08-04 14:15 nessai INFO    : it: 29000: Rolling KS test: D=0.014, p-value=0.6695
08-04 14:15 nessai INFO    : it: 29000: n eval: 763861 H: 26.61 dlogZ: 3.619 logZ: -33.863 +/- 0.163 logLmax: -1.27
08-04 14:15 nessai INFO    : it: 30000: Rolling KS test: D=0.019, p-value=0.4797
08-04 14:15 nessai INFO    : it: 30000: n eval: 789951 H: 27.13 dlogZ: 2.479 logZ: -33.332 +/- 0.165 logLmax: -0.94
08-04 14:15 nessai INFO    : it: 31000: Rolling KS test: D=0.021, p-value=0.4082
08-04 14:15 nessai INFO    : it: 31000: n eval: 813280 H: 27.51 dlogZ: 1.344 logZ: -32.983 +/- 0.166 logLmax: -0.94
08-04 14:15 nessai INFO    : it: 32000: Rolling KS test: D=0.02, p-value=0.4434
08-04 14:15 nessai INFO    : it: 32000: n eval: 842204 H: 27.78 dlogZ: 0.716 logZ: -32.773 +/- 0.167 logLmax: -0.73
08-04 14:15 nessai INFO    : it: 33000: Rolling KS test: D=0.019, p-value=0.4797
08-04 14:15 nessai INFO    : it: 33000: n eval: 863675 H: 27.95 dlogZ: 0.294 logZ: -32.656 +/- 0.167 logLmax: -0.73
08-04 14:15 nessai INFO    : it: 34000: Rolling KS test: D=0.048, p-value=0.009645
08-04 14:15 nessai INFO    : it: 34000: n eval: 884565 H: 28.05 dlogZ: 0.112 logZ: -32.594 +/- 0.167 logLmax: -0.73
08-04 14:15 nessai INFO    : Stopping with difference_log_evidence=0.100
08-04 14:15 nessai INFO    : Finalising
08-04 14:15 nessai INFO    : Final ln-evidence: -32.540 +/- 0.168
08-04 14:15 nessai INFO    : Information: 28.16
08-04 14:15 nessai INFO    : Final KS test: D=0.005663, p-value=0.1116
08-04 14:15 nessai INFO    : Checkpointing nested sampling
08-04 14:15 nessai INFO    : Total sampling time: 0:02:45.526022
08-04 14:15 nessai INFO    : Total training time: 0:00:45.970800
08-04 14:15 nessai INFO    : Total population time: 0:01:04.584684
08-04 14:15 nessai INFO    : Total likelihood evaluations: 884565
08-04 14:15 nessai INFO    : Time spent evaluating likelihood: 0:00:17.567586
08-04 14:15 nessai INFO    : Total sampling time: 0:02:45.526022
08-04 14:15 nessai INFO    : Total likelihood evaluations: 884565
08-04 14:15 nessai INFO    : Starting post processing
08-04 14:15 nessai INFO    : Computing posterior samples
08-04 14:15 nessai INFO    : Effective sample size: 7375.7
08-04 14:15 nessai INFO    : Producing posterior samples using rejection sampling
08-04 14:15 nessai INFO    : Expect 5047.289013816159 samples from rejection sampling
08-04 14:15 nessai INFO    : Returned 5106 posterior samples
08-04 14:15 nessai INFO    : Starting to close worker pool.
08-04 14:15 nessai INFO    : Finished closing worker pool.
