/data/wiay/postgrads/shashwat/qunat_com_future/lib/python3.11/site-packages/nessai/utils/logging.py:133: FutureWarning: setup_logger is deprecated, use configure_logger instead
  warnings.warn(
08-04 13:23 nessai INFO    : Running Nessai version 0.15.2
08-04 13:23 nessai INFO    : Starting multiprocessing pool with 4 processes
08-04 13:23 nessai INFO    : Initialising nested sampler
08-04 13:23 nessai WARNING : Multiprocessing pool has already been configured.
/data/wiay/postgrads/shashwat/qunat_com_future/lib/python3.11/site-packages/nessai/gw/__init__.py:12: FutureWarning: The `nessai.gw` module will be deprecated in the next release in favour of the nessai-gw package. This packages provides the same functionality as`nessai.gw` via the plugin interface.For more details, see: https://github.com/mj-will/nessai-gw
  warnings.warn(
08-04 13:23 nessai INFO    : Passing kwargs to FlowProposal: {'poolsize': 1000}
08-04 13:23 nessai INFO    : No reparameterisations provided, using default reparameterisations included in FlowProposal
08-04 13:23 nessai INFO    : Adding reparameterisations from: {}
08-04 13:23 nessai INFO    : Assuming fallback reparameterisation (ScaleAndShift) for ['kappa', 'mu_xi', 'sigma_chi', 'sigma_xi', 'rho', 'lambda_chi', 'chi0', 'xi0'] with kwargs: {'estimate_scale': True, 'estimate_shift': True, 'prior_bounds': {'kappa': array([0.1, 5. ]), 'mu_xi': array([0. , 0.1]), 'sigma_chi': array([0.05, 0.6 ]), 'sigma_xi': array([0.05, 0.4 ]), 'rho': array([-0.9,  0.9]), 'lambda_chi': array([-0.5,  0.5]), 'chi0': array([-0.5,  0.5]), 'xi0': array([2.5, 5. ])}}.
08-04 13:23 nessai INFO    : x space parameters: ['kappa', 'mu_xi', 'sigma_chi', 'sigma_xi', 'rho', 'lambda_chi', 'chi0', 'xi0']
08-04 13:23 nessai INFO    : x prime space parameters: ['kappa_prime', 'mu_xi_prime', 'sigma_chi_prime', 'sigma_xi_prime', 'rho_prime', 'lambda_chi_prime', 'chi0_prime', 'xi0_prime']
08-04 13:23 nessai INFO    : Overwriting fuzz factor with expansion fraction
08-04 13:23 nessai INFO    : New fuzz factor: 1.2228445449938519
08-04 13:23 nessai INFO    : Verifying rescaling functions
08-04 13:23 nessai INFO    : Rescaling functions are invertible
08-04 13:23 nessai INFO    : Populating initial live points
08-04 13:23 nessai INFO    : Populated 100 / 1000 live points
08-04 13:23 nessai INFO    : Populated 200 / 1000 live points
08-04 13:23 nessai INFO    : Populated 300 / 1000 live points
08-04 13:23 nessai INFO    : Populated 400 / 1000 live points
08-04 13:23 nessai INFO    : Populated 500 / 1000 live points
08-04 13:23 nessai INFO    : Populated 600 / 1000 live points
08-04 13:23 nessai INFO    : Populated 700 / 1000 live points
08-04 13:23 nessai INFO    : Populated 800 / 1000 live points
08-04 13:23 nessai INFO    : Populated 900 / 1000 live points
08-04 13:23 nessai INFO    : Populated 1000 / 1000 live points
08-04 13:23 nessai INFO    : Starting nested sampling loop
08-04 13:23 nessai INFO    : it:  1000: Rolling KS test: D=0.011, p-value=0.7794
08-04 13:23 nessai INFO    : it:  1000: n eval: 3000 H: 7.91 dlogZ: 5653220.493 logZ: -5659852.054 +/- 0.089 logLmax: -6630.56
08-04 13:23 nessai INFO    : it:  2000: Rolling KS test: D=0.017, p-value=0.5547
08-04 13:23 nessai INFO    : it:  2000: n eval: 8000 H: 8.91 dlogZ: 611275.319 logZ: -616828.516 +/- 0.094 logLmax: -5551.20
08-04 13:23 nessai INFO    : Switching to FlowProposal
08-04 13:23 nessai INFO    : it:  3000: Rolling KS test: D=0.013, p-value=0.7071
08-04 13:23 nessai INFO    : it:  3000: n eval: 12030 H: 9.91 dlogZ: 201766.833 logZ: -203872.772 +/- 0.100 logLmax: -2102.94
08-04 13:23 nessai INFO    : it:  4000: Rolling KS test: D=0.035, p-value=0.08429
08-04 13:23 nessai INFO    : it:  4000: n eval: 15889 H: 10.91 dlogZ: 78890.416 logZ: -80159.397 +/- 0.104 logLmax: -1264.98
08-04 13:23 nessai INFO    : it:  5000: Rolling KS test: D=0.007, p-value=0.9024
08-04 13:23 nessai INFO    : it:  5000: n eval: 20056 H: 11.91 dlogZ: 36569.158 logZ: -36837.494 +/- 0.109 logLmax: -263.34
08-04 13:23 nessai INFO    : it:  6000: Rolling KS test: D=0.008, p-value=0.8752
08-04 13:23 nessai INFO    : it:  6000: n eval: 22034 H: 12.91 dlogZ: 19276.188 logZ: -19525.520 +/- 0.114 logLmax: -243.33
08-04 13:23 nessai INFO    : it:  7000: Rolling KS test: D=0.034, p-value=0.09683
08-04 13:23 nessai INFO    : it:  7000: n eval: 26689 H: 13.91 dlogZ: 10118.090 logZ: -10363.002 +/- 0.118 logLmax: -237.91
08-04 13:23 nessai INFO    : it:  8000: Rolling KS test: D=0.008, p-value=0.8752
08-04 13:23 nessai INFO    : it:  8000: n eval: 33718 H: 14.89 dlogZ: 5560.690 logZ: -5677.689 +/- 0.122 logLmax: -109.00
08-04 13:23 nessai INFO    : it:  9000: Rolling KS test: D=0.007, p-value=0.9024
08-04 13:23 nessai INFO    : it:  9000: n eval: 38688 H: 15.22 dlogZ: 3085.239 logZ: -3203.237 +/- 0.123 logLmax: -109.00
08-04 13:23 nessai INFO    : it: 10000: Rolling KS test: D=0.025, p-value=0.2818
08-04 13:23 nessai INFO    : it: 10000: n eval: 44410 H: 16.31 dlogZ: 1788.012 logZ: -1842.697 +/- 0.128 logLmax: -44.69
08-04 13:23 nessai INFO    : it: 11000: Rolling KS test: D=0.049, p-value=0.007937
08-04 13:23 nessai INFO    : it: 11000: n eval: 51289 H: 16.37 dlogZ: 1038.590 logZ: -1079.735 +/- 0.128 logLmax: -30.15
08-04 13:23 nessai INFO    : it: 12000: Rolling KS test: D=0.009, p-value=0.8454
08-04 13:23 nessai INFO    : it: 12000: n eval: 56511 H: 16.45 dlogZ: 585.197 logZ: -609.083 +/- 0.128 logLmax: -11.89
08-04 13:23 nessai INFO    : it: 13000: Rolling KS test: D=0.019, p-value=0.4797
08-04 13:23 nessai INFO    : it: 13000: n eval: 65305 H: 17.30 dlogZ: 341.268 logZ: -366.154 +/- 0.132 logLmax: -11.89
08-04 13:23 nessai INFO    : it: 14000: Rolling KS test: D=0.046, p-value=0.01407
08-04 13:24 nessai INFO    : it: 14000: n eval: 72426 H: 17.68 dlogZ: 194.640 logZ: -220.527 +/- 0.133 logLmax: -11.89
08-04 13:24 nessai INFO    : it: 15000: Rolling KS test: D=0.03, p-value=0.162
08-04 13:24 nessai INFO    : it: 15000: n eval: 82252 H: 18.11 dlogZ: 120.026 logZ: -143.831 +/- 0.135 logLmax: -8.81
08-04 13:24 nessai INFO    : it: 16000: Rolling KS test: D=0.022, p-value=0.3744
08-04 13:24 nessai INFO    : it: 16000: n eval: 88467 H: 18.56 dlogZ: 70.985 logZ: -95.789 +/- 0.136 logLmax: -8.81
08-04 13:24 nessai INFO    : it: 17000: Rolling KS test: D=0.036, p-value=0.07308
08-04 13:24 nessai INFO    : it: 17000: n eval: 94946 H: 19.04 dlogZ: 42.123 logZ: -67.928 +/- 0.138 logLmax: -8.81
08-04 13:24 nessai INFO    : it: 18000: Rolling KS test: D=0.013, p-value=0.7071
08-04 13:24 nessai INFO    : it: 18000: n eval: 105017 H: 19.43 dlogZ: 26.435 logZ: -52.937 +/- 0.139 logLmax: -8.50
08-04 13:24 nessai INFO    : it: 19000: Rolling KS test: D=0.019, p-value=0.4797
08-04 13:24 nessai INFO    : it: 19000: n eval: 113105 H: 19.95 dlogZ: 16.794 logZ: -43.353 +/- 0.141 logLmax: -7.56
08-04 13:24 nessai INFO    : it: 20000: Rolling KS test: D=0.007, p-value=0.9024
08-04 13:24 nessai INFO    : it: 20000: n eval: 126951 H: 20.34 dlogZ: 12.120 logZ: -37.893 +/- 0.143 logLmax: -5.77
08-04 13:24 nessai INFO    : it: 21000: Rolling KS test: D=0.01, p-value=0.8133
08-04 13:24 nessai INFO    : it: 21000: n eval: 148815 H: 20.65 dlogZ: 7.989 logZ: -34.763 +/- 0.144 logLmax: -5.77
08-04 13:24 nessai INFO    : it: 22000: Rolling KS test: D=0.012, p-value=0.7438
08-04 13:24 nessai INFO    : it: 22000: n eval: 160521 H: 20.91 dlogZ: 5.424 logZ: -33.193 +/- 0.145 logLmax: -5.77
08-04 13:24 nessai INFO    : it: 23000: Rolling KS test: D=0.024, p-value=0.311
08-04 13:24 nessai INFO    : it: 23000: n eval: 179559 H: 21.22 dlogZ: 3.665 logZ: -32.264 +/- 0.146 logLmax: -5.63
08-04 13:24 nessai INFO    : it: 24000: Rolling KS test: D=0.009, p-value=0.8454
08-04 13:24 nessai INFO    : it: 24000: n eval: 207188 H: 21.48 dlogZ: 3.587 logZ: -31.735 +/- 0.147 logLmax: -4.18
08-04 13:24 nessai INFO    : it: 25000: Rolling KS test: D=0.008, p-value=0.8752
08-04 13:24 nessai INFO    : it: 25000: n eval: 245769 H: 21.70 dlogZ: 2.348 logZ: -31.424 +/- 0.147 logLmax: -4.18
08-04 13:25 nessai INFO    : it: 26000: Rolling KS test: D=0.026, p-value=0.2543
08-04 13:25 nessai INFO    : it: 26000: n eval: 295769 H: 21.87 dlogZ: 1.366 logZ: -31.247 +/- 0.148 logLmax: -4.18
08-04 13:25 nessai INFO    : it: 27000: Rolling KS test: D=0.012, p-value=0.7438
08-04 13:25 nessai INFO    : it: 27000: n eval: 319962 H: 22.00 dlogZ: 0.677 logZ: -31.144 +/- 0.148 logLmax: -4.18
08-04 13:25 nessai INFO    : it: 28000: Rolling KS test: D=0.013, p-value=0.7071
08-04 13:25 nessai INFO    : it: 28000: n eval: 331272 H: 22.10 dlogZ: 0.289 logZ: -31.083 +/- 0.149 logLmax: -4.18
08-04 13:25 nessai INFO    : it: 29000: Rolling KS test: D=0.009, p-value=0.8454
08-04 13:25 nessai INFO    : it: 29000: n eval: 344502 H: 22.17 dlogZ: 0.113 logZ: -31.048 +/- 0.149 logLmax: -4.18
08-04 13:25 nessai INFO    : Stopping with difference_log_evidence=0.100
08-04 13:25 nessai INFO    : Finalising
08-04 13:25 nessai INFO    : Final ln-evidence: -31.012 +/- 0.149
08-04 13:25 nessai INFO    : Information: 22.26
08-04 13:25 nessai INFO    : Final KS test: D=0.003904, p-value=0.4105
08-04 13:25 nessai INFO    : Checkpointing nested sampling
08-04 13:25 nessai INFO    : Total sampling time: 0:02:08.690738
08-04 13:25 nessai INFO    : Total training time: 0:00:41.941276
08-04 13:25 nessai INFO    : Total population time: 0:00:36.300911
08-04 13:25 nessai INFO    : Total likelihood evaluations: 349819
08-04 13:25 nessai INFO    : Time spent evaluating likelihood: 0:00:14.635698
08-04 13:25 nessai INFO    : Total sampling time: 0:02:08.690738
08-04 13:25 nessai INFO    : Total likelihood evaluations: 349819
08-04 13:25 nessai INFO    : Starting post processing
08-04 13:25 nessai INFO    : Computing posterior samples
08-04 13:25 nessai INFO    : Effective sample size: 7129.3
08-04 13:25 nessai INFO    : Producing posterior samples using rejection sampling
08-04 13:25 nessai INFO    : Expect 4866.811417131286 samples from rejection sampling
08-04 13:25 nessai INFO    : Returned 4849 posterior samples
08-04 13:25 nessai INFO    : Starting to close worker pool.
08-04 13:25 nessai INFO    : Finished closing worker pool.
