/data/wiay/postgrads/shashwat/qunat_com_future/lib/python3.11/site-packages/nessai/utils/logging.py:133: FutureWarning: setup_logger is deprecated, use configure_logger instead
  warnings.warn(
08-04 12:42 nessai INFO    : Running Nessai version 0.15.2
08-04 12:42 nessai INFO    : Starting multiprocessing pool with 4 processes
08-04 12:42 nessai INFO    : Initialising nested sampler
08-04 12:42 nessai WARNING : Multiprocessing pool has already been configured.
/data/wiay/postgrads/shashwat/qunat_com_future/lib/python3.11/site-packages/nessai/gw/__init__.py:12: FutureWarning: The `nessai.gw` module will be deprecated in the next release in favour of the nessai-gw package. This packages provides the same functionality as`nessai.gw` via the plugin interface.For more details, see: https://github.com/mj-will/nessai-gw
  warnings.warn(
08-04 12:42 nessai INFO    : Passing kwargs to FlowProposal: {'poolsize': 1000}
08-04 12:42 nessai INFO    : No reparameterisations provided, using default reparameterisations included in FlowProposal
08-04 12:42 nessai INFO    : Adding reparameterisations from: {}
08-04 12:42 nessai INFO    : Assuming fallback reparameterisation (ScaleAndShift) for ['kappa', 'mu_xi', 'sigma_chi', 'sigma_xi', 'rho', 'lambda_chi', 'chi0', 'xi0'] with kwargs: {'estimate_scale': True, 'estimate_shift': True, 'prior_bounds': {'kappa': array([0.1, 5. ]), 'mu_xi': array([0. , 0.1]), 'sigma_chi': array([0.05, 0.6 ]), 'sigma_xi': array([0.05, 0.4 ]), 'rho': array([-0.9,  0.9]), 'lambda_chi': array([-0.5,  0.5]), 'chi0': array([-0.5,  0.5]), 'xi0': array([2.5, 5. ])}}.
08-04 12:42 nessai INFO    : x space parameters: ['kappa', 'mu_xi', 'sigma_chi', 'sigma_xi', 'rho', 'lambda_chi', 'chi0', 'xi0']
08-04 12:42 nessai INFO    : x prime space parameters: ['kappa_prime', 'mu_xi_prime', 'sigma_chi_prime', 'sigma_xi_prime', 'rho_prime', 'lambda_chi_prime', 'chi0_prime', 'xi0_prime']
08-04 12:42 nessai INFO    : Overwriting fuzz factor with expansion fraction
08-04 12:42 nessai INFO    : New fuzz factor: 1.2228445449938519
08-04 12:42 nessai INFO    : Verifying rescaling functions
08-04 12:42 nessai INFO    : Rescaling functions are invertible
08-04 12:42 nessai INFO    : Populating initial live points
08-04 12:42 nessai INFO    : Populated 100 / 1000 live points
08-04 12:42 nessai INFO    : Populated 200 / 1000 live points
08-04 12:42 nessai INFO    : Populated 300 / 1000 live points
08-04 12:42 nessai INFO    : Populated 400 / 1000 live points
08-04 12:42 nessai INFO    : Populated 500 / 1000 live points
08-04 12:42 nessai INFO    : Populated 600 / 1000 live points
08-04 12:42 nessai INFO    : Populated 700 / 1000 live points
08-04 12:42 nessai INFO    : Populated 800 / 1000 live points
08-04 12:42 nessai INFO    : Populated 900 / 1000 live points
08-04 12:42 nessai INFO    : Populated 1000 / 1000 live points
08-04 12:42 nessai INFO    : Starting nested sampling loop
08-04 12:42 nessai INFO    : it:  1000: Rolling KS test: D=0.029, p-value=0.1825
08-04 12:43 nessai INFO    : it:  1000: n eval: 3000 H: 7.91 dlogZ: 35205107.201 logZ: -35283118.590 +/- 0.089 logLmax: -78010.39
08-04 12:43 nessai INFO    : it:  2000: Rolling KS test: D=0.027, p-value=0.2286
08-04 12:43 nessai INFO    : it:  2000: n eval: 8000 H: 8.91 dlogZ: 11801327.643 logZ: -11806862.254 +/- 0.094 logLmax: -5532.61
08-04 12:43 nessai INFO    : Switching to FlowProposal
08-04 12:43 nessai INFO    : it:  3000: Rolling KS test: D=0.009, p-value=0.8454
08-04 12:43 nessai INFO    : it:  3000: n eval: 11951 H: 9.91 dlogZ: 4875703.708 logZ: -4881239.319 +/- 0.100 logLmax: -5532.61
08-04 12:43 nessai INFO    : it:  4000: Rolling KS test: D=0.008, p-value=0.8752
08-04 12:43 nessai INFO    : it:  4000: n eval: 13523 H: 10.91 dlogZ: 2069683.658 logZ: -2075220.270 +/- 0.104 logLmax: -5532.61
08-04 12:43 nessai INFO    : it:  5000: Rolling KS test: D=0.03, p-value=0.162
08-04 12:43 nessai INFO    : it:  5000: n eval: 16943 H: 11.91 dlogZ: 893117.500 logZ: -898655.111 +/- 0.109 logLmax: -5532.61
08-04 12:43 nessai INFO    : it:  6000: Rolling KS test: D=0.023, p-value=0.3419
08-04 12:43 nessai INFO    : it:  6000: n eval: 20687 H: 12.91 dlogZ: 385416.985 logZ: -390955.596 +/- 0.114 logLmax: -5532.61
08-04 12:43 nessai INFO    : it:  7000: Rolling KS test: D=0.044, p-value=0.0202
08-04 12:43 nessai INFO    : it:  7000: n eval: 24476 H: 13.91 dlogZ: 173489.051 logZ: -175179.349 +/- 0.118 logLmax: -1683.30
08-04 12:43 nessai INFO    : it:  8000: Rolling KS test: D=0.01, p-value=0.8133
08-04 12:43 nessai INFO    : it:  8000: n eval: 28619 H: 14.91 dlogZ: 84217.270 logZ: -84861.077 +/- 0.122 logLmax: -635.81
08-04 12:43 nessai INFO    : it:  9000: Rolling KS test: D=0.018, p-value=0.5169
08-04 12:43 nessai INFO    : it:  9000: n eval: 33540 H: 15.91 dlogZ: 42596.185 logZ: -43180.805 +/- 0.126 logLmax: -575.62
08-04 12:43 nessai INFO    : it: 10000: Rolling KS test: D=0.035, p-value=0.08429
08-04 12:43 nessai INFO    : it: 10000: n eval: 38441 H: 16.88 dlogZ: 21458.154 logZ: -21611.903 +/- 0.130 logLmax: -143.75
08-04 12:43 nessai INFO    : it: 11000: Rolling KS test: D=0.037, p-value=0.06311
08-04 12:43 nessai INFO    : it: 11000: n eval: 44322 H: 17.86 dlogZ: 10935.803 logZ: -11090.552 +/- 0.134 logLmax: -143.75
08-04 12:43 nessai INFO    : it: 12000: Rolling KS test: D=0.051, p-value=0.005312
08-04 12:43 nessai INFO    : it: 12000: n eval: 49430 H: 18.73 dlogZ: 5757.502 logZ: -5864.839 +/- 0.137 logLmax: -95.34
08-04 12:43 nessai INFO    : it: 13000: Rolling KS test: D=0.046, p-value=0.01407
08-04 12:43 nessai INFO    : it: 13000: n eval: 55283 H: 18.97 dlogZ: 2907.899 logZ: -2964.516 +/- 0.138 logLmax: -43.62
08-04 12:43 nessai INFO    : it: 14000: Rolling KS test: D=0.022, p-value=0.3744
08-04 12:43 nessai INFO    : it: 14000: n eval: 64647 H: 19.71 dlogZ: 1439.226 logZ: -1471.351 +/- 0.140 logLmax: -18.13
08-04 12:43 nessai INFO    : it: 15000: Rolling KS test: D=0.037, p-value=0.06311
08-04 12:43 nessai INFO    : it: 15000: n eval: 76265 H: 19.88 dlogZ: 750.937 logZ: -776.733 +/- 0.141 logLmax: -10.80
08-04 12:43 nessai INFO    : it: 16000: Rolling KS test: D=0.039, p-value=0.0465
08-04 12:43 nessai INFO    : it: 16000: n eval: 103453 H: 20.20 dlogZ: 373.604 logZ: -400.400 +/- 0.142 logLmax: -10.80
08-04 12:43 nessai INFO    : it: 17000: Rolling KS test: D=0.008, p-value=0.8752
08-04 12:43 nessai INFO    : it: 17000: n eval: 108031 H: 21.11 dlogZ: 192.904 logZ: -220.700 +/- 0.145 logLmax: -10.80
08-04 12:44 nessai INFO    : it: 18000: Rolling KS test: D=0.029, p-value=0.1825
08-04 12:44 nessai INFO    : it: 18000: n eval: 121319 H: 21.15 dlogZ: 103.656 logZ: -130.187 +/- 0.145 logLmax: -8.53
08-04 12:44 nessai INFO    : it: 19000: Rolling KS test: D=0.031, p-value=0.1433
08-04 12:44 nessai INFO    : it: 19000: n eval: 137516 H: 21.49 dlogZ: 57.411 logZ: -84.341 +/- 0.147 logLmax: -7.93
08-04 12:44 nessai INFO    : it: 20000: Rolling KS test: D=0.013, p-value=0.7071
08-04 12:44 nessai INFO    : it: 20000: n eval: 173050 H: 21.65 dlogZ: 38.028 logZ: -61.612 +/- 0.147 logLmax: -3.58
08-04 12:44 nessai INFO    : it: 21000: Rolling KS test: D=0.007, p-value=0.9024
08-04 12:44 nessai INFO    : it: 21000: n eval: 211005 H: 22.20 dlogZ: 24.816 logZ: -49.399 +/- 0.149 logLmax: -3.58
08-04 12:44 nessai INFO    : it: 22000: Rolling KS test: D=0.027, p-value=0.2286
08-04 12:44 nessai INFO    : it: 22000: n eval: 247978 H: 22.63 dlogZ: 16.777 logZ: -42.361 +/- 0.150 logLmax: -3.58
08-04 12:44 nessai INFO    : it: 23000: Rolling KS test: D=0.045, p-value=0.01689
08-04 12:44 nessai INFO    : it: 23000: n eval: 285214 H: 23.03 dlogZ: 11.508 logZ: -38.092 +/- 0.152 logLmax: -3.58
08-04 12:44 nessai INFO    : it: 24000: Rolling KS test: D=0.023, p-value=0.3419
08-04 12:44 nessai INFO    : it: 24000: n eval: 324957 H: 23.48 dlogZ: 9.053 logZ: -35.556 +/- 0.153 logLmax: -2.50
08-04 12:44 nessai INFO    : it: 25000: Rolling KS test: D=0.029, p-value=0.1825
08-04 12:45 nessai INFO    : it: 25000: n eval: 374773 H: 23.90 dlogZ: 6.737 logZ: -33.926 +/- 0.155 logLmax: -2.19
08-04 12:45 nessai INFO    : it: 26000: Rolling KS test: D=0.02, p-value=0.4434
08-04 12:45 nessai INFO    : it: 26000: n eval: 413707 H: 24.32 dlogZ: 4.862 logZ: -32.901 +/- 0.156 logLmax: -2.05
08-04 12:45 nessai INFO    : it: 27000: Rolling KS test: D=0.02, p-value=0.4434
08-04 12:45 nessai INFO    : it: 27000: n eval: 451707 H: 24.71 dlogZ: 3.223 logZ: -32.228 +/- 0.157 logLmax: -2.05
08-04 12:45 nessai INFO    : it: 28000: Rolling KS test: D=0.028, p-value=0.2046
08-04 12:45 nessai INFO    : it: 28000: n eval: 478269 H: 25.03 dlogZ: 1.918 logZ: -31.805 +/- 0.158 logLmax: -2.05
08-04 12:45 nessai INFO    : it: 29000: Rolling KS test: D=0.025, p-value=0.2818
08-04 12:45 nessai INFO    : it: 29000: n eval: 512678 H: 25.29 dlogZ: 1.053 logZ: -31.537 +/- 0.159 logLmax: -1.91
08-04 12:45 nessai INFO    : it: 30000: Rolling KS test: D=0.043, p-value=0.02406
08-04 12:45 nessai INFO    : it: 30000: n eval: 531747 H: 25.47 dlogZ: 0.500 logZ: -31.386 +/- 0.160 logLmax: -1.82
08-04 12:45 nessai INFO    : it: 31000: Rolling KS test: D=0.022, p-value=0.3744
08-04 12:45 nessai INFO    : it: 31000: n eval: 552634 H: 25.59 dlogZ: 0.199 logZ: -31.305 +/- 0.160 logLmax: -1.82
08-04 12:45 nessai INFO    : Stopping with difference_log_evidence=0.100
08-04 12:45 nessai INFO    : Finalising
08-04 12:45 nessai INFO    : Final ln-evidence: -31.228 +/- 0.160
08-04 12:45 nessai INFO    : Information: 25.73
08-04 12:45 nessai INFO    : Final KS test: D=0.01081, p-value=0.0005736
08-04 12:45 nessai WARNING : Final p-value for the insertion indices is less than 0.05, this could be an indication of problems during sampling. Consider checking the diagnostic plots.
08-04 12:45 nessai INFO    : Checkpointing nested sampling
08-04 12:45 nessai INFO    : Total sampling time: 0:02:51.803736
08-04 12:45 nessai INFO    : Total training time: 0:00:54.365128
08-04 12:45 nessai INFO    : Total population time: 0:00:52.804748
08-04 12:45 nessai INFO    : Total likelihood evaluations: 571942
08-04 12:45 nessai INFO    : Time spent evaluating likelihood: 0:00:20.437541
08-04 12:45 nessai INFO    : Total sampling time: 0:02:51.803736
08-04 12:45 nessai INFO    : Total likelihood evaluations: 571942
08-04 12:45 nessai INFO    : Starting post processing
08-04 12:45 nessai INFO    : Computing posterior samples
08-04 12:45 nessai INFO    : Effective sample size: 7079.6
08-04 12:45 nessai INFO    : Producing posterior samples using rejection sampling
08-04 12:45 nessai INFO    : Expect 5058.247585989657 samples from rejection sampling
08-04 12:45 nessai INFO    : Returned 5127 posterior samples
08-04 12:45 nessai INFO    : Starting to close worker pool.
08-04 12:45 nessai INFO    : Finished closing worker pool.
