/data/wiay/postgrads/shashwat/qunat_com_future/lib/python3.11/site-packages/nessai/utils/logging.py:133: FutureWarning: setup_logger is deprecated, use configure_logger instead
  warnings.warn(
08-04 12:16 nessai INFO    : Running Nessai version 0.15.2
08-04 12:16 nessai INFO    : Starting multiprocessing pool with 4 processes
08-04 12:16 nessai INFO    : Initialising nested sampler
08-04 12:16 nessai WARNING : Multiprocessing pool has already been configured.
/data/wiay/postgrads/shashwat/qunat_com_future/lib/python3.11/site-packages/nessai/gw/__init__.py:12: FutureWarning: The `nessai.gw` module will be deprecated in the next release in favour of the nessai-gw package. This packages provides the same functionality as`nessai.gw` via the plugin interface.For more details, see: https://github.com/mj-will/nessai-gw
  warnings.warn(
08-04 12:16 nessai INFO    : Passing kwargs to FlowProposal: {'poolsize': 1000}
08-04 12:16 nessai INFO    : No reparameterisations provided, using default reparameterisations included in FlowProposal
08-04 12:16 nessai INFO    : Adding reparameterisations from: {}
08-04 12:16 nessai INFO    : Assuming fallback reparameterisation (ScaleAndShift) for ['kappa', 'mu_xi', 'sigma_chi', 'sigma_xi', 'rho', 'lambda_chi', 'chi0', 'xi0'] with kwargs: {'estimate_scale': True, 'estimate_shift': True, 'prior_bounds': {'kappa': array([0.1, 5. ]), 'mu_xi': array([0. , 0.1]), 'sigma_chi': array([0.05, 0.6 ]), 'sigma_xi': array([0.05, 0.4 ]), 'rho': array([-0.9,  0.9]), 'lambda_chi': array([-0.5,  0.5]), 'chi0': array([-0.5,  0.5]), 'xi0': array([2.5, 5. ])}}.
08-04 12:16 nessai INFO    : x space parameters: ['kappa', 'mu_xi', 'sigma_chi', 'sigma_xi', 'rho', 'lambda_chi', 'chi0', 'xi0']
08-04 12:16 nessai INFO    : x prime space parameters: ['kappa_prime', 'mu_xi_prime', 'sigma_chi_prime', 'sigma_xi_prime', 'rho_prime', 'lambda_chi_prime', 'chi0_prime', 'xi0_prime']
08-04 12:16 nessai INFO    : Overwriting fuzz factor with expansion fraction
08-04 12:16 nessai INFO    : New fuzz factor: 1.2228445449938519
08-04 12:16 nessai INFO    : Verifying rescaling functions
08-04 12:16 nessai INFO    : Rescaling functions are invertible
08-04 12:16 nessai INFO    : Populating initial live points
08-04 12:16 nessai INFO    : Populated 100 / 1000 live points
08-04 12:16 nessai INFO    : Populated 200 / 1000 live points
08-04 12:16 nessai INFO    : Populated 300 / 1000 live points
08-04 12:16 nessai INFO    : Populated 400 / 1000 live points
08-04 12:16 nessai INFO    : Populated 500 / 1000 live points
08-04 12:16 nessai INFO    : Populated 600 / 1000 live points
08-04 12:16 nessai INFO    : Populated 700 / 1000 live points
08-04 12:16 nessai INFO    : Populated 800 / 1000 live points
08-04 12:16 nessai INFO    : Populated 900 / 1000 live points
08-04 12:16 nessai INFO    : Populated 1000 / 1000 live points
08-04 12:16 nessai INFO    : Starting nested sampling loop
08-04 12:16 nessai INFO    : it:  1000: Rolling KS test: D=0.017, p-value=0.5547
08-04 12:16 nessai INFO    : it:  1000: n eval: 3000 H: 7.91 dlogZ: 13875059.528 logZ: -13877443.591 +/- 0.089 logLmax: -2383.06
08-04 12:16 nessai INFO    : it:  2000: Rolling KS test: D=0.045, p-value=0.01689
08-04 12:16 nessai INFO    : it:  2000: n eval: 8000 H: 8.91 dlogZ: 2132692.735 logZ: -2135077.798 +/- 0.094 logLmax: -2383.06
08-04 12:16 nessai INFO    : Switching to FlowProposal
08-04 12:16 nessai INFO    : it:  3000: Rolling KS test: D=0.034, p-value=0.09683
08-04 12:16 nessai INFO    : it:  3000: n eval: 11874 H: 9.91 dlogZ: 562595.522 logZ: -564981.584 +/- 0.100 logLmax: -2383.06
08-04 12:17 nessai INFO    : it:  4000: Rolling KS test: D=0.022, p-value=0.3744
08-04 12:17 nessai INFO    : it:  4000: n eval: 13515 H: 10.91 dlogZ: 165749.439 logZ: -167672.294 +/- 0.104 logLmax: -1918.86
08-04 12:17 nessai INFO    : it:  5000: Rolling KS test: D=0.021, p-value=0.4082
08-04 12:17 nessai INFO    : it:  5000: n eval: 14973 H: 11.91 dlogZ: 55958.116 logZ: -56998.025 +/- 0.109 logLmax: -1034.91
08-04 12:17 nessai INFO    : it:  6000: Rolling KS test: D=0.023, p-value=0.3419
08-04 12:17 nessai INFO    : it:  6000: n eval: 18089 H: 12.91 dlogZ: 23319.126 logZ: -23916.606 +/- 0.114 logLmax: -591.48
08-04 12:17 nessai INFO    : it:  7000: Rolling KS test: D=0.025, p-value=0.2818
08-04 12:17 nessai INFO    : it:  7000: n eval: 21639 H: 13.23 dlogZ: 10771.569 logZ: -11165.097 +/- 0.115 logLmax: -386.53
08-04 12:17 nessai INFO    : it:  8000: Rolling KS test: D=0.019, p-value=0.4797
08-04 12:17 nessai INFO    : it:  8000: n eval: 25729 H: 14.51 dlogZ: 5705.570 logZ: -5838.242 +/- 0.120 logLmax: -124.67
08-04 12:17 nessai INFO    : it:  9000: Rolling KS test: D=0.032, p-value=0.1263
08-04 12:17 nessai INFO    : it:  9000: n eval: 30256 H: 15.51 dlogZ: 3006.819 logZ: -3129.328 +/- 0.125 logLmax: -113.51
08-04 12:17 nessai INFO    : it: 10000: Rolling KS test: D=0.032, p-value=0.1263
08-04 12:17 nessai INFO    : it: 10000: n eval: 35155 H: 16.17 dlogZ: 1580.859 logZ: -1700.863 +/- 0.127 logLmax: -110.01
08-04 12:17 nessai INFO    : it: 11000: Rolling KS test: D=0.029, p-value=0.1825
08-04 12:17 nessai INFO    : it: 11000: n eval: 40555 H: 16.18 dlogZ: 853.575 logZ: -909.121 +/- 0.127 logLmax: -44.55
08-04 12:17 nessai INFO    : it: 12000: Rolling KS test: D=0.03, p-value=0.162
08-04 12:17 nessai INFO    : it: 12000: n eval: 45732 H: 16.49 dlogZ: 484.324 logZ: -522.116 +/- 0.128 logLmax: -25.79
08-04 12:17 nessai INFO    : it: 13000: Rolling KS test: D=0.014, p-value=0.6695
08-04 12:17 nessai INFO    : it: 13000: n eval: 51436 H: 16.98 dlogZ: 285.024 logZ: -316.294 +/- 0.130 logLmax: -18.27
08-04 12:17 nessai INFO    : it: 14000: Rolling KS test: D=0.026, p-value=0.2543
08-04 12:17 nessai INFO    : it: 14000: n eval: 60959 H: 17.18 dlogZ: 168.580 logZ: -198.874 +/- 0.131 logLmax: -16.29
08-04 12:17 nessai INFO    : it: 15000: Rolling KS test: D=0.04, p-value=0.03967
08-04 12:17 nessai INFO    : it: 15000: n eval: 67605 H: 18.16 dlogZ: 110.459 logZ: -135.713 +/- 0.135 logLmax: -10.26
08-04 12:17 nessai INFO    : it: 16000: Rolling KS test: D=0.028, p-value=0.2046
08-04 12:17 nessai INFO    : it: 16000: n eval: 77173 H: 18.51 dlogZ: 68.455 logZ: -93.324 +/- 0.136 logLmax: -8.87
08-04 12:17 nessai INFO    : it: 17000: Rolling KS test: D=0.032, p-value=0.1263
08-04 12:17 nessai INFO    : it: 17000: n eval: 83486 H: 19.09 dlogZ: 44.550 logZ: -68.039 +/- 0.138 logLmax: -6.49
08-04 12:17 nessai INFO    : it: 18000: Rolling KS test: D=0.023, p-value=0.3419
08-04 12:17 nessai INFO    : it: 18000: n eval: 90120 H: 19.52 dlogZ: 28.319 logZ: -52.143 +/- 0.140 logLmax: -5.82
08-04 12:17 nessai INFO    : it: 19000: Rolling KS test: D=0.009, p-value=0.8454
08-04 12:17 nessai INFO    : it: 19000: n eval: 101598 H: 19.99 dlogZ: 17.387 logZ: -42.211 +/- 0.141 logLmax: -5.82
08-04 12:17 nessai INFO    : it: 20000: Rolling KS test: D=0.032, p-value=0.1263
08-04 12:17 nessai INFO    : it: 20000: n eval: 113271 H: 20.29 dlogZ: 11.406 logZ: -36.675 +/- 0.142 logLmax: -5.27
08-04 12:17 nessai INFO    : it: 21000: Rolling KS test: D=0.023, p-value=0.3419
08-04 12:17 nessai INFO    : it: 21000: n eval: 126216 H: 20.76 dlogZ: 7.119 logZ: -33.387 +/- 0.144 logLmax: -5.27
08-04 12:17 nessai INFO    : it: 22000: Rolling KS test: D=0.024, p-value=0.311
08-04 12:17 nessai INFO    : it: 22000: n eval: 137176 H: 21.12 dlogZ: 4.933 logZ: -31.489 +/- 0.145 logLmax: -4.56
08-04 12:17 nessai INFO    : it: 23000: Rolling KS test: D=0.022, p-value=0.3744
08-04 12:17 nessai INFO    : it: 23000: n eval: 159496 H: 21.42 dlogZ: 2.894 logZ: -30.401 +/- 0.146 logLmax: -4.56
08-04 12:17 nessai INFO    : it: 24000: Rolling KS test: D=0.019, p-value=0.4797
08-04 12:17 nessai INFO    : it: 24000: n eval: 179444 H: 21.62 dlogZ: 1.714 logZ: -29.850 +/- 0.147 logLmax: -4.34
08-04 12:18 nessai INFO    : it: 25000: Rolling KS test: D=0.026, p-value=0.2543
08-04 12:18 nessai INFO    : it: 25000: n eval: 203633 H: 21.77 dlogZ: 0.928 logZ: -29.565 +/- 0.148 logLmax: -4.14
08-04 12:18 nessai INFO    : it: 26000: Rolling KS test: D=0.01, p-value=0.8133
08-04 12:18 nessai INFO    : it: 26000: n eval: 233712 H: 21.87 dlogZ: 0.420 logZ: -29.417 +/- 0.148 logLmax: -4.07
08-04 12:18 nessai INFO    : it: 27000: Rolling KS test: D=0.041, p-value=0.03371
08-04 12:18 nessai INFO    : it: 27000: n eval: 259305 H: 21.94 dlogZ: 0.190 logZ: -29.344 +/- 0.148 logLmax: -3.91
08-04 12:18 nessai INFO    : Stopping with difference_log_evidence=0.100
08-04 12:18 nessai INFO    : Finalising
08-04 12:18 nessai INFO    : Final ln-evidence: -29.275 +/- 0.148
08-04 12:18 nessai INFO    : Information: 22.04
08-04 12:18 nessai INFO    : Final KS test: D=0.01058, p-value=0.002006
08-04 12:18 nessai WARNING : Final p-value for the insertion indices is less than 0.05, this could be an indication of problems during sampling. Consider checking the diagnostic plots.
08-04 12:18 nessai INFO    : Checkpointing nested sampling
08-04 12:18 nessai INFO    : Total sampling time: 0:01:23.964876
08-04 12:18 nessai INFO    : Total training time: 0:00:30.412410
08-04 12:18 nessai INFO    : Total population time: 0:00:20.034346
08-04 12:18 nessai INFO    : Total likelihood evaluations: 278726
08-04 12:18 nessai INFO    : Time spent evaluating likelihood: 0:00:05.221547
08-04 12:18 nessai INFO    : Total sampling time: 0:01:23.964876
08-04 12:18 nessai INFO    : Total likelihood evaluations: 278726
08-04 12:18 nessai INFO    : Starting post processing
08-04 12:18 nessai INFO    : Computing posterior samples
08-04 12:18 nessai INFO    : Effective sample size: 5866.9
08-04 12:18 nessai INFO    : Producing posterior samples using rejection sampling
08-04 12:18 nessai INFO    : Expect 3997.176359969628 samples from rejection sampling
08-04 12:18 nessai INFO    : Returned 3966 posterior samples
08-04 12:18 nessai INFO    : Starting to close worker pool.
08-04 12:18 nessai INFO    : Finished closing worker pool.
