/data/wiay/postgrads/shashwat/qunat_com_future/lib/python3.11/site-packages/nessai/utils/logging.py:133: FutureWarning: setup_logger is deprecated, use configure_logger instead
  warnings.warn(
08-04 15:01 nessai INFO    : Running Nessai version 0.15.2
08-04 15:01 nessai INFO    : Starting multiprocessing pool with 4 processes
08-04 15:01 nessai INFO    : Initialising nested sampler
08-04 15:01 nessai WARNING : Multiprocessing pool has already been configured.
/data/wiay/postgrads/shashwat/qunat_com_future/lib/python3.11/site-packages/nessai/gw/__init__.py:12: FutureWarning: The `nessai.gw` module will be deprecated in the next release in favour of the nessai-gw package. This packages provides the same functionality as`nessai.gw` via the plugin interface.For more details, see: https://github.com/mj-will/nessai-gw
  warnings.warn(
08-04 15:01 nessai INFO    : Passing kwargs to FlowProposal: {'poolsize': 1000}
08-04 15:01 nessai INFO    : No reparameterisations provided, using default reparameterisations included in FlowProposal
08-04 15:01 nessai INFO    : Adding reparameterisations from: {}
08-04 15:01 nessai INFO    : Assuming fallback reparameterisation (ScaleAndShift) for ['kappa', 'mu_xi', 'sigma_chi', 'sigma_xi', 'rho', 'lambda_chi', 'chi0', 'xi0'] with kwargs: {'estimate_scale': True, 'estimate_shift': True, 'prior_bounds': {'kappa': array([0.1, 5. ]), 'mu_xi': array([0. , 0.1]), 'sigma_chi': array([0.05, 0.6 ]), 'sigma_xi': array([0.05, 0.4 ]), 'rho': array([-0.9,  0.9]), 'lambda_chi': array([-0.5,  0.5]), 'chi0': array([-0.5,  0.5]), 'xi0': array([2.5, 5. ])}}.
08-04 15:01 nessai INFO    : x space parameters: ['kappa', 'mu_xi', 'sigma_chi', 'sigma_xi', 'rho', 'lambda_chi', 'chi0', 'xi0']
08-04 15:01 nessai INFO    : x prime space parameters: ['kappa_prime', 'mu_xi_prime', 'sigma_chi_prime', 'sigma_xi_prime', 'rho_prime', 'lambda_chi_prime', 'chi0_prime', 'xi0_prime']
08-04 15:01 nessai INFO    : Overwriting fuzz factor with expansion fraction
08-04 15:01 nessai INFO    : New fuzz factor: 1.2228445449938519
08-04 15:01 nessai INFO    : Verifying rescaling functions
08-04 15:01 nessai INFO    : Rescaling functions are invertible
08-04 15:01 nessai INFO    : Populating initial live points
08-04 15:01 nessai INFO    : Populated 100 / 1000 live points
08-04 15:01 nessai INFO    : Populated 200 / 1000 live points
08-04 15:01 nessai INFO    : Populated 300 / 1000 live points
08-04 15:01 nessai INFO    : Populated 400 / 1000 live points
08-04 15:01 nessai INFO    : Populated 500 / 1000 live points
08-04 15:01 nessai INFO    : Populated 600 / 1000 live points
08-04 15:01 nessai INFO    : Populated 700 / 1000 live points
08-04 15:01 nessai INFO    : Populated 800 / 1000 live points
08-04 15:01 nessai INFO    : Populated 900 / 1000 live points
08-04 15:01 nessai INFO    : Populated 1000 / 1000 live points
08-04 15:01 nessai INFO    : Starting nested sampling loop
08-04 15:01 nessai INFO    : it:  1000: Rolling KS test: D=0.011, p-value=0.7794
08-04 15:01 nessai INFO    : it:  1000: n eval: 3000 H: 7.91 dlogZ: 4103788.926 logZ: -4106049.663 +/- 0.089 logLmax: -2259.74
08-04 15:01 nessai INFO    : it:  2000: Rolling KS test: D=0.022, p-value=0.3744
08-04 15:01 nessai INFO    : it:  2000: n eval: 8000 H: 8.91 dlogZ: 905510.464 logZ: -906238.868 +/- 0.094 logLmax: -726.40
08-04 15:01 nessai INFO    : Switching to FlowProposal
08-04 15:01 nessai INFO    : it:  3000: Rolling KS test: D=0.026, p-value=0.2543
08-04 15:01 nessai INFO    : it:  3000: n eval: 11955 H: 9.91 dlogZ: 308016.969 logZ: -308746.373 +/- 0.100 logLmax: -726.40
08-04 15:01 nessai INFO    : it:  4000: Rolling KS test: D=0.021, p-value=0.4082
08-04 15:01 nessai INFO    : it:  4000: n eval: 15874 H: 10.91 dlogZ: 119060.724 logZ: -119658.364 +/- 0.104 logLmax: -593.64
08-04 15:01 nessai INFO    : it:  5000: Rolling KS test: D=0.005, p-value=0.9481
08-04 15:01 nessai INFO    : it:  5000: n eval: 20663 H: 11.91 dlogZ: 53963.743 logZ: -54180.939 +/- 0.109 logLmax: -212.20
08-04 15:01 nessai INFO    : it:  6000: Rolling KS test: D=0.015, p-value=0.6313
08-04 15:01 nessai INFO    : it:  6000: n eval: 25701 H: 12.91 dlogZ: 25532.443 logZ: -25750.639 +/- 0.114 logLmax: -212.20
08-04 15:01 nessai INFO    : it:  7000: Rolling KS test: D=0.01, p-value=0.8133
08-04 15:01 nessai INFO    : it:  7000: n eval: 31128 H: 13.89 dlogZ: 12613.913 logZ: -12733.012 +/- 0.118 logLmax: -112.10
08-04 15:01 nessai INFO    : it:  8000: Rolling KS test: D=0.017, p-value=0.5547
08-04 15:01 nessai INFO    : it:  8000: n eval: 36392 H: 14.61 dlogZ: 6489.660 logZ: -6609.759 +/- 0.121 logLmax: -112.10
08-04 15:01 nessai INFO    : it:  9000: Rolling KS test: D=0.022, p-value=0.3744
08-04 15:01 nessai INFO    : it:  9000: n eval: 41832 H: 14.45 dlogZ: 3263.902 logZ: -3338.540 +/- 0.120 logLmax: -65.64
08-04 15:01 nessai INFO    : it: 10000: Rolling KS test: D=0.04, p-value=0.03967
08-04 15:01 nessai INFO    : it: 10000: n eval: 47335 H: 15.85 dlogZ: 1698.029 logZ: -1741.086 +/- 0.126 logLmax: -33.06
08-04 15:01 nessai INFO    : it: 11000: Rolling KS test: D=0.003, p-value=0.9802
08-04 15:01 nessai INFO    : it: 11000: n eval: 52774 H: 15.83 dlogZ: 858.524 logZ: -902.484 +/- 0.126 logLmax: -32.96
08-04 15:01 nessai INFO    : it: 12000: Rolling KS test: D=0.03, p-value=0.162
08-04 15:01 nessai INFO    : it: 12000: n eval: 59071 H: 16.65 dlogZ: 454.999 logZ: -472.721 +/- 0.129 logLmax: -5.72
08-04 15:01 nessai INFO    : it: 13000: Rolling KS test: D=0.039, p-value=0.0465
08-04 15:01 nessai INFO    : it: 13000: n eval: 67631 H: 16.77 dlogZ: 241.706 logZ: -260.427 +/- 0.129 logLmax: -5.72
08-04 15:01 nessai INFO    : it: 14000: Rolling KS test: D=0.049, p-value=0.007937
08-04 15:01 nessai INFO    : it: 14000: n eval: 73072 H: 17.35 dlogZ: 126.486 logZ: -146.207 +/- 0.132 logLmax: -5.72
08-04 15:01 nessai INFO    : it: 15000: Rolling KS test: D=0.042, p-value=0.02854
08-04 15:01 nessai INFO    : it: 15000: n eval: 84359 H: 17.79 dlogZ: 69.466 logZ: -89.603 +/- 0.133 logLmax: -5.14
08-04 15:01 nessai INFO    : it: 16000: Rolling KS test: D=0.024, p-value=0.311
08-04 15:01 nessai INFO    : it: 16000: n eval: 92295 H: 18.09 dlogZ: 41.073 logZ: -61.075 +/- 0.135 logLmax: -4.00
08-04 15:01 nessai INFO    : it: 17000: Rolling KS test: D=0.018, p-value=0.5169
08-04 15:01 nessai INFO    : it: 17000: n eval: 103519 H: 18.42 dlogZ: 24.696 logZ: -45.053 +/- 0.136 logLmax: -3.36
08-04 15:01 nessai INFO    : it: 18000: Rolling KS test: D=0.007, p-value=0.9024
08-04 15:01 nessai INFO    : it: 18000: n eval: 118464 H: 18.79 dlogZ: 14.875 logZ: -35.899 +/- 0.137 logLmax: -3.02
08-04 15:01 nessai INFO    : it: 19000: Rolling KS test: D=0.026, p-value=0.2543
08-04 15:01 nessai INFO    : it: 19000: n eval: 140105 H: 19.10 dlogZ: 9.181 logZ: -31.204 +/- 0.138 logLmax: -3.02
08-04 15:01 nessai INFO    : it: 20000: Rolling KS test: D=0.009, p-value=0.8454
08-04 15:01 nessai INFO    : it: 20000: n eval: 160823 H: 19.44 dlogZ: 5.685 logZ: -28.706 +/- 0.139 logLmax: -3.02
08-04 15:02 nessai INFO    : it: 21000: Rolling KS test: D=0.022, p-value=0.3744
08-04 15:02 nessai INFO    : it: 21000: n eval: 194386 H: 19.77 dlogZ: 3.433 logZ: -27.281 +/- 0.141 logLmax: -2.88
08-04 15:02 nessai INFO    : it: 22000: Rolling KS test: D=0.023, p-value=0.3419
08-04 15:02 nessai INFO    : it: 22000: n eval: 232033 H: 20.03 dlogZ: 2.170 logZ: -26.493 +/- 0.142 logLmax: -2.45
08-04 15:02 nessai INFO    : it: 23000: Rolling KS test: D=0.041, p-value=0.03371
08-04 15:02 nessai INFO    : it: 23000: n eval: 302033 H: 20.23 dlogZ: 1.077 logZ: -26.074 +/- 0.142 logLmax: -2.41
08-04 15:02 nessai INFO    : it: 24000: Rolling KS test: D=0.011, p-value=0.7794
08-04 15:02 nessai INFO    : it: 24000: n eval: 372033 H: 20.36 dlogZ: 0.688 logZ: -25.862 +/- 0.143 logLmax: -1.87
08-04 15:02 nessai INFO    : it: 25000: Rolling KS test: D=0.044, p-value=0.0202
08-04 15:02 nessai INFO    : it: 25000: n eval: 522033 H: 20.44 dlogZ: 0.283 logZ: -25.757 +/- 0.143 logLmax: -1.87
08-04 15:03 nessai INFO    : it: 26000: Rolling KS test: D=0.021, p-value=0.4082
08-04 15:03 nessai INFO    : it: 26000: n eval: 692033 H: 20.49 dlogZ: 0.109 logZ: -25.707 +/- 0.143 logLmax: -1.87
08-04 15:03 nessai INFO    : Stopping with difference_log_evidence=0.100
08-04 15:03 nessai INFO    : Finalising
08-04 15:03 nessai INFO    : Final ln-evidence: -25.666 +/- 0.143
08-04 15:03 nessai INFO    : Information: 20.55
08-04 15:03 nessai INFO    : Final KS test: D=0.008519, p-value=0.02188
08-04 15:03 nessai WARNING : Final p-value for the insertion indices is less than 0.05, this could be an indication of problems during sampling. Consider checking the diagnostic plots.
08-04 15:03 nessai INFO    : Checkpointing nested sampling
08-04 15:03 nessai INFO    : Total sampling time: 0:02:13.156139
08-04 15:03 nessai INFO    : Total training time: 0:00:43.325585
08-04 15:03 nessai INFO    : Total population time: 0:00:47.215946
08-04 15:03 nessai INFO    : Total likelihood evaluations: 742033
08-04 15:03 nessai INFO    : Time spent evaluating likelihood: 0:00:14.053211
08-04 15:03 nessai INFO    : Total sampling time: 0:02:13.156139
08-04 15:03 nessai INFO    : Total likelihood evaluations: 742033
08-04 15:03 nessai INFO    : Starting post processing
08-04 15:03 nessai INFO    : Computing posterior samples
08-04 15:03 nessai INFO    : Effective sample size: 5790.1
08-04 15:03 nessai INFO    : Producing posterior samples using rejection sampling
08-04 15:03 nessai INFO    : Expect 3924.641185611889 samples from rejection sampling
08-04 15:03 nessai INFO    : Returned 3953 posterior samples
08-04 15:03 nessai INFO    : Starting to close worker pool.
08-04 15:03 nessai INFO    : Finished closing worker pool.
