/data/wiay/postgrads/shashwat/qunat_com_future/lib/python3.11/site-packages/nessai/utils/logging.py:133: FutureWarning: setup_logger is deprecated, use configure_logger instead
  warnings.warn(
08-04 13:43 nessai INFO    : Running Nessai version 0.15.2
08-04 13:43 nessai INFO    : Starting multiprocessing pool with 4 processes
08-04 13:43 nessai INFO    : Initialising nested sampler
08-04 13:43 nessai WARNING : Multiprocessing pool has already been configured.
/data/wiay/postgrads/shashwat/qunat_com_future/lib/python3.11/site-packages/nessai/gw/__init__.py:12: FutureWarning: The `nessai.gw` module will be deprecated in the next release in favour of the nessai-gw package. This packages provides the same functionality as`nessai.gw` via the plugin interface.For more details, see: https://github.com/mj-will/nessai-gw
  warnings.warn(
08-04 13:43 nessai INFO    : Passing kwargs to FlowProposal: {'poolsize': 1000}
08-04 13:43 nessai INFO    : No reparameterisations provided, using default reparameterisations included in FlowProposal
08-04 13:43 nessai INFO    : Adding reparameterisations from: {}
08-04 13:43 nessai INFO    : Assuming fallback reparameterisation (ScaleAndShift) for ['kappa', 'mu_xi', 'sigma_chi', 'sigma_xi', 'rho', 'lambda_chi', 'chi0', 'xi0'] with kwargs: {'estimate_scale': True, 'estimate_shift': True, 'prior_bounds': {'kappa': array([0.1, 5. ]), 'mu_xi': array([0. , 0.1]), 'sigma_chi': array([0.05, 0.6 ]), 'sigma_xi': array([0.05, 0.4 ]), 'rho': array([-0.9,  0.9]), 'lambda_chi': array([-0.5,  0.5]), 'chi0': array([-0.5,  0.5]), 'xi0': array([2.5, 5. ])}}.
08-04 13:43 nessai INFO    : x space parameters: ['kappa', 'mu_xi', 'sigma_chi', 'sigma_xi', 'rho', 'lambda_chi', 'chi0', 'xi0']
08-04 13:43 nessai INFO    : x prime space parameters: ['kappa_prime', 'mu_xi_prime', 'sigma_chi_prime', 'sigma_xi_prime', 'rho_prime', 'lambda_chi_prime', 'chi0_prime', 'xi0_prime']
08-04 13:43 nessai INFO    : Overwriting fuzz factor with expansion fraction
08-04 13:43 nessai INFO    : New fuzz factor: 1.2228445449938519
08-04 13:43 nessai INFO    : Verifying rescaling functions
08-04 13:43 nessai INFO    : Rescaling functions are invertible
08-04 13:43 nessai INFO    : Populating initial live points
08-04 13:43 nessai INFO    : Populated 100 / 1000 live points
08-04 13:43 nessai INFO    : Populated 200 / 1000 live points
08-04 13:43 nessai INFO    : Populated 300 / 1000 live points
08-04 13:43 nessai INFO    : Populated 400 / 1000 live points
08-04 13:43 nessai INFO    : Populated 500 / 1000 live points
08-04 13:43 nessai INFO    : Populated 600 / 1000 live points
08-04 13:43 nessai INFO    : Populated 700 / 1000 live points
08-04 13:43 nessai INFO    : Populated 800 / 1000 live points
08-04 13:43 nessai INFO    : Populated 900 / 1000 live points
08-04 13:43 nessai INFO    : Populated 1000 / 1000 live points
08-04 13:43 nessai INFO    : Starting nested sampling loop
08-04 13:43 nessai INFO    : it:  1000: Rolling KS test: D=0.007, p-value=0.9024
08-04 13:43 nessai INFO    : it:  1000: n eval: 3000 H: 7.91 dlogZ: 97306310.862 logZ: -97523439.878 +/- 0.089 logLmax: -217128.02
08-04 13:43 nessai INFO    : it:  2000: Rolling KS test: D=0.012, p-value=0.7438
08-04 13:43 nessai INFO    : it:  2000: n eval: 8000 H: 8.91 dlogZ: 20960988.928 logZ: -21037143.933 +/- 0.094 logLmax: -76153.01
08-04 13:43 nessai INFO    : Switching to FlowProposal
08-04 13:44 nessai INFO    : it:  3000: Rolling KS test: D=0.021, p-value=0.4082
08-04 13:44 nessai INFO    : it:  3000: n eval: 12120 H: 9.91 dlogZ: 6780929.023 logZ: -6832040.990 +/- 0.100 logLmax: -51108.97
08-04 13:44 nessai INFO    : it:  4000: Rolling KS test: D=0.03, p-value=0.162
08-04 13:44 nessai INFO    : it:  4000: n eval: 15990 H: 10.91 dlogZ: 2836926.629 logZ: -2854533.928 +/- 0.104 logLmax: -17603.30
08-04 13:44 nessai INFO    : it:  5000: Rolling KS test: D=0.025, p-value=0.2818
08-04 13:44 nessai INFO    : it:  5000: n eval: 20063 H: 11.91 dlogZ: 1328505.476 logZ: -1333400.836 +/- 0.109 logLmax: -4890.36
08-04 13:44 nessai INFO    : it:  6000: Rolling KS test: D=0.006, p-value=0.9268
08-04 13:44 nessai INFO    : it:  6000: n eval: 24550 H: 12.91 dlogZ: 678240.956 logZ: -683137.317 +/- 0.114 logLmax: -4890.36
08-04 13:44 nessai INFO    : it:  7000: Rolling KS test: D=0.013, p-value=0.7071
08-04 13:44 nessai INFO    : it:  7000: n eval: 29326 H: 13.91 dlogZ: 346992.414 logZ: -351889.775 +/- 0.118 logLmax: -4890.36
08-04 13:44 nessai INFO    : it:  8000: Rolling KS test: D=0.024, p-value=0.311
08-04 13:44 nessai INFO    : it:  8000: n eval: 34068 H: 14.91 dlogZ: 183450.947 logZ: -187643.046 +/- 0.122 logLmax: -4184.10
08-04 13:44 nessai INFO    : it:  9000: Rolling KS test: D=0.004, p-value=0.9659
08-04 13:44 nessai INFO    : it:  9000: n eval: 36253 H: 15.35 dlogZ: 101829.644 logZ: -103758.128 +/- 0.124 logLmax: -1919.48
08-04 13:44 nessai INFO    : it: 10000: Rolling KS test: D=0.011, p-value=0.7794
08-04 13:44 nessai INFO    : it: 10000: n eval: 43690 H: 16.91 dlogZ: 56952.249 logZ: -57091.429 +/- 0.130 logLmax: -129.18
08-04 13:44 nessai INFO    : it: 11000: Rolling KS test: D=0.032, p-value=0.1263
08-04 13:44 nessai INFO    : it: 11000: n eval: 48452 H: 17.88 dlogZ: 31591.166 logZ: -31731.347 +/- 0.134 logLmax: -129.18
08-04 13:44 nessai INFO    : it: 12000: Rolling KS test: D=0.026, p-value=0.2543
08-04 13:44 nessai INFO    : it: 12000: n eval: 53453 H: 18.78 dlogZ: 17361.202 logZ: -17502.382 +/- 0.137 logLmax: -129.18
08-04 13:44 nessai INFO    : it: 13000: Rolling KS test: D=0.022, p-value=0.3744
08-04 13:44 nessai INFO    : it: 13000: n eval: 59802 H: 19.68 dlogZ: 9681.343 logZ: -9823.524 +/- 0.140 logLmax: -129.18
08-04 13:44 nessai INFO    : it: 14000: Rolling KS test: D=0.036, p-value=0.07308
08-04 13:44 nessai INFO    : it: 14000: n eval: 65503 H: 20.71 dlogZ: 5312.591 logZ: -5455.772 +/- 0.144 logLmax: -129.18
08-04 13:44 nessai INFO    : it: 15000: Rolling KS test: D=0.013, p-value=0.7071
08-04 13:44 nessai INFO    : it: 15000: n eval: 74987 H: 21.83 dlogZ: 3050.123 logZ: -3194.304 +/- 0.148 logLmax: -129.18
08-04 13:44 nessai INFO    : it: 16000: Rolling KS test: D=0.029, p-value=0.1825
08-04 13:44 nessai INFO    : it: 16000: n eval: 82228 H: 22.35 dlogZ: 1708.702 logZ: -1853.882 +/- 0.149 logLmax: -129.18
08-04 13:44 nessai INFO    : it: 17000: Rolling KS test: D=0.022, p-value=0.3744
08-04 13:44 nessai INFO    : it: 17000: n eval: 94160 H: 22.18 dlogZ: 1021.956 logZ: -1097.292 +/- 0.149 logLmax: -58.34
08-04 13:44 nessai INFO    : it: 18000: Rolling KS test: D=0.009, p-value=0.8454
08-04 13:44 nessai INFO    : it: 18000: n eval: 109702 H: 22.91 dlogZ: 629.836 logZ: -685.334 +/- 0.151 logLmax: -37.50
08-04 13:44 nessai INFO    : it: 19000: Rolling KS test: D=0.035, p-value=0.08429
08-04 13:44 nessai INFO    : it: 19000: n eval: 127205 H: 22.93 dlogZ: 368.090 logZ: -424.588 +/- 0.151 logLmax: -37.50
08-04 13:44 nessai INFO    : it: 20000: Rolling KS test: D=0.015, p-value=0.6313
08-04 13:44 nessai INFO    : it: 20000: n eval: 144349 H: 24.14 dlogZ: 234.403 logZ: -274.178 +/- 0.155 logLmax: -19.78
08-04 13:44 nessai INFO    : it: 21000: Rolling KS test: D=0.016, p-value=0.593
08-04 13:44 nessai INFO    : it: 21000: n eval: 175195 H: 24.10 dlogZ: 157.234 logZ: -190.464 +/- 0.155 logLmax: -12.23
08-04 13:44 nessai INFO    : it: 22000: Rolling KS test: D=0.03, p-value=0.162
08-04 13:44 nessai INFO    : it: 22000: n eval: 204551 H: 24.87 dlogZ: 102.079 logZ: -135.781 +/- 0.158 logLmax: -11.70
08-04 13:45 nessai INFO    : it: 23000: Rolling KS test: D=0.034, p-value=0.09683
08-04 13:45 nessai INFO    : it: 23000: n eval: 251650 H: 25.26 dlogZ: 66.343 logZ: -101.009 +/- 0.159 logLmax: -11.67
08-04 13:45 nessai INFO    : it: 24000: Rolling KS test: D=0.014, p-value=0.6695
08-04 13:45 nessai INFO    : it: 24000: n eval: 291650 H: 25.74 dlogZ: 44.486 logZ: -79.583 +/- 0.160 logLmax: -11.10
08-04 13:45 nessai INFO    : it: 25000: Rolling KS test: D=0.013, p-value=0.7071
08-04 13:45 nessai INFO    : it: 25000: n eval: 351650 H: 26.41 dlogZ: 31.957 logZ: -65.644 +/- 0.162 logLmax: -8.69
08-04 13:45 nessai INFO    : it: 26000: Rolling KS test: D=0.023, p-value=0.3419
08-04 13:45 nessai INFO    : it: 26000: n eval: 431650 H: 26.91 dlogZ: 24.376 logZ: -56.791 +/- 0.164 logLmax: -6.42
08-04 13:45 nessai INFO    : it: 27000: Rolling KS test: D=0.004, p-value=0.9659
08-04 13:45 nessai INFO    : it: 27000: n eval: 511650 H: 27.41 dlogZ: 18.156 logZ: -50.937 +/- 0.166 logLmax: -5.78
08-04 13:45 nessai INFO    : it: 28000: Rolling KS test: D=0.028, p-value=0.2046
08-04 13:45 nessai INFO    : it: 28000: n eval: 601650 H: 28.14 dlogZ: 15.250 logZ: -46.670 +/- 0.168 logLmax: -3.42
08-04 13:45 nessai INFO    : it: 29000: Rolling KS test: D=0.032, p-value=0.1263
08-04 13:45 nessai INFO    : it: 29000: n eval: 661650 H: 28.73 dlogZ: 11.144 logZ: -43.564 +/- 0.170 logLmax: -3.42
08-04 13:46 nessai INFO    : it: 30000: Rolling KS test: D=0.042, p-value=0.02854
08-04 13:46 nessai INFO    : it: 30000: n eval: 721650 H: 29.35 dlogZ: 8.538 logZ: -41.290 +/- 0.171 logLmax: -2.75
08-04 13:46 nessai INFO    : it: 31000: Rolling KS test: D=0.011, p-value=0.7794
08-04 13:46 nessai INFO    : it: 31000: n eval: 781650 H: 29.88 dlogZ: 5.962 logZ: -39.711 +/- 0.173 logLmax: -2.75
08-04 13:46 nessai INFO    : it: 32000: Rolling KS test: D=0.018, p-value=0.5169
08-04 13:46 nessai INFO    : it: 32000: n eval: 821327 H: 30.42 dlogZ: 4.561 logZ: -38.564 +/- 0.174 logLmax: -2.02
08-04 13:46 nessai INFO    : it: 33000: Rolling KS test: D=0.028, p-value=0.2046
08-04 13:46 nessai INFO    : it: 33000: n eval: 871040 H: 30.84 dlogZ: 3.538 logZ: -37.812 +/- 0.176 logLmax: -1.30
08-04 13:46 nessai INFO    : it: 34000: Rolling KS test: D=0.039, p-value=0.0465
08-04 13:46 nessai INFO    : it: 34000: n eval: 931040 H: 31.14 dlogZ: 2.184 logZ: -37.368 +/- 0.176 logLmax: -1.30
08-04 13:46 nessai INFO    : it: 35000: Rolling KS test: D=0.033, p-value=0.1108
08-04 13:46 nessai INFO    : it: 35000: n eval: 990638 H: 31.37 dlogZ: 1.173 logZ: -37.106 +/- 0.177 logLmax: -1.30
08-04 13:46 nessai INFO    : it: 36000: Rolling KS test: D=0.026, p-value=0.2543
08-04 13:46 nessai INFO    : it: 36000: n eval: 1050638 H: 31.54 dlogZ: 0.534 logZ: -36.954 +/- 0.178 logLmax: -1.30
08-04 13:46 nessai INFO    : it: 37000: Rolling KS test: D=0.008, p-value=0.8752
08-04 13:46 nessai INFO    : it: 37000: n eval: 1100526 H: 31.65 dlogZ: 0.214 logZ: -36.872 +/- 0.178 logLmax: -1.30
08-04 13:46 nessai INFO    : Stopping with difference_log_evidence=0.100
08-04 13:46 nessai INFO    : Finalising
08-04 13:46 nessai INFO    : Final ln-evidence: -36.794 +/- 0.178
08-04 13:46 nessai INFO    : Information: 31.79
08-04 13:46 nessai INFO    : Final KS test: D=0.004531, p-value=0.2112
08-04 13:46 nessai INFO    : Checkpointing nested sampling
08-04 13:46 nessai INFO    : Total sampling time: 0:02:59.509407
08-04 13:46 nessai INFO    : Total training time: 0:01:04.327041
08-04 13:46 nessai INFO    : Total population time: 0:00:52.287338
08-04 13:46 nessai INFO    : Total likelihood evaluations: 1138976
08-04 13:46 nessai INFO    : Time spent evaluating likelihood: 0:00:21.681313
08-04 13:46 nessai INFO    : Total sampling time: 0:02:59.509407
08-04 13:46 nessai INFO    : Total likelihood evaluations: 1138976
08-04 13:46 nessai INFO    : Starting post processing
08-04 13:46 nessai INFO    : Computing posterior samples
08-04 13:46 nessai INFO    : Effective sample size: 6858.4
08-04 13:46 nessai INFO    : Producing posterior samples using rejection sampling
08-04 13:46 nessai INFO    : Expect 4730.20261856317 samples from rejection sampling
08-04 13:46 nessai INFO    : Returned 4707 posterior samples
08-04 13:47 nessai INFO    : Starting to close worker pool.
08-04 13:47 nessai INFO    : Finished closing worker pool.
