/data/wiay/postgrads/shashwat/qunat_com_future/lib/python3.11/site-packages/nessai/utils/logging.py:133: FutureWarning: setup_logger is deprecated, use configure_logger instead
  warnings.warn(
08-04 16:18 nessai INFO    : Running Nessai version 0.15.2
08-04 16:18 nessai INFO    : Starting multiprocessing pool with 4 processes
08-04 16:18 nessai INFO    : Initialising nested sampler
08-04 16:18 nessai WARNING : Multiprocessing pool has already been configured.
/data/wiay/postgrads/shashwat/qunat_com_future/lib/python3.11/site-packages/nessai/gw/__init__.py:12: FutureWarning: The `nessai.gw` module will be deprecated in the next release in favour of the nessai-gw package. This packages provides the same functionality as`nessai.gw` via the plugin interface.For more details, see: https://github.com/mj-will/nessai-gw
  warnings.warn(
08-04 16:18 nessai INFO    : Passing kwargs to FlowProposal: {'poolsize': 1000}
08-04 16:18 nessai INFO    : No reparameterisations provided, using default reparameterisations included in FlowProposal
08-04 16:18 nessai INFO    : Adding reparameterisations from: {}
08-04 16:18 nessai INFO    : Assuming fallback reparameterisation (ScaleAndShift) for ['kappa', 'mu_xi', 'sigma_chi', 'sigma_xi', 'rho', 'lambda_chi', 'chi0', 'xi0'] with kwargs: {'estimate_scale': True, 'estimate_shift': True, 'prior_bounds': {'kappa': array([0.1, 5. ]), 'mu_xi': array([0. , 0.1]), 'sigma_chi': array([0.05, 0.6 ]), 'sigma_xi': array([0.05, 0.4 ]), 'rho': array([-0.9,  0.9]), 'lambda_chi': array([-0.5,  0.5]), 'chi0': array([-0.5,  0.5]), 'xi0': array([2.5, 5. ])}}.
08-04 16:18 nessai INFO    : x space parameters: ['kappa', 'mu_xi', 'sigma_chi', 'sigma_xi', 'rho', 'lambda_chi', 'chi0', 'xi0']
08-04 16:18 nessai INFO    : x prime space parameters: ['kappa_prime', 'mu_xi_prime', 'sigma_chi_prime', 'sigma_xi_prime', 'rho_prime', 'lambda_chi_prime', 'chi0_prime', 'xi0_prime']
08-04 16:18 nessai INFO    : Overwriting fuzz factor with expansion fraction
08-04 16:18 nessai INFO    : New fuzz factor: 1.2228445449938519
08-04 16:18 nessai INFO    : Verifying rescaling functions
08-04 16:18 nessai INFO    : Rescaling functions are invertible
08-04 16:18 nessai INFO    : Populating initial live points
08-04 16:18 nessai INFO    : Populated 100 / 1000 live points
08-04 16:18 nessai INFO    : Populated 200 / 1000 live points
08-04 16:18 nessai INFO    : Populated 300 / 1000 live points
08-04 16:18 nessai INFO    : Populated 400 / 1000 live points
08-04 16:18 nessai INFO    : Populated 500 / 1000 live points
08-04 16:18 nessai INFO    : Populated 600 / 1000 live points
08-04 16:18 nessai INFO    : Populated 700 / 1000 live points
08-04 16:18 nessai INFO    : Populated 800 / 1000 live points
08-04 16:18 nessai INFO    : Populated 900 / 1000 live points
08-04 16:18 nessai INFO    : Populated 1000 / 1000 live points
08-04 16:18 nessai INFO    : Starting nested sampling loop
08-04 16:18 nessai INFO    : it:  1000: Rolling KS test: D=0.008, p-value=0.8752
08-04 16:18 nessai INFO    : it:  1000: n eval: 3000 H: 7.91 dlogZ: 146229966.300 logZ: -147321234.255 +/- 0.089 logLmax: -1091266.96
08-04 16:18 nessai INFO    : it:  2000: Rolling KS test: D=0.016, p-value=0.593
08-04 16:18 nessai INFO    : it:  2000: n eval: 8000 H: 8.91 dlogZ: 38403745.914 logZ: -39495014.869 +/- 0.094 logLmax: -1091266.96
08-04 16:18 nessai INFO    : Switching to FlowProposal
08-04 16:18 nessai INFO    : it:  3000: Rolling KS test: D=0.045, p-value=0.01689
08-04 16:18 nessai INFO    : it:  3000: n eval: 12075 H: 9.91 dlogZ: 13907932.863 logZ: -14781002.545 +/- 0.100 logLmax: -873066.68
08-04 16:18 nessai INFO    : it:  4000: Rolling KS test: D=0.008, p-value=0.8752
08-04 16:18 nessai INFO    : it:  4000: n eval: 15761 H: 10.91 dlogZ: 7550440.755 logZ: -7906156.688 +/- 0.104 logLmax: -355711.93
08-04 16:18 nessai INFO    : it:  5000: Rolling KS test: D=0.006, p-value=0.9268
08-04 16:18 nessai INFO    : it:  5000: n eval: 20359 H: 11.91 dlogZ: 4616337.503 logZ: -4972054.436 +/- 0.109 logLmax: -355711.93
08-04 16:18 nessai INFO    : it:  6000: Rolling KS test: D=0.019, p-value=0.4797
08-04 16:18 nessai INFO    : it:  6000: n eval: 22382 H: 12.91 dlogZ: 3030559.004 logZ: -3386276.937 +/- 0.114 logLmax: -355711.93
08-04 16:18 nessai INFO    : it:  7000: Rolling KS test: D=0.023, p-value=0.3419
08-04 16:18 nessai INFO    : it:  7000: n eval: 26758 H: 13.91 dlogZ: 2261034.709 logZ: -2352240.696 +/- 0.118 logLmax: -91198.99
08-04 16:18 nessai INFO    : it:  8000: Rolling KS test: D=0.02, p-value=0.4434
08-04 16:18 nessai INFO    : it:  8000: n eval: 31193 H: 14.91 dlogZ: 1504973.226 logZ: -1596180.212 +/- 0.122 logLmax: -91198.99
08-04 16:18 nessai INFO    : it:  9000: Rolling KS test: D=0.041, p-value=0.03371
08-04 16:18 nessai INFO    : it:  9000: n eval: 38725 H: 15.91 dlogZ: 991384.558 logZ: -1050014.051 +/- 0.126 logLmax: -58620.49
08-04 16:18 nessai INFO    : it: 10000: Rolling KS test: D=0.031, p-value=0.1433
08-04 16:18 nessai INFO    : it: 10000: n eval: 43704 H: 16.91 dlogZ: 681577.192 logZ: -701113.564 +/- 0.130 logLmax: -19526.37
08-04 16:18 nessai INFO    : it: 11000: Rolling KS test: D=0.029, p-value=0.1825
08-04 16:18 nessai INFO    : it: 11000: n eval: 49104 H: 17.91 dlogZ: 427122.346 logZ: -446659.718 +/- 0.134 logLmax: -19526.37
08-04 16:18 nessai INFO    : it: 12000: Rolling KS test: D=0.021, p-value=0.4082
08-04 16:18 nessai INFO    : it: 12000: n eval: 53953 H: 18.91 dlogZ: 284246.760 logZ: -289931.532 +/- 0.138 logLmax: -5672.77
08-04 16:18 nessai INFO    : it: 13000: Rolling KS test: D=0.023, p-value=0.3419
08-04 16:18 nessai INFO    : it: 13000: n eval: 58958 H: 19.91 dlogZ: 179383.808 logZ: -181557.317 +/- 0.141 logLmax: -2160.51
08-04 16:18 nessai INFO    : it: 14000: Rolling KS test: D=0.019, p-value=0.4797
08-04 16:18 nessai INFO    : it: 14000: n eval: 64601 H: 20.90 dlogZ: 118117.322 logZ: -120291.832 +/- 0.145 logLmax: -2160.51
08-04 16:18 nessai INFO    : it: 15000: Rolling KS test: D=0.016, p-value=0.593
08-04 16:18 nessai INFO    : it: 15000: n eval: 69289 H: 21.74 dlogZ: 76678.778 logZ: -78854.288 +/- 0.147 logLmax: -2160.51
08-04 16:18 nessai INFO    : it: 16000: Rolling KS test: D=0.014, p-value=0.6695
08-04 16:18 nessai INFO    : it: 16000: n eval: 73806 H: 22.91 dlogZ: 47708.010 logZ: -49884.519 +/- 0.151 logLmax: -2160.51
08-04 16:18 nessai INFO    : it: 17000: Rolling KS test: D=0.024, p-value=0.311
08-04 16:18 nessai INFO    : it: 17000: n eval: 79440 H: 23.46 dlogZ: 30386.858 logZ: -32564.367 +/- 0.153 logLmax: -2160.51
08-04 16:18 nessai INFO    : it: 18000: Rolling KS test: D=0.022, p-value=0.3744
08-04 16:18 nessai INFO    : it: 18000: n eval: 84949 H: 24.80 dlogZ: 20677.676 logZ: -21103.602 +/- 0.157 logLmax: -407.93
08-04 16:18 nessai INFO    : it: 19000: Rolling KS test: D=0.027, p-value=0.2286
08-04 16:18 nessai INFO    : it: 19000: n eval: 90127 H: 25.57 dlogZ: 12831.588 logZ: -13258.514 +/- 0.160 logLmax: -407.93
08-04 16:18 nessai INFO    : it: 20000: Rolling KS test: D=0.026, p-value=0.2543
08-04 16:18 nessai INFO    : it: 20000: n eval: 96143 H: 26.34 dlogZ: 8060.171 logZ: -8370.633 +/- 0.162 logLmax: -290.46
08-04 16:18 nessai INFO    : it: 21000: Rolling KS test: D=0.006, p-value=0.9268
08-04 16:18 nessai INFO    : it: 21000: n eval: 106517 H: 26.90 dlogZ: 4908.885 logZ: -5220.347 +/- 0.164 logLmax: -290.46
08-04 16:18 nessai INFO    : it: 22000: Rolling KS test: D=0.038, p-value=0.05428
08-04 16:18 nessai INFO    : it: 22000: n eval: 114004 H: 27.92 dlogZ: 3085.888 logZ: -3305.178 +/- 0.167 logLmax: -197.29
08-04 16:18 nessai INFO    : it: 23000: Rolling KS test: D=0.022, p-value=0.3744
08-04 16:18 nessai INFO    : it: 23000: n eval: 119588 H: 27.85 dlogZ: 1841.590 logZ: -2061.881 +/- 0.167 logLmax: -197.29
08-04 16:18 nessai INFO    : it: 24000: Rolling KS test: D=0.029, p-value=0.1825
08-04 16:18 nessai INFO    : it: 24000: n eval: 125243 H: 28.87 dlogZ: 1205.101 logZ: -1295.239 +/- 0.170 logLmax: -66.14
08-04 16:19 nessai INFO    : it: 25000: Rolling KS test: D=0.025, p-value=0.2818
08-04 16:19 nessai INFO    : it: 25000: n eval: 132421 H: 29.91 dlogZ: 741.847 logZ: -832.985 +/- 0.173 logLmax: -66.14
08-04 16:19 nessai INFO    : it: 26000: Rolling KS test: D=0.025, p-value=0.2818
08-04 16:19 nessai INFO    : it: 26000: n eval: 143147 H: 29.96 dlogZ: 481.827 logZ: -562.451 +/- 0.173 logLmax: -54.62
08-04 16:19 nessai INFO    : it: 27000: Rolling KS test: D=0.04, p-value=0.03967
08-04 16:19 nessai INFO    : it: 27000: n eval: 151548 H: 30.72 dlogZ: 318.027 logZ: -393.085 +/- 0.175 logLmax: -48.06
08-04 16:19 nessai INFO    : it: 28000: Rolling KS test: D=0.033, p-value=0.1108
08-04 16:19 nessai INFO    : it: 28000: n eval: 164039 H: 31.22 dlogZ: 213.886 logZ: -282.396 +/- 0.177 logLmax: -40.51
08-04 16:19 nessai INFO    : it: 29000: Rolling KS test: D=0.011, p-value=0.7794
08-04 16:19 nessai INFO    : it: 29000: n eval: 179227 H: 32.02 dlogZ: 151.427 logZ: -215.848 +/- 0.179 logLmax: -35.42
08-04 16:19 nessai INFO    : it: 30000: Rolling KS test: D=0.017, p-value=0.5547
08-04 16:19 nessai INFO    : it: 30000: n eval: 194184 H: 32.61 dlogZ: 112.926 logZ: -168.063 +/- 0.181 logLmax: -25.14
08-04 16:19 nessai INFO    : it: 31000: Rolling KS test: D=0.033, p-value=0.1108
08-04 16:19 nessai INFO    : it: 31000: n eval: 210016 H: 33.27 dlogZ: 81.947 logZ: -135.144 +/- 0.182 logLmax: -22.20
08-04 16:19 nessai INFO    : it: 32000: Rolling KS test: D=0.025, p-value=0.2818
08-04 16:19 nessai INFO    : it: 32000: n eval: 228149 H: 34.04 dlogZ: 62.314 logZ: -111.822 +/- 0.185 logLmax: -17.51
08-04 16:19 nessai INFO    : it: 33000: Rolling KS test: D=0.01, p-value=0.8133
08-04 16:19 nessai INFO    : it: 33000: n eval: 246408 H: 34.50 dlogZ: 45.557 logZ: -96.064 +/- 0.186 logLmax: -17.51
08-04 16:19 nessai INFO    : it: 34000: Rolling KS test: D=0.028, p-value=0.2046
08-04 16:19 nessai INFO    : it: 34000: n eval: 259194 H: 35.12 dlogZ: 38.771 logZ: -84.297 +/- 0.187 logLmax: -11.53
08-04 16:19 nessai INFO    : it: 35000: Rolling KS test: D=0.011, p-value=0.7794
08-04 16:19 nessai INFO    : it: 35000: n eval: 268207 H: 36.01 dlogZ: 29.058 logZ: -75.584 +/- 0.190 logLmax: -11.53
08-04 16:19 nessai INFO    : it: 36000: Rolling KS test: D=0.009, p-value=0.8454
08-04 16:19 nessai INFO    : it: 36000: n eval: 290660 H: 36.55 dlogZ: 21.878 logZ: -69.404 +/- 0.191 logLmax: -11.53
08-04 16:19 nessai INFO    : it: 37000: Rolling KS test: D=0.024, p-value=0.311
08-04 16:19 nessai INFO    : it: 37000: n eval: 302189 H: 37.21 dlogZ: 18.717 logZ: -65.006 +/- 0.193 logLmax: -9.29
08-04 16:19 nessai INFO    : it: 38000: Rolling KS test: D=0.047, p-value=0.01167
08-04 16:19 nessai INFO    : it: 38000: n eval: 311085 H: 37.85 dlogZ: 14.344 logZ: -61.634 +/- 0.195 logLmax: -9.29
08-04 16:19 nessai INFO    : it: 39000: Rolling KS test: D=0.019, p-value=0.4797
08-04 16:19 nessai INFO    : it: 39000: n eval: 333337 H: 38.44 dlogZ: 11.029 logZ: -59.177 +/- 0.196 logLmax: -9.15
08-04 16:19 nessai INFO    : it: 40000: Rolling KS test: D=0.047, p-value=0.01167
08-04 16:19 nessai INFO    : it: 40000: n eval: 344430 H: 39.05 dlogZ: 10.018 logZ: -57.398 +/- 0.198 logLmax: -7.38
08-04 16:19 nessai INFO    : it: 41000: Rolling KS test: D=0.019, p-value=0.4797
08-04 16:20 nessai INFO    : it: 41000: n eval: 359734 H: 39.66 dlogZ: 7.651 logZ: -56.030 +/- 0.199 logLmax: -7.38
08-04 16:20 nessai INFO    : it: 42000: Rolling KS test: D=0.01, p-value=0.8133
08-04 16:20 nessai INFO    : it: 42000: n eval: 373803 H: 40.26 dlogZ: 5.604 logZ: -54.981 +/- 0.201 logLmax: -7.38
08-04 16:20 nessai INFO    : it: 43000: Rolling KS test: D=0.025, p-value=0.2818
08-04 16:20 nessai INFO    : it: 43000: n eval: 387733 H: 40.77 dlogZ: 4.738 logZ: -54.231 +/- 0.202 logLmax: -6.50
08-04 16:20 nessai INFO    : it: 44000: Rolling KS test: D=0.031, p-value=0.1433
08-04 16:20 nessai INFO    : it: 44000: n eval: 395510 H: 41.21 dlogZ: 3.283 logZ: -53.713 +/- 0.203 logLmax: -6.47
08-04 16:20 nessai INFO    : it: 45000: Rolling KS test: D=0.017, p-value=0.5547
08-04 16:20 nessai INFO    : it: 45000: n eval: 404761 H: 41.58 dlogZ: 2.029 logZ: -53.356 +/- 0.204 logLmax: -6.47
08-04 16:20 nessai INFO    : it: 46000: Rolling KS test: D=0.006, p-value=0.9268
08-04 16:20 nessai INFO    : it: 46000: n eval: 414911 H: 41.89 dlogZ: 1.072 logZ: -53.121 +/- 0.205 logLmax: -6.47
08-04 16:20 nessai INFO    : it: 47000: Rolling KS test: D=0.031, p-value=0.1433
08-04 16:20 nessai INFO    : it: 47000: n eval: 421500 H: 42.11 dlogZ: 0.600 logZ: -52.977 +/- 0.205 logLmax: -6.17
08-04 16:20 nessai INFO    : it: 48000: Rolling KS test: D=0.028, p-value=0.2046
08-04 16:20 nessai INFO    : it: 48000: n eval: 432724 H: 42.26 dlogZ: 0.260 logZ: -52.891 +/- 0.206 logLmax: -6.11
08-04 16:20 nessai INFO    : it: 49000: Rolling KS test: D=0.013, p-value=0.7071
08-04 16:20 nessai INFO    : it: 49000: n eval: 444949 H: 42.36 dlogZ: 0.123 logZ: -52.844 +/- 0.206 logLmax: -5.88
08-04 16:20 nessai INFO    : Stopping with difference_log_evidence=0.100
08-04 16:20 nessai INFO    : Finalising
08-04 16:20 nessai INFO    : Final ln-evidence: -52.800 +/- 0.206
08-04 16:20 nessai INFO    : Information: 42.47
08-04 16:20 nessai INFO    : Final KS test: D=0.006862, p-value=0.00967
08-04 16:20 nessai WARNING : Final p-value for the insertion indices is less than 0.05, this could be an indication of problems during sampling. Consider checking the diagnostic plots.
08-04 16:20 nessai INFO    : Checkpointing nested sampling
08-04 16:20 nessai INFO    : Total sampling time: 0:02:16.328666
08-04 16:20 nessai INFO    : Total training time: 0:00:48.409708
08-04 16:20 nessai INFO    : Total population time: 0:00:26.456246
08-04 16:20 nessai INFO    : Total likelihood evaluations: 444949
08-04 16:20 nessai INFO    : Time spent evaluating likelihood: 0:00:09.248117
08-04 16:20 nessai INFO    : Total sampling time: 0:02:16.328666
08-04 16:20 nessai INFO    : Total likelihood evaluations: 444949
08-04 16:20 nessai INFO    : Starting post processing
08-04 16:20 nessai INFO    : Computing posterior samples
08-04 16:20 nessai INFO    : Effective sample size: 8053.1
08-04 16:20 nessai INFO    : Producing posterior samples using rejection sampling
08-04 16:20 nessai INFO    : Expect 5699.92485523587 samples from rejection sampling
08-04 16:20 nessai INFO    : Returned 5706 posterior samples
08-04 16:20 nessai INFO    : Starting to close worker pool.
08-04 16:20 nessai INFO    : Finished closing worker pool.
