/data/wiay/postgrads/shashwat/qunat_com_future/lib/python3.11/site-packages/nessai/utils/logging.py:133: FutureWarning: setup_logger is deprecated, use configure_logger instead
  warnings.warn(
08-04 14:50 nessai INFO    : Running Nessai version 0.15.2
08-04 14:50 nessai INFO    : Starting multiprocessing pool with 4 processes
08-04 14:50 nessai INFO    : Initialising nested sampler
08-04 14:50 nessai WARNING : Multiprocessing pool has already been configured.
/data/wiay/postgrads/shashwat/qunat_com_future/lib/python3.11/site-packages/nessai/gw/__init__.py:12: FutureWarning: The `nessai.gw` module will be deprecated in the next release in favour of the nessai-gw package. This packages provides the same functionality as`nessai.gw` via the plugin interface.For more details, see: https://github.com/mj-will/nessai-gw
  warnings.warn(
08-04 14:50 nessai INFO    : Passing kwargs to FlowProposal: {'poolsize': 1000}
08-04 14:50 nessai INFO    : No reparameterisations provided, using default reparameterisations included in FlowProposal
08-04 14:50 nessai INFO    : Adding reparameterisations from: {}
08-04 14:50 nessai INFO    : Assuming fallback reparameterisation (ScaleAndShift) for ['kappa', 'mu_xi', 'sigma_chi', 'sigma_xi', 'rho', 'lambda_chi', 'chi0', 'xi0'] with kwargs: {'estimate_scale': True, 'estimate_shift': True, 'prior_bounds': {'kappa': array([0.1, 5. ]), 'mu_xi': array([0. , 0.1]), 'sigma_chi': array([0.05, 0.6 ]), 'sigma_xi': array([0.05, 0.4 ]), 'rho': array([-0.9,  0.9]), 'lambda_chi': array([-0.5,  0.5]), 'chi0': array([-0.5,  0.5]), 'xi0': array([2.5, 5. ])}}.
08-04 14:50 nessai INFO    : x space parameters: ['kappa', 'mu_xi', 'sigma_chi', 'sigma_xi', 'rho', 'lambda_chi', 'chi0', 'xi0']
08-04 14:50 nessai INFO    : x prime space parameters: ['kappa_prime', 'mu_xi_prime', 'sigma_chi_prime', 'sigma_xi_prime', 'rho_prime', 'lambda_chi_prime', 'chi0_prime', 'xi0_prime']
08-04 14:50 nessai INFO    : Overwriting fuzz factor with expansion fraction
08-04 14:50 nessai INFO    : New fuzz factor: 1.2228445449938519
08-04 14:50 nessai INFO    : Verifying rescaling functions
08-04 14:50 nessai INFO    : Rescaling functions are invertible
08-04 14:50 nessai INFO    : Populating initial live points
08-04 14:50 nessai INFO    : Populated 100 / 1000 live points
08-04 14:50 nessai INFO    : Populated 200 / 1000 live points
08-04 14:50 nessai INFO    : Populated 300 / 1000 live points
08-04 14:50 nessai INFO    : Populated 400 / 1000 live points
08-04 14:50 nessai INFO    : Populated 500 / 1000 live points
08-04 14:50 nessai INFO    : Populated 600 / 1000 live points
08-04 14:50 nessai INFO    : Populated 700 / 1000 live points
08-04 14:50 nessai INFO    : Populated 800 / 1000 live points
08-04 14:50 nessai INFO    : Populated 900 / 1000 live points
08-04 14:50 nessai INFO    : Populated 1000 / 1000 live points
08-04 14:50 nessai INFO    : Starting nested sampling loop
08-04 14:50 nessai INFO    : it:  1000: Rolling KS test: D=0.012, p-value=0.7438
08-04 14:50 nessai INFO    : it:  1000: n eval: 3000 H: 7.91 dlogZ: 8017177.020 logZ: -8022317.930 +/- 0.089 logLmax: -5139.91
08-04 14:50 nessai INFO    : it:  2000: Rolling KS test: D=0.037, p-value=0.06311
08-04 14:50 nessai INFO    : it:  2000: n eval: 8000 H: 8.91 dlogZ: 528832.481 logZ: -533974.391 +/- 0.094 logLmax: -5139.91
08-04 14:50 nessai INFO    : Switching to FlowProposal
08-04 14:50 nessai INFO    : it:  3000: Rolling KS test: D=0.021, p-value=0.4082
08-04 14:50 nessai INFO    : it:  3000: n eval: 11922 H: 9.91 dlogZ: 139006.879 logZ: -141267.100 +/- 0.100 logLmax: -2257.22
08-04 14:50 nessai INFO    : it:  4000: Rolling KS test: D=0.013, p-value=0.7071
08-04 14:50 nessai INFO    : it:  4000: n eval: 13508 H: 10.90 dlogZ: 64896.199 logZ: -65107.046 +/- 0.104 logLmax: -206.85
08-04 14:50 nessai INFO    : it:  5000: Rolling KS test: D=0.018, p-value=0.5169
08-04 14:50 nessai INFO    : it:  5000: n eval: 17686 H: 11.90 dlogZ: 33411.476 logZ: -33623.323 +/- 0.109 logLmax: -206.85
08-04 14:50 nessai INFO    : it:  6000: Rolling KS test: D=0.024, p-value=0.311
08-04 14:50 nessai INFO    : it:  6000: n eval: 21875 H: 12.78 dlogZ: 18347.937 logZ: -18560.784 +/- 0.113 logLmax: -206.85
08-04 14:50 nessai INFO    : it:  7000: Rolling KS test: D=0.032, p-value=0.1263
08-04 14:50 nessai INFO    : it:  7000: n eval: 26206 H: 13.91 dlogZ: 10329.339 logZ: -10543.186 +/- 0.118 logLmax: -206.85
08-04 14:50 nessai INFO    : it:  8000: Rolling KS test: D=0.024, p-value=0.311
08-04 14:50 nessai INFO    : it:  8000: n eval: 30232 H: 14.21 dlogZ: 6069.722 logZ: -6284.569 +/- 0.119 logLmax: -206.85
08-04 14:50 nessai INFO    : it:  9000: Rolling KS test: D=0.033, p-value=0.1108
08-04 14:50 nessai INFO    : it:  9000: n eval: 34702 H: 15.86 dlogZ: 3402.118 logZ: -3609.196 +/- 0.126 logLmax: -198.08
08-04 14:50 nessai INFO    : it: 10000: Rolling KS test: D=0.015, p-value=0.6313
08-04 14:50 nessai INFO    : it: 10000: n eval: 38877 H: 15.96 dlogZ: 2107.393 logZ: -2188.884 +/- 0.126 logLmax: -71.49
08-04 14:50 nessai INFO    : it: 11000: Rolling KS test: D=0.007, p-value=0.9024
08-04 14:50 nessai INFO    : it: 11000: n eval: 43585 H: 16.04 dlogZ: 1250.796 logZ: -1333.286 +/- 0.127 logLmax: -71.49
08-04 14:50 nessai INFO    : it: 12000: Rolling KS test: D=0.023, p-value=0.3419
08-04 14:50 nessai INFO    : it: 12000: n eval: 48167 H: 17.18 dlogZ: 783.086 logZ: -817.463 +/- 0.131 logLmax: -22.38
08-04 14:50 nessai INFO    : it: 13000: Rolling KS test: D=0.027, p-value=0.2286
08-04 14:50 nessai INFO    : it: 13000: n eval: 52785 H: 17.90 dlogZ: 456.406 logZ: -490.135 +/- 0.134 logLmax: -20.73
08-04 14:50 nessai INFO    : it: 14000: Rolling KS test: D=0.03, p-value=0.162
08-04 14:50 nessai INFO    : it: 14000: n eval: 55054 H: 18.06 dlogZ: 273.129 logZ: -307.858 +/- 0.134 logLmax: -20.73
08-04 14:50 nessai INFO    : it: 15000: Rolling KS test: D=0.014, p-value=0.6695
08-04 14:50 nessai INFO    : it: 15000: n eval: 59821 H: 18.31 dlogZ: 164.300 logZ: -191.692 +/- 0.135 logLmax: -12.39
08-04 14:50 nessai INFO    : it: 16000: Rolling KS test: D=0.02, p-value=0.4434
08-04 14:50 nessai INFO    : it: 16000: n eval: 67362 H: 18.91 dlogZ: 101.565 logZ: -123.750 +/- 0.138 logLmax: -6.19
08-04 14:50 nessai INFO    : it: 17000: Rolling KS test: D=0.022, p-value=0.3744
08-04 14:50 nessai INFO    : it: 17000: n eval: 73358 H: 19.42 dlogZ: 63.942 logZ: -84.565 +/- 0.139 logLmax: -3.62
08-04 14:50 nessai INFO    : it: 18000: Rolling KS test: D=0.006, p-value=0.9268
08-04 14:50 nessai INFO    : it: 18000: n eval: 79588 H: 19.78 dlogZ: 38.776 logZ: -60.399 +/- 0.141 logLmax: -3.62
08-04 14:50 nessai INFO    : it: 19000: Rolling KS test: D=0.034, p-value=0.09683
08-04 14:50 nessai INFO    : it: 19000: n eval: 89241 H: 20.27 dlogZ: 24.579 logZ: -46.370 +/- 0.142 logLmax: -2.79
08-04 14:50 nessai INFO    : it: 20000: Rolling KS test: D=0.019, p-value=0.4797
08-04 14:51 nessai INFO    : it: 20000: n eval: 96093 H: 20.73 dlogZ: 15.462 logZ: -38.254 +/- 0.144 logLmax: -2.79
08-04 14:51 nessai INFO    : it: 21000: Rolling KS test: D=0.031, p-value=0.1433
08-04 14:51 nessai INFO    : it: 21000: n eval: 108420 H: 21.14 dlogZ: 9.555 logZ: -33.347 +/- 0.145 logLmax: -2.79
08-04 14:51 nessai INFO    : it: 22000: Rolling KS test: D=0.003, p-value=0.9802
08-04 14:51 nessai INFO    : it: 22000: n eval: 121856 H: 21.60 dlogZ: 5.748 logZ: -30.537 +/- 0.147 logLmax: -2.79
08-04 14:51 nessai INFO    : it: 23000: Rolling KS test: D=0.031, p-value=0.1433
08-04 14:51 nessai INFO    : it: 23000: n eval: 138611 H: 21.88 dlogZ: 3.316 logZ: -28.979 +/- 0.148 logLmax: -2.70
08-04 14:51 nessai INFO    : it: 24000: Rolling KS test: D=0.034, p-value=0.09683
08-04 14:51 nessai INFO    : it: 24000: n eval: 154739 H: 22.13 dlogZ: 1.671 logZ: -28.140 +/- 0.149 logLmax: -2.68
08-04 14:51 nessai INFO    : it: 25000: Rolling KS test: D=0.023, p-value=0.3419
08-04 14:51 nessai INFO    : it: 25000: n eval: 187007 H: 22.30 dlogZ: 0.784 logZ: -27.711 +/- 0.149 logLmax: -2.54
08-04 14:51 nessai INFO    : it: 26000: Rolling KS test: D=0.016, p-value=0.593
08-04 14:51 nessai INFO    : it: 26000: n eval: 226559 H: 22.41 dlogZ: 0.348 logZ: -27.503 +/- 0.150 logLmax: -2.38
08-04 14:51 nessai INFO    : it: 27000: Rolling KS test: D=0.022, p-value=0.3744
08-04 14:51 nessai INFO    : it: 27000: n eval: 275503 H: 22.48 dlogZ: 0.133 logZ: -27.405 +/- 0.150 logLmax: -2.36
08-04 14:51 nessai INFO    : Stopping with difference_log_evidence=0.100
08-04 14:51 nessai INFO    : Finalising
08-04 14:51 nessai INFO    : Final ln-evidence: -27.329 +/- 0.150
08-04 14:51 nessai INFO    : Information: 22.55
08-04 14:51 nessai INFO    : Final KS test: D=0.004895, p-value=0.2695
08-04 14:51 nessai INFO    : Checkpointing nested sampling
08-04 14:51 nessai INFO    : Total sampling time: 0:01:19.038083
08-04 14:51 nessai INFO    : Total training time: 0:00:27.291479
08-04 14:51 nessai INFO    : Total population time: 0:00:18.069379
08-04 14:51 nessai INFO    : Total likelihood evaluations: 285503
08-04 14:51 nessai INFO    : Time spent evaluating likelihood: 0:00:05.710544
08-04 14:51 nessai INFO    : Total sampling time: 0:01:19.038083
08-04 14:51 nessai INFO    : Total likelihood evaluations: 285503
08-04 14:51 nessai INFO    : Starting post processing
08-04 14:51 nessai INFO    : Computing posterior samples
08-04 14:51 nessai INFO    : Effective sample size: 5406.7
08-04 14:51 nessai INFO    : Producing posterior samples using rejection sampling
08-04 14:51 nessai INFO    : Expect 3684.987765610719 samples from rejection sampling
08-04 14:51 nessai INFO    : Returned 3707 posterior samples
08-04 14:51 nessai INFO    : Starting to close worker pool.
08-04 14:51 nessai INFO    : Finished closing worker pool.
