/data/wiay/postgrads/shashwat/qunat_com_future/lib/python3.11/site-packages/nessai/utils/logging.py:133: FutureWarning: setup_logger is deprecated, use configure_logger instead
  warnings.warn(
08-04 10:27 nessai INFO    : Running Nessai version 0.15.2
08-04 10:27 nessai INFO    : Starting multiprocessing pool with 4 processes
08-04 10:27 nessai INFO    : Initialising nested sampler
08-04 10:27 nessai WARNING : Multiprocessing pool has already been configured.
/data/wiay/postgrads/shashwat/qunat_com_future/lib/python3.11/site-packages/nessai/gw/__init__.py:12: FutureWarning: The `nessai.gw` module will be deprecated in the next release in favour of the nessai-gw package. This packages provides the same functionality as`nessai.gw` via the plugin interface.For more details, see: https://github.com/mj-will/nessai-gw
  warnings.warn(
08-04 10:27 nessai INFO    : Passing kwargs to FlowProposal: {'poolsize': 1000}
08-04 10:27 nessai INFO    : No reparameterisations provided, using default reparameterisations included in FlowProposal
08-04 10:27 nessai INFO    : Adding reparameterisations from: {}
08-04 10:27 nessai INFO    : Assuming fallback reparameterisation (ScaleAndShift) for ['kappa', 'mu_xi', 'sigma_chi', 'sigma_xi', 'rho', 'lambda_chi', 'chi0', 'xi0'] with kwargs: {'estimate_scale': True, 'estimate_shift': True, 'prior_bounds': {'kappa': array([0.1, 5. ]), 'mu_xi': array([0. , 0.1]), 'sigma_chi': array([0.05, 0.6 ]), 'sigma_xi': array([0.05, 0.4 ]), 'rho': array([-0.9,  0.9]), 'lambda_chi': array([-0.5,  0.5]), 'chi0': array([-0.5,  0.5]), 'xi0': array([2.5, 5. ])}}.
08-04 10:27 nessai INFO    : x space parameters: ['kappa', 'mu_xi', 'sigma_chi', 'sigma_xi', 'rho', 'lambda_chi', 'chi0', 'xi0']
08-04 10:27 nessai INFO    : x prime space parameters: ['kappa_prime', 'mu_xi_prime', 'sigma_chi_prime', 'sigma_xi_prime', 'rho_prime', 'lambda_chi_prime', 'chi0_prime', 'xi0_prime']
08-04 10:27 nessai INFO    : Overwriting fuzz factor with expansion fraction
08-04 10:27 nessai INFO    : New fuzz factor: 1.2228445449938519
08-04 10:27 nessai INFO    : Verifying rescaling functions
08-04 10:27 nessai INFO    : Rescaling functions are invertible
08-04 10:27 nessai INFO    : Populating initial live points
08-04 10:27 nessai INFO    : Populated 100 / 1000 live points
08-04 10:27 nessai INFO    : Populated 200 / 1000 live points
08-04 10:27 nessai INFO    : Populated 300 / 1000 live points
08-04 10:27 nessai INFO    : Populated 400 / 1000 live points
08-04 10:27 nessai INFO    : Populated 500 / 1000 live points
08-04 10:27 nessai INFO    : Populated 600 / 1000 live points
08-04 10:27 nessai INFO    : Populated 700 / 1000 live points
08-04 10:27 nessai INFO    : Populated 800 / 1000 live points
08-04 10:27 nessai INFO    : Populated 900 / 1000 live points
08-04 10:27 nessai INFO    : Populated 1000 / 1000 live points
08-04 10:27 nessai INFO    : Starting nested sampling loop
08-04 10:27 nessai INFO    : it:  1000: Rolling KS test: D=0.01, p-value=0.8133
08-04 10:27 nessai INFO    : it:  1000: n eval: 3000 H: 7.91 dlogZ: 4101359.261 logZ: -4103663.471 +/- 0.089 logLmax: -2303.21
08-04 10:27 nessai INFO    : it:  2000: Rolling KS test: D=0.02, p-value=0.4434
08-04 10:27 nessai INFO    : it:  2000: n eval: 8000 H: 8.91 dlogZ: 907898.773 logZ: -908587.204 +/- 0.094 logLmax: -686.43
08-04 10:27 nessai INFO    : Switching to FlowProposal
08-04 10:27 nessai INFO    : it:  3000: Rolling KS test: D=0.03, p-value=0.162
08-04 10:27 nessai INFO    : it:  3000: n eval: 12101 H: 9.91 dlogZ: 306102.353 logZ: -306791.783 +/- 0.100 logLmax: -686.43
08-04 10:27 nessai INFO    : it:  4000: Rolling KS test: D=0.013, p-value=0.7071
08-04 10:27 nessai INFO    : it:  4000: n eval: 15967 H: 10.91 dlogZ: 123661.606 logZ: -124352.037 +/- 0.104 logLmax: -686.43
08-04 10:27 nessai INFO    : it:  5000: Rolling KS test: D=0.018, p-value=0.5169
08-04 10:27 nessai INFO    : it:  5000: n eval: 20603 H: 11.91 dlogZ: 53933.124 logZ: -54521.005 +/- 0.109 logLmax: -582.88
08-04 10:27 nessai INFO    : it:  6000: Rolling KS test: D=0.02, p-value=0.4434
08-04 10:27 nessai INFO    : it:  6000: n eval: 25765 H: 12.81 dlogZ: 25228.980 logZ: -25817.816 +/- 0.113 logLmax: -582.84
08-04 10:27 nessai INFO    : it:  7000: Rolling KS test: D=0.029, p-value=0.1825
08-04 10:27 nessai INFO    : it:  7000: n eval: 30716 H: 13.90 dlogZ: 12985.281 logZ: -13155.623 +/- 0.118 logLmax: -163.34
08-04 10:27 nessai INFO    : it:  8000: Rolling KS test: D=0.024, p-value=0.311
08-04 10:27 nessai INFO    : it:  8000: n eval: 35972 H: 14.22 dlogZ: 6686.535 logZ: -6741.910 +/- 0.119 logLmax: -47.38
08-04 10:27 nessai INFO    : it:  9000: Rolling KS test: D=0.037, p-value=0.06311
08-04 10:27 nessai INFO    : it:  9000: n eval: 41689 H: 14.90 dlogZ: 3414.642 logZ: -3471.017 +/- 0.122 logLmax: -47.38
08-04 10:27 nessai INFO    : it: 10000: Rolling KS test: D=0.017, p-value=0.5547
08-04 10:27 nessai INFO    : it: 10000: n eval: 51720 H: 15.49 dlogZ: 1727.818 logZ: -1785.194 +/- 0.124 logLmax: -47.38
08-04 10:27 nessai INFO    : it: 11000: Rolling KS test: D=0.062, p-value=0.0004376
08-04 10:27 nessai INFO    : it: 11000: n eval: 56973 H: 16.87 dlogZ: 945.015 logZ: -978.018 +/- 0.130 logLmax: -22.00
08-04 10:27 nessai INFO    : it: 12000: Rolling KS test: D=0.026, p-value=0.2543
08-04 10:27 nessai INFO    : it: 12000: n eval: 62776 H: 16.16 dlogZ: 500.606 logZ: -524.979 +/- 0.127 logLmax: -12.37
08-04 10:27 nessai INFO    : it: 13000: Rolling KS test: D=0.013, p-value=0.7071
08-04 10:27 nessai INFO    : it: 13000: n eval: 69666 H: 17.31 dlogZ: 259.778 logZ: -282.771 +/- 0.132 logLmax: -9.99
08-04 10:27 nessai INFO    : it: 14000: Rolling KS test: D=0.021, p-value=0.4082
08-04 10:27 nessai INFO    : it: 14000: n eval: 79885 H: 17.15 dlogZ: 139.251 logZ: -162.390 +/- 0.131 logLmax: -9.14
08-04 10:27 nessai INFO    : it: 15000: Rolling KS test: D=0.01, p-value=0.8133
08-04 10:27 nessai INFO    : it: 15000: n eval: 87596 H: 17.75 dlogZ: 78.066 logZ: -98.412 +/- 0.133 logLmax: -5.35
08-04 10:27 nessai INFO    : it: 16000: Rolling KS test: D=0.016, p-value=0.593
08-04 10:27 nessai INFO    : it: 16000: n eval: 99617 H: 18.16 dlogZ: 42.466 logZ: -63.812 +/- 0.135 logLmax: -5.35
08-04 10:27 nessai INFO    : it: 17000: Rolling KS test: D=0.028, p-value=0.2046
08-04 10:27 nessai INFO    : it: 17000: n eval: 113647 H: 18.49 dlogZ: 24.937 logZ: -46.855 +/- 0.136 logLmax: -4.92
08-04 10:27 nessai INFO    : it: 18000: Rolling KS test: D=0.023, p-value=0.3419
08-04 10:27 nessai INFO    : it: 18000: n eval: 132703 H: 18.81 dlogZ: 15.531 logZ: -37.315 +/- 0.137 logLmax: -3.79
08-04 10:27 nessai INFO    : it: 19000: Rolling KS test: D=0.024, p-value=0.311
08-04 10:27 nessai INFO    : it: 19000: n eval: 165329 H: 19.24 dlogZ: 10.282 logZ: -32.256 +/- 0.139 logLmax: -2.98
08-04 10:27 nessai INFO    : it: 20000: Rolling KS test: D=0.008, p-value=0.8752
08-04 10:27 nessai INFO    : it: 20000: n eval: 193503 H: 19.64 dlogZ: 6.297 logZ: -29.270 +/- 0.140 logLmax: -2.98
08-04 10:27 nessai INFO    : it: 21000: Rolling KS test: D=0.014, p-value=0.6695
08-04 10:27 nessai INFO    : it: 21000: n eval: 217459 H: 19.95 dlogZ: 3.812 logZ: -27.612 +/- 0.141 logLmax: -2.82
08-04 10:28 nessai INFO    : it: 22000: Rolling KS test: D=0.032, p-value=0.1263
08-04 10:28 nessai INFO    : it: 22000: n eval: 254498 H: 20.23 dlogZ: 2.014 logZ: -26.692 +/- 0.142 logLmax: -2.82
08-04 10:28 nessai INFO    : it: 23000: Rolling KS test: D=0.024, p-value=0.311
08-04 10:28 nessai INFO    : it: 23000: n eval: 304498 H: 20.42 dlogZ: 1.585 logZ: -26.211 +/- 0.143 logLmax: -1.86
08-04 10:28 nessai INFO    : it: 24000: Rolling KS test: D=0.021, p-value=0.4082
08-04 10:28 nessai INFO    : it: 24000: n eval: 364395 H: 20.55 dlogZ: 0.834 logZ: -25.972 +/- 0.143 logLmax: -1.71
08-04 10:28 nessai INFO    : it: 25000: Rolling KS test: D=0.031, p-value=0.1433
08-04 10:28 nessai INFO    : it: 25000: n eval: 434395 H: 20.64 dlogZ: 0.356 logZ: -25.857 +/- 0.144 logLmax: -1.71
08-04 10:28 nessai INFO    : it: 26000: Rolling KS test: D=0.048, p-value=0.009645
08-04 10:28 nessai INFO    : it: 26000: n eval: 524395 H: 20.68 dlogZ: 0.192 logZ: -25.805 +/- 0.144 logLmax: -1.36
08-04 10:28 nessai INFO    : Stopping with difference_log_evidence=0.100
08-04 10:28 nessai INFO    : Finalising
08-04 10:28 nessai INFO    : Final ln-evidence: -25.760 +/- 0.144
08-04 10:28 nessai INFO    : Information: 20.74
08-04 10:28 nessai INFO    : Final KS test: D=0.01083, p-value=0.00179
08-04 10:28 nessai WARNING : Final p-value for the insertion indices is less than 0.05, this could be an indication of problems during sampling. Consider checking the diagnostic plots.
08-04 10:28 nessai INFO    : Checkpointing nested sampling
08-04 10:28 nessai INFO    : Total sampling time: 0:01:46.009698
08-04 10:28 nessai INFO    : Total training time: 0:00:33.569009
08-04 10:28 nessai INFO    : Total population time: 0:00:38.087563
08-04 10:28 nessai INFO    : Total likelihood evaluations: 614395
08-04 10:28 nessai INFO    : Time spent evaluating likelihood: 0:00:10.307434
08-04 10:28 nessai INFO    : Total sampling time: 0:01:46.009698
08-04 10:28 nessai INFO    : Total likelihood evaluations: 614395
08-04 10:28 nessai INFO    : Starting post processing
08-04 10:28 nessai INFO    : Computing posterior samples
08-04 10:28 nessai INFO    : Effective sample size: 5616.1
08-04 10:28 nessai INFO    : Producing posterior samples using rejection sampling
08-04 10:28 nessai INFO    : Expect 3804.2932601476004 samples from rejection sampling
08-04 10:28 nessai INFO    : Returned 3772 posterior samples
08-04 10:28 nessai INFO    : Starting to close worker pool.
08-04 10:28 nessai INFO    : Finished closing worker pool.
