/data/wiay/postgrads/shashwat/qunat_com_future/lib/python3.11/site-packages/nessai/utils/logging.py:133: FutureWarning: setup_logger is deprecated, use configure_logger instead
  warnings.warn(
08-04 10:12 nessai INFO    : Running Nessai version 0.15.2
08-04 10:12 nessai INFO    : Starting multiprocessing pool with 4 processes
08-04 10:12 nessai INFO    : Initialising nested sampler
08-04 10:12 nessai WARNING : Multiprocessing pool has already been configured.
/data/wiay/postgrads/shashwat/qunat_com_future/lib/python3.11/site-packages/nessai/gw/__init__.py:12: FutureWarning: The `nessai.gw` module will be deprecated in the next release in favour of the nessai-gw package. This packages provides the same functionality as`nessai.gw` via the plugin interface.For more details, see: https://github.com/mj-will/nessai-gw
  warnings.warn(
08-04 10:12 nessai INFO    : Passing kwargs to FlowProposal: {'poolsize': 1000}
08-04 10:12 nessai INFO    : No reparameterisations provided, using default reparameterisations included in FlowProposal
08-04 10:12 nessai INFO    : Adding reparameterisations from: {}
08-04 10:12 nessai INFO    : Assuming fallback reparameterisation (ScaleAndShift) for ['kappa', 'mu_xi', 'sigma_chi', 'sigma_xi', 'rho', 'lambda_chi', 'chi0', 'xi0'] with kwargs: {'estimate_scale': True, 'estimate_shift': True, 'prior_bounds': {'kappa': array([0.1, 5. ]), 'mu_xi': array([0. , 0.1]), 'sigma_chi': array([0.05, 0.6 ]), 'sigma_xi': array([0.05, 0.4 ]), 'rho': array([-0.9,  0.9]), 'lambda_chi': array([-0.5,  0.5]), 'chi0': array([-0.5,  0.5]), 'xi0': array([2.5, 5. ])}}.
08-04 10:12 nessai INFO    : x space parameters: ['kappa', 'mu_xi', 'sigma_chi', 'sigma_xi', 'rho', 'lambda_chi', 'chi0', 'xi0']
08-04 10:12 nessai INFO    : x prime space parameters: ['kappa_prime', 'mu_xi_prime', 'sigma_chi_prime', 'sigma_xi_prime', 'rho_prime', 'lambda_chi_prime', 'chi0_prime', 'xi0_prime']
08-04 10:12 nessai INFO    : Overwriting fuzz factor with expansion fraction
08-04 10:12 nessai INFO    : New fuzz factor: 1.2228445449938519
08-04 10:12 nessai INFO    : Verifying rescaling functions
08-04 10:12 nessai INFO    : Rescaling functions are invertible
08-04 10:12 nessai INFO    : Populating initial live points
08-04 10:12 nessai INFO    : Populated 100 / 1000 live points
08-04 10:12 nessai INFO    : Populated 200 / 1000 live points
08-04 10:12 nessai INFO    : Populated 300 / 1000 live points
08-04 10:12 nessai INFO    : Populated 400 / 1000 live points
08-04 10:12 nessai INFO    : Populated 500 / 1000 live points
08-04 10:12 nessai INFO    : Populated 600 / 1000 live points
08-04 10:12 nessai INFO    : Populated 700 / 1000 live points
08-04 10:12 nessai INFO    : Populated 800 / 1000 live points
08-04 10:12 nessai INFO    : Populated 900 / 1000 live points
08-04 10:12 nessai INFO    : Populated 1000 / 1000 live points
08-04 10:12 nessai INFO    : Starting nested sampling loop
08-04 10:12 nessai INFO    : it:  1000: Rolling KS test: D=0.014, p-value=0.6695
08-04 10:12 nessai INFO    : it:  1000: n eval: 3000 H: 7.91 dlogZ: 5649921.266 logZ: -5658422.215 +/- 0.089 logLmax: -8499.95
08-04 10:12 nessai INFO    : it:  2000: Rolling KS test: D=0.024, p-value=0.311
08-04 10:12 nessai INFO    : it:  2000: n eval: 8000 H: 8.91 dlogZ: 444956.768 logZ: -448709.462 +/- 0.094 logLmax: -3750.69
08-04 10:12 nessai INFO    : Switching to FlowProposal
08-04 10:12 nessai INFO    : it:  3000: Rolling KS test: D=0.009, p-value=0.8454
08-04 10:12 nessai INFO    : it:  3000: n eval: 12062 H: 9.91 dlogZ: 142039.670 logZ: -143434.495 +/- 0.100 logLmax: -1391.83
08-04 10:12 nessai INFO    : it:  4000: Rolling KS test: D=0.03, p-value=0.162
08-04 10:12 nessai INFO    : it:  4000: n eval: 16282 H: 10.91 dlogZ: 60072.923 logZ: -60571.318 +/- 0.104 logLmax: -494.40
08-04 10:12 nessai INFO    : it:  5000: Rolling KS test: D=0.012, p-value=0.7438
08-04 10:12 nessai INFO    : it:  5000: n eval: 20708 H: 11.91 dlogZ: 27071.249 logZ: -27387.869 +/- 0.109 logLmax: -311.62
08-04 10:12 nessai INFO    : it:  6000: Rolling KS test: D=0.01, p-value=0.8133
08-04 10:13 nessai INFO    : it:  6000: n eval: 25536 H: 12.91 dlogZ: 13309.816 logZ: -13492.587 +/- 0.114 logLmax: -176.77
08-04 10:13 nessai INFO    : it:  7000: Rolling KS test: D=0.026, p-value=0.2543
08-04 10:13 nessai INFO    : it:  7000: n eval: 31107 H: 13.90 dlogZ: 6836.436 logZ: -6942.121 +/- 0.118 logLmax: -98.69
08-04 10:13 nessai INFO    : it:  8000: Rolling KS test: D=0.019, p-value=0.4797
08-04 10:13 nessai INFO    : it:  8000: n eval: 35750 H: 14.23 dlogZ: 3559.332 logZ: -3638.909 +/- 0.119 logLmax: -71.58
08-04 10:13 nessai INFO    : it:  9000: Rolling KS test: D=0.007, p-value=0.9024
08-04 10:13 nessai INFO    : it:  9000: n eval: 41145 H: 15.03 dlogZ: 1869.861 logZ: -1907.226 +/- 0.123 logLmax: -28.37
08-04 10:13 nessai INFO    : it: 10000: Rolling KS test: D=0.037, p-value=0.06311
08-04 10:13 nessai INFO    : it: 10000: n eval: 46942 H: 15.46 dlogZ: 1008.414 logZ: -1046.778 +/- 0.124 logLmax: -28.37
08-04 10:13 nessai INFO    : it: 11000: Rolling KS test: D=0.027, p-value=0.2286
08-04 10:13 nessai INFO    : it: 11000: n eval: 53005 H: 15.73 dlogZ: 546.645 logZ: -586.009 +/- 0.125 logLmax: -28.37
08-04 10:13 nessai INFO    : it: 12000: Rolling KS test: D=0.021, p-value=0.4082
08-04 10:13 nessai INFO    : it: 12000: n eval: 62269 H: 15.98 dlogZ: 322.437 logZ: -352.442 +/- 0.126 logLmax: -18.01
08-04 10:13 nessai INFO    : it: 13000: Rolling KS test: D=0.005, p-value=0.9481
08-04 10:13 nessai INFO    : it: 13000: n eval: 75698 H: 16.46 dlogZ: 196.269 logZ: -227.275 +/- 0.128 logLmax: -18.01
08-04 10:13 nessai INFO    : it: 14000: Rolling KS test: D=0.017, p-value=0.5547
08-04 10:13 nessai INFO    : it: 14000: n eval: 84390 H: 17.02 dlogZ: 122.301 logZ: -149.932 +/- 0.130 logLmax: -13.63
08-04 10:13 nessai INFO    : it: 15000: Rolling KS test: D=0.034, p-value=0.09683
08-04 10:13 nessai INFO    : it: 15000: n eval: 91188 H: 17.69 dlogZ: 78.555 logZ: -101.398 +/- 0.133 logLmax: -7.84
08-04 10:13 nessai INFO    : it: 16000: Rolling KS test: D=0.025, p-value=0.2818
08-04 10:13 nessai INFO    : it: 16000: n eval: 101659 H: 18.11 dlogZ: 48.050 logZ: -70.920 +/- 0.135 logLmax: -6.87
08-04 10:13 nessai INFO    : it: 17000: Rolling KS test: D=0.023, p-value=0.3419
08-04 10:13 nessai INFO    : it: 17000: n eval: 114132 H: 18.60 dlogZ: 29.436 logZ: -53.207 +/- 0.136 logLmax: -6.77
08-04 10:13 nessai INFO    : it: 18000: Rolling KS test: D=0.031, p-value=0.1433
08-04 10:13 nessai INFO    : it: 18000: n eval: 129478 H: 19.05 dlogZ: 18.952 logZ: -42.592 +/- 0.138 logLmax: -5.64
08-04 10:13 nessai INFO    : it: 19000: Rolling KS test: D=0.017, p-value=0.5547
08-04 10:13 nessai INFO    : it: 19000: n eval: 148332 H: 19.44 dlogZ: 12.161 logZ: -36.569 +/- 0.139 logLmax: -5.41
08-04 10:13 nessai INFO    : it: 20000: Rolling KS test: D=0.005, p-value=0.9481
08-04 10:13 nessai INFO    : it: 20000: n eval: 171350 H: 19.88 dlogZ: 8.461 logZ: -32.961 +/- 0.141 logLmax: -4.50
08-04 10:13 nessai INFO    : it: 21000: Rolling KS test: D=0.014, p-value=0.6695
08-04 10:13 nessai INFO    : it: 21000: n eval: 203300 H: 20.24 dlogZ: 5.382 logZ: -30.877 +/- 0.142 logLmax: -4.50
08-04 10:13 nessai INFO    : it: 22000: Rolling KS test: D=0.022, p-value=0.3744
08-04 10:13 nessai INFO    : it: 22000: n eval: 253300 H: 20.54 dlogZ: 3.229 logZ: -29.688 +/- 0.143 logLmax: -4.50
08-04 10:13 nessai INFO    : it: 23000: Rolling KS test: D=0.021, p-value=0.4082
08-04 10:13 nessai INFO    : it: 23000: n eval: 301607 H: 20.74 dlogZ: 1.766 logZ: -29.078 +/- 0.144 logLmax: -4.50
08-04 10:14 nessai INFO    : it: 24000: Rolling KS test: D=0.034, p-value=0.09683
08-04 10:14 nessai INFO    : it: 24000: n eval: 371607 H: 20.88 dlogZ: 0.873 logZ: -28.772 +/- 0.145 logLmax: -4.44
08-04 10:14 nessai INFO    : it: 25000: Rolling KS test: D=0.044, p-value=0.0202
08-04 10:14 nessai INFO    : it: 25000: n eval: 441607 H: 20.99 dlogZ: 0.388 logZ: -28.616 +/- 0.145 logLmax: -4.36
08-04 10:14 nessai INFO    : it: 26000: Rolling KS test: D=0.047, p-value=0.01167
08-04 10:14 nessai INFO    : it: 26000: n eval: 521607 H: 21.06 dlogZ: 0.191 logZ: -28.536 +/- 0.145 logLmax: -4.10
08-04 10:14 nessai INFO    : Stopping with difference_log_evidence=0.100
08-04 10:14 nessai INFO    : Finalising
08-04 10:14 nessai INFO    : Final ln-evidence: -28.465 +/- 0.145
08-04 10:14 nessai INFO    : Information: 21.15
08-04 10:14 nessai INFO    : Final KS test: D=0.00632, p-value=0.1183
08-04 10:14 nessai INFO    : Checkpointing nested sampling
08-04 10:14 nessai INFO    : Total sampling time: 0:01:43.098656
08-04 10:14 nessai INFO    : Total training time: 0:00:29.237056
08-04 10:14 nessai INFO    : Total population time: 0:00:39.476423
08-04 10:14 nessai INFO    : Total likelihood evaluations: 581607
08-04 10:14 nessai INFO    : Time spent evaluating likelihood: 0:00:09.429131
08-04 10:14 nessai INFO    : Total sampling time: 0:01:43.098656
08-04 10:14 nessai INFO    : Total likelihood evaluations: 581607
08-04 10:14 nessai INFO    : Starting post processing
08-04 10:14 nessai INFO    : Computing posterior samples
08-04 10:14 nessai INFO    : Effective sample size: 5757.6
08-04 10:14 nessai INFO    : Producing posterior samples using rejection sampling
08-04 10:14 nessai INFO    : Expect 3815.6252748432016 samples from rejection sampling
08-04 10:14 nessai INFO    : Returned 3802 posterior samples
08-04 10:14 nessai INFO    : Starting to close worker pool.
08-04 10:14 nessai INFO    : Finished closing worker pool.
