/data/wiay/postgrads/shashwat/qunat_com_future/lib/python3.11/site-packages/nessai/utils/logging.py:133: FutureWarning: setup_logger is deprecated, use configure_logger instead
  warnings.warn(
08-04 15:17 nessai INFO    : Running Nessai version 0.15.2
08-04 15:17 nessai INFO    : Starting multiprocessing pool with 4 processes
08-04 15:17 nessai INFO    : Initialising nested sampler
08-04 15:17 nessai WARNING : Multiprocessing pool has already been configured.
/data/wiay/postgrads/shashwat/qunat_com_future/lib/python3.11/site-packages/nessai/gw/__init__.py:12: FutureWarning: The `nessai.gw` module will be deprecated in the next release in favour of the nessai-gw package. This packages provides the same functionality as`nessai.gw` via the plugin interface.For more details, see: https://github.com/mj-will/nessai-gw
  warnings.warn(
08-04 15:17 nessai INFO    : Passing kwargs to FlowProposal: {'poolsize': 1000}
08-04 15:17 nessai INFO    : No reparameterisations provided, using default reparameterisations included in FlowProposal
08-04 15:17 nessai INFO    : Adding reparameterisations from: {}
08-04 15:17 nessai INFO    : Assuming fallback reparameterisation (ScaleAndShift) for ['kappa', 'mu_xi', 'sigma_chi', 'sigma_xi', 'rho', 'lambda_chi', 'chi0', 'xi0'] with kwargs: {'estimate_scale': True, 'estimate_shift': True, 'prior_bounds': {'kappa': array([0.1, 5. ]), 'mu_xi': array([0. , 0.1]), 'sigma_chi': array([0.05, 0.6 ]), 'sigma_xi': array([0.05, 0.4 ]), 'rho': array([-0.9,  0.9]), 'lambda_chi': array([-0.5,  0.5]), 'chi0': array([-0.5,  0.5]), 'xi0': array([2.5, 5. ])}}.
08-04 15:17 nessai INFO    : x space parameters: ['kappa', 'mu_xi', 'sigma_chi', 'sigma_xi', 'rho', 'lambda_chi', 'chi0', 'xi0']
08-04 15:17 nessai INFO    : x prime space parameters: ['kappa_prime', 'mu_xi_prime', 'sigma_chi_prime', 'sigma_xi_prime', 'rho_prime', 'lambda_chi_prime', 'chi0_prime', 'xi0_prime']
08-04 15:17 nessai INFO    : Overwriting fuzz factor with expansion fraction
08-04 15:17 nessai INFO    : New fuzz factor: 1.2228445449938519
08-04 15:17 nessai INFO    : Verifying rescaling functions
08-04 15:17 nessai INFO    : Rescaling functions are invertible
08-04 15:17 nessai INFO    : Populating initial live points
08-04 15:17 nessai INFO    : Populated 100 / 1000 live points
08-04 15:17 nessai INFO    : Populated 200 / 1000 live points
08-04 15:17 nessai INFO    : Populated 300 / 1000 live points
08-04 15:17 nessai INFO    : Populated 400 / 1000 live points
08-04 15:17 nessai INFO    : Populated 500 / 1000 live points
08-04 15:17 nessai INFO    : Populated 600 / 1000 live points
08-04 15:17 nessai INFO    : Populated 700 / 1000 live points
08-04 15:17 nessai INFO    : Populated 800 / 1000 live points
08-04 15:17 nessai INFO    : Populated 900 / 1000 live points
08-04 15:17 nessai INFO    : Populated 1000 / 1000 live points
08-04 15:17 nessai INFO    : Starting nested sampling loop
08-04 15:17 nessai INFO    : it:  1000: Rolling KS test: D=0.006, p-value=0.9268
08-04 15:17 nessai INFO    : it:  1000: n eval: 3000 H: 7.91 dlogZ: 207916929.874 logZ: -209585377.289 +/- 0.089 logLmax: -1668446.42
08-04 15:17 nessai INFO    : it:  2000: Rolling KS test: D=0.02, p-value=0.4434
08-04 15:17 nessai INFO    : it:  2000: n eval: 8000 H: 8.91 dlogZ: 67006610.967 logZ: -67153094.297 +/- 0.094 logLmax: -146481.33
08-04 15:17 nessai INFO    : Switching to FlowProposal
/data/wiay/postgrads/shashwat/qunat_com_future/lib/python3.11/site-packages/torch/autograd/graph.py:882: UserWarning: CUDA initialization: The NVIDIA driver on your system is too old (found version 12020). Please update your GPU driver by downloading and installing a new version from the URL: http://www.nvidia.com/Download/index.aspx Alternatively, go to: https://pytorch.org to install a PyTorch version that has been compiled with your version of the CUDA driver. (Triggered internally at /pytorch/c10/cuda/CUDAFunctions.cpp:119.)
  return Variable._execution_engine.run_backward(  # Calls into the C++ engine to run the backward pass
08-04 15:17 nessai INFO    : it:  3000: Rolling KS test: D=0.016, p-value=0.593
08-04 15:17 nessai INFO    : it:  3000: n eval: 11964 H: 9.91 dlogZ: 26358774.673 logZ: -26505259.003 +/- 0.100 logLmax: -146481.33
08-04 15:17 nessai INFO    : it:  4000: Rolling KS test: D=0.0, p-value=1.0
08-04 15:17 nessai INFO    : it:  4000: n eval: 13623 H: 10.91 dlogZ: 12731901.266 logZ: -12878386.596 +/- 0.104 logLmax: -146481.33
08-04 15:18 nessai INFO    : it:  5000: Rolling KS test: D=0.03, p-value=0.162
08-04 15:18 nessai INFO    : it:  5000: n eval: 17282 H: 11.91 dlogZ: 6897464.904 logZ: -7043951.234 +/- 0.109 logLmax: -146481.33
08-04 15:18 nessai INFO    : it:  6000: Rolling KS test: D=0.014, p-value=0.6695
08-04 15:18 nessai INFO    : it:  6000: n eval: 21455 H: 12.91 dlogZ: 3904897.810 logZ: -4051385.140 +/- 0.114 logLmax: -146481.33
08-04 15:18 nessai INFO    : it:  7000: Rolling KS test: D=0.008, p-value=0.8752
08-04 15:18 nessai INFO    : it:  7000: n eval: 25386 H: 13.91 dlogZ: 2384098.455 logZ: -2466750.167 +/- 0.118 logLmax: -82644.71
08-04 15:18 nessai INFO    : it:  8000: Rolling KS test: D=0.029, p-value=0.1825
08-04 15:18 nessai INFO    : it:  8000: n eval: 29994 H: 14.91 dlogZ: 1560851.310 logZ: -1610380.761 +/- 0.122 logLmax: -49521.45
08-04 15:18 nessai INFO    : it:  9000: Rolling KS test: D=0.024, p-value=0.311
08-04 15:18 nessai INFO    : it:  9000: n eval: 34451 H: 15.91 dlogZ: 997535.988 logZ: -1031519.887 +/- 0.126 logLmax: -33974.90
08-04 15:18 nessai INFO    : it: 10000: Rolling KS test: D=0.033, p-value=0.1108
08-04 15:18 nessai INFO    : it: 10000: n eval: 39078 H: 16.91 dlogZ: 641131.540 logZ: -644855.537 +/- 0.130 logLmax: -3714.00
08-04 15:18 nessai INFO    : it: 11000: Rolling KS test: D=0.007, p-value=0.9024
08-04 15:18 nessai INFO    : it: 11000: n eval: 43900 H: 17.91 dlogZ: 399066.721 logZ: -402791.718 +/- 0.134 logLmax: -3714.00
08-04 15:18 nessai INFO    : it: 12000: Rolling KS test: D=0.018, p-value=0.5169
08-04 15:18 nessai INFO    : it: 12000: n eval: 48705 H: 18.91 dlogZ: 242526.159 logZ: -246252.156 +/- 0.138 logLmax: -3714.00
08-04 15:18 nessai INFO    : it: 13000: Rolling KS test: D=0.018, p-value=0.5169
08-04 15:18 nessai INFO    : it: 13000: n eval: 53302 H: 19.91 dlogZ: 144898.684 logZ: -148625.680 +/- 0.141 logLmax: -3714.00
08-04 15:18 nessai INFO    : it: 14000: Rolling KS test: D=0.011, p-value=0.7794
08-04 15:18 nessai INFO    : it: 14000: n eval: 58225 H: 20.91 dlogZ: 86081.058 logZ: -88181.268 +/- 0.145 logLmax: -2086.21
08-04 15:18 nessai INFO    : it: 15000: Rolling KS test: D=0.048, p-value=0.009645
08-04 15:18 nessai INFO    : it: 15000: n eval: 63277 H: 21.91 dlogZ: 49685.436 logZ: -51786.646 +/- 0.148 logLmax: -2086.21
08-04 15:18 nessai INFO    : it: 16000: Rolling KS test: D=0.007, p-value=0.9024
08-04 15:18 nessai INFO    : it: 16000: n eval: 69010 H: 22.91 dlogZ: 29389.931 logZ: -30617.329 +/- 0.151 logLmax: -1211.40
08-04 15:18 nessai INFO    : it: 17000: Rolling KS test: D=0.021, p-value=0.4082
08-04 15:18 nessai INFO    : it: 17000: n eval: 77356 H: 22.82 dlogZ: 17006.255 logZ: -18040.262 +/- 0.151 logLmax: -1017.01
08-04 15:18 nessai INFO    : it: 18000: Rolling KS test: D=0.008, p-value=0.8752
08-04 15:18 nessai INFO    : it: 18000: n eval: 83328 H: 24.20 dlogZ: 10237.463 logZ: -11125.462 +/- 0.156 logLmax: -870.00
08-04 15:19 nessai INFO    : it: 19000: Rolling KS test: D=0.021, p-value=0.4082
08-04 15:19 nessai INFO    : it: 19000: n eval: 90466 H: 25.23 dlogZ: 6103.438 logZ: -6601.045 +/- 0.159 logLmax: -174.62
08-04 15:19 nessai INFO    : it: 20000: Rolling KS test: D=0.01, p-value=0.8133
08-04 15:19 nessai INFO    : it: 20000: n eval: 100568 H: 26.50 dlogZ: 3914.583 logZ: -4109.199 +/- 0.163 logLmax: -174.62
08-04 15:19 nessai INFO    : it: 21000: Rolling KS test: D=0.037, p-value=0.06311
08-04 15:19 nessai INFO    : it: 21000: n eval: 107110 H: 26.97 dlogZ: 2366.285 logZ: -2561.900 +/- 0.164 logLmax: -174.62
08-04 15:19 nessai INFO    : it: 22000: Rolling KS test: D=0.026, p-value=0.2543
08-04 15:19 nessai INFO    : it: 22000: n eval: 119663 H: 27.69 dlogZ: 1430.510 logZ: -1627.126 +/- 0.166 logLmax: -174.62
08-04 15:19 nessai INFO    : it: 23000: Rolling KS test: D=0.018, p-value=0.5169
08-04 15:19 nessai INFO    : it: 23000: n eval: 133272 H: 27.74 dlogZ: 873.493 logZ: -1071.108 +/- 0.167 logLmax: -174.62
08-04 15:19 nessai INFO    : it: 24000: Rolling KS test: D=0.025, p-value=0.2818
08-04 15:19 nessai INFO    : it: 24000: n eval: 150601 H: 28.43 dlogZ: 532.566 logZ: -731.181 +/- 0.169 logLmax: -174.62
08-04 15:19 nessai INFO    : it: 25000: Rolling KS test: D=0.014, p-value=0.6695
08-04 15:19 nessai INFO    : it: 25000: n eval: 172524 H: 29.00 dlogZ: 404.060 logZ: -517.528 +/- 0.170 logLmax: -88.47
08-04 15:19 nessai INFO    : it: 26000: Rolling KS test: D=0.015, p-value=0.6313
08-04 15:19 nessai INFO    : it: 26000: n eval: 200289 H: 29.49 dlogZ: 277.917 logZ: -392.385 +/- 0.172 logLmax: -88.47
08-04 15:20 nessai INFO    : it: 27000: Rolling KS test: D=0.044, p-value=0.0202
08-04 15:20 nessai INFO    : it: 27000: n eval: 223792 H: 30.09 dlogZ: 247.956 logZ: -308.047 +/- 0.173 logLmax: -33.09
08-04 15:20 nessai INFO    : it: 28000: Rolling KS test: D=0.028, p-value=0.2046
08-04 15:20 nessai INFO    : it: 28000: n eval: 260206 H: 30.70 dlogZ: 189.071 logZ: -250.161 +/- 0.175 logLmax: -33.09
08-04 15:20 nessai INFO    : it: 29000: Rolling KS test: D=0.027, p-value=0.2286
08-04 15:20 nessai INFO    : it: 29000: n eval: 285062 H: 31.56 dlogZ: 150.890 logZ: -209.010 +/- 0.178 logLmax: -29.12
08-04 15:20 nessai INFO    : it: 30000: Rolling KS test: D=0.018, p-value=0.5169
08-04 15:20 nessai INFO    : it: 30000: n eval: 317731 H: 32.34 dlogZ: 117.252 logZ: -176.372 +/- 0.180 logLmax: -29.12
08-04 15:20 nessai INFO    : it: 31000: Rolling KS test: D=0.032, p-value=0.1263
08-04 15:21 nessai INFO    : it: 31000: n eval: 339576 H: 33.17 dlogZ: 92.818 logZ: -149.090 +/- 0.182 logLmax: -25.27
08-04 15:21 nessai INFO    : it: 32000: Rolling KS test: D=0.048, p-value=0.009645
08-04 15:21 nessai INFO    : it: 32000: n eval: 350329 H: 34.04 dlogZ: 77.801 logZ: -125.043 +/- 0.184 logLmax: -15.24
08-04 15:21 nessai INFO    : it: 33000: Rolling KS test: D=0.03, p-value=0.162
08-04 15:21 nessai INFO    : it: 33000: n eval: 366409 H: 34.99 dlogZ: 60.877 logZ: -104.136 +/- 0.187 logLmax: -10.26
08-04 15:21 nessai INFO    : it: 34000: Rolling KS test: D=0.008, p-value=0.8752
08-04 15:21 nessai INFO    : it: 34000: n eval: 374374 H: 35.66 dlogZ: 50.607 logZ: -88.052 +/- 0.189 logLmax: -3.45
08-04 15:21 nessai INFO    : it: 35000: Rolling KS test: D=0.025, p-value=0.2818
08-04 15:21 nessai INFO    : it: 35000: n eval: 385656 H: 36.38 dlogZ: 36.631 logZ: -75.076 +/- 0.191 logLmax: -3.45
08-04 15:21 nessai INFO    : it: 36000: Rolling KS test: D=0.006, p-value=0.9268
08-04 15:21 nessai INFO    : it: 36000: n eval: 393744 H: 36.97 dlogZ: 27.110 logZ: -66.556 +/- 0.192 logLmax: -3.45
08-04 15:21 nessai INFO    : it: 37000: Rolling KS test: D=0.043, p-value=0.02406
08-04 15:21 nessai INFO    : it: 37000: n eval: 400244 H: 37.57 dlogZ: 19.663 logZ: -60.109 +/- 0.194 logLmax: -3.45
08-04 15:21 nessai INFO    : it: 38000: Rolling KS test: D=0.012, p-value=0.7438
08-04 15:21 nessai INFO    : it: 38000: n eval: 410863 H: 38.21 dlogZ: 15.121 logZ: -55.642 +/- 0.195 logLmax: -2.52
08-04 15:21 nessai INFO    : it: 39000: Rolling KS test: D=0.027, p-value=0.2286
08-04 15:21 nessai INFO    : it: 39000: n eval: 422995 H: 38.79 dlogZ: 10.884 logZ: -52.338 +/- 0.197 logLmax: -2.45
08-04 15:22 nessai INFO    : it: 40000: Rolling KS test: D=0.026, p-value=0.2543
08-04 15:22 nessai INFO    : it: 40000: n eval: 430193 H: 39.32 dlogZ: 9.301 logZ: -50.142 +/- 0.198 logLmax: -0.84
08-04 15:22 nessai INFO    : it: 41000: Rolling KS test: D=0.017, p-value=0.5547
08-04 15:22 nessai INFO    : it: 41000: n eval: 441233 H: 39.82 dlogZ: 6.773 logZ: -48.613 +/- 0.200 logLmax: -0.84
08-04 15:22 nessai INFO    : it: 42000: Rolling KS test: D=0.041, p-value=0.03371
08-04 15:22 nessai INFO    : it: 42000: n eval: 448157 H: 40.29 dlogZ: 4.757 logZ: -47.590 +/- 0.201 logLmax: -0.84
08-04 15:22 nessai INFO    : it: 43000: Rolling KS test: D=0.012, p-value=0.7438
08-04 15:22 nessai INFO    : it: 43000: n eval: 458295 H: 40.70 dlogZ: 3.113 logZ: -46.909 +/- 0.202 logLmax: -0.84
08-04 15:22 nessai INFO    : it: 44000: Rolling KS test: D=0.016, p-value=0.593
08-04 15:22 nessai INFO    : it: 44000: n eval: 464993 H: 41.03 dlogZ: 1.814 logZ: -46.478 +/- 0.203 logLmax: -0.84
08-04 15:22 nessai INFO    : it: 45000: Rolling KS test: D=0.031, p-value=0.1433
08-04 15:22 nessai INFO    : it: 45000: n eval: 471946 H: 41.29 dlogZ: 0.898 logZ: -46.216 +/- 0.203 logLmax: -0.84
08-04 15:22 nessai INFO    : it: 46000: Rolling KS test: D=0.007, p-value=0.9024
08-04 15:22 nessai INFO    : it: 46000: n eval: 481990 H: 41.46 dlogZ: 0.379 logZ: -46.068 +/- 0.204 logLmax: -0.84
08-04 15:22 nessai INFO    : it: 47000: Rolling KS test: D=0.015, p-value=0.6313
08-04 15:22 nessai INFO    : it: 47000: n eval: 488621 H: 41.57 dlogZ: 0.199 logZ: -45.988 +/- 0.204 logLmax: -0.50
08-04 15:22 nessai INFO    : Stopping with difference_log_evidence=0.100
08-04 15:22 nessai INFO    : Finalising
08-04 15:22 nessai INFO    : Final ln-evidence: -45.913 +/- 0.204
08-04 15:22 nessai INFO    : Information: 41.71
08-04 15:22 nessai INFO    : Final KS test: D=0.005521, p-value=0.05435
08-04 15:22 nessai INFO    : Checkpointing nested sampling
08-04 15:22 nessai INFO    : Total sampling time: 0:05:07.084808
08-04 15:22 nessai INFO    : Total training time: 0:02:04.712458
08-04 15:22 nessai INFO    : Total population time: 0:01:07.554050
08-04 15:22 nessai INFO    : Total likelihood evaluations: 495158
08-04 15:22 nessai INFO    : Time spent evaluating likelihood: 0:00:28.822808
08-04 15:22 nessai INFO    : Total sampling time: 0:05:07.084808
08-04 15:22 nessai INFO    : Total likelihood evaluations: 495158
08-04 15:22 nessai INFO    : Starting post processing
08-04 15:22 nessai INFO    : Computing posterior samples
08-04 15:22 nessai INFO    : Effective sample size: 7009.6
08-04 15:22 nessai INFO    : Producing posterior samples using rejection sampling
08-04 15:22 nessai INFO    : Expect 4903.241999948464 samples from rejection sampling
08-04 15:22 nessai INFO    : Returned 4875 posterior samples
08-04 15:22 nessai INFO    : Starting to close worker pool.
08-04 15:22 nessai INFO    : Finished closing worker pool.
