/data/wiay/postgrads/shashwat/qunat_com_future/lib/python3.11/site-packages/nessai/utils/logging.py:133: FutureWarning: setup_logger is deprecated, use configure_logger instead
  warnings.warn(
08-04 12:57 nessai INFO    : Running Nessai version 0.15.2
08-04 12:57 nessai INFO    : Starting multiprocessing pool with 4 processes
08-04 12:57 nessai INFO    : Initialising nested sampler
08-04 12:57 nessai WARNING : Multiprocessing pool has already been configured.
/data/wiay/postgrads/shashwat/qunat_com_future/lib/python3.11/site-packages/nessai/gw/__init__.py:12: FutureWarning: The `nessai.gw` module will be deprecated in the next release in favour of the nessai-gw package. This packages provides the same functionality as`nessai.gw` via the plugin interface.For more details, see: https://github.com/mj-will/nessai-gw
  warnings.warn(
08-04 12:57 nessai INFO    : Passing kwargs to FlowProposal: {'poolsize': 1000}
08-04 12:57 nessai INFO    : No reparameterisations provided, using default reparameterisations included in FlowProposal
08-04 12:57 nessai INFO    : Adding reparameterisations from: {}
08-04 12:57 nessai INFO    : Assuming fallback reparameterisation (ScaleAndShift) for ['kappa', 'mu_xi', 'sigma_chi', 'sigma_xi', 'rho', 'lambda_chi', 'chi0', 'xi0'] with kwargs: {'estimate_scale': True, 'estimate_shift': True, 'prior_bounds': {'kappa': array([0.1, 5. ]), 'mu_xi': array([0. , 0.1]), 'sigma_chi': array([0.05, 0.6 ]), 'sigma_xi': array([0.05, 0.4 ]), 'rho': array([-0.9,  0.9]), 'lambda_chi': array([-0.5,  0.5]), 'chi0': array([-0.5,  0.5]), 'xi0': array([2.5, 5. ])}}.
08-04 12:57 nessai INFO    : x space parameters: ['kappa', 'mu_xi', 'sigma_chi', 'sigma_xi', 'rho', 'lambda_chi', 'chi0', 'xi0']
08-04 12:57 nessai INFO    : x prime space parameters: ['kappa_prime', 'mu_xi_prime', 'sigma_chi_prime', 'sigma_xi_prime', 'rho_prime', 'lambda_chi_prime', 'chi0_prime', 'xi0_prime']
08-04 12:57 nessai INFO    : Overwriting fuzz factor with expansion fraction
08-04 12:57 nessai INFO    : New fuzz factor: 1.2228445449938519
08-04 12:57 nessai INFO    : Verifying rescaling functions
08-04 12:57 nessai INFO    : Rescaling functions are invertible
08-04 12:57 nessai INFO    : Populating initial live points
08-04 12:57 nessai INFO    : Populated 100 / 1000 live points
08-04 12:57 nessai INFO    : Populated 200 / 1000 live points
08-04 12:57 nessai INFO    : Populated 300 / 1000 live points
08-04 12:57 nessai INFO    : Populated 400 / 1000 live points
08-04 12:57 nessai INFO    : Populated 500 / 1000 live points
08-04 12:57 nessai INFO    : Populated 600 / 1000 live points
08-04 12:57 nessai INFO    : Populated 700 / 1000 live points
08-04 12:57 nessai INFO    : Populated 800 / 1000 live points
08-04 12:57 nessai INFO    : Populated 900 / 1000 live points
08-04 12:57 nessai INFO    : Populated 1000 / 1000 live points
08-04 12:57 nessai INFO    : Starting nested sampling loop
08-04 12:57 nessai INFO    : it:  1000: Rolling KS test: D=0.007, p-value=0.9024
08-04 12:57 nessai INFO    : it:  1000: n eval: 3000 H: 7.91 dlogZ: 37668633.311 logZ: -37733809.351 +/- 0.089 logLmax: -65175.04
08-04 12:57 nessai INFO    : it:  2000: Rolling KS test: D=0.023, p-value=0.3419
08-04 12:57 nessai INFO    : it:  2000: n eval: 8000 H: 8.91 dlogZ: 9707443.135 logZ: -9738189.468 +/- 0.094 logLmax: -30744.33
08-04 12:57 nessai INFO    : Switching to FlowProposal
08-04 12:57 nessai INFO    : it:  3000: Rolling KS test: D=0.024, p-value=0.311
08-04 12:57 nessai INFO    : it:  3000: n eval: 11884 H: 9.91 dlogZ: 3443032.924 logZ: -3473780.256 +/- 0.100 logLmax: -30744.33
08-04 12:57 nessai INFO    : it:  4000: Rolling KS test: D=0.036, p-value=0.07308
08-04 12:57 nessai INFO    : it:  4000: n eval: 15525 H: 10.91 dlogZ: 1385778.867 logZ: -1395180.334 +/- 0.104 logLmax: -9397.47
08-04 12:57 nessai INFO    : it:  5000: Rolling KS test: D=0.028, p-value=0.2046
08-04 12:57 nessai INFO    : it:  5000: n eval: 17411 H: 11.91 dlogZ: 584790.994 logZ: -594193.461 +/- 0.109 logLmax: -9397.47
08-04 12:57 nessai INFO    : it:  6000: Rolling KS test: D=0.018, p-value=0.5169
08-04 12:57 nessai INFO    : it:  6000: n eval: 21327 H: 12.82 dlogZ: 290310.556 logZ: -294515.396 +/- 0.113 logLmax: -4198.84
08-04 12:57 nessai INFO    : it:  7000: Rolling KS test: D=0.023, p-value=0.3419
08-04 12:57 nessai INFO    : it:  7000: n eval: 25869 H: 13.91 dlogZ: 142689.972 logZ: -144665.447 +/- 0.118 logLmax: -1968.48
08-04 12:57 nessai INFO    : it:  8000: Rolling KS test: D=0.006, p-value=0.9268
08-04 12:57 nessai INFO    : it:  8000: n eval: 30418 H: 14.91 dlogZ: 71565.158 logZ: -73006.320 +/- 0.122 logLmax: -1433.16
08-04 12:57 nessai INFO    : it:  9000: Rolling KS test: D=0.021, p-value=0.4082
08-04 12:58 nessai INFO    : it:  9000: n eval: 35097 H: 15.91 dlogZ: 37486.738 logZ: -38182.245 +/- 0.126 logLmax: -686.51
08-04 12:58 nessai INFO    : it: 10000: Rolling KS test: D=0.031, p-value=0.1433
08-04 12:58 nessai INFO    : it: 10000: n eval: 40271 H: 16.91 dlogZ: 19628.707 logZ: -20232.438 +/- 0.130 logLmax: -593.73
08-04 12:58 nessai INFO    : it: 11000: Rolling KS test: D=0.014, p-value=0.6695
08-04 12:58 nessai INFO    : it: 11000: n eval: 45355 H: 17.73 dlogZ: 10292.919 logZ: -10828.102 +/- 0.133 logLmax: -524.18
08-04 12:58 nessai INFO    : it: 12000: Rolling KS test: D=0.013, p-value=0.7071
08-04 12:58 nessai INFO    : it: 12000: n eval: 50471 H: 18.26 dlogZ: 5857.822 logZ: -6037.741 +/- 0.135 logLmax: -167.92
08-04 12:58 nessai INFO    : it: 13000: Rolling KS test: D=0.025, p-value=0.2818
08-04 12:58 nessai INFO    : it: 13000: n eval: 58683 H: 19.66 dlogZ: 3163.893 logZ: -3262.852 +/- 0.140 logLmax: -85.96
08-04 12:58 nessai INFO    : it: 14000: Rolling KS test: D=0.033, p-value=0.1108
08-04 12:58 nessai INFO    : it: 14000: n eval: 65030 H: 19.76 dlogZ: 1785.744 logZ: -1853.280 +/- 0.141 logLmax: -53.54
08-04 12:58 nessai INFO    : it: 15000: Rolling KS test: D=0.008, p-value=0.8752
08-04 12:58 nessai INFO    : it: 15000: n eval: 75979 H: 20.18 dlogZ: 986.089 logZ: -1040.369 +/- 0.142 logLmax: -39.28
08-04 12:58 nessai INFO    : it: 16000: Rolling KS test: D=0.029, p-value=0.1825
08-04 12:58 nessai INFO    : it: 16000: n eval: 82591 H: 20.31 dlogZ: 535.406 logZ: -590.686 +/- 0.143 logLmax: -39.28
08-04 12:58 nessai INFO    : it: 17000: Rolling KS test: D=0.006, p-value=0.9268
08-04 12:58 nessai INFO    : it: 17000: n eval: 94562 H: 21.01 dlogZ: 303.933 logZ: -360.213 +/- 0.145 logLmax: -39.28
08-04 12:58 nessai INFO    : it: 18000: Rolling KS test: D=0.022, p-value=0.3744
08-04 12:58 nessai INFO    : it: 18000: n eval: 111924 H: 21.69 dlogZ: 189.085 logZ: -229.905 +/- 0.147 logLmax: -22.82
08-04 12:58 nessai INFO    : it: 19000: Rolling KS test: D=0.009, p-value=0.8454
08-04 12:58 nessai INFO    : it: 19000: n eval: 129433 H: 21.80 dlogZ: 123.378 logZ: -155.178 +/- 0.148 logLmax: -12.80
08-04 12:58 nessai INFO    : it: 20000: Rolling KS test: D=0.01, p-value=0.8133
08-04 12:58 nessai INFO    : it: 20000: n eval: 161381 H: 22.59 dlogZ: 80.027 logZ: -112.312 +/- 0.150 logLmax: -12.29
08-04 12:58 nessai INFO    : it: 21000: Rolling KS test: D=0.037, p-value=0.06311
08-04 12:58 nessai INFO    : it: 21000: n eval: 187577 H: 23.01 dlogZ: 52.572 logZ: -84.600 +/- 0.152 logLmax: -11.03
08-04 12:58 nessai INFO    : it: 22000: Rolling KS test: D=0.024, p-value=0.311
08-04 12:59 nessai INFO    : it: 22000: n eval: 223961 H: 23.50 dlogZ: 38.679 logZ: -68.450 +/- 0.153 logLmax: -7.77
08-04 12:59 nessai INFO    : it: 23000: Rolling KS test: D=0.01, p-value=0.8133
08-04 12:59 nessai INFO    : it: 23000: n eval: 263411 H: 24.13 dlogZ: 28.383 logZ: -57.988 +/- 0.155 logLmax: -6.61
08-04 12:59 nessai INFO    : it: 24000: Rolling KS test: D=0.014, p-value=0.6695
08-04 12:59 nessai INFO    : it: 24000: n eval: 323411 H: 24.72 dlogZ: 20.191 logZ: -50.450 +/- 0.157 logLmax: -6.26
08-04 12:59 nessai INFO    : it: 25000: Rolling KS test: D=0.023, p-value=0.3419
08-04 12:59 nessai INFO    : it: 25000: n eval: 383411 H: 25.18 dlogZ: 14.439 logZ: -45.697 +/- 0.159 logLmax: -6.26
08-04 12:59 nessai INFO    : it: 26000: Rolling KS test: D=0.033, p-value=0.1108
08-04 12:59 nessai INFO    : it: 26000: n eval: 453411 H: 25.74 dlogZ: 10.783 logZ: -42.618 +/- 0.160 logLmax: -5.84
08-04 12:59 nessai INFO    : it: 27000: Rolling KS test: D=0.024, p-value=0.311
08-04 12:59 nessai INFO    : it: 27000: n eval: 533411 H: 26.33 dlogZ: 8.425 logZ: -40.414 +/- 0.162 logLmax: -4.99
08-04 13:00 nessai INFO    : it: 28000: Rolling KS test: D=0.034, p-value=0.09683
08-04 13:00 nessai INFO    : it: 28000: n eval: 613411 H: 26.85 dlogZ: 6.237 logZ: -38.852 +/- 0.164 logLmax: -4.62
08-04 13:00 nessai INFO    : it: 29000: Rolling KS test: D=0.026, p-value=0.2543
08-04 13:00 nessai INFO    : it: 29000: n eval: 683411 H: 27.29 dlogZ: 4.518 logZ: -37.828 +/- 0.165 logLmax: -4.32
08-04 13:00 nessai INFO    : it: 30000: Rolling KS test: D=0.039, p-value=0.0465
08-04 13:00 nessai INFO    : it: 30000: n eval: 773411 H: 27.72 dlogZ: 3.362 logZ: -37.131 +/- 0.167 logLmax: -3.81
08-04 13:00 nessai INFO    : it: 31000: Rolling KS test: D=0.023, p-value=0.3419
08-04 13:00 nessai INFO    : it: 31000: n eval: 863411 H: 28.11 dlogZ: 2.265 logZ: -36.660 +/- 0.168 logLmax: -3.51
08-04 13:01 nessai INFO    : it: 32000: Rolling KS test: D=0.024, p-value=0.311
08-04 13:01 nessai INFO    : it: 32000: n eval: 953411 H: 28.38 dlogZ: 1.221 logZ: -36.377 +/- 0.168 logLmax: -3.51
08-04 13:01 nessai INFO    : it: 33000: Rolling KS test: D=0.018, p-value=0.5169
08-04 13:01 nessai INFO    : it: 33000: n eval: 1023411 H: 28.58 dlogZ: 0.582 logZ: -36.208 +/- 0.169 logLmax: -3.45
08-04 13:01 nessai INFO    : it: 34000: Rolling KS test: D=0.025, p-value=0.2818
08-04 13:01 nessai INFO    : it: 34000: n eval: 1103411 H: 28.72 dlogZ: 0.240 logZ: -36.112 +/- 0.169 logLmax: -3.42
08-04 13:01 nessai INFO    : Stopping with difference_log_evidence=0.100
08-04 13:01 nessai INFO    : Finalising
08-04 13:01 nessai INFO    : Final ln-evidence: -36.015 +/- 0.170
08-04 13:01 nessai INFO    : Information: 28.91
08-04 13:01 nessai INFO    : Final KS test: D=0.006145, p-value=0.07105
08-04 13:01 nessai INFO    : Checkpointing nested sampling
08-04 13:01 nessai INFO    : Total sampling time: 0:04:08.286988
08-04 13:01 nessai INFO    : Total training time: 0:01:11.544260
08-04 13:01 nessai INFO    : Total population time: 0:01:26.936771
08-04 13:01 nessai INFO    : Total likelihood evaluations: 1173411
08-04 13:01 nessai INFO    : Time spent evaluating likelihood: 0:00:44.216926
08-04 13:01 nessai INFO    : Total sampling time: 0:04:08.286988
08-04 13:01 nessai INFO    : Total likelihood evaluations: 1173411
08-04 13:01 nessai INFO    : Starting post processing
08-04 13:01 nessai INFO    : Computing posterior samples
08-04 13:01 nessai INFO    : Effective sample size: 7261.3
08-04 13:01 nessai INFO    : Producing posterior samples using rejection sampling
08-04 13:01 nessai INFO    : Expect 4914.67912587648 samples from rejection sampling
08-04 13:01 nessai INFO    : Returned 4962 posterior samples
08-04 13:01 nessai INFO    : Starting to close worker pool.
08-04 13:01 nessai INFO    : Finished closing worker pool.
