/data/wiay/postgrads/shashwat/qunat_com_future/lib/python3.11/site-packages/nessai/utils/logging.py:133: FutureWarning: setup_logger is deprecated, use configure_logger instead
  warnings.warn(
08-04 12:18 nessai INFO    : Running Nessai version 0.15.2
08-04 12:18 nessai INFO    : Starting multiprocessing pool with 4 processes
08-04 12:18 nessai INFO    : Initialising nested sampler
08-04 12:18 nessai WARNING : Multiprocessing pool has already been configured.
/data/wiay/postgrads/shashwat/qunat_com_future/lib/python3.11/site-packages/nessai/gw/__init__.py:12: FutureWarning: The `nessai.gw` module will be deprecated in the next release in favour of the nessai-gw package. This packages provides the same functionality as`nessai.gw` via the plugin interface.For more details, see: https://github.com/mj-will/nessai-gw
  warnings.warn(
08-04 12:18 nessai INFO    : Passing kwargs to FlowProposal: {'poolsize': 1000}
08-04 12:18 nessai INFO    : No reparameterisations provided, using default reparameterisations included in FlowProposal
08-04 12:18 nessai INFO    : Adding reparameterisations from: {}
08-04 12:18 nessai INFO    : Assuming fallback reparameterisation (ScaleAndShift) for ['kappa', 'mu_xi', 'sigma_chi', 'sigma_xi', 'rho', 'lambda_chi', 'chi0', 'xi0'] with kwargs: {'estimate_scale': True, 'estimate_shift': True, 'prior_bounds': {'kappa': array([0.1, 5. ]), 'mu_xi': array([0. , 0.1]), 'sigma_chi': array([0.05, 0.6 ]), 'sigma_xi': array([0.05, 0.4 ]), 'rho': array([-0.9,  0.9]), 'lambda_chi': array([-0.5,  0.5]), 'chi0': array([-0.5,  0.5]), 'xi0': array([2.5, 5. ])}}.
08-04 12:18 nessai INFO    : x space parameters: ['kappa', 'mu_xi', 'sigma_chi', 'sigma_xi', 'rho', 'lambda_chi', 'chi0', 'xi0']
08-04 12:18 nessai INFO    : x prime space parameters: ['kappa_prime', 'mu_xi_prime', 'sigma_chi_prime', 'sigma_xi_prime', 'rho_prime', 'lambda_chi_prime', 'chi0_prime', 'xi0_prime']
08-04 12:18 nessai INFO    : Overwriting fuzz factor with expansion fraction
08-04 12:18 nessai INFO    : New fuzz factor: 1.2228445449938519
08-04 12:18 nessai INFO    : Verifying rescaling functions
08-04 12:18 nessai INFO    : Rescaling functions are invertible
08-04 12:18 nessai INFO    : Populating initial live points
08-04 12:18 nessai INFO    : Populated 100 / 1000 live points
08-04 12:18 nessai INFO    : Populated 200 / 1000 live points
08-04 12:18 nessai INFO    : Populated 300 / 1000 live points
08-04 12:18 nessai INFO    : Populated 400 / 1000 live points
08-04 12:18 nessai INFO    : Populated 500 / 1000 live points
08-04 12:18 nessai INFO    : Populated 600 / 1000 live points
08-04 12:18 nessai INFO    : Populated 700 / 1000 live points
08-04 12:18 nessai INFO    : Populated 800 / 1000 live points
08-04 12:18 nessai INFO    : Populated 900 / 1000 live points
08-04 12:18 nessai INFO    : Populated 1000 / 1000 live points
08-04 12:18 nessai INFO    : Starting nested sampling loop
08-04 12:18 nessai INFO    : it:  1000: Rolling KS test: D=0.022, p-value=0.3744
08-04 12:18 nessai INFO    : it:  1000: n eval: 3000 H: 7.91 dlogZ: 3789063.625 logZ: -3792677.429 +/- 0.089 logLmax: -3612.81
08-04 12:18 nessai INFO    : it:  2000: Rolling KS test: D=0.026, p-value=0.2543
08-04 12:18 nessai INFO    : it:  2000: n eval: 8000 H: 8.91 dlogZ: 748172.637 logZ: -750758.071 +/- 0.094 logLmax: -2583.43
08-04 12:18 nessai INFO    : Switching to FlowProposal
08-04 12:18 nessai INFO    : it:  3000: Rolling KS test: D=0.023, p-value=0.3419
08-04 12:18 nessai INFO    : it:  3000: n eval: 12163 H: 9.91 dlogZ: 243424.677 logZ: -243530.752 +/- 0.100 logLmax: -103.08
08-04 12:18 nessai INFO    : it:  4000: Rolling KS test: D=0.025, p-value=0.2818
08-04 12:18 nessai INFO    : it:  4000: n eval: 15852 H: 10.91 dlogZ: 93917.310 logZ: -94024.386 +/- 0.104 logLmax: -103.08
08-04 12:18 nessai INFO    : it:  5000: Rolling KS test: D=0.019, p-value=0.4797
08-04 12:18 nessai INFO    : it:  5000: n eval: 20011 H: 11.91 dlogZ: 38772.512 logZ: -38880.588 +/- 0.109 logLmax: -103.08
08-04 12:18 nessai INFO    : it:  6000: Rolling KS test: D=0.02, p-value=0.4434
08-04 12:18 nessai INFO    : it:  6000: n eval: 22645 H: 12.15 dlogZ: 17962.475 logZ: -18071.550 +/- 0.110 logLmax: -103.08
08-04 12:18 nessai INFO    : it:  7000: Rolling KS test: D=0.016, p-value=0.593
08-04 12:18 nessai INFO    : it:  7000: n eval: 29783 H: 13.91 dlogZ: 8743.251 logZ: -8853.326 +/- 0.118 logLmax: -103.08
08-04 12:18 nessai INFO    : it:  8000: Rolling KS test: D=0.02, p-value=0.4434
08-04 12:18 nessai INFO    : it:  8000: n eval: 32256 H: 14.45 dlogZ: 4383.208 logZ: -4403.987 +/- 0.120 logLmax: -12.78
08-04 12:18 nessai INFO    : it:  9000: Rolling KS test: D=0.036, p-value=0.07308
08-04 12:18 nessai INFO    : it:  9000: n eval: 39692 H: 15.46 dlogZ: 2248.942 logZ: -2270.722 +/- 0.124 logLmax: -12.78
08-04 12:18 nessai INFO    : it: 10000: Rolling KS test: D=0.019, p-value=0.4797
08-04 12:18 nessai INFO    : it: 10000: n eval: 45303 H: 15.91 dlogZ: 1164.222 logZ: -1187.002 +/- 0.126 logLmax: -12.78
08-04 12:18 nessai INFO    : it: 11000: Rolling KS test: D=0.012, p-value=0.7438
08-04 12:18 nessai INFO    : it: 11000: n eval: 51744 H: 16.04 dlogZ: 591.792 logZ: -615.571 +/- 0.127 logLmax: -12.78
08-04 12:18 nessai INFO    : it: 12000: Rolling KS test: D=0.031, p-value=0.1433
08-04 12:18 nessai INFO    : it: 12000: n eval: 61929 H: 16.47 dlogZ: 317.312 logZ: -337.028 +/- 0.128 logLmax: -7.72
08-04 12:18 nessai INFO    : it: 13000: Rolling KS test: D=0.042, p-value=0.02854
08-04 12:19 nessai INFO    : it: 13000: n eval: 75298 H: 16.36 dlogZ: 167.775 logZ: -188.491 +/- 0.128 logLmax: -7.72
08-04 12:19 nessai INFO    : it: 14000: Rolling KS test: D=0.027, p-value=0.2286
08-04 12:19 nessai INFO    : it: 14000: n eval: 91677 H: 17.02 dlogZ: 91.008 logZ: -112.724 +/- 0.130 logLmax: -7.72
08-04 12:19 nessai INFO    : it: 15000: Rolling KS test: D=0.021, p-value=0.4082
08-04 12:19 nessai INFO    : it: 15000: n eval: 107257 H: 17.23 dlogZ: 53.979 logZ: -74.713 +/- 0.131 logLmax: -5.74
08-04 12:19 nessai INFO    : it: 16000: Rolling KS test: D=0.009, p-value=0.8454
08-04 12:19 nessai INFO    : it: 16000: n eval: 136627 H: 17.65 dlogZ: 36.717 logZ: -55.192 +/- 0.133 logLmax: -2.48
08-04 12:19 nessai INFO    : it: 17000: Rolling KS test: D=0.032, p-value=0.1263
08-04 12:19 nessai INFO    : it: 17000: n eval: 160897 H: 18.18 dlogZ: 24.088 logZ: -43.076 +/- 0.135 logLmax: -1.99
08-04 12:19 nessai INFO    : it: 18000: Rolling KS test: D=0.032, p-value=0.1263
08-04 12:19 nessai INFO    : it: 18000: n eval: 184433 H: 18.65 dlogZ: 15.725 logZ: -35.713 +/- 0.137 logLmax: -1.99
08-04 12:19 nessai INFO    : it: 19000: Rolling KS test: D=0.019, p-value=0.4797
08-04 12:19 nessai INFO    : it: 19000: n eval: 233754 H: 19.16 dlogZ: 10.183 logZ: -31.171 +/- 0.138 logLmax: -1.99
08-04 12:19 nessai INFO    : it: 20000: Rolling KS test: D=0.02, p-value=0.4434
08-04 12:19 nessai INFO    : it: 20000: n eval: 273604 H: 19.67 dlogZ: 6.115 logZ: -28.101 +/- 0.140 logLmax: -1.99
08-04 12:19 nessai INFO    : it: 21000: Rolling KS test: D=0.032, p-value=0.1263
08-04 12:19 nessai INFO    : it: 21000: n eval: 323410 H: 20.01 dlogZ: 3.934 logZ: -26.363 +/- 0.141 logLmax: -1.45
08-04 12:19 nessai INFO    : it: 22000: Rolling KS test: D=0.024, p-value=0.311
08-04 12:19 nessai INFO    : it: 22000: n eval: 383410 H: 20.29 dlogZ: 2.538 logZ: -25.398 +/- 0.142 logLmax: -0.94
08-04 12:20 nessai INFO    : it: 23000: Rolling KS test: D=0.021, p-value=0.4082
08-04 12:20 nessai INFO    : it: 23000: n eval: 483410 H: 20.49 dlogZ: 1.277 logZ: -24.893 +/- 0.143 logLmax: -0.94
08-04 12:20 nessai INFO    : it: 24000: Rolling KS test: D=0.018, p-value=0.5169
08-04 12:20 nessai INFO    : it: 24000: n eval: 623410 H: 20.63 dlogZ: 0.551 logZ: -24.635 +/- 0.144 logLmax: -0.94
08-04 12:20 nessai INFO    : it: 25000: Rolling KS test: D=0.034, p-value=0.09683
08-04 12:20 nessai INFO    : it: 25000: n eval: 823410 H: 20.71 dlogZ: 0.226 logZ: -24.513 +/- 0.144 logLmax: -0.89
08-04 12:21 nessai INFO    : it: 26000: Rolling KS test: D=0.01, p-value=0.8133
08-04 12:21 nessai INFO    : it: 26000: n eval: 1083410 H: 20.76 dlogZ: 0.117 logZ: -24.455 +/- 0.144 logLmax: -0.54
08-04 12:21 nessai INFO    : Stopping with difference_log_evidence=0.100
08-04 12:21 nessai INFO    : Finalising
08-04 12:21 nessai INFO    : Final ln-evidence: -24.409 +/- 0.144
08-04 12:21 nessai INFO    : Information: 20.82
08-04 12:21 nessai INFO    : Final KS test: D=0.007148, p-value=0.06868
08-04 12:21 nessai INFO    : Checkpointing nested sampling
08-04 12:21 nessai INFO    : Total sampling time: 0:03:13.718536
08-04 12:21 nessai INFO    : Total training time: 0:00:53.400197
08-04 12:21 nessai INFO    : Total population time: 0:01:29.177716
08-04 12:21 nessai INFO    : Total likelihood evaluations: 1123410
08-04 12:21 nessai INFO    : Time spent evaluating likelihood: 0:00:21.698844
08-04 12:21 nessai INFO    : Total sampling time: 0:03:13.718536
08-04 12:21 nessai INFO    : Total likelihood evaluations: 1123410
08-04 12:21 nessai INFO    : Starting post processing
08-04 12:21 nessai INFO    : Computing posterior samples
08-04 12:21 nessai INFO    : Effective sample size: 5604.3
08-04 12:21 nessai INFO    : Producing posterior samples using rejection sampling
08-04 12:21 nessai INFO    : Expect 3883.3128334648827 samples from rejection sampling
08-04 12:21 nessai INFO    : Returned 3857 posterior samples
08-04 12:21 nessai INFO    : Starting to close worker pool.
08-04 12:21 nessai INFO    : Finished closing worker pool.
