/data/wiay/postgrads/shashwat/qunat_com_future/lib/python3.11/site-packages/nessai/utils/logging.py:133: FutureWarning: setup_logger is deprecated, use configure_logger instead
  warnings.warn(
08-04 10:21 nessai INFO    : Running Nessai version 0.15.2
08-04 10:21 nessai INFO    : Starting multiprocessing pool with 4 processes
08-04 10:21 nessai INFO    : Initialising nested sampler
08-04 10:21 nessai WARNING : Multiprocessing pool has already been configured.
/data/wiay/postgrads/shashwat/qunat_com_future/lib/python3.11/site-packages/nessai/gw/__init__.py:12: FutureWarning: The `nessai.gw` module will be deprecated in the next release in favour of the nessai-gw package. This packages provides the same functionality as`nessai.gw` via the plugin interface.For more details, see: https://github.com/mj-will/nessai-gw
  warnings.warn(
08-04 10:21 nessai INFO    : Passing kwargs to FlowProposal: {'poolsize': 1000}
08-04 10:21 nessai INFO    : No reparameterisations provided, using default reparameterisations included in FlowProposal
08-04 10:21 nessai INFO    : Adding reparameterisations from: {}
08-04 10:21 nessai INFO    : Assuming fallback reparameterisation (ScaleAndShift) for ['kappa', 'mu_xi', 'sigma_chi', 'sigma_xi', 'rho', 'lambda_chi', 'chi0', 'xi0'] with kwargs: {'estimate_scale': True, 'estimate_shift': True, 'prior_bounds': {'kappa': array([0.1, 5. ]), 'mu_xi': array([0. , 0.1]), 'sigma_chi': array([0.05, 0.6 ]), 'sigma_xi': array([0.05, 0.4 ]), 'rho': array([-0.9,  0.9]), 'lambda_chi': array([-0.5,  0.5]), 'chi0': array([-0.5,  0.5]), 'xi0': array([2.5, 5. ])}}.
08-04 10:21 nessai INFO    : x space parameters: ['kappa', 'mu_xi', 'sigma_chi', 'sigma_xi', 'rho', 'lambda_chi', 'chi0', 'xi0']
08-04 10:21 nessai INFO    : x prime space parameters: ['kappa_prime', 'mu_xi_prime', 'sigma_chi_prime', 'sigma_xi_prime', 'rho_prime', 'lambda_chi_prime', 'chi0_prime', 'xi0_prime']
08-04 10:21 nessai INFO    : Overwriting fuzz factor with expansion fraction
08-04 10:21 nessai INFO    : New fuzz factor: 1.2228445449938519
08-04 10:21 nessai INFO    : Verifying rescaling functions
08-04 10:21 nessai INFO    : Rescaling functions are invertible
08-04 10:21 nessai INFO    : Populating initial live points
08-04 10:21 nessai INFO    : Populated 100 / 1000 live points
08-04 10:21 nessai INFO    : Populated 200 / 1000 live points
08-04 10:21 nessai INFO    : Populated 300 / 1000 live points
08-04 10:21 nessai INFO    : Populated 400 / 1000 live points
08-04 10:21 nessai INFO    : Populated 500 / 1000 live points
08-04 10:21 nessai INFO    : Populated 600 / 1000 live points
08-04 10:21 nessai INFO    : Populated 700 / 1000 live points
08-04 10:21 nessai INFO    : Populated 800 / 1000 live points
08-04 10:21 nessai INFO    : Populated 900 / 1000 live points
08-04 10:21 nessai INFO    : Populated 1000 / 1000 live points
08-04 10:21 nessai INFO    : Starting nested sampling loop
08-04 10:21 nessai INFO    : it:  1000: Rolling KS test: D=0.012, p-value=0.7438
08-04 10:21 nessai INFO    : it:  1000: n eval: 3000 H: 7.91 dlogZ: 82601010.426 logZ: -82844978.315 +/- 0.089 logLmax: -243966.89
08-04 10:21 nessai INFO    : it:  2000: Rolling KS test: D=0.059, p-value=0.0009071
08-04 10:22 nessai INFO    : it:  2000: n eval: 8000 H: 8.91 dlogZ: 20836305.206 logZ: -21080274.094 +/- 0.094 logLmax: -243966.89
08-04 10:22 nessai INFO    : Switching to FlowProposal
08-04 10:22 nessai INFO    : it:  3000: Rolling KS test: D=0.038, p-value=0.05428
08-04 10:22 nessai INFO    : it:  3000: n eval: 11951 H: 9.91 dlogZ: 6332719.496 logZ: -6369738.905 +/- 0.100 logLmax: -37016.41
08-04 10:22 nessai INFO    : it:  4000: Rolling KS test: D=0.043, p-value=0.02406
08-04 10:22 nessai INFO    : it:  4000: n eval: 15935 H: 10.91 dlogZ: 2538074.545 logZ: -2554762.705 +/- 0.104 logLmax: -16684.16
08-04 10:22 nessai INFO    : it:  5000: Rolling KS test: D=0.024, p-value=0.311
08-04 10:22 nessai INFO    : it:  5000: n eval: 20109 H: 11.91 dlogZ: 1112863.004 logZ: -1125986.153 +/- 0.109 logLmax: -13118.15
08-04 10:22 nessai INFO    : it:  6000: Rolling KS test: D=0.048, p-value=0.009645
08-04 10:22 nessai INFO    : it:  6000: n eval: 22199 H: 12.91 dlogZ: 532276.880 logZ: -540705.155 +/- 0.114 logLmax: -8422.28
08-04 10:22 nessai INFO    : it:  7000: Rolling KS test: D=0.029, p-value=0.1825
08-04 10:22 nessai INFO    : it:  7000: n eval: 28903 H: 13.91 dlogZ: 261025.037 logZ: -265596.173 +/- 0.118 logLmax: -4564.14
08-04 10:22 nessai INFO    : it:  8000: Rolling KS test: D=0.006, p-value=0.9268
08-04 10:22 nessai INFO    : it:  8000: n eval: 31218 H: 14.91 dlogZ: 130898.589 logZ: -133625.907 +/- 0.122 logLmax: -2719.32
08-04 10:22 nessai INFO    : it:  9000: Rolling KS test: D=0.034, p-value=0.09683
08-04 10:22 nessai INFO    : it:  9000: n eval: 38897 H: 15.91 dlogZ: 67734.339 logZ: -67951.610 +/- 0.126 logLmax: -208.27
08-04 10:22 nessai INFO    : it: 10000: Rolling KS test: D=0.032, p-value=0.1263
08-04 10:22 nessai INFO    : it: 10000: n eval: 43799 H: 16.91 dlogZ: 35000.645 logZ: -35218.916 +/- 0.130 logLmax: -208.27
08-04 10:22 nessai INFO    : it: 11000: Rolling KS test: D=0.023, p-value=0.3419
08-04 10:22 nessai INFO    : it: 11000: n eval: 49089 H: 16.83 dlogZ: 17832.394 logZ: -17989.109 +/- 0.130 logLmax: -145.72
08-04 10:22 nessai INFO    : it: 12000: Rolling KS test: D=0.025, p-value=0.2818
08-04 10:22 nessai INFO    : it: 12000: n eval: 54741 H: 18.20 dlogZ: 9356.208 logZ: -9513.923 +/- 0.135 logLmax: -145.72
08-04 10:22 nessai INFO    : it: 13000: Rolling KS test: D=0.009, p-value=0.8454
08-04 10:22 nessai INFO    : it: 13000: n eval: 64972 H: 19.59 dlogZ: 5285.752 logZ: -5389.729 +/- 0.140 logLmax: -90.98
08-04 10:22 nessai INFO    : it: 14000: Rolling KS test: D=0.007, p-value=0.9024
08-04 10:22 nessai INFO    : it: 14000: n eval: 71286 H: 20.40 dlogZ: 3083.725 logZ: -3188.702 +/- 0.143 logLmax: -90.98
08-04 10:22 nessai INFO    : it: 15000: Rolling KS test: D=0.031, p-value=0.1433
08-04 10:22 nessai INFO    : it: 15000: n eval: 83734 H: 20.21 dlogZ: 1988.176 logZ: -2052.568 +/- 0.142 logLmax: -49.39
08-04 10:22 nessai INFO    : it: 16000: Rolling KS test: D=0.043, p-value=0.02406
08-04 10:22 nessai INFO    : it: 16000: n eval: 96001 H: 21.75 dlogZ: 1207.854 logZ: -1266.138 +/- 0.147 logLmax: -42.28
08-04 10:22 nessai INFO    : it: 17000: Rolling KS test: D=0.035, p-value=0.08429
08-04 10:22 nessai INFO    : it: 17000: n eval: 109147 H: 21.76 dlogZ: 701.846 logZ: -758.803 +/- 0.148 logLmax: -39.96
08-04 10:22 nessai INFO    : it: 18000: Rolling KS test: D=0.009, p-value=0.8454
08-04 10:22 nessai INFO    : it: 18000: n eval: 126136 H: 22.47 dlogZ: 428.816 logZ: -469.054 +/- 0.150 logLmax: -22.24
08-04 10:22 nessai INFO    : it: 19000: Rolling KS test: D=0.028, p-value=0.2046
08-04 10:22 nessai INFO    : it: 19000: n eval: 151593 H: 23.12 dlogZ: 264.176 logZ: -299.006 +/- 0.152 logLmax: -15.83
08-04 10:22 nessai INFO    : it: 20000: Rolling KS test: D=0.021, p-value=0.4082
08-04 10:22 nessai INFO    : it: 20000: n eval: 184007 H: 23.44 dlogZ: 166.537 logZ: -198.176 +/- 0.153 logLmax: -11.64
08-04 10:22 nessai INFO    : it: 21000: Rolling KS test: D=0.035, p-value=0.08429
08-04 10:22 nessai INFO    : it: 21000: n eval: 234007 H: 23.95 dlogZ: 104.443 logZ: -137.042 +/- 0.155 logLmax: -11.60
08-04 10:23 nessai INFO    : it: 22000: Rolling KS test: D=0.038, p-value=0.05428
08-04 10:23 nessai INFO    : it: 22000: n eval: 304007 H: 24.47 dlogZ: 64.765 logZ: -98.364 +/- 0.156 logLmax: -11.60
08-04 10:23 nessai INFO    : it: 23000: Rolling KS test: D=0.029, p-value=0.1825
08-04 10:23 nessai INFO    : it: 23000: n eval: 374007 H: 24.82 dlogZ: 48.896 logZ: -77.134 +/- 0.158 logLmax: -5.24
08-04 10:23 nessai INFO    : it: 24000: Rolling KS test: D=0.013, p-value=0.7071
08-04 10:23 nessai INFO    : it: 24000: n eval: 454007 H: 25.45 dlogZ: 32.693 logZ: -61.931 +/- 0.160 logLmax: -5.24
08-04 10:23 nessai INFO    : it: 25000: Rolling KS test: D=0.038, p-value=0.05428
08-04 10:23 nessai INFO    : it: 25000: n eval: 544007 H: 25.99 dlogZ: 22.297 logZ: -52.535 +/- 0.161 logLmax: -5.24
08-04 10:23 nessai INFO    : it: 26000: Rolling KS test: D=0.025, p-value=0.2818
08-04 10:23 nessai INFO    : it: 26000: n eval: 644007 H: 26.47 dlogZ: 15.238 logZ: -46.476 +/- 0.163 logLmax: -5.24
08-04 10:23 nessai INFO    : it: 27000: Rolling KS test: D=0.028, p-value=0.2046
08-04 10:23 nessai INFO    : it: 27000: n eval: 744007 H: 26.95 dlogZ: 11.352 logZ: -42.588 +/- 0.164 logLmax: -4.24
08-04 10:24 nessai INFO    : it: 28000: Rolling KS test: D=0.041, p-value=0.03371
08-04 10:24 nessai INFO    : it: 28000: n eval: 874007 H: 27.43 dlogZ: 7.943 logZ: -40.178 +/- 0.166 logLmax: -4.24
08-04 10:24 nessai INFO    : it: 29000: Rolling KS test: D=0.026, p-value=0.2543
08-04 10:24 nessai INFO    : it: 29000: n eval: 1044007 H: 27.89 dlogZ: 5.995 logZ: -38.598 +/- 0.167 logLmax: -3.61
08-04 10:24 nessai INFO    : it: 30000: Rolling KS test: D=0.018, p-value=0.5169
08-04 10:24 nessai INFO    : it: 30000: n eval: 1194007 H: 28.31 dlogZ: 4.645 logZ: -37.575 +/- 0.168 logLmax: -2.94
08-04 10:24 nessai INFO    : it: 31000: Rolling KS test: D=0.026, p-value=0.2543
08-04 10:24 nessai INFO    : it: 31000: n eval: 1324007 H: 28.65 dlogZ: 3.508 logZ: -36.941 +/- 0.169 logLmax: -2.46
08-04 10:25 nessai INFO    : it: 32000: Rolling KS test: D=0.026, p-value=0.2543
08-04 10:25 nessai INFO    : it: 32000: n eval: 1464007 H: 28.95 dlogZ: 2.528 logZ: -36.542 +/- 0.170 logLmax: -2.10
08-04 10:25 nessai INFO    : it: 33000: Rolling KS test: D=0.013, p-value=0.7071
08-04 10:25 nessai INFO    : it: 33000: n eval: 1614007 H: 29.21 dlogZ: 1.876 logZ: -36.289 +/- 0.171 logLmax: -1.58
08-04 10:25 nessai INFO    : it: 34000: Rolling KS test: D=0.058, p-value=0.001147
08-04 10:25 nessai INFO    : it: 34000: n eval: 1814007 H: 29.40 dlogZ: 1.082 logZ: -36.138 +/- 0.171 logLmax: -1.47
08-04 10:26 nessai INFO    : it: 35000: Rolling KS test: D=0.04, p-value=0.03967
08-04 10:26 nessai INFO    : it: 35000: n eval: 2094007 H: 29.55 dlogZ: 0.565 logZ: -36.047 +/- 0.172 logLmax: -1.32
08-04 10:26 nessai INFO    : it: 36000: Rolling KS test: D=0.028, p-value=0.2046
08-04 10:26 nessai INFO    : it: 36000: n eval: 2204007 H: 29.66 dlogZ: 0.270 logZ: -35.991 +/- 0.172 logLmax: -1.16
08-04 10:26 nessai INFO    : it: 37000: Rolling KS test: D=0.037, p-value=0.06311
08-04 10:26 nessai INFO    : it: 37000: n eval: 2244007 H: 29.74 dlogZ: 0.110 logZ: -35.957 +/- 0.172 logLmax: -1.11
08-04 10:26 nessai INFO    : Stopping with difference_log_evidence=0.100
08-04 10:26 nessai INFO    : Finalising
08-04 10:26 nessai INFO    : Final ln-evidence: -35.920 +/- 0.173
08-04 10:26 nessai INFO    : Information: 29.85
08-04 10:26 nessai INFO    : Final KS test: D=0.01478, p-value=9.013e-08
08-04 10:26 nessai WARNING : Final p-value for the insertion indices is less than 0.05, this could be an indication of problems during sampling. Consider checking the diagnostic plots.
08-04 10:26 nessai INFO    : Checkpointing nested sampling
08-04 10:26 nessai INFO    : Total sampling time: 0:04:57.456040
08-04 10:26 nessai INFO    : Total training time: 0:01:31.560302
08-04 10:26 nessai INFO    : Total population time: 0:02:09.771926
08-04 10:26 nessai INFO    : Total likelihood evaluations: 2254007
08-04 10:26 nessai INFO    : Time spent evaluating likelihood: 0:00:36.616092
08-04 10:26 nessai INFO    : Total sampling time: 0:04:57.456040
08-04 10:26 nessai INFO    : Total likelihood evaluations: 2254007
08-04 10:26 nessai INFO    : Starting post processing
08-04 10:26 nessai INFO    : Computing posterior samples
08-04 10:26 nessai INFO    : Effective sample size: 7910.6
08-04 10:26 nessai INFO    : Producing posterior samples using rejection sampling
08-04 10:26 nessai INFO    : Expect 5477.702683382518 samples from rejection sampling
08-04 10:26 nessai INFO    : Returned 5534 posterior samples
08-04 10:26 nessai INFO    : Starting to close worker pool.
08-04 10:26 nessai INFO    : Finished closing worker pool.
