/data/wiay/postgrads/shashwat/qunat_com_future/lib/python3.11/site-packages/nessai/utils/logging.py:133: FutureWarning: setup_logger is deprecated, use configure_logger instead
  warnings.warn(
08-04 14:53 nessai INFO    : Running Nessai version 0.15.2
08-04 14:53 nessai INFO    : Starting multiprocessing pool with 4 processes
08-04 14:53 nessai INFO    : Initialising nested sampler
08-04 14:53 nessai WARNING : Multiprocessing pool has already been configured.
/data/wiay/postgrads/shashwat/qunat_com_future/lib/python3.11/site-packages/nessai/gw/__init__.py:12: FutureWarning: The `nessai.gw` module will be deprecated in the next release in favour of the nessai-gw package. This packages provides the same functionality as`nessai.gw` via the plugin interface.For more details, see: https://github.com/mj-will/nessai-gw
  warnings.warn(
08-04 14:53 nessai INFO    : Passing kwargs to FlowProposal: {'poolsize': 1000}
08-04 14:53 nessai INFO    : No reparameterisations provided, using default reparameterisations included in FlowProposal
08-04 14:53 nessai INFO    : Adding reparameterisations from: {}
08-04 14:53 nessai INFO    : Assuming fallback reparameterisation (ScaleAndShift) for ['kappa', 'mu_xi', 'sigma_chi', 'sigma_xi', 'rho', 'lambda_chi', 'chi0', 'xi0'] with kwargs: {'estimate_scale': True, 'estimate_shift': True, 'prior_bounds': {'kappa': array([0.1, 5. ]), 'mu_xi': array([0. , 0.1]), 'sigma_chi': array([0.05, 0.6 ]), 'sigma_xi': array([0.05, 0.4 ]), 'rho': array([-0.9,  0.9]), 'lambda_chi': array([-0.5,  0.5]), 'chi0': array([-0.5,  0.5]), 'xi0': array([2.5, 5. ])}}.
08-04 14:53 nessai INFO    : x space parameters: ['kappa', 'mu_xi', 'sigma_chi', 'sigma_xi', 'rho', 'lambda_chi', 'chi0', 'xi0']
08-04 14:53 nessai INFO    : x prime space parameters: ['kappa_prime', 'mu_xi_prime', 'sigma_chi_prime', 'sigma_xi_prime', 'rho_prime', 'lambda_chi_prime', 'chi0_prime', 'xi0_prime']
08-04 14:53 nessai INFO    : Overwriting fuzz factor with expansion fraction
08-04 14:53 nessai INFO    : New fuzz factor: 1.2228445449938519
08-04 14:53 nessai INFO    : Verifying rescaling functions
08-04 14:53 nessai INFO    : Rescaling functions are invertible
08-04 14:53 nessai INFO    : Populating initial live points
08-04 14:53 nessai INFO    : Populated 100 / 1000 live points
08-04 14:53 nessai INFO    : Populated 200 / 1000 live points
08-04 14:53 nessai INFO    : Populated 300 / 1000 live points
08-04 14:53 nessai INFO    : Populated 400 / 1000 live points
08-04 14:53 nessai INFO    : Populated 500 / 1000 live points
08-04 14:53 nessai INFO    : Populated 600 / 1000 live points
08-04 14:53 nessai INFO    : Populated 700 / 1000 live points
08-04 14:53 nessai INFO    : Populated 800 / 1000 live points
08-04 14:53 nessai INFO    : Populated 900 / 1000 live points
08-04 14:53 nessai INFO    : Populated 1000 / 1000 live points
08-04 14:53 nessai INFO    : Starting nested sampling loop
08-04 14:53 nessai INFO    : it:  1000: Rolling KS test: D=0.04, p-value=0.03967
08-04 14:53 nessai INFO    : it:  1000: n eval: 3000 H: 7.91 dlogZ: 11628969.818 logZ: -11630469.846 +/- 0.089 logLmax: -1499.03
08-04 14:53 nessai INFO    : it:  2000: Rolling KS test: D=0.023, p-value=0.3419
08-04 14:53 nessai INFO    : it:  2000: n eval: 8000 H: 8.91 dlogZ: 999844.565 logZ: -1001345.593 +/- 0.094 logLmax: -1499.03
08-04 14:53 nessai INFO    : Switching to FlowProposal
08-04 14:53 nessai INFO    : it:  3000: Rolling KS test: D=0.044, p-value=0.0202
08-04 14:53 nessai INFO    : it:  3000: n eval: 11710 H: 9.91 dlogZ: 172883.288 logZ: -173321.890 +/- 0.100 logLmax: -435.60
08-04 14:53 nessai INFO    : it:  4000: Rolling KS test: D=0.021, p-value=0.4082
08-04 14:53 nessai INFO    : it:  4000: n eval: 13335 H: 10.91 dlogZ: 57908.668 logZ: -58348.270 +/- 0.104 logLmax: -435.60
08-04 14:53 nessai INFO    : it:  5000: Rolling KS test: D=0.047, p-value=0.01167
08-04 14:53 nessai INFO    : it:  5000: n eval: 17017 H: 11.91 dlogZ: 23581.413 logZ: -24022.015 +/- 0.109 logLmax: -435.60
08-04 14:54 nessai INFO    : it:  6000: Rolling KS test: D=0.013, p-value=0.7071
08-04 14:54 nessai INFO    : it:  6000: n eval: 21380 H: 12.53 dlogZ: 11011.757 logZ: -11322.989 +/- 0.112 logLmax: -305.23
08-04 14:54 nessai INFO    : it:  7000: Rolling KS test: D=0.024, p-value=0.311
08-04 14:54 nessai INFO    : it:  7000: n eval: 26490 H: 12.99 dlogZ: 5440.977 logZ: -5685.248 +/- 0.114 logLmax: -237.27
08-04 14:54 nessai INFO    : it:  8000: Rolling KS test: D=0.032, p-value=0.1263
08-04 14:54 nessai INFO    : it:  8000: n eval: 30788 H: 13.74 dlogZ: 2643.344 logZ: -2799.373 +/- 0.117 logLmax: -148.03
08-04 14:54 nessai INFO    : it:  9000: Rolling KS test: D=0.029, p-value=0.1825
08-04 14:54 nessai INFO    : it:  9000: n eval: 35803 H: 14.48 dlogZ: 1440.869 logZ: -1478.008 +/- 0.120 logLmax: -28.14
08-04 14:54 nessai INFO    : it: 10000: Rolling KS test: D=0.02, p-value=0.4434
08-04 14:54 nessai INFO    : it: 10000: n eval: 41217 H: 14.81 dlogZ: 817.516 logZ: -847.296 +/- 0.122 logLmax: -19.78
08-04 14:54 nessai INFO    : it: 11000: Rolling KS test: D=0.031, p-value=0.1433
08-04 14:54 nessai INFO    : it: 11000: n eval: 46080 H: 15.87 dlogZ: 479.318 logZ: -510.098 +/- 0.126 logLmax: -19.78
08-04 14:54 nessai INFO    : it: 12000: Rolling KS test: D=0.027, p-value=0.2286
08-04 14:54 nessai INFO    : it: 12000: n eval: 50990 H: 16.08 dlogZ: 313.685 logZ: -338.401 +/- 0.127 logLmax: -12.72
08-04 14:54 nessai INFO    : it: 13000: Rolling KS test: D=0.017, p-value=0.5547
08-04 14:54 nessai INFO    : it: 13000: n eval: 56661 H: 16.63 dlogZ: 209.295 logZ: -233.631 +/- 0.129 logLmax: -11.34
08-04 14:54 nessai INFO    : it: 14000: Rolling KS test: D=0.019, p-value=0.4797
08-04 14:54 nessai INFO    : it: 14000: n eval: 65739 H: 17.24 dlogZ: 132.902 logZ: -158.238 +/- 0.131 logLmax: -11.34
08-04 14:54 nessai INFO    : it: 15000: Rolling KS test: D=0.014, p-value=0.6695
08-04 14:54 nessai INFO    : it: 15000: n eval: 71632 H: 17.62 dlogZ: 83.243 logZ: -105.560 +/- 0.133 logLmax: -7.32
08-04 14:54 nessai INFO    : it: 16000: Rolling KS test: D=0.036, p-value=0.07308
08-04 14:54 nessai INFO    : it: 16000: n eval: 78837 H: 18.12 dlogZ: 52.767 logZ: -76.085 +/- 0.135 logLmax: -7.32
08-04 14:54 nessai INFO    : it: 17000: Rolling KS test: D=0.046, p-value=0.01407
08-04 14:54 nessai INFO    : it: 17000: n eval: 89158 H: 18.64 dlogZ: 32.633 logZ: -56.445 +/- 0.137 logLmax: -6.81
08-04 14:54 nessai INFO    : it: 18000: Rolling KS test: D=0.029, p-value=0.1825
08-04 14:54 nessai INFO    : it: 18000: n eval: 96383 H: 19.25 dlogZ: 20.467 logZ: -44.398 +/- 0.139 logLmax: -5.93
08-04 14:54 nessai INFO    : it: 19000: Rolling KS test: D=0.024, p-value=0.311
08-04 14:54 nessai INFO    : it: 19000: n eval: 108512 H: 19.61 dlogZ: 13.147 logZ: -37.168 +/- 0.140 logLmax: -5.02
08-04 14:54 nessai INFO    : it: 20000: Rolling KS test: D=0.018, p-value=0.5169
08-04 14:54 nessai INFO    : it: 20000: n eval: 122334 H: 20.00 dlogZ: 8.422 logZ: -33.106 +/- 0.141 logLmax: -4.69
08-04 14:54 nessai INFO    : it: 21000: Rolling KS test: D=0.013, p-value=0.7071
08-04 14:54 nessai INFO    : it: 21000: n eval: 136733 H: 20.38 dlogZ: 5.651 logZ: -30.736 +/- 0.143 logLmax: -4.09
08-04 14:54 nessai INFO    : it: 22000: Rolling KS test: D=0.029, p-value=0.1825
08-04 14:54 nessai INFO    : it: 22000: n eval: 160666 H: 20.71 dlogZ: 3.491 logZ: -29.379 +/- 0.144 logLmax: -3.92
08-04 14:54 nessai INFO    : it: 23000: Rolling KS test: D=0.009, p-value=0.8454
08-04 14:54 nessai INFO    : it: 23000: n eval: 181074 H: 20.95 dlogZ: 1.894 logZ: -28.650 +/- 0.145 logLmax: -3.92
08-04 14:54 nessai INFO    : it: 24000: Rolling KS test: D=0.021, p-value=0.4082
08-04 14:54 nessai INFO    : it: 24000: n eval: 216008 H: 21.14 dlogZ: 1.163 logZ: -28.257 +/- 0.145 logLmax: -3.47
08-04 14:55 nessai INFO    : it: 25000: Rolling KS test: D=0.024, p-value=0.311
08-04 14:55 nessai INFO    : it: 25000: n eval: 251119 H: 21.26 dlogZ: 0.511 logZ: -28.064 +/- 0.146 logLmax: -3.47
08-04 14:55 nessai INFO    : it: 26000: Rolling KS test: D=0.027, p-value=0.2286
08-04 14:55 nessai INFO    : it: 26000: n eval: 289833 H: 21.33 dlogZ: 0.202 logZ: -27.972 +/- 0.146 logLmax: -3.47
08-04 14:55 nessai INFO    : Stopping with difference_log_evidence=0.100
08-04 14:55 nessai INFO    : Finalising
08-04 14:55 nessai INFO    : Final ln-evidence: -27.891 +/- 0.146
08-04 14:55 nessai INFO    : Information: 21.42
08-04 14:55 nessai INFO    : Final KS test: D=0.01208, p-value=0.0003896
08-04 14:55 nessai WARNING : Final p-value for the insertion indices is less than 0.05, this could be an indication of problems during sampling. Consider checking the diagnostic plots.
08-04 14:55 nessai INFO    : Checkpointing nested sampling
08-04 14:55 nessai INFO    : Total sampling time: 0:01:26.516442
08-04 14:55 nessai INFO    : Total training time: 0:00:29.354212
08-04 14:55 nessai INFO    : Total population time: 0:00:24.064538
08-04 14:55 nessai INFO    : Total likelihood evaluations: 318834
08-04 14:55 nessai INFO    : Time spent evaluating likelihood: 0:00:05.767129
08-04 14:55 nessai INFO    : Total sampling time: 0:01:26.516442
08-04 14:55 nessai INFO    : Total likelihood evaluations: 318834
08-04 14:55 nessai INFO    : Starting post processing
08-04 14:55 nessai INFO    : Computing posterior samples
08-04 14:55 nessai INFO    : Effective sample size: 5701.6
08-04 14:55 nessai INFO    : Producing posterior samples using rejection sampling
08-04 14:55 nessai INFO    : Expect 3962.010095573364 samples from rejection sampling
08-04 14:55 nessai INFO    : Returned 3901 posterior samples
08-04 14:55 nessai INFO    : Starting to close worker pool.
08-04 14:55 nessai INFO    : Finished closing worker pool.
