/data/wiay/postgrads/shashwat/qunat_com_future/lib/python3.11/site-packages/nessai/utils/logging.py:133: FutureWarning: setup_logger is deprecated, use configure_logger instead
  warnings.warn(
08-04 15:36 nessai INFO    : Running Nessai version 0.15.2
08-04 15:36 nessai INFO    : Starting multiprocessing pool with 4 processes
08-04 15:36 nessai INFO    : Initialising nested sampler
08-04 15:36 nessai WARNING : Multiprocessing pool has already been configured.
/data/wiay/postgrads/shashwat/qunat_com_future/lib/python3.11/site-packages/nessai/gw/__init__.py:12: FutureWarning: The `nessai.gw` module will be deprecated in the next release in favour of the nessai-gw package. This packages provides the same functionality as`nessai.gw` via the plugin interface.For more details, see: https://github.com/mj-will/nessai-gw
  warnings.warn(
08-04 15:36 nessai INFO    : Passing kwargs to FlowProposal: {'poolsize': 1000}
08-04 15:36 nessai INFO    : No reparameterisations provided, using default reparameterisations included in FlowProposal
08-04 15:36 nessai INFO    : Adding reparameterisations from: {}
08-04 15:36 nessai INFO    : Assuming fallback reparameterisation (ScaleAndShift) for ['kappa', 'mu_xi', 'sigma_chi', 'sigma_xi', 'rho', 'lambda_chi', 'chi0', 'xi0'] with kwargs: {'estimate_scale': True, 'estimate_shift': True, 'prior_bounds': {'kappa': array([0.1, 5. ]), 'mu_xi': array([0. , 0.1]), 'sigma_chi': array([0.05, 0.6 ]), 'sigma_xi': array([0.05, 0.4 ]), 'rho': array([-0.9,  0.9]), 'lambda_chi': array([-0.5,  0.5]), 'chi0': array([-0.5,  0.5]), 'xi0': array([2.5, 5. ])}}.
08-04 15:36 nessai INFO    : x space parameters: ['kappa', 'mu_xi', 'sigma_chi', 'sigma_xi', 'rho', 'lambda_chi', 'chi0', 'xi0']
08-04 15:36 nessai INFO    : x prime space parameters: ['kappa_prime', 'mu_xi_prime', 'sigma_chi_prime', 'sigma_xi_prime', 'rho_prime', 'lambda_chi_prime', 'chi0_prime', 'xi0_prime']
08-04 15:36 nessai INFO    : Overwriting fuzz factor with expansion fraction
08-04 15:36 nessai INFO    : New fuzz factor: 1.2228445449938519
08-04 15:36 nessai INFO    : Verifying rescaling functions
08-04 15:36 nessai INFO    : Rescaling functions are invertible
08-04 15:36 nessai INFO    : Populating initial live points
08-04 15:36 nessai INFO    : Populated 100 / 1000 live points
08-04 15:36 nessai INFO    : Populated 200 / 1000 live points
08-04 15:36 nessai INFO    : Populated 300 / 1000 live points
08-04 15:36 nessai INFO    : Populated 400 / 1000 live points
08-04 15:36 nessai INFO    : Populated 500 / 1000 live points
08-04 15:36 nessai INFO    : Populated 600 / 1000 live points
08-04 15:36 nessai INFO    : Populated 700 / 1000 live points
08-04 15:36 nessai INFO    : Populated 800 / 1000 live points
08-04 15:36 nessai INFO    : Populated 900 / 1000 live points
08-04 15:36 nessai INFO    : Populated 1000 / 1000 live points
08-04 15:36 nessai INFO    : Starting nested sampling loop
08-04 15:36 nessai INFO    : it:  1000: Rolling KS test: D=0.013, p-value=0.7071
08-04 15:36 nessai INFO    : it:  1000: n eval: 3000 H: 7.91 dlogZ: 5906469.895 logZ: -5912168.828 +/- 0.089 logLmax: -5697.93
08-04 15:36 nessai INFO    : it:  2000: Rolling KS test: D=0.004, p-value=0.9659
08-04 15:36 nessai INFO    : it:  2000: n eval: 8000 H: 8.91 dlogZ: 1429773.902 logZ: -1434593.310 +/- 0.094 logLmax: -4817.41
08-04 15:36 nessai INFO    : Switching to FlowProposal
08-04 15:36 nessai INFO    : it:  3000: Rolling KS test: D=0.028, p-value=0.2046
08-04 15:36 nessai INFO    : it:  3000: n eval: 12274 H: 9.91 dlogZ: 489806.196 logZ: -494626.604 +/- 0.100 logLmax: -4817.41
08-04 15:36 nessai INFO    : it:  4000: Rolling KS test: D=0.026, p-value=0.2543
08-04 15:36 nessai INFO    : it:  4000: n eval: 15891 H: 10.91 dlogZ: 182786.083 logZ: -185258.255 +/- 0.104 logLmax: -2468.17
08-04 15:36 nessai INFO    : it:  5000: Rolling KS test: D=0.031, p-value=0.1433
08-04 15:36 nessai INFO    : it:  5000: n eval: 20143 H: 11.91 dlogZ: 83681.646 logZ: -83966.538 +/- 0.109 logLmax: -279.89
08-04 15:37 nessai INFO    : it:  6000: Rolling KS test: D=0.038, p-value=0.05428
08-04 15:37 nessai INFO    : it:  6000: n eval: 25254 H: 12.91 dlogZ: 40339.324 logZ: -40625.215 +/- 0.114 logLmax: -279.89
08-04 15:37 nessai INFO    : it:  7000: Rolling KS test: D=0.013, p-value=0.7071
08-04 15:37 nessai INFO    : it:  7000: n eval: 30028 H: 13.91 dlogZ: 20698.808 logZ: -20985.700 +/- 0.118 logLmax: -279.89
08-04 15:37 nessai INFO    : it:  8000: Rolling KS test: D=0.003, p-value=0.9802
08-04 15:37 nessai INFO    : it:  8000: n eval: 34701 H: 14.90 dlogZ: 10302.070 logZ: -10564.435 +/- 0.122 logLmax: -254.37
08-04 15:37 nessai INFO    : it:  9000: Rolling KS test: D=0.01, p-value=0.8133
08-04 15:37 nessai INFO    : it:  9000: n eval: 39842 H: 15.91 dlogZ: 5303.860 logZ: -5456.488 +/- 0.126 logLmax: -143.63
08-04 15:37 nessai INFO    : it: 10000: Rolling KS test: D=0.02, p-value=0.4434
08-04 15:37 nessai INFO    : it: 10000: n eval: 45436 H: 16.04 dlogZ: 2685.789 logZ: -2758.616 +/- 0.127 logLmax: -62.83
08-04 15:37 nessai INFO    : it: 11000: Rolling KS test: D=0.005, p-value=0.9481
08-04 15:37 nessai INFO    : it: 11000: n eval: 51940 H: 16.85 dlogZ: 1459.386 logZ: -1500.945 +/- 0.130 logLmax: -30.56
08-04 15:37 nessai INFO    : it: 12000: Rolling KS test: D=0.04, p-value=0.03967
08-04 15:37 nessai INFO    : it: 12000: n eval: 57036 H: 17.32 dlogZ: 778.684 logZ: -821.243 +/- 0.132 logLmax: -30.56
08-04 15:37 nessai INFO    : it: 13000: Rolling KS test: D=0.025, p-value=0.2818
08-04 15:37 nessai INFO    : it: 13000: n eval: 65243 H: 17.53 dlogZ: 438.150 logZ: -465.787 +/- 0.132 logLmax: -14.64
08-04 15:37 nessai INFO    : it: 14000: Rolling KS test: D=0.026, p-value=0.2543
08-04 15:37 nessai INFO    : it: 14000: n eval: 70842 H: 17.84 dlogZ: 237.199 logZ: -265.836 +/- 0.134 logLmax: -14.64
08-04 15:37 nessai INFO    : it: 15000: Rolling KS test: D=0.036, p-value=0.07308
08-04 15:37 nessai INFO    : it: 15000: n eval: 76319 H: 18.34 dlogZ: 129.086 logZ: -156.420 +/- 0.135 logLmax: -12.33
08-04 15:37 nessai INFO    : it: 16000: Rolling KS test: D=0.028, p-value=0.2046
08-04 15:37 nessai INFO    : it: 16000: n eval: 82642 H: 18.57 dlogZ: 73.738 logZ: -99.768 +/- 0.136 logLmax: -10.03
08-04 15:37 nessai INFO    : it: 17000: Rolling KS test: D=0.036, p-value=0.07308
08-04 15:37 nessai INFO    : it: 17000: n eval: 94277 H: 19.10 dlogZ: 43.855 logZ: -70.791 +/- 0.138 logLmax: -9.94
08-04 15:37 nessai INFO    : it: 18000: Rolling KS test: D=0.032, p-value=0.1263
08-04 15:37 nessai INFO    : it: 18000: n eval: 108483 H: 19.48 dlogZ: 29.592 logZ: -53.841 +/- 0.140 logLmax: -6.25
08-04 15:37 nessai INFO    : it: 19000: Rolling KS test: D=0.036, p-value=0.07308
08-04 15:37 nessai INFO    : it: 19000: n eval: 124843 H: 19.88 dlogZ: 18.853 logZ: -44.102 +/- 0.141 logLmax: -6.25
08-04 15:37 nessai INFO    : it: 20000: Rolling KS test: D=0.02, p-value=0.4434
08-04 15:37 nessai INFO    : it: 20000: n eval: 143768 H: 20.41 dlogZ: 13.713 logZ: -38.191 +/- 0.143 logLmax: -4.48
08-04 15:37 nessai INFO    : it: 21000: Rolling KS test: D=0.026, p-value=0.2543
08-04 15:37 nessai INFO    : it: 21000: n eval: 171037 H: 20.79 dlogZ: 9.860 logZ: -34.772 +/- 0.144 logLmax: -3.91
08-04 15:37 nessai INFO    : it: 22000: Rolling KS test: D=0.01, p-value=0.8133
08-04 15:37 nessai INFO    : it: 22000: n eval: 204253 H: 21.22 dlogZ: 8.064 logZ: -32.687 +/- 0.146 logLmax: -2.62
08-04 15:37 nessai INFO    : it: 23000: Rolling KS test: D=0.022, p-value=0.3744
08-04 15:37 nessai INFO    : it: 23000: n eval: 244253 H: 21.61 dlogZ: 5.809 logZ: -31.429 +/- 0.147 logLmax: -2.62
08-04 15:38 nessai INFO    : it: 24000: Rolling KS test: D=0.033, p-value=0.1108
08-04 15:38 nessai INFO    : it: 24000: n eval: 304253 H: 22.01 dlogZ: 3.996 logZ: -30.601 +/- 0.148 logLmax: -2.62
08-04 15:38 nessai INFO    : it: 25000: Rolling KS test: D=0.003, p-value=0.9802
08-04 15:38 nessai INFO    : it: 25000: n eval: 384253 H: 22.36 dlogZ: 3.335 logZ: -30.069 +/- 0.150 logLmax: -1.77
08-04 15:38 nessai INFO    : it: 26000: Rolling KS test: D=0.018, p-value=0.5169
08-04 15:38 nessai INFO    : it: 26000: n eval: 464253 H: 22.70 dlogZ: 2.072 logZ: -29.707 +/- 0.151 logLmax: -1.77
08-04 15:38 nessai INFO    : it: 27000: Rolling KS test: D=0.026, p-value=0.2543
08-04 15:38 nessai INFO    : it: 27000: n eval: 534253 H: 22.96 dlogZ: 1.110 logZ: -29.480 +/- 0.152 logLmax: -1.77
08-04 15:38 nessai INFO    : it: 28000: Rolling KS test: D=0.026, p-value=0.2543
08-04 15:38 nessai INFO    : it: 28000: n eval: 583130 H: 23.16 dlogZ: 0.539 logZ: -29.344 +/- 0.152 logLmax: -1.68
08-04 15:38 nessai INFO    : it: 29000: Rolling KS test: D=0.008, p-value=0.8752
08-04 15:38 nessai INFO    : it: 29000: n eval: 617791 H: 23.28 dlogZ: 0.253 logZ: -29.269 +/- 0.153 logLmax: -1.51
08-04 15:38 nessai INFO    : Stopping with difference_log_evidence=0.100
08-04 15:38 nessai INFO    : Finalising
08-04 15:38 nessai INFO    : Final ln-evidence: -29.193 +/- 0.153
08-04 15:38 nessai INFO    : Information: 23.44
08-04 15:38 nessai INFO    : Final KS test: D=0.007417, p-value=0.03678
08-04 15:38 nessai WARNING : Final p-value for the insertion indices is less than 0.05, this could be an indication of problems during sampling. Consider checking the diagnostic plots.
08-04 15:38 nessai INFO    : Checkpointing nested sampling
08-04 15:38 nessai INFO    : Total sampling time: 0:02:03.030054
08-04 15:38 nessai INFO    : Total training time: 0:00:42.282220
08-04 15:38 nessai INFO    : Total population time: 0:00:36.001110
08-04 15:38 nessai INFO    : Total likelihood evaluations: 628623
08-04 15:38 nessai INFO    : Time spent evaluating likelihood: 0:00:13.027962
08-04 15:38 nessai INFO    : Total sampling time: 0:02:03.030054
08-04 15:38 nessai INFO    : Total likelihood evaluations: 628623
08-04 15:38 nessai INFO    : Starting post processing
08-04 15:38 nessai INFO    : Computing posterior samples
08-04 15:38 nessai INFO    : Effective sample size: 7597.8
08-04 15:38 nessai INFO    : Producing posterior samples using rejection sampling
08-04 15:38 nessai INFO    : Expect 5357.694311250148 samples from rejection sampling
08-04 15:38 nessai INFO    : Returned 5355 posterior samples
08-04 15:38 nessai INFO    : Starting to close worker pool.
08-04 15:38 nessai INFO    : Finished closing worker pool.
