/data/wiay/postgrads/shashwat/qunat_com_future/lib/python3.11/site-packages/nessai/utils/logging.py:133: FutureWarning: setup_logger is deprecated, use configure_logger instead
  warnings.warn(
08-04 14:21 nessai INFO    : Running Nessai version 0.15.2
08-04 14:21 nessai INFO    : Starting multiprocessing pool with 4 processes
08-04 14:21 nessai INFO    : Initialising nested sampler
08-04 14:21 nessai WARNING : Multiprocessing pool has already been configured.
/data/wiay/postgrads/shashwat/qunat_com_future/lib/python3.11/site-packages/nessai/gw/__init__.py:12: FutureWarning: The `nessai.gw` module will be deprecated in the next release in favour of the nessai-gw package. This packages provides the same functionality as`nessai.gw` via the plugin interface.For more details, see: https://github.com/mj-will/nessai-gw
  warnings.warn(
08-04 14:21 nessai INFO    : Passing kwargs to FlowProposal: {'poolsize': 1000}
08-04 14:21 nessai INFO    : No reparameterisations provided, using default reparameterisations included in FlowProposal
08-04 14:21 nessai INFO    : Adding reparameterisations from: {}
08-04 14:21 nessai INFO    : Assuming fallback reparameterisation (ScaleAndShift) for ['kappa', 'mu_xi', 'sigma_chi', 'sigma_xi', 'rho', 'lambda_chi', 'chi0', 'xi0'] with kwargs: {'estimate_scale': True, 'estimate_shift': True, 'prior_bounds': {'kappa': array([0.1, 5. ]), 'mu_xi': array([0. , 0.1]), 'sigma_chi': array([0.05, 0.6 ]), 'sigma_xi': array([0.05, 0.4 ]), 'rho': array([-0.9,  0.9]), 'lambda_chi': array([-0.5,  0.5]), 'chi0': array([-0.5,  0.5]), 'xi0': array([2.5, 5. ])}}.
08-04 14:21 nessai INFO    : x space parameters: ['kappa', 'mu_xi', 'sigma_chi', 'sigma_xi', 'rho', 'lambda_chi', 'chi0', 'xi0']
08-04 14:21 nessai INFO    : x prime space parameters: ['kappa_prime', 'mu_xi_prime', 'sigma_chi_prime', 'sigma_xi_prime', 'rho_prime', 'lambda_chi_prime', 'chi0_prime', 'xi0_prime']
08-04 14:21 nessai INFO    : Overwriting fuzz factor with expansion fraction
08-04 14:21 nessai INFO    : New fuzz factor: 1.2228445449938519
08-04 14:21 nessai INFO    : Verifying rescaling functions
08-04 14:21 nessai INFO    : Rescaling functions are invertible
08-04 14:21 nessai INFO    : Populating initial live points
08-04 14:21 nessai INFO    : Populated 100 / 1000 live points
08-04 14:21 nessai INFO    : Populated 200 / 1000 live points
08-04 14:21 nessai INFO    : Populated 300 / 1000 live points
08-04 14:21 nessai INFO    : Populated 400 / 1000 live points
08-04 14:21 nessai INFO    : Populated 500 / 1000 live points
08-04 14:21 nessai INFO    : Populated 600 / 1000 live points
08-04 14:21 nessai INFO    : Populated 700 / 1000 live points
08-04 14:21 nessai INFO    : Populated 800 / 1000 live points
08-04 14:21 nessai INFO    : Populated 900 / 1000 live points
08-04 14:21 nessai INFO    : Populated 1000 / 1000 live points
08-04 14:21 nessai INFO    : Starting nested sampling loop
08-04 14:21 nessai INFO    : it:  1000: Rolling KS test: D=0.024, p-value=0.311
08-04 14:21 nessai INFO    : it:  1000: n eval: 3000 H: 7.91 dlogZ: 3711695.126 logZ: -3734298.971 +/- 0.089 logLmax: -22602.85
08-04 14:21 nessai INFO    : it:  2000: Rolling KS test: D=0.021, p-value=0.4082
08-04 14:21 nessai INFO    : it:  2000: n eval: 8000 H: 8.91 dlogZ: 850853.236 logZ: -858569.699 +/- 0.094 logLmax: -7714.46
08-04 14:21 nessai INFO    : Switching to FlowProposal
08-04 14:21 nessai INFO    : it:  3000: Rolling KS test: D=0.003, p-value=0.9802
08-04 14:21 nessai INFO    : it:  3000: n eval: 11961 H: 9.91 dlogZ: 314315.875 logZ: -319023.741 +/- 0.100 logLmax: -4704.87
08-04 14:21 nessai INFO    : it:  4000: Rolling KS test: D=0.033, p-value=0.1108
08-04 14:21 nessai INFO    : it:  4000: n eval: 15724 H: 10.91 dlogZ: 138839.388 logZ: -142296.298 +/- 0.104 logLmax: -3452.91
08-04 14:21 nessai INFO    : it:  5000: Rolling KS test: D=0.043, p-value=0.02406
08-04 14:21 nessai INFO    : it:  5000: n eval: 17637 H: 11.91 dlogZ: 69096.896 logZ: -71105.118 +/- 0.109 logLmax: -2003.22
08-04 14:21 nessai INFO    : it:  6000: Rolling KS test: D=0.014, p-value=0.6695
08-04 14:21 nessai INFO    : it:  6000: n eval: 21972 H: 12.91 dlogZ: 36924.523 logZ: -37584.628 +/- 0.114 logLmax: -654.11
08-04 14:21 nessai INFO    : it:  7000: Rolling KS test: D=0.023, p-value=0.3419
08-04 14:21 nessai INFO    : it:  7000: n eval: 26488 H: 13.47 dlogZ: 20968.202 logZ: -21436.270 +/- 0.116 logLmax: -461.07
08-04 14:21 nessai INFO    : it:  8000: Rolling KS test: D=0.022, p-value=0.3744
08-04 14:21 nessai INFO    : it:  8000: n eval: 31228 H: 14.22 dlogZ: 12045.163 logZ: -12514.231 +/- 0.119 logLmax: -461.07
08-04 14:21 nessai INFO    : it:  9000: Rolling KS test: D=0.036, p-value=0.07308
08-04 14:21 nessai INFO    : it:  9000: n eval: 38832 H: 15.21 dlogZ: 6813.769 logZ: -7209.062 +/- 0.123 logLmax: -386.29
08-04 14:21 nessai INFO    : it: 10000: Rolling KS test: D=0.032, p-value=0.1263
08-04 14:21 nessai INFO    : it: 10000: n eval: 43899 H: 15.87 dlogZ: 4077.138 logZ: -4268.904 +/- 0.126 logLmax: -181.77
08-04 14:21 nessai INFO    : it: 11000: Rolling KS test: D=0.013, p-value=0.7071
08-04 14:21 nessai INFO    : it: 11000: n eval: 49178 H: 17.02 dlogZ: 2515.688 logZ: -2600.338 +/- 0.130 logLmax: -73.65
08-04 14:21 nessai INFO    : it: 12000: Rolling KS test: D=0.033, p-value=0.1108
08-04 14:21 nessai INFO    : it: 12000: n eval: 54626 H: 17.27 dlogZ: 1489.670 logZ: -1534.835 +/- 0.131 logLmax: -33.17
08-04 14:21 nessai INFO    : it: 13000: Rolling KS test: D=0.008, p-value=0.8752
08-04 14:21 nessai INFO    : it: 13000: n eval: 60193 H: 17.98 dlogZ: 898.013 logZ: -925.333 +/- 0.134 logLmax: -14.32
08-04 14:21 nessai INFO    : it: 14000: Rolling KS test: D=0.033, p-value=0.1108
08-04 14:21 nessai INFO    : it: 14000: n eval: 65427 H: 18.70 dlogZ: 555.292 logZ: -583.612 +/- 0.137 logLmax: -14.32
08-04 14:21 nessai INFO    : it: 15000: Rolling KS test: D=0.054, p-value=0.002821
08-04 14:21 nessai INFO    : it: 15000: n eval: 71708 H: 19.09 dlogZ: 339.570 logZ: -360.728 +/- 0.138 logLmax: -6.16
08-04 14:22 nessai INFO    : it: 16000: Rolling KS test: D=0.021, p-value=0.4082
08-04 14:22 nessai INFO    : it: 16000: n eval: 80604 H: 19.59 dlogZ: 207.340 logZ: -229.498 +/- 0.140 logLmax: -6.16
08-04 14:22 nessai INFO    : it: 17000: Rolling KS test: D=0.016, p-value=0.593
08-04 14:22 nessai INFO    : it: 17000: n eval: 86955 H: 20.02 dlogZ: 123.455 logZ: -146.614 +/- 0.141 logLmax: -6.16
08-04 14:22 nessai INFO    : it: 18000: Rolling KS test: D=0.009, p-value=0.8454
08-04 14:22 nessai INFO    : it: 18000: n eval: 97024 H: 20.65 dlogZ: 75.230 logZ: -97.168 +/- 0.144 logLmax: -3.94
08-04 14:22 nessai INFO    : it: 19000: Rolling KS test: D=0.012, p-value=0.7438
08-04 14:22 nessai INFO    : it: 19000: n eval: 109771 H: 21.08 dlogZ: 44.873 logZ: -67.811 +/- 0.145 logLmax: -3.94
08-04 14:22 nessai INFO    : it: 20000: Rolling KS test: D=0.012, p-value=0.7438
08-04 14:22 nessai INFO    : it: 20000: n eval: 124432 H: 21.55 dlogZ: 28.124 logZ: -51.113 +/- 0.147 logLmax: -2.99
08-04 14:22 nessai INFO    : it: 21000: Rolling KS test: D=0.037, p-value=0.06311
08-04 14:22 nessai INFO    : it: 21000: n eval: 141377 H: 22.01 dlogZ: 17.387 logZ: -41.376 +/- 0.148 logLmax: -2.99
08-04 14:22 nessai INFO    : it: 22000: Rolling KS test: D=0.02, p-value=0.4434
08-04 14:22 nessai INFO    : it: 22000: n eval: 171655 H: 22.37 dlogZ: 12.092 logZ: -35.735 +/- 0.150 logLmax: -1.64
08-04 14:22 nessai INFO    : it: 23000: Rolling KS test: D=0.023, p-value=0.3419
08-04 14:22 nessai INFO    : it: 23000: n eval: 197805 H: 22.79 dlogZ: 7.602 logZ: -32.245 +/- 0.151 logLmax: -1.64
08-04 14:22 nessai INFO    : it: 24000: Rolling KS test: D=0.035, p-value=0.08429
08-04 14:22 nessai INFO    : it: 24000: n eval: 246762 H: 23.07 dlogZ: 4.789 logZ: -30.424 +/- 0.152 logLmax: -1.64
08-04 14:22 nessai INFO    : it: 25000: Rolling KS test: D=0.028, p-value=0.2046
08-04 14:22 nessai INFO    : it: 25000: n eval: 296762 H: 23.38 dlogZ: 2.869 logZ: -29.376 +/- 0.153 logLmax: -1.57
08-04 14:22 nessai INFO    : it: 26000: Rolling KS test: D=0.022, p-value=0.3744
08-04 14:22 nessai INFO    : it: 26000: n eval: 356762 H: 23.64 dlogZ: 1.653 logZ: -28.785 +/- 0.154 logLmax: -1.35
08-04 14:22 nessai INFO    : it: 27000: Rolling KS test: D=0.011, p-value=0.7794
08-04 14:22 nessai INFO    : it: 27000: n eval: 416762 H: 23.82 dlogZ: 0.916 logZ: -28.472 +/- 0.154 logLmax: -1.07
08-04 14:23 nessai INFO    : it: 28000: Rolling KS test: D=0.012, p-value=0.7438
08-04 14:23 nessai INFO    : it: 28000: n eval: 496762 H: 23.94 dlogZ: 0.422 logZ: -28.311 +/- 0.155 logLmax: -0.96
08-04 14:23 nessai INFO    : it: 29000: Rolling KS test: D=0.039, p-value=0.0465
08-04 14:23 nessai INFO    : it: 29000: n eval: 566762 H: 24.02 dlogZ: 0.164 logZ: -28.231 +/- 0.155 logLmax: -0.96
08-04 14:23 nessai INFO    : Stopping with difference_log_evidence=0.100
08-04 14:23 nessai INFO    : Finalising
08-04 14:23 nessai INFO    : Final ln-evidence: -28.162 +/- 0.155
08-04 14:23 nessai INFO    : Information: 24.11
08-04 14:23 nessai INFO    : Final KS test: D=0.01077, p-value=0.001056
08-04 14:23 nessai WARNING : Final p-value for the insertion indices is less than 0.05, this could be an indication of problems during sampling. Consider checking the diagnostic plots.
08-04 14:23 nessai INFO    : Checkpointing nested sampling
08-04 14:23 nessai INFO    : Total sampling time: 0:02:00.190283
08-04 14:23 nessai INFO    : Total training time: 0:00:38.176982
08-04 14:23 nessai INFO    : Total population time: 0:00:38.958334
08-04 14:23 nessai INFO    : Total likelihood evaluations: 606762
08-04 14:23 nessai INFO    : Time spent evaluating likelihood: 0:00:11.562797
08-04 14:23 nessai INFO    : Total sampling time: 0:02:00.190283
08-04 14:23 nessai INFO    : Total likelihood evaluations: 606762
08-04 14:23 nessai INFO    : Starting post processing
08-04 14:23 nessai INFO    : Computing posterior samples
08-04 14:23 nessai INFO    : Effective sample size: 5941.2
08-04 14:23 nessai INFO    : Producing posterior samples using rejection sampling
08-04 14:23 nessai INFO    : Expect 4040.50048920512 samples from rejection sampling
08-04 14:23 nessai INFO    : Returned 4067 posterior samples
08-04 14:23 nessai INFO    : Starting to close worker pool.
08-04 14:23 nessai INFO    : Finished closing worker pool.
