/data/wiay/postgrads/shashwat/qunat_com_future/lib/python3.11/site-packages/nessai/utils/logging.py:133: FutureWarning: setup_logger is deprecated, use configure_logger instead
  warnings.warn(
08-04 12:52 nessai INFO    : Running Nessai version 0.15.2
08-04 12:52 nessai INFO    : Starting multiprocessing pool with 4 processes
08-04 12:52 nessai INFO    : Initialising nested sampler
08-04 12:52 nessai WARNING : Multiprocessing pool has already been configured.
/data/wiay/postgrads/shashwat/qunat_com_future/lib/python3.11/site-packages/nessai/gw/__init__.py:12: FutureWarning: The `nessai.gw` module will be deprecated in the next release in favour of the nessai-gw package. This packages provides the same functionality as`nessai.gw` via the plugin interface.For more details, see: https://github.com/mj-will/nessai-gw
  warnings.warn(
08-04 12:52 nessai INFO    : Passing kwargs to FlowProposal: {'poolsize': 1000}
08-04 12:52 nessai INFO    : No reparameterisations provided, using default reparameterisations included in FlowProposal
08-04 12:52 nessai INFO    : Adding reparameterisations from: {}
08-04 12:52 nessai INFO    : Assuming fallback reparameterisation (ScaleAndShift) for ['kappa', 'mu_xi', 'sigma_chi', 'sigma_xi', 'rho', 'lambda_chi', 'chi0', 'xi0'] with kwargs: {'estimate_scale': True, 'estimate_shift': True, 'prior_bounds': {'kappa': array([0.1, 5. ]), 'mu_xi': array([0. , 0.1]), 'sigma_chi': array([0.05, 0.6 ]), 'sigma_xi': array([0.05, 0.4 ]), 'rho': array([-0.9,  0.9]), 'lambda_chi': array([-0.5,  0.5]), 'chi0': array([-0.5,  0.5]), 'xi0': array([2.5, 5. ])}}.
08-04 12:52 nessai INFO    : x space parameters: ['kappa', 'mu_xi', 'sigma_chi', 'sigma_xi', 'rho', 'lambda_chi', 'chi0', 'xi0']
08-04 12:52 nessai INFO    : x prime space parameters: ['kappa_prime', 'mu_xi_prime', 'sigma_chi_prime', 'sigma_xi_prime', 'rho_prime', 'lambda_chi_prime', 'chi0_prime', 'xi0_prime']
08-04 12:52 nessai INFO    : Overwriting fuzz factor with expansion fraction
08-04 12:52 nessai INFO    : New fuzz factor: 1.2228445449938519
08-04 12:52 nessai INFO    : Verifying rescaling functions
08-04 12:52 nessai INFO    : Rescaling functions are invertible
08-04 12:52 nessai INFO    : Populating initial live points
08-04 12:52 nessai INFO    : Populated 100 / 1000 live points
08-04 12:52 nessai INFO    : Populated 200 / 1000 live points
08-04 12:52 nessai INFO    : Populated 300 / 1000 live points
08-04 12:52 nessai INFO    : Populated 400 / 1000 live points
08-04 12:52 nessai INFO    : Populated 500 / 1000 live points
08-04 12:52 nessai INFO    : Populated 600 / 1000 live points
08-04 12:52 nessai INFO    : Populated 700 / 1000 live points
08-04 12:52 nessai INFO    : Populated 800 / 1000 live points
08-04 12:52 nessai INFO    : Populated 900 / 1000 live points
08-04 12:52 nessai INFO    : Populated 1000 / 1000 live points
08-04 12:52 nessai INFO    : Starting nested sampling loop
08-04 12:52 nessai INFO    : it:  1000: Rolling KS test: D=0.016, p-value=0.593
08-04 12:52 nessai INFO    : it:  1000: n eval: 3000 H: 7.91 dlogZ: 21397068.516 logZ: -21435768.321 +/- 0.089 logLmax: -38698.81
08-04 12:52 nessai INFO    : it:  2000: Rolling KS test: D=0.026, p-value=0.2543
08-04 12:53 nessai INFO    : it:  2000: n eval: 7000 H: 8.91 dlogZ: 6051381.763 logZ: -6090082.568 +/- 0.094 logLmax: -38698.81
08-04 12:53 nessai INFO    : Switching to FlowProposal
08-04 12:53 nessai INFO    : it:  3000: Rolling KS test: D=0.017, p-value=0.5547
08-04 12:53 nessai INFO    : it:  3000: n eval: 10867 H: 9.91 dlogZ: 2076785.477 logZ: -2082214.015 +/- 0.100 logLmax: -5425.54
08-04 12:53 nessai INFO    : it:  4000: Rolling KS test: D=0.018, p-value=0.5169
08-04 12:53 nessai INFO    : it:  4000: n eval: 14794 H: 10.91 dlogZ: 826335.905 logZ: -831765.443 +/- 0.104 logLmax: -5425.54
08-04 12:53 nessai INFO    : it:  5000: Rolling KS test: D=0.02, p-value=0.4434
08-04 12:53 nessai INFO    : it:  5000: n eval: 18938 H: 11.91 dlogZ: 386941.148 logZ: -392371.686 +/- 0.109 logLmax: -5425.54
08-04 12:53 nessai INFO    : it:  6000: Rolling KS test: D=0.013, p-value=0.7071
08-04 12:53 nessai INFO    : it:  6000: n eval: 23428 H: 12.62 dlogZ: 194562.225 logZ: -197682.841 +/- 0.112 logLmax: -3114.62
08-04 12:53 nessai INFO    : it:  7000: Rolling KS test: D=0.019, p-value=0.4797
08-04 12:53 nessai INFO    : it:  7000: n eval: 27937 H: 13.91 dlogZ: 98761.499 logZ: -99863.342 +/- 0.118 logLmax: -1094.84
08-04 12:53 nessai INFO    : it:  8000: Rolling KS test: D=0.008, p-value=0.8752
08-04 12:53 nessai INFO    : it:  8000: n eval: 33489 H: 14.91 dlogZ: 51854.600 logZ: -52767.308 +/- 0.122 logLmax: -904.71
08-04 12:53 nessai INFO    : it:  9000: Rolling KS test: D=0.052, p-value=0.004319
08-04 12:53 nessai INFO    : it:  9000: n eval: 38972 H: 15.91 dlogZ: 27559.416 logZ: -27992.741 +/- 0.126 logLmax: -424.33
08-04 12:53 nessai INFO    : it: 10000: Rolling KS test: D=0.016, p-value=0.593
08-04 12:53 nessai INFO    : it: 10000: n eval: 44715 H: 16.90 dlogZ: 14778.332 logZ: -15119.015 +/- 0.130 logLmax: -330.68
08-04 12:53 nessai INFO    : it: 11000: Rolling KS test: D=0.033, p-value=0.1108
08-04 12:53 nessai INFO    : it: 11000: n eval: 49250 H: 17.77 dlogZ: 8175.760 logZ: -8392.907 +/- 0.133 logLmax: -206.15
08-04 12:53 nessai INFO    : it: 12000: Rolling KS test: D=0.028, p-value=0.2046
08-04 12:53 nessai INFO    : it: 12000: n eval: 53865 H: 18.28 dlogZ: 4583.504 logZ: -4728.795 +/- 0.135 logLmax: -133.29
08-04 12:53 nessai INFO    : it: 13000: Rolling KS test: D=0.021, p-value=0.4082
08-04 12:53 nessai INFO    : it: 13000: n eval: 59072 H: 19.59 dlogZ: 2523.583 logZ: -2669.874 +/- 0.140 logLmax: -133.29
08-04 12:53 nessai INFO    : it: 14000: Rolling KS test: D=0.027, p-value=0.2286
08-04 12:53 nessai INFO    : it: 14000: n eval: 63913 H: 19.59 dlogZ: 1457.744 logZ: -1516.076 +/- 0.140 logLmax: -44.33
08-04 12:53 nessai INFO    : it: 15000: Rolling KS test: D=0.017, p-value=0.5547
08-04 12:53 nessai INFO    : it: 15000: n eval: 68977 H: 19.69 dlogZ: 810.472 logZ: -856.390 +/- 0.140 logLmax: -30.92
08-04 12:53 nessai INFO    : it: 16000: Rolling KS test: D=0.053, p-value=0.003498
08-04 12:53 nessai INFO    : it: 16000: n eval: 74378 H: 20.48 dlogZ: 472.228 logZ: -513.740 +/- 0.143 logLmax: -25.51
08-04 12:53 nessai INFO    : it: 17000: Rolling KS test: D=0.024, p-value=0.311
08-04 12:53 nessai INFO    : it: 17000: n eval: 84870 H: 21.16 dlogZ: 262.994 logZ: -305.506 +/- 0.145 logLmax: -25.51
08-04 12:53 nessai INFO    : it: 18000: Rolling KS test: D=0.029, p-value=0.1825
08-04 12:53 nessai INFO    : it: 18000: n eval: 95499 H: 21.50 dlogZ: 159.353 logZ: -193.550 +/- 0.147 logLmax: -16.20
08-04 12:53 nessai INFO    : it: 19000: Rolling KS test: D=0.007, p-value=0.9024
08-04 12:53 nessai INFO    : it: 19000: n eval: 104006 H: 21.83 dlogZ: 97.401 logZ: -132.598 +/- 0.148 logLmax: -16.20
08-04 12:53 nessai INFO    : it: 20000: Rolling KS test: D=0.029, p-value=0.1825
08-04 12:53 nessai INFO    : it: 20000: n eval: 117932 H: 22.35 dlogZ: 61.069 logZ: -97.266 +/- 0.149 logLmax: -16.20
08-04 12:54 nessai INFO    : it: 21000: Rolling KS test: D=0.024, p-value=0.311
08-04 12:54 nessai INFO    : it: 21000: n eval: 141378 H: 22.67 dlogZ: 45.242 logZ: -78.172 +/- 0.151 logLmax: -11.93
08-04 12:54 nessai INFO    : it: 22000: Rolling KS test: D=0.017, p-value=0.5547
08-04 12:54 nessai INFO    : it: 22000: n eval: 166655 H: 23.19 dlogZ: 31.848 logZ: -65.778 +/- 0.152 logLmax: -11.93
08-04 12:54 nessai INFO    : it: 23000: Rolling KS test: D=0.019, p-value=0.4797
08-04 12:54 nessai INFO    : it: 23000: n eval: 202760 H: 23.86 dlogZ: 27.046 logZ: -57.573 +/- 0.154 logLmax: -7.53
08-04 12:54 nessai INFO    : it: 24000: Rolling KS test: D=0.019, p-value=0.4797
08-04 12:54 nessai INFO    : it: 24000: n eval: 252760 H: 24.47 dlogZ: 21.022 logZ: -51.845 +/- 0.156 logLmax: -6.82
08-04 12:54 nessai INFO    : it: 25000: Rolling KS test: D=0.029, p-value=0.1825
08-04 12:54 nessai INFO    : it: 25000: n eval: 302545 H: 25.29 dlogZ: 17.413 logZ: -47.159 +/- 0.159 logLmax: -4.75
08-04 12:55 nessai INFO    : it: 26000: Rolling KS test: D=0.032, p-value=0.1263
08-04 12:55 nessai INFO    : it: 26000: n eval: 342299 H: 25.99 dlogZ: 13.015 logZ: -43.378 +/- 0.161 logLmax: -4.36
08-04 12:55 nessai INFO    : it: 27000: Rolling KS test: D=0.011, p-value=0.7794
08-04 12:55 nessai INFO    : it: 27000: n eval: 376129 H: 26.62 dlogZ: 11.054 logZ: -40.592 +/- 0.163 logLmax: -2.54
08-04 12:55 nessai INFO    : it: 28000: Rolling KS test: D=0.061, p-value=0.0005602
08-04 12:55 nessai INFO    : it: 28000: n eval: 396049 H: 27.18 dlogZ: 8.054 logZ: -38.592 +/- 0.165 logLmax: -2.54
08-04 12:55 nessai INFO    : it: 29000: Rolling KS test: D=0.027, p-value=0.2286
08-04 12:55 nessai INFO    : it: 29000: n eval: 411040 H: 27.70 dlogZ: 5.670 logZ: -37.205 +/- 0.166 logLmax: -2.54
08-04 12:55 nessai INFO    : it: 30000: Rolling KS test: D=0.022, p-value=0.3744
08-04 12:55 nessai INFO    : it: 30000: n eval: 432353 H: 28.15 dlogZ: 3.758 logZ: -36.272 +/- 0.168 logLmax: -2.54
08-04 12:55 nessai INFO    : it: 31000: Rolling KS test: D=0.026, p-value=0.2543
08-04 12:55 nessai INFO    : it: 31000: n eval: 452342 H: 28.52 dlogZ: 2.518 logZ: -35.677 +/- 0.169 logLmax: -2.24
08-04 12:55 nessai INFO    : it: 32000: Rolling KS test: D=0.009, p-value=0.8454
08-04 12:55 nessai INFO    : it: 32000: n eval: 468035 H: 28.81 dlogZ: 1.367 logZ: -35.316 +/- 0.170 logLmax: -2.24
08-04 12:55 nessai INFO    : it: 33000: Rolling KS test: D=0.027, p-value=0.2286
08-04 12:55 nessai INFO    : it: 33000: n eval: 477135 H: 29.02 dlogZ: 0.625 logZ: -35.102 +/- 0.170 logLmax: -2.24
08-04 12:55 nessai INFO    : it: 34000: Rolling KS test: D=0.018, p-value=0.5169
08-04 12:55 nessai INFO    : it: 34000: n eval: 492261 H: 29.18 dlogZ: 0.249 logZ: -34.981 +/- 0.171 logLmax: -2.24
08-04 12:56 nessai INFO    : it: 35000: Rolling KS test: D=0.027, p-value=0.2286
08-04 12:56 nessai INFO    : it: 35000: n eval: 507052 H: 29.26 dlogZ: 0.107 logZ: -34.920 +/- 0.171 logLmax: -2.10
08-04 12:56 nessai INFO    : Stopping with difference_log_evidence=0.100
08-04 12:56 nessai INFO    : Finalising
08-04 12:56 nessai INFO    : Final ln-evidence: -34.868 +/- 0.171
08-04 12:56 nessai INFO    : Information: 29.36
08-04 12:56 nessai INFO    : Final KS test: D=0.00834, p-value=0.007564
08-04 12:56 nessai WARNING : Final p-value for the insertion indices is less than 0.05, this could be an indication of problems during sampling. Consider checking the diagnostic plots.
08-04 12:56 nessai INFO    : Checkpointing nested sampling
08-04 12:56 nessai INFO    : Total sampling time: 0:03:06.895149
08-04 12:56 nessai INFO    : Total training time: 0:00:49.301492
08-04 12:56 nessai INFO    : Total population time: 0:01:13.115550
08-04 12:56 nessai INFO    : Total likelihood evaluations: 507052
08-04 12:56 nessai INFO    : Time spent evaluating likelihood: 0:00:20.747096
08-04 12:56 nessai INFO    : Total sampling time: 0:03:06.895149
08-04 12:56 nessai INFO    : Total likelihood evaluations: 507052
08-04 12:56 nessai INFO    : Starting post processing
08-04 12:56 nessai INFO    : Computing posterior samples
08-04 12:56 nessai INFO    : Effective sample size: 6842.6
08-04 12:56 nessai INFO    : Producing posterior samples using rejection sampling
08-04 12:56 nessai INFO    : Expect 4823.211981541751 samples from rejection sampling
08-04 12:56 nessai INFO    : Returned 4811 posterior samples
08-04 12:56 nessai INFO    : Starting to close worker pool.
08-04 12:56 nessai INFO    : Finished closing worker pool.
