/data/wiay/postgrads/shashwat/qunat_com_future/lib/python3.11/site-packages/nessai/utils/logging.py:133: FutureWarning: setup_logger is deprecated, use configure_logger instead
  warnings.warn(
08-04 13:13 nessai INFO    : Running Nessai version 0.15.2
08-04 13:13 nessai INFO    : Starting multiprocessing pool with 4 processes
08-04 13:13 nessai INFO    : Initialising nested sampler
08-04 13:13 nessai WARNING : Multiprocessing pool has already been configured.
/data/wiay/postgrads/shashwat/qunat_com_future/lib/python3.11/site-packages/nessai/gw/__init__.py:12: FutureWarning: The `nessai.gw` module will be deprecated in the next release in favour of the nessai-gw package. This packages provides the same functionality as`nessai.gw` via the plugin interface.For more details, see: https://github.com/mj-will/nessai-gw
  warnings.warn(
08-04 13:13 nessai INFO    : Passing kwargs to FlowProposal: {'poolsize': 1000}
08-04 13:13 nessai INFO    : No reparameterisations provided, using default reparameterisations included in FlowProposal
08-04 13:13 nessai INFO    : Adding reparameterisations from: {}
08-04 13:13 nessai INFO    : Assuming fallback reparameterisation (ScaleAndShift) for ['kappa', 'mu_xi', 'sigma_chi', 'sigma_xi', 'rho', 'lambda_chi', 'chi0', 'xi0'] with kwargs: {'estimate_scale': True, 'estimate_shift': True, 'prior_bounds': {'kappa': array([0.1, 5. ]), 'mu_xi': array([0. , 0.1]), 'sigma_chi': array([0.05, 0.6 ]), 'sigma_xi': array([0.05, 0.4 ]), 'rho': array([-0.9,  0.9]), 'lambda_chi': array([-0.5,  0.5]), 'chi0': array([-0.5,  0.5]), 'xi0': array([2.5, 5. ])}}.
08-04 13:13 nessai INFO    : x space parameters: ['kappa', 'mu_xi', 'sigma_chi', 'sigma_xi', 'rho', 'lambda_chi', 'chi0', 'xi0']
08-04 13:13 nessai INFO    : x prime space parameters: ['kappa_prime', 'mu_xi_prime', 'sigma_chi_prime', 'sigma_xi_prime', 'rho_prime', 'lambda_chi_prime', 'chi0_prime', 'xi0_prime']
08-04 13:13 nessai INFO    : Overwriting fuzz factor with expansion fraction
08-04 13:13 nessai INFO    : New fuzz factor: 1.2228445449938519
08-04 13:13 nessai INFO    : Verifying rescaling functions
08-04 13:13 nessai INFO    : Rescaling functions are invertible
08-04 13:13 nessai INFO    : Populating initial live points
08-04 13:13 nessai INFO    : Populated 100 / 1000 live points
08-04 13:13 nessai INFO    : Populated 200 / 1000 live points
08-04 13:13 nessai INFO    : Populated 300 / 1000 live points
08-04 13:13 nessai INFO    : Populated 400 / 1000 live points
08-04 13:13 nessai INFO    : Populated 500 / 1000 live points
08-04 13:13 nessai INFO    : Populated 600 / 1000 live points
08-04 13:13 nessai INFO    : Populated 700 / 1000 live points
08-04 13:13 nessai INFO    : Populated 800 / 1000 live points
08-04 13:13 nessai INFO    : Populated 900 / 1000 live points
08-04 13:13 nessai INFO    : Populated 1000 / 1000 live points
08-04 13:13 nessai INFO    : Starting nested sampling loop
08-04 13:13 nessai INFO    : it:  1000: Rolling KS test: D=0.014, p-value=0.6695
08-04 13:13 nessai INFO    : it:  1000: n eval: 3000 H: 7.91 dlogZ: 5548974.798 logZ: -5551781.934 +/- 0.089 logLmax: -2806.14
08-04 13:13 nessai INFO    : it:  2000: Rolling KS test: D=0.017, p-value=0.5547
08-04 13:13 nessai INFO    : it:  2000: n eval: 8000 H: 8.91 dlogZ: 472501.605 logZ: -475198.467 +/- 0.094 logLmax: -2694.86
08-04 13:13 nessai INFO    : Switching to FlowProposal
08-04 13:13 nessai INFO    : it:  3000: Rolling KS test: D=0.016, p-value=0.593
08-04 13:14 nessai INFO    : it:  3000: n eval: 11925 H: 9.91 dlogZ: 158312.508 logZ: -161010.370 +/- 0.100 logLmax: -2694.86
08-04 13:14 nessai INFO    : it:  4000: Rolling KS test: D=0.005, p-value=0.9481
08-04 13:14 nessai INFO    : it:  4000: n eval: 15819 H: 10.91 dlogZ: 65876.121 logZ: -66357.908 +/- 0.104 logLmax: -477.79
08-04 13:14 nessai INFO    : it:  5000: Rolling KS test: D=0.004, p-value=0.9659
08-04 13:14 nessai INFO    : it:  5000: n eval: 19791 H: 11.91 dlogZ: 28054.919 logZ: -28442.088 +/- 0.109 logLmax: -382.17
08-04 13:14 nessai INFO    : it:  6000: Rolling KS test: D=0.029, p-value=0.1825
08-04 13:14 nessai INFO    : it:  6000: n eval: 24470 H: 12.48 dlogZ: 13662.905 logZ: -14051.075 +/- 0.112 logLmax: -382.17
08-04 13:14 nessai INFO    : it:  7000: Rolling KS test: D=0.026, p-value=0.2543
08-04 13:14 nessai INFO    : it:  7000: n eval: 29170 H: 13.47 dlogZ: 7076.828 logZ: -7224.036 +/- 0.116 logLmax: -140.21
08-04 13:14 nessai INFO    : it:  8000: Rolling KS test: D=0.025, p-value=0.2818
08-04 13:14 nessai INFO    : it:  8000: n eval: 31365 H: 14.81 dlogZ: 3721.090 logZ: -3869.298 +/- 0.122 logLmax: -140.21
08-04 13:14 nessai INFO    : it:  9000: Rolling KS test: D=0.025, p-value=0.2818
08-04 13:14 nessai INFO    : it:  9000: n eval: 38511 H: 14.83 dlogZ: 2023.992 logZ: -2106.739 +/- 0.122 logLmax: -73.75
08-04 13:14 nessai INFO    : it: 10000: Rolling KS test: D=0.015, p-value=0.6313
08-04 13:14 nessai INFO    : it: 10000: n eval: 44131 H: 14.89 dlogZ: 1191.043 logZ: -1274.789 +/- 0.122 logLmax: -73.75
08-04 13:14 nessai INFO    : it: 11000: Rolling KS test: D=0.015, p-value=0.6313
08-04 13:14 nessai INFO    : it: 11000: n eval: 49889 H: 15.95 dlogZ: 751.078 logZ: -803.647 +/- 0.126 logLmax: -41.57
08-04 13:14 nessai INFO    : it: 12000: Rolling KS test: D=0.007, p-value=0.9024
08-04 13:14 nessai INFO    : it: 12000: n eval: 55529 H: 16.86 dlogZ: 515.005 logZ: -558.313 +/- 0.130 logLmax: -31.31
08-04 13:14 nessai INFO    : it: 13000: Rolling KS test: D=0.027, p-value=0.2286
08-04 13:14 nessai INFO    : it: 13000: n eval: 61207 H: 17.03 dlogZ: 325.181 logZ: -369.490 +/- 0.131 logLmax: -31.31
08-04 13:14 nessai INFO    : it: 14000: Rolling KS test: D=0.013, p-value=0.7071
08-04 13:14 nessai INFO    : it: 14000: n eval: 70954 H: 17.80 dlogZ: 207.819 logZ: -245.033 +/- 0.133 logLmax: -23.21
08-04 13:14 nessai INFO    : it: 15000: Rolling KS test: D=0.022, p-value=0.3744
08-04 13:14 nessai INFO    : it: 15000: n eval: 77566 H: 18.14 dlogZ: 136.193 logZ: -167.897 +/- 0.135 logLmax: -16.70
08-04 13:14 nessai INFO    : it: 16000: Rolling KS test: D=0.027, p-value=0.2286
08-04 13:14 nessai INFO    : it: 16000: n eval: 88961 H: 18.66 dlogZ: 84.101 logZ: -116.805 +/- 0.137 logLmax: -16.70
08-04 13:14 nessai INFO    : it: 17000: Rolling KS test: D=0.011, p-value=0.7794
08-04 13:14 nessai INFO    : it: 17000: n eval: 103587 H: 19.13 dlogZ: 53.314 logZ: -83.974 +/- 0.138 logLmax: -13.66
08-04 13:14 nessai INFO    : it: 18000: Rolling KS test: D=0.016, p-value=0.593
08-04 13:14 nessai INFO    : it: 18000: n eval: 117329 H: 19.73 dlogZ: 33.775 logZ: -64.534 +/- 0.140 logLmax: -12.76
08-04 13:15 nessai INFO    : it: 19000: Rolling KS test: D=0.019, p-value=0.4797
08-04 13:15 nessai INFO    : it: 19000: n eval: 135241 H: 20.08 dlogZ: 22.359 logZ: -52.155 +/- 0.142 logLmax: -10.80
08-04 13:15 nessai INFO    : it: 20000: Rolling KS test: D=0.021, p-value=0.4082
08-04 13:15 nessai INFO    : it: 20000: n eval: 162242 H: 20.55 dlogZ: 14.358 logZ: -45.155 +/- 0.143 logLmax: -10.80
08-04 13:15 nessai INFO    : it: 21000: Rolling KS test: D=0.031, p-value=0.1433
08-04 13:15 nessai INFO    : it: 21000: n eval: 187311 H: 20.91 dlogZ: 10.100 logZ: -41.256 +/- 0.145 logLmax: -10.16
08-04 13:15 nessai INFO    : it: 22000: Rolling KS test: D=0.036, p-value=0.07308
08-04 13:15 nessai INFO    : it: 22000: n eval: 223916 H: 21.31 dlogZ: 6.876 logZ: -39.030 +/- 0.146 logLmax: -10.16
08-04 13:15 nessai INFO    : it: 23000: Rolling KS test: D=0.038, p-value=0.05428
08-04 13:15 nessai INFO    : it: 23000: n eval: 263916 H: 21.67 dlogZ: 5.420 logZ: -37.706 +/- 0.147 logLmax: -9.29
08-04 13:15 nessai INFO    : it: 24000: Rolling KS test: D=0.02, p-value=0.4434
08-04 13:15 nessai INFO    : it: 24000: n eval: 310852 H: 22.01 dlogZ: 3.640 logZ: -36.904 +/- 0.148 logLmax: -9.29
08-04 13:15 nessai INFO    : it: 25000: Rolling KS test: D=0.019, p-value=0.4797
08-04 13:15 nessai INFO    : it: 25000: n eval: 349507 H: 22.33 dlogZ: 2.643 logZ: -36.398 +/- 0.149 logLmax: -8.83
08-04 13:16 nessai INFO    : it: 26000: Rolling KS test: D=0.032, p-value=0.1263
08-04 13:16 nessai INFO    : it: 26000: n eval: 429507 H: 22.57 dlogZ: 1.517 logZ: -36.098 +/- 0.150 logLmax: -8.83
08-04 13:16 nessai INFO    : it: 27000: Rolling KS test: D=0.034, p-value=0.09683
08-04 13:16 nessai INFO    : it: 27000: n eval: 509507 H: 22.75 dlogZ: 0.744 logZ: -35.928 +/- 0.151 logLmax: -8.83
08-04 13:16 nessai INFO    : it: 28000: Rolling KS test: D=0.02, p-value=0.4434
08-04 13:16 nessai INFO    : it: 28000: n eval: 629507 H: 22.87 dlogZ: 0.315 logZ: -35.833 +/- 0.151 logLmax: -8.83
08-04 13:17 nessai INFO    : it: 29000: Rolling KS test: D=0.026, p-value=0.2543
08-04 13:17 nessai INFO    : it: 29000: n eval: 759507 H: 22.96 dlogZ: 0.135 logZ: -35.782 +/- 0.152 logLmax: -8.72
08-04 13:17 nessai INFO    : Stopping with difference_log_evidence=0.100
08-04 13:17 nessai INFO    : Finalising
08-04 13:17 nessai INFO    : Final ln-evidence: -35.731 +/- 0.152
08-04 13:17 nessai INFO    : Information: 23.06
08-04 13:17 nessai INFO    : Final KS test: D=0.003691, p-value=0.4488
08-04 13:17 nessai INFO    : Checkpointing nested sampling
08-04 13:17 nessai INFO    : Total sampling time: 0:03:29.106583
08-04 13:17 nessai INFO    : Total training time: 0:01:04.171587
08-04 13:17 nessai INFO    : Total population time: 0:01:16.835377
08-04 13:17 nessai INFO    : Total likelihood evaluations: 809507
08-04 13:17 nessai INFO    : Time spent evaluating likelihood: 0:00:31.636544
08-04 13:17 nessai INFO    : Total sampling time: 0:03:29.106583
08-04 13:17 nessai INFO    : Total likelihood evaluations: 809507
08-04 13:17 nessai INFO    : Starting post processing
08-04 13:17 nessai INFO    : Computing posterior samples
08-04 13:17 nessai INFO    : Effective sample size: 6973.6
08-04 13:17 nessai INFO    : Producing posterior samples using rejection sampling
08-04 13:17 nessai INFO    : Expect 4755.380482884342 samples from rejection sampling
08-04 13:17 nessai INFO    : Returned 4733 posterior samples
08-04 13:17 nessai INFO    : Starting to close worker pool.
08-04 13:17 nessai INFO    : Finished closing worker pool.
