/data/wiay/postgrads/shashwat/qunat_com_future/lib/python3.11/site-packages/nessai/utils/logging.py:133: FutureWarning: setup_logger is deprecated, use configure_logger instead
  warnings.warn(
08-04 13:16 nessai INFO    : Running Nessai version 0.15.2
08-04 13:16 nessai INFO    : Starting multiprocessing pool with 4 processes
08-04 13:16 nessai INFO    : Initialising nested sampler
08-04 13:16 nessai WARNING : Multiprocessing pool has already been configured.
/data/wiay/postgrads/shashwat/qunat_com_future/lib/python3.11/site-packages/nessai/gw/__init__.py:12: FutureWarning: The `nessai.gw` module will be deprecated in the next release in favour of the nessai-gw package. This packages provides the same functionality as`nessai.gw` via the plugin interface.For more details, see: https://github.com/mj-will/nessai-gw
  warnings.warn(
08-04 13:16 nessai INFO    : Passing kwargs to FlowProposal: {'poolsize': 1000}
08-04 13:16 nessai INFO    : No reparameterisations provided, using default reparameterisations included in FlowProposal
08-04 13:16 nessai INFO    : Adding reparameterisations from: {}
08-04 13:16 nessai INFO    : Assuming fallback reparameterisation (ScaleAndShift) for ['kappa', 'mu_xi', 'sigma_chi', 'sigma_xi', 'rho', 'lambda_chi', 'chi0', 'xi0'] with kwargs: {'estimate_scale': True, 'estimate_shift': True, 'prior_bounds': {'kappa': array([0.1, 5. ]), 'mu_xi': array([0. , 0.1]), 'sigma_chi': array([0.05, 0.6 ]), 'sigma_xi': array([0.05, 0.4 ]), 'rho': array([-0.9,  0.9]), 'lambda_chi': array([-0.5,  0.5]), 'chi0': array([-0.5,  0.5]), 'xi0': array([2.5, 5. ])}}.
08-04 13:16 nessai INFO    : x space parameters: ['kappa', 'mu_xi', 'sigma_chi', 'sigma_xi', 'rho', 'lambda_chi', 'chi0', 'xi0']
08-04 13:16 nessai INFO    : x prime space parameters: ['kappa_prime', 'mu_xi_prime', 'sigma_chi_prime', 'sigma_xi_prime', 'rho_prime', 'lambda_chi_prime', 'chi0_prime', 'xi0_prime']
08-04 13:16 nessai INFO    : Overwriting fuzz factor with expansion fraction
08-04 13:16 nessai INFO    : New fuzz factor: 1.2228445449938519
08-04 13:16 nessai INFO    : Verifying rescaling functions
08-04 13:16 nessai INFO    : Rescaling functions are invertible
08-04 13:16 nessai INFO    : Populating initial live points
08-04 13:16 nessai INFO    : Populated 100 / 1000 live points
08-04 13:16 nessai INFO    : Populated 200 / 1000 live points
08-04 13:16 nessai INFO    : Populated 300 / 1000 live points
08-04 13:16 nessai INFO    : Populated 400 / 1000 live points
08-04 13:16 nessai INFO    : Populated 500 / 1000 live points
08-04 13:16 nessai INFO    : Populated 600 / 1000 live points
08-04 13:16 nessai INFO    : Populated 700 / 1000 live points
08-04 13:16 nessai INFO    : Populated 800 / 1000 live points
08-04 13:16 nessai INFO    : Populated 900 / 1000 live points
08-04 13:16 nessai INFO    : Populated 1000 / 1000 live points
08-04 13:16 nessai INFO    : Starting nested sampling loop
08-04 13:16 nessai INFO    : it:  1000: Rolling KS test: D=0.027, p-value=0.2286
08-04 13:16 nessai INFO    : it:  1000: n eval: 3000 H: 7.91 dlogZ: 51341678.717 logZ: -51435001.116 +/- 0.089 logLmax: -93321.40
08-04 13:16 nessai INFO    : it:  2000: Rolling KS test: D=0.018, p-value=0.5169
08-04 13:16 nessai INFO    : it:  2000: n eval: 8000 H: 8.91 dlogZ: 17152187.644 logZ: -17174834.350 +/- 0.094 logLmax: -22644.71
08-04 13:16 nessai INFO    : Switching to FlowProposal
08-04 13:16 nessai INFO    : it:  3000: Rolling KS test: D=0.025, p-value=0.2818
08-04 13:16 nessai INFO    : it:  3000: n eval: 11991 H: 9.91 dlogZ: 6914522.250 logZ: -6937169.956 +/- 0.100 logLmax: -22644.71
08-04 13:16 nessai INFO    : it:  4000: Rolling KS test: D=0.013, p-value=0.7071
08-04 13:16 nessai INFO    : it:  4000: n eval: 15649 H: 10.91 dlogZ: 2798146.442 logZ: -2809858.398 +/- 0.104 logLmax: -11707.96
08-04 13:16 nessai INFO    : it:  5000: Rolling KS test: D=0.017, p-value=0.5547
08-04 13:16 nessai INFO    : it:  5000: n eval: 19696 H: 11.91 dlogZ: 1145713.785 logZ: -1157426.741 +/- 0.109 logLmax: -11707.96
08-04 13:16 nessai INFO    : it:  6000: Rolling KS test: D=0.045, p-value=0.01689
08-04 13:16 nessai INFO    : it:  6000: n eval: 21509 H: 12.91 dlogZ: 526770.870 logZ: -531306.886 +/- 0.114 logLmax: -4530.02
08-04 13:16 nessai INFO    : it:  7000: Rolling KS test: D=0.028, p-value=0.2046
08-04 13:16 nessai INFO    : it:  7000: n eval: 28178 H: 13.91 dlogZ: 249782.889 logZ: -254319.905 +/- 0.118 logLmax: -4530.02
08-04 13:16 nessai INFO    : it:  8000: Rolling KS test: D=0.023, p-value=0.3419
08-04 13:16 nessai INFO    : it:  8000: n eval: 33028 H: 14.91 dlogZ: 123852.469 logZ: -127598.519 +/- 0.122 logLmax: -3738.05
08-04 13:16 nessai INFO    : it:  9000: Rolling KS test: D=0.026, p-value=0.2543
08-04 13:16 nessai INFO    : it:  9000: n eval: 38671 H: 15.91 dlogZ: 62794.171 logZ: -64221.801 +/- 0.126 logLmax: -1418.63
08-04 13:16 nessai INFO    : it: 10000: Rolling KS test: D=0.02, p-value=0.4434
08-04 13:16 nessai INFO    : it: 10000: n eval: 44958 H: 16.90 dlogZ: 31458.855 logZ: -32025.396 +/- 0.130 logLmax: -556.54
08-04 13:16 nessai INFO    : it: 11000: Rolling KS test: D=0.013, p-value=0.7071
08-04 13:16 nessai INFO    : it: 11000: n eval: 50689 H: 17.90 dlogZ: 16895.663 logZ: -17154.350 +/- 0.134 logLmax: -247.69
08-04 13:16 nessai INFO    : it: 12000: Rolling KS test: D=0.02, p-value=0.4434
08-04 13:16 nessai INFO    : it: 12000: n eval: 56827 H: 18.89 dlogZ: 8989.765 logZ: -9249.452 +/- 0.137 logLmax: -247.69
08-04 13:16 nessai INFO    : it: 13000: Rolling KS test: D=0.043, p-value=0.02406
08-04 13:16 nessai INFO    : it: 13000: n eval: 64869 H: 18.97 dlogZ: 5044.494 logZ: -5181.397 +/- 0.138 logLmax: -123.90
08-04 13:16 nessai INFO    : it: 14000: Rolling KS test: D=0.029, p-value=0.1825
08-04 13:16 nessai INFO    : it: 14000: n eval: 70842 H: 20.12 dlogZ: 2873.398 logZ: -2924.421 +/- 0.142 logLmax: -37.02
08-04 13:16 nessai INFO    : it: 15000: Rolling KS test: D=0.004, p-value=0.9659
08-04 13:16 nessai INFO    : it: 15000: n eval: 77021 H: 20.70 dlogZ: 1588.829 logZ: -1640.852 +/- 0.144 logLmax: -37.02
08-04 13:16 nessai INFO    : it: 16000: Rolling KS test: D=0.016, p-value=0.593
08-04 13:16 nessai INFO    : it: 16000: n eval: 86708 H: 20.87 dlogZ: 897.242 logZ: -939.936 +/- 0.144 logLmax: -26.70
08-04 13:16 nessai INFO    : it: 17000: Rolling KS test: D=0.016, p-value=0.593
08-04 13:16 nessai INFO    : it: 17000: n eval: 93028 H: 21.66 dlogZ: 504.353 logZ: -548.047 +/- 0.147 logLmax: -26.70
08-04 13:16 nessai INFO    : it: 18000: Rolling KS test: D=0.022, p-value=0.3744
08-04 13:16 nessai INFO    : it: 18000: n eval: 98981 H: 21.79 dlogZ: 278.587 logZ: -318.670 +/- 0.148 logLmax: -22.08
08-04 13:16 nessai INFO    : it: 19000: Rolling KS test: D=0.025, p-value=0.2818
08-04 13:16 nessai INFO    : it: 19000: n eval: 106416 H: 22.36 dlogZ: 161.409 logZ: -199.723 +/- 0.150 logLmax: -19.31
08-04 13:16 nessai INFO    : it: 20000: Rolling KS test: D=0.045, p-value=0.01689
08-04 13:17 nessai INFO    : it: 20000: n eval: 117413 H: 23.07 dlogZ: 96.162 logZ: -130.235 +/- 0.152 logLmax: -14.07
08-04 13:17 nessai INFO    : it: 21000: Rolling KS test: D=0.027, p-value=0.2286
08-04 13:17 nessai INFO    : it: 21000: n eval: 130439 H: 23.33 dlogZ: 60.256 logZ: -90.590 +/- 0.153 logLmax: -9.34
08-04 13:17 nessai INFO    : it: 22000: Rolling KS test: D=0.006, p-value=0.9268
08-04 13:17 nessai INFO    : it: 22000: n eval: 144974 H: 23.67 dlogZ: 38.419 logZ: -69.281 +/- 0.154 logLmax: -8.86
08-04 13:17 nessai INFO    : it: 23000: Rolling KS test: D=0.029, p-value=0.1825
08-04 13:17 nessai INFO    : it: 23000: n eval: 163575 H: 24.22 dlogZ: 27.118 logZ: -56.537 +/- 0.156 logLmax: -6.42
08-04 13:17 nessai INFO    : it: 24000: Rolling KS test: D=0.034, p-value=0.09683
08-04 13:17 nessai INFO    : it: 24000: n eval: 187660 H: 24.72 dlogZ: 21.334 logZ: -49.000 +/- 0.157 logLmax: -3.67
08-04 13:17 nessai INFO    : it: 25000: Rolling KS test: D=0.019, p-value=0.4797
08-04 13:17 nessai INFO    : it: 25000: n eval: 234979 H: 25.23 dlogZ: 15.363 logZ: -43.918 +/- 0.159 logLmax: -3.56
08-04 13:17 nessai INFO    : it: 26000: Rolling KS test: D=0.014, p-value=0.6695
08-04 13:17 nessai INFO    : it: 26000: n eval: 284979 H: 25.80 dlogZ: 11.362 logZ: -40.632 +/- 0.161 logLmax: -3.27
08-04 13:17 nessai INFO    : it: 27000: Rolling KS test: D=0.027, p-value=0.2286
08-04 13:17 nessai INFO    : it: 27000: n eval: 354979 H: 26.38 dlogZ: 8.814 logZ: -38.293 +/- 0.162 logLmax: -2.48
08-04 13:18 nessai INFO    : it: 28000: Rolling KS test: D=0.019, p-value=0.4797
08-04 13:18 nessai INFO    : it: 28000: n eval: 424979 H: 26.93 dlogZ: 6.166 logZ: -36.643 +/- 0.164 logLmax: -2.48
08-04 13:18 nessai INFO    : it: 29000: Rolling KS test: D=0.039, p-value=0.0465
08-04 13:18 nessai INFO    : it: 29000: n eval: 484726 H: 27.42 dlogZ: 4.456 logZ: -35.518 +/- 0.166 logLmax: -2.07
08-04 13:18 nessai INFO    : it: 30000: Rolling KS test: D=0.023, p-value=0.3419
08-04 13:18 nessai INFO    : it: 30000: n eval: 524726 H: 27.86 dlogZ: 3.670 logZ: -34.752 +/- 0.167 logLmax: -1.11
08-04 13:18 nessai INFO    : it: 31000: Rolling KS test: D=0.03, p-value=0.162
08-04 13:18 nessai INFO    : it: 31000: n eval: 549577 H: 28.21 dlogZ: 2.269 logZ: -34.268 +/- 0.168 logLmax: -1.11
08-04 13:18 nessai INFO    : it: 32000: Rolling KS test: D=0.032, p-value=0.1263
08-04 13:18 nessai INFO    : it: 32000: n eval: 570844 H: 28.49 dlogZ: 1.353 logZ: -33.963 +/- 0.169 logLmax: -0.91
08-04 13:18 nessai INFO    : it: 33000: Rolling KS test: D=0.012, p-value=0.7438
08-04 13:18 nessai INFO    : it: 33000: n eval: 585243 H: 28.69 dlogZ: 0.654 logZ: -33.787 +/- 0.169 logLmax: -0.87
08-04 13:18 nessai INFO    : it: 34000: Rolling KS test: D=0.04, p-value=0.03967
08-04 13:18 nessai INFO    : it: 34000: n eval: 615496 H: 28.83 dlogZ: 0.312 logZ: -33.689 +/- 0.170 logLmax: -0.69
08-04 13:18 nessai INFO    : it: 35000: Rolling KS test: D=0.019, p-value=0.4797
08-04 13:18 nessai INFO    : it: 35000: n eval: 625560 H: 28.91 dlogZ: 0.120 logZ: -33.637 +/- 0.170 logLmax: -0.69
08-04 13:18 nessai INFO    : Stopping with difference_log_evidence=0.100
08-04 13:18 nessai INFO    : Finalising
08-04 13:18 nessai INFO    : Final ln-evidence: -33.589 +/- 0.170
08-04 13:18 nessai INFO    : Information: 29.01
08-04 13:18 nessai INFO    : Final KS test: D=0.007728, p-value=0.01487
08-04 13:18 nessai WARNING : Final p-value for the insertion indices is less than 0.05, this could be an indication of problems during sampling. Consider checking the diagnostic plots.
08-04 13:18 nessai INFO    : Checkpointing nested sampling
08-04 13:18 nessai INFO    : Total sampling time: 0:02:55.021813
08-04 13:18 nessai INFO    : Total training time: 0:00:54.395229
08-04 13:18 nessai INFO    : Total population time: 0:00:54.520769
08-04 13:18 nessai INFO    : Total likelihood evaluations: 639716
08-04 13:18 nessai INFO    : Time spent evaluating likelihood: 0:00:21.286410
08-04 13:18 nessai INFO    : Total sampling time: 0:02:55.021813
08-04 13:18 nessai INFO    : Total likelihood evaluations: 639716
08-04 13:18 nessai INFO    : Starting post processing
08-04 13:18 nessai INFO    : Computing posterior samples
08-04 13:18 nessai INFO    : Effective sample size: 7138.3
08-04 13:18 nessai INFO    : Producing posterior samples using rejection sampling
08-04 13:18 nessai INFO    : Expect 5003.43046943427 samples from rejection sampling
08-04 13:18 nessai INFO    : Returned 4978 posterior samples
08-04 13:19 nessai INFO    : Starting to close worker pool.
08-04 13:19 nessai INFO    : Finished closing worker pool.
