/data/wiay/postgrads/shashwat/qunat_com_future/lib/python3.11/site-packages/nessai/utils/logging.py:133: FutureWarning: setup_logger is deprecated, use configure_logger instead
  warnings.warn(
08-04 11:32 nessai INFO    : Running Nessai version 0.15.2
08-04 11:32 nessai INFO    : Starting multiprocessing pool with 4 processes
08-04 11:32 nessai INFO    : Initialising nested sampler
08-04 11:32 nessai WARNING : Multiprocessing pool has already been configured.
/data/wiay/postgrads/shashwat/qunat_com_future/lib/python3.11/site-packages/nessai/gw/__init__.py:12: FutureWarning: The `nessai.gw` module will be deprecated in the next release in favour of the nessai-gw package. This packages provides the same functionality as`nessai.gw` via the plugin interface.For more details, see: https://github.com/mj-will/nessai-gw
  warnings.warn(
08-04 11:32 nessai INFO    : Passing kwargs to FlowProposal: {'poolsize': 1000}
08-04 11:32 nessai INFO    : No reparameterisations provided, using default reparameterisations included in FlowProposal
08-04 11:32 nessai INFO    : Adding reparameterisations from: {}
08-04 11:32 nessai INFO    : Assuming fallback reparameterisation (ScaleAndShift) for ['kappa', 'mu_xi', 'sigma_chi', 'sigma_xi', 'rho', 'lambda_chi', 'chi0', 'xi0'] with kwargs: {'estimate_scale': True, 'estimate_shift': True, 'prior_bounds': {'kappa': array([0.1, 5. ]), 'mu_xi': array([0. , 0.1]), 'sigma_chi': array([0.05, 0.6 ]), 'sigma_xi': array([0.05, 0.4 ]), 'rho': array([-0.9,  0.9]), 'lambda_chi': array([-0.5,  0.5]), 'chi0': array([-0.5,  0.5]), 'xi0': array([2.5, 5. ])}}.
08-04 11:32 nessai INFO    : x space parameters: ['kappa', 'mu_xi', 'sigma_chi', 'sigma_xi', 'rho', 'lambda_chi', 'chi0', 'xi0']
08-04 11:32 nessai INFO    : x prime space parameters: ['kappa_prime', 'mu_xi_prime', 'sigma_chi_prime', 'sigma_xi_prime', 'rho_prime', 'lambda_chi_prime', 'chi0_prime', 'xi0_prime']
08-04 11:32 nessai INFO    : Overwriting fuzz factor with expansion fraction
08-04 11:32 nessai INFO    : New fuzz factor: 1.2228445449938519
08-04 11:32 nessai INFO    : Verifying rescaling functions
08-04 11:32 nessai INFO    : Rescaling functions are invertible
08-04 11:32 nessai INFO    : Populating initial live points
08-04 11:32 nessai INFO    : Populated 100 / 1000 live points
08-04 11:32 nessai INFO    : Populated 200 / 1000 live points
08-04 11:32 nessai INFO    : Populated 300 / 1000 live points
08-04 11:32 nessai INFO    : Populated 400 / 1000 live points
08-04 11:32 nessai INFO    : Populated 500 / 1000 live points
08-04 11:32 nessai INFO    : Populated 600 / 1000 live points
08-04 11:32 nessai INFO    : Populated 700 / 1000 live points
08-04 11:32 nessai INFO    : Populated 800 / 1000 live points
08-04 11:32 nessai INFO    : Populated 900 / 1000 live points
08-04 11:32 nessai INFO    : Populated 1000 / 1000 live points
08-04 11:32 nessai INFO    : Starting nested sampling loop
08-04 11:32 nessai INFO    : it:  1000: Rolling KS test: D=0.016, p-value=0.593
08-04 11:32 nessai INFO    : it:  1000: n eval: 3000 H: 7.91 dlogZ: 35647585.565 logZ: -35704948.170 +/- 0.089 logLmax: -57361.61
08-04 11:32 nessai INFO    : it:  2000: Rolling KS test: D=0.029, p-value=0.1825
08-04 11:32 nessai INFO    : it:  2000: n eval: 8000 H: 8.91 dlogZ: 8436077.266 logZ: -8462079.360 +/- 0.094 logLmax: -26000.10
08-04 11:32 nessai INFO    : Switching to FlowProposal
/data/wiay/postgrads/shashwat/qunat_com_future/lib/python3.11/site-packages/torch/autograd/graph.py:882: UserWarning: CUDA initialization: The NVIDIA driver on your system is too old (found version 12020). Please update your GPU driver by downloading and installing a new version from the URL: http://www.nvidia.com/Download/index.aspx Alternatively, go to: https://pytorch.org to install a PyTorch version that has been compiled with your version of the CUDA driver. (Triggered internally at /pytorch/c10/cuda/CUDAFunctions.cpp:119.)
  return Variable._execution_engine.run_backward(  # Calls into the C++ engine to run the backward pass
08-04 11:32 nessai INFO    : it:  3000: Rolling KS test: D=0.023, p-value=0.3419
08-04 11:32 nessai INFO    : it:  3000: n eval: 12046 H: 9.91 dlogZ: 2985240.896 logZ: -3011243.990 +/- 0.100 logLmax: -26000.10
08-04 11:32 nessai INFO    : it:  4000: Rolling KS test: D=0.014, p-value=0.6695
08-04 11:32 nessai INFO    : it:  4000: n eval: 15650 H: 10.91 dlogZ: 1246228.149 logZ: -1251457.033 +/- 0.104 logLmax: -5224.89
08-04 11:32 nessai INFO    : it:  5000: Rolling KS test: D=0.022, p-value=0.3744
08-04 11:32 nessai INFO    : it:  5000: n eval: 19942 H: 11.91 dlogZ: 569524.132 logZ: -574754.017 +/- 0.109 logLmax: -5224.89
08-04 11:32 nessai INFO    : it:  6000: Rolling KS test: D=0.021, p-value=0.4082
08-04 11:32 nessai INFO    : it:  6000: n eval: 24468 H: 12.91 dlogZ: 296537.364 logZ: -301768.249 +/- 0.114 logLmax: -5224.89
08-04 11:32 nessai INFO    : it:  7000: Rolling KS test: D=0.032, p-value=0.1263
08-04 11:32 nessai INFO    : it:  7000: n eval: 29368 H: 13.91 dlogZ: 148817.027 logZ: -150509.260 +/- 0.118 logLmax: -1685.23
08-04 11:32 nessai INFO    : it:  8000: Rolling KS test: D=0.022, p-value=0.3744
08-04 11:32 nessai INFO    : it:  8000: n eval: 34135 H: 14.91 dlogZ: 74378.719 logZ: -76031.108 +/- 0.122 logLmax: -1644.39
08-04 11:32 nessai INFO    : it:  9000: Rolling KS test: D=0.009, p-value=0.8454
08-04 11:32 nessai INFO    : it:  9000: n eval: 39814 H: 15.91 dlogZ: 39562.249 logZ: -41155.114 +/- 0.126 logLmax: -1583.87
08-04 11:32 nessai INFO    : it: 10000: Rolling KS test: D=0.022, p-value=0.3744
08-04 11:32 nessai INFO    : it: 10000: n eval: 45072 H: 16.91 dlogZ: 21838.146 logZ: -22630.204 +/- 0.130 logLmax: -782.06
08-04 11:32 nessai INFO    : it: 11000: Rolling KS test: D=0.021, p-value=0.4082
08-04 11:32 nessai INFO    : it: 11000: n eval: 50319 H: 17.91 dlogZ: 11706.398 logZ: -12026.217 +/- 0.134 logLmax: -308.82
08-04 11:32 nessai INFO    : it: 12000: Rolling KS test: D=0.026, p-value=0.2543
08-04 11:32 nessai INFO    : it: 12000: n eval: 55807 H: 17.82 dlogZ: 6404.836 logZ: -6620.603 +/- 0.134 logLmax: -203.77
08-04 11:33 nessai INFO    : it: 13000: Rolling KS test: D=0.029, p-value=0.1825
08-04 11:33 nessai INFO    : it: 13000: n eval: 63640 H: 19.06 dlogZ: 3665.051 logZ: -3756.862 +/- 0.138 logLmax: -78.81
08-04 11:33 nessai INFO    : it: 14000: Rolling KS test: D=0.02, p-value=0.4434
08-04 11:33 nessai INFO    : it: 14000: n eval: 69121 H: 19.51 dlogZ: 2127.583 logZ: -2220.394 +/- 0.140 logLmax: -78.81
08-04 11:33 nessai INFO    : it: 15000: Rolling KS test: D=0.034, p-value=0.09683
08-04 11:33 nessai INFO    : it: 15000: n eval: 75680 H: 20.74 dlogZ: 1264.144 logZ: -1357.955 +/- 0.144 logLmax: -78.81
08-04 11:33 nessai INFO    : it: 16000: Rolling KS test: D=0.029, p-value=0.1825
08-04 11:33 nessai INFO    : it: 16000: n eval: 87364 H: 21.11 dlogZ: 780.371 logZ: -822.365 +/- 0.145 logLmax: -25.99
08-04 11:33 nessai INFO    : it: 17000: Rolling KS test: D=0.007, p-value=0.9024
08-04 11:33 nessai INFO    : it: 17000: n eval: 101038 H: 21.06 dlogZ: 479.311 logZ: -507.749 +/- 0.145 logLmax: -11.44
08-04 11:33 nessai INFO    : it: 18000: Rolling KS test: D=0.021, p-value=0.4082
08-04 11:33 nessai INFO    : it: 18000: n eval: 115160 H: 22.25 dlogZ: 291.355 logZ: -320.793 +/- 0.149 logLmax: -11.44
08-04 11:33 nessai INFO    : it: 19000: Rolling KS test: D=0.018, p-value=0.5169
08-04 11:33 nessai INFO    : it: 19000: n eval: 128984 H: 22.46 dlogZ: 174.923 logZ: -205.361 +/- 0.150 logLmax: -11.44
08-04 11:33 nessai INFO    : it: 20000: Rolling KS test: D=0.029, p-value=0.1825
08-04 11:33 nessai INFO    : it: 20000: n eval: 146864 H: 23.14 dlogZ: 104.292 logZ: -135.730 +/- 0.152 logLmax: -11.44
08-04 11:34 nessai INFO    : it: 21000: Rolling KS test: D=0.009, p-value=0.8454
08-04 11:34 nessai INFO    : it: 21000: n eval: 181435 H: 23.34 dlogZ: 69.159 logZ: -95.156 +/- 0.153 logLmax: -5.00
08-04 11:34 nessai INFO    : it: 22000: Rolling KS test: D=0.027, p-value=0.2286
08-04 11:34 nessai INFO    : it: 22000: n eval: 209793 H: 23.92 dlogZ: 43.701 logZ: -70.698 +/- 0.155 logLmax: -5.00
08-04 11:34 nessai INFO    : it: 23000: Rolling KS test: D=0.024, p-value=0.311
08-04 11:34 nessai INFO    : it: 23000: n eval: 258714 H: 24.35 dlogZ: 28.025 logZ: -56.022 +/- 0.156 logLmax: -5.00
08-04 11:34 nessai INFO    : it: 24000: Rolling KS test: D=0.004, p-value=0.9659
08-04 11:34 nessai INFO    : it: 24000: n eval: 328714 H: 24.83 dlogZ: 18.515 logZ: -47.512 +/- 0.158 logLmax: -5.00
08-04 11:35 nessai INFO    : it: 25000: Rolling KS test: D=0.022, p-value=0.3744
08-04 11:35 nessai INFO    : it: 25000: n eval: 408714 H: 25.33 dlogZ: 13.368 logZ: -41.932 +/- 0.159 logLmax: -3.56
08-04 11:35 nessai INFO    : it: 26000: Rolling KS test: D=0.026, p-value=0.2543
08-04 11:35 nessai INFO    : it: 26000: n eval: 508714 H: 25.71 dlogZ: 9.243 logZ: -38.807 +/- 0.160 logLmax: -3.56
08-04 11:36 nessai INFO    : it: 27000: Rolling KS test: D=0.012, p-value=0.7438
08-04 11:36 nessai INFO    : it: 27000: n eval: 668714 H: 26.09 dlogZ: 6.392 logZ: -36.954 +/- 0.162 logLmax: -3.56
08-04 11:37 nessai INFO    : it: 28000: Rolling KS test: D=0.034, p-value=0.09683
08-04 11:37 nessai INFO    : it: 28000: n eval: 888714 H: 26.45 dlogZ: 4.436 logZ: -35.844 +/- 0.163 logLmax: -3.42
08-04 11:39 nessai INFO    : it: 29000: Rolling KS test: D=0.017, p-value=0.5547
08-04 11:39 nessai INFO    : it: 29000: n eval: 1258714 H: 26.77 dlogZ: 3.656 logZ: -35.164 +/- 0.164 logLmax: -2.54
08-04 11:42 nessai INFO    : Checkpointing nested sampling
08-04 11:42 nessai INFO    : it: 30000: Rolling KS test: D=0.037, p-value=0.06311
08-04 11:42 nessai INFO    : it: 30000: n eval: 1738714 H: 27.05 dlogZ: 2.364 logZ: -34.753 +/- 0.164 logLmax: -2.49
08-04 11:45 nessai INFO    : it: 31000: Rolling KS test: D=0.041, p-value=0.03371
08-04 11:45 nessai INFO    : it: 31000: n eval: 2248714 H: 27.30 dlogZ: 1.615 logZ: -34.496 +/- 0.165 logLmax: -2.10
08-04 11:48 nessai INFO    : it: 32000: Rolling KS test: D=0.028, p-value=0.2046
08-04 11:48 nessai INFO    : it: 32000: n eval: 2758714 H: 27.48 dlogZ: 0.944 logZ: -34.341 +/- 0.166 logLmax: -1.89
08-04 11:50 nessai INFO    : it: 33000: Rolling KS test: D=0.036, p-value=0.07308
08-04 11:50 nessai INFO    : it: 33000: n eval: 3128714 H: 27.63 dlogZ: 0.423 logZ: -34.249 +/- 0.166 logLmax: -1.89
08-04 11:52 nessai INFO    : Checkpointing nested sampling
08-04 11:55 nessai INFO    : it: 34000: Rolling KS test: D=0.019, p-value=0.4797
08-04 11:55 nessai INFO    : it: 34000: n eval: 3618714 H: 27.73 dlogZ: 0.255 logZ: -34.193 +/- 0.167 logLmax: -1.43
08-04 11:56 nessai INFO    : Stopping with difference_log_evidence=0.100
08-04 11:56 nessai INFO    : Finalising
08-04 11:56 nessai INFO    : Final ln-evidence: -34.130 +/- 0.167
08-04 11:56 nessai INFO    : Information: 27.89
08-04 11:56 nessai INFO    : Final KS test: D=0.009924, p-value=0.00101
08-04 11:56 nessai WARNING : Final p-value for the insertion indices is less than 0.05, this could be an indication of problems during sampling. Consider checking the diagnostic plots.
08-04 11:56 nessai INFO    : Checkpointing nested sampling
08-04 11:56 nessai INFO    : Total sampling time: 0:24:11.378650
08-04 11:56 nessai INFO    : Total training time: 0:05:43.595686
08-04 11:56 nessai INFO    : Total population time: 0:13:29.845526
08-04 11:56 nessai INFO    : Total likelihood evaluations: 3718714
08-04 11:56 nessai INFO    : Time spent evaluating likelihood: 0:03:39.083044
08-04 11:56 nessai INFO    : Total sampling time: 0:24:11.378650
08-04 11:56 nessai INFO    : Total likelihood evaluations: 3718714
08-04 11:56 nessai INFO    : Starting post processing
08-04 11:56 nessai INFO    : Computing posterior samples
08-04 11:56 nessai INFO    : Effective sample size: 7639.7
08-04 11:56 nessai INFO    : Producing posterior samples using rejection sampling
08-04 11:56 nessai INFO    : Expect 5340.1831101908165 samples from rejection sampling
08-04 11:56 nessai INFO    : Returned 5320 posterior samples
08-04 11:56 nessai INFO    : Starting to close worker pool.
08-04 11:56 nessai INFO    : Finished closing worker pool.
