/data/wiay/postgrads/shashwat/qunat_com_future/lib/python3.11/site-packages/nessai/utils/logging.py:133: FutureWarning: setup_logger is deprecated, use configure_logger instead
  warnings.warn(
08-04 09:49 nessai INFO    : Running Nessai version 0.15.2
08-04 09:49 nessai INFO    : Starting multiprocessing pool with 4 processes
08-04 09:49 nessai INFO    : Initialising nested sampler
08-04 09:49 nessai WARNING : Multiprocessing pool has already been configured.
/data/wiay/postgrads/shashwat/qunat_com_future/lib/python3.11/site-packages/nessai/gw/__init__.py:12: FutureWarning: The `nessai.gw` module will be deprecated in the next release in favour of the nessai-gw package. This packages provides the same functionality as`nessai.gw` via the plugin interface.For more details, see: https://github.com/mj-will/nessai-gw
  warnings.warn(
08-04 09:49 nessai INFO    : Passing kwargs to FlowProposal: {'poolsize': 1000}
08-04 09:49 nessai INFO    : No reparameterisations provided, using default reparameterisations included in FlowProposal
08-04 09:49 nessai INFO    : Adding reparameterisations from: {}
08-04 09:49 nessai INFO    : Assuming fallback reparameterisation (ScaleAndShift) for ['kappa', 'mu_xi', 'sigma_chi', 'sigma_xi', 'rho', 'lambda_chi', 'chi0', 'xi0'] with kwargs: {'estimate_scale': True, 'estimate_shift': True, 'prior_bounds': {'kappa': array([0.1, 5. ]), 'mu_xi': array([0. , 0.1]), 'sigma_chi': array([0.05, 0.6 ]), 'sigma_xi': array([0.05, 0.4 ]), 'rho': array([-0.9,  0.9]), 'lambda_chi': array([-0.5,  0.5]), 'chi0': array([-0.5,  0.5]), 'xi0': array([2.5, 5. ])}}.
08-04 09:49 nessai INFO    : x space parameters: ['kappa', 'mu_xi', 'sigma_chi', 'sigma_xi', 'rho', 'lambda_chi', 'chi0', 'xi0']
08-04 09:49 nessai INFO    : x prime space parameters: ['kappa_prime', 'mu_xi_prime', 'sigma_chi_prime', 'sigma_xi_prime', 'rho_prime', 'lambda_chi_prime', 'chi0_prime', 'xi0_prime']
08-04 09:49 nessai INFO    : Overwriting fuzz factor with expansion fraction
08-04 09:49 nessai INFO    : New fuzz factor: 1.2228445449938519
08-04 09:49 nessai INFO    : Verifying rescaling functions
08-04 09:49 nessai INFO    : Rescaling functions are invertible
08-04 09:49 nessai INFO    : Populating initial live points
08-04 09:49 nessai INFO    : Populated 100 / 1000 live points
08-04 09:49 nessai INFO    : Populated 200 / 1000 live points
08-04 09:49 nessai INFO    : Populated 300 / 1000 live points
08-04 09:49 nessai INFO    : Populated 400 / 1000 live points
08-04 09:49 nessai INFO    : Populated 500 / 1000 live points
08-04 09:49 nessai INFO    : Populated 600 / 1000 live points
08-04 09:49 nessai INFO    : Populated 700 / 1000 live points
08-04 09:49 nessai INFO    : Populated 800 / 1000 live points
08-04 09:49 nessai INFO    : Populated 900 / 1000 live points
08-04 09:49 nessai INFO    : Populated 1000 / 1000 live points
08-04 09:49 nessai INFO    : Starting nested sampling loop
08-04 09:49 nessai INFO    : it:  1000: Rolling KS test: D=0.012, p-value=0.7438
08-04 09:49 nessai INFO    : it:  1000: n eval: 3000 H: 7.91 dlogZ: 3536979.067 logZ: -3541817.590 +/- 0.089 logLmax: -4837.52
08-04 09:49 nessai INFO    : it:  2000: Rolling KS test: D=0.019, p-value=0.4797
08-04 09:49 nessai INFO    : it:  2000: n eval: 9000 H: 8.91 dlogZ: 842279.122 logZ: -847118.646 +/- 0.094 logLmax: -4837.52
08-04 09:49 nessai INFO    : Switching to FlowProposal
08-04 09:49 nessai INFO    : it:  3000: Rolling KS test: D=0.015, p-value=0.6313
08-04 09:49 nessai INFO    : it:  3000: n eval: 13312 H: 9.91 dlogZ: 293000.463 logZ: -295495.281 +/- 0.100 logLmax: -2491.82
08-04 09:49 nessai INFO    : it:  4000: Rolling KS test: D=0.01, p-value=0.8133
08-04 09:49 nessai INFO    : it:  4000: n eval: 17479 H: 10.91 dlogZ: 119003.671 logZ: -119474.928 +/- 0.104 logLmax: -467.26
08-04 09:49 nessai INFO    : it:  5000: Rolling KS test: D=0.027, p-value=0.2286
08-04 09:49 nessai INFO    : it:  5000: n eval: 22496 H: 11.91 dlogZ: 56833.885 logZ: -56953.476 +/- 0.109 logLmax: -114.59
08-04 09:49 nessai INFO    : it:  6000: Rolling KS test: D=0.027, p-value=0.2286
08-04 09:49 nessai INFO    : it:  6000: n eval: 31232 H: 12.91 dlogZ: 28120.274 logZ: -28240.865 +/- 0.114 logLmax: -114.59
08-04 09:49 nessai INFO    : it:  7000: Rolling KS test: D=0.017, p-value=0.5547
08-04 09:49 nessai INFO    : it:  7000: n eval: 37104 H: 13.54 dlogZ: 13905.224 logZ: -14026.815 +/- 0.116 logLmax: -114.59
08-04 09:49 nessai INFO    : it:  8000: Rolling KS test: D=0.035, p-value=0.08429
08-04 09:49 nessai INFO    : it:  8000: n eval: 42829 H: 14.81 dlogZ: 7132.433 logZ: -7255.024 +/- 0.122 logLmax: -114.59
08-04 09:49 nessai INFO    : it:  9000: Rolling KS test: D=0.015, p-value=0.6313
08-04 09:49 nessai INFO    : it:  9000: n eval: 49439 H: 15.90 dlogZ: 3668.484 logZ: -3715.067 +/- 0.126 logLmax: -37.58
08-04 09:49 nessai INFO    : it: 10000: Rolling KS test: D=0.01, p-value=0.8133
08-04 09:49 nessai INFO    : it: 10000: n eval: 55967 H: 15.80 dlogZ: 1983.359 logZ: -2021.708 +/- 0.126 logLmax: -28.35
08-04 09:49 nessai INFO    : it: 11000: Rolling KS test: D=0.021, p-value=0.4082
08-04 09:49 nessai INFO    : it: 11000: n eval: 64138 H: 16.35 dlogZ: 1113.258 logZ: -1152.607 +/- 0.128 logLmax: -28.35
08-04 09:50 nessai INFO    : it: 12000: Rolling KS test: D=0.019, p-value=0.4797
08-04 09:50 nessai INFO    : it: 12000: n eval: 70347 H: 16.45 dlogZ: 661.717 logZ: -687.820 +/- 0.128 logLmax: -14.10
08-04 09:50 nessai INFO    : it: 13000: Rolling KS test: D=0.029, p-value=0.1825
08-04 09:50 nessai INFO    : it: 13000: n eval: 81185 H: 17.27 dlogZ: 415.871 logZ: -442.974 +/- 0.131 logLmax: -14.10
08-04 09:50 nessai INFO    : it: 14000: Rolling KS test: D=0.043, p-value=0.02406
08-04 09:50 nessai INFO    : it: 14000: n eval: 88920 H: 17.82 dlogZ: 257.671 logZ: -285.775 +/- 0.134 logLmax: -14.10
08-04 09:50 nessai INFO    : it: 15000: Rolling KS test: D=0.032, p-value=0.1263
08-04 09:50 nessai INFO    : it: 15000: n eval: 97138 H: 18.55 dlogZ: 161.466 logZ: -186.590 +/- 0.136 logLmax: -10.12
08-04 09:50 nessai INFO    : it: 16000: Rolling KS test: D=0.02, p-value=0.4434
08-04 09:50 nessai INFO    : it: 16000: n eval: 108099 H: 18.77 dlogZ: 96.356 logZ: -122.480 +/- 0.137 logLmax: -10.12
08-04 09:50 nessai INFO    : it: 17000: Rolling KS test: D=0.016, p-value=0.593
08-04 09:50 nessai INFO    : it: 17000: n eval: 120424 H: 19.39 dlogZ: 61.846 logZ: -84.451 +/- 0.139 logLmax: -5.61
08-04 09:50 nessai INFO    : it: 18000: Rolling KS test: D=0.013, p-value=0.7071
08-04 09:50 nessai INFO    : it: 18000: n eval: 129906 H: 19.87 dlogZ: 37.586 logZ: -61.190 +/- 0.141 logLmax: -5.61
08-04 09:50 nessai INFO    : it: 19000: Rolling KS test: D=0.043, p-value=0.02406
08-04 09:50 nessai INFO    : it: 19000: n eval: 144183 H: 20.20 dlogZ: 23.115 logZ: -47.719 +/- 0.142 logLmax: -5.61
08-04 09:50 nessai INFO    : it: 20000: Rolling KS test: D=0.018, p-value=0.5169
08-04 09:50 nessai INFO    : it: 20000: n eval: 158980 H: 20.74 dlogZ: 13.822 logZ: -39.399 +/- 0.144 logLmax: -5.58
08-04 09:50 nessai INFO    : it: 21000: Rolling KS test: D=0.018, p-value=0.5169
08-04 09:50 nessai INFO    : it: 21000: n eval: 184822 H: 21.06 dlogZ: 8.733 logZ: -34.824 +/- 0.145 logLmax: -5.09
08-04 09:50 nessai INFO    : it: 22000: Rolling KS test: D=0.039, p-value=0.0465
08-04 09:50 nessai INFO    : it: 22000: n eval: 219481 H: 21.41 dlogZ: 5.368 logZ: -32.416 +/- 0.146 logLmax: -5.05
08-04 09:50 nessai INFO    : it: 23000: Rolling KS test: D=0.028, p-value=0.2046
08-04 09:50 nessai INFO    : it: 23000: n eval: 263451 H: 21.73 dlogZ: 3.310 logZ: -31.033 +/- 0.147 logLmax: -4.76
08-04 09:50 nessai INFO    : it: 24000: Rolling KS test: D=0.025, p-value=0.2818
08-04 09:50 nessai INFO    : it: 24000: n eval: 313451 H: 21.97 dlogZ: 2.229 logZ: -30.290 +/- 0.148 logLmax: -4.18
08-04 09:50 nessai INFO    : it: 25000: Rolling KS test: D=0.022, p-value=0.3744
08-04 09:50 nessai INFO    : it: 25000: n eval: 383451 H: 22.14 dlogZ: 1.126 logZ: -29.909 +/- 0.149 logLmax: -4.18
08-04 09:51 nessai INFO    : it: 26000: Rolling KS test: D=0.037, p-value=0.06311
08-04 09:51 nessai INFO    : it: 26000: n eval: 463451 H: 22.25 dlogZ: 0.492 logZ: -29.723 +/- 0.149 logLmax: -4.18
08-04 09:51 nessai INFO    : it: 27000: Rolling KS test: D=0.037, p-value=0.06311
08-04 09:51 nessai INFO    : it: 27000: n eval: 573451 H: 22.32 dlogZ: 0.194 logZ: -29.633 +/- 0.149 logLmax: -4.18
08-04 09:51 nessai INFO    : Stopping with difference_log_evidence=0.100
08-04 09:51 nessai INFO    : Finalising
08-04 09:51 nessai INFO    : Final ln-evidence: -29.555 +/- 0.150
08-04 09:51 nessai INFO    : Information: 22.41
08-04 09:51 nessai INFO    : Final KS test: D=0.01267, p-value=0.0001368
08-04 09:51 nessai WARNING : Final p-value for the insertion indices is less than 0.05, this could be an indication of problems during sampling. Consider checking the diagnostic plots.
08-04 09:51 nessai INFO    : Checkpointing nested sampling
08-04 09:51 nessai INFO    : Total sampling time: 0:01:52.617592
08-04 09:51 nessai INFO    : Total training time: 0:00:36.728454
08-04 09:51 nessai INFO    : Total population time: 0:00:40.479130
08-04 09:51 nessai INFO    : Total likelihood evaluations: 623451
08-04 09:51 nessai INFO    : Time spent evaluating likelihood: 0:00:09.983887
08-04 09:51 nessai INFO    : Total sampling time: 0:01:52.617592
08-04 09:51 nessai INFO    : Total likelihood evaluations: 623451
08-04 09:51 nessai INFO    : Starting post processing
08-04 09:51 nessai INFO    : Computing posterior samples
08-04 09:51 nessai INFO    : Effective sample size: 5610.6
08-04 09:51 nessai INFO    : Producing posterior samples using rejection sampling
08-04 09:51 nessai INFO    : Expect 3849.9985181361976 samples from rejection sampling
08-04 09:51 nessai INFO    : Returned 3893 posterior samples
08-04 09:51 nessai INFO    : Starting to close worker pool.
08-04 09:51 nessai INFO    : Finished closing worker pool.
