/data/wiay/postgrads/shashwat/qunat_com_future/lib/python3.11/site-packages/nessai/utils/logging.py:133: FutureWarning: setup_logger is deprecated, use configure_logger instead
  warnings.warn(
08-04 15:28 nessai INFO    : Running Nessai version 0.15.2
08-04 15:28 nessai INFO    : Starting multiprocessing pool with 4 processes
08-04 15:28 nessai INFO    : Initialising nested sampler
08-04 15:28 nessai WARNING : Multiprocessing pool has already been configured.
/data/wiay/postgrads/shashwat/qunat_com_future/lib/python3.11/site-packages/nessai/gw/__init__.py:12: FutureWarning: The `nessai.gw` module will be deprecated in the next release in favour of the nessai-gw package. This packages provides the same functionality as`nessai.gw` via the plugin interface.For more details, see: https://github.com/mj-will/nessai-gw
  warnings.warn(
08-04 15:28 nessai INFO    : Passing kwargs to FlowProposal: {'poolsize': 1000}
08-04 15:28 nessai INFO    : No reparameterisations provided, using default reparameterisations included in FlowProposal
08-04 15:28 nessai INFO    : Adding reparameterisations from: {}
08-04 15:28 nessai INFO    : Assuming fallback reparameterisation (ScaleAndShift) for ['kappa', 'mu_xi', 'sigma_chi', 'sigma_xi', 'rho', 'lambda_chi', 'chi0', 'xi0'] with kwargs: {'estimate_scale': True, 'estimate_shift': True, 'prior_bounds': {'kappa': array([0.1, 5. ]), 'mu_xi': array([0. , 0.1]), 'sigma_chi': array([0.05, 0.6 ]), 'sigma_xi': array([0.05, 0.4 ]), 'rho': array([-0.9,  0.9]), 'lambda_chi': array([-0.5,  0.5]), 'chi0': array([-0.5,  0.5]), 'xi0': array([2.5, 5. ])}}.
08-04 15:28 nessai INFO    : x space parameters: ['kappa', 'mu_xi', 'sigma_chi', 'sigma_xi', 'rho', 'lambda_chi', 'chi0', 'xi0']
08-04 15:28 nessai INFO    : x prime space parameters: ['kappa_prime', 'mu_xi_prime', 'sigma_chi_prime', 'sigma_xi_prime', 'rho_prime', 'lambda_chi_prime', 'chi0_prime', 'xi0_prime']
08-04 15:28 nessai INFO    : Overwriting fuzz factor with expansion fraction
08-04 15:28 nessai INFO    : New fuzz factor: 1.2228445449938519
08-04 15:28 nessai INFO    : Verifying rescaling functions
08-04 15:28 nessai INFO    : Rescaling functions are invertible
08-04 15:28 nessai INFO    : Populating initial live points
08-04 15:28 nessai INFO    : Populated 100 / 1000 live points
08-04 15:28 nessai INFO    : Populated 200 / 1000 live points
08-04 15:28 nessai INFO    : Populated 300 / 1000 live points
08-04 15:28 nessai INFO    : Populated 400 / 1000 live points
08-04 15:28 nessai INFO    : Populated 500 / 1000 live points
08-04 15:28 nessai INFO    : Populated 600 / 1000 live points
08-04 15:28 nessai INFO    : Populated 700 / 1000 live points
08-04 15:28 nessai INFO    : Populated 800 / 1000 live points
08-04 15:28 nessai INFO    : Populated 900 / 1000 live points
08-04 15:28 nessai INFO    : Populated 1000 / 1000 live points
08-04 15:28 nessai INFO    : Starting nested sampling loop
08-04 15:28 nessai INFO    : it:  1000: Rolling KS test: D=0.024, p-value=0.311
08-04 15:28 nessai INFO    : it:  1000: n eval: 3000 H: 7.91 dlogZ: 25508354.701 logZ: -25580812.684 +/- 0.089 logLmax: -72456.98
08-04 15:28 nessai INFO    : it:  2000: Rolling KS test: D=0.019, p-value=0.4797
08-04 15:28 nessai INFO    : it:  2000: n eval: 7000 H: 8.91 dlogZ: 11171123.637 logZ: -11243582.619 +/- 0.094 logLmax: -72456.98
08-04 15:28 nessai INFO    : Switching to FlowProposal
08-04 15:28 nessai INFO    : it:  3000: Rolling KS test: D=0.023, p-value=0.3419
08-04 15:28 nessai INFO    : it:  3000: n eval: 11041 H: 9.91 dlogZ: 5296329.254 logZ: -5368789.237 +/- 0.100 logLmax: -72456.98
08-04 15:28 nessai INFO    : it:  4000: Rolling KS test: D=0.022, p-value=0.3744
08-04 15:28 nessai INFO    : it:  4000: n eval: 14783 H: 10.91 dlogZ: 2637250.197 logZ: -2653980.459 +/- 0.104 logLmax: -16726.26
08-04 15:28 nessai INFO    : it:  5000: Rolling KS test: D=0.026, p-value=0.2543
08-04 15:28 nessai INFO    : it:  5000: n eval: 18790 H: 11.91 dlogZ: 1227529.195 logZ: -1231575.527 +/- 0.109 logLmax: -4041.33
08-04 15:28 nessai INFO    : it:  6000: Rolling KS test: D=0.009, p-value=0.8454
08-04 15:28 nessai INFO    : it:  6000: n eval: 23109 H: 12.91 dlogZ: 608646.984 logZ: -612694.316 +/- 0.114 logLmax: -4041.33
08-04 15:28 nessai INFO    : it:  7000: Rolling KS test: D=0.02, p-value=0.4434
08-04 15:28 nessai INFO    : it:  7000: n eval: 25110 H: 13.91 dlogZ: 307426.634 logZ: -311474.966 +/- 0.118 logLmax: -4041.33
08-04 15:28 nessai INFO    : it:  8000: Rolling KS test: D=0.045, p-value=0.01689
08-04 15:28 nessai INFO    : it:  8000: n eval: 29195 H: 14.91 dlogZ: 159140.651 logZ: -160334.965 +/- 0.122 logLmax: -1186.31
08-04 15:28 nessai INFO    : it:  9000: Rolling KS test: D=0.005, p-value=0.9481
08-04 15:28 nessai INFO    : it:  9000: n eval: 33419 H: 15.91 dlogZ: 82449.404 logZ: -83644.718 +/- 0.126 logLmax: -1186.31
08-04 15:28 nessai INFO    : it: 10000: Rolling KS test: D=0.014, p-value=0.6695
08-04 15:28 nessai INFO    : it: 10000: n eval: 37603 H: 16.91 dlogZ: 43132.106 logZ: -44328.420 +/- 0.130 logLmax: -1186.31
08-04 15:28 nessai INFO    : it: 11000: Rolling KS test: D=0.013, p-value=0.7071
08-04 15:28 nessai INFO    : it: 11000: n eval: 41705 H: 17.58 dlogZ: 22156.239 logZ: -23353.552 +/- 0.133 logLmax: -1186.31
08-04 15:28 nessai INFO    : it: 12000: Rolling KS test: D=0.034, p-value=0.09683
08-04 15:28 nessai INFO    : it: 12000: n eval: 44051 H: 17.97 dlogZ: 12245.480 logZ: -12739.135 +/- 0.134 logLmax: -481.66
08-04 15:28 nessai INFO    : it: 13000: Rolling KS test: D=0.027, p-value=0.2286
08-04 15:28 nessai INFO    : it: 13000: n eval: 50918 H: 18.80 dlogZ: 7048.596 logZ: -7147.017 +/- 0.137 logLmax: -85.42
08-04 15:28 nessai INFO    : it: 14000: Rolling KS test: D=0.012, p-value=0.7438
08-04 15:28 nessai INFO    : it: 14000: n eval: 56226 H: 20.20 dlogZ: 4154.052 logZ: -4253.473 +/- 0.142 logLmax: -85.42
08-04 15:28 nessai INFO    : it: 15000: Rolling KS test: D=0.01, p-value=0.8133
08-04 15:28 nessai INFO    : it: 15000: n eval: 61636 H: 21.19 dlogZ: 2451.613 logZ: -2552.034 +/- 0.146 logLmax: -85.42
08-04 15:28 nessai INFO    : it: 16000: Rolling KS test: D=0.009, p-value=0.8454
08-04 15:28 nessai INFO    : it: 16000: n eval: 67242 H: 21.16 dlogZ: 1496.386 logZ: -1597.807 +/- 0.145 logLmax: -85.42
08-04 15:28 nessai INFO    : it: 17000: Rolling KS test: D=0.013, p-value=0.7071
08-04 15:28 nessai INFO    : it: 17000: n eval: 72509 H: 22.28 dlogZ: 915.682 logZ: -988.222 +/- 0.149 logLmax: -55.54
08-04 15:28 nessai INFO    : it: 18000: Rolling KS test: D=0.007, p-value=0.9024
08-04 15:28 nessai INFO    : it: 18000: n eval: 78497 H: 22.79 dlogZ: 580.625 logZ: -639.479 +/- 0.151 logLmax: -40.86
08-04 15:28 nessai INFO    : it: 19000: Rolling KS test: D=0.045, p-value=0.01689
08-04 15:28 nessai INFO    : it: 19000: n eval: 87559 H: 22.74 dlogZ: 358.061 logZ: -402.875 +/- 0.151 logLmax: -25.81
08-04 15:28 nessai INFO    : it: 20000: Rolling KS test: D=0.025, p-value=0.2818
08-04 15:28 nessai INFO    : it: 20000: n eval: 93688 H: 23.51 dlogZ: 218.711 logZ: -255.238 +/- 0.153 logLmax: -16.53
08-04 15:28 nessai INFO    : it: 21000: Rolling KS test: D=0.016, p-value=0.593
08-04 15:28 nessai INFO    : it: 21000: n eval: 104192 H: 23.84 dlogZ: 142.934 logZ: -172.527 +/- 0.154 logLmax: -8.59
08-04 15:28 nessai INFO    : it: 22000: Rolling KS test: D=0.04, p-value=0.03967
08-04 15:28 nessai INFO    : it: 22000: n eval: 112139 H: 24.61 dlogZ: 90.945 logZ: -118.532 +/- 0.157 logLmax: -5.59
08-04 15:28 nessai INFO    : it: 23000: Rolling KS test: D=0.019, p-value=0.4797
08-04 15:28 nessai INFO    : it: 23000: n eval: 123633 H: 25.16 dlogZ: 62.926 logZ: -87.926 +/- 0.159 logLmax: -2.00
08-04 15:28 nessai INFO    : it: 24000: Rolling KS test: D=0.019, p-value=0.4797
08-04 15:28 nessai INFO    : it: 24000: n eval: 138943 H: 25.65 dlogZ: 42.720 logZ: -68.720 +/- 0.160 logLmax: -2.00
08-04 15:29 nessai INFO    : it: 25000: Rolling KS test: D=0.047, p-value=0.01167
08-04 15:29 nessai INFO    : it: 25000: n eval: 153410 H: 26.23 dlogZ: 29.286 logZ: -56.286 +/- 0.162 logLmax: -2.00
08-04 15:29 nessai INFO    : it: 26000: Rolling KS test: D=0.025, p-value=0.2818
08-04 15:29 nessai INFO    : it: 26000: n eval: 168379 H: 26.84 dlogZ: 19.958 logZ: -47.958 +/- 0.164 logLmax: -2.00
08-04 15:29 nessai INFO    : it: 27000: Rolling KS test: D=0.024, p-value=0.311
08-04 15:29 nessai INFO    : it: 27000: n eval: 186209 H: 27.29 dlogZ: 13.721 logZ: -42.720 +/- 0.165 logLmax: -2.00
08-04 15:29 nessai INFO    : it: 28000: Rolling KS test: D=0.01, p-value=0.8133
08-04 15:29 nessai INFO    : it: 28000: n eval: 218056 H: 27.77 dlogZ: 9.483 logZ: -39.443 +/- 0.167 logLmax: -1.96
08-04 15:29 nessai INFO    : it: 29000: Rolling KS test: D=0.029, p-value=0.1825
08-04 15:29 nessai INFO    : it: 29000: n eval: 242804 H: 28.23 dlogZ: 6.759 logZ: -37.331 +/- 0.168 logLmax: -1.57
08-04 15:29 nessai INFO    : it: 30000: Rolling KS test: D=0.031, p-value=0.1433
08-04 15:29 nessai INFO    : it: 30000: n eval: 265371 H: 28.64 dlogZ: 4.462 logZ: -36.024 +/- 0.169 logLmax: -1.57
08-04 15:29 nessai INFO    : it: 31000: Rolling KS test: D=0.041, p-value=0.03371
08-04 15:29 nessai INFO    : it: 31000: n eval: 290501 H: 29.01 dlogZ: 2.927 logZ: -35.214 +/- 0.170 logLmax: -1.34
08-04 15:29 nessai INFO    : it: 32000: Rolling KS test: D=0.045, p-value=0.01689
08-04 15:29 nessai INFO    : it: 32000: n eval: 323681 H: 29.30 dlogZ: 1.757 logZ: -34.726 +/- 0.171 logLmax: -1.16
08-04 15:29 nessai INFO    : it: 33000: Rolling KS test: D=0.023, p-value=0.3419
08-04 15:29 nessai INFO    : it: 33000: n eval: 355084 H: 29.53 dlogZ: 0.845 logZ: -34.442 +/- 0.172 logLmax: -1.16
08-04 15:29 nessai INFO    : it: 34000: Rolling KS test: D=0.031, p-value=0.1433
08-04 15:29 nessai INFO    : it: 34000: n eval: 395057 H: 29.69 dlogZ: 0.430 logZ: -34.281 +/- 0.172 logLmax: -0.90
08-04 15:29 nessai INFO    : it: 35000: Rolling KS test: D=0.035, p-value=0.08429
08-04 15:29 nessai INFO    : it: 35000: n eval: 443135 H: 29.80 dlogZ: 0.170 logZ: -34.194 +/- 0.173 logLmax: -0.88
08-04 15:29 nessai INFO    : Stopping with difference_log_evidence=0.100
08-04 15:29 nessai INFO    : Finalising
08-04 15:29 nessai INFO    : Final ln-evidence: -34.116 +/- 0.173
08-04 15:29 nessai INFO    : Information: 29.93
08-04 15:29 nessai INFO    : Final KS test: D=0.007838, p-value=0.01263
08-04 15:29 nessai WARNING : Final p-value for the insertion indices is less than 0.05, this could be an indication of problems during sampling. Consider checking the diagnostic plots.
08-04 15:29 nessai INFO    : Checkpointing nested sampling
08-04 15:29 nessai INFO    : Total sampling time: 0:01:56.141865
08-04 15:29 nessai INFO    : Total training time: 0:00:36.711533
08-04 15:29 nessai INFO    : Total population time: 0:00:31.514559
08-04 15:29 nessai INFO    : Total likelihood evaluations: 471291
08-04 15:29 nessai INFO    : Time spent evaluating likelihood: 0:00:09.203978
08-04 15:29 nessai INFO    : Total sampling time: 0:01:56.141865
08-04 15:29 nessai INFO    : Total likelihood evaluations: 471291
08-04 15:29 nessai INFO    : Starting post processing
08-04 15:29 nessai INFO    : Computing posterior samples
08-04 15:29 nessai INFO    : Effective sample size: 6646.2
08-04 15:29 nessai INFO    : Producing posterior samples using rejection sampling
08-04 15:29 nessai INFO    : Expect 4582.116098105718 samples from rejection sampling
08-04 15:29 nessai INFO    : Returned 4515 posterior samples
08-04 15:30 nessai INFO    : Starting to close worker pool.
08-04 15:30 nessai INFO    : Finished closing worker pool.
