/data/wiay/postgrads/shashwat/qunat_com_future/lib/python3.11/site-packages/nessai/utils/logging.py:133: FutureWarning: setup_logger is deprecated, use configure_logger instead
  warnings.warn(
08-04 10:12 nessai INFO    : Running Nessai version 0.15.2
08-04 10:12 nessai INFO    : Starting multiprocessing pool with 4 processes
08-04 10:12 nessai INFO    : Initialising nested sampler
08-04 10:12 nessai WARNING : Multiprocessing pool has already been configured.
/data/wiay/postgrads/shashwat/qunat_com_future/lib/python3.11/site-packages/nessai/gw/__init__.py:12: FutureWarning: The `nessai.gw` module will be deprecated in the next release in favour of the nessai-gw package. This packages provides the same functionality as`nessai.gw` via the plugin interface.For more details, see: https://github.com/mj-will/nessai-gw
  warnings.warn(
08-04 10:12 nessai INFO    : Passing kwargs to FlowProposal: {'poolsize': 1000}
08-04 10:12 nessai INFO    : No reparameterisations provided, using default reparameterisations included in FlowProposal
08-04 10:12 nessai INFO    : Adding reparameterisations from: {}
08-04 10:12 nessai INFO    : Assuming fallback reparameterisation (ScaleAndShift) for ['kappa', 'mu_xi', 'sigma_chi', 'sigma_xi', 'rho', 'lambda_chi', 'chi0', 'xi0'] with kwargs: {'estimate_scale': True, 'estimate_shift': True, 'prior_bounds': {'kappa': array([0.1, 5. ]), 'mu_xi': array([0. , 0.1]), 'sigma_chi': array([0.05, 0.6 ]), 'sigma_xi': array([0.05, 0.4 ]), 'rho': array([-0.9,  0.9]), 'lambda_chi': array([-0.5,  0.5]), 'chi0': array([-0.5,  0.5]), 'xi0': array([2.5, 5. ])}}.
08-04 10:12 nessai INFO    : x space parameters: ['kappa', 'mu_xi', 'sigma_chi', 'sigma_xi', 'rho', 'lambda_chi', 'chi0', 'xi0']
08-04 10:12 nessai INFO    : x prime space parameters: ['kappa_prime', 'mu_xi_prime', 'sigma_chi_prime', 'sigma_xi_prime', 'rho_prime', 'lambda_chi_prime', 'chi0_prime', 'xi0_prime']
08-04 10:12 nessai INFO    : Overwriting fuzz factor with expansion fraction
08-04 10:12 nessai INFO    : New fuzz factor: 1.2228445449938519
08-04 10:12 nessai INFO    : Verifying rescaling functions
08-04 10:12 nessai INFO    : Rescaling functions are invertible
08-04 10:12 nessai INFO    : Populating initial live points
08-04 10:12 nessai INFO    : Populated 100 / 1000 live points
08-04 10:12 nessai INFO    : Populated 200 / 1000 live points
08-04 10:12 nessai INFO    : Populated 300 / 1000 live points
08-04 10:12 nessai INFO    : Populated 400 / 1000 live points
08-04 10:12 nessai INFO    : Populated 500 / 1000 live points
08-04 10:12 nessai INFO    : Populated 600 / 1000 live points
08-04 10:12 nessai INFO    : Populated 700 / 1000 live points
08-04 10:12 nessai INFO    : Populated 800 / 1000 live points
08-04 10:12 nessai INFO    : Populated 900 / 1000 live points
08-04 10:12 nessai INFO    : Populated 1000 / 1000 live points
08-04 10:12 nessai INFO    : Starting nested sampling loop
08-04 10:12 nessai INFO    : it:  1000: Rolling KS test: D=0.022, p-value=0.3744
08-04 10:12 nessai INFO    : it:  1000: n eval: 3000 H: 7.91 dlogZ: 71236288.922 logZ: -71612818.005 +/- 0.089 logLmax: -376528.08
08-04 10:12 nessai INFO    : it:  2000: Rolling KS test: D=0.032, p-value=0.1263
08-04 10:12 nessai INFO    : it:  2000: n eval: 8000 H: 8.91 dlogZ: 27330391.174 logZ: -27578582.078 +/- 0.094 logLmax: -248188.91
08-04 10:12 nessai INFO    : Switching to FlowProposal
08-04 10:12 nessai INFO    : it:  3000: Rolling KS test: D=0.002, p-value=0.9907
08-04 10:12 nessai INFO    : it:  3000: n eval: 11901 H: 9.91 dlogZ: 12743407.967 logZ: -12963528.592 +/- 0.100 logLmax: -220117.63
08-04 10:12 nessai INFO    : it:  4000: Rolling KS test: D=0.025, p-value=0.2818
08-04 10:12 nessai INFO    : it:  4000: n eval: 13466 H: 10.91 dlogZ: 6055858.999 logZ: -6075855.645 +/- 0.104 logLmax: -19992.65
08-04 10:12 nessai INFO    : it:  5000: Rolling KS test: D=0.014, p-value=0.6695
08-04 10:12 nessai INFO    : it:  5000: n eval: 17017 H: 11.91 dlogZ: 2803503.986 logZ: -2823501.633 +/- 0.109 logLmax: -19992.65
08-04 10:12 nessai INFO    : it:  6000: Rolling KS test: D=0.017, p-value=0.5547
08-04 10:12 nessai INFO    : it:  6000: n eval: 20915 H: 12.91 dlogZ: 1326095.075 logZ: -1346093.722 +/- 0.114 logLmax: -19992.65
08-04 10:12 nessai INFO    : it:  7000: Rolling KS test: D=0.016, p-value=0.593
08-04 10:12 nessai INFO    : it:  7000: n eval: 25018 H: 13.91 dlogZ: 683962.465 logZ: -686648.646 +/- 0.118 logLmax: -2679.18
08-04 10:12 nessai INFO    : it:  8000: Rolling KS test: D=0.023, p-value=0.3419
08-04 10:12 nessai INFO    : it:  8000: n eval: 27142 H: 14.91 dlogZ: 349675.607 logZ: -352362.788 +/- 0.122 logLmax: -2679.18
08-04 10:12 nessai INFO    : it:  9000: Rolling KS test: D=0.045, p-value=0.01689
08-04 10:12 nessai INFO    : it:  9000: n eval: 31091 H: 15.91 dlogZ: 190208.548 logZ: -192896.730 +/- 0.126 logLmax: -2679.18
08-04 10:12 nessai INFO    : it: 10000: Rolling KS test: D=0.025, p-value=0.2818
08-04 10:12 nessai INFO    : it: 10000: n eval: 35581 H: 16.91 dlogZ: 116697.920 logZ: -119387.101 +/- 0.130 logLmax: -2679.18
08-04 10:12 nessai INFO    : it: 11000: Rolling KS test: D=0.023, p-value=0.3419
08-04 10:12 nessai INFO    : it: 11000: n eval: 39915 H: 17.91 dlogZ: 76584.614 logZ: -79274.796 +/- 0.134 logLmax: -2679.18
08-04 10:12 nessai INFO    : it: 12000: Rolling KS test: D=0.017, p-value=0.5547
08-04 10:12 nessai INFO    : it: 12000: n eval: 44599 H: 18.91 dlogZ: 48848.140 logZ: -50942.833 +/- 0.138 logLmax: -2082.69
08-04 10:12 nessai INFO    : it: 13000: Rolling KS test: D=0.014, p-value=0.6695
08-04 10:12 nessai INFO    : it: 13000: n eval: 49860 H: 19.91 dlogZ: 31039.826 logZ: -32340.338 +/- 0.141 logLmax: -1287.51
08-04 10:12 nessai INFO    : it: 14000: Rolling KS test: D=0.029, p-value=0.1825
08-04 10:12 nessai INFO    : it: 14000: n eval: 58187 H: 20.91 dlogZ: 19226.566 logZ: -19970.791 +/- 0.145 logLmax: -730.23
08-04 10:12 nessai INFO    : it: 15000: Rolling KS test: D=0.042, p-value=0.02854
08-04 10:12 nessai INFO    : it: 15000: n eval: 63395 H: 21.91 dlogZ: 11973.524 logZ: -12391.320 +/- 0.148 logLmax: -402.80
08-04 10:13 nessai INFO    : it: 16000: Rolling KS test: D=0.026, p-value=0.2543
08-04 10:13 nessai INFO    : it: 16000: n eval: 68509 H: 21.86 dlogZ: 7258.157 logZ: -7603.848 +/- 0.148 logLmax: -329.69
08-04 10:13 nessai INFO    : it: 17000: Rolling KS test: D=0.047, p-value=0.01167
08-04 10:13 nessai INFO    : it: 17000: n eval: 74249 H: 23.43 dlogZ: 4419.883 logZ: -4579.750 +/- 0.153 logLmax: -142.87
08-04 10:13 nessai INFO    : it: 18000: Rolling KS test: D=0.018, p-value=0.5169
08-04 10:13 nessai INFO    : it: 18000: n eval: 80565 H: 23.79 dlogZ: 2633.271 logZ: -2794.138 +/- 0.154 logLmax: -142.87
08-04 10:13 nessai INFO    : it: 19000: Rolling KS test: D=0.028, p-value=0.2046
08-04 10:13 nessai INFO    : it: 19000: n eval: 90898 H: 24.76 dlogZ: 1527.066 logZ: -1688.932 +/- 0.157 logLmax: -142.87
08-04 10:13 nessai INFO    : it: 20000: Rolling KS test: D=0.027, p-value=0.2286
08-04 10:13 nessai INFO    : it: 20000: n eval: 97782 H: 24.80 dlogZ: 993.779 logZ: -1095.964 +/- 0.157 logLmax: -82.19
08-04 10:13 nessai INFO    : it: 21000: Rolling KS test: D=0.009, p-value=0.8454
08-04 10:13 nessai INFO    : it: 21000: n eval: 108350 H: 25.70 dlogZ: 615.756 logZ: -712.638 +/- 0.160 logLmax: -75.88
08-04 10:13 nessai INFO    : it: 22000: Rolling KS test: D=0.017, p-value=0.5547
08-04 10:13 nessai INFO    : it: 22000: n eval: 122018 H: 26.39 dlogZ: 428.205 logZ: -476.945 +/- 0.162 logLmax: -26.74
08-04 10:13 nessai INFO    : it: 23000: Rolling KS test: D=0.035, p-value=0.08429
08-04 10:13 nessai INFO    : it: 23000: n eval: 131838 H: 26.81 dlogZ: 277.687 logZ: -327.427 +/- 0.164 logLmax: -26.74
08-04 10:13 nessai INFO    : it: 24000: Rolling KS test: D=0.027, p-value=0.2286
08-04 10:13 nessai INFO    : it: 24000: n eval: 145891 H: 27.23 dlogZ: 181.126 logZ: -228.663 +/- 0.165 logLmax: -23.54
08-04 10:13 nessai INFO    : it: 25000: Rolling KS test: D=0.015, p-value=0.6313
08-04 10:13 nessai INFO    : it: 25000: n eval: 159663 H: 27.89 dlogZ: 114.914 logZ: -163.452 +/- 0.167 logLmax: -23.54
08-04 10:13 nessai INFO    : it: 26000: Rolling KS test: D=0.029, p-value=0.1825
08-04 10:13 nessai INFO    : it: 26000: n eval: 183403 H: 28.47 dlogZ: 80.197 logZ: -121.187 +/- 0.169 logLmax: -14.99
08-04 10:13 nessai INFO    : it: 27000: Rolling KS test: D=0.038, p-value=0.05428
08-04 10:13 nessai INFO    : it: 27000: n eval: 205145 H: 28.83 dlogZ: 55.133 logZ: -95.105 +/- 0.170 logLmax: -12.97
08-04 10:13 nessai INFO    : it: 28000: Rolling KS test: D=0.022, p-value=0.3744
08-04 10:13 nessai INFO    : it: 28000: n eval: 241025 H: 29.49 dlogZ: 37.623 logZ: -78.595 +/- 0.172 logLmax: -12.97
08-04 10:13 nessai INFO    : it: 29000: Rolling KS test: D=0.035, p-value=0.08429
08-04 10:13 nessai INFO    : it: 29000: n eval: 279960 H: 30.08 dlogZ: 29.396 logZ: -67.910 +/- 0.173 logLmax: -9.51
08-04 10:13 nessai INFO    : it: 30000: Rolling KS test: D=0.012, p-value=0.7438
08-04 10:13 nessai INFO    : it: 30000: n eval: 327888 H: 30.69 dlogZ: 23.898 logZ: -60.570 +/- 0.175 logLmax: -6.67
08-04 10:13 nessai INFO    : it: 31000: Rolling KS test: D=0.015, p-value=0.6313
08-04 10:13 nessai INFO    : it: 31000: n eval: 377888 H: 31.24 dlogZ: 18.537 logZ: -55.549 +/- 0.177 logLmax: -6.01
08-04 10:14 nessai INFO    : it: 32000: Rolling KS test: D=0.015, p-value=0.6313
08-04 10:14 nessai INFO    : it: 32000: n eval: 457888 H: 31.85 dlogZ: 14.130 logZ: -52.142 +/- 0.178 logLmax: -6.01
08-04 10:14 nessai INFO    : it: 33000: Rolling KS test: D=0.02, p-value=0.4434
08-04 10:14 nessai INFO    : it: 33000: n eval: 547888 H: 32.45 dlogZ: 10.735 logZ: -49.691 +/- 0.180 logLmax: -5.96
08-04 10:14 nessai INFO    : it: 34000: Rolling KS test: D=0.015, p-value=0.6313
08-04 10:14 nessai INFO    : it: 34000: n eval: 617888 H: 33.06 dlogZ: 9.397 logZ: -47.869 +/- 0.182 logLmax: -4.47
08-04 10:14 nessai INFO    : it: 35000: Rolling KS test: D=0.027, p-value=0.2286
08-04 10:14 nessai INFO    : it: 35000: n eval: 707888 H: 33.69 dlogZ: 7.004 logZ: -46.475 +/- 0.184 logLmax: -4.47
08-04 10:14 nessai INFO    : it: 36000: Rolling KS test: D=0.021, p-value=0.4082
08-04 10:14 nessai INFO    : it: 36000: n eval: 757138 H: 34.23 dlogZ: 4.995 logZ: -45.460 +/- 0.185 logLmax: -4.47
08-04 10:14 nessai INFO    : it: 37000: Rolling KS test: D=0.035, p-value=0.08429
08-04 10:14 nessai INFO    : it: 37000: n eval: 794514 H: 34.66 dlogZ: 3.350 logZ: -44.786 +/- 0.186 logLmax: -4.47
08-04 10:14 nessai INFO    : it: 38000: Rolling KS test: D=0.007, p-value=0.9024
08-04 10:14 nessai INFO    : it: 38000: n eval: 817763 H: 35.05 dlogZ: 2.051 logZ: -44.329 +/- 0.187 logLmax: -4.42
08-04 10:15 nessai INFO    : it: 39000: Rolling KS test: D=0.03, p-value=0.162
08-04 10:15 nessai INFO    : it: 39000: n eval: 839257 H: 35.36 dlogZ: 1.173 logZ: -44.034 +/- 0.188 logLmax: -4.23
08-04 10:15 nessai INFO    : it: 40000: Rolling KS test: D=0.014, p-value=0.6695
08-04 10:15 nessai INFO    : it: 40000: n eval: 854688 H: 35.59 dlogZ: 0.562 logZ: -43.856 +/- 0.189 logLmax: -4.14
08-04 10:15 nessai INFO    : it: 41000: Rolling KS test: D=0.026, p-value=0.2543
08-04 10:15 nessai INFO    : it: 41000: n eval: 864536 H: 35.74 dlogZ: 0.255 logZ: -43.754 +/- 0.189 logLmax: -3.99
08-04 10:15 nessai INFO    : it: 42000: Rolling KS test: D=0.041, p-value=0.03371
08-04 10:15 nessai INFO    : it: 42000: n eval: 879607 H: 35.83 dlogZ: 0.104 logZ: -43.700 +/- 0.189 logLmax: -3.92
08-04 10:15 nessai INFO    : Stopping with difference_log_evidence=0.100
08-04 10:15 nessai INFO    : Finalising
08-04 10:15 nessai INFO    : Final ln-evidence: -43.652 +/- 0.190
08-04 10:15 nessai INFO    : Information: 35.94
08-04 10:15 nessai INFO    : Final KS test: D=0.009085, p-value=0.000963
08-04 10:15 nessai WARNING : Final p-value for the insertion indices is less than 0.05, this could be an indication of problems during sampling. Consider checking the diagnostic plots.
08-04 10:15 nessai INFO    : Checkpointing nested sampling
08-04 10:15 nessai INFO    : Total sampling time: 0:02:43.751853
08-04 10:15 nessai INFO    : Total training time: 0:00:51.770786
08-04 10:15 nessai INFO    : Total population time: 0:00:55.742903
08-04 10:15 nessai INFO    : Total likelihood evaluations: 879607
08-04 10:15 nessai INFO    : Time spent evaluating likelihood: 0:00:14.231402
08-04 10:15 nessai INFO    : Total sampling time: 0:02:43.751853
08-04 10:15 nessai INFO    : Total likelihood evaluations: 879607
08-04 10:15 nessai INFO    : Starting post processing
08-04 10:15 nessai INFO    : Computing posterior samples
08-04 10:15 nessai INFO    : Effective sample size: 7447.8
08-04 10:15 nessai INFO    : Producing posterior samples using rejection sampling
08-04 10:15 nessai INFO    : Expect 5251.781937827523 samples from rejection sampling
08-04 10:15 nessai INFO    : Returned 5210 posterior samples
08-04 10:15 nessai INFO    : Starting to close worker pool.
08-04 10:15 nessai INFO    : Finished closing worker pool.
