/data/wiay/postgrads/shashwat/qunat_com_future/lib/python3.11/site-packages/nessai/utils/logging.py:133: FutureWarning: setup_logger is deprecated, use configure_logger instead
  warnings.warn(
08-04 09:51 nessai INFO    : Running Nessai version 0.15.2
08-04 09:51 nessai INFO    : Starting multiprocessing pool with 4 processes
08-04 09:51 nessai INFO    : Initialising nested sampler
08-04 09:51 nessai WARNING : Multiprocessing pool has already been configured.
/data/wiay/postgrads/shashwat/qunat_com_future/lib/python3.11/site-packages/nessai/gw/__init__.py:12: FutureWarning: The `nessai.gw` module will be deprecated in the next release in favour of the nessai-gw package. This packages provides the same functionality as`nessai.gw` via the plugin interface.For more details, see: https://github.com/mj-will/nessai-gw
  warnings.warn(
08-04 09:51 nessai INFO    : Passing kwargs to FlowProposal: {'poolsize': 1000}
08-04 09:51 nessai INFO    : No reparameterisations provided, using default reparameterisations included in FlowProposal
08-04 09:51 nessai INFO    : Adding reparameterisations from: {}
08-04 09:51 nessai INFO    : Assuming fallback reparameterisation (ScaleAndShift) for ['kappa', 'mu_xi', 'sigma_chi', 'sigma_xi', 'rho', 'lambda_chi', 'chi0', 'xi0'] with kwargs: {'estimate_scale': True, 'estimate_shift': True, 'prior_bounds': {'kappa': array([0.1, 5. ]), 'mu_xi': array([0. , 0.1]), 'sigma_chi': array([0.05, 0.6 ]), 'sigma_xi': array([0.05, 0.4 ]), 'rho': array([-0.9,  0.9]), 'lambda_chi': array([-0.5,  0.5]), 'chi0': array([-0.5,  0.5]), 'xi0': array([2.5, 5. ])}}.
08-04 09:51 nessai INFO    : x space parameters: ['kappa', 'mu_xi', 'sigma_chi', 'sigma_xi', 'rho', 'lambda_chi', 'chi0', 'xi0']
08-04 09:51 nessai INFO    : x prime space parameters: ['kappa_prime', 'mu_xi_prime', 'sigma_chi_prime', 'sigma_xi_prime', 'rho_prime', 'lambda_chi_prime', 'chi0_prime', 'xi0_prime']
08-04 09:51 nessai INFO    : Overwriting fuzz factor with expansion fraction
08-04 09:51 nessai INFO    : New fuzz factor: 1.2228445449938519
08-04 09:51 nessai INFO    : Verifying rescaling functions
08-04 09:51 nessai INFO    : Rescaling functions are invertible
08-04 09:51 nessai INFO    : Populating initial live points
08-04 09:51 nessai INFO    : Populated 100 / 1000 live points
08-04 09:51 nessai INFO    : Populated 200 / 1000 live points
08-04 09:51 nessai INFO    : Populated 300 / 1000 live points
08-04 09:51 nessai INFO    : Populated 400 / 1000 live points
08-04 09:51 nessai INFO    : Populated 500 / 1000 live points
08-04 09:51 nessai INFO    : Populated 600 / 1000 live points
08-04 09:51 nessai INFO    : Populated 700 / 1000 live points
08-04 09:51 nessai INFO    : Populated 800 / 1000 live points
08-04 09:51 nessai INFO    : Populated 900 / 1000 live points
08-04 09:51 nessai INFO    : Populated 1000 / 1000 live points
08-04 09:51 nessai INFO    : Starting nested sampling loop
08-04 09:51 nessai INFO    : it:  1000: Rolling KS test: D=0.008, p-value=0.8752
08-04 09:51 nessai INFO    : it:  1000: n eval: 3000 H: 7.91 dlogZ: 97270478.618 logZ: -97486989.517 +/- 0.089 logLmax: -216509.90
08-04 09:51 nessai INFO    : it:  2000: Rolling KS test: D=0.013, p-value=0.7071
08-04 09:51 nessai INFO    : it:  2000: n eval: 8000 H: 8.91 dlogZ: 20963164.132 logZ: -21040459.778 +/- 0.094 logLmax: -77293.65
08-04 09:51 nessai INFO    : Switching to FlowProposal
08-04 09:51 nessai INFO    : it:  3000: Rolling KS test: D=0.009, p-value=0.8454
08-04 09:51 nessai INFO    : it:  3000: n eval: 12072 H: 9.91 dlogZ: 6922266.316 logZ: -6975452.919 +/- 0.100 logLmax: -53183.60
08-04 09:51 nessai INFO    : it:  4000: Rolling KS test: D=0.022, p-value=0.3744
08-04 09:51 nessai INFO    : it:  4000: n eval: 15752 H: 10.91 dlogZ: 2892083.709 logZ: -2914544.362 +/- 0.104 logLmax: -22456.65
08-04 09:51 nessai INFO    : it:  5000: Rolling KS test: D=0.019, p-value=0.4797
08-04 09:51 nessai INFO    : it:  5000: n eval: 20221 H: 11.91 dlogZ: 1395463.740 logZ: -1411467.124 +/- 0.109 logLmax: -15998.38
08-04 09:51 nessai INFO    : it:  6000: Rolling KS test: D=0.011, p-value=0.7794
08-04 09:51 nessai INFO    : it:  6000: n eval: 24571 H: 12.91 dlogZ: 722865.889 logZ: -733645.460 +/- 0.114 logLmax: -10773.57
08-04 09:51 nessai INFO    : it:  7000: Rolling KS test: D=0.036, p-value=0.07308
08-04 09:51 nessai INFO    : it:  7000: n eval: 29576 H: 13.91 dlogZ: 373410.828 logZ: -376991.575 +/- 0.118 logLmax: -3573.75
08-04 09:51 nessai INFO    : it:  8000: Rolling KS test: D=0.015, p-value=0.6313
08-04 09:51 nessai INFO    : it:  8000: n eval: 34684 H: 14.91 dlogZ: 194152.211 logZ: -197111.040 +/- 0.122 logLmax: -2950.83
08-04 09:51 nessai INFO    : it:  9000: Rolling KS test: D=0.024, p-value=0.311
08-04 09:51 nessai INFO    : it:  9000: n eval: 39383 H: 15.91 dlogZ: 107192.751 logZ: -108637.581 +/- 0.126 logLmax: -1435.83
08-04 09:51 nessai INFO    : it: 10000: Rolling KS test: D=0.004, p-value=0.9659
08-04 09:51 nessai INFO    : it: 10000: n eval: 44069 H: 16.91 dlogZ: 56508.433 logZ: -57954.264 +/- 0.130 logLmax: -1435.83
08-04 09:51 nessai INFO    : it: 11000: Rolling KS test: D=0.026, p-value=0.2543
08-04 09:51 nessai INFO    : it: 11000: n eval: 48668 H: 17.36 dlogZ: 31642.923 logZ: -32420.686 +/- 0.132 logLmax: -766.76
08-04 09:52 nessai INFO    : it: 12000: Rolling KS test: D=0.033, p-value=0.1108
08-04 09:52 nessai INFO    : it: 12000: n eval: 53750 H: 18.89 dlogZ: 17435.266 logZ: -18048.136 +/- 0.137 logLmax: -600.87
08-04 09:52 nessai INFO    : it: 13000: Rolling KS test: D=0.015, p-value=0.6313
08-04 09:52 nessai INFO    : it: 13000: n eval: 63660 H: 19.91 dlogZ: 9646.963 logZ: -9924.871 +/- 0.141 logLmax: -264.91
08-04 09:52 nessai INFO    : it: 14000: Rolling KS test: D=0.006, p-value=0.9268
08-04 09:52 nessai INFO    : it: 14000: n eval: 68016 H: 20.57 dlogZ: 5383.618 logZ: -5445.933 +/- 0.143 logLmax: -48.32
08-04 09:52 nessai INFO    : it: 15000: Rolling KS test: D=0.027, p-value=0.2286
08-04 09:52 nessai INFO    : it: 15000: n eval: 76919 H: 21.28 dlogZ: 3094.901 logZ: -3158.217 +/- 0.146 logLmax: -48.32
08-04 09:52 nessai INFO    : it: 16000: Rolling KS test: D=0.025, p-value=0.2818
08-04 09:52 nessai INFO    : it: 16000: n eval: 84129 H: 21.96 dlogZ: 1778.073 logZ: -1842.389 +/- 0.148 logLmax: -48.32
08-04 09:52 nessai INFO    : it: 17000: Rolling KS test: D=0.033, p-value=0.1108
08-04 09:52 nessai INFO    : it: 17000: n eval: 94644 H: 22.31 dlogZ: 1070.226 logZ: -1135.541 +/- 0.149 logLmax: -48.32
08-04 09:52 nessai INFO    : it: 18000: Rolling KS test: D=0.029, p-value=0.1825
08-04 09:52 nessai INFO    : it: 18000: n eval: 105553 H: 22.94 dlogZ: 614.104 logZ: -678.246 +/- 0.151 logLmax: -46.14
08-04 09:52 nessai INFO    : it: 19000: Rolling KS test: D=0.016, p-value=0.593
08-04 09:52 nessai INFO    : it: 19000: n eval: 119379 H: 23.26 dlogZ: 383.608 logZ: -429.512 +/- 0.153 logLmax: -26.90
08-04 09:52 nessai INFO    : it: 20000: Rolling KS test: D=0.028, p-value=0.2046
08-04 09:52 nessai INFO    : it: 20000: n eval: 137275 H: 23.78 dlogZ: 230.970 logZ: -276.932 +/- 0.154 logLmax: -25.96
08-04 09:52 nessai INFO    : it: 21000: Rolling KS test: D=0.004, p-value=0.9659
08-04 09:52 nessai INFO    : it: 21000: n eval: 159065 H: 24.40 dlogZ: 138.498 logZ: -185.461 +/- 0.156 logLmax: -25.96
08-04 09:52 nessai INFO    : it: 22000: Rolling KS test: D=0.042, p-value=0.02854
08-04 09:52 nessai INFO    : it: 22000: n eval: 204795 H: 24.73 dlogZ: 96.197 logZ: -131.702 +/- 0.157 logLmax: -13.51
08-04 09:52 nessai INFO    : it: 23000: Rolling KS test: D=0.058, p-value=0.001147
08-04 09:52 nessai INFO    : it: 23000: n eval: 254795 H: 25.25 dlogZ: 63.603 logZ: -97.534 +/- 0.159 logLmax: -10.93
08-04 09:52 nessai INFO    : it: 24000: Rolling KS test: D=0.032, p-value=0.1263
08-04 09:52 nessai INFO    : it: 24000: n eval: 314795 H: 25.78 dlogZ: 42.706 logZ: -77.637 +/- 0.161 logLmax: -10.93
08-04 09:52 nessai INFO    : it: 25000: Rolling KS test: D=0.044, p-value=0.0202
08-04 09:52 nessai INFO    : it: 25000: n eval: 384795 H: 26.15 dlogZ: 33.667 logZ: -64.937 +/- 0.162 logLmax: -6.27
08-04 09:53 nessai INFO    : it: 26000: Rolling KS test: D=0.006, p-value=0.9268
08-04 09:53 nessai INFO    : it: 26000: n eval: 494795 H: 26.93 dlogZ: 24.382 logZ: -56.289 +/- 0.164 logLmax: -5.91
08-04 09:53 nessai INFO    : it: 27000: Rolling KS test: D=0.021, p-value=0.4082
08-04 09:53 nessai INFO    : it: 27000: n eval: 614795 H: 27.49 dlogZ: 19.173 logZ: -50.241 +/- 0.166 logLmax: -4.07
08-04 09:53 nessai INFO    : it: 28000: Rolling KS test: D=0.042, p-value=0.02854
08-04 09:53 nessai INFO    : it: 28000: n eval: 774795 H: 27.99 dlogZ: 14.266 logZ: -46.334 +/- 0.167 logLmax: -4.07
08-04 09:53 nessai INFO    : it: 29000: Rolling KS test: D=0.024, p-value=0.311
08-04 09:53 nessai INFO    : it: 29000: n eval: 934795 H: 28.66 dlogZ: 10.550 logZ: -43.485 +/- 0.169 logLmax: -3.94
08-04 09:54 nessai INFO    : it: 30000: Rolling KS test: D=0.016, p-value=0.593
08-04 09:54 nessai INFO    : it: 30000: n eval: 1104795 H: 29.29 dlogZ: 8.779 logZ: -41.331 +/- 0.171 logLmax: -2.55
08-04 09:54 nessai INFO    : it: 31000: Rolling KS test: D=0.018, p-value=0.5169
08-04 09:54 nessai INFO    : it: 31000: n eval: 1274795 H: 29.84 dlogZ: 6.224 logZ: -39.774 +/- 0.173 logLmax: -2.55
08-04 09:54 nessai INFO    : it: 32000: Rolling KS test: D=0.03, p-value=0.162
08-04 09:54 nessai INFO    : it: 32000: n eval: 1464795 H: 30.26 dlogZ: 5.032 logZ: -38.784 +/- 0.174 logLmax: -1.76
08-04 09:55 nessai INFO    : it: 33000: Rolling KS test: D=0.033, p-value=0.1108
08-04 09:55 nessai INFO    : it: 33000: n eval: 1694795 H: 30.62 dlogZ: 3.428 logZ: -38.154 +/- 0.175 logLmax: -1.76
08-04 09:56 nessai INFO    : it: 34000: Rolling KS test: D=0.019, p-value=0.4797
08-04 09:56 nessai INFO    : it: 34000: n eval: 1944795 H: 30.91 dlogZ: 2.136 logZ: -37.769 +/- 0.176 logLmax: -1.76
08-04 09:56 nessai INFO    : it: 35000: Rolling KS test: D=0.031, p-value=0.1433
08-04 09:56 nessai INFO    : it: 35000: n eval: 2134795 H: 31.17 dlogZ: 1.428 logZ: -37.521 +/- 0.177 logLmax: -1.37
08-04 09:57 nessai INFO    : it: 36000: Rolling KS test: D=0.016, p-value=0.593
08-04 09:57 nessai INFO    : it: 36000: n eval: 2294795 H: 31.36 dlogZ: 0.762 logZ: -37.373 +/- 0.177 logLmax: -1.24
08-04 09:57 nessai INFO    : it: 37000: Rolling KS test: D=0.015, p-value=0.6313
08-04 09:57 nessai INFO    : it: 37000: n eval: 2404795 H: 31.50 dlogZ: 0.327 logZ: -37.287 +/- 0.177 logLmax: -1.24
08-04 09:58 nessai INFO    : it: 38000: Rolling KS test: D=0.013, p-value=0.7071
08-04 09:58 nessai INFO    : it: 38000: n eval: 2534795 H: 31.59 dlogZ: 0.130 logZ: -37.238 +/- 0.178 logLmax: -1.21
08-04 09:58 nessai INFO    : Stopping with difference_log_evidence=0.100
08-04 09:58 nessai INFO    : Finalising
08-04 09:58 nessai INFO    : Final ln-evidence: -37.190 +/- 0.178
08-04 09:58 nessai INFO    : Information: 31.71
08-04 09:58 nessai INFO    : Final KS test: D=0.005474, p-value=0.1006
08-04 09:58 nessai INFO    : Checkpointing nested sampling
08-04 09:58 nessai INFO    : Total sampling time: 0:07:10.561545
08-04 09:58 nessai INFO    : Total training time: 0:01:58.274414
08-04 09:58 nessai INFO    : Total population time: 0:03:50.476493
08-04 09:58 nessai INFO    : Total likelihood evaluations: 2544795
08-04 09:58 nessai INFO    : Time spent evaluating likelihood: 0:00:40.911687
08-04 09:58 nessai INFO    : Total sampling time: 0:07:10.561545
08-04 09:58 nessai INFO    : Total likelihood evaluations: 2544795
08-04 09:58 nessai INFO    : Starting post processing
08-04 09:58 nessai INFO    : Computing posterior samples
08-04 09:58 nessai INFO    : Effective sample size: 7534.6
08-04 09:58 nessai INFO    : Producing posterior samples using rejection sampling
08-04 09:58 nessai INFO    : Expect 5299.302274606072 samples from rejection sampling
08-04 09:58 nessai INFO    : Returned 5222 posterior samples
08-04 09:58 nessai INFO    : Starting to close worker pool.
08-04 09:58 nessai INFO    : Finished closing worker pool.
