/data/wiay/postgrads/shashwat/qunat_com_future/lib/python3.11/site-packages/nessai/utils/logging.py:133: FutureWarning: setup_logger is deprecated, use configure_logger instead
  warnings.warn(
08-04 13:51 nessai INFO    : Running Nessai version 0.15.2
08-04 13:51 nessai INFO    : Starting multiprocessing pool with 4 processes
08-04 13:51 nessai INFO    : Initialising nested sampler
08-04 13:51 nessai WARNING : Multiprocessing pool has already been configured.
/data/wiay/postgrads/shashwat/qunat_com_future/lib/python3.11/site-packages/nessai/gw/__init__.py:12: FutureWarning: The `nessai.gw` module will be deprecated in the next release in favour of the nessai-gw package. This packages provides the same functionality as`nessai.gw` via the plugin interface.For more details, see: https://github.com/mj-will/nessai-gw
  warnings.warn(
08-04 13:51 nessai INFO    : Passing kwargs to FlowProposal: {'poolsize': 1000}
08-04 13:51 nessai INFO    : No reparameterisations provided, using default reparameterisations included in FlowProposal
08-04 13:51 nessai INFO    : Adding reparameterisations from: {}
08-04 13:51 nessai INFO    : Assuming fallback reparameterisation (ScaleAndShift) for ['kappa', 'mu_xi', 'sigma_chi', 'sigma_xi', 'rho', 'lambda_chi', 'chi0', 'xi0'] with kwargs: {'estimate_scale': True, 'estimate_shift': True, 'prior_bounds': {'kappa': array([0.1, 5. ]), 'mu_xi': array([0. , 0.1]), 'sigma_chi': array([0.05, 0.6 ]), 'sigma_xi': array([0.05, 0.4 ]), 'rho': array([-0.9,  0.9]), 'lambda_chi': array([-0.5,  0.5]), 'chi0': array([-0.5,  0.5]), 'xi0': array([2.5, 5. ])}}.
08-04 13:51 nessai INFO    : x space parameters: ['kappa', 'mu_xi', 'sigma_chi', 'sigma_xi', 'rho', 'lambda_chi', 'chi0', 'xi0']
08-04 13:51 nessai INFO    : x prime space parameters: ['kappa_prime', 'mu_xi_prime', 'sigma_chi_prime', 'sigma_xi_prime', 'rho_prime', 'lambda_chi_prime', 'chi0_prime', 'xi0_prime']
08-04 13:51 nessai INFO    : Overwriting fuzz factor with expansion fraction
08-04 13:51 nessai INFO    : New fuzz factor: 1.2228445449938519
08-04 13:51 nessai INFO    : Verifying rescaling functions
08-04 13:51 nessai INFO    : Rescaling functions are invertible
08-04 13:51 nessai INFO    : Populating initial live points
08-04 13:51 nessai INFO    : Populated 100 / 1000 live points
08-04 13:51 nessai INFO    : Populated 200 / 1000 live points
08-04 13:51 nessai INFO    : Populated 300 / 1000 live points
08-04 13:51 nessai INFO    : Populated 400 / 1000 live points
08-04 13:51 nessai INFO    : Populated 500 / 1000 live points
08-04 13:51 nessai INFO    : Populated 600 / 1000 live points
08-04 13:51 nessai INFO    : Populated 700 / 1000 live points
08-04 13:51 nessai INFO    : Populated 800 / 1000 live points
08-04 13:51 nessai INFO    : Populated 900 / 1000 live points
08-04 13:51 nessai INFO    : Populated 1000 / 1000 live points
08-04 13:51 nessai INFO    : Starting nested sampling loop
08-04 13:51 nessai INFO    : it:  1000: Rolling KS test: D=0.004, p-value=0.9659
08-04 13:51 nessai INFO    : it:  1000: n eval: 3000 H: 7.91 dlogZ: 329747612.783 logZ: -331367381.987 +/- 0.089 logLmax: -1619768.20
08-04 13:51 nessai INFO    : it:  2000: Rolling KS test: D=0.011, p-value=0.7794
08-04 13:51 nessai INFO    : it:  2000: n eval: 8000 H: 8.91 dlogZ: 112552613.169 logZ: -113752021.584 +/- 0.094 logLmax: -1199406.42
08-04 13:51 nessai INFO    : Switching to FlowProposal
08-04 13:51 nessai INFO    : it:  3000: Rolling KS test: D=0.012, p-value=0.7438
08-04 13:51 nessai INFO    : it:  3000: n eval: 11934 H: 9.91 dlogZ: 39779421.916 logZ: -40978831.331 +/- 0.100 logLmax: -1199406.42
08-04 13:51 nessai INFO    : it:  4000: Rolling KS test: D=0.006, p-value=0.9268
08-04 13:51 nessai INFO    : it:  4000: n eval: 13650 H: 10.91 dlogZ: 18449610.295 logZ: -18612736.808 +/- 0.104 logLmax: -163122.51
08-04 13:51 nessai INFO    : it:  5000: Rolling KS test: D=0.024, p-value=0.311
08-04 13:52 nessai INFO    : it:  5000: n eval: 17353 H: 11.91 dlogZ: 10162226.002 logZ: -10324005.120 +/- 0.109 logLmax: -161774.12
08-04 13:52 nessai INFO    : it:  6000: Rolling KS test: D=0.014, p-value=0.6695
08-04 13:52 nessai INFO    : it:  6000: n eval: 21589 H: 12.91 dlogZ: 6111080.796 logZ: -6272860.914 +/- 0.114 logLmax: -161774.12
08-04 13:52 nessai INFO    : it:  7000: Rolling KS test: D=0.025, p-value=0.2818
08-04 13:52 nessai INFO    : it:  7000: n eval: 25966 H: 13.91 dlogZ: 3632349.933 logZ: -3794131.051 +/- 0.118 logLmax: -161774.12
08-04 13:52 nessai INFO    : it:  8000: Rolling KS test: D=0.032, p-value=0.1263
08-04 13:52 nessai INFO    : it:  8000: n eval: 30312 H: 14.91 dlogZ: 2194851.864 logZ: -2212271.446 +/- 0.122 logLmax: -17411.58
08-04 13:52 nessai INFO    : it:  9000: Rolling KS test: D=0.025, p-value=0.2818
08-04 13:52 nessai INFO    : it:  9000: n eval: 34776 H: 15.84 dlogZ: 1281743.707 logZ: -1299164.289 +/- 0.126 logLmax: -17411.58
08-04 13:52 nessai INFO    : it: 10000: Rolling KS test: D=0.044, p-value=0.0202
08-04 13:52 nessai INFO    : it: 10000: n eval: 39266 H: 16.91 dlogZ: 735503.941 logZ: -742271.762 +/- 0.130 logLmax: -6757.82
08-04 13:52 nessai INFO    : it: 11000: Rolling KS test: D=0.029, p-value=0.1825
08-04 13:52 nessai INFO    : it: 11000: n eval: 44005 H: 17.91 dlogZ: 419456.532 logZ: -426225.353 +/- 0.134 logLmax: -6757.82
08-04 13:52 nessai INFO    : it: 12000: Rolling KS test: D=0.029, p-value=0.1825
08-04 13:52 nessai INFO    : it: 12000: n eval: 48658 H: 18.91 dlogZ: 244472.175 logZ: -251241.996 +/- 0.138 logLmax: -6757.82
08-04 13:52 nessai INFO    : it: 13000: Rolling KS test: D=0.016, p-value=0.593
08-04 13:52 nessai INFO    : it: 13000: n eval: 54004 H: 19.91 dlogZ: 140128.193 logZ: -146793.070 +/- 0.141 logLmax: -6651.88
08-04 13:52 nessai INFO    : it: 14000: Rolling KS test: D=0.013, p-value=0.7071
08-04 13:52 nessai INFO    : it: 14000: n eval: 58957 H: 20.91 dlogZ: 82388.544 logZ: -84513.818 +/- 0.145 logLmax: -2111.27
08-04 13:52 nessai INFO    : it: 15000: Rolling KS test: D=0.026, p-value=0.2543
08-04 13:52 nessai INFO    : it: 15000: n eval: 64326 H: 21.91 dlogZ: 50814.044 logZ: -51945.083 +/- 0.148 logLmax: -1116.04
08-04 13:52 nessai INFO    : it: 16000: Rolling KS test: D=0.004, p-value=0.9659
08-04 13:52 nessai INFO    : it: 16000: n eval: 70201 H: 22.85 dlogZ: 29696.822 logZ: -30708.499 +/- 0.151 logLmax: -995.68
08-04 13:52 nessai INFO    : it: 17000: Rolling KS test: D=0.016, p-value=0.593
08-04 13:52 nessai INFO    : it: 17000: n eval: 75486 H: 23.91 dlogZ: 17640.137 logZ: -18279.020 +/- 0.155 logLmax: -621.88
08-04 13:52 nessai INFO    : it: 18000: Rolling KS test: D=0.034, p-value=0.09683
08-04 13:52 nessai INFO    : it: 18000: n eval: 84516 H: 24.90 dlogZ: 10130.330 logZ: -10770.213 +/- 0.158 logLmax: -621.88
08-04 13:52 nessai INFO    : it: 19000: Rolling KS test: D=0.023, p-value=0.3419
08-04 13:52 nessai INFO    : it: 19000: n eval: 91777 H: 25.44 dlogZ: 6069.507 logZ: -6514.649 +/- 0.159 logLmax: -426.14
08-04 13:52 nessai INFO    : it: 20000: Rolling KS test: D=0.016, p-value=0.593
08-04 13:52 nessai INFO    : it: 20000: n eval: 102373 H: 25.77 dlogZ: 3754.012 logZ: -3929.744 +/- 0.161 logLmax: -155.73
08-04 13:52 nessai INFO    : it: 21000: Rolling KS test: D=0.031, p-value=0.1433
08-04 13:52 nessai INFO    : it: 21000: n eval: 116763 H: 26.75 dlogZ: 2291.994 logZ: -2468.726 +/- 0.164 logLmax: -155.73
08-04 13:52 nessai INFO    : it: 22000: Rolling KS test: D=0.01, p-value=0.8133
08-04 13:52 nessai INFO    : it: 22000: n eval: 126355 H: 26.97 dlogZ: 1464.262 logZ: -1554.463 +/- 0.164 logLmax: -68.20
08-04 13:52 nessai INFO    : it: 23000: Rolling KS test: D=0.056, p-value=0.001814
08-04 13:52 nessai INFO    : it: 23000: n eval: 141387 H: 27.92 dlogZ: 915.699 logZ: -993.628 +/- 0.167 logLmax: -54.93
08-04 13:52 nessai INFO    : it: 24000: Rolling KS test: D=0.024, p-value=0.311
08-04 13:52 nessai INFO    : it: 24000: n eval: 167679 H: 28.63 dlogZ: 585.372 logZ: -664.301 +/- 0.169 logLmax: -54.93
08-04 13:52 nessai INFO    : it: 25000: Rolling KS test: D=0.012, p-value=0.7438
08-04 13:52 nessai INFO    : it: 25000: n eval: 188406 H: 28.81 dlogZ: 405.588 logZ: -458.498 +/- 0.170 logLmax: -27.91
08-04 13:52 nessai INFO    : it: 26000: Rolling KS test: D=0.046, p-value=0.01407
08-04 13:52 nessai INFO    : it: 26000: n eval: 221621 H: 29.63 dlogZ: 283.118 logZ: -332.204 +/- 0.172 logLmax: -23.09
08-04 13:53 nessai INFO    : it: 27000: Rolling KS test: D=0.036, p-value=0.07308
08-04 13:53 nessai INFO    : it: 27000: n eval: 260061 H: 30.13 dlogZ: 199.411 logZ: -249.497 +/- 0.174 logLmax: -23.09
08-04 13:53 nessai INFO    : it: 28000: Rolling KS test: D=0.014, p-value=0.6695
08-04 13:53 nessai INFO    : it: 28000: n eval: 310061 H: 30.72 dlogZ: 145.570 logZ: -194.223 +/- 0.175 logLmax: -20.65
08-04 13:53 nessai INFO    : it: 29000: Rolling KS test: D=0.02, p-value=0.4434
08-04 13:53 nessai INFO    : it: 29000: n eval: 360061 H: 31.59 dlogZ: 103.295 logZ: -152.948 +/- 0.178 logLmax: -20.65
08-04 13:53 nessai INFO    : it: 30000: Rolling KS test: D=0.037, p-value=0.06311
08-04 13:53 nessai INFO    : it: 30000: n eval: 397032 H: 32.30 dlogZ: 84.336 logZ: -122.438 +/- 0.180 logLmax: -8.10
08-04 13:53 nessai INFO    : it: 31000: Rolling KS test: D=0.01, p-value=0.8133
08-04 13:53 nessai INFO    : it: 31000: n eval: 435585 H: 32.84 dlogZ: 62.870 logZ: -99.530 +/- 0.181 logLmax: -5.66
08-04 13:53 nessai INFO    : it: 32000: Rolling KS test: D=0.02, p-value=0.4434
08-04 13:53 nessai INFO    : it: 32000: n eval: 464974 H: 33.54 dlogZ: 46.801 logZ: -83.214 +/- 0.183 logLmax: -4.41
08-04 13:53 nessai INFO    : it: 33000: Rolling KS test: D=0.019, p-value=0.4797
08-04 13:53 nessai INFO    : it: 33000: n eval: 502972 H: 34.25 dlogZ: 34.989 logZ: -70.922 +/- 0.185 logLmax: -2.93
08-04 13:53 nessai INFO    : it: 34000: Rolling KS test: D=0.023, p-value=0.3419
08-04 13:53 nessai INFO    : it: 34000: n eval: 542972 H: 34.82 dlogZ: 25.659 logZ: -62.591 +/- 0.187 logLmax: -2.93
08-04 13:53 nessai INFO    : it: 35000: Rolling KS test: D=0.014, p-value=0.6695
08-04 13:53 nessai INFO    : it: 35000: n eval: 592180 H: 35.54 dlogZ: 18.858 logZ: -56.330 +/- 0.189 logLmax: -2.47
08-04 13:53 nessai INFO    : it: 36000: Rolling KS test: D=0.032, p-value=0.1263
08-04 13:53 nessai INFO    : it: 36000: n eval: 629512 H: 36.07 dlogZ: 14.746 logZ: -52.103 +/- 0.190 logLmax: -1.36
08-04 13:53 nessai INFO    : it: 37000: Rolling KS test: D=0.008, p-value=0.8752
08-04 13:53 nessai INFO    : it: 37000: n eval: 667305 H: 36.69 dlogZ: 11.135 logZ: -49.075 +/- 0.192 logLmax: -0.94
08-04 13:54 nessai INFO    : it: 38000: Rolling KS test: D=0.033, p-value=0.1108
08-04 13:54 nessai INFO    : it: 38000: n eval: 704415 H: 37.28 dlogZ: 7.967 logZ: -46.908 +/- 0.193 logLmax: -0.94
08-04 13:54 nessai INFO    : it: 39000: Rolling KS test: D=0.021, p-value=0.4082
08-04 13:54 nessai INFO    : it: 39000: n eval: 742546 H: 37.78 dlogZ: 5.749 logZ: -45.421 +/- 0.194 logLmax: -0.68
08-04 13:54 nessai INFO    : it: 40000: Rolling KS test: D=0.021, p-value=0.4082
08-04 13:54 nessai INFO    : it: 40000: n eval: 781106 H: 38.18 dlogZ: 3.832 logZ: -44.486 +/- 0.195 logLmax: -0.68
08-04 13:54 nessai INFO    : it: 41000: Rolling KS test: D=0.004, p-value=0.9659
08-04 13:54 nessai INFO    : it: 41000: n eval: 831106 H: 38.52 dlogZ: 2.330 logZ: -43.904 +/- 0.196 logLmax: -0.68
08-04 13:54 nessai INFO    : it: 42000: Rolling KS test: D=0.03, p-value=0.162
08-04 13:54 nessai INFO    : it: 42000: n eval: 867581 H: 38.81 dlogZ: 1.302 logZ: -43.545 +/- 0.197 logLmax: -0.56
08-04 13:54 nessai INFO    : it: 43000: Rolling KS test: D=0.03, p-value=0.162
08-04 13:54 nessai INFO    : it: 43000: n eval: 903279 H: 39.02 dlogZ: 0.708 logZ: -43.334 +/- 0.198 logLmax: -0.31
08-04 13:54 nessai INFO    : it: 44000: Rolling KS test: D=0.03, p-value=0.162
08-04 13:54 nessai INFO    : it: 44000: n eval: 951384 H: 39.16 dlogZ: 0.296 logZ: -43.216 +/- 0.198 logLmax: -0.28
08-04 13:54 nessai INFO    : it: 45000: Rolling KS test: D=0.022, p-value=0.3744
08-04 13:54 nessai INFO    : it: 45000: n eval: 990333 H: 39.25 dlogZ: 0.116 logZ: -43.155 +/- 0.198 logLmax: -0.25
08-04 13:54 nessai INFO    : Stopping with difference_log_evidence=0.100
08-04 13:54 nessai INFO    : Finalising
08-04 13:54 nessai INFO    : Final ln-evidence: -43.101 +/- 0.198
08-04 13:54 nessai INFO    : Information: 39.35
08-04 13:54 nessai INFO    : Final KS test: D=0.006435, p-value=0.02366
08-04 13:54 nessai WARNING : Final p-value for the insertion indices is less than 0.05, this could be an indication of problems during sampling. Consider checking the diagnostic plots.
08-04 13:54 nessai INFO    : Checkpointing nested sampling
08-04 13:54 nessai INFO    : Total sampling time: 0:02:47.988398
08-04 13:54 nessai INFO    : Total training time: 0:00:54.772920
08-04 13:54 nessai INFO    : Total population time: 0:00:43.936464
08-04 13:54 nessai INFO    : Total likelihood evaluations: 990333
08-04 13:54 nessai INFO    : Time spent evaluating likelihood: 0:00:18.838204
08-04 13:54 nessai INFO    : Total sampling time: 0:02:47.988398
08-04 13:54 nessai INFO    : Total likelihood evaluations: 990333
08-04 13:54 nessai INFO    : Starting post processing
08-04 13:54 nessai INFO    : Computing posterior samples
08-04 13:54 nessai INFO    : Effective sample size: 6878.4
08-04 13:54 nessai INFO    : Producing posterior samples using rejection sampling
08-04 13:54 nessai INFO    : Expect 4901.7925955457795 samples from rejection sampling
08-04 13:54 nessai INFO    : Returned 4883 posterior samples
08-04 13:54 nessai INFO    : Starting to close worker pool.
08-04 13:54 nessai INFO    : Finished closing worker pool.
