/data/wiay/postgrads/shashwat/qunat_com_future/lib/python3.11/site-packages/nessai/utils/logging.py:133: FutureWarning: setup_logger is deprecated, use configure_logger instead
  warnings.warn(
08-04 12:40 nessai INFO    : Running Nessai version 0.15.2
08-04 12:40 nessai INFO    : Starting multiprocessing pool with 4 processes
08-04 12:40 nessai INFO    : Initialising nested sampler
08-04 12:40 nessai WARNING : Multiprocessing pool has already been configured.
/data/wiay/postgrads/shashwat/qunat_com_future/lib/python3.11/site-packages/nessai/gw/__init__.py:12: FutureWarning: The `nessai.gw` module will be deprecated in the next release in favour of the nessai-gw package. This packages provides the same functionality as`nessai.gw` via the plugin interface.For more details, see: https://github.com/mj-will/nessai-gw
  warnings.warn(
08-04 12:40 nessai INFO    : Passing kwargs to FlowProposal: {'poolsize': 1000}
08-04 12:40 nessai INFO    : No reparameterisations provided, using default reparameterisations included in FlowProposal
08-04 12:40 nessai INFO    : Adding reparameterisations from: {}
08-04 12:40 nessai INFO    : Assuming fallback reparameterisation (ScaleAndShift) for ['kappa', 'mu_xi', 'sigma_chi', 'sigma_xi', 'rho', 'lambda_chi', 'chi0', 'xi0'] with kwargs: {'estimate_scale': True, 'estimate_shift': True, 'prior_bounds': {'kappa': array([0.1, 5. ]), 'mu_xi': array([0. , 0.1]), 'sigma_chi': array([0.05, 0.6 ]), 'sigma_xi': array([0.05, 0.4 ]), 'rho': array([-0.9,  0.9]), 'lambda_chi': array([-0.5,  0.5]), 'chi0': array([-0.5,  0.5]), 'xi0': array([2.5, 5. ])}}.
08-04 12:40 nessai INFO    : x space parameters: ['kappa', 'mu_xi', 'sigma_chi', 'sigma_xi', 'rho', 'lambda_chi', 'chi0', 'xi0']
08-04 12:40 nessai INFO    : x prime space parameters: ['kappa_prime', 'mu_xi_prime', 'sigma_chi_prime', 'sigma_xi_prime', 'rho_prime', 'lambda_chi_prime', 'chi0_prime', 'xi0_prime']
08-04 12:40 nessai INFO    : Overwriting fuzz factor with expansion fraction
08-04 12:40 nessai INFO    : New fuzz factor: 1.2228445449938519
08-04 12:40 nessai INFO    : Verifying rescaling functions
08-04 12:40 nessai INFO    : Rescaling functions are invertible
08-04 12:40 nessai INFO    : Populating initial live points
08-04 12:40 nessai INFO    : Populated 100 / 1000 live points
08-04 12:40 nessai INFO    : Populated 200 / 1000 live points
08-04 12:40 nessai INFO    : Populated 300 / 1000 live points
08-04 12:40 nessai INFO    : Populated 400 / 1000 live points
08-04 12:40 nessai INFO    : Populated 500 / 1000 live points
08-04 12:40 nessai INFO    : Populated 600 / 1000 live points
08-04 12:40 nessai INFO    : Populated 700 / 1000 live points
08-04 12:40 nessai INFO    : Populated 800 / 1000 live points
08-04 12:40 nessai INFO    : Populated 900 / 1000 live points
08-04 12:40 nessai INFO    : Populated 1000 / 1000 live points
08-04 12:40 nessai INFO    : Starting nested sampling loop
08-04 12:40 nessai INFO    : it:  1000: Rolling KS test: D=0.01, p-value=0.8133
08-04 12:41 nessai INFO    : it:  1000: n eval: 3000 H: 7.91 dlogZ: 5666608.161 logZ: -5673272.788 +/- 0.089 logLmax: -6663.63
08-04 12:41 nessai INFO    : it:  2000: Rolling KS test: D=0.017, p-value=0.5547
08-04 12:41 nessai INFO    : it:  2000: n eval: 8000 H: 8.91 dlogZ: 609230.335 logZ: -614729.624 +/- 0.094 logLmax: -5497.29
08-04 12:41 nessai INFO    : Switching to FlowProposal
08-04 12:41 nessai INFO    : it:  3000: Rolling KS test: D=0.022, p-value=0.3744
08-04 12:41 nessai INFO    : it:  3000: n eval: 12016 H: 9.91 dlogZ: 197549.241 logZ: -198049.532 +/- 0.100 logLmax: -497.29
08-04 12:41 nessai INFO    : it:  4000: Rolling KS test: D=0.005, p-value=0.9481
08-04 12:41 nessai INFO    : it:  4000: n eval: 15788 H: 10.91 dlogZ: 79253.125 logZ: -79754.415 +/- 0.104 logLmax: -497.29
08-04 12:41 nessai INFO    : it:  5000: Rolling KS test: D=0.008, p-value=0.8752
08-04 12:41 nessai INFO    : it:  5000: n eval: 20023 H: 11.91 dlogZ: 36117.395 logZ: -36619.685 +/- 0.109 logLmax: -497.29
08-04 12:41 nessai INFO    : it:  6000: Rolling KS test: D=0.037, p-value=0.06311
08-04 12:41 nessai INFO    : it:  6000: n eval: 22041 H: 12.90 dlogZ: 19866.788 logZ: -19982.542 +/- 0.114 logLmax: -109.75
08-04 12:41 nessai INFO    : it:  7000: Rolling KS test: D=0.015, p-value=0.6313
08-04 12:41 nessai INFO    : it:  7000: n eval: 27041 H: 13.88 dlogZ: 10606.288 logZ: -10723.041 +/- 0.118 logLmax: -109.75
08-04 12:41 nessai INFO    : it:  8000: Rolling KS test: D=0.022, p-value=0.3744
08-04 12:41 nessai INFO    : it:  8000: n eval: 31243 H: 14.24 dlogZ: 5858.050 logZ: -5923.566 +/- 0.119 logLmax: -57.52
08-04 12:41 nessai INFO    : it:  9000: Rolling KS test: D=0.027, p-value=0.2286
08-04 12:41 nessai INFO    : it:  9000: n eval: 36059 H: 14.46 dlogZ: 3325.100 logZ: -3391.617 +/- 0.120 logLmax: -57.52
08-04 12:41 nessai INFO    : it: 10000: Rolling KS test: D=0.025, p-value=0.2818
08-04 12:41 nessai INFO    : it: 10000: n eval: 40330 H: 15.81 dlogZ: 1849.044 logZ: -1916.561 +/- 0.126 logLmax: -57.52
08-04 12:41 nessai INFO    : it: 11000: Rolling KS test: D=0.031, p-value=0.1433
08-04 12:41 nessai INFO    : it: 11000: n eval: 44477 H: 16.01 dlogZ: 1033.919 logZ: -1102.435 +/- 0.127 logLmax: -57.52
08-04 12:41 nessai INFO    : it: 12000: Rolling KS test: D=0.018, p-value=0.5169
08-04 12:41 nessai INFO    : it: 12000: n eval: 49494 H: 16.92 dlogZ: 607.698 logZ: -646.867 +/- 0.130 logLmax: -27.17
08-04 12:41 nessai INFO    : it: 13000: Rolling KS test: D=0.006, p-value=0.9268
08-04 12:41 nessai INFO    : it: 13000: n eval: 53862 H: 17.20 dlogZ: 357.205 logZ: -387.940 +/- 0.131 logLmax: -17.74
08-04 12:41 nessai INFO    : it: 14000: Rolling KS test: D=0.07, p-value=5.247e-05
08-04 12:42 nessai INFO    : it: 14000: n eval: 58277 H: 17.82 dlogZ: 202.595 logZ: -234.067 +/- 0.133 logLmax: -17.47
08-04 12:42 nessai INFO    : it: 15000: Rolling KS test: D=0.025, p-value=0.2818
08-04 12:42 nessai INFO    : it: 15000: n eval: 63105 H: 18.33 dlogZ: 124.930 logZ: -147.854 +/- 0.135 logLmax: -7.93
08-04 12:42 nessai INFO    : it: 16000: Rolling KS test: D=0.013, p-value=0.7071
08-04 12:42 nessai INFO    : it: 16000: n eval: 68784 H: 18.55 dlogZ: 74.872 logZ: -98.796 +/- 0.136 logLmax: -7.93
08-04 12:42 nessai INFO    : it: 17000: Rolling KS test: D=0.011, p-value=0.7794
08-04 12:42 nessai INFO    : it: 17000: n eval: 78416 H: 18.92 dlogZ: 45.137 logZ: -70.062 +/- 0.138 logLmax: -7.93
08-04 12:42 nessai INFO    : it: 18000: Rolling KS test: D=0.009, p-value=0.8454
08-04 12:42 nessai INFO    : it: 18000: n eval: 85004 H: 19.56 dlogZ: 27.547 logZ: -53.262 +/- 0.140 logLmax: -7.72
08-04 12:42 nessai INFO    : it: 19000: Rolling KS test: D=0.026, p-value=0.2543
08-04 12:42 nessai INFO    : it: 19000: n eval: 96399 H: 20.01 dlogZ: 17.024 logZ: -43.738 +/- 0.141 logLmax: -7.72
08-04 12:42 nessai INFO    : it: 20000: Rolling KS test: D=0.019, p-value=0.4797
08-04 12:42 nessai INFO    : it: 20000: n eval: 103607 H: 20.36 dlogZ: 11.896 logZ: -38.023 +/- 0.143 logLmax: -6.13
08-04 12:42 nessai INFO    : it: 21000: Rolling KS test: D=0.03, p-value=0.162
08-04 12:42 nessai INFO    : it: 21000: n eval: 115993 H: 20.73 dlogZ: 7.667 logZ: -34.794 +/- 0.144 logLmax: -6.13
08-04 12:42 nessai INFO    : it: 22000: Rolling KS test: D=0.016, p-value=0.593
08-04 12:42 nessai INFO    : it: 22000: n eval: 128910 H: 21.08 dlogZ: 4.846 logZ: -32.936 +/- 0.145 logLmax: -6.10
08-04 12:42 nessai INFO    : it: 23000: Rolling KS test: D=0.025, p-value=0.2818
08-04 12:42 nessai INFO    : it: 23000: n eval: 148980 H: 21.35 dlogZ: 3.178 logZ: -31.931 +/- 0.146 logLmax: -5.80
08-04 12:42 nessai INFO    : it: 24000: Rolling KS test: D=0.018, p-value=0.5169
08-04 12:42 nessai INFO    : it: 24000: n eval: 168633 H: 21.57 dlogZ: 1.841 logZ: -31.388 +/- 0.147 logLmax: -5.72
08-04 12:42 nessai INFO    : it: 25000: Rolling KS test: D=0.039, p-value=0.0465
08-04 12:42 nessai INFO    : it: 25000: n eval: 185421 H: 21.74 dlogZ: 0.922 logZ: -31.094 +/- 0.147 logLmax: -5.68
08-04 12:42 nessai INFO    : it: 26000: Rolling KS test: D=0.022, p-value=0.3744
08-04 12:42 nessai INFO    : it: 26000: n eval: 203914 H: 21.87 dlogZ: 0.473 logZ: -30.937 +/- 0.148 logLmax: -5.44
08-04 12:43 nessai INFO    : it: 27000: Rolling KS test: D=0.004, p-value=0.9659
08-04 12:43 nessai INFO    : it: 27000: n eval: 233903 H: 21.96 dlogZ: 0.186 logZ: -30.854 +/- 0.148 logLmax: -5.44
08-04 12:43 nessai INFO    : Stopping with difference_log_evidence=0.100
08-04 12:43 nessai INFO    : Finalising
08-04 12:43 nessai INFO    : Final ln-evidence: -30.777 +/- 0.149
08-04 12:43 nessai INFO    : Information: 22.07
08-04 12:43 nessai INFO    : Final KS test: D=0.003377, p-value=0.5305
08-04 12:43 nessai INFO    : Checkpointing nested sampling
08-04 12:43 nessai INFO    : Total sampling time: 0:02:13.169518
08-04 12:43 nessai INFO    : Total training time: 0:00:47.104103
08-04 12:43 nessai INFO    : Total population time: 0:00:29.466046
08-04 12:43 nessai INFO    : Total likelihood evaluations: 245967
08-04 12:43 nessai INFO    : Time spent evaluating likelihood: 0:00:09.941580
08-04 12:43 nessai INFO    : Total sampling time: 0:02:13.169518
08-04 12:43 nessai INFO    : Total likelihood evaluations: 245967
08-04 12:43 nessai INFO    : Starting post processing
08-04 12:43 nessai INFO    : Computing posterior samples
08-04 12:43 nessai INFO    : Effective sample size: 6156.2
08-04 12:43 nessai INFO    : Producing posterior samples using rejection sampling
08-04 12:43 nessai INFO    : Expect 4198.759424566822 samples from rejection sampling
08-04 12:43 nessai INFO    : Returned 4210 posterior samples
08-04 12:43 nessai INFO    : Starting to close worker pool.
08-04 12:43 nessai INFO    : Finished closing worker pool.
