/data/wiay/postgrads/shashwat/qunat_com_future/lib/python3.11/site-packages/nessai/utils/logging.py:133: FutureWarning: setup_logger is deprecated, use configure_logger instead
  warnings.warn(
08-04 13:23 nessai INFO    : Running Nessai version 0.15.2
08-04 13:23 nessai INFO    : Starting multiprocessing pool with 4 processes
08-04 13:23 nessai INFO    : Initialising nested sampler
08-04 13:23 nessai WARNING : Multiprocessing pool has already been configured.
/data/wiay/postgrads/shashwat/qunat_com_future/lib/python3.11/site-packages/nessai/gw/__init__.py:12: FutureWarning: The `nessai.gw` module will be deprecated in the next release in favour of the nessai-gw package. This packages provides the same functionality as`nessai.gw` via the plugin interface.For more details, see: https://github.com/mj-will/nessai-gw
  warnings.warn(
08-04 13:23 nessai INFO    : Passing kwargs to FlowProposal: {'poolsize': 1000}
08-04 13:23 nessai INFO    : No reparameterisations provided, using default reparameterisations included in FlowProposal
08-04 13:23 nessai INFO    : Adding reparameterisations from: {}
08-04 13:23 nessai INFO    : Assuming fallback reparameterisation (ScaleAndShift) for ['kappa', 'mu_xi', 'sigma_chi', 'sigma_xi', 'rho', 'lambda_chi', 'chi0', 'xi0'] with kwargs: {'estimate_scale': True, 'estimate_shift': True, 'prior_bounds': {'kappa': array([0.1, 5. ]), 'mu_xi': array([0. , 0.1]), 'sigma_chi': array([0.05, 0.6 ]), 'sigma_xi': array([0.05, 0.4 ]), 'rho': array([-0.9,  0.9]), 'lambda_chi': array([-0.5,  0.5]), 'chi0': array([-0.5,  0.5]), 'xi0': array([2.5, 5. ])}}.
08-04 13:23 nessai INFO    : x space parameters: ['kappa', 'mu_xi', 'sigma_chi', 'sigma_xi', 'rho', 'lambda_chi', 'chi0', 'xi0']
08-04 13:23 nessai INFO    : x prime space parameters: ['kappa_prime', 'mu_xi_prime', 'sigma_chi_prime', 'sigma_xi_prime', 'rho_prime', 'lambda_chi_prime', 'chi0_prime', 'xi0_prime']
08-04 13:23 nessai INFO    : Overwriting fuzz factor with expansion fraction
08-04 13:23 nessai INFO    : New fuzz factor: 1.2228445449938519
08-04 13:23 nessai INFO    : Verifying rescaling functions
08-04 13:23 nessai INFO    : Rescaling functions are invertible
08-04 13:23 nessai INFO    : Populating initial live points
08-04 13:23 nessai INFO    : Populated 100 / 1000 live points
08-04 13:23 nessai INFO    : Populated 200 / 1000 live points
08-04 13:23 nessai INFO    : Populated 300 / 1000 live points
08-04 13:23 nessai INFO    : Populated 400 / 1000 live points
08-04 13:23 nessai INFO    : Populated 500 / 1000 live points
08-04 13:23 nessai INFO    : Populated 600 / 1000 live points
08-04 13:23 nessai INFO    : Populated 700 / 1000 live points
08-04 13:23 nessai INFO    : Populated 800 / 1000 live points
08-04 13:23 nessai INFO    : Populated 900 / 1000 live points
08-04 13:23 nessai INFO    : Populated 1000 / 1000 live points
08-04 13:23 nessai INFO    : Starting nested sampling loop
08-04 13:23 nessai INFO    : it:  1000: Rolling KS test: D=0.012, p-value=0.7438
08-04 13:23 nessai INFO    : it:  1000: n eval: 3000 H: 7.91 dlogZ: 82664486.056 logZ: -82903474.817 +/- 0.089 logLmax: -238987.76
08-04 13:23 nessai INFO    : Switching to FlowProposal
08-04 13:23 nessai INFO    : it:  2000: Rolling KS test: D=0.058, p-value=0.001147
08-04 13:23 nessai INFO    : it:  2000: n eval: 9233 H: 8.91 dlogZ: 20941091.662 logZ: -21180081.423 +/- 0.094 logLmax: -238987.76
08-04 13:23 nessai INFO    : it:  3000: Rolling KS test: D=0.017, p-value=0.5547
08-04 13:23 nessai INFO    : it:  3000: n eval: 10847 H: 9.91 dlogZ: 6634278.182 logZ: -6685820.770 +/- 0.100 logLmax: -51539.59
08-04 13:23 nessai INFO    : it:  4000: Rolling KS test: D=0.043, p-value=0.02406
08-04 13:23 nessai INFO    : it:  4000: n eval: 12541 H: 10.91 dlogZ: 2695354.293 logZ: -2727235.556 +/- 0.104 logLmax: -31877.26
08-04 13:23 nessai INFO    : it:  5000: Rolling KS test: D=0.06, p-value=0.0007143
08-04 13:23 nessai INFO    : it:  5000: n eval: 18891 H: 11.91 dlogZ: 1189416.205 logZ: -1197282.354 +/- 0.109 logLmax: -7861.15
08-04 13:23 nessai INFO    : it:  6000: Rolling KS test: D=0.033, p-value=0.1108
08-04 13:23 nessai INFO    : it:  6000: n eval: 20947 H: 12.91 dlogZ: 549841.199 logZ: -557708.348 +/- 0.114 logLmax: -7861.15
08-04 13:23 nessai INFO    : it:  7000: Rolling KS test: D=0.043, p-value=0.02406
08-04 13:23 nessai INFO    : it:  7000: n eval: 25391 H: 13.91 dlogZ: 262579.896 logZ: -266090.961 +/- 0.118 logLmax: -3504.07
08-04 13:23 nessai INFO    : it:  8000: Rolling KS test: D=0.01, p-value=0.8133
08-04 13:23 nessai INFO    : it:  8000: n eval: 33052 H: 14.91 dlogZ: 128527.824 logZ: -130896.077 +/- 0.122 logLmax: -2360.25
08-04 13:23 nessai INFO    : it:  9000: Rolling KS test: D=0.015, p-value=0.6313
08-04 13:23 nessai INFO    : it:  9000: n eval: 35522 H: 15.91 dlogZ: 66276.464 logZ: -67305.557 +/- 0.126 logLmax: -1020.09
08-04 13:23 nessai INFO    : it: 10000: Rolling KS test: D=0.028, p-value=0.2046
08-04 13:23 nessai INFO    : it: 10000: n eval: 43142 H: 16.91 dlogZ: 32183.307 logZ: -33213.400 +/- 0.130 logLmax: -1020.09
08-04 13:23 nessai INFO    : it: 11000: Rolling KS test: D=0.02, p-value=0.4434
08-04 13:23 nessai INFO    : it: 11000: n eval: 49070 H: 17.91 dlogZ: 17066.372 logZ: -17482.888 +/- 0.134 logLmax: -405.52
08-04 13:23 nessai INFO    : it: 12000: Rolling KS test: D=0.03, p-value=0.162
08-04 13:23 nessai INFO    : it: 12000: n eval: 58519 H: 18.28 dlogZ: 9146.610 logZ: -9564.126 +/- 0.135 logLmax: -405.52
08-04 13:23 nessai INFO    : it: 13000: Rolling KS test: D=0.025, p-value=0.2818
08-04 13:23 nessai INFO    : it: 13000: n eval: 65112 H: 19.37 dlogZ: 5067.473 logZ: -5441.778 +/- 0.139 logLmax: -361.31
08-04 13:23 nessai INFO    : it: 14000: Rolling KS test: D=0.033, p-value=0.1108
08-04 13:23 nessai INFO    : it: 14000: n eval: 75710 H: 20.02 dlogZ: 3105.588 logZ: -3238.148 +/- 0.141 logLmax: -118.56
08-04 13:23 nessai INFO    : it: 15000: Rolling KS test: D=0.028, p-value=0.2046
08-04 13:23 nessai INFO    : it: 15000: n eval: 90981 H: 20.53 dlogZ: 1912.331 logZ: -2024.618 +/- 0.143 logLmax: -97.29
08-04 13:23 nessai INFO    : it: 16000: Rolling KS test: D=0.015, p-value=0.6313
08-04 13:23 nessai INFO    : it: 16000: n eval: 102043 H: 21.60 dlogZ: 1172.501 logZ: -1285.787 +/- 0.147 logLmax: -97.29
08-04 13:23 nessai INFO    : it: 17000: Rolling KS test: D=0.011, p-value=0.7794
08-04 13:23 nessai INFO    : it: 17000: n eval: 124930 H: 21.81 dlogZ: 742.481 logZ: -813.644 +/- 0.148 logLmax: -54.16
08-04 13:24 nessai INFO    : it: 18000: Rolling KS test: D=0.018, p-value=0.5169
08-04 13:24 nessai INFO    : it: 18000: n eval: 135414 H: 22.64 dlogZ: 454.333 logZ: -526.496 +/- 0.150 logLmax: -54.16
08-04 13:24 nessai INFO    : it: 19000: Rolling KS test: D=0.006, p-value=0.9268
08-04 13:24 nessai INFO    : it: 19000: n eval: 162357 H: 22.99 dlogZ: 284.776 logZ: -349.693 +/- 0.152 logLmax: -45.92
08-04 13:24 nessai INFO    : it: 20000: Rolling KS test: D=0.033, p-value=0.1108
08-04 13:24 nessai INFO    : it: 20000: n eval: 187670 H: 23.26 dlogZ: 196.197 logZ: -250.419 +/- 0.153 logLmax: -34.22
08-04 13:24 nessai INFO    : it: 21000: Rolling KS test: D=0.026, p-value=0.2543
08-04 13:24 nessai INFO    : it: 21000: n eval: 222963 H: 23.56 dlogZ: 130.800 logZ: -186.021 +/- 0.154 logLmax: -34.22
08-04 13:24 nessai INFO    : it: 22000: Rolling KS test: D=0.022, p-value=0.3744
08-04 13:24 nessai INFO    : it: 22000: n eval: 272963 H: 24.58 dlogZ: 97.790 logZ: -141.960 +/- 0.157 logLmax: -22.17
08-04 13:24 nessai INFO    : it: 23000: Rolling KS test: D=0.02, p-value=0.4434
08-04 13:24 nessai INFO    : it: 23000: n eval: 342963 H: 24.91 dlogZ: 71.089 logZ: -115.667 +/- 0.158 logLmax: -21.58
08-04 13:25 nessai INFO    : it: 24000: Rolling KS test: D=0.019, p-value=0.4797
08-04 13:25 nessai INFO    : it: 24000: n eval: 412963 H: 25.63 dlogZ: 51.764 logZ: -97.342 +/- 0.160 logLmax: -21.58
08-04 13:25 nessai INFO    : it: 25000: Rolling KS test: D=0.024, p-value=0.311
08-04 13:25 nessai INFO    : it: 25000: n eval: 502963 H: 26.46 dlogZ: 42.737 logZ: -83.672 +/- 0.163 logLmax: -15.94
08-04 13:25 nessai INFO    : it: 26000: Rolling KS test: D=0.011, p-value=0.7794
08-04 13:25 nessai INFO    : it: 26000: n eval: 622963 H: 27.03 dlogZ: 39.779 logZ: -73.860 +/- 0.164 logLmax: -8.08
08-04 13:26 nessai INFO    : it: 27000: Rolling KS test: D=0.044, p-value=0.0202
08-04 13:26 nessai INFO    : it: 27000: n eval: 772963 H: 27.69 dlogZ: 31.511 logZ: -66.592 +/- 0.166 logLmax: -8.08
08-04 13:26 nessai INFO    : it: 28000: Rolling KS test: D=0.016, p-value=0.593
08-04 13:26 nessai INFO    : it: 28000: n eval: 942963 H: 28.48 dlogZ: 25.768 logZ: -60.844 +/- 0.169 logLmax: -7.08
08-04 13:27 nessai INFO    : it: 29000: Rolling KS test: D=0.009, p-value=0.8454
08-04 13:27 nessai INFO    : it: 29000: n eval: 1112963 H: 29.28 dlogZ: 20.160 logZ: -56.236 +/- 0.171 logLmax: -7.08
08-04 13:27 nessai INFO    : it: 30000: Rolling KS test: D=0.038, p-value=0.05428
08-04 13:27 nessai INFO    : it: 30000: n eval: 1262963 H: 30.09 dlogZ: 15.077 logZ: -52.153 +/- 0.173 logLmax: -7.08
08-04 13:27 nessai INFO    : it: 31000: Rolling KS test: D=0.011, p-value=0.7794
08-04 13:27 nessai INFO    : it: 31000: n eval: 1320742 H: 30.75 dlogZ: 12.560 logZ: -49.009 +/- 0.175 logLmax: -5.45
08-04 13:27 nessai INFO    : it: 32000: Rolling KS test: D=0.016, p-value=0.593
08-04 13:27 nessai INFO    : it: 32000: n eval: 1343127 H: 31.36 dlogZ: 10.294 logZ: -46.708 +/- 0.177 logLmax: -4.42
08-04 13:28 nessai INFO    : it: 33000: Rolling KS test: D=0.01, p-value=0.8133
08-04 13:28 nessai INFO    : it: 33000: n eval: 1367522 H: 31.94 dlogZ: 7.627 logZ: -45.041 +/- 0.179 logLmax: -4.42
08-04 13:28 nessai INFO    : it: 34000: Rolling KS test: D=0.016, p-value=0.593
08-04 13:28 nessai INFO    : it: 34000: n eval: 1391462 H: 32.49 dlogZ: 5.429 logZ: -43.840 +/- 0.180 logLmax: -4.42
08-04 13:28 nessai INFO    : it: 35000: Rolling KS test: D=0.021, p-value=0.4082
08-04 13:28 nessai INFO    : it: 35000: n eval: 1400433 H: 32.98 dlogZ: 3.798 logZ: -42.997 +/- 0.182 logLmax: -4.22
08-04 13:28 nessai INFO    : it: 36000: Rolling KS test: D=0.013, p-value=0.7071
08-04 13:28 nessai INFO    : it: 36000: n eval: 1413537 H: 33.37 dlogZ: 3.065 logZ: -42.447 +/- 0.183 logLmax: -3.43
08-04 13:28 nessai INFO    : it: 37000: Rolling KS test: D=0.03, p-value=0.162
08-04 13:28 nessai INFO    : it: 37000: n eval: 1422765 H: 33.68 dlogZ: 1.840 logZ: -42.097 +/- 0.184 logLmax: -3.43
08-04 13:28 nessai INFO    : it: 38000: Rolling KS test: D=0.023, p-value=0.3419
08-04 13:28 nessai INFO    : it: 38000: n eval: 1434749 H: 33.94 dlogZ: 0.942 logZ: -41.877 +/- 0.184 logLmax: -3.43
08-04 13:28 nessai INFO    : it: 39000: Rolling KS test: D=0.016, p-value=0.593
08-04 13:28 nessai INFO    : it: 39000: n eval: 1447568 H: 34.11 dlogZ: 0.410 logZ: -41.751 +/- 0.185 logLmax: -3.43
08-04 13:28 nessai INFO    : it: 40000: Rolling KS test: D=0.016, p-value=0.593
08-04 13:28 nessai INFO    : it: 40000: n eval: 1455091 H: 34.22 dlogZ: 0.175 logZ: -41.683 +/- 0.185 logLmax: -3.34
08-04 13:28 nessai INFO    : Stopping with difference_log_evidence=0.100
08-04 13:28 nessai INFO    : Finalising
08-04 13:28 nessai INFO    : Final ln-evidence: -41.617 +/- 0.185
08-04 13:28 nessai INFO    : Information: 34.35
08-04 13:28 nessai INFO    : Final KS test: D=0.005831, p-value=0.06313
08-04 13:28 nessai INFO    : Checkpointing nested sampling
08-04 13:28 nessai INFO    : Total sampling time: 0:05:26.522069
08-04 13:28 nessai INFO    : Total training time: 0:01:29.797686
08-04 13:28 nessai INFO    : Total population time: 0:02:20.130967
08-04 13:28 nessai INFO    : Total likelihood evaluations: 1464202
08-04 13:28 nessai INFO    : Time spent evaluating likelihood: 0:00:44.505047
08-04 13:28 nessai INFO    : Total sampling time: 0:05:26.522069
08-04 13:28 nessai INFO    : Total likelihood evaluations: 1464202
08-04 13:28 nessai INFO    : Starting post processing
08-04 13:28 nessai INFO    : Computing posterior samples
08-04 13:28 nessai INFO    : Effective sample size: 7345.9
08-04 13:28 nessai INFO    : Producing posterior samples using rejection sampling
08-04 13:28 nessai INFO    : Expect 5142.109932066545 samples from rejection sampling
08-04 13:28 nessai INFO    : Returned 5167 posterior samples
08-04 13:28 nessai INFO    : Starting to close worker pool.
08-04 13:28 nessai INFO    : Finished closing worker pool.
