/data/wiay/postgrads/shashwat/qunat_com_future/lib/python3.11/site-packages/nessai/utils/logging.py:133: FutureWarning: setup_logger is deprecated, use configure_logger instead
  warnings.warn(
08-04 14:01 nessai INFO    : Running Nessai version 0.15.2
08-04 14:01 nessai INFO    : Starting multiprocessing pool with 4 processes
08-04 14:01 nessai INFO    : Initialising nested sampler
08-04 14:01 nessai WARNING : Multiprocessing pool has already been configured.
/data/wiay/postgrads/shashwat/qunat_com_future/lib/python3.11/site-packages/nessai/gw/__init__.py:12: FutureWarning: The `nessai.gw` module will be deprecated in the next release in favour of the nessai-gw package. This packages provides the same functionality as`nessai.gw` via the plugin interface.For more details, see: https://github.com/mj-will/nessai-gw
  warnings.warn(
08-04 14:01 nessai INFO    : Passing kwargs to FlowProposal: {'poolsize': 1000}
08-04 14:01 nessai INFO    : No reparameterisations provided, using default reparameterisations included in FlowProposal
08-04 14:01 nessai INFO    : Adding reparameterisations from: {}
08-04 14:01 nessai INFO    : Assuming fallback reparameterisation (ScaleAndShift) for ['kappa', 'mu_xi', 'sigma_chi', 'sigma_xi', 'rho', 'lambda_chi', 'chi0', 'xi0'] with kwargs: {'estimate_scale': True, 'estimate_shift': True, 'prior_bounds': {'kappa': array([0.1, 5. ]), 'mu_xi': array([0. , 0.1]), 'sigma_chi': array([0.05, 0.6 ]), 'sigma_xi': array([0.05, 0.4 ]), 'rho': array([-0.9,  0.9]), 'lambda_chi': array([-0.5,  0.5]), 'chi0': array([-0.5,  0.5]), 'xi0': array([2.5, 5. ])}}.
08-04 14:01 nessai INFO    : x space parameters: ['kappa', 'mu_xi', 'sigma_chi', 'sigma_xi', 'rho', 'lambda_chi', 'chi0', 'xi0']
08-04 14:01 nessai INFO    : x prime space parameters: ['kappa_prime', 'mu_xi_prime', 'sigma_chi_prime', 'sigma_xi_prime', 'rho_prime', 'lambda_chi_prime', 'chi0_prime', 'xi0_prime']
08-04 14:01 nessai INFO    : Overwriting fuzz factor with expansion fraction
08-04 14:01 nessai INFO    : New fuzz factor: 1.2228445449938519
08-04 14:01 nessai INFO    : Verifying rescaling functions
08-04 14:01 nessai INFO    : Rescaling functions are invertible
08-04 14:02 nessai INFO    : Populating initial live points
08-04 14:02 nessai INFO    : Populated 100 / 1000 live points
08-04 14:02 nessai INFO    : Populated 200 / 1000 live points
08-04 14:02 nessai INFO    : Populated 300 / 1000 live points
08-04 14:02 nessai INFO    : Populated 400 / 1000 live points
08-04 14:02 nessai INFO    : Populated 500 / 1000 live points
08-04 14:02 nessai INFO    : Populated 600 / 1000 live points
08-04 14:02 nessai INFO    : Populated 700 / 1000 live points
08-04 14:02 nessai INFO    : Populated 800 / 1000 live points
08-04 14:02 nessai INFO    : Populated 900 / 1000 live points
08-04 14:02 nessai INFO    : Populated 1000 / 1000 live points
08-04 14:02 nessai INFO    : Starting nested sampling loop
08-04 14:02 nessai INFO    : it:  1000: Rolling KS test: D=0.011, p-value=0.7794
08-04 14:02 nessai INFO    : it:  1000: n eval: 3000 H: 7.91 dlogZ: 5658755.473 logZ: -5665279.697 +/- 0.089 logLmax: -6523.23
08-04 14:02 nessai INFO    : it:  2000: Rolling KS test: D=0.017, p-value=0.5547
08-04 14:02 nessai INFO    : it:  2000: n eval: 8000 H: 8.91 dlogZ: 608891.694 logZ: -614446.556 +/- 0.094 logLmax: -5552.86
08-04 14:02 nessai INFO    : Switching to FlowProposal
08-04 14:02 nessai INFO    : it:  3000: Rolling KS test: D=0.015, p-value=0.6313
08-04 14:02 nessai INFO    : it:  3000: n eval: 12001 H: 9.91 dlogZ: 197566.926 logZ: -200223.686 +/- 0.100 logLmax: -2653.76
08-04 14:02 nessai INFO    : it:  4000: Rolling KS test: D=0.026, p-value=0.2543
08-04 14:02 nessai INFO    : it:  4000: n eval: 15643 H: 10.91 dlogZ: 78174.203 logZ: -79390.303 +/- 0.104 logLmax: -1212.10
08-04 14:02 nessai INFO    : it:  5000: Rolling KS test: D=0.016, p-value=0.593
08-04 14:02 nessai INFO    : it:  5000: n eval: 17491 H: 11.89 dlogZ: 35854.029 logZ: -36267.697 +/- 0.109 logLmax: -408.67
08-04 14:02 nessai INFO    : it:  6000: Rolling KS test: D=0.015, p-value=0.6313
08-04 14:02 nessai INFO    : it:  6000: n eval: 21437 H: 12.90 dlogZ: 18897.287 logZ: -19092.828 +/- 0.114 logLmax: -189.54
08-04 14:02 nessai INFO    : it:  7000: Rolling KS test: D=0.014, p-value=0.6695
08-04 14:02 nessai INFO    : it:  7000: n eval: 25559 H: 13.40 dlogZ: 9993.943 logZ: -10152.226 +/- 0.116 logLmax: -151.28
08-04 14:02 nessai INFO    : it:  8000: Rolling KS test: D=0.016, p-value=0.593
08-04 14:02 nessai INFO    : it:  8000: n eval: 29771 H: 13.37 dlogZ: 5576.444 logZ: -5706.560 +/- 0.116 logLmax: -122.12
08-04 14:02 nessai INFO    : it:  9000: Rolling KS test: D=0.024, p-value=0.311
08-04 14:02 nessai INFO    : it:  9000: n eval: 34007 H: 15.78 dlogZ: 3073.569 logZ: -3190.381 +/- 0.126 logLmax: -107.81
08-04 14:02 nessai INFO    : it: 10000: Rolling KS test: D=0.035, p-value=0.08429
08-04 14:02 nessai INFO    : it: 10000: n eval: 38283 H: 15.82 dlogZ: 1636.472 logZ: -1730.853 +/- 0.126 logLmax: -84.38
08-04 14:02 nessai INFO    : it: 11000: Rolling KS test: D=0.038, p-value=0.05428
08-04 14:02 nessai INFO    : it: 11000: n eval: 42950 H: 15.91 dlogZ: 947.952 logZ: -1004.744 +/- 0.126 logLmax: -45.79
08-04 14:02 nessai INFO    : it: 12000: Rolling KS test: D=0.017, p-value=0.5547
08-04 14:02 nessai INFO    : it: 12000: n eval: 47393 H: 16.69 dlogZ: 560.481 logZ: -592.503 +/- 0.129 logLmax: -20.02
08-04 14:02 nessai INFO    : it: 13000: Rolling KS test: D=0.038, p-value=0.05428
08-04 14:02 nessai INFO    : it: 13000: n eval: 52600 H: 17.13 dlogZ: 317.485 logZ: -350.508 +/- 0.131 logLmax: -20.02
08-04 14:02 nessai INFO    : it: 14000: Rolling KS test: D=0.013, p-value=0.7071
08-04 14:02 nessai INFO    : it: 14000: n eval: 57606 H: 17.47 dlogZ: 189.258 logZ: -218.103 +/- 0.132 logLmax: -14.85
08-04 14:02 nessai INFO    : it: 15000: Rolling KS test: D=0.028, p-value=0.2046
08-04 14:02 nessai INFO    : it: 15000: n eval: 62849 H: 18.09 dlogZ: 114.520 logZ: -138.491 +/- 0.135 logLmax: -8.97
08-04 14:02 nessai INFO    : it: 16000: Rolling KS test: D=0.027, p-value=0.2286
08-04 14:02 nessai INFO    : it: 16000: n eval: 68666 H: 18.39 dlogZ: 69.382 logZ: -94.030 +/- 0.136 logLmax: -8.65
08-04 14:02 nessai INFO    : it: 17000: Rolling KS test: D=0.02, p-value=0.4434
08-04 14:02 nessai INFO    : it: 17000: n eval: 77799 H: 19.09 dlogZ: 41.869 logZ: -67.517 +/- 0.138 logLmax: -8.65
08-04 14:02 nessai INFO    : it: 18000: Rolling KS test: D=0.014, p-value=0.6695
08-04 14:02 nessai INFO    : it: 18000: n eval: 85201 H: 19.37 dlogZ: 26.884 logZ: -53.026 +/- 0.139 logLmax: -8.14
08-04 14:02 nessai INFO    : it: 19000: Rolling KS test: D=0.006, p-value=0.9268
08-04 14:02 nessai INFO    : it: 19000: n eval: 92659 H: 19.80 dlogZ: 16.883 logZ: -44.026 +/- 0.141 logLmax: -8.14
08-04 14:02 nessai INFO    : it: 20000: Rolling KS test: D=0.039, p-value=0.0465
08-04 14:02 nessai INFO    : it: 20000: n eval: 103703 H: 20.25 dlogZ: 11.766 logZ: -38.762 +/- 0.142 logLmax: -7.00
08-04 14:02 nessai INFO    : it: 21000: Rolling KS test: D=0.018, p-value=0.5169
08-04 14:02 nessai INFO    : it: 21000: n eval: 116214 H: 20.68 dlogZ: 8.118 logZ: -35.772 +/- 0.144 logLmax: -6.66
08-04 14:02 nessai INFO    : it: 22000: Rolling KS test: D=0.032, p-value=0.1263
08-04 14:02 nessai INFO    : it: 22000: n eval: 133424 H: 20.98 dlogZ: 6.799 logZ: -34.091 +/- 0.145 logLmax: -5.29
08-04 14:02 nessai INFO    : it: 23000: Rolling KS test: D=0.03, p-value=0.162
08-04 14:02 nessai INFO    : it: 23000: n eval: 164068 H: 21.27 dlogZ: 4.852 logZ: -33.137 +/- 0.146 logLmax: -5.29
08-04 14:03 nessai INFO    : it: 24000: Rolling KS test: D=0.03, p-value=0.162
08-04 14:03 nessai INFO    : it: 24000: n eval: 203702 H: 21.53 dlogZ: 4.528 logZ: -32.588 +/- 0.147 logLmax: -4.07
08-04 14:03 nessai INFO    : it: 25000: Rolling KS test: D=0.027, p-value=0.2286
08-04 14:03 nessai INFO    : it: 25000: n eval: 243702 H: 21.78 dlogZ: 3.245 logZ: -32.253 +/- 0.148 logLmax: -4.05
08-04 14:03 nessai INFO    : it: 26000: Rolling KS test: D=0.04, p-value=0.03967
08-04 14:03 nessai INFO    : it: 26000: n eval: 288768 H: 22.00 dlogZ: 2.119 logZ: -32.040 +/- 0.148 logLmax: -4.05
08-04 14:03 nessai INFO    : it: 27000: Rolling KS test: D=0.01, p-value=0.8133
08-04 14:03 nessai INFO    : it: 27000: n eval: 325030 H: 22.23 dlogZ: 1.293 logZ: -31.886 +/- 0.149 logLmax: -3.91
08-04 14:03 nessai INFO    : it: 28000: Rolling KS test: D=0.028, p-value=0.2046
08-04 14:03 nessai INFO    : it: 28000: n eval: 334753 H: 22.46 dlogZ: 0.626 logZ: -31.770 +/- 0.150 logLmax: -3.91
08-04 14:03 nessai INFO    : it: 29000: Rolling KS test: D=0.038, p-value=0.05428
08-04 14:03 nessai INFO    : it: 29000: n eval: 343545 H: 22.65 dlogZ: 0.393 logZ: -31.689 +/- 0.151 logLmax: -3.42
08-04 14:03 nessai INFO    : it: 30000: Rolling KS test: D=0.047, p-value=0.01167
08-04 14:03 nessai INFO    : it: 30000: n eval: 354243 H: 22.79 dlogZ: 0.227 logZ: -31.639 +/- 0.151 logLmax: -3.01
08-04 14:03 nessai INFO    : Stopping with difference_log_evidence=0.100
08-04 14:03 nessai INFO    : Finalising
08-04 14:03 nessai INFO    : Final ln-evidence: -31.581 +/- 0.152
08-04 14:03 nessai INFO    : Information: 22.99
08-04 14:03 nessai INFO    : Final KS test: D=0.007459, p-value=0.03195
08-04 14:03 nessai WARNING : Final p-value for the insertion indices is less than 0.05, this could be an indication of problems during sampling. Consider checking the diagnostic plots.
08-04 14:03 nessai INFO    : Checkpointing nested sampling
08-04 14:03 nessai INFO    : Total sampling time: 0:01:42.397108
08-04 14:03 nessai INFO    : Total training time: 0:00:33.782610
08-04 14:03 nessai INFO    : Total population time: 0:00:30.604189
08-04 14:03 nessai INFO    : Total likelihood evaluations: 361309
08-04 14:03 nessai INFO    : Time spent evaluating likelihood: 0:00:07.101411
08-04 14:03 nessai INFO    : Total sampling time: 0:01:42.397108
08-04 14:03 nessai INFO    : Total likelihood evaluations: 361309
08-04 14:03 nessai INFO    : Starting post processing
08-04 14:03 nessai INFO    : Computing posterior samples
08-04 14:03 nessai INFO    : Effective sample size: 9095.9
08-04 14:03 nessai INFO    : Producing posterior samples using rejection sampling
08-04 14:03 nessai INFO    : Expect 6358.69291335933 samples from rejection sampling
08-04 14:03 nessai INFO    : Returned 6335 posterior samples
08-04 14:03 nessai INFO    : Starting to close worker pool.
08-04 14:03 nessai INFO    : Finished closing worker pool.
