/data/wiay/postgrads/shashwat/qunat_com_future/lib/python3.11/site-packages/nessai/utils/logging.py:133: FutureWarning: setup_logger is deprecated, use configure_logger instead
  warnings.warn(
08-04 12:59 nessai INFO    : Running Nessai version 0.15.2
08-04 12:59 nessai INFO    : Starting multiprocessing pool with 4 processes
08-04 12:59 nessai INFO    : Initialising nested sampler
08-04 12:59 nessai WARNING : Multiprocessing pool has already been configured.
/data/wiay/postgrads/shashwat/qunat_com_future/lib/python3.11/site-packages/nessai/gw/__init__.py:12: FutureWarning: The `nessai.gw` module will be deprecated in the next release in favour of the nessai-gw package. This packages provides the same functionality as`nessai.gw` via the plugin interface.For more details, see: https://github.com/mj-will/nessai-gw
  warnings.warn(
08-04 12:59 nessai INFO    : Passing kwargs to FlowProposal: {'poolsize': 1000}
08-04 12:59 nessai INFO    : No reparameterisations provided, using default reparameterisations included in FlowProposal
08-04 12:59 nessai INFO    : Adding reparameterisations from: {}
08-04 12:59 nessai INFO    : Assuming fallback reparameterisation (ScaleAndShift) for ['kappa', 'mu_xi', 'sigma_chi', 'sigma_xi', 'rho', 'lambda_chi', 'chi0', 'xi0'] with kwargs: {'estimate_scale': True, 'estimate_shift': True, 'prior_bounds': {'kappa': array([0.1, 5. ]), 'mu_xi': array([0. , 0.1]), 'sigma_chi': array([0.05, 0.6 ]), 'sigma_xi': array([0.05, 0.4 ]), 'rho': array([-0.9,  0.9]), 'lambda_chi': array([-0.5,  0.5]), 'chi0': array([-0.5,  0.5]), 'xi0': array([2.5, 5. ])}}.
08-04 12:59 nessai INFO    : x space parameters: ['kappa', 'mu_xi', 'sigma_chi', 'sigma_xi', 'rho', 'lambda_chi', 'chi0', 'xi0']
08-04 12:59 nessai INFO    : x prime space parameters: ['kappa_prime', 'mu_xi_prime', 'sigma_chi_prime', 'sigma_xi_prime', 'rho_prime', 'lambda_chi_prime', 'chi0_prime', 'xi0_prime']
08-04 12:59 nessai INFO    : Overwriting fuzz factor with expansion fraction
08-04 12:59 nessai INFO    : New fuzz factor: 1.2228445449938519
08-04 12:59 nessai INFO    : Verifying rescaling functions
08-04 12:59 nessai INFO    : Rescaling functions are invertible
08-04 12:59 nessai INFO    : Populating initial live points
08-04 12:59 nessai INFO    : Populated 100 / 1000 live points
08-04 12:59 nessai INFO    : Populated 200 / 1000 live points
08-04 12:59 nessai INFO    : Populated 300 / 1000 live points
08-04 12:59 nessai INFO    : Populated 400 / 1000 live points
08-04 12:59 nessai INFO    : Populated 500 / 1000 live points
08-04 12:59 nessai INFO    : Populated 600 / 1000 live points
08-04 12:59 nessai INFO    : Populated 700 / 1000 live points
08-04 12:59 nessai INFO    : Populated 800 / 1000 live points
08-04 12:59 nessai INFO    : Populated 900 / 1000 live points
08-04 12:59 nessai INFO    : Populated 1000 / 1000 live points
08-04 12:59 nessai INFO    : Starting nested sampling loop
08-04 12:59 nessai INFO    : it:  1000: Rolling KS test: D=0.018, p-value=0.5169
08-04 12:59 nessai INFO    : it:  1000: n eval: 3000 H: 7.91 dlogZ: 4705919.208 logZ: -4708111.873 +/- 0.089 logLmax: -2191.67
08-04 12:59 nessai INFO    : it:  2000: Rolling KS test: D=0.027, p-value=0.2286
08-04 12:59 nessai INFO    : it:  2000: n eval: 8000 H: 8.91 dlogZ: 459695.937 logZ: -461889.602 +/- 0.094 logLmax: -2191.67
08-04 12:59 nessai INFO    : Switching to FlowProposal
08-04 12:59 nessai INFO    : it:  3000: Rolling KS test: D=0.032, p-value=0.1263
08-04 12:59 nessai INFO    : it:  3000: n eval: 12132 H: 9.91 dlogZ: 146577.032 logZ: -146964.744 +/- 0.100 logLmax: -384.71
08-04 12:59 nessai INFO    : it:  4000: Rolling KS test: D=0.066, p-value=0.0001565
08-04 12:59 nessai INFO    : it:  4000: n eval: 15891 H: 10.91 dlogZ: 59399.041 logZ: -59559.874 +/- 0.104 logLmax: -156.83
08-04 12:59 nessai INFO    : it:  5000: Rolling KS test: D=0.018, p-value=0.5169
08-04 12:59 nessai INFO    : it:  5000: n eval: 20468 H: 11.91 dlogZ: 27268.689 logZ: -27430.522 +/- 0.109 logLmax: -156.83
08-04 12:59 nessai INFO    : it:  6000: Rolling KS test: D=0.028, p-value=0.2046
08-04 12:59 nessai INFO    : it:  6000: n eval: 25218 H: 12.22 dlogZ: 13272.931 logZ: -13435.764 +/- 0.111 logLmax: -156.83
08-04 12:59 nessai INFO    : it:  7000: Rolling KS test: D=0.027, p-value=0.2286
08-04 12:59 nessai INFO    : it:  7000: n eval: 30790 H: 12.97 dlogZ: 6457.145 logZ: -6536.884 +/- 0.114 logLmax: -72.74
08-04 13:00 nessai INFO    : it:  8000: Rolling KS test: D=0.028, p-value=0.2046
08-04 13:00 nessai INFO    : it:  8000: n eval: 37278 H: 13.27 dlogZ: 3115.142 logZ: -3195.880 +/- 0.115 logLmax: -72.74
08-04 13:00 nessai INFO    : it:  9000: Rolling KS test: D=0.013, p-value=0.7071
08-04 13:00 nessai INFO    : it:  9000: n eval: 43318 H: 15.11 dlogZ: 1598.646 logZ: -1656.730 +/- 0.123 logLmax: -49.09
08-04 13:00 nessai INFO    : it: 10000: Rolling KS test: D=0.016, p-value=0.593
08-04 13:00 nessai INFO    : it: 10000: n eval: 48866 H: 15.82 dlogZ: 866.281 logZ: -898.212 +/- 0.126 logLmax: -21.93
08-04 13:00 nessai INFO    : it: 11000: Rolling KS test: D=0.009, p-value=0.8454
08-04 13:00 nessai INFO    : it: 11000: n eval: 59058 H: 15.48 dlogZ: 480.519 logZ: -502.618 +/- 0.124 logLmax: -11.10
08-04 13:00 nessai INFO    : it: 12000: Rolling KS test: D=0.017, p-value=0.5547
08-04 13:00 nessai INFO    : it: 12000: n eval: 64963 H: 15.87 dlogZ: 265.405 logZ: -288.504 +/- 0.126 logLmax: -11.10
08-04 13:00 nessai INFO    : it: 13000: Rolling KS test: D=0.01, p-value=0.8133
08-04 13:00 nessai INFO    : it: 13000: n eval: 71784 H: 16.56 dlogZ: 146.213 logZ: -169.985 +/- 0.129 logLmax: -10.77
08-04 13:00 nessai INFO    : it: 14000: Rolling KS test: D=0.021, p-value=0.4082
08-04 13:00 nessai INFO    : it: 14000: n eval: 82923 H: 16.73 dlogZ: 89.728 logZ: -109.838 +/- 0.129 logLmax: -6.11
08-04 13:00 nessai INFO    : it: 15000: Rolling KS test: D=0.03, p-value=0.162
08-04 13:00 nessai INFO    : it: 15000: n eval: 97757 H: 17.31 dlogZ: 55.624 logZ: -76.734 +/- 0.132 logLmax: -6.11
08-04 13:00 nessai INFO    : it: 16000: Rolling KS test: D=0.04, p-value=0.03967
08-04 13:00 nessai INFO    : it: 16000: n eval: 105663 H: 17.59 dlogZ: 33.746 logZ: -55.825 +/- 0.133 logLmax: -6.08
08-04 13:00 nessai INFO    : it: 17000: Rolling KS test: D=0.012, p-value=0.7438
08-04 13:00 nessai INFO    : it: 17000: n eval: 117822 H: 18.13 dlogZ: 23.300 logZ: -43.248 +/- 0.135 logLmax: -2.95
08-04 13:00 nessai INFO    : it: 18000: Rolling KS test: D=0.054, p-value=0.002821
08-04 13:00 nessai INFO    : it: 18000: n eval: 132164 H: 18.61 dlogZ: 14.902 logZ: -35.850 +/- 0.136 logLmax: -2.95
08-04 13:00 nessai INFO    : it: 19000: Rolling KS test: D=0.027, p-value=0.2286
08-04 13:00 nessai INFO    : it: 19000: n eval: 148671 H: 19.09 dlogZ: 9.617 logZ: -31.566 +/- 0.138 logLmax: -2.95
08-04 13:00 nessai INFO    : it: 20000: Rolling KS test: D=0.019, p-value=0.4797
08-04 13:00 nessai INFO    : it: 20000: n eval: 175284 H: 19.33 dlogZ: 6.273 logZ: -29.219 +/- 0.139 logLmax: -2.95
08-04 13:00 nessai INFO    : it: 21000: Rolling KS test: D=0.022, p-value=0.3744
08-04 13:00 nessai INFO    : it: 21000: n eval: 201255 H: 19.57 dlogZ: 4.097 logZ: -28.028 +/- 0.140 logLmax: -2.95
08-04 13:01 nessai INFO    : it: 22000: Rolling KS test: D=0.013, p-value=0.7071
08-04 13:01 nessai INFO    : it: 22000: n eval: 237652 H: 19.82 dlogZ: 2.504 logZ: -27.367 +/- 0.141 logLmax: -2.95
08-04 13:01 nessai INFO    : it: 23000: Rolling KS test: D=0.01, p-value=0.8133
08-04 13:01 nessai INFO    : it: 23000: n eval: 286557 H: 20.01 dlogZ: 1.355 logZ: -27.004 +/- 0.141 logLmax: -2.95
08-04 13:01 nessai INFO    : it: 24000: Rolling KS test: D=0.023, p-value=0.3419
08-04 13:01 nessai INFO    : it: 24000: n eval: 346557 H: 20.15 dlogZ: 0.628 logZ: -26.814 +/- 0.142 logLmax: -2.95
08-04 13:01 nessai INFO    : it: 25000: Rolling KS test: D=0.009, p-value=0.8454
08-04 13:01 nessai INFO    : it: 25000: n eval: 426557 H: 20.24 dlogZ: 0.294 logZ: -26.720 +/- 0.142 logLmax: -2.79
08-04 13:01 nessai INFO    : it: 26000: Rolling KS test: D=0.034, p-value=0.09683
08-04 13:01 nessai INFO    : it: 26000: n eval: 526557 H: 20.28 dlogZ: 0.121 logZ: -26.675 +/- 0.142 logLmax: -2.73
08-04 13:02 nessai INFO    : Stopping with difference_log_evidence=0.100
08-04 13:02 nessai INFO    : Finalising
08-04 13:02 nessai INFO    : Final ln-evidence: -26.638 +/- 0.143
08-04 13:02 nessai INFO    : Information: 20.34
08-04 13:02 nessai INFO    : Final KS test: D=0.00618, p-value=0.1346
08-04 13:02 nessai INFO    : Checkpointing nested sampling
08-04 13:02 nessai INFO    : Total sampling time: 0:02:22.077479
08-04 13:02 nessai INFO    : Total training time: 0:00:36.991058
08-04 13:02 nessai INFO    : Total population time: 0:00:55.281236
08-04 13:02 nessai INFO    : Total likelihood evaluations: 546557
08-04 13:02 nessai INFO    : Time spent evaluating likelihood: 0:00:17.984285
08-04 13:02 nessai INFO    : Total sampling time: 0:02:22.077479
08-04 13:02 nessai INFO    : Total likelihood evaluations: 546557
08-04 13:02 nessai INFO    : Starting post processing
08-04 13:02 nessai INFO    : Computing posterior samples
08-04 13:02 nessai INFO    : Effective sample size: 5986.7
08-04 13:02 nessai INFO    : Producing posterior samples using rejection sampling
08-04 13:02 nessai INFO    : Expect 4136.0410509214635 samples from rejection sampling
08-04 13:02 nessai INFO    : Returned 4090 posterior samples
08-04 13:02 nessai INFO    : Starting to close worker pool.
08-04 13:02 nessai INFO    : Finished closing worker pool.
