/data/wiay/postgrads/shashwat/qunat_com_future/lib/python3.11/site-packages/nessai/utils/logging.py:133: FutureWarning: setup_logger is deprecated, use configure_logger instead
  warnings.warn(
08-04 10:15 nessai INFO    : Running Nessai version 0.15.2
08-04 10:15 nessai INFO    : Starting multiprocessing pool with 4 processes
08-04 10:15 nessai INFO    : Initialising nested sampler
08-04 10:15 nessai WARNING : Multiprocessing pool has already been configured.
/data/wiay/postgrads/shashwat/qunat_com_future/lib/python3.11/site-packages/nessai/gw/__init__.py:12: FutureWarning: The `nessai.gw` module will be deprecated in the next release in favour of the nessai-gw package. This packages provides the same functionality as`nessai.gw` via the plugin interface.For more details, see: https://github.com/mj-will/nessai-gw
  warnings.warn(
08-04 10:15 nessai INFO    : Passing kwargs to FlowProposal: {'poolsize': 1000}
08-04 10:15 nessai INFO    : No reparameterisations provided, using default reparameterisations included in FlowProposal
08-04 10:15 nessai INFO    : Adding reparameterisations from: {}
08-04 10:15 nessai INFO    : Assuming fallback reparameterisation (ScaleAndShift) for ['kappa', 'mu_xi', 'sigma_chi', 'sigma_xi', 'rho', 'lambda_chi', 'chi0', 'xi0'] with kwargs: {'estimate_scale': True, 'estimate_shift': True, 'prior_bounds': {'kappa': array([0.1, 5. ]), 'mu_xi': array([0. , 0.1]), 'sigma_chi': array([0.05, 0.6 ]), 'sigma_xi': array([0.05, 0.4 ]), 'rho': array([-0.9,  0.9]), 'lambda_chi': array([-0.5,  0.5]), 'chi0': array([-0.5,  0.5]), 'xi0': array([2.5, 5. ])}}.
08-04 10:15 nessai INFO    : x space parameters: ['kappa', 'mu_xi', 'sigma_chi', 'sigma_xi', 'rho', 'lambda_chi', 'chi0', 'xi0']
08-04 10:15 nessai INFO    : x prime space parameters: ['kappa_prime', 'mu_xi_prime', 'sigma_chi_prime', 'sigma_xi_prime', 'rho_prime', 'lambda_chi_prime', 'chi0_prime', 'xi0_prime']
08-04 10:15 nessai INFO    : Overwriting fuzz factor with expansion fraction
08-04 10:15 nessai INFO    : New fuzz factor: 1.2228445449938519
08-04 10:15 nessai INFO    : Verifying rescaling functions
08-04 10:15 nessai INFO    : Rescaling functions are invertible
08-04 10:15 nessai INFO    : Populating initial live points
08-04 10:15 nessai INFO    : Populated 100 / 1000 live points
08-04 10:15 nessai INFO    : Populated 200 / 1000 live points
08-04 10:15 nessai INFO    : Populated 300 / 1000 live points
08-04 10:15 nessai INFO    : Populated 400 / 1000 live points
08-04 10:15 nessai INFO    : Populated 500 / 1000 live points
08-04 10:15 nessai INFO    : Populated 600 / 1000 live points
08-04 10:15 nessai INFO    : Populated 700 / 1000 live points
08-04 10:15 nessai INFO    : Populated 800 / 1000 live points
08-04 10:15 nessai INFO    : Populated 900 / 1000 live points
08-04 10:15 nessai INFO    : Populated 1000 / 1000 live points
08-04 10:15 nessai INFO    : Starting nested sampling loop
08-04 10:15 nessai INFO    : it:  1000: Rolling KS test: D=0.018, p-value=0.5169
08-04 10:15 nessai INFO    : it:  1000: n eval: 3000 H: 7.91 dlogZ: 45033135.331 logZ: -45933702.301 +/- 0.089 logLmax: -900565.97
08-04 10:15 nessai INFO    : it:  2000: Rolling KS test: D=0.01, p-value=0.8133
08-04 10:15 nessai INFO    : it:  2000: n eval: 8000 H: 8.91 dlogZ: 19713561.113 logZ: -20090881.949 +/- 0.094 logLmax: -377318.84
08-04 10:15 nessai INFO    : Switching to FlowProposal
08-04 10:15 nessai INFO    : it:  3000: Rolling KS test: D=0.015, p-value=0.6313
08-04 10:15 nessai INFO    : it:  3000: n eval: 12198 H: 9.91 dlogZ: 10347843.054 logZ: -10725164.890 +/- 0.100 logLmax: -377318.84
08-04 10:15 nessai INFO    : it:  4000: Rolling KS test: D=0.01, p-value=0.8133
08-04 10:15 nessai INFO    : it:  4000: n eval: 15639 H: 10.91 dlogZ: 5880417.684 logZ: -6088337.222 +/- 0.104 logLmax: -207915.54
08-04 10:15 nessai INFO    : it:  5000: Rolling KS test: D=0.025, p-value=0.2818
08-04 10:15 nessai INFO    : it:  5000: n eval: 17446 H: 11.91 dlogZ: 3949985.731 logZ: -3969210.855 +/- 0.109 logLmax: -19220.12
08-04 10:15 nessai INFO    : it:  6000: Rolling KS test: D=0.008, p-value=0.8752
08-04 10:15 nessai INFO    : it:  6000: n eval: 21388 H: 12.91 dlogZ: 2753838.257 logZ: -2773064.380 +/- 0.114 logLmax: -19220.12
08-04 10:15 nessai INFO    : it:  7000: Rolling KS test: D=0.017, p-value=0.5547
08-04 10:15 nessai INFO    : it:  7000: n eval: 25438 H: 13.91 dlogZ: 1580927.457 logZ: -1600154.580 +/- 0.118 logLmax: -19220.12
08-04 10:15 nessai INFO    : it:  8000: Rolling KS test: D=0.03, p-value=0.162
08-04 10:15 nessai INFO    : it:  8000: n eval: 29575 H: 14.91 dlogZ: 831291.901 logZ: -850520.024 +/- 0.122 logLmax: -19220.12
08-04 10:15 nessai INFO    : it:  9000: Rolling KS test: D=0.042, p-value=0.02854
08-04 10:15 nessai INFO    : it:  9000: n eval: 33730 H: 15.91 dlogZ: 457248.287 logZ: -467470.153 +/- 0.126 logLmax: -10212.87
08-04 10:15 nessai INFO    : it: 10000: Rolling KS test: D=0.033, p-value=0.1108
08-04 10:15 nessai INFO    : it: 10000: n eval: 38599 H: 16.91 dlogZ: 250915.615 logZ: -255744.549 +/- 0.130 logLmax: -4818.94
08-04 10:15 nessai INFO    : it: 11000: Rolling KS test: D=0.016, p-value=0.593
08-04 10:15 nessai INFO    : it: 11000: n eval: 43833 H: 17.91 dlogZ: 142742.319 logZ: -147304.143 +/- 0.134 logLmax: -4550.82
08-04 10:15 nessai INFO    : it: 12000: Rolling KS test: D=0.047, p-value=0.01167
08-04 10:15 nessai INFO    : it: 12000: n eval: 48904 H: 18.91 dlogZ: 77267.885 logZ: -81830.709 +/- 0.138 logLmax: -4550.82
08-04 10:15 nessai INFO    : it: 13000: Rolling KS test: D=0.044, p-value=0.0202
08-04 10:15 nessai INFO    : it: 13000: n eval: 54456 H: 19.45 dlogZ: 47112.915 logZ: -47808.190 +/- 0.139 logLmax: -682.28
08-04 10:15 nessai INFO    : it: 14000: Rolling KS test: D=0.024, p-value=0.311
08-04 10:15 nessai INFO    : it: 14000: n eval: 60001 H: 20.90 dlogZ: 27354.467 logZ: -28050.742 +/- 0.145 logLmax: -682.28
08-04 10:15 nessai INFO    : it: 15000: Rolling KS test: D=0.007, p-value=0.9024
08-04 10:15 nessai INFO    : it: 15000: n eval: 65312 H: 21.89 dlogZ: 16325.757 logZ: -16922.542 +/- 0.148 logLmax: -581.79
08-04 10:15 nessai INFO    : it: 16000: Rolling KS test: D=0.015, p-value=0.6313
08-04 10:15 nessai INFO    : it: 16000: n eval: 74274 H: 22.69 dlogZ: 9947.297 logZ: -10144.926 +/- 0.151 logLmax: -181.63
08-04 10:15 nessai INFO    : it: 17000: Rolling KS test: D=0.021, p-value=0.4082
08-04 10:15 nessai INFO    : it: 17000: n eval: 80583 H: 23.70 dlogZ: 5779.599 logZ: -5978.228 +/- 0.154 logLmax: -181.63
08-04 10:15 nessai INFO    : it: 18000: Rolling KS test: D=0.016, p-value=0.593
08-04 10:15 nessai INFO    : it: 18000: n eval: 93690 H: 24.67 dlogZ: 3487.880 logZ: -3613.027 +/- 0.157 logLmax: -107.15
08-04 10:16 nessai INFO    : it: 19000: Rolling KS test: D=0.027, p-value=0.2286
08-04 10:16 nessai INFO    : it: 19000: n eval: 107790 H: 24.79 dlogZ: 2086.577 logZ: -2195.332 +/- 0.157 logLmax: -89.76
08-04 10:16 nessai INFO    : it: 20000: Rolling KS test: D=0.016, p-value=0.593
08-04 10:16 nessai INFO    : it: 20000: n eval: 118029 H: 25.50 dlogZ: 1309.075 logZ: -1343.458 +/- 0.160 logLmax: -14.38
08-04 10:16 nessai INFO    : it: 21000: Rolling KS test: D=0.03, p-value=0.162
08-04 10:16 nessai INFO    : it: 21000: n eval: 140340 H: 26.31 dlogZ: 771.037 logZ: -806.420 +/- 0.162 logLmax: -14.38
08-04 10:16 nessai INFO    : it: 22000: Rolling KS test: D=0.043, p-value=0.02406
08-04 10:16 nessai INFO    : it: 22000: n eval: 157080 H: 26.34 dlogZ: 473.484 logZ: -509.867 +/- 0.162 logLmax: -14.38
08-04 10:16 nessai INFO    : it: 23000: Rolling KS test: D=0.026, p-value=0.2543
08-04 10:16 nessai INFO    : it: 23000: n eval: 177551 H: 26.99 dlogZ: 297.710 logZ: -332.651 +/- 0.164 logLmax: -11.94
08-04 10:16 nessai INFO    : it: 24000: Rolling KS test: D=0.009, p-value=0.8454
08-04 10:16 nessai INFO    : it: 24000: n eval: 212035 H: 27.51 dlogZ: 185.510 logZ: -221.452 +/- 0.166 logLmax: -11.94
08-04 10:16 nessai INFO    : it: 25000: Rolling KS test: D=0.041, p-value=0.03371
08-04 10:16 nessai INFO    : it: 25000: n eval: 247732 H: 28.00 dlogZ: 111.645 logZ: -148.531 +/- 0.167 logLmax: -11.89
08-04 10:16 nessai INFO    : it: 26000: Rolling KS test: D=0.041, p-value=0.03371
08-04 10:16 nessai INFO    : it: 26000: n eval: 296945 H: 28.55 dlogZ: 73.543 logZ: -107.166 +/- 0.169 logLmax: -7.62
08-04 10:16 nessai INFO    : it: 27000: Rolling KS test: D=0.023, p-value=0.3419
08-04 10:16 nessai INFO    : it: 27000: n eval: 334913 H: 28.91 dlogZ: 47.198 logZ: -80.490 +/- 0.170 logLmax: -6.29
08-04 10:16 nessai INFO    : it: 28000: Rolling KS test: D=0.017, p-value=0.5547
08-04 10:16 nessai INFO    : it: 28000: n eval: 404913 H: 29.54 dlogZ: 33.318 logZ: -64.356 +/- 0.172 logLmax: -3.04
08-04 10:16 nessai INFO    : it: 29000: Rolling KS test: D=0.026, p-value=0.2543
08-04 10:16 nessai INFO    : it: 29000: n eval: 474913 H: 30.03 dlogZ: 22.925 logZ: -54.094 +/- 0.173 logLmax: -2.17
08-04 10:17 nessai INFO    : it: 30000: Rolling KS test: D=0.022, p-value=0.3744
08-04 10:17 nessai INFO    : it: 30000: n eval: 544913 H: 30.51 dlogZ: 15.994 logZ: -47.670 +/- 0.175 logLmax: -1.68
08-04 10:17 nessai INFO    : it: 31000: Rolling KS test: D=0.016, p-value=0.593
08-04 10:17 nessai INFO    : it: 31000: n eval: 634913 H: 31.04 dlogZ: 11.130 logZ: -43.451 +/- 0.176 logLmax: -1.32
08-04 10:17 nessai INFO    : it: 32000: Rolling KS test: D=0.029, p-value=0.1825
08-04 10:17 nessai INFO    : it: 32000: n eval: 744913 H: 31.50 dlogZ: 7.673 logZ: -40.877 +/- 0.177 logLmax: -1.21
08-04 10:17 nessai INFO    : it: 33000: Rolling KS test: D=0.039, p-value=0.0465
08-04 10:17 nessai INFO    : it: 33000: n eval: 864913 H: 31.96 dlogZ: 5.407 logZ: -39.201 +/- 0.179 logLmax: -0.80
08-04 10:17 nessai INFO    : it: 34000: Rolling KS test: D=0.013, p-value=0.7071
08-04 10:17 nessai INFO    : it: 34000: n eval: 974913 H: 32.38 dlogZ: 3.427 logZ: -38.129 +/- 0.180 logLmax: -0.74
08-04 10:18 nessai INFO    : it: 35000: Rolling KS test: D=0.034, p-value=0.09683
08-04 10:18 nessai INFO    : it: 35000: n eval: 1114913 H: 32.73 dlogZ: 1.936 logZ: -37.456 +/- 0.181 logLmax: -0.68
08-04 10:18 nessai INFO    : it: 36000: Rolling KS test: D=0.04, p-value=0.03967
08-04 10:18 nessai INFO    : it: 36000: n eval: 1224913 H: 32.99 dlogZ: 1.156 logZ: -37.069 +/- 0.182 logLmax: -0.29
08-04 10:18 nessai INFO    : it: 37000: Rolling KS test: D=0.031, p-value=0.1433
08-04 10:18 nessai INFO    : it: 37000: n eval: 1344913 H: 33.17 dlogZ: 0.561 logZ: -36.854 +/- 0.182 logLmax: -0.14
08-04 10:18 nessai INFO    : it: 38000: Rolling KS test: D=0.02, p-value=0.4434
08-04 10:18 nessai INFO    : it: 38000: n eval: 1504913 H: 33.28 dlogZ: 0.221 logZ: -36.744 +/- 0.182 logLmax: -0.14
08-04 10:18 nessai INFO    : Stopping with difference_log_evidence=0.100
08-04 10:18 nessai INFO    : Finalising
08-04 10:18 nessai INFO    : Final ln-evidence: -36.647 +/- 0.183
08-04 10:18 nessai INFO    : Information: 33.41
08-04 10:18 nessai INFO    : Final KS test: D=0.01006, p-value=0.0003867
08-04 10:18 nessai WARNING : Final p-value for the insertion indices is less than 0.05, this could be an indication of problems during sampling. Consider checking the diagnostic plots.
08-04 10:18 nessai INFO    : Checkpointing nested sampling
08-04 10:18 nessai INFO    : Total sampling time: 0:03:35.813423
08-04 10:18 nessai INFO    : Total training time: 0:01:14.719829
08-04 10:18 nessai INFO    : Total population time: 0:01:15.807469
08-04 10:18 nessai INFO    : Total likelihood evaluations: 1624913
08-04 10:18 nessai INFO    : Time spent evaluating likelihood: 0:00:26.145965
08-04 10:18 nessai INFO    : Total sampling time: 0:03:35.813423
08-04 10:18 nessai INFO    : Total likelihood evaluations: 1624913
08-04 10:18 nessai INFO    : Starting post processing
08-04 10:18 nessai INFO    : Computing posterior samples
08-04 10:18 nessai INFO    : Effective sample size: 6294.2
08-04 10:18 nessai INFO    : Producing posterior samples using rejection sampling
08-04 10:18 nessai INFO    : Expect 4394.722563018422 samples from rejection sampling
08-04 10:18 nessai INFO    : Returned 4429 posterior samples
08-04 10:19 nessai INFO    : Starting to close worker pool.
08-04 10:19 nessai INFO    : Finished closing worker pool.
