/data/wiay/postgrads/shashwat/qunat_com_future/lib/python3.11/site-packages/nessai/utils/logging.py:133: FutureWarning: setup_logger is deprecated, use configure_logger instead
  warnings.warn(
08-04 09:50 nessai INFO    : Running Nessai version 0.15.2
08-04 09:50 nessai INFO    : Starting multiprocessing pool with 4 processes
08-04 09:50 nessai INFO    : Initialising nested sampler
08-04 09:50 nessai WARNING : Multiprocessing pool has already been configured.
/data/wiay/postgrads/shashwat/qunat_com_future/lib/python3.11/site-packages/nessai/gw/__init__.py:12: FutureWarning: The `nessai.gw` module will be deprecated in the next release in favour of the nessai-gw package. This packages provides the same functionality as`nessai.gw` via the plugin interface.For more details, see: https://github.com/mj-will/nessai-gw
  warnings.warn(
08-04 09:50 nessai INFO    : Passing kwargs to FlowProposal: {'poolsize': 1000}
08-04 09:50 nessai INFO    : No reparameterisations provided, using default reparameterisations included in FlowProposal
08-04 09:50 nessai INFO    : Adding reparameterisations from: {}
08-04 09:50 nessai INFO    : Assuming fallback reparameterisation (ScaleAndShift) for ['kappa', 'mu_xi', 'sigma_chi', 'sigma_xi', 'rho', 'lambda_chi', 'chi0', 'xi0'] with kwargs: {'estimate_scale': True, 'estimate_shift': True, 'prior_bounds': {'kappa': array([0.1, 5. ]), 'mu_xi': array([0. , 0.1]), 'sigma_chi': array([0.05, 0.6 ]), 'sigma_xi': array([0.05, 0.4 ]), 'rho': array([-0.9,  0.9]), 'lambda_chi': array([-0.5,  0.5]), 'chi0': array([-0.5,  0.5]), 'xi0': array([2.5, 5. ])}}.
08-04 09:50 nessai INFO    : x space parameters: ['kappa', 'mu_xi', 'sigma_chi', 'sigma_xi', 'rho', 'lambda_chi', 'chi0', 'xi0']
08-04 09:50 nessai INFO    : x prime space parameters: ['kappa_prime', 'mu_xi_prime', 'sigma_chi_prime', 'sigma_xi_prime', 'rho_prime', 'lambda_chi_prime', 'chi0_prime', 'xi0_prime']
08-04 09:50 nessai INFO    : Overwriting fuzz factor with expansion fraction
08-04 09:50 nessai INFO    : New fuzz factor: 1.2228445449938519
08-04 09:50 nessai INFO    : Verifying rescaling functions
08-04 09:50 nessai INFO    : Rescaling functions are invertible
08-04 09:50 nessai INFO    : Populating initial live points
08-04 09:50 nessai INFO    : Populated 100 / 1000 live points
08-04 09:50 nessai INFO    : Populated 200 / 1000 live points
08-04 09:50 nessai INFO    : Populated 300 / 1000 live points
08-04 09:50 nessai INFO    : Populated 400 / 1000 live points
08-04 09:50 nessai INFO    : Populated 500 / 1000 live points
08-04 09:50 nessai INFO    : Populated 600 / 1000 live points
08-04 09:50 nessai INFO    : Populated 700 / 1000 live points
08-04 09:50 nessai INFO    : Populated 800 / 1000 live points
08-04 09:50 nessai INFO    : Populated 900 / 1000 live points
08-04 09:50 nessai INFO    : Populated 1000 / 1000 live points
08-04 09:50 nessai INFO    : Starting nested sampling loop
08-04 09:50 nessai INFO    : it:  1000: Rolling KS test: D=0.008, p-value=0.8752
08-04 09:50 nessai INFO    : it:  1000: n eval: 3000 H: 7.91 dlogZ: 50134413.240 logZ: -50314486.808 +/- 0.089 logLmax: -180072.57
08-04 09:50 nessai INFO    : it:  2000: Rolling KS test: D=0.048, p-value=0.009645
08-04 09:50 nessai INFO    : it:  2000: n eval: 8000 H: 8.91 dlogZ: 13744478.093 logZ: -13780382.017 +/- 0.094 logLmax: -35901.93
08-04 09:50 nessai INFO    : Switching to FlowProposal
08-04 09:50 nessai INFO    : it:  3000: Rolling KS test: D=0.0, p-value=1.0
08-04 09:50 nessai INFO    : it:  3000: n eval: 12148 H: 9.91 dlogZ: 4625905.259 logZ: -4649967.462 +/- 0.100 logLmax: -24059.20
08-04 09:50 nessai INFO    : it:  4000: Rolling KS test: D=0.036, p-value=0.07308
08-04 09:50 nessai INFO    : it:  4000: n eval: 16281 H: 10.91 dlogZ: 1953620.947 logZ: -1969838.733 +/- 0.104 logLmax: -16213.79
08-04 09:50 nessai INFO    : it:  5000: Rolling KS test: D=0.008, p-value=0.8752
08-04 09:50 nessai INFO    : it:  5000: n eval: 20531 H: 11.91 dlogZ: 870679.380 logZ: -882566.065 +/- 0.109 logLmax: -11881.69
08-04 09:50 nessai INFO    : it:  6000: Rolling KS test: D=0.026, p-value=0.2543
08-04 09:50 nessai INFO    : it:  6000: n eval: 25621 H: 12.91 dlogZ: 425151.327 logZ: -427305.320 +/- 0.114 logLmax: -2147.99
08-04 09:50 nessai INFO    : it:  7000: Rolling KS test: D=0.026, p-value=0.2543
08-04 09:50 nessai INFO    : it:  7000: n eval: 31394 H: 13.91 dlogZ: 213091.619 logZ: -215246.612 +/- 0.118 logLmax: -2147.99
08-04 09:50 nessai INFO    : it:  8000: Rolling KS test: D=0.031, p-value=0.1433
08-04 09:50 nessai INFO    : it:  8000: n eval: 36665 H: 14.91 dlogZ: 110252.701 logZ: -111456.595 +/- 0.122 logLmax: -1195.90
08-04 09:50 nessai INFO    : it:  9000: Rolling KS test: D=0.028, p-value=0.2046
08-04 09:50 nessai INFO    : it:  9000: n eval: 46432 H: 15.13 dlogZ: 56612.828 logZ: -57817.723 +/- 0.123 logLmax: -1195.90
08-04 09:50 nessai INFO    : it: 10000: Rolling KS test: D=0.023, p-value=0.3419
08-04 09:50 nessai INFO    : it: 10000: n eval: 59941 H: 16.91 dlogZ: 30332.529 logZ: -30734.361 +/- 0.130 logLmax: -391.83
08-04 09:50 nessai INFO    : it: 11000: Rolling KS test: D=0.03, p-value=0.162
08-04 09:50 nessai INFO    : it: 11000: n eval: 100014 H: 17.91 dlogZ: 16588.880 logZ: -16884.755 +/- 0.134 logLmax: -284.88
08-04 09:50 nessai INFO    : it: 12000: Rolling KS test: D=0.009, p-value=0.8454
08-04 09:50 nessai INFO    : it: 12000: n eval: 150014 H: 18.59 dlogZ: 9103.496 logZ: -9400.371 +/- 0.136 logLmax: -284.88
08-04 09:50 nessai INFO    : it: 13000: Rolling KS test: D=0.03, p-value=0.162
08-04 09:51 nessai INFO    : it: 13000: n eval: 199545 H: 19.56 dlogZ: 5394.402 logZ: -5585.306 +/- 0.140 logLmax: -177.91
08-04 09:51 nessai INFO    : it: 14000: Rolling KS test: D=0.016, p-value=0.593
08-04 09:51 nessai INFO    : it: 14000: n eval: 203943 H: 20.42 dlogZ: 3226.216 logZ: -3342.214 +/- 0.143 logLmax: -102.00
08-04 09:51 nessai INFO    : it: 15000: Rolling KS test: D=0.025, p-value=0.2818
08-04 09:51 nessai INFO    : it: 15000: n eval: 221653 H: 21.26 dlogZ: 1920.928 logZ: -2037.925 +/- 0.146 logLmax: -102.00
08-04 09:51 nessai INFO    : it: 16000: Rolling KS test: D=0.028, p-value=0.2046
08-04 09:51 nessai INFO    : it: 16000: n eval: 237605 H: 20.92 dlogZ: 1175.132 logZ: -1225.695 +/- 0.145 logLmax: -34.56
08-04 09:51 nessai INFO    : it: 17000: Rolling KS test: D=0.016, p-value=0.593
08-04 09:51 nessai INFO    : it: 17000: n eval: 259029 H: 21.29 dlogZ: 695.913 logZ: -747.476 +/- 0.146 logLmax: -34.56
08-04 09:51 nessai INFO    : it: 18000: Rolling KS test: D=0.02, p-value=0.4434
08-04 09:51 nessai INFO    : it: 18000: n eval: 281102 H: 22.27 dlogZ: 428.361 logZ: -473.709 +/- 0.149 logLmax: -27.35
08-04 09:51 nessai INFO    : it: 19000: Rolling KS test: D=0.027, p-value=0.2286
08-04 09:51 nessai INFO    : it: 19000: n eval: 304945 H: 22.59 dlogZ: 264.890 logZ: -294.556 +/- 0.150 logLmax: -10.67
08-04 09:51 nessai INFO    : it: 20000: Rolling KS test: D=0.026, p-value=0.2543
08-04 09:51 nessai INFO    : it: 20000: n eval: 341775 H: 23.46 dlogZ: 164.199 logZ: -191.885 +/- 0.153 logLmax: -7.69
08-04 09:51 nessai INFO    : it: 21000: Rolling KS test: D=0.013, p-value=0.7071
08-04 09:51 nessai INFO    : it: 21000: n eval: 378852 H: 23.80 dlogZ: 100.162 logZ: -128.744 +/- 0.154 logLmax: -7.58
08-04 09:51 nessai INFO    : it: 22000: Rolling KS test: D=0.02, p-value=0.4434
08-04 09:51 nessai INFO    : it: 22000: n eval: 428514 H: 24.42 dlogZ: 66.764 logZ: -92.212 +/- 0.156 logLmax: -3.45
08-04 09:51 nessai INFO    : it: 23000: Rolling KS test: D=0.024, p-value=0.311
08-04 09:51 nessai INFO    : it: 23000: n eval: 488514 H: 24.86 dlogZ: 42.048 logZ: -68.496 +/- 0.158 logLmax: -3.45
08-04 09:51 nessai INFO    : it: 24000: Rolling KS test: D=0.016, p-value=0.593
08-04 09:51 nessai INFO    : it: 24000: n eval: 578514 H: 25.38 dlogZ: 26.067 logZ: -53.515 +/- 0.159 logLmax: -3.45
08-04 09:52 nessai INFO    : it: 25000: Rolling KS test: D=0.004, p-value=0.9659
08-04 09:52 nessai INFO    : it: 25000: n eval: 688514 H: 25.78 dlogZ: 18.490 logZ: -45.261 +/- 0.161 logLmax: -1.77
08-04 09:52 nessai INFO    : it: 26000: Rolling KS test: D=0.043, p-value=0.02406
08-04 09:52 nessai INFO    : it: 26000: n eval: 848514 H: 26.25 dlogZ: 12.312 logZ: -40.083 +/- 0.162 logLmax: -1.77
08-04 09:52 nessai INFO    : it: 27000: Rolling KS test: D=0.02, p-value=0.4434
08-04 09:52 nessai INFO    : it: 27000: n eval: 1058514 H: 26.61 dlogZ: 8.633 logZ: -37.186 +/- 0.163 logLmax: -1.55
08-04 09:53 nessai INFO    : it: 28000: Rolling KS test: D=0.028, p-value=0.2046
08-04 09:53 nessai INFO    : it: 28000: n eval: 1298514 H: 27.01 dlogZ: 5.899 logZ: -35.450 +/- 0.164 logLmax: -1.55
08-04 09:53 nessai INFO    : it: 29000: Rolling KS test: D=0.01, p-value=0.8133
08-04 09:53 nessai INFO    : it: 29000: n eval: 1568514 H: 27.40 dlogZ: 3.837 logZ: -34.369 +/- 0.166 logLmax: -1.55
08-04 09:54 nessai INFO    : it: 30000: Rolling KS test: D=0.034, p-value=0.09683
08-04 09:54 nessai INFO    : it: 30000: n eval: 1868514 H: 27.70 dlogZ: 2.650 logZ: -33.732 +/- 0.166 logLmax: -1.16
08-04 09:55 nessai INFO    : it: 31000: Rolling KS test: D=0.018, p-value=0.5169
08-04 09:55 nessai INFO    : it: 31000: n eval: 2178514 H: 27.96 dlogZ: 1.460 logZ: -33.351 +/- 0.167 logLmax: -1.16
08-04 09:55 nessai INFO    : it: 32000: Rolling KS test: D=0.039, p-value=0.0465
08-04 09:55 nessai INFO    : it: 32000: n eval: 2398514 H: 28.16 dlogZ: 0.925 logZ: -33.131 +/- 0.168 logLmax: -0.71
08-04 09:55 nessai INFO    : it: 33000: Rolling KS test: D=0.01, p-value=0.8133
08-04 09:55 nessai INFO    : it: 33000: n eval: 2568514 H: 28.30 dlogZ: 0.402 logZ: -33.008 +/- 0.168 logLmax: -0.71
08-04 09:56 nessai INFO    : it: 34000: Rolling KS test: D=0.026, p-value=0.2543
08-04 09:56 nessai INFO    : it: 34000: n eval: 2718514 H: 28.38 dlogZ: 0.158 logZ: -32.944 +/- 0.168 logLmax: -0.71
08-04 09:56 nessai INFO    : Stopping with difference_log_evidence=0.100
08-04 09:56 nessai INFO    : Finalising
08-04 09:56 nessai INFO    : Final ln-evidence: -32.884 +/- 0.169
08-04 09:56 nessai INFO    : Information: 28.49
08-04 09:56 nessai INFO    : Final KS test: D=0.007522, p-value=0.01985
08-04 09:56 nessai WARNING : Final p-value for the insertion indices is less than 0.05, this could be an indication of problems during sampling. Consider checking the diagnostic plots.
08-04 09:56 nessai INFO    : Checkpointing nested sampling
08-04 09:56 nessai INFO    : Total sampling time: 0:06:02.345691
08-04 09:56 nessai INFO    : Total training time: 0:01:51.071858
08-04 09:56 nessai INFO    : Total population time: 0:02:48.118112
08-04 09:56 nessai INFO    : Total likelihood evaluations: 2798514
08-04 09:56 nessai INFO    : Time spent evaluating likelihood: 0:00:44.850524
08-04 09:56 nessai INFO    : Total sampling time: 0:06:02.345691
08-04 09:56 nessai INFO    : Total likelihood evaluations: 2798514
08-04 09:56 nessai INFO    : Starting post processing
08-04 09:56 nessai INFO    : Computing posterior samples
08-04 09:56 nessai INFO    : Effective sample size: 6735.9
08-04 09:56 nessai INFO    : Producing posterior samples using rejection sampling
08-04 09:56 nessai INFO    : Expect 4645.704369192685 samples from rejection sampling
08-04 09:56 nessai INFO    : Returned 4644 posterior samples
08-04 09:56 nessai INFO    : Starting to close worker pool.
08-04 09:56 nessai INFO    : Finished closing worker pool.
