/data/wiay/postgrads/shashwat/qunat_com_future/lib/python3.11/site-packages/nessai/utils/logging.py:133: FutureWarning: setup_logger is deprecated, use configure_logger instead
  warnings.warn(
08-04 14:29 nessai INFO    : Running Nessai version 0.15.2
08-04 14:29 nessai INFO    : Starting multiprocessing pool with 4 processes
08-04 14:29 nessai INFO    : Initialising nested sampler
08-04 14:29 nessai WARNING : Multiprocessing pool has already been configured.
/data/wiay/postgrads/shashwat/qunat_com_future/lib/python3.11/site-packages/nessai/gw/__init__.py:12: FutureWarning: The `nessai.gw` module will be deprecated in the next release in favour of the nessai-gw package. This packages provides the same functionality as`nessai.gw` via the plugin interface.For more details, see: https://github.com/mj-will/nessai-gw
  warnings.warn(
08-04 14:29 nessai INFO    : Passing kwargs to FlowProposal: {'poolsize': 1000}
08-04 14:29 nessai INFO    : No reparameterisations provided, using default reparameterisations included in FlowProposal
08-04 14:29 nessai INFO    : Adding reparameterisations from: {}
08-04 14:29 nessai INFO    : Assuming fallback reparameterisation (ScaleAndShift) for ['kappa', 'mu_xi', 'sigma_chi', 'sigma_xi', 'rho', 'lambda_chi', 'chi0', 'xi0'] with kwargs: {'estimate_scale': True, 'estimate_shift': True, 'prior_bounds': {'kappa': array([0.1, 5. ]), 'mu_xi': array([0. , 0.1]), 'sigma_chi': array([0.05, 0.6 ]), 'sigma_xi': array([0.05, 0.4 ]), 'rho': array([-0.9,  0.9]), 'lambda_chi': array([-0.5,  0.5]), 'chi0': array([-0.5,  0.5]), 'xi0': array([2.5, 5. ])}}.
08-04 14:29 nessai INFO    : x space parameters: ['kappa', 'mu_xi', 'sigma_chi', 'sigma_xi', 'rho', 'lambda_chi', 'chi0', 'xi0']
08-04 14:29 nessai INFO    : x prime space parameters: ['kappa_prime', 'mu_xi_prime', 'sigma_chi_prime', 'sigma_xi_prime', 'rho_prime', 'lambda_chi_prime', 'chi0_prime', 'xi0_prime']
08-04 14:29 nessai INFO    : Overwriting fuzz factor with expansion fraction
08-04 14:29 nessai INFO    : New fuzz factor: 1.2228445449938519
08-04 14:29 nessai INFO    : Verifying rescaling functions
08-04 14:29 nessai INFO    : Rescaling functions are invertible
08-04 14:29 nessai INFO    : Populating initial live points
08-04 14:29 nessai INFO    : Populated 100 / 1000 live points
08-04 14:29 nessai INFO    : Populated 200 / 1000 live points
08-04 14:29 nessai INFO    : Populated 300 / 1000 live points
08-04 14:29 nessai INFO    : Populated 400 / 1000 live points
08-04 14:29 nessai INFO    : Populated 500 / 1000 live points
08-04 14:29 nessai INFO    : Populated 600 / 1000 live points
08-04 14:29 nessai INFO    : Populated 700 / 1000 live points
08-04 14:29 nessai INFO    : Populated 800 / 1000 live points
08-04 14:29 nessai INFO    : Populated 900 / 1000 live points
08-04 14:29 nessai INFO    : Populated 1000 / 1000 live points
08-04 14:29 nessai INFO    : Starting nested sampling loop
08-04 14:29 nessai INFO    : it:  1000: Rolling KS test: D=0.017, p-value=0.5547
08-04 14:29 nessai INFO    : it:  1000: n eval: 3000 H: 7.91 dlogZ: 8159898.709 logZ: -8185372.971 +/- 0.089 logLmax: -25473.26
08-04 14:29 nessai INFO    : it:  2000: Rolling KS test: D=0.031, p-value=0.1433
08-04 14:29 nessai INFO    : it:  2000: n eval: 8000 H: 8.91 dlogZ: 2160084.963 logZ: -2165743.623 +/- 0.094 logLmax: -5656.66
08-04 14:29 nessai INFO    : Switching to FlowProposal
08-04 14:29 nessai INFO    : it:  3000: Rolling KS test: D=0.022, p-value=0.3744
08-04 14:29 nessai INFO    : it:  3000: n eval: 12283 H: 9.91 dlogZ: 770807.447 logZ: -773037.681 +/- 0.100 logLmax: -2227.24
08-04 14:29 nessai INFO    : it:  4000: Rolling KS test: D=0.028, p-value=0.2046
08-04 14:29 nessai INFO    : it:  4000: n eval: 16046 H: 10.91 dlogZ: 295532.611 logZ: -297763.845 +/- 0.104 logLmax: -2227.24
08-04 14:29 nessai INFO    : it:  5000: Rolling KS test: D=0.015, p-value=0.6313
08-04 14:29 nessai INFO    : it:  5000: n eval: 21040 H: 11.91 dlogZ: 132326.361 logZ: -134558.595 +/- 0.109 logLmax: -2227.24
08-04 14:29 nessai INFO    : it:  6000: Rolling KS test: D=0.014, p-value=0.6695
08-04 14:29 nessai INFO    : it:  6000: n eval: 25428 H: 12.91 dlogZ: 63676.175 logZ: -64233.845 +/- 0.114 logLmax: -551.67
08-04 14:29 nessai INFO    : it:  7000: Rolling KS test: D=0.007, p-value=0.9024
08-04 14:29 nessai INFO    : it:  7000: n eval: 30225 H: 13.91 dlogZ: 30286.077 logZ: -30844.747 +/- 0.118 logLmax: -551.67
08-04 14:29 nessai INFO    : it:  8000: Rolling KS test: D=0.017, p-value=0.5547
08-04 14:29 nessai INFO    : it:  8000: n eval: 36368 H: 14.91 dlogZ: 15842.539 logZ: -16000.337 +/- 0.122 logLmax: -149.80
08-04 14:29 nessai INFO    : it:  9000: Rolling KS test: D=0.034, p-value=0.09683
08-04 14:29 nessai INFO    : it:  9000: n eval: 41075 H: 15.91 dlogZ: 7951.688 logZ: -8110.486 +/- 0.126 logLmax: -149.80
08-04 14:29 nessai INFO    : it: 10000: Rolling KS test: D=0.039, p-value=0.0465
08-04 14:29 nessai INFO    : it: 10000: n eval: 45892 H: 16.25 dlogZ: 4207.548 logZ: -4319.182 +/- 0.127 logLmax: -101.63
08-04 14:29 nessai INFO    : it: 11000: Rolling KS test: D=0.053, p-value=0.003498
08-04 14:29 nessai INFO    : it: 11000: n eval: 50604 H: 16.81 dlogZ: 2318.212 logZ: -2378.185 +/- 0.130 logLmax: -48.97
08-04 14:29 nessai INFO    : it: 12000: Rolling KS test: D=0.01, p-value=0.8133
08-04 14:29 nessai INFO    : it: 12000: n eval: 56621 H: 17.40 dlogZ: 1286.904 logZ: -1347.878 +/- 0.132 logLmax: -48.97
08-04 14:29 nessai INFO    : it: 13000: Rolling KS test: D=0.027, p-value=0.2286
08-04 14:29 nessai INFO    : it: 13000: n eval: 61714 H: 17.80 dlogZ: 747.485 logZ: -777.625 +/- 0.133 logLmax: -17.14
08-04 14:29 nessai INFO    : it: 14000: Rolling KS test: D=0.019, p-value=0.4797
08-04 14:29 nessai INFO    : it: 14000: n eval: 70679 H: 18.30 dlogZ: 411.680 logZ: -442.819 +/- 0.135 logLmax: -17.14
08-04 14:29 nessai INFO    : it: 15000: Rolling KS test: D=0.039, p-value=0.0465
08-04 14:29 nessai INFO    : it: 15000: n eval: 76856 H: 19.02 dlogZ: 235.998 logZ: -268.138 +/- 0.138 logLmax: -17.14
08-04 14:29 nessai INFO    : it: 16000: Rolling KS test: D=0.02, p-value=0.4434
08-04 14:29 nessai INFO    : it: 16000: n eval: 83875 H: 19.26 dlogZ: 140.669 logZ: -160.224 +/- 0.139 logLmax: -3.56
08-04 14:29 nessai INFO    : it: 17000: Rolling KS test: D=0.025, p-value=0.2818
08-04 14:29 nessai INFO    : it: 17000: n eval: 90708 H: 19.59 dlogZ: 82.629 logZ: -103.184 +/- 0.140 logLmax: -3.56
08-04 14:29 nessai INFO    : it: 18000: Rolling KS test: D=0.048, p-value=0.009645
08-04 14:29 nessai INFO    : it: 18000: n eval: 102475 H: 20.15 dlogZ: 48.730 logZ: -70.285 +/- 0.142 logLmax: -3.56
08-04 14:29 nessai INFO    : it: 19000: Rolling KS test: D=0.043, p-value=0.02406
08-04 14:29 nessai INFO    : it: 19000: n eval: 116885 H: 20.53 dlogZ: 30.616 logZ: -53.172 +/- 0.143 logLmax: -3.56
08-04 14:30 nessai INFO    : it: 20000: Rolling KS test: D=0.008, p-value=0.8752
08-04 14:30 nessai INFO    : it: 20000: n eval: 131735 H: 20.86 dlogZ: 20.061 logZ: -43.616 +/- 0.144 logLmax: -3.56
08-04 14:30 nessai INFO    : it: 21000: Rolling KS test: D=0.026, p-value=0.2543
08-04 14:30 nessai INFO    : it: 21000: n eval: 160835 H: 21.31 dlogZ: 13.980 logZ: -38.378 +/- 0.146 logLmax: -3.40
08-04 14:30 nessai INFO    : it: 22000: Rolling KS test: D=0.014, p-value=0.6695
08-04 14:30 nessai INFO    : it: 22000: n eval: 188107 H: 21.82 dlogZ: 9.798 logZ: -34.989 +/- 0.148 logLmax: -3.19
08-04 14:30 nessai INFO    : it: 23000: Rolling KS test: D=0.017, p-value=0.5547
08-04 14:30 nessai INFO    : it: 23000: n eval: 224612 H: 22.19 dlogZ: 6.919 logZ: -33.006 +/- 0.149 logLmax: -3.09
08-04 14:30 nessai INFO    : it: 24000: Rolling KS test: D=0.019, p-value=0.4797
08-04 14:30 nessai INFO    : it: 24000: n eval: 263552 H: 22.67 dlogZ: 5.870 logZ: -31.659 +/- 0.151 logLmax: -1.79
08-04 14:30 nessai INFO    : it: 25000: Rolling KS test: D=0.029, p-value=0.1825
08-04 14:30 nessai INFO    : it: 25000: n eval: 300317 H: 23.13 dlogZ: 3.966 logZ: -30.738 +/- 0.152 logLmax: -1.79
08-04 14:30 nessai INFO    : it: 26000: Rolling KS test: D=0.034, p-value=0.09683
08-04 14:30 nessai INFO    : it: 26000: n eval: 324033 H: 23.50 dlogZ: 2.467 logZ: -30.149 +/- 0.153 logLmax: -1.77
08-04 14:30 nessai INFO    : it: 27000: Rolling KS test: D=0.023, p-value=0.3419
08-04 14:30 nessai INFO    : it: 27000: n eval: 340874 H: 23.82 dlogZ: 1.419 logZ: -29.772 +/- 0.154 logLmax: -1.63
08-04 14:30 nessai INFO    : it: 28000: Rolling KS test: D=0.025, p-value=0.2818
08-04 14:30 nessai INFO    : it: 28000: n eval: 358525 H: 24.06 dlogZ: 0.716 logZ: -29.545 +/- 0.155 logLmax: -1.50
08-04 14:30 nessai INFO    : it: 29000: Rolling KS test: D=0.044, p-value=0.0202
08-04 14:30 nessai INFO    : it: 29000: n eval: 375849 H: 24.21 dlogZ: 0.305 logZ: -29.421 +/- 0.156 logLmax: -1.45
08-04 14:30 nessai INFO    : it: 30000: Rolling KS test: D=0.041, p-value=0.03371
08-04 14:30 nessai INFO    : it: 30000: n eval: 392759 H: 24.31 dlogZ: 0.132 logZ: -29.356 +/- 0.156 logLmax: -1.32
08-04 14:30 nessai INFO    : Stopping with difference_log_evidence=0.100
08-04 14:30 nessai INFO    : Finalising
08-04 14:30 nessai INFO    : Final ln-evidence: -29.299 +/- 0.156
08-04 14:30 nessai INFO    : Information: 24.41
08-04 14:30 nessai INFO    : Final KS test: D=0.01386, p-value=8.84e-06
08-04 14:30 nessai WARNING : Final p-value for the insertion indices is less than 0.05, this could be an indication of problems during sampling. Consider checking the diagnostic plots.
08-04 14:30 nessai INFO    : Checkpointing nested sampling
08-04 14:30 nessai INFO    : Total sampling time: 0:01:35.168409
08-04 14:30 nessai INFO    : Total training time: 0:00:31.944202
08-04 14:30 nessai INFO    : Total population time: 0:00:23.318314
08-04 14:30 nessai INFO    : Total likelihood evaluations: 398490
08-04 14:30 nessai INFO    : Time spent evaluating likelihood: 0:00:07.918394
08-04 14:30 nessai INFO    : Total sampling time: 0:01:35.168409
08-04 14:30 nessai INFO    : Total likelihood evaluations: 398490
08-04 14:30 nessai INFO    : Starting post processing
08-04 14:30 nessai INFO    : Computing posterior samples
08-04 14:30 nessai INFO    : Effective sample size: 6968.6
08-04 14:30 nessai INFO    : Producing posterior samples using rejection sampling
08-04 14:30 nessai INFO    : Expect 4851.937837424073 samples from rejection sampling
08-04 14:30 nessai INFO    : Returned 4712 posterior samples
08-04 14:30 nessai INFO    : Starting to close worker pool.
08-04 14:30 nessai INFO    : Finished closing worker pool.
