/data/wiay/postgrads/shashwat/qunat_com_future/lib/python3.11/site-packages/nessai/utils/logging.py:133: FutureWarning: setup_logger is deprecated, use configure_logger instead
  warnings.warn(
08-04 12:43 nessai INFO    : Running Nessai version 0.15.2
08-04 12:43 nessai INFO    : Starting multiprocessing pool with 4 processes
08-04 12:43 nessai INFO    : Initialising nested sampler
08-04 12:43 nessai WARNING : Multiprocessing pool has already been configured.
/data/wiay/postgrads/shashwat/qunat_com_future/lib/python3.11/site-packages/nessai/gw/__init__.py:12: FutureWarning: The `nessai.gw` module will be deprecated in the next release in favour of the nessai-gw package. This packages provides the same functionality as`nessai.gw` via the plugin interface.For more details, see: https://github.com/mj-will/nessai-gw
  warnings.warn(
08-04 12:43 nessai INFO    : Passing kwargs to FlowProposal: {'poolsize': 1000}
08-04 12:43 nessai INFO    : No reparameterisations provided, using default reparameterisations included in FlowProposal
08-04 12:43 nessai INFO    : Adding reparameterisations from: {}
08-04 12:43 nessai INFO    : Assuming fallback reparameterisation (ScaleAndShift) for ['kappa', 'mu_xi', 'sigma_chi', 'sigma_xi', 'rho', 'lambda_chi', 'chi0', 'xi0'] with kwargs: {'estimate_scale': True, 'estimate_shift': True, 'prior_bounds': {'kappa': array([0.1, 5. ]), 'mu_xi': array([0. , 0.1]), 'sigma_chi': array([0.05, 0.6 ]), 'sigma_xi': array([0.05, 0.4 ]), 'rho': array([-0.9,  0.9]), 'lambda_chi': array([-0.5,  0.5]), 'chi0': array([-0.5,  0.5]), 'xi0': array([2.5, 5. ])}}.
08-04 12:43 nessai INFO    : x space parameters: ['kappa', 'mu_xi', 'sigma_chi', 'sigma_xi', 'rho', 'lambda_chi', 'chi0', 'xi0']
08-04 12:43 nessai INFO    : x prime space parameters: ['kappa_prime', 'mu_xi_prime', 'sigma_chi_prime', 'sigma_xi_prime', 'rho_prime', 'lambda_chi_prime', 'chi0_prime', 'xi0_prime']
08-04 12:43 nessai INFO    : Overwriting fuzz factor with expansion fraction
08-04 12:43 nessai INFO    : New fuzz factor: 1.2228445449938519
08-04 12:43 nessai INFO    : Verifying rescaling functions
08-04 12:43 nessai INFO    : Rescaling functions are invertible
08-04 12:43 nessai INFO    : Populating initial live points
08-04 12:43 nessai INFO    : Populated 100 / 1000 live points
08-04 12:43 nessai INFO    : Populated 200 / 1000 live points
08-04 12:43 nessai INFO    : Populated 300 / 1000 live points
08-04 12:43 nessai INFO    : Populated 400 / 1000 live points
08-04 12:43 nessai INFO    : Populated 500 / 1000 live points
08-04 12:43 nessai INFO    : Populated 600 / 1000 live points
08-04 12:43 nessai INFO    : Populated 700 / 1000 live points
08-04 12:43 nessai INFO    : Populated 800 / 1000 live points
08-04 12:43 nessai INFO    : Populated 900 / 1000 live points
08-04 12:43 nessai INFO    : Populated 1000 / 1000 live points
08-04 12:43 nessai INFO    : Starting nested sampling loop
08-04 12:43 nessai INFO    : it:  1000: Rolling KS test: D=0.005, p-value=0.9481
08-04 12:43 nessai INFO    : it:  1000: n eval: 3000 H: 7.91 dlogZ: 4177619.558 logZ: -4182238.213 +/- 0.089 logLmax: -4617.66
08-04 12:43 nessai INFO    : it:  2000: Rolling KS test: D=0.009, p-value=0.8454
08-04 12:43 nessai INFO    : it:  2000: n eval: 8000 H: 8.91 dlogZ: 908356.525 logZ: -912976.180 +/- 0.094 logLmax: -4617.66
08-04 12:43 nessai INFO    : Switching to FlowProposal
08-04 12:43 nessai INFO    : it:  3000: Rolling KS test: D=0.019, p-value=0.4797
08-04 12:43 nessai INFO    : it:  3000: n eval: 12003 H: 9.91 dlogZ: 300585.320 logZ: -302365.168 +/- 0.100 logLmax: -1776.85
08-04 12:43 nessai INFO    : it:  4000: Rolling KS test: D=0.009, p-value=0.8454
08-04 12:43 nessai INFO    : it:  4000: n eval: 15802 H: 10.91 dlogZ: 124854.281 logZ: -126477.812 +/- 0.104 logLmax: -1619.53
08-04 12:43 nessai INFO    : it:  5000: Rolling KS test: D=0.016, p-value=0.593
08-04 12:43 nessai INFO    : it:  5000: n eval: 17835 H: 11.91 dlogZ: 56220.439 logZ: -57691.057 +/- 0.109 logLmax: -1465.62
08-04 12:43 nessai INFO    : it:  6000: Rolling KS test: D=0.013, p-value=0.7071
08-04 12:43 nessai INFO    : it:  6000: n eval: 21755 H: 12.91 dlogZ: 28434.434 logZ: -28666.293 +/- 0.114 logLmax: -225.86
08-04 12:43 nessai INFO    : it:  7000: Rolling KS test: D=0.035, p-value=0.08429
08-04 12:43 nessai INFO    : it:  7000: n eval: 26119 H: 12.92 dlogZ: 14257.339 logZ: -14490.199 +/- 0.114 logLmax: -225.86
08-04 12:44 nessai INFO    : it:  8000: Rolling KS test: D=0.034, p-value=0.09683
08-04 12:44 nessai INFO    : it:  8000: n eval: 30518 H: 14.86 dlogZ: 7179.632 logZ: -7310.825 +/- 0.122 logLmax: -123.19
08-04 12:44 nessai INFO    : it:  9000: Rolling KS test: D=0.042, p-value=0.02854
08-04 12:44 nessai INFO    : it:  9000: n eval: 34898 H: 15.86 dlogZ: 3880.118 logZ: -3909.946 +/- 0.126 logLmax: -20.83
08-04 12:44 nessai INFO    : it: 10000: Rolling KS test: D=0.029, p-value=0.1825
08-04 12:44 nessai INFO    : it: 10000: n eval: 39498 H: 15.72 dlogZ: 1979.299 logZ: -2010.127 +/- 0.125 logLmax: -20.83
08-04 12:44 nessai INFO    : it: 11000: Rolling KS test: D=0.033, p-value=0.1108
08-04 12:44 nessai INFO    : it: 11000: n eval: 44132 H: 16.65 dlogZ: 1068.738 logZ: -1100.566 +/- 0.129 logLmax: -20.83
08-04 12:44 nessai INFO    : it: 12000: Rolling KS test: D=0.025, p-value=0.2818
08-04 12:44 nessai INFO    : it: 12000: n eval: 48714 H: 16.36 dlogZ: 582.173 logZ: -615.001 +/- 0.128 logLmax: -20.83
08-04 12:44 nessai INFO    : it: 13000: Rolling KS test: D=0.012, p-value=0.7438
08-04 12:44 nessai INFO    : it: 13000: n eval: 53583 H: 17.20 dlogZ: 326.111 logZ: -352.809 +/- 0.131 logLmax: -13.70
08-04 12:44 nessai INFO    : it: 14000: Rolling KS test: D=0.018, p-value=0.5169
08-04 12:44 nessai INFO    : it: 14000: n eval: 59223 H: 17.56 dlogZ: 186.358 logZ: -212.157 +/- 0.133 logLmax: -11.80
08-04 12:44 nessai INFO    : it: 15000: Rolling KS test: D=0.021, p-value=0.4082
08-04 12:44 nessai INFO    : it: 15000: n eval: 68014 H: 18.16 dlogZ: 119.298 logZ: -140.041 +/- 0.135 logLmax: -5.74
08-04 12:44 nessai INFO    : it: 16000: Rolling KS test: D=0.038, p-value=0.05428
08-04 12:44 nessai INFO    : it: 16000: n eval: 74712 H: 18.64 dlogZ: 72.839 logZ: -94.214 +/- 0.137 logLmax: -5.38
08-04 12:44 nessai INFO    : it: 17000: Rolling KS test: D=0.021, p-value=0.4082
08-04 12:44 nessai INFO    : it: 17000: n eval: 86598 H: 19.04 dlogZ: 43.466 logZ: -65.842 +/- 0.138 logLmax: -5.38
08-04 12:44 nessai INFO    : it: 18000: Rolling KS test: D=0.02, p-value=0.4434
08-04 12:44 nessai INFO    : it: 18000: n eval: 93670 H: 19.45 dlogZ: 28.761 logZ: -49.467 +/- 0.139 logLmax: -2.71
08-04 12:44 nessai INFO    : it: 19000: Rolling KS test: D=0.036, p-value=0.07308
08-04 12:44 nessai INFO    : it: 19000: n eval: 107574 H: 19.85 dlogZ: 18.444 logZ: -40.149 +/- 0.141 logLmax: -2.71
08-04 12:44 nessai INFO    : it: 20000: Rolling KS test: D=0.026, p-value=0.2543
08-04 12:44 nessai INFO    : it: 20000: n eval: 131154 H: 20.36 dlogZ: 11.679 logZ: -34.385 +/- 0.143 logLmax: -2.71
08-04 12:44 nessai INFO    : it: 21000: Rolling KS test: D=0.021, p-value=0.4082
08-04 12:44 nessai INFO    : it: 21000: n eval: 144285 H: 20.80 dlogZ: 7.525 logZ: -31.068 +/- 0.144 logLmax: -2.54
08-04 12:45 nessai INFO    : it: 22000: Rolling KS test: D=0.013, p-value=0.7071
08-04 12:45 nessai INFO    : it: 22000: n eval: 170893 H: 21.11 dlogZ: 4.617 logZ: -29.151 +/- 0.145 logLmax: -2.54
08-04 12:45 nessai INFO    : it: 23000: Rolling KS test: D=0.041, p-value=0.03371
08-04 12:45 nessai INFO    : it: 23000: n eval: 209452 H: 21.43 dlogZ: 3.125 logZ: -28.065 +/- 0.146 logLmax: -1.99
08-04 12:45 nessai INFO    : it: 24000: Rolling KS test: D=0.039, p-value=0.0465
08-04 12:45 nessai INFO    : it: 24000: n eval: 257956 H: 21.66 dlogZ: 1.693 logZ: -27.475 +/- 0.147 logLmax: -1.99
08-04 12:45 nessai INFO    : it: 25000: Rolling KS test: D=0.012, p-value=0.7438
08-04 12:45 nessai INFO    : it: 25000: n eval: 297142 H: 21.83 dlogZ: 0.938 logZ: -27.169 +/- 0.148 logLmax: -1.73
08-04 12:46 nessai INFO    : it: 26000: Rolling KS test: D=0.046, p-value=0.01407
08-04 12:46 nessai INFO    : it: 26000: n eval: 357142 H: 21.95 dlogZ: 0.482 logZ: -27.006 +/- 0.148 logLmax: -1.49
08-04 12:46 nessai INFO    : it: 27000: Rolling KS test: D=0.024, p-value=0.311
08-04 12:46 nessai INFO    : it: 27000: n eval: 427142 H: 22.03 dlogZ: 0.191 logZ: -26.925 +/- 0.148 logLmax: -1.49
08-04 12:46 nessai INFO    : Stopping with difference_log_evidence=0.100
08-04 12:46 nessai INFO    : Finalising
08-04 12:46 nessai INFO    : Final ln-evidence: -26.852 +/- 0.149
08-04 12:46 nessai INFO    : Information: 22.13
08-04 12:46 nessai INFO    : Final KS test: D=0.00896, p-value=0.0117
08-04 12:46 nessai WARNING : Final p-value for the insertion indices is less than 0.05, this could be an indication of problems during sampling. Consider checking the diagnostic plots.
08-04 12:46 nessai INFO    : Checkpointing nested sampling
08-04 12:46 nessai INFO    : Total sampling time: 0:02:48.637615
08-04 12:46 nessai INFO    : Total training time: 0:00:53.577738
08-04 12:46 nessai INFO    : Total population time: 0:00:56.217003
08-04 12:46 nessai INFO    : Total likelihood evaluations: 477142
08-04 12:46 nessai INFO    : Time spent evaluating likelihood: 0:00:19.420633
08-04 12:46 nessai INFO    : Total sampling time: 0:02:48.637615
08-04 12:46 nessai INFO    : Total likelihood evaluations: 477142
08-04 12:46 nessai INFO    : Starting post processing
08-04 12:46 nessai INFO    : Computing posterior samples
08-04 12:46 nessai INFO    : Effective sample size: 5954.7
08-04 12:46 nessai INFO    : Producing posterior samples using rejection sampling
08-04 12:46 nessai INFO    : Expect 4089.3543720162816 samples from rejection sampling
08-04 12:46 nessai INFO    : Returned 4050 posterior samples
08-04 12:46 nessai INFO    : Starting to close worker pool.
08-04 12:46 nessai INFO    : Finished closing worker pool.
