/data/wiay/postgrads/shashwat/qunat_com_future/lib/python3.11/site-packages/nessai/utils/logging.py:133: FutureWarning: setup_logger is deprecated, use configure_logger instead
  warnings.warn(
08-04 12:35 nessai INFO    : Running Nessai version 0.15.2
08-04 12:35 nessai INFO    : Starting multiprocessing pool with 4 processes
08-04 12:35 nessai INFO    : Initialising nested sampler
08-04 12:35 nessai WARNING : Multiprocessing pool has already been configured.
/data/wiay/postgrads/shashwat/qunat_com_future/lib/python3.11/site-packages/nessai/gw/__init__.py:12: FutureWarning: The `nessai.gw` module will be deprecated in the next release in favour of the nessai-gw package. This packages provides the same functionality as`nessai.gw` via the plugin interface.For more details, see: https://github.com/mj-will/nessai-gw
  warnings.warn(
08-04 12:35 nessai INFO    : Passing kwargs to FlowProposal: {'poolsize': 1000}
08-04 12:35 nessai INFO    : No reparameterisations provided, using default reparameterisations included in FlowProposal
08-04 12:35 nessai INFO    : Adding reparameterisations from: {}
08-04 12:35 nessai INFO    : Assuming fallback reparameterisation (ScaleAndShift) for ['kappa', 'mu_xi', 'sigma_chi', 'sigma_xi', 'rho', 'lambda_chi', 'chi0', 'xi0'] with kwargs: {'estimate_scale': True, 'estimate_shift': True, 'prior_bounds': {'kappa': array([0.1, 5. ]), 'mu_xi': array([0. , 0.1]), 'sigma_chi': array([0.05, 0.6 ]), 'sigma_xi': array([0.05, 0.4 ]), 'rho': array([-0.9,  0.9]), 'lambda_chi': array([-0.5,  0.5]), 'chi0': array([-0.5,  0.5]), 'xi0': array([2.5, 5. ])}}.
08-04 12:35 nessai INFO    : x space parameters: ['kappa', 'mu_xi', 'sigma_chi', 'sigma_xi', 'rho', 'lambda_chi', 'chi0', 'xi0']
08-04 12:35 nessai INFO    : x prime space parameters: ['kappa_prime', 'mu_xi_prime', 'sigma_chi_prime', 'sigma_xi_prime', 'rho_prime', 'lambda_chi_prime', 'chi0_prime', 'xi0_prime']
08-04 12:35 nessai INFO    : Overwriting fuzz factor with expansion fraction
08-04 12:35 nessai INFO    : New fuzz factor: 1.2228445449938519
08-04 12:35 nessai INFO    : Verifying rescaling functions
08-04 12:35 nessai INFO    : Rescaling functions are invertible
08-04 12:35 nessai INFO    : Populating initial live points
08-04 12:35 nessai INFO    : Populated 100 / 1000 live points
08-04 12:35 nessai INFO    : Populated 200 / 1000 live points
08-04 12:35 nessai INFO    : Populated 300 / 1000 live points
08-04 12:35 nessai INFO    : Populated 400 / 1000 live points
08-04 12:35 nessai INFO    : Populated 500 / 1000 live points
08-04 12:35 nessai INFO    : Populated 600 / 1000 live points
08-04 12:35 nessai INFO    : Populated 700 / 1000 live points
08-04 12:35 nessai INFO    : Populated 800 / 1000 live points
08-04 12:35 nessai INFO    : Populated 900 / 1000 live points
08-04 12:35 nessai INFO    : Populated 1000 / 1000 live points
08-04 12:35 nessai INFO    : Starting nested sampling loop
08-04 12:35 nessai INFO    : it:  1000: Rolling KS test: D=0.035, p-value=0.08429
08-04 12:35 nessai INFO    : it:  1000: n eval: 3000 H: 7.91 dlogZ: 202450796.440 logZ: -202621819.292 +/- 0.089 logLmax: -171021.85
08-04 12:35 nessai INFO    : it:  2000: Rolling KS test: D=0.026, p-value=0.2543
08-04 12:35 nessai INFO    : it:  2000: n eval: 7000 H: 8.91 dlogZ: 56004456.471 logZ: -56175480.323 +/- 0.094 logLmax: -171021.85
08-04 12:35 nessai INFO    : Switching to FlowProposal
08-04 12:35 nessai INFO    : it:  3000: Rolling KS test: D=0.017, p-value=0.5547
08-04 12:35 nessai INFO    : it:  3000: n eval: 10869 H: 9.91 dlogZ: 16825162.686 logZ: -16915616.595 +/- 0.100 logLmax: -90450.91
08-04 12:35 nessai INFO    : it:  4000: Rolling KS test: D=0.014, p-value=0.6695
08-04 12:35 nessai INFO    : it:  4000: n eval: 14590 H: 10.91 dlogZ: 6145133.798 logZ: -6174774.356 +/- 0.104 logLmax: -29636.56
08-04 12:35 nessai INFO    : it:  5000: Rolling KS test: D=0.042, p-value=0.02854
08-04 12:35 nessai INFO    : it:  5000: n eval: 18902 H: 11.91 dlogZ: 2594067.113 logZ: -2619168.476 +/- 0.109 logLmax: -25096.36
08-04 12:35 nessai INFO    : it:  6000: Rolling KS test: D=0.021, p-value=0.4082
08-04 12:35 nessai INFO    : it:  6000: n eval: 20777 H: 12.91 dlogZ: 1181419.838 logZ: -1189124.852 +/- 0.114 logLmax: -7699.02
08-04 12:35 nessai INFO    : it:  7000: Rolling KS test: D=0.015, p-value=0.6313
08-04 12:35 nessai INFO    : it:  7000: n eval: 25120 H: 13.91 dlogZ: 580256.065 logZ: -587962.079 +/- 0.118 logLmax: -7699.02
08-04 12:35 nessai INFO    : it:  8000: Rolling KS test: D=0.027, p-value=0.2286
08-04 12:35 nessai INFO    : it:  8000: n eval: 32117 H: 14.91 dlogZ: 277726.167 logZ: -282731.457 +/- 0.122 logLmax: -4997.29
08-04 12:35 nessai INFO    : it:  9000: Rolling KS test: D=0.01, p-value=0.8133
08-04 12:35 nessai INFO    : it:  9000: n eval: 34669 H: 15.91 dlogZ: 140451.821 logZ: -145323.503 +/- 0.126 logLmax: -4862.68
08-04 12:35 nessai INFO    : it: 10000: Rolling KS test: D=0.05, p-value=0.006506
08-04 12:35 nessai INFO    : it: 10000: n eval: 42572 H: 16.91 dlogZ: 76321.747 logZ: -77356.320 +/- 0.130 logLmax: -1024.57
08-04 12:35 nessai INFO    : it: 11000: Rolling KS test: D=0.033, p-value=0.1108
08-04 12:35 nessai INFO    : it: 11000: n eval: 47734 H: 17.76 dlogZ: 40888.409 logZ: -41923.982 +/- 0.133 logLmax: -1024.57
08-04 12:35 nessai INFO    : it: 12000: Rolling KS test: D=0.03, p-value=0.162
08-04 12:35 nessai INFO    : it: 12000: n eval: 53606 H: 18.91 dlogZ: 22200.345 logZ: -22653.965 +/- 0.138 logLmax: -441.62
08-04 12:35 nessai INFO    : it: 13000: Rolling KS test: D=0.035, p-value=0.08429
08-04 12:35 nessai INFO    : it: 13000: n eval: 59552 H: 19.87 dlogZ: 12500.662 logZ: -12850.959 +/- 0.141 logLmax: -337.30
08-04 12:36 nessai INFO    : it: 14000: Rolling KS test: D=0.017, p-value=0.5547
08-04 12:36 nessai INFO    : it: 14000: n eval: 65551 H: 20.90 dlogZ: 6577.496 logZ: -6878.275 +/- 0.145 logLmax: -286.78
08-04 12:36 nessai INFO    : it: 15000: Rolling KS test: D=0.028, p-value=0.2046
08-04 12:36 nessai INFO    : it: 15000: n eval: 75935 H: 21.07 dlogZ: 3805.899 logZ: -4021.664 +/- 0.145 logLmax: -200.77
08-04 12:36 nessai INFO    : it: 16000: Rolling KS test: D=0.01, p-value=0.8133
08-04 12:36 nessai INFO    : it: 16000: n eval: 97502 H: 22.17 dlogZ: 2189.471 logZ: -2406.236 +/- 0.149 logLmax: -200.77
08-04 12:36 nessai INFO    : it: 17000: Rolling KS test: D=0.014, p-value=0.6695
08-04 12:36 nessai INFO    : it: 17000: n eval: 114168 H: 23.23 dlogZ: 1343.293 logZ: -1482.448 +/- 0.152 logLmax: -122.16
08-04 12:36 nessai INFO    : it: 18000: Rolling KS test: D=0.031, p-value=0.1433
08-04 12:36 nessai INFO    : it: 18000: n eval: 124166 H: 22.81 dlogZ: 781.582 logZ: -921.737 +/- 0.151 logLmax: -122.16
08-04 12:36 nessai INFO    : it: 19000: Rolling KS test: D=0.026, p-value=0.2543
08-04 12:36 nessai INFO    : it: 19000: n eval: 150634 H: 23.19 dlogZ: 498.709 logZ: -596.365 +/- 0.152 logLmax: -78.66
08-04 12:36 nessai INFO    : it: 20000: Rolling KS test: D=0.032, p-value=0.1263
08-04 12:36 nessai INFO    : it: 20000: n eval: 170565 H: 24.16 dlogZ: 339.039 logZ: -404.008 +/- 0.155 logLmax: -44.97
08-04 12:36 nessai INFO    : it: 21000: Rolling KS test: D=0.05, p-value=0.006506
08-04 12:36 nessai INFO    : it: 21000: n eval: 204384 H: 24.49 dlogZ: 218.162 logZ: -284.131 +/- 0.156 logLmax: -44.97
08-04 12:36 nessai INFO    : it: 22000: Rolling KS test: D=0.023, p-value=0.3419
08-04 12:36 nessai INFO    : it: 22000: n eval: 241393 H: 25.02 dlogZ: 163.380 logZ: -211.844 +/- 0.158 logLmax: -26.47
08-04 12:37 nessai INFO    : it: 23000: Rolling KS test: D=0.014, p-value=0.6695
08-04 12:37 nessai INFO    : it: 23000: n eval: 291393 H: 25.54 dlogZ: 116.374 logZ: -165.839 +/- 0.160 logLmax: -26.47
08-04 12:37 nessai INFO    : it: 24000: Rolling KS test: D=0.016, p-value=0.593
08-04 12:37 nessai INFO    : it: 24000: n eval: 371393 H: 26.35 dlogZ: 94.817 logZ: -133.564 +/- 0.162 logLmax: -14.75
08-04 12:37 nessai INFO    : it: 25000: Rolling KS test: D=0.02, p-value=0.4434
08-04 12:37 nessai INFO    : it: 25000: n eval: 461393 H: 26.91 dlogZ: 71.597 logZ: -111.344 +/- 0.164 logLmax: -14.75
08-04 12:38 nessai INFO    : it: 26000: Rolling KS test: D=0.013, p-value=0.7071
08-04 12:38 nessai INFO    : it: 26000: n eval: 581393 H: 27.63 dlogZ: 57.582 logZ: -94.443 +/- 0.166 logLmax: -10.86
08-04 12:39 nessai INFO    : it: 27000: Rolling KS test: D=0.025, p-value=0.2818
08-04 12:39 nessai INFO    : it: 27000: n eval: 761393 H: 28.27 dlogZ: 44.682 logZ: -82.544 +/- 0.168 logLmax: -10.86
08-04 12:40 nessai INFO    : it: 28000: Rolling KS test: D=0.042, p-value=0.02854
08-04 12:40 nessai INFO    : it: 28000: n eval: 951393 H: 29.03 dlogZ: 38.789 logZ: -73.386 +/- 0.170 logLmax: -6.60
08-04 12:40 nessai INFO    : it: 29000: Rolling KS test: D=0.029, p-value=0.1825
08-04 12:40 nessai INFO    : it: 29000: n eval: 1111393 H: 29.79 dlogZ: 30.576 logZ: -66.173 +/- 0.173 logLmax: -6.60
08-04 12:41 nessai INFO    : it: 30000: Rolling KS test: D=0.026, p-value=0.2543
08-04 12:41 nessai INFO    : it: 30000: n eval: 1221393 H: 30.60 dlogZ: 25.054 logZ: -59.963 +/- 0.175 logLmax: -4.91
08-04 12:41 nessai INFO    : it: 31000: Rolling KS test: D=0.041, p-value=0.03371
08-04 12:41 nessai INFO    : it: 31000: n eval: 1291393 H: 31.46 dlogZ: 20.127 logZ: -54.658 +/- 0.177 logLmax: -3.53
08-04 12:42 nessai INFO    : it: 32000: Rolling KS test: D=0.036, p-value=0.07308
08-04 12:42 nessai INFO    : it: 32000: n eval: 1360954 H: 32.20 dlogZ: 15.671 logZ: -50.214 +/- 0.179 logLmax: -2.54
08-04 12:42 nessai INFO    : it: 33000: Rolling KS test: D=0.026, p-value=0.2543
08-04 12:42 nessai INFO    : it: 33000: n eval: 1393354 H: 32.82 dlogZ: 11.291 logZ: -46.833 +/- 0.181 logLmax: -2.54
08-04 12:42 nessai INFO    : it: 34000: Rolling KS test: D=0.006, p-value=0.9268
08-04 12:42 nessai INFO    : it: 34000: n eval: 1405770 H: 33.39 dlogZ: 8.460 logZ: -44.534 +/- 0.183 logLmax: -2.08
08-04 12:42 nessai INFO    : it: 35000: Rolling KS test: D=0.031, p-value=0.1433
08-04 12:42 nessai INFO    : it: 35000: n eval: 1421075 H: 33.95 dlogZ: 6.012 logZ: -42.837 +/- 0.184 logLmax: -1.83
08-04 12:42 nessai INFO    : it: 36000: Rolling KS test: D=0.023, p-value=0.3419
08-04 12:42 nessai INFO    : it: 36000: n eval: 1435488 H: 34.42 dlogZ: 4.281 logZ: -41.709 +/- 0.186 logLmax: -1.44
08-04 12:43 nessai INFO    : it: 37000: Rolling KS test: D=0.02, p-value=0.4434
08-04 12:43 nessai INFO    : it: 37000: n eval: 1443843 H: 34.79 dlogZ: 3.041 logZ: -41.000 +/- 0.187 logLmax: -1.01
08-04 12:43 nessai INFO    : it: 38000: Rolling KS test: D=0.027, p-value=0.2286
08-04 12:43 nessai INFO    : it: 38000: n eval: 1456786 H: 35.13 dlogZ: 2.206 logZ: -40.542 +/- 0.187 logLmax: -0.45
08-04 12:43 nessai INFO    : it: 39000: Rolling KS test: D=0.028, p-value=0.2046
08-04 12:43 nessai INFO    : it: 39000: n eval: 1465727 H: 35.39 dlogZ: 1.201 logZ: -40.264 +/- 0.188 logLmax: -0.42
08-04 12:43 nessai INFO    : it: 40000: Rolling KS test: D=0.027, p-value=0.2286
08-04 12:43 nessai INFO    : it: 40000: n eval: 1477762 H: 35.58 dlogZ: 0.546 logZ: -40.101 +/- 0.189 logLmax: -0.42
08-04 12:43 nessai INFO    : it: 41000: Rolling KS test: D=0.012, p-value=0.7438
08-04 12:43 nessai INFO    : it: 41000: n eval: 1485537 H: 35.70 dlogZ: 0.219 logZ: -40.013 +/- 0.189 logLmax: -0.42
08-04 12:43 nessai INFO    : Stopping with difference_log_evidence=0.100
08-04 12:43 nessai INFO    : Finalising
08-04 12:43 nessai INFO    : Final ln-evidence: -39.930 +/- 0.189
08-04 12:43 nessai INFO    : Information: 35.85
08-04 12:43 nessai INFO    : Final KS test: D=0.01247, p-value=2.223e-06
08-04 12:43 nessai WARNING : Final p-value for the insertion indices is less than 0.05, this could be an indication of problems during sampling. Consider checking the diagnostic plots.
08-04 12:43 nessai INFO    : Checkpointing nested sampling
08-04 12:43 nessai INFO    : Total sampling time: 0:08:20.253254
08-04 12:43 nessai INFO    : Total training time: 0:02:26.228753
08-04 12:43 nessai INFO    : Total population time: 0:03:33.507081
08-04 12:43 nessai INFO    : Total likelihood evaluations: 1492712
08-04 12:43 nessai INFO    : Time spent evaluating likelihood: 0:01:06.463010
08-04 12:43 nessai INFO    : Total sampling time: 0:08:20.253254
08-04 12:43 nessai INFO    : Total likelihood evaluations: 1492712
08-04 12:43 nessai INFO    : Starting post processing
08-04 12:43 nessai INFO    : Computing posterior samples
08-04 12:43 nessai INFO    : Effective sample size: 7021.8
08-04 12:43 nessai INFO    : Producing posterior samples using rejection sampling
08-04 12:43 nessai INFO    : Expect 4879.6991008612185 samples from rejection sampling
08-04 12:43 nessai INFO    : Returned 4861 posterior samples
08-04 12:43 nessai INFO    : Starting to close worker pool.
08-04 12:43 nessai INFO    : Finished closing worker pool.
