/data/wiay/postgrads/shashwat/qunat_com_future/lib/python3.11/site-packages/nessai/utils/logging.py:133: FutureWarning: setup_logger is deprecated, use configure_logger instead
  warnings.warn(
08-04 14:18 nessai INFO    : Running Nessai version 0.15.2
08-04 14:18 nessai INFO    : Starting multiprocessing pool with 4 processes
08-04 14:18 nessai INFO    : Initialising nested sampler
08-04 14:18 nessai WARNING : Multiprocessing pool has already been configured.
/data/wiay/postgrads/shashwat/qunat_com_future/lib/python3.11/site-packages/nessai/gw/__init__.py:12: FutureWarning: The `nessai.gw` module will be deprecated in the next release in favour of the nessai-gw package. This packages provides the same functionality as`nessai.gw` via the plugin interface.For more details, see: https://github.com/mj-will/nessai-gw
  warnings.warn(
08-04 14:18 nessai INFO    : Passing kwargs to FlowProposal: {'poolsize': 1000}
08-04 14:18 nessai INFO    : No reparameterisations provided, using default reparameterisations included in FlowProposal
08-04 14:18 nessai INFO    : Adding reparameterisations from: {}
08-04 14:18 nessai INFO    : Assuming fallback reparameterisation (ScaleAndShift) for ['kappa', 'mu_xi', 'sigma_chi', 'sigma_xi', 'rho', 'lambda_chi', 'chi0', 'xi0'] with kwargs: {'estimate_scale': True, 'estimate_shift': True, 'prior_bounds': {'kappa': array([0.1, 5. ]), 'mu_xi': array([0. , 0.1]), 'sigma_chi': array([0.05, 0.6 ]), 'sigma_xi': array([0.05, 0.4 ]), 'rho': array([-0.9,  0.9]), 'lambda_chi': array([-0.5,  0.5]), 'chi0': array([-0.5,  0.5]), 'xi0': array([2.5, 5. ])}}.
08-04 14:18 nessai INFO    : x space parameters: ['kappa', 'mu_xi', 'sigma_chi', 'sigma_xi', 'rho', 'lambda_chi', 'chi0', 'xi0']
08-04 14:18 nessai INFO    : x prime space parameters: ['kappa_prime', 'mu_xi_prime', 'sigma_chi_prime', 'sigma_xi_prime', 'rho_prime', 'lambda_chi_prime', 'chi0_prime', 'xi0_prime']
08-04 14:18 nessai INFO    : Overwriting fuzz factor with expansion fraction
08-04 14:18 nessai INFO    : New fuzz factor: 1.2228445449938519
08-04 14:18 nessai INFO    : Verifying rescaling functions
08-04 14:18 nessai INFO    : Rescaling functions are invertible
08-04 14:18 nessai INFO    : Populating initial live points
08-04 14:18 nessai INFO    : Populated 100 / 1000 live points
08-04 14:18 nessai INFO    : Populated 200 / 1000 live points
08-04 14:18 nessai INFO    : Populated 300 / 1000 live points
08-04 14:18 nessai INFO    : Populated 400 / 1000 live points
08-04 14:18 nessai INFO    : Populated 500 / 1000 live points
08-04 14:18 nessai INFO    : Populated 600 / 1000 live points
08-04 14:18 nessai INFO    : Populated 700 / 1000 live points
08-04 14:18 nessai INFO    : Populated 800 / 1000 live points
08-04 14:18 nessai INFO    : Populated 900 / 1000 live points
08-04 14:18 nessai INFO    : Populated 1000 / 1000 live points
08-04 14:18 nessai INFO    : Starting nested sampling loop
08-04 14:18 nessai INFO    : it:  1000: Rolling KS test: D=0.009, p-value=0.8454
08-04 14:18 nessai INFO    : it:  1000: n eval: 3000 H: 7.91 dlogZ: 23779963.845 logZ: -23914811.694 +/- 0.089 logLmax: -134846.85
08-04 14:18 nessai INFO    : it:  2000: Rolling KS test: D=0.013, p-value=0.7071
08-04 14:18 nessai INFO    : it:  2000: n eval: 8000 H: 8.91 dlogZ: 9376546.131 logZ: -9446640.274 +/- 0.094 logLmax: -70092.14
08-04 14:18 nessai INFO    : Switching to FlowProposal
08-04 14:18 nessai INFO    : it:  3000: Rolling KS test: D=0.01, p-value=0.8133
08-04 14:18 nessai INFO    : it:  3000: n eval: 12138 H: 9.91 dlogZ: 4385485.645 logZ: -4455580.788 +/- 0.100 logLmax: -70092.14
08-04 14:18 nessai INFO    : it:  4000: Rolling KS test: D=0.03, p-value=0.162
08-04 14:18 nessai INFO    : it:  4000: n eval: 16309 H: 10.91 dlogZ: 2161834.435 logZ: -2229536.982 +/- 0.104 logLmax: -67698.55
08-04 14:18 nessai INFO    : it:  5000: Rolling KS test: D=0.013, p-value=0.7071
08-04 14:18 nessai INFO    : it:  5000: n eval: 18265 H: 11.91 dlogZ: 1150641.752 logZ: -1175327.731 +/- 0.109 logLmax: -24680.98
08-04 14:18 nessai INFO    : it:  6000: Rolling KS test: D=0.016, p-value=0.593
08-04 14:18 nessai INFO    : it:  6000: n eval: 22645 H: 12.91 dlogZ: 680957.275 logZ: -705644.254 +/- 0.114 logLmax: -24680.98
08-04 14:18 nessai INFO    : it:  7000: Rolling KS test: D=0.019, p-value=0.4797
08-04 14:18 nessai INFO    : it:  7000: n eval: 26819 H: 13.91 dlogZ: 459540.066 logZ: -481646.313 +/- 0.118 logLmax: -22099.25
08-04 14:18 nessai INFO    : it:  8000: Rolling KS test: D=0.019, p-value=0.4797
08-04 14:18 nessai INFO    : it:  8000: n eval: 31609 H: 14.91 dlogZ: 308249.278 logZ: -330356.525 +/- 0.122 logLmax: -22099.25
08-04 14:18 nessai INFO    : it:  9000: Rolling KS test: D=0.026, p-value=0.2543
08-04 14:18 nessai INFO    : it:  9000: n eval: 36802 H: 15.91 dlogZ: 211954.192 logZ: -214833.122 +/- 0.126 logLmax: -2869.93
08-04 14:19 nessai INFO    : it: 10000: Rolling KS test: D=0.045, p-value=0.01689
08-04 14:19 nessai INFO    : it: 10000: n eval: 42366 H: 16.91 dlogZ: 128360.023 logZ: -131239.953 +/- 0.130 logLmax: -2869.93
08-04 14:19 nessai INFO    : it: 11000: Rolling KS test: D=0.03, p-value=0.162
08-04 14:19 nessai INFO    : it: 11000: n eval: 47099 H: 17.89 dlogZ: 77720.041 logZ: -80600.971 +/- 0.134 logLmax: -2869.93
08-04 14:19 nessai INFO    : it: 12000: Rolling KS test: D=0.022, p-value=0.3744
08-04 14:19 nessai INFO    : it: 12000: n eval: 55690 H: 18.91 dlogZ: 47314.661 logZ: -48771.338 +/- 0.138 logLmax: -1444.68
08-04 14:19 nessai INFO    : it: 13000: Rolling KS test: D=0.019, p-value=0.4797
08-04 14:19 nessai INFO    : it: 13000: n eval: 61182 H: 19.19 dlogZ: 29703.513 logZ: -30063.875 +/- 0.139 logLmax: -347.36
08-04 14:19 nessai INFO    : it: 14000: Rolling KS test: D=0.01, p-value=0.8133
08-04 14:19 nessai INFO    : it: 14000: n eval: 66239 H: 20.90 dlogZ: 17566.161 logZ: -17927.524 +/- 0.145 logLmax: -347.36
08-04 14:19 nessai INFO    : it: 15000: Rolling KS test: D=0.017, p-value=0.5547
08-04 14:19 nessai INFO    : it: 15000: n eval: 72186 H: 21.91 dlogZ: 10181.497 logZ: -10467.002 +/- 0.148 logLmax: -270.51
08-04 14:19 nessai INFO    : it: 16000: Rolling KS test: D=0.029, p-value=0.1825
08-04 14:19 nessai INFO    : it: 16000: n eval: 83220 H: 22.90 dlogZ: 6025.073 logZ: -6311.579 +/- 0.151 logLmax: -270.51
08-04 14:19 nessai INFO    : it: 17000: Rolling KS test: D=0.021, p-value=0.4082
08-04 14:19 nessai INFO    : it: 17000: n eval: 90440 H: 23.41 dlogZ: 3725.272 logZ: -3802.464 +/- 0.153 logLmax: -60.19
08-04 14:19 nessai INFO    : it: 18000: Rolling KS test: D=0.029, p-value=0.1825
08-04 14:19 nessai INFO    : it: 18000: n eval: 103492 H: 23.17 dlogZ: 2311.779 logZ: -2389.971 +/- 0.152 logLmax: -60.19
08-04 14:19 nessai INFO    : it: 19000: Rolling KS test: D=0.041, p-value=0.03371
08-04 14:19 nessai INFO    : it: 19000: n eval: 116176 H: 23.90 dlogZ: 1425.183 logZ: -1504.375 +/- 0.155 logLmax: -60.19
08-04 14:19 nessai INFO    : it: 20000: Rolling KS test: D=0.032, p-value=0.1263
08-04 14:19 nessai INFO    : it: 20000: n eval: 132894 H: 24.93 dlogZ: 893.385 logZ: -950.083 +/- 0.158 logLmax: -36.70
08-04 14:19 nessai INFO    : it: 21000: Rolling KS test: D=0.022, p-value=0.3744
08-04 14:19 nessai INFO    : it: 21000: n eval: 149774 H: 25.59 dlogZ: 576.250 logZ: -633.949 +/- 0.160 logLmax: -36.70
08-04 14:19 nessai INFO    : it: 22000: Rolling KS test: D=0.038, p-value=0.05428
08-04 14:19 nessai INFO    : it: 22000: n eval: 167365 H: 26.06 dlogZ: 366.141 logZ: -424.839 +/- 0.161 logLmax: -36.70
08-04 14:19 nessai INFO    : it: 23000: Rolling KS test: D=0.011, p-value=0.7794
08-04 14:19 nessai INFO    : it: 23000: n eval: 188322 H: 26.73 dlogZ: 235.748 logZ: -292.657 +/- 0.163 logLmax: -33.91
08-04 14:19 nessai INFO    : it: 24000: Rolling KS test: D=0.027, p-value=0.2286
08-04 14:19 nessai INFO    : it: 24000: n eval: 216569 H: 27.30 dlogZ: 171.426 logZ: -209.817 +/- 0.165 logLmax: -14.39
08-04 14:19 nessai INFO    : it: 25000: Rolling KS test: D=0.021, p-value=0.4082
08-04 14:19 nessai INFO    : it: 25000: n eval: 240969 H: 27.91 dlogZ: 115.664 logZ: -155.054 +/- 0.167 logLmax: -14.39
08-04 14:20 nessai INFO    : it: 26000: Rolling KS test: D=0.037, p-value=0.06311
08-04 14:20 nessai INFO    : it: 26000: n eval: 287433 H: 28.38 dlogZ: 79.369 logZ: -119.759 +/- 0.168 logLmax: -14.39
08-04 14:20 nessai INFO    : it: 27000: Rolling KS test: D=0.036, p-value=0.07308
08-04 14:20 nessai INFO    : it: 27000: n eval: 316222 H: 28.99 dlogZ: 56.996 logZ: -95.081 +/- 0.170 logLmax: -11.09
08-04 14:20 nessai INFO    : it: 28000: Rolling KS test: D=0.042, p-value=0.02854
08-04 14:20 nessai INFO    : it: 28000: n eval: 363085 H: 29.60 dlogZ: 39.889 logZ: -78.974 +/- 0.172 logLmax: -11.09
08-04 14:20 nessai INFO    : it: 29000: Rolling KS test: D=0.004, p-value=0.9659
08-04 14:20 nessai INFO    : it: 29000: n eval: 403085 H: 30.08 dlogZ: 31.499 logZ: -68.524 +/- 0.173 logLmax: -8.03
08-04 14:20 nessai INFO    : it: 30000: Rolling KS test: D=0.019, p-value=0.4797
08-04 14:20 nessai INFO    : it: 30000: n eval: 441807 H: 30.75 dlogZ: 25.751 logZ: -60.964 +/- 0.175 logLmax: -5.21
08-04 14:20 nessai INFO    : it: 31000: Rolling KS test: D=0.011, p-value=0.7794
08-04 14:20 nessai INFO    : it: 31000: n eval: 480100 H: 31.47 dlogZ: 18.739 logZ: -54.952 +/- 0.177 logLmax: -5.21
08-04 14:20 nessai INFO    : it: 32000: Rolling KS test: D=0.017, p-value=0.5547
08-04 14:20 nessai INFO    : it: 32000: n eval: 506221 H: 32.06 dlogZ: 15.216 logZ: -50.842 +/- 0.179 logLmax: -3.63
08-04 14:20 nessai INFO    : it: 33000: Rolling KS test: D=0.039, p-value=0.0465
08-04 14:20 nessai INFO    : it: 33000: n eval: 535850 H: 32.66 dlogZ: 11.340 logZ: -47.966 +/- 0.181 logLmax: -3.63
08-04 14:20 nessai INFO    : it: 34000: Rolling KS test: D=0.008, p-value=0.8752
08-04 14:20 nessai INFO    : it: 34000: n eval: 559294 H: 33.25 dlogZ: 9.049 logZ: -45.868 +/- 0.182 logLmax: -2.82
08-04 14:20 nessai INFO    : it: 35000: Rolling KS test: D=0.02, p-value=0.4434
08-04 14:20 nessai INFO    : it: 35000: n eval: 579593 H: 33.83 dlogZ: 6.718 logZ: -44.325 +/- 0.184 logLmax: -2.61
08-04 14:20 nessai INFO    : it: 36000: Rolling KS test: D=0.025, p-value=0.2818
08-04 14:20 nessai INFO    : it: 36000: n eval: 603344 H: 34.31 dlogZ: 4.757 logZ: -43.280 +/- 0.185 logLmax: -2.53
08-04 14:20 nessai INFO    : it: 37000: Rolling KS test: D=0.023, p-value=0.3419
08-04 14:20 nessai INFO    : it: 37000: n eval: 621472 H: 34.73 dlogZ: 3.101 logZ: -42.586 +/- 0.186 logLmax: -2.53
08-04 14:20 nessai INFO    : it: 38000: Rolling KS test: D=0.053, p-value=0.003498
08-04 14:21 nessai INFO    : it: 38000: n eval: 638883 H: 35.07 dlogZ: 2.044 logZ: -42.139 +/- 0.187 logLmax: -2.23
08-04 14:21 nessai INFO    : it: 39000: Rolling KS test: D=0.022, p-value=0.3744
08-04 14:21 nessai INFO    : it: 39000: n eval: 653671 H: 35.35 dlogZ: 1.056 logZ: -41.861 +/- 0.188 logLmax: -2.23
08-04 14:21 nessai INFO    : it: 40000: Rolling KS test: D=0.007, p-value=0.9024
08-04 14:21 nessai INFO    : it: 40000: n eval: 673393 H: 35.54 dlogZ: 0.476 logZ: -41.700 +/- 0.189 logLmax: -2.20
08-04 14:21 nessai INFO    : it: 41000: Rolling KS test: D=0.044, p-value=0.0202
08-04 14:21 nessai INFO    : it: 41000: n eval: 689268 H: 35.67 dlogZ: 0.226 logZ: -41.611 +/- 0.189 logLmax: -1.98
08-04 14:21 nessai INFO    : Stopping with difference_log_evidence=0.100
08-04 14:21 nessai INFO    : Finalising
08-04 14:21 nessai INFO    : Final ln-evidence: -41.526 +/- 0.189
08-04 14:21 nessai INFO    : Information: 35.82
08-04 14:21 nessai INFO    : Final KS test: D=0.00804, p-value=0.004448
08-04 14:21 nessai WARNING : Final p-value for the insertion indices is less than 0.05, this could be an indication of problems during sampling. Consider checking the diagnostic plots.
08-04 14:21 nessai INFO    : Checkpointing nested sampling
08-04 14:21 nessai INFO    : Total sampling time: 0:02:33.752218
08-04 14:21 nessai INFO    : Total training time: 0:00:57.091251
08-04 14:21 nessai INFO    : Total population time: 0:00:36.839871
08-04 14:21 nessai INFO    : Total likelihood evaluations: 706732
08-04 14:21 nessai INFO    : Time spent evaluating likelihood: 0:00:13.737191
08-04 14:21 nessai INFO    : Total sampling time: 0:02:33.752218
08-04 14:21 nessai INFO    : Total likelihood evaluations: 706732
08-04 14:21 nessai INFO    : Starting post processing
08-04 14:21 nessai INFO    : Computing posterior samples
08-04 14:21 nessai INFO    : Effective sample size: 7132.3
08-04 14:21 nessai INFO    : Producing posterior samples using rejection sampling
08-04 14:21 nessai INFO    : Expect 4961.753188922983 samples from rejection sampling
08-04 14:21 nessai INFO    : Returned 4921 posterior samples
08-04 14:21 nessai INFO    : Starting to close worker pool.
08-04 14:21 nessai INFO    : Finished closing worker pool.
