/data/wiay/postgrads/shashwat/qunat_com_future/lib/python3.11/site-packages/nessai/utils/logging.py:133: FutureWarning: setup_logger is deprecated, use configure_logger instead
  warnings.warn(
08-04 12:56 nessai INFO    : Running Nessai version 0.15.2
08-04 12:56 nessai INFO    : Starting multiprocessing pool with 4 processes
08-04 12:56 nessai INFO    : Initialising nested sampler
08-04 12:56 nessai WARNING : Multiprocessing pool has already been configured.
/data/wiay/postgrads/shashwat/qunat_com_future/lib/python3.11/site-packages/nessai/gw/__init__.py:12: FutureWarning: The `nessai.gw` module will be deprecated in the next release in favour of the nessai-gw package. This packages provides the same functionality as`nessai.gw` via the plugin interface.For more details, see: https://github.com/mj-will/nessai-gw
  warnings.warn(
08-04 12:56 nessai INFO    : Passing kwargs to FlowProposal: {'poolsize': 1000}
08-04 12:56 nessai INFO    : No reparameterisations provided, using default reparameterisations included in FlowProposal
08-04 12:56 nessai INFO    : Adding reparameterisations from: {}
08-04 12:56 nessai INFO    : Assuming fallback reparameterisation (ScaleAndShift) for ['kappa', 'mu_xi', 'sigma_chi', 'sigma_xi', 'rho', 'lambda_chi', 'chi0', 'xi0'] with kwargs: {'estimate_scale': True, 'estimate_shift': True, 'prior_bounds': {'kappa': array([0.1, 5. ]), 'mu_xi': array([0. , 0.1]), 'sigma_chi': array([0.05, 0.6 ]), 'sigma_xi': array([0.05, 0.4 ]), 'rho': array([-0.9,  0.9]), 'lambda_chi': array([-0.5,  0.5]), 'chi0': array([-0.5,  0.5]), 'xi0': array([2.5, 5. ])}}.
08-04 12:56 nessai INFO    : x space parameters: ['kappa', 'mu_xi', 'sigma_chi', 'sigma_xi', 'rho', 'lambda_chi', 'chi0', 'xi0']
08-04 12:56 nessai INFO    : x prime space parameters: ['kappa_prime', 'mu_xi_prime', 'sigma_chi_prime', 'sigma_xi_prime', 'rho_prime', 'lambda_chi_prime', 'chi0_prime', 'xi0_prime']
08-04 12:56 nessai INFO    : Overwriting fuzz factor with expansion fraction
08-04 12:56 nessai INFO    : New fuzz factor: 1.2228445449938519
08-04 12:56 nessai INFO    : Verifying rescaling functions
08-04 12:56 nessai INFO    : Rescaling functions are invertible
08-04 12:56 nessai INFO    : Populating initial live points
08-04 12:56 nessai INFO    : Populated 100 / 1000 live points
08-04 12:56 nessai INFO    : Populated 200 / 1000 live points
08-04 12:56 nessai INFO    : Populated 300 / 1000 live points
08-04 12:56 nessai INFO    : Populated 400 / 1000 live points
08-04 12:56 nessai INFO    : Populated 500 / 1000 live points
08-04 12:56 nessai INFO    : Populated 600 / 1000 live points
08-04 12:56 nessai INFO    : Populated 700 / 1000 live points
08-04 12:56 nessai INFO    : Populated 800 / 1000 live points
08-04 12:56 nessai INFO    : Populated 900 / 1000 live points
08-04 12:56 nessai INFO    : Populated 1000 / 1000 live points
08-04 12:56 nessai INFO    : Starting nested sampling loop
08-04 12:56 nessai INFO    : it:  1000: Rolling KS test: D=0.025, p-value=0.2818
08-04 12:56 nessai INFO    : it:  1000: n eval: 3000 H: 7.91 dlogZ: 18468538.798 logZ: -18538417.649 +/- 0.089 logLmax: -69877.85
08-04 12:56 nessai INFO    : it:  2000: Rolling KS test: D=0.02, p-value=0.4434
08-04 12:56 nessai INFO    : it:  2000: n eval: 8000 H: 8.91 dlogZ: 7480786.430 logZ: -7545778.623 +/- 0.094 logLmax: -64990.19
08-04 12:56 nessai INFO    : Switching to FlowProposal
08-04 12:56 nessai INFO    : it:  3000: Rolling KS test: D=0.008, p-value=0.8752
08-04 12:56 nessai INFO    : it:  3000: n eval: 12227 H: 9.91 dlogZ: 3374146.097 logZ: -3416902.574 +/- 0.100 logLmax: -42753.48
08-04 12:56 nessai INFO    : it:  4000: Rolling KS test: D=0.04, p-value=0.03967
08-04 12:56 nessai INFO    : it:  4000: n eval: 16516 H: 10.91 dlogZ: 1605037.552 logZ: -1633257.136 +/- 0.104 logLmax: -28215.59
08-04 12:56 nessai INFO    : it:  5000: Rolling KS test: D=0.02, p-value=0.4434
08-04 12:56 nessai INFO    : it:  5000: n eval: 21571 H: 11.91 dlogZ: 719039.173 logZ: -722192.333 +/- 0.109 logLmax: -3148.16
08-04 12:57 nessai INFO    : it:  6000: Rolling KS test: D=0.034, p-value=0.09683
08-04 12:57 nessai INFO    : it:  6000: n eval: 26011 H: 12.91 dlogZ: 294591.940 logZ: -297746.099 +/- 0.114 logLmax: -3148.16
08-04 12:57 nessai INFO    : it:  7000: Rolling KS test: D=0.049, p-value=0.007937
08-04 12:57 nessai INFO    : it:  7000: n eval: 30229 H: 13.91 dlogZ: 129616.085 logZ: -132771.244 +/- 0.118 logLmax: -3148.16
08-04 12:57 nessai INFO    : it:  8000: Rolling KS test: D=0.031, p-value=0.1433
08-04 12:57 nessai INFO    : it:  8000: n eval: 34458 H: 14.91 dlogZ: 61773.139 logZ: -63962.095 +/- 0.122 logLmax: -2180.96
08-04 12:57 nessai INFO    : it:  9000: Rolling KS test: D=0.017, p-value=0.5547
08-04 12:57 nessai INFO    : it:  9000: n eval: 36473 H: 15.56 dlogZ: 32061.130 logZ: -32390.670 +/- 0.125 logLmax: -320.54
08-04 12:57 nessai INFO    : it: 10000: Rolling KS test: D=0.019, p-value=0.4797
08-04 12:57 nessai INFO    : it: 10000: n eval: 44532 H: 16.91 dlogZ: 16225.639 logZ: -16556.179 +/- 0.130 logLmax: -320.54
08-04 12:57 nessai INFO    : it: 11000: Rolling KS test: D=0.021, p-value=0.4082
08-04 12:57 nessai INFO    : it: 11000: n eval: 50830 H: 17.89 dlogZ: 8718.000 logZ: -9049.540 +/- 0.134 logLmax: -320.54
08-04 12:57 nessai INFO    : it: 12000: Rolling KS test: D=0.036, p-value=0.07308
08-04 12:57 nessai INFO    : it: 12000: n eval: 57114 H: 17.79 dlogZ: 5029.572 logZ: -5362.113 +/- 0.133 logLmax: -320.54
08-04 12:57 nessai INFO    : it: 13000: Rolling KS test: D=0.008, p-value=0.8752
08-04 12:57 nessai INFO    : it: 13000: n eval: 63030 H: 18.45 dlogZ: 3409.305 logZ: -3523.887 +/- 0.136 logLmax: -101.58
08-04 12:57 nessai INFO    : it: 14000: Rolling KS test: D=0.023, p-value=0.3419
08-04 12:57 nessai INFO    : it: 14000: n eval: 72228 H: 20.42 dlogZ: 2168.169 logZ: -2244.663 +/- 0.143 logLmax: -62.50
08-04 12:57 nessai INFO    : it: 15000: Rolling KS test: D=0.027, p-value=0.2286
08-04 12:57 nessai INFO    : it: 15000: n eval: 78722 H: 20.50 dlogZ: 1327.787 logZ: -1395.991 +/- 0.143 logLmax: -53.20
08-04 12:57 nessai INFO    : it: 16000: Rolling KS test: D=0.019, p-value=0.4797
08-04 12:57 nessai INFO    : it: 16000: n eval: 88626 H: 20.75 dlogZ: 795.529 logZ: -864.733 +/- 0.144 logLmax: -53.20
08-04 12:57 nessai INFO    : it: 17000: Rolling KS test: D=0.037, p-value=0.06311
08-04 12:57 nessai INFO    : it: 17000: n eval: 101264 H: 21.38 dlogZ: 493.894 logZ: -541.639 +/- 0.146 logLmax: -30.75
08-04 12:57 nessai INFO    : it: 18000: Rolling KS test: D=0.004, p-value=0.9659
08-04 12:57 nessai INFO    : it: 18000: n eval: 108639 H: 22.12 dlogZ: 306.437 logZ: -341.833 +/- 0.149 logLmax: -17.40
08-04 12:57 nessai INFO    : it: 19000: Rolling KS test: D=0.024, p-value=0.311
08-04 12:57 nessai INFO    : it: 19000: n eval: 121031 H: 22.26 dlogZ: 188.261 logZ: -217.942 +/- 0.149 logLmax: -10.68
08-04 12:57 nessai INFO    : it: 20000: Rolling KS test: D=0.024, p-value=0.311
08-04 12:57 nessai INFO    : it: 20000: n eval: 137409 H: 23.02 dlogZ: 116.710 logZ: -147.390 +/- 0.152 logLmax: -10.68
08-04 12:57 nessai INFO    : it: 21000: Rolling KS test: D=0.014, p-value=0.6695
08-04 12:57 nessai INFO    : it: 21000: n eval: 148402 H: 23.47 dlogZ: 77.007 logZ: -105.118 +/- 0.153 logLmax: -7.11
08-04 12:57 nessai INFO    : it: 22000: Rolling KS test: D=0.033, p-value=0.1108
08-04 12:58 nessai INFO    : it: 22000: n eval: 165562 H: 23.98 dlogZ: 48.857 logZ: -77.969 +/- 0.155 logLmax: -7.11
08-04 12:58 nessai INFO    : it: 23000: Rolling KS test: D=0.035, p-value=0.08429
08-04 12:58 nessai INFO    : it: 23000: n eval: 191741 H: 24.44 dlogZ: 32.054 logZ: -61.526 +/- 0.156 logLmax: -6.47
08-04 12:58 nessai INFO    : it: 24000: Rolling KS test: D=0.019, p-value=0.4797
08-04 12:58 nessai INFO    : it: 24000: n eval: 211881 H: 24.98 dlogZ: 21.337 logZ: -51.305 +/- 0.158 logLmax: -5.97
08-04 12:58 nessai INFO    : it: 25000: Rolling KS test: D=0.025, p-value=0.2818
08-04 12:58 nessai INFO    : it: 25000: n eval: 247034 H: 25.52 dlogZ: 16.549 logZ: -45.133 +/- 0.160 logLmax: -3.59
08-04 12:58 nessai INFO    : it: 26000: Rolling KS test: D=0.018, p-value=0.5169
08-04 12:58 nessai INFO    : it: 26000: n eval: 274682 H: 25.96 dlogZ: 11.813 logZ: -41.250 +/- 0.161 logLmax: -3.44
08-04 12:58 nessai INFO    : it: 27000: Rolling KS test: D=0.04, p-value=0.03967
08-04 12:58 nessai INFO    : it: 27000: n eval: 310675 H: 26.44 dlogZ: 9.353 logZ: -38.762 +/- 0.163 logLmax: -2.41
08-04 12:58 nessai INFO    : it: 28000: Rolling KS test: D=0.025, p-value=0.2818
08-04 12:58 nessai INFO    : it: 28000: n eval: 348524 H: 26.89 dlogZ: 6.757 logZ: -37.165 +/- 0.164 logLmax: -2.41
08-04 12:58 nessai INFO    : it: 29000: Rolling KS test: D=0.052, p-value=0.004319
08-04 12:58 nessai INFO    : it: 29000: n eval: 374402 H: 27.37 dlogZ: 4.683 logZ: -36.083 +/- 0.165 logLmax: -2.41
08-04 12:58 nessai INFO    : it: 30000: Rolling KS test: D=0.044, p-value=0.0202
08-04 12:58 nessai INFO    : it: 30000: n eval: 403056 H: 27.82 dlogZ: 2.976 logZ: -35.333 +/- 0.167 logLmax: -2.41
08-04 12:58 nessai INFO    : it: 31000: Rolling KS test: D=0.032, p-value=0.1263
08-04 12:58 nessai INFO    : it: 31000: n eval: 431190 H: 28.18 dlogZ: 2.083 logZ: -34.848 +/- 0.168 logLmax: -1.90
08-04 12:59 nessai INFO    : it: 32000: Rolling KS test: D=0.026, p-value=0.2543
08-04 12:59 nessai INFO    : it: 32000: n eval: 461336 H: 28.46 dlogZ: 1.073 logZ: -34.552 +/- 0.169 logLmax: -1.90
08-04 12:59 nessai INFO    : it: 33000: Rolling KS test: D=0.03, p-value=0.162
08-04 12:59 nessai INFO    : it: 33000: n eval: 475973 H: 28.66 dlogZ: 0.509 logZ: -34.379 +/- 0.169 logLmax: -1.79
08-04 12:59 nessai INFO    : it: 34000: Rolling KS test: D=0.012, p-value=0.7438
08-04 12:59 nessai INFO    : it: 34000: n eval: 504481 H: 28.78 dlogZ: 0.201 logZ: -34.287 +/- 0.170 logLmax: -1.79
08-04 12:59 nessai INFO    : Stopping with difference_log_evidence=0.100
08-04 12:59 nessai INFO    : Finalising
08-04 12:59 nessai INFO    : Final ln-evidence: -34.199 +/- 0.170
08-04 12:59 nessai INFO    : Information: 28.94
08-04 12:59 nessai INFO    : Final KS test: D=0.01106, p-value=0.000202
08-04 12:59 nessai WARNING : Final p-value for the insertion indices is less than 0.05, this could be an indication of problems during sampling. Consider checking the diagnostic plots.
08-04 12:59 nessai INFO    : Checkpointing nested sampling
08-04 12:59 nessai INFO    : Total sampling time: 0:02:27.621577
08-04 12:59 nessai INFO    : Total training time: 0:00:49.948358
08-04 12:59 nessai INFO    : Total population time: 0:00:37.785948
08-04 12:59 nessai INFO    : Total likelihood evaluations: 516502
08-04 12:59 nessai INFO    : Time spent evaluating likelihood: 0:00:16.710216
08-04 12:59 nessai INFO    : Total sampling time: 0:02:27.621577
08-04 12:59 nessai INFO    : Total likelihood evaluations: 516502
08-04 12:59 nessai INFO    : Starting post processing
08-04 12:59 nessai INFO    : Computing posterior samples
08-04 12:59 nessai INFO    : Effective sample size: 6987.7
08-04 12:59 nessai INFO    : Producing posterior samples using rejection sampling
08-04 12:59 nessai INFO    : Expect 4894.272808260414 samples from rejection sampling
08-04 12:59 nessai INFO    : Returned 4932 posterior samples
08-04 12:59 nessai INFO    : Starting to close worker pool.
08-04 12:59 nessai INFO    : Finished closing worker pool.
