/data/wiay/postgrads/shashwat/qunat_com_future/lib/python3.11/site-packages/nessai/utils/logging.py:133: FutureWarning: setup_logger is deprecated, use configure_logger instead
  warnings.warn(
08-04 10:39 nessai INFO    : Running Nessai version 0.15.2
08-04 10:39 nessai INFO    : Starting multiprocessing pool with 4 processes
08-04 10:39 nessai INFO    : Initialising nested sampler
08-04 10:39 nessai WARNING : Multiprocessing pool has already been configured.
/data/wiay/postgrads/shashwat/qunat_com_future/lib/python3.11/site-packages/nessai/gw/__init__.py:12: FutureWarning: The `nessai.gw` module will be deprecated in the next release in favour of the nessai-gw package. This packages provides the same functionality as`nessai.gw` via the plugin interface.For more details, see: https://github.com/mj-will/nessai-gw
  warnings.warn(
08-04 10:39 nessai INFO    : Passing kwargs to FlowProposal: {'poolsize': 1000}
08-04 10:39 nessai INFO    : No reparameterisations provided, using default reparameterisations included in FlowProposal
08-04 10:39 nessai INFO    : Adding reparameterisations from: {}
08-04 10:39 nessai INFO    : Assuming fallback reparameterisation (ScaleAndShift) for ['kappa', 'mu_xi', 'sigma_chi', 'sigma_xi', 'rho', 'lambda_chi', 'chi0', 'xi0'] with kwargs: {'estimate_scale': True, 'estimate_shift': True, 'prior_bounds': {'kappa': array([0.1, 5. ]), 'mu_xi': array([0. , 0.1]), 'sigma_chi': array([0.05, 0.6 ]), 'sigma_xi': array([0.05, 0.4 ]), 'rho': array([-0.9,  0.9]), 'lambda_chi': array([-0.5,  0.5]), 'chi0': array([-0.5,  0.5]), 'xi0': array([2.5, 5. ])}}.
08-04 10:39 nessai INFO    : x space parameters: ['kappa', 'mu_xi', 'sigma_chi', 'sigma_xi', 'rho', 'lambda_chi', 'chi0', 'xi0']
08-04 10:39 nessai INFO    : x prime space parameters: ['kappa_prime', 'mu_xi_prime', 'sigma_chi_prime', 'sigma_xi_prime', 'rho_prime', 'lambda_chi_prime', 'chi0_prime', 'xi0_prime']
08-04 10:39 nessai INFO    : Overwriting fuzz factor with expansion fraction
08-04 10:39 nessai INFO    : New fuzz factor: 1.2228445449938519
08-04 10:39 nessai INFO    : Verifying rescaling functions
08-04 10:39 nessai INFO    : Rescaling functions are invertible
08-04 10:39 nessai INFO    : Populating initial live points
08-04 10:39 nessai INFO    : Populated 100 / 1000 live points
08-04 10:39 nessai INFO    : Populated 200 / 1000 live points
08-04 10:39 nessai INFO    : Populated 300 / 1000 live points
08-04 10:39 nessai INFO    : Populated 400 / 1000 live points
08-04 10:39 nessai INFO    : Populated 500 / 1000 live points
08-04 10:39 nessai INFO    : Populated 600 / 1000 live points
08-04 10:39 nessai INFO    : Populated 700 / 1000 live points
08-04 10:39 nessai INFO    : Populated 800 / 1000 live points
08-04 10:39 nessai INFO    : Populated 900 / 1000 live points
08-04 10:39 nessai INFO    : Populated 1000 / 1000 live points
08-04 10:39 nessai INFO    : Starting nested sampling loop
08-04 10:39 nessai INFO    : it:  1000: Rolling KS test: D=0.009, p-value=0.8454
08-04 10:39 nessai INFO    : it:  1000: n eval: 3000 H: 7.91 dlogZ: 567751609.964 logZ: -569417398.216 +/- 0.089 logLmax: -1665787.25
08-04 10:39 nessai INFO    : it:  2000: Rolling KS test: D=0.017, p-value=0.5547
08-04 10:39 nessai INFO    : it:  2000: n eval: 8000 H: 8.91 dlogZ: 254964823.570 logZ: -256630612.822 +/- 0.094 logLmax: -1665787.25
08-04 10:39 nessai INFO    : Switching to FlowProposal
08-04 10:39 nessai INFO    : it:  3000: Rolling KS test: D=0.006, p-value=0.9268
08-04 10:39 nessai INFO    : it:  3000: n eval: 11770 H: 9.91 dlogZ: 113611738.573 logZ: -115277528.825 +/- 0.100 logLmax: -1665787.25
08-04 10:39 nessai INFO    : it:  4000: Rolling KS test: D=0.02, p-value=0.4434
08-04 10:39 nessai INFO    : it:  4000: n eval: 13228 H: 10.91 dlogZ: 53705093.344 logZ: -54988244.330 +/- 0.104 logLmax: -1283146.99
08-04 10:39 nessai INFO    : it:  5000: Rolling KS test: D=0.026, p-value=0.2543
08-04 10:39 nessai INFO    : it:  5000: n eval: 16491 H: 11.91 dlogZ: 28095915.404 logZ: -28740978.151 +/- 0.109 logLmax: -645057.75
08-04 10:39 nessai INFO    : it:  6000: Rolling KS test: D=0.046, p-value=0.01407
08-04 10:39 nessai INFO    : it:  6000: n eval: 18112 H: 12.91 dlogZ: 15125054.019 logZ: -15238647.836 +/- 0.114 logLmax: -113587.82
08-04 10:39 nessai INFO    : it:  7000: Rolling KS test: D=0.019, p-value=0.4797
08-04 10:39 nessai INFO    : it:  7000: n eval: 21640 H: 13.91 dlogZ: 7833250.328 logZ: -7858499.243 +/- 0.118 logLmax: -25241.92
08-04 10:39 nessai INFO    : it:  8000: Rolling KS test: D=0.014, p-value=0.6695
08-04 10:39 nessai INFO    : it:  8000: n eval: 25282 H: 14.91 dlogZ: 3789462.361 logZ: -3814712.276 +/- 0.122 logLmax: -25241.92
08-04 10:39 nessai INFO    : it:  9000: Rolling KS test: D=0.031, p-value=0.1433
08-04 10:39 nessai INFO    : it:  9000: n eval: 29453 H: 15.91 dlogZ: 1849781.956 logZ: -1862483.598 +/- 0.126 logLmax: -12692.64
08-04 10:39 nessai INFO    : it: 10000: Rolling KS test: D=0.016, p-value=0.593
08-04 10:39 nessai INFO    : it: 10000: n eval: 34081 H: 16.91 dlogZ: 915995.661 logZ: -928584.400 +/- 0.130 logLmax: -12578.74
08-04 10:39 nessai INFO    : it: 11000: Rolling KS test: D=0.028, p-value=0.2046
08-04 10:39 nessai INFO    : it: 11000: n eval: 39128 H: 17.89 dlogZ: 470037.803 logZ: -478168.178 +/- 0.134 logLmax: -8119.38
08-04 10:39 nessai INFO    : it: 12000: Rolling KS test: D=0.031, p-value=0.1433
08-04 10:39 nessai INFO    : it: 12000: n eval: 44099 H: 18.91 dlogZ: 229563.635 logZ: -233161.548 +/- 0.138 logLmax: -3585.91
08-04 10:39 nessai INFO    : it: 13000: Rolling KS test: D=0.043, p-value=0.02406
08-04 10:39 nessai INFO    : it: 13000: n eval: 49436 H: 19.91 dlogZ: 118921.272 logZ: -120610.048 +/- 0.141 logLmax: -1675.78
08-04 10:39 nessai INFO    : it: 14000: Rolling KS test: D=0.015, p-value=0.6313
08-04 10:39 nessai INFO    : it: 14000: n eval: 58915 H: 20.91 dlogZ: 59834.427 logZ: -61524.203 +/- 0.145 logLmax: -1675.78
08-04 10:39 nessai INFO    : it: 15000: Rolling KS test: D=0.015, p-value=0.6313
08-04 10:39 nessai INFO    : it: 15000: n eval: 65807 H: 21.91 dlogZ: 31375.390 logZ: -32293.126 +/- 0.148 logLmax: -902.74
08-04 10:39 nessai INFO    : it: 16000: Rolling KS test: D=0.01, p-value=0.8133
08-04 10:39 nessai INFO    : it: 16000: n eval: 77397 H: 22.86 dlogZ: 16103.848 logZ: -16590.399 +/- 0.151 logLmax: -470.55
08-04 10:39 nessai INFO    : it: 17000: Rolling KS test: D=0.007, p-value=0.9024
08-04 10:39 nessai INFO    : it: 17000: n eval: 86008 H: 23.43 dlogZ: 8967.521 logZ: -9190.834 +/- 0.153 logLmax: -206.31
08-04 10:39 nessai INFO    : it: 18000: Rolling KS test: D=0.028, p-value=0.2046
08-04 10:39 nessai INFO    : it: 18000: n eval: 106825 H: 24.88 dlogZ: 4934.055 logZ: -5158.368 +/- 0.158 logLmax: -206.31
08-04 10:39 nessai INFO    : it: 19000: Rolling KS test: D=0.04, p-value=0.03967
08-04 10:39 nessai INFO    : it: 19000: n eval: 124076 H: 25.62 dlogZ: 2873.478 logZ: -3037.161 +/- 0.160 logLmax: -144.68
08-04 10:40 nessai INFO    : it: 20000: Rolling KS test: D=0.024, p-value=0.311
08-04 10:40 nessai INFO    : it: 20000: n eval: 144746 H: 25.54 dlogZ: 1672.182 logZ: -1785.535 +/- 0.160 logLmax: -93.35
08-04 10:40 nessai INFO    : it: 21000: Rolling KS test: D=0.025, p-value=0.2818
08-04 10:40 nessai INFO    : it: 21000: n eval: 177670 H: 26.22 dlogZ: 991.165 logZ: -1096.021 +/- 0.162 logLmax: -83.86
08-04 10:40 nessai INFO    : it: 22000: Rolling KS test: D=0.014, p-value=0.6695
08-04 10:40 nessai INFO    : it: 22000: n eval: 213321 H: 26.86 dlogZ: 601.536 logZ: -686.032 +/- 0.164 logLmax: -62.50
08-04 10:40 nessai INFO    : it: 23000: Rolling KS test: D=0.026, p-value=0.2543
08-04 10:40 nessai INFO    : it: 23000: n eval: 263321 H: 27.30 dlogZ: 383.439 logZ: -442.654 +/- 0.165 logLmax: -36.22
08-04 10:40 nessai INFO    : it: 24000: Rolling KS test: D=0.037, p-value=0.06311
08-04 10:40 nessai INFO    : it: 24000: n eval: 322334 H: 27.46 dlogZ: 259.910 logZ: -298.285 +/- 0.166 logLmax: -14.38
08-04 10:40 nessai INFO    : it: 25000: Rolling KS test: D=0.028, p-value=0.2046
08-04 10:40 nessai INFO    : it: 25000: n eval: 402334 H: 28.21 dlogZ: 176.172 logZ: -215.547 +/- 0.168 logLmax: -14.38
08-04 10:40 nessai INFO    : it: 26000: Rolling KS test: D=0.016, p-value=0.593
08-04 10:40 nessai INFO    : it: 26000: n eval: 492334 H: 28.83 dlogZ: 119.093 logZ: -159.468 +/- 0.170 logLmax: -14.38
08-04 10:41 nessai INFO    : it: 27000: Rolling KS test: D=0.024, p-value=0.311
08-04 10:41 nessai INFO    : it: 27000: n eval: 582334 H: 29.32 dlogZ: 83.505 logZ: -124.880 +/- 0.171 logLmax: -14.38
08-04 10:41 nessai INFO    : it: 28000: Rolling KS test: D=0.031, p-value=0.1433
08-04 10:41 nessai INFO    : it: 28000: n eval: 662334 H: 29.88 dlogZ: 61.169 logZ: -99.505 +/- 0.173 logLmax: -10.34
08-04 10:41 nessai INFO    : it: 29000: Rolling KS test: D=0.016, p-value=0.593
08-04 10:41 nessai INFO    : it: 29000: n eval: 752334 H: 30.62 dlogZ: 43.404 logZ: -82.740 +/- 0.175 logLmax: -10.34
08-04 10:41 nessai INFO    : it: 30000: Rolling KS test: D=0.036, p-value=0.07308
08-04 10:41 nessai INFO    : it: 30000: n eval: 832334 H: 31.23 dlogZ: 33.294 logZ: -71.034 +/- 0.177 logLmax: -7.74
08-04 10:41 nessai INFO    : it: 31000: Rolling KS test: D=0.019, p-value=0.4797
08-04 10:41 nessai INFO    : it: 31000: n eval: 902334 H: 31.89 dlogZ: 24.970 logZ: -62.539 +/- 0.179 logLmax: -6.57
08-04 10:42 nessai INFO    : it: 32000: Rolling KS test: D=0.022, p-value=0.3744
08-04 10:42 nessai INFO    : it: 32000: n eval: 962334 H: 32.51 dlogZ: 18.384 logZ: -56.263 +/- 0.180 logLmax: -5.88
08-04 10:42 nessai INFO    : it: 33000: Rolling KS test: D=0.02, p-value=0.4434
08-04 10:42 nessai INFO    : it: 33000: n eval: 1000996 H: 33.09 dlogZ: 14.802 logZ: -52.096 +/- 0.182 logLmax: -4.29
08-04 10:42 nessai INFO    : it: 34000: Rolling KS test: D=0.034, p-value=0.09683
08-04 10:42 nessai INFO    : it: 34000: n eval: 1050996 H: 33.69 dlogZ: 12.006 logZ: -49.093 +/- 0.184 logLmax: -3.09
08-04 10:42 nessai INFO    : it: 35000: Rolling KS test: D=0.018, p-value=0.5169
08-04 10:42 nessai INFO    : it: 35000: n eval: 1090487 H: 34.27 dlogZ: 8.856 logZ: -46.943 +/- 0.185 logLmax: -3.09
08-04 10:42 nessai INFO    : it: 36000: Rolling KS test: D=0.024, p-value=0.311
08-04 10:42 nessai INFO    : it: 36000: n eval: 1128554 H: 34.81 dlogZ: 6.835 logZ: -45.422 +/- 0.187 logLmax: -2.59
08-04 10:42 nessai INFO    : it: 37000: Rolling KS test: D=0.008, p-value=0.8752
08-04 10:42 nessai INFO    : it: 37000: n eval: 1152763 H: 35.27 dlogZ: 4.837 logZ: -44.417 +/- 0.188 logLmax: -2.59
08-04 10:42 nessai INFO    : it: 38000: Rolling KS test: D=0.045, p-value=0.01689
08-04 10:42 nessai INFO    : it: 38000: n eval: 1180004 H: 35.71 dlogZ: 3.176 logZ: -43.722 +/- 0.189 logLmax: -2.59
08-04 10:42 nessai INFO    : it: 39000: Rolling KS test: D=0.021, p-value=0.4082
08-04 10:42 nessai INFO    : it: 39000: n eval: 1205167 H: 36.07 dlogZ: 1.853 logZ: -43.271 +/- 0.190 logLmax: -2.59
08-04 10:42 nessai INFO    : it: 40000: Rolling KS test: D=0.013, p-value=0.7071
08-04 10:42 nessai INFO    : it: 40000: n eval: 1225797 H: 36.32 dlogZ: 1.098 logZ: -43.004 +/- 0.191 logLmax: -2.31
08-04 10:42 nessai INFO    : it: 41000: Rolling KS test: D=0.005, p-value=0.9481
08-04 10:42 nessai INFO    : it: 41000: n eval: 1245427 H: 36.50 dlogZ: 0.489 logZ: -42.850 +/- 0.191 logLmax: -2.31
08-04 10:42 nessai INFO    : it: 42000: Rolling KS test: D=0.009, p-value=0.8454
08-04 10:42 nessai INFO    : it: 42000: n eval: 1268194 H: 36.62 dlogZ: 0.199 logZ: -42.766 +/- 0.191 logLmax: -2.28
08-04 10:42 nessai INFO    : Stopping with difference_log_evidence=0.100
08-04 10:42 nessai INFO    : Finalising
08-04 10:42 nessai INFO    : Final ln-evidence: -42.686 +/- 0.192
08-04 10:42 nessai INFO    : Information: 36.77
08-04 10:42 nessai INFO    : Final KS test: D=0.007653, p-value=0.006511
08-04 10:42 nessai WARNING : Final p-value for the insertion indices is less than 0.05, this could be an indication of problems during sampling. Consider checking the diagnostic plots.
08-04 10:42 nessai INFO    : Checkpointing nested sampling
08-04 10:42 nessai INFO    : Total sampling time: 0:03:38.137177
08-04 10:42 nessai INFO    : Total training time: 0:01:06.903880
08-04 10:42 nessai INFO    : Total population time: 0:01:26.918205
08-04 10:42 nessai INFO    : Total likelihood evaluations: 1292959
08-04 10:42 nessai INFO    : Time spent evaluating likelihood: 0:00:20.680726
08-04 10:42 nessai INFO    : Total sampling time: 0:03:38.137177
08-04 10:42 nessai INFO    : Total likelihood evaluations: 1292959
08-04 10:42 nessai INFO    : Starting post processing
08-04 10:42 nessai INFO    : Computing posterior samples
08-04 10:42 nessai INFO    : Effective sample size: 7060.8
08-04 10:42 nessai INFO    : Producing posterior samples using rejection sampling
08-04 10:42 nessai INFO    : Expect 4796.839123257945 samples from rejection sampling
08-04 10:42 nessai INFO    : Returned 4860 posterior samples
08-04 10:42 nessai INFO    : Starting to close worker pool.
08-04 10:42 nessai INFO    : Finished closing worker pool.
