/data/wiay/postgrads/shashwat/qunat_com_future/lib/python3.11/site-packages/nessai/utils/logging.py:133: FutureWarning: setup_logger is deprecated, use configure_logger instead
  warnings.warn(
08-04 13:05 nessai INFO    : Running Nessai version 0.15.2
08-04 13:05 nessai INFO    : Starting multiprocessing pool with 4 processes
08-04 13:05 nessai INFO    : Initialising nested sampler
08-04 13:05 nessai WARNING : Multiprocessing pool has already been configured.
/data/wiay/postgrads/shashwat/qunat_com_future/lib/python3.11/site-packages/nessai/gw/__init__.py:12: FutureWarning: The `nessai.gw` module will be deprecated in the next release in favour of the nessai-gw package. This packages provides the same functionality as`nessai.gw` via the plugin interface.For more details, see: https://github.com/mj-will/nessai-gw
  warnings.warn(
08-04 13:05 nessai INFO    : Passing kwargs to FlowProposal: {'poolsize': 1000}
08-04 13:05 nessai INFO    : No reparameterisations provided, using default reparameterisations included in FlowProposal
08-04 13:05 nessai INFO    : Adding reparameterisations from: {}
08-04 13:05 nessai INFO    : Assuming fallback reparameterisation (ScaleAndShift) for ['kappa', 'mu_xi', 'sigma_chi', 'sigma_xi', 'rho', 'lambda_chi', 'chi0', 'xi0'] with kwargs: {'estimate_scale': True, 'estimate_shift': True, 'prior_bounds': {'kappa': array([0.1, 5. ]), 'mu_xi': array([0. , 0.1]), 'sigma_chi': array([0.05, 0.6 ]), 'sigma_xi': array([0.05, 0.4 ]), 'rho': array([-0.9,  0.9]), 'lambda_chi': array([-0.5,  0.5]), 'chi0': array([-0.5,  0.5]), 'xi0': array([2.5, 5. ])}}.
08-04 13:05 nessai INFO    : x space parameters: ['kappa', 'mu_xi', 'sigma_chi', 'sigma_xi', 'rho', 'lambda_chi', 'chi0', 'xi0']
08-04 13:05 nessai INFO    : x prime space parameters: ['kappa_prime', 'mu_xi_prime', 'sigma_chi_prime', 'sigma_xi_prime', 'rho_prime', 'lambda_chi_prime', 'chi0_prime', 'xi0_prime']
08-04 13:05 nessai INFO    : Overwriting fuzz factor with expansion fraction
08-04 13:05 nessai INFO    : New fuzz factor: 1.2228445449938519
08-04 13:05 nessai INFO    : Verifying rescaling functions
08-04 13:05 nessai INFO    : Rescaling functions are invertible
08-04 13:05 nessai INFO    : Populating initial live points
08-04 13:05 nessai INFO    : Populated 100 / 1000 live points
08-04 13:05 nessai INFO    : Populated 200 / 1000 live points
08-04 13:05 nessai INFO    : Populated 300 / 1000 live points
08-04 13:05 nessai INFO    : Populated 400 / 1000 live points
08-04 13:05 nessai INFO    : Populated 500 / 1000 live points
08-04 13:05 nessai INFO    : Populated 600 / 1000 live points
08-04 13:05 nessai INFO    : Populated 700 / 1000 live points
08-04 13:05 nessai INFO    : Populated 800 / 1000 live points
08-04 13:05 nessai INFO    : Populated 900 / 1000 live points
08-04 13:05 nessai INFO    : Populated 1000 / 1000 live points
08-04 13:05 nessai INFO    : Starting nested sampling loop
08-04 13:05 nessai INFO    : it:  1000: Rolling KS test: D=0.005, p-value=0.9481
08-04 13:05 nessai INFO    : it:  1000: n eval: 3000 H: 7.91 dlogZ: 4179735.210 logZ: -4184434.572 +/- 0.089 logLmax: -4698.36
08-04 13:05 nessai INFO    : it:  2000: Rolling KS test: D=0.007, p-value=0.9024
08-04 13:05 nessai INFO    : it:  2000: n eval: 8000 H: 8.91 dlogZ: 912512.089 logZ: -917212.450 +/- 0.094 logLmax: -4698.36
08-04 13:05 nessai INFO    : Switching to FlowProposal
08-04 13:05 nessai INFO    : it:  3000: Rolling KS test: D=0.029, p-value=0.1825
08-04 13:05 nessai INFO    : it:  3000: n eval: 12054 H: 9.91 dlogZ: 297846.724 logZ: -299054.909 +/- 0.100 logLmax: -1205.19
08-04 13:05 nessai INFO    : it:  4000: Rolling KS test: D=0.009, p-value=0.8454
08-04 13:05 nessai INFO    : it:  4000: n eval: 15822 H: 10.91 dlogZ: 124249.274 logZ: -125458.459 +/- 0.104 logLmax: -1205.19
08-04 13:05 nessai INFO    : it:  5000: Rolling KS test: D=0.045, p-value=0.01689
08-04 13:05 nessai INFO    : it:  5000: n eval: 19666 H: 11.91 dlogZ: 56011.697 logZ: -56733.786 +/- 0.109 logLmax: -717.09
08-04 13:05 nessai INFO    : it:  6000: Rolling KS test: D=0.008, p-value=0.8752
08-04 13:05 nessai INFO    : it:  6000: n eval: 24326 H: 12.59 dlogZ: 27441.535 logZ: -27792.492 +/- 0.112 logLmax: -344.96
08-04 13:05 nessai INFO    : it:  7000: Rolling KS test: D=0.025, p-value=0.2818
08-04 13:05 nessai INFO    : it:  7000: n eval: 26553 H: 13.27 dlogZ: 13832.594 logZ: -14152.507 +/- 0.115 logLmax: -312.91
08-04 13:05 nessai INFO    : it:  8000: Rolling KS test: D=0.02, p-value=0.4434
08-04 13:05 nessai INFO    : it:  8000: n eval: 30792 H: 13.79 dlogZ: 7038.919 logZ: -7240.216 +/- 0.117 logLmax: -193.30
08-04 13:05 nessai INFO    : it:  9000: Rolling KS test: D=0.019, p-value=0.4797
08-04 13:05 nessai INFO    : it:  9000: n eval: 35700 H: 15.62 dlogZ: 3657.174 logZ: -3771.116 +/- 0.125 logLmax: -104.94
08-04 13:05 nessai INFO    : it: 10000: Rolling KS test: D=0.029, p-value=0.1825
08-04 13:05 nessai INFO    : it: 10000: n eval: 40128 H: 15.68 dlogZ: 1952.299 logZ: -2030.608 +/- 0.125 logLmax: -68.31
08-04 13:05 nessai INFO    : it: 11000: Rolling KS test: D=0.039, p-value=0.0465
08-04 13:06 nessai INFO    : it: 11000: n eval: 44492 H: 16.86 dlogZ: 1023.090 logZ: -1076.918 +/- 0.130 logLmax: -42.83
08-04 13:06 nessai INFO    : it: 12000: Rolling KS test: D=0.015, p-value=0.6313
08-04 13:06 nessai INFO    : it: 12000: n eval: 48923 H: 16.50 dlogZ: 553.045 logZ: -584.463 +/- 0.128 logLmax: -19.42
08-04 13:06 nessai INFO    : it: 13000: Rolling KS test: D=0.012, p-value=0.7438
08-04 13:06 nessai INFO    : it: 13000: n eval: 53626 H: 17.34 dlogZ: 297.412 logZ: -328.614 +/- 0.132 logLmax: -18.20
08-04 13:06 nessai INFO    : it: 14000: Rolling KS test: D=0.03, p-value=0.162
08-04 13:06 nessai INFO    : it: 14000: n eval: 58837 H: 17.43 dlogZ: 173.388 logZ: -201.892 +/- 0.132 logLmax: -14.51
08-04 13:06 nessai INFO    : it: 15000: Rolling KS test: D=0.032, p-value=0.1263
08-04 13:06 nessai INFO    : it: 15000: n eval: 64748 H: 17.88 dlogZ: 106.898 logZ: -131.390 +/- 0.134 logLmax: -9.49
08-04 13:06 nessai INFO    : it: 16000: Rolling KS test: D=0.04, p-value=0.03967
08-04 13:06 nessai INFO    : it: 16000: n eval: 73840 H: 18.44 dlogZ: 68.693 logZ: -90.466 +/- 0.136 logLmax: -5.77
08-04 13:06 nessai INFO    : it: 17000: Rolling KS test: D=0.028, p-value=0.2046
08-04 13:06 nessai INFO    : it: 17000: n eval: 84893 H: 18.98 dlogZ: 42.025 logZ: -64.798 +/- 0.138 logLmax: -5.77
08-04 13:06 nessai INFO    : it: 18000: Rolling KS test: D=0.027, p-value=0.2286
08-04 13:06 nessai INFO    : it: 18000: n eval: 94020 H: 19.41 dlogZ: 25.974 logZ: -49.340 +/- 0.139 logLmax: -5.37
08-04 13:06 nessai INFO    : it: 19000: Rolling KS test: D=0.016, p-value=0.593
08-04 13:06 nessai INFO    : it: 19000: n eval: 107673 H: 19.94 dlogZ: 16.979 logZ: -39.998 +/- 0.141 logLmax: -4.02
08-04 13:06 nessai INFO    : it: 20000: Rolling KS test: D=0.024, p-value=0.311
08-04 13:06 nessai INFO    : it: 20000: n eval: 126643 H: 20.28 dlogZ: 11.750 logZ: -34.751 +/- 0.142 logLmax: -3.00
08-04 13:06 nessai INFO    : it: 21000: Rolling KS test: D=0.012, p-value=0.7438
08-04 13:06 nessai INFO    : it: 21000: n eval: 154993 H: 20.73 dlogZ: 7.576 logZ: -31.577 +/- 0.144 logLmax: -3.00
08-04 13:06 nessai INFO    : it: 22000: Rolling KS test: D=0.01, p-value=0.8133
08-04 13:06 nessai INFO    : it: 22000: n eval: 179067 H: 21.06 dlogZ: 4.783 logZ: -29.776 +/- 0.145 logLmax: -3.00
08-04 13:06 nessai INFO    : it: 23000: Rolling KS test: D=0.024, p-value=0.311
08-04 13:06 nessai INFO    : it: 23000: n eval: 229067 H: 21.36 dlogZ: 3.319 logZ: -28.737 +/- 0.146 logLmax: -2.46
08-04 13:06 nessai INFO    : it: 24000: Rolling KS test: D=0.005, p-value=0.9481
08-04 13:06 nessai INFO    : it: 24000: n eval: 309067 H: 21.60 dlogZ: 2.121 logZ: -28.175 +/- 0.147 logLmax: -2.18
08-04 13:07 nessai INFO    : it: 25000: Rolling KS test: D=0.027, p-value=0.2286
08-04 13:07 nessai INFO    : it: 25000: n eval: 439067 H: 21.80 dlogZ: 1.088 logZ: -27.859 +/- 0.148 logLmax: -2.18
08-04 13:07 nessai INFO    : it: 26000: Rolling KS test: D=0.04, p-value=0.03967
08-04 13:07 nessai INFO    : it: 26000: n eval: 599067 H: 21.95 dlogZ: 0.747 logZ: -27.681 +/- 0.148 logLmax: -1.58
08-04 13:08 nessai INFO    : it: 27000: Rolling KS test: D=0.035, p-value=0.08429
08-04 13:08 nessai INFO    : it: 27000: n eval: 819067 H: 22.06 dlogZ: 0.315 logZ: -27.584 +/- 0.149 logLmax: -1.58
08-04 13:08 nessai INFO    : it: 28000: Rolling KS test: D=0.029, p-value=0.1825
08-04 13:08 nessai INFO    : it: 28000: n eval: 1069067 H: 22.13 dlogZ: 0.122 logZ: -27.534 +/- 0.149 logLmax: -1.58
08-04 13:08 nessai INFO    : Stopping with difference_log_evidence=0.100
08-04 13:08 nessai INFO    : Finalising
08-04 13:08 nessai INFO    : Final ln-evidence: -27.489 +/- 0.149
08-04 13:08 nessai INFO    : Information: 22.21
08-04 13:08 nessai INFO    : Final KS test: D=0.00861, p-value=0.01519
08-04 13:08 nessai WARNING : Final p-value for the insertion indices is less than 0.05, this could be an indication of problems during sampling. Consider checking the diagnostic plots.
08-04 13:08 nessai INFO    : Checkpointing nested sampling
08-04 13:08 nessai INFO    : Total sampling time: 0:03:09.722467
08-04 13:08 nessai INFO    : Total training time: 0:00:54.587405
08-04 13:08 nessai INFO    : Total population time: 0:01:23.173758
08-04 13:08 nessai INFO    : Total likelihood evaluations: 1109067
08-04 13:08 nessai INFO    : Time spent evaluating likelihood: 0:00:20.461688
08-04 13:08 nessai INFO    : Total sampling time: 0:03:09.722467
08-04 13:08 nessai INFO    : Total likelihood evaluations: 1109067
08-04 13:08 nessai INFO    : Starting post processing
08-04 13:08 nessai INFO    : Computing posterior samples
08-04 13:08 nessai INFO    : Effective sample size: 6462.2
08-04 13:08 nessai INFO    : Producing posterior samples using rejection sampling
08-04 13:08 nessai INFO    : Expect 4533.880499110672 samples from rejection sampling
08-04 13:08 nessai INFO    : Returned 4568 posterior samples
08-04 13:08 nessai INFO    : Starting to close worker pool.
08-04 13:08 nessai INFO    : Finished closing worker pool.
