/data/wiay/postgrads/shashwat/qunat_com_future/lib/python3.11/site-packages/nessai/utils/logging.py:133: FutureWarning: setup_logger is deprecated, use configure_logger instead
  warnings.warn(
08-04 13:33 nessai INFO    : Running Nessai version 0.15.2
08-04 13:33 nessai INFO    : Starting multiprocessing pool with 4 processes
08-04 13:33 nessai INFO    : Initialising nested sampler
08-04 13:33 nessai WARNING : Multiprocessing pool has already been configured.
/data/wiay/postgrads/shashwat/qunat_com_future/lib/python3.11/site-packages/nessai/gw/__init__.py:12: FutureWarning: The `nessai.gw` module will be deprecated in the next release in favour of the nessai-gw package. This packages provides the same functionality as`nessai.gw` via the plugin interface.For more details, see: https://github.com/mj-will/nessai-gw
  warnings.warn(
08-04 13:33 nessai INFO    : Passing kwargs to FlowProposal: {'poolsize': 1000}
08-04 13:33 nessai INFO    : No reparameterisations provided, using default reparameterisations included in FlowProposal
08-04 13:33 nessai INFO    : Adding reparameterisations from: {}
08-04 13:33 nessai INFO    : Assuming fallback reparameterisation (ScaleAndShift) for ['kappa', 'mu_xi', 'sigma_chi', 'sigma_xi', 'rho', 'lambda_chi', 'chi0', 'xi0'] with kwargs: {'estimate_scale': True, 'estimate_shift': True, 'prior_bounds': {'kappa': array([0.1, 5. ]), 'mu_xi': array([0. , 0.1]), 'sigma_chi': array([0.05, 0.6 ]), 'sigma_xi': array([0.05, 0.4 ]), 'rho': array([-0.9,  0.9]), 'lambda_chi': array([-0.5,  0.5]), 'chi0': array([-0.5,  0.5]), 'xi0': array([2.5, 5. ])}}.
08-04 13:33 nessai INFO    : x space parameters: ['kappa', 'mu_xi', 'sigma_chi', 'sigma_xi', 'rho', 'lambda_chi', 'chi0', 'xi0']
08-04 13:33 nessai INFO    : x prime space parameters: ['kappa_prime', 'mu_xi_prime', 'sigma_chi_prime', 'sigma_xi_prime', 'rho_prime', 'lambda_chi_prime', 'chi0_prime', 'xi0_prime']
08-04 13:33 nessai INFO    : Overwriting fuzz factor with expansion fraction
08-04 13:33 nessai INFO    : New fuzz factor: 1.2228445449938519
08-04 13:33 nessai INFO    : Verifying rescaling functions
08-04 13:33 nessai INFO    : Rescaling functions are invertible
08-04 13:33 nessai INFO    : Populating initial live points
08-04 13:33 nessai INFO    : Populated 100 / 1000 live points
08-04 13:33 nessai INFO    : Populated 200 / 1000 live points
08-04 13:33 nessai INFO    : Populated 300 / 1000 live points
08-04 13:33 nessai INFO    : Populated 400 / 1000 live points
08-04 13:33 nessai INFO    : Populated 500 / 1000 live points
08-04 13:33 nessai INFO    : Populated 600 / 1000 live points
08-04 13:33 nessai INFO    : Populated 700 / 1000 live points
08-04 13:33 nessai INFO    : Populated 800 / 1000 live points
08-04 13:33 nessai INFO    : Populated 900 / 1000 live points
08-04 13:33 nessai INFO    : Populated 1000 / 1000 live points
08-04 13:33 nessai INFO    : Starting nested sampling loop
08-04 13:33 nessai INFO    : it:  1000: Rolling KS test: D=0.023, p-value=0.3419
08-04 13:33 nessai INFO    : it:  1000: n eval: 3000 H: 7.91 dlogZ: 25475344.787 logZ: -25555915.248 +/- 0.089 logLmax: -80569.46
08-04 13:33 nessai INFO    : it:  2000: Rolling KS test: D=0.019, p-value=0.4797
08-04 13:33 nessai INFO    : it:  2000: n eval: 7000 H: 8.91 dlogZ: 11136427.250 logZ: -11216998.711 +/- 0.094 logLmax: -80569.46
08-04 13:33 nessai INFO    : Switching to FlowProposal
08-04 13:33 nessai INFO    : it:  3000: Rolling KS test: D=0.0, p-value=1.0
08-04 13:33 nessai INFO    : it:  3000: n eval: 11022 H: 9.91 dlogZ: 5501082.265 logZ: -5547192.159 +/- 0.100 logLmax: -46106.90
08-04 13:33 nessai INFO    : it:  4000: Rolling KS test: D=0.011, p-value=0.7794
08-04 13:33 nessai INFO    : it:  4000: n eval: 15032 H: 10.91 dlogZ: 2822823.934 logZ: -2839119.856 +/- 0.104 logLmax: -16291.92
08-04 13:33 nessai INFO    : it:  5000: Rolling KS test: D=0.029, p-value=0.1825
08-04 13:34 nessai INFO    : it:  5000: n eval: 19627 H: 11.91 dlogZ: 1439314.477 logZ: -1443887.708 +/- 0.109 logLmax: -4568.23
08-04 13:34 nessai INFO    : it:  6000: Rolling KS test: D=0.014, p-value=0.6695
08-04 13:34 nessai INFO    : it:  6000: n eval: 24600 H: 12.91 dlogZ: 680006.874 logZ: -684581.105 +/- 0.114 logLmax: -4568.23
08-04 13:34 nessai INFO    : it:  7000: Rolling KS test: D=0.028, p-value=0.2046
08-04 13:34 nessai INFO    : it:  7000: n eval: 29022 H: 13.91 dlogZ: 318333.953 logZ: -322112.265 +/- 0.118 logLmax: -3771.31
08-04 13:34 nessai INFO    : it:  8000: Rolling KS test: D=0.003, p-value=0.9802
08-04 13:34 nessai INFO    : it:  8000: n eval: 33253 H: 14.91 dlogZ: 155217.610 logZ: -157633.272 +/- 0.122 logLmax: -2407.66
08-04 13:34 nessai INFO    : it:  9000: Rolling KS test: D=0.022, p-value=0.3744
08-04 13:34 nessai INFO    : it:  9000: n eval: 37601 H: 15.83 dlogZ: 79024.248 logZ: -81440.910 +/- 0.126 logLmax: -2407.66
08-04 13:34 nessai INFO    : it: 10000: Rolling KS test: D=0.006, p-value=0.9268
08-04 13:34 nessai INFO    : it: 10000: n eval: 42039 H: 16.91 dlogZ: 42385.347 logZ: -43772.127 +/- 0.130 logLmax: -1376.78
08-04 13:34 nessai INFO    : it: 11000: Rolling KS test: D=0.004, p-value=0.9659
08-04 13:34 nessai INFO    : it: 11000: n eval: 46728 H: 17.91 dlogZ: 21760.794 logZ: -22295.926 +/- 0.134 logLmax: -524.13
08-04 13:34 nessai INFO    : it: 12000: Rolling KS test: D=0.014, p-value=0.6695
08-04 13:34 nessai INFO    : it: 12000: n eval: 51434 H: 18.91 dlogZ: 11649.732 logZ: -11924.949 +/- 0.137 logLmax: -263.22
08-04 13:34 nessai INFO    : it: 13000: Rolling KS test: D=0.013, p-value=0.7071
08-04 13:34 nessai INFO    : it: 13000: n eval: 56810 H: 19.21 dlogZ: 6470.003 logZ: -6694.107 +/- 0.139 logLmax: -211.11
08-04 13:34 nessai INFO    : it: 14000: Rolling KS test: D=0.021, p-value=0.4082
08-04 13:34 nessai INFO    : it: 14000: n eval: 62086 H: 20.90 dlogZ: 3797.355 logZ: -4022.460 +/- 0.145 logLmax: -211.11
08-04 13:34 nessai INFO    : it: 15000: Rolling KS test: D=0.038, p-value=0.05428
08-04 13:34 nessai INFO    : it: 15000: n eval: 67999 H: 21.33 dlogZ: 2279.835 logZ: -2452.111 +/- 0.146 logLmax: -157.28
08-04 13:34 nessai INFO    : it: 16000: Rolling KS test: D=0.023, p-value=0.3419
08-04 13:34 nessai INFO    : it: 16000: n eval: 73203 H: 21.15 dlogZ: 1506.658 logZ: -1558.427 +/- 0.145 logLmax: -35.77
08-04 13:34 nessai INFO    : it: 17000: Rolling KS test: D=0.031, p-value=0.1433
08-04 13:34 nessai INFO    : it: 17000: n eval: 78321 H: 22.47 dlogZ: 916.571 logZ: -969.339 +/- 0.150 logLmax: -35.77
08-04 13:34 nessai INFO    : it: 18000: Rolling KS test: D=0.014, p-value=0.6695
08-04 13:34 nessai INFO    : it: 18000: n eval: 86682 H: 22.96 dlogZ: 534.227 logZ: -587.995 +/- 0.152 logLmax: -35.77
08-04 13:34 nessai INFO    : it: 19000: Rolling KS test: D=0.055, p-value=0.002267
08-04 13:34 nessai INFO    : it: 19000: n eval: 93431 H: 23.37 dlogZ: 329.832 logZ: -367.616 +/- 0.153 logLmax: -18.79
08-04 13:34 nessai INFO    : it: 20000: Rolling KS test: D=0.05, p-value=0.006506
08-04 13:34 nessai INFO    : it: 20000: n eval: 99499 H: 23.70 dlogZ: 206.413 logZ: -232.901 +/- 0.154 logLmax: -6.49
08-04 13:34 nessai INFO    : it: 21000: Rolling KS test: D=0.032, p-value=0.1263
08-04 13:34 nessai INFO    : it: 21000: n eval: 108937 H: 24.15 dlogZ: 128.738 logZ: -156.225 +/- 0.155 logLmax: -6.49
08-04 13:34 nessai INFO    : it: 22000: Rolling KS test: D=0.01, p-value=0.8133
08-04 13:34 nessai INFO    : it: 22000: n eval: 119755 H: 24.84 dlogZ: 77.756 logZ: -106.243 +/- 0.158 logLmax: -6.49
08-04 13:34 nessai INFO    : it: 23000: Rolling KS test: D=0.026, p-value=0.2543
08-04 13:34 nessai INFO    : it: 23000: n eval: 129025 H: 25.03 dlogZ: 49.568 logZ: -76.819 +/- 0.158 logLmax: -4.25
08-04 13:34 nessai INFO    : it: 24000: Rolling KS test: D=0.005, p-value=0.9481
08-04 13:34 nessai INFO    : it: 24000: n eval: 141853 H: 25.50 dlogZ: 31.318 logZ: -59.570 +/- 0.160 logLmax: -4.25
08-04 13:34 nessai INFO    : it: 25000: Rolling KS test: D=0.034, p-value=0.09683
08-04 13:34 nessai INFO    : it: 25000: n eval: 161969 H: 26.06 dlogZ: 19.978 logZ: -49.073 +/- 0.161 logLmax: -4.10
08-04 13:34 nessai INFO    : it: 26000: Rolling KS test: D=0.013, p-value=0.7071
08-04 13:34 nessai INFO    : it: 26000: n eval: 178795 H: 26.47 dlogZ: 13.403 logZ: -42.614 +/- 0.163 logLmax: -3.21
08-04 13:34 nessai INFO    : it: 27000: Rolling KS test: D=0.011, p-value=0.7794
08-04 13:34 nessai INFO    : it: 27000: n eval: 191236 H: 26.95 dlogZ: 8.852 logZ: -38.835 +/- 0.164 logLmax: -2.98
08-04 13:34 nessai INFO    : it: 28000: Rolling KS test: D=0.017, p-value=0.5547
08-04 13:35 nessai INFO    : it: 28000: n eval: 223675 H: 27.36 dlogZ: 6.056 logZ: -36.468 +/- 0.165 logLmax: -2.42
08-04 13:35 nessai INFO    : it: 29000: Rolling KS test: D=0.025, p-value=0.2818
08-04 13:35 nessai INFO    : it: 29000: n eval: 246668 H: 27.74 dlogZ: 3.965 logZ: -35.060 +/- 0.167 logLmax: -2.12
08-04 13:35 nessai INFO    : it: 30000: Rolling KS test: D=0.007, p-value=0.9024
08-04 13:35 nessai INFO    : it: 30000: n eval: 278791 H: 28.04 dlogZ: 2.244 logZ: -34.246 +/- 0.167 logLmax: -2.12
08-04 13:35 nessai INFO    : it: 31000: Rolling KS test: D=0.015, p-value=0.6313
08-04 13:35 nessai INFO    : it: 31000: n eval: 314852 H: 28.26 dlogZ: 1.358 logZ: -33.808 +/- 0.168 logLmax: -1.75
08-04 13:35 nessai INFO    : it: 32000: Rolling KS test: D=0.024, p-value=0.311
08-04 13:35 nessai INFO    : it: 32000: n eval: 351513 H: 28.41 dlogZ: 0.614 logZ: -33.581 +/- 0.169 logLmax: -1.75
08-04 13:35 nessai INFO    : it: 33000: Rolling KS test: D=0.023, p-value=0.3419
08-04 13:35 nessai INFO    : it: 33000: n eval: 390315 H: 28.50 dlogZ: 0.246 logZ: -33.468 +/- 0.169 logLmax: -1.75
08-04 13:35 nessai INFO    : Stopping with difference_log_evidence=0.100
08-04 13:35 nessai INFO    : Finalising
08-04 13:35 nessai INFO    : Final ln-evidence: -33.369 +/- 0.169
08-04 13:35 nessai INFO    : Information: 28.62
08-04 13:35 nessai INFO    : Final KS test: D=0.005578, p-value=0.1205
08-04 13:35 nessai INFO    : Checkpointing nested sampling
08-04 13:35 nessai INFO    : Total sampling time: 0:01:39.940116
08-04 13:35 nessai INFO    : Total training time: 0:00:34.683202
08-04 13:35 nessai INFO    : Total population time: 0:00:24.220940
08-04 13:35 nessai INFO    : Total likelihood evaluations: 428130
08-04 13:35 nessai INFO    : Time spent evaluating likelihood: 0:00:08.020184
08-04 13:35 nessai INFO    : Total sampling time: 0:01:39.940116
08-04 13:35 nessai INFO    : Total likelihood evaluations: 428130
08-04 13:35 nessai INFO    : Starting post processing
08-04 13:35 nessai INFO    : Computing posterior samples
08-04 13:35 nessai INFO    : Effective sample size: 5853.2
08-04 13:35 nessai INFO    : Producing posterior samples using rejection sampling
08-04 13:35 nessai INFO    : Expect 3983.867996534365 samples from rejection sampling
08-04 13:35 nessai INFO    : Returned 4020 posterior samples
08-04 13:35 nessai INFO    : Starting to close worker pool.
08-04 13:35 nessai INFO    : Finished closing worker pool.
