/data/wiay/postgrads/shashwat/qunat_com_future/lib/python3.11/site-packages/nessai/utils/logging.py:133: FutureWarning: setup_logger is deprecated, use configure_logger instead
  warnings.warn(
08-04 12:27 nessai INFO    : Running Nessai version 0.15.2
08-04 12:27 nessai INFO    : Starting multiprocessing pool with 4 processes
08-04 12:27 nessai INFO    : Initialising nested sampler
08-04 12:27 nessai WARNING : Multiprocessing pool has already been configured.
/data/wiay/postgrads/shashwat/qunat_com_future/lib/python3.11/site-packages/nessai/gw/__init__.py:12: FutureWarning: The `nessai.gw` module will be deprecated in the next release in favour of the nessai-gw package. This packages provides the same functionality as`nessai.gw` via the plugin interface.For more details, see: https://github.com/mj-will/nessai-gw
  warnings.warn(
08-04 12:27 nessai INFO    : Passing kwargs to FlowProposal: {'poolsize': 1000}
08-04 12:27 nessai INFO    : No reparameterisations provided, using default reparameterisations included in FlowProposal
08-04 12:27 nessai INFO    : Adding reparameterisations from: {}
08-04 12:27 nessai INFO    : Assuming fallback reparameterisation (ScaleAndShift) for ['kappa', 'mu_xi', 'sigma_chi', 'sigma_xi', 'rho', 'lambda_chi', 'chi0', 'xi0'] with kwargs: {'estimate_scale': True, 'estimate_shift': True, 'prior_bounds': {'kappa': array([0.1, 5. ]), 'mu_xi': array([0. , 0.1]), 'sigma_chi': array([0.05, 0.6 ]), 'sigma_xi': array([0.05, 0.4 ]), 'rho': array([-0.9,  0.9]), 'lambda_chi': array([-0.5,  0.5]), 'chi0': array([-0.5,  0.5]), 'xi0': array([2.5, 5. ])}}.
08-04 12:27 nessai INFO    : x space parameters: ['kappa', 'mu_xi', 'sigma_chi', 'sigma_xi', 'rho', 'lambda_chi', 'chi0', 'xi0']
08-04 12:27 nessai INFO    : x prime space parameters: ['kappa_prime', 'mu_xi_prime', 'sigma_chi_prime', 'sigma_xi_prime', 'rho_prime', 'lambda_chi_prime', 'chi0_prime', 'xi0_prime']
08-04 12:27 nessai INFO    : Overwriting fuzz factor with expansion fraction
08-04 12:27 nessai INFO    : New fuzz factor: 1.2228445449938519
08-04 12:27 nessai INFO    : Verifying rescaling functions
08-04 12:27 nessai INFO    : Rescaling functions are invertible
08-04 12:27 nessai INFO    : Populating initial live points
08-04 12:27 nessai INFO    : Populated 100 / 1000 live points
08-04 12:27 nessai INFO    : Populated 200 / 1000 live points
08-04 12:27 nessai INFO    : Populated 300 / 1000 live points
08-04 12:27 nessai INFO    : Populated 400 / 1000 live points
08-04 12:27 nessai INFO    : Populated 500 / 1000 live points
08-04 12:27 nessai INFO    : Populated 600 / 1000 live points
08-04 12:27 nessai INFO    : Populated 700 / 1000 live points
08-04 12:27 nessai INFO    : Populated 800 / 1000 live points
08-04 12:27 nessai INFO    : Populated 900 / 1000 live points
08-04 12:27 nessai INFO    : Populated 1000 / 1000 live points
08-04 12:27 nessai INFO    : Starting nested sampling loop
08-04 12:27 nessai INFO    : it:  1000: Rolling KS test: D=0.011, p-value=0.7794
08-04 12:27 nessai INFO    : it:  1000: n eval: 3000 H: 7.91 dlogZ: 8030018.918 logZ: -8035129.730 +/- 0.089 logLmax: -5109.81
08-04 12:27 nessai INFO    : it:  2000: Rolling KS test: D=0.037, p-value=0.06311
08-04 12:27 nessai INFO    : it:  2000: n eval: 8000 H: 8.91 dlogZ: 529933.991 logZ: -535045.803 +/- 0.094 logLmax: -5109.81
08-04 12:27 nessai INFO    : Switching to FlowProposal
/data/wiay/postgrads/shashwat/qunat_com_future/lib/python3.11/site-packages/torch/autograd/graph.py:882: UserWarning: CUDA initialization: The NVIDIA driver on your system is too old (found version 12020). Please update your GPU driver by downloading and installing a new version from the URL: http://www.nvidia.com/Download/index.aspx Alternatively, go to: https://pytorch.org to install a PyTorch version that has been compiled with your version of the CUDA driver. (Triggered internally at /pytorch/c10/cuda/CUDAFunctions.cpp:119.)
  return Variable._execution_engine.run_backward(  # Calls into the C++ engine to run the backward pass
08-04 12:27 nessai INFO    : it:  3000: Rolling KS test: D=0.03, p-value=0.162
08-04 12:27 nessai INFO    : it:  3000: n eval: 11952 H: 9.91 dlogZ: 135859.320 logZ: -137976.091 +/- 0.100 logLmax: -2113.77
08-04 12:27 nessai INFO    : it:  4000: Rolling KS test: D=0.012, p-value=0.7438
08-04 12:27 nessai INFO    : it:  4000: n eval: 13656 H: 10.91 dlogZ: 62415.691 logZ: -63557.303 +/- 0.104 logLmax: -1137.61
08-04 12:27 nessai INFO    : it:  5000: Rolling KS test: D=0.024, p-value=0.311
08-04 12:27 nessai INFO    : it:  5000: n eval: 20596 H: 11.91 dlogZ: 33127.523 logZ: -33215.370 +/- 0.109 logLmax: -82.85
08-04 12:27 nessai INFO    : it:  6000: Rolling KS test: D=0.014, p-value=0.6695
08-04 12:27 nessai INFO    : it:  6000: n eval: 26901 H: 12.91 dlogZ: 17819.022 logZ: -17907.869 +/- 0.114 logLmax: -82.85
08-04 12:27 nessai INFO    : it:  7000: Rolling KS test: D=0.03, p-value=0.162
08-04 12:27 nessai INFO    : it:  7000: n eval: 32774 H: 13.37 dlogZ: 9801.133 logZ: -9889.983 +/- 0.116 logLmax: -81.85
08-04 12:27 nessai INFO    : it:  8000: Rolling KS test: D=0.019, p-value=0.4797
08-04 12:27 nessai INFO    : it:  8000: n eval: 37816 H: 14.38 dlogZ: 5887.497 logZ: -5977.347 +/- 0.120 logLmax: -81.85
08-04 12:27 nessai INFO    : it:  9000: Rolling KS test: D=0.023, p-value=0.3419
08-04 12:27 nessai INFO    : it:  9000: n eval: 42324 H: 15.72 dlogZ: 3510.041 logZ: -3600.891 +/- 0.125 logLmax: -81.85
08-04 12:27 nessai INFO    : it: 10000: Rolling KS test: D=0.023, p-value=0.3419
08-04 12:27 nessai INFO    : it: 10000: n eval: 47461 H: 15.35 dlogZ: 2088.278 logZ: -2180.128 +/- 0.124 logLmax: -81.85
08-04 12:28 nessai INFO    : it: 11000: Rolling KS test: D=0.019, p-value=0.4797
08-04 12:28 nessai INFO    : it: 11000: n eval: 52110 H: 16.69 dlogZ: 1239.917 logZ: -1292.610 +/- 0.129 logLmax: -41.69
08-04 12:28 nessai INFO    : it: 12000: Rolling KS test: D=0.007, p-value=0.9024
08-04 12:28 nessai INFO    : it: 12000: n eval: 56438 H: 16.80 dlogZ: 723.575 logZ: -774.747 +/- 0.130 logLmax: -39.17
08-04 12:28 nessai INFO    : it: 13000: Rolling KS test: D=0.018, p-value=0.5169
08-04 12:28 nessai INFO    : it: 13000: n eval: 61947 H: 17.32 dlogZ: 422.062 logZ: -466.250 +/- 0.132 logLmax: -31.19
08-04 12:28 nessai INFO    : it: 14000: Rolling KS test: D=0.034, p-value=0.09683
08-04 12:28 nessai INFO    : it: 14000: n eval: 66949 H: 17.69 dlogZ: 269.435 logZ: -292.350 +/- 0.133 logLmax: -8.92
08-04 12:28 nessai INFO    : it: 15000: Rolling KS test: D=0.022, p-value=0.3744
08-04 12:28 nessai INFO    : it: 15000: n eval: 72051 H: 18.30 dlogZ: 164.611 logZ: -185.145 +/- 0.135 logLmax: -5.54
08-04 12:28 nessai INFO    : it: 16000: Rolling KS test: D=0.031, p-value=0.1433
08-04 12:28 nessai INFO    : it: 16000: n eval: 76817 H: 18.97 dlogZ: 100.572 logZ: -120.736 +/- 0.138 logLmax: -4.16
08-04 12:28 nessai INFO    : it: 17000: Rolling KS test: D=0.033, p-value=0.1108
08-04 12:28 nessai INFO    : it: 17000: n eval: 86054 H: 19.25 dlogZ: 62.653 logZ: -82.326 +/- 0.139 logLmax: -2.67
08-04 12:28 nessai INFO    : it: 18000: Rolling KS test: D=0.019, p-value=0.4797
08-04 12:28 nessai INFO    : it: 18000: n eval: 92241 H: 19.81 dlogZ: 38.106 logZ: -58.779 +/- 0.141 logLmax: -2.67
08-04 12:28 nessai INFO    : it: 19000: Rolling KS test: D=0.031, p-value=0.1433
08-04 12:28 nessai INFO    : it: 19000: n eval: 103556 H: 20.28 dlogZ: 24.027 logZ: -45.700 +/- 0.142 logLmax: -2.67
08-04 12:28 nessai INFO    : it: 20000: Rolling KS test: D=0.027, p-value=0.2286
08-04 12:28 nessai INFO    : it: 20000: n eval: 111676 H: 20.78 dlogZ: 15.317 logZ: -37.457 +/- 0.144 logLmax: -2.14
08-04 12:28 nessai INFO    : it: 21000: Rolling KS test: D=0.012, p-value=0.7438
08-04 12:28 nessai INFO    : it: 21000: n eval: 125979 H: 21.22 dlogZ: 9.459 logZ: -32.599 +/- 0.146 logLmax: -2.14
08-04 12:29 nessai INFO    : it: 22000: Rolling KS test: D=0.034, p-value=0.09683
08-04 12:29 nessai INFO    : it: 22000: n eval: 141739 H: 21.56 dlogZ: 5.668 logZ: -29.752 +/- 0.147 logLmax: -2.09
08-04 12:29 nessai INFO    : it: 23000: Rolling KS test: D=0.043, p-value=0.02406
08-04 12:29 nessai INFO    : it: 23000: n eval: 168204 H: 21.79 dlogZ: 3.276 logZ: -28.325 +/- 0.148 logLmax: -2.09
08-04 12:29 nessai INFO    : it: 24000: Rolling KS test: D=0.017, p-value=0.5547
08-04 12:29 nessai INFO    : it: 24000: n eval: 202542 H: 22.03 dlogZ: 1.741 logZ: -27.549 +/- 0.148 logLmax: -2.00
08-04 12:29 nessai INFO    : it: 25000: Rolling KS test: D=0.036, p-value=0.07308
08-04 12:29 nessai INFO    : it: 25000: n eval: 241826 H: 22.20 dlogZ: 0.798 logZ: -27.152 +/- 0.149 logLmax: -1.95
08-04 12:29 nessai INFO    : it: 26000: Rolling KS test: D=0.034, p-value=0.09683
08-04 12:29 nessai INFO    : it: 26000: n eval: 281823 H: 22.32 dlogZ: 0.346 logZ: -26.950 +/- 0.149 logLmax: -1.83
08-04 12:30 nessai INFO    : it: 27000: Rolling KS test: D=0.025, p-value=0.2818
08-04 12:30 nessai INFO    : it: 27000: n eval: 331434 H: 22.40 dlogZ: 0.146 logZ: -26.853 +/- 0.150 logLmax: -1.70
08-04 12:30 nessai INFO    : Stopping with difference_log_evidence=0.100
08-04 12:30 nessai INFO    : Finalising
08-04 12:30 nessai INFO    : Final ln-evidence: -26.773 +/- 0.150
08-04 12:30 nessai INFO    : Information: 22.48
08-04 12:30 nessai INFO    : Final KS test: D=0.01033, p-value=0.002873
08-04 12:30 nessai WARNING : Final p-value for the insertion indices is less than 0.05, this could be an indication of problems during sampling. Consider checking the diagnostic plots.
08-04 12:30 nessai INFO    : Checkpointing nested sampling
08-04 12:30 nessai INFO    : Total sampling time: 0:03:08.933865
08-04 12:30 nessai INFO    : Total training time: 0:01:01.758983
08-04 12:30 nessai INFO    : Total population time: 0:00:58.468926
08-04 12:30 nessai INFO    : Total likelihood evaluations: 351434
08-04 12:30 nessai INFO    : Time spent evaluating likelihood: 0:00:22.042144
08-04 12:30 nessai INFO    : Total sampling time: 0:03:08.933865
08-04 12:30 nessai INFO    : Total likelihood evaluations: 351434
08-04 12:30 nessai INFO    : Starting post processing
08-04 12:30 nessai INFO    : Computing posterior samples
08-04 12:30 nessai INFO    : Effective sample size: 5601.3
08-04 12:30 nessai INFO    : Producing posterior samples using rejection sampling
08-04 12:30 nessai INFO    : Expect 3800.185276655438 samples from rejection sampling
08-04 12:30 nessai INFO    : Returned 3801 posterior samples
08-04 12:30 nessai INFO    : Starting to close worker pool.
08-04 12:30 nessai INFO    : Finished closing worker pool.
