/data/wiay/postgrads/shashwat/qunat_com_future/lib/python3.11/site-packages/nessai/utils/logging.py:133: FutureWarning: setup_logger is deprecated, use configure_logger instead
  warnings.warn(
08-04 13:54 nessai INFO    : Running Nessai version 0.15.2
08-04 13:54 nessai INFO    : Starting multiprocessing pool with 4 processes
08-04 13:54 nessai INFO    : Initialising nested sampler
08-04 13:54 nessai WARNING : Multiprocessing pool has already been configured.
/data/wiay/postgrads/shashwat/qunat_com_future/lib/python3.11/site-packages/nessai/gw/__init__.py:12: FutureWarning: The `nessai.gw` module will be deprecated in the next release in favour of the nessai-gw package. This packages provides the same functionality as`nessai.gw` via the plugin interface.For more details, see: https://github.com/mj-will/nessai-gw
  warnings.warn(
08-04 13:54 nessai INFO    : Passing kwargs to FlowProposal: {'poolsize': 1000}
08-04 13:54 nessai INFO    : No reparameterisations provided, using default reparameterisations included in FlowProposal
08-04 13:54 nessai INFO    : Adding reparameterisations from: {}
08-04 13:54 nessai INFO    : Assuming fallback reparameterisation (ScaleAndShift) for ['kappa', 'mu_xi', 'sigma_chi', 'sigma_xi', 'rho', 'lambda_chi', 'chi0', 'xi0'] with kwargs: {'estimate_scale': True, 'estimate_shift': True, 'prior_bounds': {'kappa': array([0.1, 5. ]), 'mu_xi': array([0. , 0.1]), 'sigma_chi': array([0.05, 0.6 ]), 'sigma_xi': array([0.05, 0.4 ]), 'rho': array([-0.9,  0.9]), 'lambda_chi': array([-0.5,  0.5]), 'chi0': array([-0.5,  0.5]), 'xi0': array([2.5, 5. ])}}.
08-04 13:54 nessai INFO    : x space parameters: ['kappa', 'mu_xi', 'sigma_chi', 'sigma_xi', 'rho', 'lambda_chi', 'chi0', 'xi0']
08-04 13:54 nessai INFO    : x prime space parameters: ['kappa_prime', 'mu_xi_prime', 'sigma_chi_prime', 'sigma_xi_prime', 'rho_prime', 'lambda_chi_prime', 'chi0_prime', 'xi0_prime']
08-04 13:54 nessai INFO    : Overwriting fuzz factor with expansion fraction
08-04 13:54 nessai INFO    : New fuzz factor: 1.2228445449938519
08-04 13:54 nessai INFO    : Verifying rescaling functions
08-04 13:54 nessai INFO    : Rescaling functions are invertible
08-04 13:54 nessai INFO    : Populating initial live points
08-04 13:54 nessai INFO    : Populated 100 / 1000 live points
08-04 13:54 nessai INFO    : Populated 200 / 1000 live points
08-04 13:54 nessai INFO    : Populated 300 / 1000 live points
08-04 13:54 nessai INFO    : Populated 400 / 1000 live points
08-04 13:54 nessai INFO    : Populated 500 / 1000 live points
08-04 13:54 nessai INFO    : Populated 600 / 1000 live points
08-04 13:54 nessai INFO    : Populated 700 / 1000 live points
08-04 13:54 nessai INFO    : Populated 800 / 1000 live points
08-04 13:54 nessai INFO    : Populated 900 / 1000 live points
08-04 13:54 nessai INFO    : Populated 1000 / 1000 live points
08-04 13:54 nessai INFO    : Starting nested sampling loop
08-04 13:54 nessai INFO    : it:  1000: Rolling KS test: D=0.014, p-value=0.6695
08-04 13:54 nessai INFO    : it:  1000: n eval: 3000 H: 7.91 dlogZ: 5645079.727 logZ: -5653478.271 +/- 0.089 logLmax: -8397.55
08-04 13:54 nessai INFO    : it:  2000: Rolling KS test: D=0.025, p-value=0.2818
08-04 13:54 nessai INFO    : it:  2000: n eval: 8000 H: 8.91 dlogZ: 444494.570 logZ: -448199.882 +/- 0.094 logLmax: -3703.31
08-04 13:54 nessai INFO    : Switching to FlowProposal
08-04 13:54 nessai INFO    : it:  3000: Rolling KS test: D=0.03, p-value=0.162
08-04 13:54 nessai INFO    : it:  3000: n eval: 12133 H: 9.91 dlogZ: 137721.447 logZ: -138607.100 +/- 0.100 logLmax: -882.65
08-04 13:54 nessai INFO    : it:  4000: Rolling KS test: D=0.029, p-value=0.1825
08-04 13:54 nessai INFO    : it:  4000: n eval: 14005 H: 10.91 dlogZ: 58177.252 logZ: -58871.977 +/- 0.104 logLmax: -690.73
08-04 13:54 nessai INFO    : it:  5000: Rolling KS test: D=0.025, p-value=0.2818
08-04 13:54 nessai INFO    : it:  5000: n eval: 20378 H: 11.91 dlogZ: 27422.657 logZ: -27673.758 +/- 0.109 logLmax: -246.10
08-04 13:54 nessai INFO    : it:  6000: Rolling KS test: D=0.019, p-value=0.4797
08-04 13:54 nessai INFO    : it:  6000: n eval: 25513 H: 12.91 dlogZ: 12960.886 logZ: -13212.987 +/- 0.114 logLmax: -246.10
08-04 13:54 nessai INFO    : it:  7000: Rolling KS test: D=0.024, p-value=0.311
08-04 13:55 nessai INFO    : it:  7000: n eval: 30628 H: 13.60 dlogZ: 6463.926 logZ: -6544.373 +/- 0.117 logLmax: -73.45
08-04 13:55 nessai INFO    : it:  8000: Rolling KS test: D=0.009, p-value=0.8454
08-04 13:55 nessai INFO    : it:  8000: n eval: 36261 H: 14.43 dlogZ: 3378.022 logZ: -3451.748 +/- 0.120 logLmax: -65.73
08-04 13:55 nessai INFO    : it:  9000: Rolling KS test: D=0.02, p-value=0.4434
08-04 13:55 nessai INFO    : it:  9000: n eval: 42075 H: 14.35 dlogZ: 1771.281 logZ: -1846.008 +/- 0.120 logLmax: -65.73
08-04 13:55 nessai INFO    : it: 10000: Rolling KS test: D=0.019, p-value=0.4797
08-04 13:55 nessai INFO    : it: 10000: n eval: 47767 H: 15.32 dlogZ: 1001.299 logZ: -1040.849 +/- 0.124 logLmax: -29.55
08-04 13:55 nessai INFO    : it: 11000: Rolling KS test: D=0.016, p-value=0.593
08-04 13:55 nessai INFO    : it: 11000: n eval: 53029 H: 15.70 dlogZ: 559.946 logZ: -591.806 +/- 0.125 logLmax: -20.86
08-04 13:55 nessai INFO    : it: 12000: Rolling KS test: D=0.014, p-value=0.6695
08-04 13:55 nessai INFO    : it: 12000: n eval: 62531 H: 16.12 dlogZ: 317.685 logZ: -350.545 +/- 0.127 logLmax: -20.86
08-04 13:55 nessai INFO    : it: 13000: Rolling KS test: D=0.012, p-value=0.7438
08-04 13:55 nessai INFO    : it: 13000: n eval: 75842 H: 16.29 dlogZ: 208.868 logZ: -233.463 +/- 0.128 logLmax: -11.60
08-04 13:55 nessai INFO    : it: 14000: Rolling KS test: D=0.026, p-value=0.2543
08-04 13:55 nessai INFO    : it: 14000: n eval: 86244 H: 17.14 dlogZ: 129.346 logZ: -153.506 +/- 0.131 logLmax: -10.16
08-04 13:55 nessai INFO    : it: 15000: Rolling KS test: D=0.024, p-value=0.311
08-04 13:55 nessai INFO    : it: 15000: n eval: 93548 H: 17.59 dlogZ: 82.206 logZ: -105.550 +/- 0.133 logLmax: -8.34
08-04 13:55 nessai INFO    : it: 16000: Rolling KS test: D=0.011, p-value=0.7794
08-04 13:55 nessai INFO    : it: 16000: n eval: 106778 H: 18.07 dlogZ: 49.298 logZ: -73.642 +/- 0.134 logLmax: -8.34
08-04 13:55 nessai INFO    : it: 17000: Rolling KS test: D=0.025, p-value=0.2818
08-04 13:55 nessai INFO    : it: 17000: n eval: 115144 H: 18.60 dlogZ: 30.697 logZ: -55.211 +/- 0.136 logLmax: -7.51
08-04 13:55 nessai INFO    : it: 18000: Rolling KS test: D=0.021, p-value=0.4082
08-04 13:55 nessai INFO    : it: 18000: n eval: 129207 H: 19.14 dlogZ: 19.481 logZ: -44.594 +/- 0.138 logLmax: -7.11
08-04 13:55 nessai INFO    : it: 19000: Rolling KS test: D=0.033, p-value=0.1108
08-04 13:55 nessai INFO    : it: 19000: n eval: 151829 H: 19.52 dlogZ: 12.588 logZ: -37.668 +/- 0.140 logLmax: -6.08
08-04 13:55 nessai INFO    : it: 20000: Rolling KS test: D=0.015, p-value=0.6313
08-04 13:55 nessai INFO    : it: 20000: n eval: 174234 H: 19.84 dlogZ: 7.970 logZ: -34.049 +/- 0.141 logLmax: -6.08
08-04 13:55 nessai INFO    : it: 21000: Rolling KS test: D=0.016, p-value=0.593
08-04 13:55 nessai INFO    : it: 21000: n eval: 195055 H: 20.21 dlogZ: 5.267 logZ: -31.967 +/- 0.142 logLmax: -5.71
08-04 13:55 nessai INFO    : it: 22000: Rolling KS test: D=0.007, p-value=0.9024
08-04 13:55 nessai INFO    : it: 22000: n eval: 228993 H: 20.48 dlogZ: 3.671 logZ: -30.849 +/- 0.143 logLmax: -5.21
08-04 13:55 nessai INFO    : it: 23000: Rolling KS test: D=0.027, p-value=0.2286
08-04 13:55 nessai INFO    : it: 23000: n eval: 278281 H: 20.71 dlogZ: 2.198 logZ: -30.243 +/- 0.144 logLmax: -5.16
08-04 13:56 nessai INFO    : it: 24000: Rolling KS test: D=0.029, p-value=0.1825
08-04 13:56 nessai INFO    : it: 24000: n eval: 328281 H: 20.89 dlogZ: 1.139 logZ: -29.916 +/- 0.145 logLmax: -5.16
08-04 13:56 nessai INFO    : it: 25000: Rolling KS test: D=0.018, p-value=0.5169
08-04 13:56 nessai INFO    : it: 25000: n eval: 408281 H: 21.02 dlogZ: 0.572 logZ: -29.744 +/- 0.145 logLmax: -5.00
08-04 13:56 nessai INFO    : it: 26000: Rolling KS test: D=0.012, p-value=0.7438
08-04 13:56 nessai INFO    : it: 26000: n eval: 508281 H: 21.11 dlogZ: 0.259 logZ: -29.654 +/- 0.145 logLmax: -4.88
08-04 13:56 nessai INFO    : it: 27000: Rolling KS test: D=0.018, p-value=0.5169
08-04 13:56 nessai INFO    : it: 27000: n eval: 608281 H: 21.17 dlogZ: 0.119 logZ: -29.606 +/- 0.145 logLmax: -4.68
08-04 13:56 nessai INFO    : Stopping with difference_log_evidence=0.100
08-04 13:56 nessai INFO    : Finalising
08-04 13:56 nessai INFO    : Final ln-evidence: -29.561 +/- 0.146
08-04 13:56 nessai INFO    : Information: 21.25
08-04 13:56 nessai INFO    : Final KS test: D=0.006148, p-value=0.1276
08-04 13:56 nessai INFO    : Checkpointing nested sampling
08-04 13:56 nessai INFO    : Total sampling time: 0:01:58.587964
08-04 13:56 nessai INFO    : Total training time: 0:00:34.855626
08-04 13:56 nessai INFO    : Total population time: 0:00:43.527554
08-04 13:56 nessai INFO    : Total likelihood evaluations: 628281
08-04 13:56 nessai INFO    : Time spent evaluating likelihood: 0:00:11.327705
08-04 13:56 nessai INFO    : Total sampling time: 0:01:58.587964
08-04 13:56 nessai INFO    : Total likelihood evaluations: 628281
08-04 13:56 nessai INFO    : Starting post processing
08-04 13:56 nessai INFO    : Computing posterior samples
08-04 13:56 nessai INFO    : Effective sample size: 6188.8
08-04 13:56 nessai INFO    : Producing posterior samples using rejection sampling
08-04 13:56 nessai INFO    : Expect 4222.828882133604 samples from rejection sampling
08-04 13:56 nessai INFO    : Returned 4191 posterior samples
08-04 13:56 nessai INFO    : Starting to close worker pool.
08-04 13:56 nessai INFO    : Finished closing worker pool.
