/data/wiay/postgrads/shashwat/qunat_com_future/lib/python3.11/site-packages/nessai/utils/logging.py:133: FutureWarning: setup_logger is deprecated, use configure_logger instead
  warnings.warn(
08-04 13:02 nessai INFO    : Running Nessai version 0.15.2
08-04 13:02 nessai INFO    : Starting multiprocessing pool with 4 processes
08-04 13:02 nessai INFO    : Initialising nested sampler
08-04 13:02 nessai WARNING : Multiprocessing pool has already been configured.
/data/wiay/postgrads/shashwat/qunat_com_future/lib/python3.11/site-packages/nessai/gw/__init__.py:12: FutureWarning: The `nessai.gw` module will be deprecated in the next release in favour of the nessai-gw package. This packages provides the same functionality as`nessai.gw` via the plugin interface.For more details, see: https://github.com/mj-will/nessai-gw
  warnings.warn(
08-04 13:02 nessai INFO    : Passing kwargs to FlowProposal: {'poolsize': 1000}
08-04 13:02 nessai INFO    : No reparameterisations provided, using default reparameterisations included in FlowProposal
08-04 13:02 nessai INFO    : Adding reparameterisations from: {}
08-04 13:02 nessai INFO    : Assuming fallback reparameterisation (ScaleAndShift) for ['kappa', 'mu_xi', 'sigma_chi', 'sigma_xi', 'rho', 'lambda_chi', 'chi0', 'xi0'] with kwargs: {'estimate_scale': True, 'estimate_shift': True, 'prior_bounds': {'kappa': array([0.1, 5. ]), 'mu_xi': array([0. , 0.1]), 'sigma_chi': array([0.05, 0.6 ]), 'sigma_xi': array([0.05, 0.4 ]), 'rho': array([-0.9,  0.9]), 'lambda_chi': array([-0.5,  0.5]), 'chi0': array([-0.5,  0.5]), 'xi0': array([2.5, 5. ])}}.
08-04 13:02 nessai INFO    : x space parameters: ['kappa', 'mu_xi', 'sigma_chi', 'sigma_xi', 'rho', 'lambda_chi', 'chi0', 'xi0']
08-04 13:02 nessai INFO    : x prime space parameters: ['kappa_prime', 'mu_xi_prime', 'sigma_chi_prime', 'sigma_xi_prime', 'rho_prime', 'lambda_chi_prime', 'chi0_prime', 'xi0_prime']
08-04 13:02 nessai INFO    : Overwriting fuzz factor with expansion fraction
08-04 13:02 nessai INFO    : New fuzz factor: 1.2228445449938519
08-04 13:02 nessai INFO    : Verifying rescaling functions
08-04 13:02 nessai INFO    : Rescaling functions are invertible
08-04 13:02 nessai INFO    : Populating initial live points
08-04 13:02 nessai INFO    : Populated 100 / 1000 live points
08-04 13:02 nessai INFO    : Populated 200 / 1000 live points
08-04 13:02 nessai INFO    : Populated 300 / 1000 live points
08-04 13:02 nessai INFO    : Populated 400 / 1000 live points
08-04 13:02 nessai INFO    : Populated 500 / 1000 live points
08-04 13:02 nessai INFO    : Populated 600 / 1000 live points
08-04 13:02 nessai INFO    : Populated 700 / 1000 live points
08-04 13:02 nessai INFO    : Populated 800 / 1000 live points
08-04 13:02 nessai INFO    : Populated 900 / 1000 live points
08-04 13:02 nessai INFO    : Populated 1000 / 1000 live points
08-04 13:02 nessai INFO    : Starting nested sampling loop
08-04 13:02 nessai INFO    : it:  1000: Rolling KS test: D=0.04, p-value=0.03967
08-04 13:02 nessai INFO    : it:  1000: n eval: 3000 H: 7.91 dlogZ: 11620750.560 logZ: -11622156.262 +/- 0.089 logLmax: -1404.70
08-04 13:02 nessai INFO    : it:  2000: Rolling KS test: D=0.023, p-value=0.3419
08-04 13:02 nessai INFO    : it:  2000: n eval: 8000 H: 8.91 dlogZ: 998972.216 logZ: -1000378.919 +/- 0.094 logLmax: -1404.70
08-04 13:02 nessai INFO    : Switching to FlowProposal
08-04 13:02 nessai INFO    : it:  3000: Rolling KS test: D=0.015, p-value=0.6313
08-04 13:02 nessai INFO    : it:  3000: n eval: 11678 H: 9.85 dlogZ: 180621.804 logZ: -182029.507 +/- 0.099 logLmax: -1404.70
08-04 13:02 nessai INFO    : it:  4000: Rolling KS test: D=0.028, p-value=0.2046
08-04 13:02 nessai INFO    : it:  4000: n eval: 13238 H: 10.91 dlogZ: 61415.961 logZ: -62084.388 +/- 0.104 logLmax: -664.43
08-04 13:02 nessai INFO    : it:  5000: Rolling KS test: D=0.015, p-value=0.6313
08-04 13:02 nessai INFO    : it:  5000: n eval: 17011 H: 11.91 dlogZ: 23829.516 logZ: -24219.206 +/- 0.109 logLmax: -384.69
08-04 13:02 nessai INFO    : it:  6000: Rolling KS test: D=0.009, p-value=0.8454
08-04 13:02 nessai INFO    : it:  6000: n eval: 21048 H: 12.39 dlogZ: 10416.887 logZ: -10807.577 +/- 0.111 logLmax: -384.69
08-04 13:02 nessai INFO    : it:  7000: Rolling KS test: D=0.023, p-value=0.3419
08-04 13:02 nessai INFO    : it:  7000: n eval: 25651 H: 13.55 dlogZ: 5125.444 logZ: -5432.297 +/- 0.116 logLmax: -299.85
08-04 13:02 nessai INFO    : it:  8000: Rolling KS test: D=0.01, p-value=0.8133
08-04 13:02 nessai INFO    : it:  8000: n eval: 30495 H: 13.70 dlogZ: 2643.832 logZ: -2853.578 +/- 0.117 logLmax: -201.75
08-04 13:02 nessai INFO    : it:  9000: Rolling KS test: D=0.027, p-value=0.2286
08-04 13:02 nessai INFO    : it:  9000: n eval: 38621 H: 14.38 dlogZ: 1557.572 logZ: -1579.957 +/- 0.120 logLmax: -13.39
08-04 13:02 nessai INFO    : it: 10000: Rolling KS test: D=0.018, p-value=0.5169
08-04 13:02 nessai INFO    : it: 10000: n eval: 43929 H: 15.16 dlogZ: 852.804 logZ: -876.189 +/- 0.123 logLmax: -13.39
08-04 13:02 nessai INFO    : it: 11000: Rolling KS test: D=0.034, p-value=0.09683
08-04 13:02 nessai INFO    : it: 11000: n eval: 49966 H: 15.59 dlogZ: 496.963 logZ: -521.348 +/- 0.125 logLmax: -13.39
08-04 13:02 nessai INFO    : it: 12000: Rolling KS test: D=0.02, p-value=0.4434
08-04 13:02 nessai INFO    : it: 12000: n eval: 55338 H: 15.91 dlogZ: 314.765 logZ: -340.150 +/- 0.126 logLmax: -13.39
08-04 13:02 nessai INFO    : it: 13000: Rolling KS test: D=0.013, p-value=0.7071
08-04 13:02 nessai INFO    : it: 13000: n eval: 60769 H: 16.60 dlogZ: 208.856 logZ: -229.032 +/- 0.129 logLmax: -7.18
08-04 13:02 nessai INFO    : it: 14000: Rolling KS test: D=0.014, p-value=0.6695
08-04 13:02 nessai INFO    : it: 14000: n eval: 66640 H: 17.08 dlogZ: 130.572 logZ: -151.748 +/- 0.131 logLmax: -7.18
08-04 13:02 nessai INFO    : it: 15000: Rolling KS test: D=0.018, p-value=0.5169
08-04 13:02 nessai INFO    : it: 15000: n eval: 77089 H: 17.52 dlogZ: 80.693 logZ: -102.869 +/- 0.132 logLmax: -7.18
08-04 13:02 nessai INFO    : it: 16000: Rolling KS test: D=0.04, p-value=0.03967
08-04 13:02 nessai INFO    : it: 16000: n eval: 85062 H: 18.07 dlogZ: 49.488 logZ: -72.085 +/- 0.134 logLmax: -6.60
08-04 13:02 nessai INFO    : it: 17000: Rolling KS test: D=0.009, p-value=0.8454
08-04 13:02 nessai INFO    : it: 17000: n eval: 96525 H: 18.66 dlogZ: 30.732 logZ: -53.400 +/- 0.137 logLmax: -5.67
08-04 13:02 nessai INFO    : it: 18000: Rolling KS test: D=0.043, p-value=0.02406
08-04 13:02 nessai INFO    : it: 18000: n eval: 103123 H: 19.09 dlogZ: 18.944 logZ: -41.948 +/- 0.138 logLmax: -5.01
08-04 13:02 nessai INFO    : it: 19000: Rolling KS test: D=0.025, p-value=0.2818
08-04 13:02 nessai INFO    : it: 19000: n eval: 115121 H: 19.48 dlogZ: 12.691 logZ: -35.381 +/- 0.140 logLmax: -3.69
08-04 13:03 nessai INFO    : it: 20000: Rolling KS test: D=0.009, p-value=0.8454
08-04 13:03 nessai INFO    : it: 20000: n eval: 128461 H: 19.89 dlogZ: 7.936 logZ: -31.626 +/- 0.141 logLmax: -3.69
08-04 13:03 nessai INFO    : it: 21000: Rolling KS test: D=0.007, p-value=0.9024
08-04 13:03 nessai INFO    : it: 21000: n eval: 145031 H: 20.26 dlogZ: 4.804 logZ: -29.486 +/- 0.142 logLmax: -3.69
08-04 13:03 nessai INFO    : it: 22000: Rolling KS test: D=0.038, p-value=0.05428
08-04 13:03 nessai INFO    : it: 22000: n eval: 171395 H: 20.56 dlogZ: 3.008 logZ: -28.278 +/- 0.143 logLmax: -3.32
08-04 13:03 nessai INFO    : it: 23000: Rolling KS test: D=0.056, p-value=0.001814
08-04 13:03 nessai INFO    : it: 23000: n eval: 205098 H: 20.78 dlogZ: 1.650 logZ: -27.645 +/- 0.144 logLmax: -3.21
08-04 13:03 nessai INFO    : it: 24000: Rolling KS test: D=0.053, p-value=0.003498
08-04 13:03 nessai INFO    : it: 24000: n eval: 238544 H: 20.93 dlogZ: 0.752 logZ: -27.323 +/- 0.145 logLmax: -3.21
08-04 13:03 nessai INFO    : it: 25000: Rolling KS test: D=0.032, p-value=0.1263
08-04 13:03 nessai INFO    : it: 25000: n eval: 277946 H: 21.04 dlogZ: 0.394 logZ: -27.161 +/- 0.145 logLmax: -2.89
08-04 13:03 nessai INFO    : it: 26000: Rolling KS test: D=0.032, p-value=0.1263
08-04 13:03 nessai INFO    : it: 26000: n eval: 296813 H: 21.11 dlogZ: 0.158 logZ: -27.081 +/- 0.145 logLmax: -2.85
08-04 13:03 nessai INFO    : Stopping with difference_log_evidence=0.100
08-04 13:03 nessai INFO    : Finalising
08-04 13:03 nessai INFO    : Final ln-evidence: -27.011 +/- 0.146
08-04 13:03 nessai INFO    : Information: 21.19
08-04 13:03 nessai INFO    : Final KS test: D=0.008129, p-value=0.03003
08-04 13:03 nessai WARNING : Final p-value for the insertion indices is less than 0.05, this could be an indication of problems during sampling. Consider checking the diagnostic plots.
08-04 13:03 nessai INFO    : Checkpointing nested sampling
08-04 13:03 nessai INFO    : Total sampling time: 0:01:37.973645
08-04 13:03 nessai INFO    : Total training time: 0:00:31.011171
08-04 13:03 nessai INFO    : Total population time: 0:00:25.100373
08-04 13:03 nessai INFO    : Total likelihood evaluations: 304864
08-04 13:03 nessai INFO    : Time spent evaluating likelihood: 0:00:10.631904
08-04 13:03 nessai INFO    : Total sampling time: 0:01:37.973645
08-04 13:03 nessai INFO    : Total likelihood evaluations: 304864
08-04 13:03 nessai INFO    : Starting post processing
08-04 13:03 nessai INFO    : Computing posterior samples
08-04 13:03 nessai INFO    : Effective sample size: 5707.9
08-04 13:03 nessai INFO    : Producing posterior samples using rejection sampling
08-04 13:03 nessai INFO    : Expect 3913.359614045533 samples from rejection sampling
08-04 13:03 nessai INFO    : Returned 3870 posterior samples
08-04 13:03 nessai INFO    : Starting to close worker pool.
08-04 13:03 nessai INFO    : Finished closing worker pool.
