/data/wiay/postgrads/shashwat/qunat_com_future/lib/python3.11/site-packages/nessai/utils/logging.py:133: FutureWarning: setup_logger is deprecated, use configure_logger instead
  warnings.warn(
08-04 13:02 nessai INFO    : Running Nessai version 0.15.2
08-04 13:02 nessai INFO    : Starting multiprocessing pool with 4 processes
08-04 13:02 nessai INFO    : Initialising nested sampler
08-04 13:02 nessai WARNING : Multiprocessing pool has already been configured.
/data/wiay/postgrads/shashwat/qunat_com_future/lib/python3.11/site-packages/nessai/gw/__init__.py:12: FutureWarning: The `nessai.gw` module will be deprecated in the next release in favour of the nessai-gw package. This packages provides the same functionality as`nessai.gw` via the plugin interface.For more details, see: https://github.com/mj-will/nessai-gw
  warnings.warn(
08-04 13:02 nessai INFO    : Passing kwargs to FlowProposal: {'poolsize': 1000}
08-04 13:02 nessai INFO    : No reparameterisations provided, using default reparameterisations included in FlowProposal
08-04 13:02 nessai INFO    : Adding reparameterisations from: {}
08-04 13:02 nessai INFO    : Assuming fallback reparameterisation (ScaleAndShift) for ['kappa', 'mu_xi', 'sigma_chi', 'sigma_xi', 'rho', 'lambda_chi', 'chi0', 'xi0'] with kwargs: {'estimate_scale': True, 'estimate_shift': True, 'prior_bounds': {'kappa': array([0.1, 5. ]), 'mu_xi': array([0. , 0.1]), 'sigma_chi': array([0.05, 0.6 ]), 'sigma_xi': array([0.05, 0.4 ]), 'rho': array([-0.9,  0.9]), 'lambda_chi': array([-0.5,  0.5]), 'chi0': array([-0.5,  0.5]), 'xi0': array([2.5, 5. ])}}.
08-04 13:02 nessai INFO    : x space parameters: ['kappa', 'mu_xi', 'sigma_chi', 'sigma_xi', 'rho', 'lambda_chi', 'chi0', 'xi0']
08-04 13:02 nessai INFO    : x prime space parameters: ['kappa_prime', 'mu_xi_prime', 'sigma_chi_prime', 'sigma_xi_prime', 'rho_prime', 'lambda_chi_prime', 'chi0_prime', 'xi0_prime']
08-04 13:02 nessai INFO    : Overwriting fuzz factor with expansion fraction
08-04 13:02 nessai INFO    : New fuzz factor: 1.2228445449938519
08-04 13:02 nessai INFO    : Verifying rescaling functions
08-04 13:02 nessai INFO    : Rescaling functions are invertible
08-04 13:02 nessai INFO    : Populating initial live points
08-04 13:02 nessai INFO    : Populated 100 / 1000 live points
08-04 13:02 nessai INFO    : Populated 200 / 1000 live points
08-04 13:02 nessai INFO    : Populated 300 / 1000 live points
08-04 13:02 nessai INFO    : Populated 400 / 1000 live points
08-04 13:02 nessai INFO    : Populated 500 / 1000 live points
08-04 13:02 nessai INFO    : Populated 600 / 1000 live points
08-04 13:02 nessai INFO    : Populated 700 / 1000 live points
08-04 13:02 nessai INFO    : Populated 800 / 1000 live points
08-04 13:02 nessai INFO    : Populated 900 / 1000 live points
08-04 13:02 nessai INFO    : Populated 1000 / 1000 live points
08-04 13:02 nessai INFO    : Starting nested sampling loop
08-04 13:02 nessai INFO    : it:  1000: Rolling KS test: D=0.03, p-value=0.162
08-04 13:02 nessai INFO    : it:  1000: n eval: 3000 H: 7.91 dlogZ: 16510811.243 logZ: -16691752.491 +/- 0.089 logLmax: -180940.25
08-04 13:02 nessai INFO    : it:  2000: Rolling KS test: D=0.015, p-value=0.6313
08-04 13:02 nessai INFO    : it:  2000: n eval: 8000 H: 8.91 dlogZ: 7346086.273 logZ: -7527028.521 +/- 0.094 logLmax: -180940.25
08-04 13:02 nessai INFO    : Switching to FlowProposal
08-04 13:02 nessai INFO    : it:  3000: Rolling KS test: D=0.004, p-value=0.9659
08-04 13:02 nessai INFO    : it:  3000: n eval: 12188 H: 9.91 dlogZ: 3954891.881 logZ: -4135835.130 +/- 0.100 logLmax: -180940.25
08-04 13:02 nessai INFO    : it:  4000: Rolling KS test: D=0.05, p-value=0.006506
08-04 13:02 nessai INFO    : it:  4000: n eval: 16378 H: 10.91 dlogZ: 2475958.735 logZ: -2562197.570 +/- 0.104 logLmax: -86234.84
08-04 13:02 nessai INFO    : it:  5000: Rolling KS test: D=0.011, p-value=0.7794
08-04 13:02 nessai INFO    : it:  5000: n eval: 21151 H: 11.91 dlogZ: 1644046.367 logZ: -1688247.335 +/- 0.109 logLmax: -44195.97
08-04 13:02 nessai INFO    : it:  6000: Rolling KS test: D=0.035, p-value=0.08429
08-04 13:02 nessai INFO    : it:  6000: n eval: 25484 H: 12.91 dlogZ: 1080887.901 logZ: -1093080.561 +/- 0.114 logLmax: -12186.66
08-04 13:02 nessai INFO    : it:  7000: Rolling KS test: D=0.033, p-value=0.1108
08-04 13:02 nessai INFO    : it:  7000: n eval: 29567 H: 13.91 dlogZ: 680538.450 logZ: -683179.127 +/- 0.118 logLmax: -2633.68
08-04 13:02 nessai INFO    : it:  8000: Rolling KS test: D=0.042, p-value=0.02854
08-04 13:02 nessai INFO    : it:  8000: n eval: 31801 H: 14.91 dlogZ: 418423.356 logZ: -421065.033 +/- 0.122 logLmax: -2633.68
08-04 13:02 nessai INFO    : it:  9000: Rolling KS test: D=0.008, p-value=0.8752
08-04 13:02 nessai INFO    : it:  9000: n eval: 35989 H: 15.91 dlogZ: 262164.870 logZ: -264807.547 +/- 0.126 logLmax: -2633.68
08-04 13:02 nessai INFO    : it: 10000: Rolling KS test: D=0.025, p-value=0.2818
08-04 13:02 nessai INFO    : it: 10000: n eval: 40288 H: 16.91 dlogZ: 159467.245 logZ: -162110.922 +/- 0.130 logLmax: -2633.68
08-04 13:02 nessai INFO    : it: 11000: Rolling KS test: D=0.035, p-value=0.08429
08-04 13:02 nessai INFO    : it: 11000: n eval: 44772 H: 17.91 dlogZ: 101156.266 logZ: -103800.943 +/- 0.134 logLmax: -2633.68
08-04 13:03 nessai INFO    : it: 12000: Rolling KS test: D=0.029, p-value=0.1825
08-04 13:03 nessai INFO    : it: 12000: n eval: 48909 H: 18.91 dlogZ: 63164.819 logZ: -64214.091 +/- 0.138 logLmax: -1037.27
08-04 13:03 nessai INFO    : it: 13000: Rolling KS test: D=0.018, p-value=0.5169
08-04 13:03 nessai INFO    : it: 13000: n eval: 53118 H: 19.91 dlogZ: 39646.447 logZ: -40696.720 +/- 0.141 logLmax: -1037.27
08-04 13:03 nessai INFO    : it: 14000: Rolling KS test: D=0.041, p-value=0.03371
08-04 13:03 nessai INFO    : it: 14000: n eval: 57471 H: 20.91 dlogZ: 23981.314 logZ: -24425.689 +/- 0.145 logLmax: -430.38
08-04 13:03 nessai INFO    : it: 15000: Rolling KS test: D=0.009, p-value=0.8454
08-04 13:03 nessai INFO    : it: 15000: n eval: 62249 H: 21.89 dlogZ: 14408.340 logZ: -14853.714 +/- 0.148 logLmax: -430.38
08-04 13:03 nessai INFO    : it: 16000: Rolling KS test: D=0.029, p-value=0.1825
08-04 13:03 nessai INFO    : it: 16000: n eval: 67195 H: 22.54 dlogZ: 8498.804 logZ: -8910.699 +/- 0.150 logLmax: -395.90
08-04 13:03 nessai INFO    : it: 17000: Rolling KS test: D=0.025, p-value=0.2818
08-04 13:03 nessai INFO    : it: 17000: n eval: 71867 H: 23.82 dlogZ: 5428.694 logZ: -5630.537 +/- 0.154 logLmax: -184.84
08-04 13:03 nessai INFO    : it: 18000: Rolling KS test: D=0.033, p-value=0.1108
08-04 13:03 nessai INFO    : it: 18000: n eval: 76712 H: 23.68 dlogZ: 3245.986 logZ: -3448.829 +/- 0.154 logLmax: -184.84
08-04 13:03 nessai INFO    : it: 19000: Rolling KS test: D=0.019, p-value=0.4797
08-04 13:03 nessai INFO    : it: 19000: n eval: 82373 H: 24.67 dlogZ: 2043.720 logZ: -2113.813 +/- 0.157 logLmax: -51.09
08-04 13:03 nessai INFO    : it: 20000: Rolling KS test: D=0.031, p-value=0.1433
08-04 13:03 nessai INFO    : it: 20000: n eval: 91924 H: 25.86 dlogZ: 1218.028 logZ: -1289.121 +/- 0.161 logLmax: -51.09
08-04 13:03 nessai INFO    : it: 21000: Rolling KS test: D=0.014, p-value=0.6695
08-04 13:03 nessai INFO    : it: 21000: n eval: 98770 H: 26.11 dlogZ: 730.962 logZ: -787.572 +/- 0.162 logLmax: -35.61
08-04 13:03 nessai INFO    : it: 22000: Rolling KS test: D=0.017, p-value=0.5547
08-04 13:03 nessai INFO    : it: 22000: n eval: 116160 H: 26.81 dlogZ: 438.886 logZ: -496.495 +/- 0.164 logLmax: -35.61
08-04 13:03 nessai INFO    : it: 23000: Rolling KS test: D=0.042, p-value=0.02854
08-04 13:03 nessai INFO    : it: 23000: n eval: 123597 H: 26.68 dlogZ: 255.019 logZ: -310.751 +/- 0.163 logLmax: -32.73
08-04 13:03 nessai INFO    : it: 24000: Rolling KS test: D=0.003, p-value=0.9802
08-04 13:03 nessai INFO    : it: 24000: n eval: 132522 H: 27.25 dlogZ: 170.681 logZ: -205.881 +/- 0.165 logLmax: -11.20
08-04 13:03 nessai INFO    : it: 25000: Rolling KS test: D=0.041, p-value=0.03371
08-04 13:03 nessai INFO    : it: 25000: n eval: 147575 H: 28.06 dlogZ: 102.211 logZ: -138.412 +/- 0.168 logLmax: -11.20
08-04 13:03 nessai INFO    : it: 26000: Rolling KS test: D=0.037, p-value=0.06311
08-04 13:03 nessai INFO    : it: 26000: n eval: 162666 H: 28.27 dlogZ: 67.077 logZ: -100.878 +/- 0.168 logLmax: -7.80
08-04 13:03 nessai INFO    : it: 27000: Rolling KS test: D=0.027, p-value=0.2286
08-04 13:03 nessai INFO    : it: 27000: n eval: 188615 H: 28.86 dlogZ: 43.962 logZ: -78.763 +/- 0.170 logLmax: -7.80
08-04 13:04 nessai INFO    : it: 28000: Rolling KS test: D=0.015, p-value=0.6313
08-04 13:04 nessai INFO    : it: 28000: n eval: 210654 H: 29.37 dlogZ: 29.315 logZ: -65.116 +/- 0.171 logLmax: -7.80
08-04 13:04 nessai INFO    : it: 29000: Rolling KS test: D=0.016, p-value=0.593
08-04 13:04 nessai INFO    : it: 29000: n eval: 243706 H: 29.84 dlogZ: 21.165 logZ: -56.110 +/- 0.173 logLmax: -5.95
08-04 13:04 nessai INFO    : it: 30000: Rolling KS test: D=0.021, p-value=0.4082
08-04 13:04 nessai INFO    : it: 30000: n eval: 267456 H: 30.41 dlogZ: 14.607 logZ: -50.551 +/- 0.174 logLmax: -5.95
08-04 13:04 nessai INFO    : it: 31000: Rolling KS test: D=0.023, p-value=0.3419
08-04 13:04 nessai INFO    : it: 31000: n eval: 304460 H: 30.86 dlogZ: 10.189 logZ: -46.895 +/- 0.176 logLmax: -5.71
08-04 13:04 nessai INFO    : it: 32000: Rolling KS test: D=0.01, p-value=0.8133
08-04 13:04 nessai INFO    : it: 32000: n eval: 340831 H: 31.37 dlogZ: 6.931 logZ: -44.534 +/- 0.177 logLmax: -5.61
08-04 13:04 nessai INFO    : it: 33000: Rolling KS test: D=0.002, p-value=0.9907
08-04 13:04 nessai INFO    : it: 33000: n eval: 365825 H: 31.81 dlogZ: 4.609 logZ: -43.054 +/- 0.178 logLmax: -5.46
08-04 13:04 nessai INFO    : it: 34000: Rolling KS test: D=0.029, p-value=0.1825
08-04 13:04 nessai INFO    : it: 34000: n eval: 405223 H: 32.22 dlogZ: 3.428 logZ: -42.090 +/- 0.179 logLmax: -4.70
08-04 13:04 nessai INFO    : it: 35000: Rolling KS test: D=0.022, p-value=0.3744
08-04 13:04 nessai INFO    : it: 35000: n eval: 441740 H: 32.51 dlogZ: 2.426 logZ: -41.531 +/- 0.180 logLmax: -4.20
08-04 13:05 nessai INFO    : it: 36000: Rolling KS test: D=0.026, p-value=0.2543
08-04 13:05 nessai INFO    : it: 36000: n eval: 478305 H: 32.77 dlogZ: 1.311 logZ: -41.194 +/- 0.181 logLmax: -4.20
08-04 13:05 nessai INFO    : it: 37000: Rolling KS test: D=0.036, p-value=0.07308
08-04 13:05 nessai INFO    : it: 37000: n eval: 508444 H: 32.96 dlogZ: 0.747 logZ: -40.997 +/- 0.182 logLmax: -3.89
08-04 13:05 nessai INFO    : it: 38000: Rolling KS test: D=0.007, p-value=0.9024
08-04 13:05 nessai INFO    : it: 38000: n eval: 529957 H: 33.09 dlogZ: 0.313 logZ: -40.891 +/- 0.182 logLmax: -3.89
08-04 13:05 nessai INFO    : it: 39000: Rolling KS test: D=0.009, p-value=0.8454
08-04 13:05 nessai INFO    : it: 39000: n eval: 555465 H: 33.16 dlogZ: 0.120 logZ: -40.837 +/- 0.182 logLmax: -3.89
08-04 13:05 nessai INFO    : Stopping with difference_log_evidence=0.100
08-04 13:05 nessai INFO    : Finalising
08-04 13:05 nessai INFO    : Final ln-evidence: -40.790 +/- 0.182
08-04 13:05 nessai INFO    : Information: 33.25
08-04 13:05 nessai INFO    : Final KS test: D=0.007982, p-value=0.006747
08-04 13:05 nessai WARNING : Final p-value for the insertion indices is less than 0.05, this could be an indication of problems during sampling. Consider checking the diagnostic plots.
08-04 13:05 nessai INFO    : Checkpointing nested sampling
08-04 13:05 nessai INFO    : Total sampling time: 0:02:59.808724
08-04 13:05 nessai INFO    : Total training time: 0:00:59.171609
08-04 13:05 nessai INFO    : Total population time: 0:00:46.769683
08-04 13:05 nessai INFO    : Total likelihood evaluations: 563156
08-04 13:05 nessai INFO    : Time spent evaluating likelihood: 0:00:23.227770
08-04 13:05 nessai INFO    : Total sampling time: 0:02:59.808724
08-04 13:05 nessai INFO    : Total likelihood evaluations: 563156
08-04 13:05 nessai INFO    : Starting post processing
08-04 13:05 nessai INFO    : Computing posterior samples
08-04 13:05 nessai INFO    : Effective sample size: 6717.1
08-04 13:05 nessai INFO    : Producing posterior samples using rejection sampling
08-04 13:05 nessai INFO    : Expect 4809.446827471552 samples from rejection sampling
08-04 13:05 nessai INFO    : Returned 4825 posterior samples
08-04 13:05 nessai INFO    : Starting to close worker pool.
08-04 13:05 nessai INFO    : Finished closing worker pool.
