/data/wiay/postgrads/shashwat/qunat_com_future/lib/python3.11/site-packages/nessai/utils/logging.py:133: FutureWarning: setup_logger is deprecated, use configure_logger instead
  warnings.warn(
08-04 15:16 nessai INFO    : Running Nessai version 0.15.2
08-04 15:16 nessai INFO    : Starting multiprocessing pool with 4 processes
08-04 15:16 nessai INFO    : Initialising nested sampler
08-04 15:16 nessai WARNING : Multiprocessing pool has already been configured.
/data/wiay/postgrads/shashwat/qunat_com_future/lib/python3.11/site-packages/nessai/gw/__init__.py:12: FutureWarning: The `nessai.gw` module will be deprecated in the next release in favour of the nessai-gw package. This packages provides the same functionality as`nessai.gw` via the plugin interface.For more details, see: https://github.com/mj-will/nessai-gw
  warnings.warn(
08-04 15:16 nessai INFO    : Passing kwargs to FlowProposal: {'poolsize': 1000}
08-04 15:16 nessai INFO    : No reparameterisations provided, using default reparameterisations included in FlowProposal
08-04 15:16 nessai INFO    : Adding reparameterisations from: {}
08-04 15:16 nessai INFO    : Assuming fallback reparameterisation (ScaleAndShift) for ['kappa', 'mu_xi', 'sigma_chi', 'sigma_xi', 'rho', 'lambda_chi', 'chi0', 'xi0'] with kwargs: {'estimate_scale': True, 'estimate_shift': True, 'prior_bounds': {'kappa': array([0.1, 5. ]), 'mu_xi': array([0. , 0.1]), 'sigma_chi': array([0.05, 0.6 ]), 'sigma_xi': array([0.05, 0.4 ]), 'rho': array([-0.9,  0.9]), 'lambda_chi': array([-0.5,  0.5]), 'chi0': array([-0.5,  0.5]), 'xi0': array([2.5, 5. ])}}.
08-04 15:16 nessai INFO    : x space parameters: ['kappa', 'mu_xi', 'sigma_chi', 'sigma_xi', 'rho', 'lambda_chi', 'chi0', 'xi0']
08-04 15:16 nessai INFO    : x prime space parameters: ['kappa_prime', 'mu_xi_prime', 'sigma_chi_prime', 'sigma_xi_prime', 'rho_prime', 'lambda_chi_prime', 'chi0_prime', 'xi0_prime']
08-04 15:16 nessai INFO    : Overwriting fuzz factor with expansion fraction
08-04 15:16 nessai INFO    : New fuzz factor: 1.2228445449938519
08-04 15:16 nessai INFO    : Verifying rescaling functions
08-04 15:16 nessai INFO    : Rescaling functions are invertible
08-04 15:16 nessai INFO    : Populating initial live points
08-04 15:16 nessai INFO    : Populated 100 / 1000 live points
08-04 15:16 nessai INFO    : Populated 200 / 1000 live points
08-04 15:16 nessai INFO    : Populated 300 / 1000 live points
08-04 15:16 nessai INFO    : Populated 400 / 1000 live points
08-04 15:16 nessai INFO    : Populated 500 / 1000 live points
08-04 15:16 nessai INFO    : Populated 600 / 1000 live points
08-04 15:16 nessai INFO    : Populated 700 / 1000 live points
08-04 15:16 nessai INFO    : Populated 800 / 1000 live points
08-04 15:16 nessai INFO    : Populated 900 / 1000 live points
08-04 15:16 nessai INFO    : Populated 1000 / 1000 live points
08-04 15:16 nessai INFO    : Starting nested sampling loop
08-04 15:16 nessai INFO    : it:  1000: Rolling KS test: D=0.013, p-value=0.7071
08-04 15:16 nessai INFO    : it:  1000: n eval: 3000 H: 7.91 dlogZ: 30933653.114 logZ: -30972121.737 +/- 0.089 logLmax: -38467.62
08-04 15:16 nessai INFO    : it:  2000: Rolling KS test: D=0.047, p-value=0.01167
08-04 15:16 nessai INFO    : it:  2000: n eval: 8000 H: 8.91 dlogZ: 8202757.680 logZ: -8241227.303 +/- 0.094 logLmax: -38467.62
08-04 15:16 nessai INFO    : Switching to FlowProposal
08-04 15:16 nessai INFO    : it:  3000: Rolling KS test: D=0.018, p-value=0.5169
08-04 15:16 nessai INFO    : it:  3000: n eval: 12142 H: 9.91 dlogZ: 2822931.173 logZ: -2840191.417 +/- 0.100 logLmax: -17257.25
08-04 15:16 nessai INFO    : it:  4000: Rolling KS test: D=0.013, p-value=0.7071
08-04 15:16 nessai INFO    : it:  4000: n eval: 15902 H: 10.91 dlogZ: 1164608.042 logZ: -1173600.856 +/- 0.104 logLmax: -8988.81
08-04 15:16 nessai INFO    : it:  5000: Rolling KS test: D=0.018, p-value=0.5169
08-04 15:16 nessai INFO    : it:  5000: n eval: 20304 H: 11.91 dlogZ: 530731.725 logZ: -534789.971 +/- 0.109 logLmax: -4053.25
08-04 15:16 nessai INFO    : it:  6000: Rolling KS test: D=0.047, p-value=0.01167
08-04 15:16 nessai INFO    : it:  6000: n eval: 24548 H: 12.91 dlogZ: 236883.189 logZ: -240942.435 +/- 0.114 logLmax: -4053.25
08-04 15:16 nessai INFO    : it:  7000: Rolling KS test: D=0.014, p-value=0.6695
08-04 15:16 nessai INFO    : it:  7000: n eval: 29092 H: 13.91 dlogZ: 111693.716 logZ: -113572.567 +/- 0.118 logLmax: -1871.85
08-04 15:16 nessai INFO    : it:  8000: Rolling KS test: D=0.031, p-value=0.1433
08-04 15:16 nessai INFO    : it:  8000: n eval: 34376 H: 14.91 dlogZ: 54982.976 logZ: -56693.129 +/- 0.122 logLmax: -1702.15
08-04 15:16 nessai INFO    : it:  9000: Rolling KS test: D=0.022, p-value=0.3744
08-04 15:16 nessai INFO    : it:  9000: n eval: 40075 H: 15.91 dlogZ: 29552.839 logZ: -30087.458 +/- 0.126 logLmax: -525.62
08-04 15:16 nessai INFO    : it: 10000: Rolling KS test: D=0.039, p-value=0.0465
08-04 15:16 nessai INFO    : it: 10000: n eval: 45762 H: 16.91 dlogZ: 15821.077 logZ: -16356.697 +/- 0.130 logLmax: -525.62
08-04 15:16 nessai INFO    : it: 11000: Rolling KS test: D=0.03, p-value=0.162
08-04 15:16 nessai INFO    : it: 11000: n eval: 51270 H: 17.23 dlogZ: 8689.898 logZ: -8875.698 +/- 0.131 logLmax: -174.80
08-04 15:16 nessai INFO    : it: 12000: Rolling KS test: D=0.045, p-value=0.01689
08-04 15:16 nessai INFO    : it: 12000: n eval: 56254 H: 18.31 dlogZ: 4553.248 logZ: -4637.079 +/- 0.135 logLmax: -71.83
08-04 15:16 nessai INFO    : it: 13000: Rolling KS test: D=0.015, p-value=0.6313
08-04 15:16 nessai INFO    : it: 13000: n eval: 64818 H: 18.82 dlogZ: 2490.615 logZ: -2575.447 +/- 0.137 logLmax: -71.83
08-04 15:16 nessai INFO    : it: 14000: Rolling KS test: D=0.041, p-value=0.03371
08-04 15:16 nessai INFO    : it: 14000: n eval: 78619 H: 19.90 dlogZ: 1440.940 logZ: -1495.890 +/- 0.141 logLmax: -40.95
08-04 15:16 nessai INFO    : it: 15000: Rolling KS test: D=0.038, p-value=0.05428
08-04 15:16 nessai INFO    : it: 15000: n eval: 87789 H: 20.11 dlogZ: 828.261 logZ: -878.694 +/- 0.142 logLmax: -35.43
08-04 15:16 nessai INFO    : it: 16000: Rolling KS test: D=0.017, p-value=0.5547
08-04 15:16 nessai INFO    : it: 16000: n eval: 95117 H: 20.78 dlogZ: 507.893 logZ: -547.103 +/- 0.144 logLmax: -23.21
08-04 15:16 nessai INFO    : it: 17000: Rolling KS test: D=0.02, p-value=0.4434
08-04 15:16 nessai INFO    : it: 17000: n eval: 106055 H: 21.33 dlogZ: 307.847 logZ: -333.839 +/- 0.146 logLmax: -8.99
08-04 15:16 nessai INFO    : it: 18000: Rolling KS test: D=0.011, p-value=0.7794
08-04 15:16 nessai INFO    : it: 18000: n eval: 119431 H: 21.54 dlogZ: 183.650 logZ: -210.642 +/- 0.147 logLmax: -8.99
08-04 15:16 nessai INFO    : it: 19000: Rolling KS test: D=0.015, p-value=0.6313
08-04 15:16 nessai INFO    : it: 19000: n eval: 133562 H: 21.74 dlogZ: 113.851 logZ: -137.385 +/- 0.147 logLmax: -4.53
08-04 15:16 nessai INFO    : it: 20000: Rolling KS test: D=0.011, p-value=0.7794
08-04 15:17 nessai INFO    : it: 20000: n eval: 156757 H: 22.64 dlogZ: 67.916 logZ: -92.449 +/- 0.150 logLmax: -4.53
08-04 15:17 nessai INFO    : it: 21000: Rolling KS test: D=0.017, p-value=0.5547
08-04 15:17 nessai INFO    : it: 21000: n eval: 182674 H: 22.83 dlogZ: 42.176 logZ: -67.332 +/- 0.151 logLmax: -4.16
08-04 15:17 nessai INFO    : it: 22000: Rolling KS test: D=0.05, p-value=0.006506
08-04 15:17 nessai INFO    : it: 22000: n eval: 220699 H: 23.39 dlogZ: 26.988 logZ: -52.841 +/- 0.153 logLmax: -3.65
08-04 15:17 nessai INFO    : it: 23000: Rolling KS test: D=0.01, p-value=0.8133
08-04 15:17 nessai INFO    : it: 23000: n eval: 270699 H: 23.93 dlogZ: 17.239 logZ: -43.477 +/- 0.155 logLmax: -3.24
08-04 15:17 nessai INFO    : it: 24000: Rolling KS test: D=0.008, p-value=0.8752
08-04 15:17 nessai INFO    : it: 24000: n eval: 350699 H: 24.33 dlogZ: 11.564 logZ: -38.045 +/- 0.156 logLmax: -2.48
08-04 15:17 nessai INFO    : it: 25000: Rolling KS test: D=0.039, p-value=0.0465
08-04 15:17 nessai INFO    : it: 25000: n eval: 440699 H: 24.74 dlogZ: 8.112 logZ: -34.854 +/- 0.157 logLmax: -1.74
08-04 15:17 nessai INFO    : it: 26000: Rolling KS test: D=0.035, p-value=0.08429
08-04 15:17 nessai INFO    : it: 26000: n eval: 520699 H: 25.12 dlogZ: 5.519 logZ: -32.955 +/- 0.158 logLmax: -1.44
08-04 15:17 nessai INFO    : it: 27000: Rolling KS test: D=0.022, p-value=0.3744
08-04 15:17 nessai INFO    : it: 27000: n eval: 590699 H: 25.47 dlogZ: 3.532 logZ: -31.827 +/- 0.160 logLmax: -1.33
08-04 15:18 nessai INFO    : it: 28000: Rolling KS test: D=0.04, p-value=0.03967
08-04 15:18 nessai INFO    : it: 28000: n eval: 670699 H: 25.75 dlogZ: 2.530 logZ: -31.174 +/- 0.160 logLmax: -0.73
08-04 15:18 nessai INFO    : it: 29000: Rolling KS test: D=0.03, p-value=0.162
08-04 15:18 nessai INFO    : it: 29000: n eval: 730699 H: 25.98 dlogZ: 1.541 logZ: -30.806 +/- 0.161 logLmax: -0.51
08-04 15:18 nessai INFO    : it: 30000: Rolling KS test: D=0.027, p-value=0.2286
08-04 15:18 nessai INFO    : it: 30000: n eval: 790699 H: 26.16 dlogZ: 0.737 logZ: -30.593 +/- 0.162 logLmax: -0.51
08-04 15:18 nessai INFO    : it: 31000: Rolling KS test: D=0.027, p-value=0.2286
08-04 15:18 nessai INFO    : it: 31000: n eval: 840699 H: 26.29 dlogZ: 0.305 logZ: -30.473 +/- 0.162 logLmax: -0.51
08-04 15:18 nessai INFO    : it: 32000: Rolling KS test: D=0.037, p-value=0.06311
08-04 15:18 nessai INFO    : it: 32000: n eval: 880657 H: 26.38 dlogZ: 0.116 logZ: -30.411 +/- 0.162 logLmax: -0.51
08-04 15:18 nessai INFO    : Stopping with difference_log_evidence=0.100
08-04 15:18 nessai INFO    : Finalising
08-04 15:18 nessai INFO    : Final ln-evidence: -30.356 +/- 0.163
08-04 15:18 nessai INFO    : Information: 26.47
08-04 15:18 nessai INFO    : Final KS test: D=0.01067, p-value=0.0006576
08-04 15:18 nessai WARNING : Final p-value for the insertion indices is less than 0.05, this could be an indication of problems during sampling. Consider checking the diagnostic plots.
08-04 15:18 nessai INFO    : Checkpointing nested sampling
08-04 15:18 nessai INFO    : Total sampling time: 0:02:19.567122
08-04 15:18 nessai INFO    : Total training time: 0:00:43.819502
08-04 15:18 nessai INFO    : Total population time: 0:00:45.721829
08-04 15:18 nessai INFO    : Total likelihood evaluations: 880657
08-04 15:18 nessai INFO    : Time spent evaluating likelihood: 0:00:16.261300
08-04 15:18 nessai INFO    : Total sampling time: 0:02:19.567122
08-04 15:18 nessai INFO    : Total likelihood evaluations: 880657
08-04 15:18 nessai INFO    : Starting post processing
08-04 15:18 nessai INFO    : Computing posterior samples
08-04 15:18 nessai INFO    : Effective sample size: 6558.3
08-04 15:18 nessai INFO    : Producing posterior samples using rejection sampling
08-04 15:18 nessai INFO    : Expect 4619.555431614115 samples from rejection sampling
08-04 15:18 nessai INFO    : Returned 4626 posterior samples
08-04 15:18 nessai INFO    : Starting to close worker pool.
08-04 15:18 nessai INFO    : Finished closing worker pool.
