/data/wiay/postgrads/shashwat/qunat_com_future/lib/python3.11/site-packages/nessai/utils/logging.py:133: FutureWarning: setup_logger is deprecated, use configure_logger instead
  warnings.warn(
08-04 15:50 nessai INFO    : Running Nessai version 0.15.2
08-04 15:50 nessai INFO    : Starting multiprocessing pool with 4 processes
08-04 15:50 nessai INFO    : Initialising nested sampler
08-04 15:50 nessai WARNING : Multiprocessing pool has already been configured.
/data/wiay/postgrads/shashwat/qunat_com_future/lib/python3.11/site-packages/nessai/gw/__init__.py:12: FutureWarning: The `nessai.gw` module will be deprecated in the next release in favour of the nessai-gw package. This packages provides the same functionality as`nessai.gw` via the plugin interface.For more details, see: https://github.com/mj-will/nessai-gw
  warnings.warn(
08-04 15:50 nessai INFO    : Passing kwargs to FlowProposal: {'poolsize': 1000}
08-04 15:50 nessai INFO    : No reparameterisations provided, using default reparameterisations included in FlowProposal
08-04 15:50 nessai INFO    : Adding reparameterisations from: {}
08-04 15:50 nessai INFO    : Assuming fallback reparameterisation (ScaleAndShift) for ['kappa', 'mu_xi', 'sigma_chi', 'sigma_xi', 'rho', 'lambda_chi', 'chi0', 'xi0'] with kwargs: {'estimate_scale': True, 'estimate_shift': True, 'prior_bounds': {'kappa': array([0.1, 5. ]), 'mu_xi': array([0. , 0.1]), 'sigma_chi': array([0.05, 0.6 ]), 'sigma_xi': array([0.05, 0.4 ]), 'rho': array([-0.9,  0.9]), 'lambda_chi': array([-0.5,  0.5]), 'chi0': array([-0.5,  0.5]), 'xi0': array([2.5, 5. ])}}.
08-04 15:50 nessai INFO    : x space parameters: ['kappa', 'mu_xi', 'sigma_chi', 'sigma_xi', 'rho', 'lambda_chi', 'chi0', 'xi0']
08-04 15:50 nessai INFO    : x prime space parameters: ['kappa_prime', 'mu_xi_prime', 'sigma_chi_prime', 'sigma_xi_prime', 'rho_prime', 'lambda_chi_prime', 'chi0_prime', 'xi0_prime']
08-04 15:50 nessai INFO    : Overwriting fuzz factor with expansion fraction
08-04 15:50 nessai INFO    : New fuzz factor: 1.2228445449938519
08-04 15:50 nessai INFO    : Verifying rescaling functions
08-04 15:50 nessai INFO    : Rescaling functions are invertible
08-04 15:50 nessai INFO    : Populating initial live points
08-04 15:50 nessai INFO    : Populated 100 / 1000 live points
08-04 15:50 nessai INFO    : Populated 200 / 1000 live points
08-04 15:50 nessai INFO    : Populated 300 / 1000 live points
08-04 15:50 nessai INFO    : Populated 400 / 1000 live points
08-04 15:50 nessai INFO    : Populated 500 / 1000 live points
08-04 15:50 nessai INFO    : Populated 600 / 1000 live points
08-04 15:50 nessai INFO    : Populated 700 / 1000 live points
08-04 15:50 nessai INFO    : Populated 800 / 1000 live points
08-04 15:50 nessai INFO    : Populated 900 / 1000 live points
08-04 15:50 nessai INFO    : Populated 1000 / 1000 live points
08-04 15:50 nessai INFO    : Starting nested sampling loop
08-04 15:50 nessai INFO    : it:  1000: Rolling KS test: D=0.03, p-value=0.162
08-04 15:50 nessai INFO    : it:  1000: n eval: 3000 H: 7.91 dlogZ: 16552425.314 logZ: -16731600.681 +/- 0.089 logLmax: -179174.37
08-04 15:50 nessai INFO    : it:  2000: Rolling KS test: D=0.016, p-value=0.593
08-04 15:50 nessai INFO    : it:  2000: n eval: 8000 H: 8.91 dlogZ: 7361746.924 logZ: -7540923.291 +/- 0.094 logLmax: -179174.37
08-04 15:50 nessai INFO    : Switching to FlowProposal
/data/wiay/postgrads/shashwat/qunat_com_future/lib/python3.11/site-packages/torch/autograd/graph.py:882: UserWarning: CUDA initialization: The NVIDIA driver on your system is too old (found version 12020). Please update your GPU driver by downloading and installing a new version from the URL: http://www.nvidia.com/Download/index.aspx Alternatively, go to: https://pytorch.org to install a PyTorch version that has been compiled with your version of the CUDA driver. (Triggered internally at /pytorch/c10/cuda/CUDAFunctions.cpp:119.)
  return Variable._execution_engine.run_backward(  # Calls into the C++ engine to run the backward pass
08-04 15:50 nessai INFO    : it:  3000: Rolling KS test: D=0.021, p-value=0.4082
08-04 15:50 nessai INFO    : it:  3000: n eval: 12143 H: 9.91 dlogZ: 4091737.493 logZ: -4178086.039 +/- 0.100 logLmax: -86345.55
08-04 15:51 nessai INFO    : it:  4000: Rolling KS test: D=0.032, p-value=0.1263
08-04 15:51 nessai INFO    : it:  4000: n eval: 16194 H: 10.91 dlogZ: 2446323.457 logZ: -2532673.003 +/- 0.104 logLmax: -86345.55
08-04 15:51 nessai INFO    : it:  5000: Rolling KS test: D=0.053, p-value=0.003498
08-04 15:51 nessai INFO    : it:  5000: n eval: 20111 H: 11.91 dlogZ: 1526371.149 logZ: -1612721.696 +/- 0.109 logLmax: -86345.55
08-04 15:51 nessai INFO    : it:  6000: Rolling KS test: D=0.01, p-value=0.8133
08-04 15:51 nessai INFO    : it:  6000: n eval: 21997 H: 12.91 dlogZ: 967154.610 logZ: -1024447.320 +/- 0.114 logLmax: -57286.71
08-04 15:51 nessai INFO    : it:  7000: Rolling KS test: D=0.005, p-value=0.9481
08-04 15:51 nessai INFO    : it:  7000: n eval: 26130 H: 13.91 dlogZ: 619523.950 logZ: -645605.522 +/- 0.118 logLmax: -26074.57
08-04 15:51 nessai INFO    : it:  8000: Rolling KS test: D=0.023, p-value=0.3419
08-04 15:51 nessai INFO    : it:  8000: n eval: 30335 H: 14.91 dlogZ: 387112.605 logZ: -406264.080 +/- 0.122 logLmax: -19143.48
08-04 15:51 nessai INFO    : it:  9000: Rolling KS test: D=0.003, p-value=0.9802
08-04 15:51 nessai INFO    : it:  9000: n eval: 34484 H: 15.91 dlogZ: 251441.399 logZ: -254378.583 +/- 0.126 logLmax: -2928.18
08-04 15:51 nessai INFO    : it: 10000: Rolling KS test: D=0.011, p-value=0.7794
08-04 15:51 nessai INFO    : it: 10000: n eval: 38800 H: 16.91 dlogZ: 156461.276 logZ: -159399.459 +/- 0.130 logLmax: -2928.18
08-04 15:51 nessai INFO    : it: 11000: Rolling KS test: D=0.017, p-value=0.5547
08-04 15:51 nessai INFO    : it: 11000: n eval: 43027 H: 17.91 dlogZ: 96446.630 logZ: -98272.005 +/- 0.134 logLmax: -1814.38
08-04 15:51 nessai INFO    : it: 12000: Rolling KS test: D=0.006, p-value=0.9268
08-04 15:51 nessai INFO    : it: 12000: n eval: 47662 H: 18.91 dlogZ: 59132.838 logZ: -60919.915 +/- 0.138 logLmax: -1775.08
08-04 15:51 nessai INFO    : it: 13000: Rolling KS test: D=0.013, p-value=0.7071
08-04 15:51 nessai INFO    : it: 13000: n eval: 52628 H: 19.91 dlogZ: 36553.448 logZ: -37552.006 +/- 0.141 logLmax: -985.56
08-04 15:51 nessai INFO    : it: 14000: Rolling KS test: D=0.017, p-value=0.5547
08-04 15:51 nessai INFO    : it: 14000: n eval: 57329 H: 20.64 dlogZ: 22038.942 logZ: -22751.650 +/- 0.144 logLmax: -698.71
08-04 15:51 nessai INFO    : it: 15000: Rolling KS test: D=0.02, p-value=0.4434
08-04 15:51 nessai INFO    : it: 15000: n eval: 62726 H: 21.34 dlogZ: 13311.266 logZ: -13852.429 +/- 0.146 logLmax: -526.16
08-04 15:51 nessai INFO    : it: 16000: Rolling KS test: D=0.012, p-value=0.7438
08-04 15:51 nessai INFO    : it: 16000: n eval: 68168 H: 22.21 dlogZ: 8131.393 logZ: -8346.203 +/- 0.149 logLmax: -198.81
08-04 15:51 nessai INFO    : it: 17000: Rolling KS test: D=0.012, p-value=0.7438
08-04 15:51 nessai INFO    : it: 17000: n eval: 77035 H: 22.26 dlogZ: 4843.453 logZ: -5059.263 +/- 0.149 logLmax: -198.81
08-04 15:52 nessai INFO    : it: 18000: Rolling KS test: D=0.024, p-value=0.311
08-04 15:52 nessai INFO    : it: 18000: n eval: 83917 H: 23.83 dlogZ: 2971.864 logZ: -3031.366 +/- 0.154 logLmax: -41.50
08-04 15:52 nessai INFO    : it: 19000: Rolling KS test: D=0.016, p-value=0.593
08-04 15:52 nessai INFO    : it: 19000: n eval: 89705 H: 24.81 dlogZ: 1836.181 logZ: -1874.986 +/- 0.158 logLmax: -19.81
08-04 15:52 nessai INFO    : it: 20000: Rolling KS test: D=0.005, p-value=0.9481
08-04 15:52 nessai INFO    : it: 20000: n eval: 95935 H: 24.86 dlogZ: 1105.492 logZ: -1145.297 +/- 0.158 logLmax: -19.81
08-04 15:52 nessai INFO    : it: 21000: Rolling KS test: D=0.02, p-value=0.4434
08-04 15:52 nessai INFO    : it: 21000: n eval: 106489 H: 25.69 dlogZ: 678.899 logZ: -719.400 +/- 0.160 logLmax: -19.50
08-04 15:52 nessai INFO    : it: 22000: Rolling KS test: D=0.019, p-value=0.4797
08-04 15:52 nessai INFO    : it: 22000: n eval: 118330 H: 26.41 dlogZ: 408.869 logZ: -450.370 +/- 0.163 logLmax: -19.50
08-04 15:52 nessai INFO    : it: 23000: Rolling KS test: D=0.015, p-value=0.6313
08-04 15:52 nessai INFO    : it: 23000: n eval: 130661 H: 26.87 dlogZ: 246.174 logZ: -288.675 +/- 0.164 logLmax: -19.50
08-04 15:52 nessai INFO    : it: 24000: Rolling KS test: D=0.027, p-value=0.2286
08-04 15:52 nessai INFO    : it: 24000: n eval: 138659 H: 27.30 dlogZ: 154.635 logZ: -194.349 +/- 0.165 logLmax: -15.72
08-04 15:52 nessai INFO    : it: 25000: Rolling KS test: D=0.019, p-value=0.4797
08-04 15:52 nessai INFO    : it: 25000: n eval: 151132 H: 27.77 dlogZ: 94.516 logZ: -133.031 +/- 0.167 logLmax: -13.52
08-04 15:52 nessai INFO    : it: 26000: Rolling KS test: D=0.008, p-value=0.8752
08-04 15:52 nessai INFO    : it: 26000: n eval: 166729 H: 28.47 dlogZ: 63.072 logZ: -99.202 +/- 0.169 logLmax: -10.13
08-04 15:52 nessai INFO    : it: 27000: Rolling KS test: D=0.026, p-value=0.2543
08-04 15:52 nessai INFO    : it: 27000: n eval: 183526 H: 28.65 dlogZ: 40.892 logZ: -77.640 +/- 0.169 logLmax: -9.75
08-04 15:53 nessai INFO    : it: 28000: Rolling KS test: D=0.008, p-value=0.8752
08-04 15:53 nessai INFO    : it: 28000: n eval: 200455 H: 29.37 dlogZ: 31.064 logZ: -63.919 +/- 0.171 logLmax: -4.86
08-04 15:53 nessai INFO    : it: 29000: Rolling KS test: D=0.016, p-value=0.593
08-04 15:53 nessai INFO    : it: 29000: n eval: 219178 H: 29.90 dlogZ: 21.399 logZ: -54.839 +/- 0.173 logLmax: -4.44
08-04 15:53 nessai INFO    : it: 30000: Rolling KS test: D=0.024, p-value=0.311
08-04 15:53 nessai INFO    : it: 30000: n eval: 242290 H: 30.41 dlogZ: 16.792 logZ: -49.000 +/- 0.174 logLmax: -2.21
08-04 15:53 nessai INFO    : it: 31000: Rolling KS test: D=0.019, p-value=0.4797
08-04 15:53 nessai INFO    : it: 31000: n eval: 263705 H: 30.91 dlogZ: 12.093 logZ: -45.302 +/- 0.176 logLmax: -2.21
08-04 15:53 nessai INFO    : it: 32000: Rolling KS test: D=0.022, p-value=0.3744
08-04 15:53 nessai INFO    : it: 32000: n eval: 283513 H: 31.46 dlogZ: 8.618 logZ: -42.789 +/- 0.177 logLmax: -2.17
08-04 15:53 nessai INFO    : it: 33000: Rolling KS test: D=0.028, p-value=0.2046
08-04 15:53 nessai INFO    : it: 33000: n eval: 306344 H: 31.98 dlogZ: 5.903 logZ: -41.071 +/- 0.179 logLmax: -2.17
08-04 15:53 nessai INFO    : it: 34000: Rolling KS test: D=0.036, p-value=0.07308
08-04 15:53 nessai INFO    : it: 34000: n eval: 332032 H: 32.39 dlogZ: 4.044 logZ: -39.985 +/- 0.180 logLmax: -1.96
08-04 15:54 nessai INFO    : it: 35000: Rolling KS test: D=0.044, p-value=0.0202
08-04 15:54 nessai INFO    : it: 35000: n eval: 355114 H: 32.72 dlogZ: 2.975 logZ: -39.331 +/- 0.181 logLmax: -1.41
08-04 15:54 nessai INFO    : it: 36000: Rolling KS test: D=0.041, p-value=0.03371
08-04 15:54 nessai INFO    : it: 36000: n eval: 390741 H: 32.98 dlogZ: 1.728 logZ: -38.941 +/- 0.182 logLmax: -1.41
08-04 15:54 nessai INFO    : it: 37000: Rolling KS test: D=0.017, p-value=0.5547
08-04 15:54 nessai INFO    : it: 37000: n eval: 428946 H: 33.17 dlogZ: 0.956 logZ: -38.722 +/- 0.182 logLmax: -1.25
08-04 15:54 nessai INFO    : it: 38000: Rolling KS test: D=0.023, p-value=0.3419
08-04 15:54 nessai INFO    : it: 38000: n eval: 465385 H: 33.30 dlogZ: 0.484 logZ: -38.605 +/- 0.182 logLmax: -1.08
08-04 15:54 nessai INFO    : it: 39000: Rolling KS test: D=0.039, p-value=0.0465
08-04 15:54 nessai INFO    : it: 39000: n eval: 513810 H: 33.38 dlogZ: 0.195 logZ: -38.544 +/- 0.183 logLmax: -1.08
08-04 15:55 nessai INFO    : Stopping with difference_log_evidence=0.100
08-04 15:55 nessai INFO    : Finalising
08-04 15:55 nessai INFO    : Final ln-evidence: -38.484 +/- 0.183
08-04 15:55 nessai INFO    : Information: 33.49
08-04 15:55 nessai INFO    : Final KS test: D=0.003501, p-value=0.3769
08-04 15:55 nessai INFO    : Checkpointing nested sampling
08-04 15:55 nessai INFO    : Total sampling time: 0:04:20.858688
08-04 15:55 nessai INFO    : Total training time: 0:01:33.082586
08-04 15:55 nessai INFO    : Total population time: 0:01:04.592432
08-04 15:55 nessai INFO    : Total likelihood evaluations: 543483
08-04 15:55 nessai INFO    : Time spent evaluating likelihood: 0:00:33.298521
08-04 15:55 nessai INFO    : Total sampling time: 0:04:20.858688
08-04 15:55 nessai INFO    : Total likelihood evaluations: 543483
08-04 15:55 nessai INFO    : Starting post processing
08-04 15:55 nessai INFO    : Computing posterior samples
08-04 15:55 nessai INFO    : Effective sample size: 6631.5
08-04 15:55 nessai INFO    : Producing posterior samples using rejection sampling
08-04 15:55 nessai INFO    : Expect 4574.754535677802 samples from rejection sampling
08-04 15:55 nessai INFO    : Returned 4550 posterior samples
08-04 15:55 nessai INFO    : Starting to close worker pool.
08-04 15:55 nessai INFO    : Finished closing worker pool.
