/data/wiay/postgrads/shashwat/qunat_com_future/lib/python3.11/site-packages/nessai/utils/logging.py:133: FutureWarning: setup_logger is deprecated, use configure_logger instead
  warnings.warn(
08-04 10:32 nessai INFO    : Running Nessai version 0.15.2
08-04 10:32 nessai INFO    : Starting multiprocessing pool with 4 processes
08-04 10:32 nessai INFO    : Initialising nested sampler
08-04 10:32 nessai WARNING : Multiprocessing pool has already been configured.
/data/wiay/postgrads/shashwat/qunat_com_future/lib/python3.11/site-packages/nessai/gw/__init__.py:12: FutureWarning: The `nessai.gw` module will be deprecated in the next release in favour of the nessai-gw package. This packages provides the same functionality as`nessai.gw` via the plugin interface.For more details, see: https://github.com/mj-will/nessai-gw
  warnings.warn(
08-04 10:32 nessai INFO    : Passing kwargs to FlowProposal: {'poolsize': 1000}
08-04 10:32 nessai INFO    : No reparameterisations provided, using default reparameterisations included in FlowProposal
08-04 10:32 nessai INFO    : Adding reparameterisations from: {}
08-04 10:32 nessai INFO    : Assuming fallback reparameterisation (ScaleAndShift) for ['kappa', 'mu_xi', 'sigma_chi', 'sigma_xi', 'rho', 'lambda_chi', 'chi0', 'xi0'] with kwargs: {'estimate_scale': True, 'estimate_shift': True, 'prior_bounds': {'kappa': array([0.1, 5. ]), 'mu_xi': array([0. , 0.1]), 'sigma_chi': array([0.05, 0.6 ]), 'sigma_xi': array([0.05, 0.4 ]), 'rho': array([-0.9,  0.9]), 'lambda_chi': array([-0.5,  0.5]), 'chi0': array([-0.5,  0.5]), 'xi0': array([2.5, 5. ])}}.
08-04 10:32 nessai INFO    : x space parameters: ['kappa', 'mu_xi', 'sigma_chi', 'sigma_xi', 'rho', 'lambda_chi', 'chi0', 'xi0']
08-04 10:32 nessai INFO    : x prime space parameters: ['kappa_prime', 'mu_xi_prime', 'sigma_chi_prime', 'sigma_xi_prime', 'rho_prime', 'lambda_chi_prime', 'chi0_prime', 'xi0_prime']
08-04 10:32 nessai INFO    : Overwriting fuzz factor with expansion fraction
08-04 10:32 nessai INFO    : New fuzz factor: 1.2228445449938519
08-04 10:32 nessai INFO    : Verifying rescaling functions
08-04 10:32 nessai INFO    : Rescaling functions are invertible
08-04 10:32 nessai INFO    : Populating initial live points
08-04 10:32 nessai INFO    : Populated 100 / 1000 live points
08-04 10:32 nessai INFO    : Populated 200 / 1000 live points
08-04 10:32 nessai INFO    : Populated 300 / 1000 live points
08-04 10:32 nessai INFO    : Populated 400 / 1000 live points
08-04 10:32 nessai INFO    : Populated 500 / 1000 live points
08-04 10:32 nessai INFO    : Populated 600 / 1000 live points
08-04 10:32 nessai INFO    : Populated 700 / 1000 live points
08-04 10:32 nessai INFO    : Populated 800 / 1000 live points
08-04 10:32 nessai INFO    : Populated 900 / 1000 live points
08-04 10:32 nessai INFO    : Populated 1000 / 1000 live points
08-04 10:32 nessai INFO    : Starting nested sampling loop
08-04 10:32 nessai INFO    : it:  1000: Rolling KS test: D=0.013, p-value=0.7071
08-04 10:32 nessai INFO    : it:  1000: n eval: 3000 H: 7.91 dlogZ: 20082124.386 logZ: -20114764.813 +/- 0.089 logLmax: -32639.43
08-04 10:32 nessai INFO    : it:  2000: Rolling KS test: D=0.018, p-value=0.5169
08-04 10:32 nessai INFO    : it:  2000: n eval: 8000 H: 8.91 dlogZ: 5545507.708 logZ: -5563497.558 +/- 0.094 logLmax: -17987.85
08-04 10:32 nessai INFO    : Switching to FlowProposal
08-04 10:32 nessai INFO    : it:  3000: Rolling KS test: D=0.043, p-value=0.02406
08-04 10:32 nessai INFO    : it:  3000: n eval: 11998 H: 9.91 dlogZ: 2048152.728 logZ: -2055666.333 +/- 0.100 logLmax: -7510.61
08-04 10:32 nessai INFO    : it:  4000: Rolling KS test: D=0.009, p-value=0.8454
08-04 10:32 nessai INFO    : it:  4000: n eval: 15388 H: 10.91 dlogZ: 897933.559 logZ: -904725.984 +/- 0.104 logLmax: -6788.43
08-04 10:32 nessai INFO    : it:  5000: Rolling KS test: D=0.032, p-value=0.1263
08-04 10:32 nessai INFO    : it:  5000: n eval: 17253 H: 11.91 dlogZ: 436268.403 logZ: -442633.287 +/- 0.109 logLmax: -6359.88
08-04 10:32 nessai INFO    : it:  6000: Rolling KS test: D=0.008, p-value=0.8752
08-04 10:32 nessai INFO    : it:  6000: n eval: 21133 H: 12.91 dlogZ: 226999.788 logZ: -233365.671 +/- 0.114 logLmax: -6359.88
08-04 10:32 nessai INFO    : it:  7000: Rolling KS test: D=0.039, p-value=0.0465
08-04 10:32 nessai INFO    : it:  7000: n eval: 25333 H: 13.89 dlogZ: 121277.175 logZ: -123172.794 +/- 0.118 logLmax: -1888.62
08-04 10:32 nessai INFO    : it:  8000: Rolling KS test: D=0.023, p-value=0.3419
08-04 10:32 nessai INFO    : it:  8000: n eval: 29325 H: 14.91 dlogZ: 63763.795 logZ: -64054.433 +/- 0.122 logLmax: -282.64
08-04 10:32 nessai INFO    : it:  9000: Rolling KS test: D=0.005, p-value=0.9481
08-04 10:32 nessai INFO    : it:  9000: n eval: 33672 H: 15.90 dlogZ: 35143.827 logZ: -35435.466 +/- 0.126 logLmax: -282.64
08-04 10:32 nessai INFO    : it: 10000: Rolling KS test: D=0.048, p-value=0.009645
08-04 10:32 nessai INFO    : it: 10000: n eval: 38023 H: 16.49 dlogZ: 19552.565 logZ: -19845.204 +/- 0.128 logLmax: -282.64
08-04 10:32 nessai INFO    : it: 11000: Rolling KS test: D=0.018, p-value=0.5169
08-04 10:32 nessai INFO    : it: 11000: n eval: 43055 H: 17.26 dlogZ: 10809.902 logZ: -11103.540 +/- 0.131 logLmax: -282.64
08-04 10:32 nessai INFO    : it: 12000: Rolling KS test: D=0.027, p-value=0.2286
08-04 10:32 nessai INFO    : it: 12000: n eval: 47782 H: 18.89 dlogZ: 6198.918 logZ: -6301.107 +/- 0.137 logLmax: -90.19
08-04 10:32 nessai INFO    : it: 13000: Rolling KS test: D=0.015, p-value=0.6313
08-04 10:32 nessai INFO    : it: 13000: n eval: 54322 H: 19.18 dlogZ: 3608.168 logZ: -3711.357 +/- 0.138 logLmax: -90.19
08-04 10:32 nessai INFO    : it: 14000: Rolling KS test: D=0.009, p-value=0.8454
08-04 10:32 nessai INFO    : it: 14000: n eval: 59417 H: 20.50 dlogZ: 2191.073 logZ: -2241.532 +/- 0.143 logLmax: -36.46
08-04 10:33 nessai INFO    : it: 15000: Rolling KS test: D=0.008, p-value=0.8752
08-04 10:33 nessai INFO    : it: 15000: n eval: 65293 H: 20.24 dlogZ: 1258.119 logZ: -1302.292 +/- 0.142 logLmax: -29.17
08-04 10:33 nessai INFO    : it: 16000: Rolling KS test: D=0.014, p-value=0.6695
08-04 10:33 nessai INFO    : it: 16000: n eval: 74527 H: 20.57 dlogZ: 755.883 logZ: -795.424 +/- 0.143 logLmax: -23.54
08-04 10:33 nessai INFO    : it: 17000: Rolling KS test: D=0.029, p-value=0.1825
08-04 10:33 nessai INFO    : it: 17000: n eval: 80624 H: 21.32 dlogZ: 449.939 logZ: -484.796 +/- 0.146 logLmax: -17.86
08-04 10:33 nessai INFO    : it: 18000: Rolling KS test: D=0.015, p-value=0.6313
08-04 10:33 nessai INFO    : it: 18000: n eval: 91448 H: 22.07 dlogZ: 258.217 logZ: -292.588 +/- 0.149 logLmax: -16.37
08-04 10:33 nessai INFO    : it: 19000: Rolling KS test: D=0.021, p-value=0.4082
08-04 10:33 nessai INFO    : it: 19000: n eval: 98818 H: 22.43 dlogZ: 151.977 logZ: -187.348 +/- 0.150 logLmax: -16.37
08-04 10:33 nessai INFO    : it: 20000: Rolling KS test: D=0.029, p-value=0.1825
08-04 10:33 nessai INFO    : it: 20000: n eval: 121214 H: 22.84 dlogZ: 93.688 logZ: -119.945 +/- 0.151 logLmax: -6.26
08-04 10:33 nessai INFO    : it: 21000: Rolling KS test: D=0.031, p-value=0.1433
08-04 10:33 nessai INFO    : it: 21000: n eval: 135035 H: 23.44 dlogZ: 58.907 logZ: -82.731 +/- 0.153 logLmax: -2.82
08-04 10:33 nessai INFO    : it: 22000: Rolling KS test: D=0.041, p-value=0.03371
08-04 10:33 nessai INFO    : it: 22000: n eval: 162963 H: 23.73 dlogZ: 36.569 logZ: -61.393 +/- 0.154 logLmax: -2.82
08-04 10:33 nessai INFO    : it: 23000: Rolling KS test: D=0.028, p-value=0.2046
08-04 10:33 nessai INFO    : it: 23000: n eval: 186355 H: 24.36 dlogZ: 22.763 logZ: -48.371 +/- 0.156 logLmax: -2.61
08-04 10:33 nessai INFO    : it: 24000: Rolling KS test: D=0.016, p-value=0.593
08-04 10:33 nessai INFO    : it: 24000: n eval: 221031 H: 24.70 dlogZ: 15.007 logZ: -40.499 +/- 0.157 logLmax: -1.49
08-04 10:33 nessai INFO    : it: 25000: Rolling KS test: D=0.023, p-value=0.3419
08-04 10:33 nessai INFO    : it: 25000: n eval: 271031 H: 25.09 dlogZ: 9.391 logZ: -35.883 +/- 0.158 logLmax: -1.49
08-04 10:33 nessai INFO    : it: 26000: Rolling KS test: D=0.018, p-value=0.5169
08-04 10:33 nessai INFO    : it: 26000: n eval: 331031 H: 25.42 dlogZ: 5.938 logZ: -33.406 +/- 0.159 logLmax: -1.47
08-04 10:33 nessai INFO    : it: 27000: Rolling KS test: D=0.04, p-value=0.03967
08-04 10:33 nessai INFO    : it: 27000: n eval: 411031 H: 25.77 dlogZ: 4.143 logZ: -31.981 +/- 0.161 logLmax: -0.85
08-04 10:34 nessai INFO    : it: 28000: Rolling KS test: D=0.028, p-value=0.2046
08-04 10:34 nessai INFO    : it: 28000: n eval: 471031 H: 26.07 dlogZ: 2.391 logZ: -31.148 +/- 0.161 logLmax: -0.85
08-04 10:34 nessai INFO    : it: 29000: Rolling KS test: D=0.031, p-value=0.1433
08-04 10:34 nessai INFO    : it: 29000: n eval: 551031 H: 26.31 dlogZ: 1.234 logZ: -30.686 +/- 0.162 logLmax: -0.80
08-04 10:34 nessai INFO    : it: 30000: Rolling KS test: D=0.027, p-value=0.2286
08-04 10:34 nessai INFO    : it: 30000: n eval: 631031 H: 26.47 dlogZ: 0.580 logZ: -30.445 +/- 0.163 logLmax: -0.69
08-04 10:34 nessai INFO    : it: 31000: Rolling KS test: D=0.041, p-value=0.03371
08-04 10:34 nessai INFO    : it: 31000: n eval: 761031 H: 26.57 dlogZ: 0.243 logZ: -30.322 +/- 0.163 logLmax: -0.61
08-04 10:34 nessai INFO    : it: 32000: Rolling KS test: D=0.029, p-value=0.1825
08-04 10:34 nessai INFO    : it: 32000: n eval: 931031 H: 26.63 dlogZ: 0.100 logZ: -30.262 +/- 0.163 logLmax: -0.51
08-04 10:34 nessai INFO    : Stopping with difference_log_evidence=0.100
08-04 10:34 nessai INFO    : Finalising
08-04 10:34 nessai INFO    : Final ln-evidence: -30.213 +/- 0.163
08-04 10:34 nessai INFO    : Information: 26.70
08-04 10:34 nessai INFO    : Final KS test: D=0.007767, p-value=0.02094
08-04 10:34 nessai WARNING : Final p-value for the insertion indices is less than 0.05, this could be an indication of problems during sampling. Consider checking the diagnostic plots.
08-04 10:34 nessai INFO    : Checkpointing nested sampling
08-04 10:34 nessai INFO    : Total sampling time: 0:02:14.957901
08-04 10:34 nessai INFO    : Total training time: 0:00:42.596793
08-04 10:34 nessai INFO    : Total population time: 0:00:44.988430
08-04 10:34 nessai INFO    : Total likelihood evaluations: 931031
08-04 10:34 nessai INFO    : Time spent evaluating likelihood: 0:00:15.501346
08-04 10:34 nessai INFO    : Total sampling time: 0:02:14.957901
08-04 10:34 nessai INFO    : Total likelihood evaluations: 931031
08-04 10:34 nessai INFO    : Starting post processing
08-04 10:34 nessai INFO    : Computing posterior samples
08-04 10:34 nessai INFO    : Effective sample size: 5943.8
08-04 10:34 nessai INFO    : Producing posterior samples using rejection sampling
08-04 10:34 nessai INFO    : Expect 4084.1671328825055 samples from rejection sampling
08-04 10:34 nessai INFO    : Returned 4074 posterior samples
08-04 10:34 nessai INFO    : Starting to close worker pool.
08-04 10:34 nessai INFO    : Finished closing worker pool.
