/data/wiay/postgrads/shashwat/qunat_com_future/lib/python3.11/site-packages/nessai/utils/logging.py:133: FutureWarning: setup_logger is deprecated, use configure_logger instead
  warnings.warn(
08-04 13:41 nessai INFO    : Running Nessai version 0.15.2
08-04 13:41 nessai INFO    : Starting multiprocessing pool with 4 processes
08-04 13:41 nessai INFO    : Initialising nested sampler
08-04 13:41 nessai WARNING : Multiprocessing pool has already been configured.
/data/wiay/postgrads/shashwat/qunat_com_future/lib/python3.11/site-packages/nessai/gw/__init__.py:12: FutureWarning: The `nessai.gw` module will be deprecated in the next release in favour of the nessai-gw package. This packages provides the same functionality as`nessai.gw` via the plugin interface.For more details, see: https://github.com/mj-will/nessai-gw
  warnings.warn(
08-04 13:41 nessai INFO    : Passing kwargs to FlowProposal: {'poolsize': 1000}
08-04 13:41 nessai INFO    : No reparameterisations provided, using default reparameterisations included in FlowProposal
08-04 13:41 nessai INFO    : Adding reparameterisations from: {}
08-04 13:41 nessai INFO    : Assuming fallback reparameterisation (ScaleAndShift) for ['kappa', 'mu_xi', 'sigma_chi', 'sigma_xi', 'rho', 'lambda_chi', 'chi0', 'xi0'] with kwargs: {'estimate_scale': True, 'estimate_shift': True, 'prior_bounds': {'kappa': array([0.1, 5. ]), 'mu_xi': array([0. , 0.1]), 'sigma_chi': array([0.05, 0.6 ]), 'sigma_xi': array([0.05, 0.4 ]), 'rho': array([-0.9,  0.9]), 'lambda_chi': array([-0.5,  0.5]), 'chi0': array([-0.5,  0.5]), 'xi0': array([2.5, 5. ])}}.
08-04 13:41 nessai INFO    : x space parameters: ['kappa', 'mu_xi', 'sigma_chi', 'sigma_xi', 'rho', 'lambda_chi', 'chi0', 'xi0']
08-04 13:41 nessai INFO    : x prime space parameters: ['kappa_prime', 'mu_xi_prime', 'sigma_chi_prime', 'sigma_xi_prime', 'rho_prime', 'lambda_chi_prime', 'chi0_prime', 'xi0_prime']
08-04 13:41 nessai INFO    : Overwriting fuzz factor with expansion fraction
08-04 13:41 nessai INFO    : New fuzz factor: 1.2228445449938519
08-04 13:41 nessai INFO    : Verifying rescaling functions
08-04 13:41 nessai INFO    : Rescaling functions are invertible
08-04 13:41 nessai INFO    : Populating initial live points
08-04 13:41 nessai INFO    : Populated 100 / 1000 live points
08-04 13:41 nessai INFO    : Populated 200 / 1000 live points
08-04 13:41 nessai INFO    : Populated 300 / 1000 live points
08-04 13:41 nessai INFO    : Populated 400 / 1000 live points
08-04 13:41 nessai INFO    : Populated 500 / 1000 live points
08-04 13:41 nessai INFO    : Populated 600 / 1000 live points
08-04 13:41 nessai INFO    : Populated 700 / 1000 live points
08-04 13:41 nessai INFO    : Populated 800 / 1000 live points
08-04 13:41 nessai INFO    : Populated 900 / 1000 live points
08-04 13:41 nessai INFO    : Populated 1000 / 1000 live points
08-04 13:41 nessai INFO    : Starting nested sampling loop
08-04 13:41 nessai INFO    : it:  1000: Rolling KS test: D=0.022, p-value=0.3744
08-04 13:41 nessai INFO    : it:  1000: n eval: 3000 H: 7.91 dlogZ: 3797677.718 logZ: -3800961.826 +/- 0.089 logLmax: -3283.11
08-04 13:41 nessai INFO    : it:  2000: Rolling KS test: D=0.027, p-value=0.2286
08-04 13:41 nessai INFO    : it:  2000: n eval: 8000 H: 8.91 dlogZ: 745949.945 logZ: -748990.030 +/- 0.094 logLmax: -3038.09
08-04 13:41 nessai INFO    : Switching to FlowProposal
08-04 13:41 nessai INFO    : it:  3000: Rolling KS test: D=0.035, p-value=0.08429
08-04 13:41 nessai INFO    : it:  3000: n eval: 12120 H: 9.91 dlogZ: 242756.170 logZ: -245375.583 +/- 0.100 logLmax: -2616.41
08-04 13:41 nessai INFO    : it:  4000: Rolling KS test: D=0.027, p-value=0.2286
08-04 13:41 nessai INFO    : it:  4000: n eval: 16534 H: 10.69 dlogZ: 90780.950 logZ: -91721.927 +/- 0.103 logLmax: -936.98
08-04 13:41 nessai INFO    : it:  5000: Rolling KS test: D=0.029, p-value=0.1825
08-04 13:41 nessai INFO    : it:  5000: n eval: 20884 H: 11.91 dlogZ: 37762.953 logZ: -38615.416 +/- 0.109 logLmax: -847.46
08-04 13:41 nessai INFO    : it:  6000: Rolling KS test: D=0.023, p-value=0.3419
08-04 13:41 nessai INFO    : it:  6000: n eval: 26378 H: 12.68 dlogZ: 17118.794 logZ: -17198.896 +/- 0.113 logLmax: -74.10
08-04 13:41 nessai INFO    : it:  7000: Rolling KS test: D=0.021, p-value=0.4082
08-04 13:41 nessai INFO    : it:  7000: n eval: 31861 H: 13.64 dlogZ: 8437.992 logZ: -8519.094 +/- 0.117 logLmax: -74.10
08-04 13:41 nessai INFO    : it:  8000: Rolling KS test: D=0.023, p-value=0.3419
08-04 13:41 nessai INFO    : it:  8000: n eval: 37036 H: 13.97 dlogZ: 4153.582 logZ: -4235.684 +/- 0.118 logLmax: -74.10
08-04 13:41 nessai INFO    : it:  9000: Rolling KS test: D=0.043, p-value=0.02406
08-04 13:41 nessai INFO    : it:  9000: n eval: 45759 H: 14.73 dlogZ: 2000.765 logZ: -2083.866 +/- 0.121 logLmax: -74.10
08-04 13:41 nessai INFO    : it: 10000: Rolling KS test: D=0.025, p-value=0.2818
08-04 13:41 nessai INFO    : it: 10000: n eval: 51853 H: 15.25 dlogZ: 1032.213 logZ: -1062.549 +/- 0.124 logLmax: -20.34
08-04 13:41 nessai INFO    : it: 11000: Rolling KS test: D=0.05, p-value=0.006506
08-04 13:41 nessai INFO    : it: 11000: n eval: 57328 H: 15.73 dlogZ: 544.590 logZ: -575.926 +/- 0.125 logLmax: -20.34
08-04 13:41 nessai INFO    : it: 12000: Rolling KS test: D=0.05, p-value=0.006506
08-04 13:41 nessai INFO    : it: 12000: n eval: 67801 H: 16.24 dlogZ: 282.509 logZ: -307.133 +/- 0.127 logLmax: -12.62
08-04 13:41 nessai INFO    : it: 13000: Rolling KS test: D=0.034, p-value=0.09683
08-04 13:41 nessai INFO    : it: 13000: n eval: 74106 H: 16.40 dlogZ: 156.991 logZ: -179.319 +/- 0.128 logLmax: -9.33
08-04 13:42 nessai INFO    : it: 14000: Rolling KS test: D=0.03, p-value=0.162
08-04 13:42 nessai INFO    : it: 14000: n eval: 86065 H: 16.95 dlogZ: 91.353 logZ: -114.682 +/- 0.130 logLmax: -9.33
08-04 13:42 nessai INFO    : it: 15000: Rolling KS test: D=0.035, p-value=0.08429
08-04 13:42 nessai INFO    : it: 15000: n eval: 104935 H: 17.13 dlogZ: 58.655 logZ: -78.983 +/- 0.131 logLmax: -5.33
08-04 13:42 nessai INFO    : it: 16000: Rolling KS test: D=0.03, p-value=0.162
08-04 13:42 nessai INFO    : it: 16000: n eval: 129382 H: 17.71 dlogZ: 42.732 logZ: -60.537 +/- 0.133 logLmax: -1.81
08-04 13:42 nessai INFO    : it: 17000: Rolling KS test: D=0.02, p-value=0.4434
08-04 13:42 nessai INFO    : it: 17000: n eval: 150793 H: 18.31 dlogZ: 28.755 logZ: -47.559 +/- 0.135 logLmax: -1.81
08-04 13:42 nessai INFO    : it: 18000: Rolling KS test: D=0.023, p-value=0.3419
08-04 13:42 nessai INFO    : it: 18000: n eval: 172289 H: 18.99 dlogZ: 18.434 logZ: -38.239 +/- 0.138 logLmax: -1.81
08-04 13:42 nessai INFO    : it: 19000: Rolling KS test: D=0.012, p-value=0.7438
08-04 13:42 nessai INFO    : it: 19000: n eval: 207637 H: 19.36 dlogZ: 11.669 logZ: -32.473 +/- 0.139 logLmax: -1.81
08-04 13:42 nessai INFO    : it: 20000: Rolling KS test: D=0.018, p-value=0.5169
08-04 13:42 nessai INFO    : it: 20000: n eval: 245208 H: 19.81 dlogZ: 7.707 logZ: -29.028 +/- 0.141 logLmax: -1.32
08-04 13:42 nessai INFO    : it: 21000: Rolling KS test: D=0.041, p-value=0.03371
08-04 13:42 nessai INFO    : it: 21000: n eval: 295091 H: 20.19 dlogZ: 4.846 logZ: -26.989 +/- 0.142 logLmax: -1.15
08-04 13:42 nessai INFO    : it: 22000: Rolling KS test: D=0.013, p-value=0.7071
08-04 13:42 nessai INFO    : it: 22000: n eval: 355091 H: 20.53 dlogZ: 2.773 logZ: -25.797 +/- 0.143 logLmax: -1.09
08-04 13:42 nessai INFO    : it: 23000: Rolling KS test: D=0.016, p-value=0.593
08-04 13:42 nessai INFO    : it: 23000: n eval: 425091 H: 20.82 dlogZ: 1.393 logZ: -25.114 +/- 0.144 logLmax: -1.01
08-04 13:43 nessai INFO    : it: 24000: Rolling KS test: D=0.027, p-value=0.2286
08-04 13:43 nessai INFO    : it: 24000: n eval: 505091 H: 21.01 dlogZ: 0.643 logZ: -24.756 +/- 0.145 logLmax: -0.86
08-04 13:43 nessai INFO    : it: 25000: Rolling KS test: D=0.021, p-value=0.4082
08-04 13:43 nessai INFO    : it: 25000: n eval: 595091 H: 21.11 dlogZ: 0.263 logZ: -24.588 +/- 0.145 logLmax: -0.79
08-04 13:43 nessai INFO    : Stopping with difference_log_evidence=0.100
08-04 13:43 nessai INFO    : Finalising
08-04 13:43 nessai INFO    : Final ln-evidence: -24.453 +/- 0.146
08-04 13:43 nessai INFO    : Information: 21.23
08-04 13:43 nessai INFO    : Final KS test: D=0.01206, p-value=0.0005209
08-04 13:43 nessai WARNING : Final p-value for the insertion indices is less than 0.05, this could be an indication of problems during sampling. Consider checking the diagnostic plots.
08-04 13:43 nessai INFO    : Checkpointing nested sampling
08-04 13:43 nessai INFO    : Total sampling time: 0:01:51.408031
08-04 13:43 nessai INFO    : Total training time: 0:00:34.956192
08-04 13:43 nessai INFO    : Total population time: 0:00:38.159556
08-04 13:43 nessai INFO    : Total likelihood evaluations: 705091
08-04 13:43 nessai INFO    : Time spent evaluating likelihood: 0:00:13.247208
08-04 13:43 nessai INFO    : Total sampling time: 0:01:51.408031
08-04 13:43 nessai INFO    : Total likelihood evaluations: 705091
08-04 13:43 nessai INFO    : Starting post processing
08-04 13:43 nessai INFO    : Computing posterior samples
08-04 13:43 nessai INFO    : Effective sample size: 5488.2
08-04 13:43 nessai INFO    : Producing posterior samples using rejection sampling
08-04 13:43 nessai INFO    : Expect 3691.037122473103 samples from rejection sampling
08-04 13:43 nessai INFO    : Returned 3670 posterior samples
08-04 13:43 nessai INFO    : Starting to close worker pool.
08-04 13:43 nessai INFO    : Finished closing worker pool.
