/data/wiay/postgrads/shashwat/qunat_com_future/lib/python3.11/site-packages/nessai/utils/logging.py:133: FutureWarning: setup_logger is deprecated, use configure_logger instead
  warnings.warn(
08-04 10:38 nessai INFO    : Running Nessai version 0.15.2
08-04 10:38 nessai INFO    : Starting multiprocessing pool with 4 processes
08-04 10:38 nessai INFO    : Initialising nested sampler
08-04 10:38 nessai WARNING : Multiprocessing pool has already been configured.
/data/wiay/postgrads/shashwat/qunat_com_future/lib/python3.11/site-packages/nessai/gw/__init__.py:12: FutureWarning: The `nessai.gw` module will be deprecated in the next release in favour of the nessai-gw package. This packages provides the same functionality as`nessai.gw` via the plugin interface.For more details, see: https://github.com/mj-will/nessai-gw
  warnings.warn(
08-04 10:38 nessai INFO    : Passing kwargs to FlowProposal: {'poolsize': 1000}
08-04 10:38 nessai INFO    : No reparameterisations provided, using default reparameterisations included in FlowProposal
08-04 10:38 nessai INFO    : Adding reparameterisations from: {}
08-04 10:38 nessai INFO    : Assuming fallback reparameterisation (ScaleAndShift) for ['kappa', 'mu_xi', 'sigma_chi', 'sigma_xi', 'rho', 'lambda_chi', 'chi0', 'xi0'] with kwargs: {'estimate_scale': True, 'estimate_shift': True, 'prior_bounds': {'kappa': array([0.1, 5. ]), 'mu_xi': array([0. , 0.1]), 'sigma_chi': array([0.05, 0.6 ]), 'sigma_xi': array([0.05, 0.4 ]), 'rho': array([-0.9,  0.9]), 'lambda_chi': array([-0.5,  0.5]), 'chi0': array([-0.5,  0.5]), 'xi0': array([2.5, 5. ])}}.
08-04 10:38 nessai INFO    : x space parameters: ['kappa', 'mu_xi', 'sigma_chi', 'sigma_xi', 'rho', 'lambda_chi', 'chi0', 'xi0']
08-04 10:38 nessai INFO    : x prime space parameters: ['kappa_prime', 'mu_xi_prime', 'sigma_chi_prime', 'sigma_xi_prime', 'rho_prime', 'lambda_chi_prime', 'chi0_prime', 'xi0_prime']
08-04 10:38 nessai INFO    : Overwriting fuzz factor with expansion fraction
08-04 10:38 nessai INFO    : New fuzz factor: 1.2228445449938519
08-04 10:38 nessai INFO    : Verifying rescaling functions
08-04 10:38 nessai INFO    : Rescaling functions are invertible
08-04 10:38 nessai INFO    : Populating initial live points
08-04 10:38 nessai INFO    : Populated 100 / 1000 live points
08-04 10:38 nessai INFO    : Populated 200 / 1000 live points
08-04 10:38 nessai INFO    : Populated 300 / 1000 live points
08-04 10:38 nessai INFO    : Populated 400 / 1000 live points
08-04 10:38 nessai INFO    : Populated 500 / 1000 live points
08-04 10:38 nessai INFO    : Populated 600 / 1000 live points
08-04 10:38 nessai INFO    : Populated 700 / 1000 live points
08-04 10:38 nessai INFO    : Populated 800 / 1000 live points
08-04 10:38 nessai INFO    : Populated 900 / 1000 live points
08-04 10:38 nessai INFO    : Populated 1000 / 1000 live points
08-04 10:38 nessai INFO    : Starting nested sampling loop
08-04 10:38 nessai INFO    : it:  1000: Rolling KS test: D=0.016, p-value=0.593
08-04 10:38 nessai INFO    : it:  1000: n eval: 3000 H: 7.91 dlogZ: 10876951.789 logZ: -10903922.849 +/- 0.089 logLmax: -26970.06
08-04 10:38 nessai INFO    : it:  2000: Rolling KS test: D=0.018, p-value=0.5169
08-04 10:38 nessai INFO    : it:  2000: n eval: 8000 H: 8.91 dlogZ: 3016014.915 logZ: -3042986.974 +/- 0.094 logLmax: -26970.06
08-04 10:38 nessai INFO    : Switching to FlowProposal
08-04 10:38 nessai INFO    : it:  3000: Rolling KS test: D=0.015, p-value=0.6313
08-04 10:38 nessai INFO    : it:  3000: n eval: 12357 H: 9.91 dlogZ: 1120580.380 logZ: -1127821.102 +/- 0.100 logLmax: -7237.72
08-04 10:38 nessai INFO    : it:  4000: Rolling KS test: D=0.012, p-value=0.7438
08-04 10:38 nessai INFO    : it:  4000: n eval: 16106 H: 10.91 dlogZ: 454954.400 logZ: -461086.415 +/- 0.104 logLmax: -6128.02
08-04 10:38 nessai INFO    : it:  5000: Rolling KS test: D=0.019, p-value=0.4797
08-04 10:38 nessai INFO    : it:  5000: n eval: 20134 H: 11.91 dlogZ: 209475.962 logZ: -214324.132 +/- 0.109 logLmax: -4843.17
08-04 10:38 nessai INFO    : it:  6000: Rolling KS test: D=0.025, p-value=0.2818
08-04 10:38 nessai INFO    : it:  6000: n eval: 24841 H: 12.91 dlogZ: 109305.124 logZ: -111774.720 +/- 0.114 logLmax: -2463.60
08-04 10:38 nessai INFO    : it:  7000: Rolling KS test: D=0.018, p-value=0.5169
08-04 10:38 nessai INFO    : it:  7000: n eval: 29670 H: 13.91 dlogZ: 56198.241 logZ: -56644.481 +/- 0.118 logLmax: -439.24
08-04 10:38 nessai INFO    : it:  8000: Rolling KS test: D=0.043, p-value=0.02406
08-04 10:38 nessai INFO    : it:  8000: n eval: 34579 H: 14.91 dlogZ: 29854.773 logZ: -30302.014 +/- 0.122 logLmax: -439.24
08-04 10:38 nessai INFO    : it:  9000: Rolling KS test: D=0.041, p-value=0.03371
08-04 10:38 nessai INFO    : it:  9000: n eval: 40056 H: 14.89 dlogZ: 16655.540 logZ: -16988.949 +/- 0.122 logLmax: -324.41
08-04 10:38 nessai INFO    : it: 10000: Rolling KS test: D=0.025, p-value=0.2818
08-04 10:38 nessai INFO    : it: 10000: n eval: 44793 H: 16.75 dlogZ: 9577.171 logZ: -9740.124 +/- 0.129 logLmax: -152.95
08-04 10:38 nessai INFO    : it: 11000: Rolling KS test: D=0.037, p-value=0.06311
08-04 10:38 nessai INFO    : it: 11000: n eval: 55684 H: 16.84 dlogZ: 6044.323 logZ: -6208.276 +/- 0.130 logLmax: -152.95
08-04 10:38 nessai INFO    : it: 12000: Rolling KS test: D=0.018, p-value=0.5169
08-04 10:38 nessai INFO    : it: 12000: n eval: 61700 H: 16.93 dlogZ: 3633.383 logZ: -3789.368 +/- 0.130 logLmax: -143.99
08-04 10:38 nessai INFO    : it: 13000: Rolling KS test: D=0.025, p-value=0.2818
08-04 10:38 nessai INFO    : it: 13000: n eval: 68579 H: 19.06 dlogZ: 2346.237 logZ: -2390.787 +/- 0.138 logLmax: -31.55
08-04 10:39 nessai INFO    : it: 14000: Rolling KS test: D=0.006, p-value=0.9268
08-04 10:39 nessai INFO    : it: 14000: n eval: 74567 H: 19.90 dlogZ: 1387.144 logZ: -1432.694 +/- 0.141 logLmax: -31.55
08-04 10:39 nessai INFO    : it: 15000: Rolling KS test: D=0.032, p-value=0.1263
08-04 10:39 nessai INFO    : it: 15000: n eval: 85979 H: 19.76 dlogZ: 842.242 logZ: -869.973 +/- 0.141 logLmax: -12.73
08-04 10:39 nessai INFO    : it: 16000: Rolling KS test: D=0.035, p-value=0.08429
08-04 10:39 nessai INFO    : it: 16000: n eval: 97623 H: 20.37 dlogZ: 501.906 logZ: -530.637 +/- 0.143 logLmax: -12.73
08-04 10:39 nessai INFO    : it: 17000: Rolling KS test: D=0.013, p-value=0.7071
08-04 10:39 nessai INFO    : it: 17000: n eval: 106246 H: 21.26 dlogZ: 302.247 logZ: -331.978 +/- 0.146 logLmax: -12.73
08-04 10:39 nessai INFO    : it: 18000: Rolling KS test: D=0.008, p-value=0.8752
08-04 10:39 nessai INFO    : it: 18000: n eval: 119748 H: 21.51 dlogZ: 183.022 logZ: -209.906 +/- 0.147 logLmax: -8.88
08-04 10:39 nessai INFO    : it: 19000: Rolling KS test: D=0.029, p-value=0.1825
08-04 10:39 nessai INFO    : it: 19000: n eval: 132870 H: 21.96 dlogZ: 118.786 logZ: -141.651 +/- 0.148 logLmax: -3.87
08-04 10:39 nessai INFO    : it: 20000: Rolling KS test: D=0.024, p-value=0.311
08-04 10:39 nessai INFO    : it: 20000: n eval: 151325 H: 22.56 dlogZ: 70.560 logZ: -94.425 +/- 0.150 logLmax: -3.87
08-04 10:39 nessai INFO    : it: 21000: Rolling KS test: D=0.04, p-value=0.03967
08-04 10:39 nessai INFO    : it: 21000: n eval: 177296 H: 23.04 dlogZ: 43.797 logZ: -68.302 +/- 0.152 logLmax: -3.51
08-04 10:39 nessai INFO    : it: 22000: Rolling KS test: D=0.04, p-value=0.03967
08-04 10:39 nessai INFO    : it: 22000: n eval: 203580 H: 23.39 dlogZ: 27.234 logZ: -52.367 +/- 0.153 logLmax: -3.13
08-04 10:39 nessai INFO    : it: 23000: Rolling KS test: D=0.01, p-value=0.8133
08-04 10:39 nessai INFO    : it: 23000: n eval: 240566 H: 23.89 dlogZ: 16.678 logZ: -42.811 +/- 0.155 logLmax: -3.13
08-04 10:39 nessai INFO    : it: 24000: Rolling KS test: D=0.03, p-value=0.162
08-04 10:39 nessai INFO    : it: 24000: n eval: 300566 H: 24.32 dlogZ: 11.083 logZ: -37.241 +/- 0.156 logLmax: -2.16
08-04 10:39 nessai INFO    : it: 25000: Rolling KS test: D=0.046, p-value=0.01407
08-04 10:39 nessai INFO    : it: 25000: n eval: 350566 H: 24.75 dlogZ: 6.808 logZ: -33.899 +/- 0.157 logLmax: -2.09
08-04 10:39 nessai INFO    : it: 26000: Rolling KS test: D=0.027, p-value=0.2286
08-04 10:39 nessai INFO    : it: 26000: n eval: 440566 H: 25.06 dlogZ: 4.087 logZ: -32.084 +/- 0.158 logLmax: -2.01
08-04 10:40 nessai INFO    : it: 27000: Rolling KS test: D=0.021, p-value=0.4082
08-04 10:40 nessai INFO    : it: 27000: n eval: 530566 H: 25.30 dlogZ: 2.404 logZ: -31.123 +/- 0.159 logLmax: -1.81
08-04 10:40 nessai INFO    : it: 28000: Rolling KS test: D=0.032, p-value=0.1263
08-04 10:40 nessai INFO    : it: 28000: n eval: 680566 H: 25.51 dlogZ: 1.500 logZ: -30.604 +/- 0.160 logLmax: -1.36
08-04 10:40 nessai INFO    : it: 29000: Rolling KS test: D=0.026, p-value=0.2543
08-04 10:40 nessai INFO    : it: 29000: n eval: 870566 H: 25.67 dlogZ: 0.742 logZ: -30.330 +/- 0.160 logLmax: -1.24
08-04 10:41 nessai INFO    : it: 30000: Rolling KS test: D=0.041, p-value=0.03371
08-04 10:41 nessai INFO    : it: 30000: n eval: 1100566 H: 25.78 dlogZ: 0.341 logZ: -30.192 +/- 0.161 logLmax: -1.09
08-04 10:41 nessai INFO    : it: 31000: Rolling KS test: D=0.042, p-value=0.02854
08-04 10:41 nessai INFO    : it: 31000: n eval: 1390566 H: 25.84 dlogZ: 0.131 logZ: -30.125 +/- 0.161 logLmax: -1.09
08-04 10:41 nessai INFO    : Stopping with difference_log_evidence=0.100
08-04 10:41 nessai INFO    : Finalising
08-04 10:41 nessai INFO    : Final ln-evidence: -30.070 +/- 0.161
08-04 10:41 nessai INFO    : Information: 25.91
08-04 10:41 nessai INFO    : Final KS test: D=0.01187, p-value=0.0001478
08-04 10:41 nessai WARNING : Final p-value for the insertion indices is less than 0.05, this could be an indication of problems during sampling. Consider checking the diagnostic plots.
08-04 10:41 nessai INFO    : Checkpointing nested sampling
08-04 10:41 nessai INFO    : Total sampling time: 0:03:16.082823
08-04 10:41 nessai INFO    : Total training time: 0:01:01.768473
08-04 10:41 nessai INFO    : Total population time: 0:01:19.064353
08-04 10:41 nessai INFO    : Total likelihood evaluations: 1460566
08-04 10:41 nessai INFO    : Time spent evaluating likelihood: 0:00:23.503559
08-04 10:41 nessai INFO    : Total sampling time: 0:03:16.082823
08-04 10:41 nessai INFO    : Total likelihood evaluations: 1460566
08-04 10:41 nessai INFO    : Starting post processing
08-04 10:41 nessai INFO    : Computing posterior samples
08-04 10:41 nessai INFO    : Effective sample size: 5822.8
08-04 10:41 nessai INFO    : Producing posterior samples using rejection sampling
08-04 10:41 nessai INFO    : Expect 4054.4350329885806 samples from rejection sampling
08-04 10:41 nessai INFO    : Returned 4029 posterior samples
08-04 10:41 nessai INFO    : Starting to close worker pool.
08-04 10:41 nessai INFO    : Finished closing worker pool.
