/data/wiay/postgrads/shashwat/qunat_com_future/lib/python3.11/site-packages/nessai/utils/logging.py:133: FutureWarning: setup_logger is deprecated, use configure_logger instead
  warnings.warn(
08-04 15:55 nessai INFO    : Running Nessai version 0.15.2
08-04 15:55 nessai INFO    : Starting multiprocessing pool with 4 processes
08-04 15:55 nessai INFO    : Initialising nested sampler
08-04 15:55 nessai WARNING : Multiprocessing pool has already been configured.
/data/wiay/postgrads/shashwat/qunat_com_future/lib/python3.11/site-packages/nessai/gw/__init__.py:12: FutureWarning: The `nessai.gw` module will be deprecated in the next release in favour of the nessai-gw package. This packages provides the same functionality as`nessai.gw` via the plugin interface.For more details, see: https://github.com/mj-will/nessai-gw
  warnings.warn(
08-04 15:55 nessai INFO    : Passing kwargs to FlowProposal: {'poolsize': 1000}
08-04 15:55 nessai INFO    : No reparameterisations provided, using default reparameterisations included in FlowProposal
08-04 15:55 nessai INFO    : Adding reparameterisations from: {}
08-04 15:55 nessai INFO    : Assuming fallback reparameterisation (ScaleAndShift) for ['kappa', 'mu_xi', 'sigma_chi', 'sigma_xi', 'rho', 'lambda_chi', 'chi0', 'xi0'] with kwargs: {'estimate_scale': True, 'estimate_shift': True, 'prior_bounds': {'kappa': array([0.1, 5. ]), 'mu_xi': array([0. , 0.1]), 'sigma_chi': array([0.05, 0.6 ]), 'sigma_xi': array([0.05, 0.4 ]), 'rho': array([-0.9,  0.9]), 'lambda_chi': array([-0.5,  0.5]), 'chi0': array([-0.5,  0.5]), 'xi0': array([2.5, 5. ])}}.
08-04 15:55 nessai INFO    : x space parameters: ['kappa', 'mu_xi', 'sigma_chi', 'sigma_xi', 'rho', 'lambda_chi', 'chi0', 'xi0']
08-04 15:55 nessai INFO    : x prime space parameters: ['kappa_prime', 'mu_xi_prime', 'sigma_chi_prime', 'sigma_xi_prime', 'rho_prime', 'lambda_chi_prime', 'chi0_prime', 'xi0_prime']
08-04 15:55 nessai INFO    : Overwriting fuzz factor with expansion fraction
08-04 15:55 nessai INFO    : New fuzz factor: 1.2228445449938519
08-04 15:55 nessai INFO    : Verifying rescaling functions
08-04 15:55 nessai INFO    : Rescaling functions are invertible
08-04 15:55 nessai INFO    : Populating initial live points
08-04 15:55 nessai INFO    : Populated 100 / 1000 live points
08-04 15:55 nessai INFO    : Populated 200 / 1000 live points
08-04 15:55 nessai INFO    : Populated 300 / 1000 live points
08-04 15:55 nessai INFO    : Populated 400 / 1000 live points
08-04 15:55 nessai INFO    : Populated 500 / 1000 live points
08-04 15:55 nessai INFO    : Populated 600 / 1000 live points
08-04 15:55 nessai INFO    : Populated 700 / 1000 live points
08-04 15:55 nessai INFO    : Populated 800 / 1000 live points
08-04 15:55 nessai INFO    : Populated 900 / 1000 live points
08-04 15:55 nessai INFO    : Populated 1000 / 1000 live points
08-04 15:55 nessai INFO    : Starting nested sampling loop
08-04 15:55 nessai INFO    : it:  1000: Rolling KS test: D=0.014, p-value=0.6695
08-04 15:55 nessai INFO    : it:  1000: n eval: 3000 H: 7.91 dlogZ: 5940822.259 logZ: -5945378.376 +/- 0.089 logLmax: -4555.12
08-04 15:55 nessai INFO    : it:  2000: Rolling KS test: D=0.05, p-value=0.006506
08-04 15:55 nessai INFO    : it:  2000: n eval: 8000 H: 8.91 dlogZ: 500873.869 logZ: -502420.894 +/- 0.094 logLmax: -1545.03
08-04 15:55 nessai INFO    : Switching to FlowProposal
08-04 15:55 nessai INFO    : it:  3000: Rolling KS test: D=0.007, p-value=0.9024
08-04 15:55 nessai INFO    : it:  3000: n eval: 11970 H: 9.91 dlogZ: 155495.748 logZ: -157043.773 +/- 0.100 logLmax: -1545.03
08-04 15:55 nessai INFO    : it:  4000: Rolling KS test: D=0.03, p-value=0.162
08-04 15:55 nessai INFO    : it:  4000: n eval: 15832 H: 10.91 dlogZ: 64109.587 logZ: -64431.703 +/- 0.104 logLmax: -318.12
08-04 15:55 nessai INFO    : it:  5000: Rolling KS test: D=0.01, p-value=0.8133
08-04 15:55 nessai INFO    : it:  5000: n eval: 20042 H: 11.27 dlogZ: 29787.141 logZ: -30063.942 +/- 0.106 logLmax: -271.80
08-04 15:55 nessai INFO    : it:  6000: Rolling KS test: D=0.019, p-value=0.4797
08-04 15:55 nessai INFO    : it:  6000: n eval: 24684 H: 12.82 dlogZ: 13953.017 logZ: -14230.817 +/- 0.113 logLmax: -271.80
08-04 15:55 nessai INFO    : it:  7000: Rolling KS test: D=0.014, p-value=0.6695
08-04 15:55 nessai INFO    : it:  7000: n eval: 29589 H: 13.91 dlogZ: 6785.609 logZ: -6900.977 +/- 0.118 logLmax: -108.37
08-04 15:55 nessai INFO    : it:  8000: Rolling KS test: D=0.026, p-value=0.2543
08-04 15:55 nessai INFO    : it:  8000: n eval: 34158 H: 13.92 dlogZ: 3289.473 logZ: -3405.841 +/- 0.118 logLmax: -108.37
08-04 15:55 nessai INFO    : it:  9000: Rolling KS test: D=0.024, p-value=0.311
08-04 15:55 nessai INFO    : it:  9000: n eval: 39281 H: 14.66 dlogZ: 1752.349 logZ: -1777.265 +/- 0.121 logLmax: -15.92
08-04 15:56 nessai INFO    : it: 10000: Rolling KS test: D=0.037, p-value=0.06311
08-04 15:56 nessai INFO    : it: 10000: n eval: 45493 H: 15.16 dlogZ: 978.012 logZ: -1003.927 +/- 0.123 logLmax: -15.92
08-04 15:56 nessai INFO    : it: 11000: Rolling KS test: D=0.019, p-value=0.4797
08-04 15:56 nessai INFO    : it: 11000: n eval: 51274 H: 15.87 dlogZ: 574.764 logZ: -601.679 +/- 0.126 logLmax: -15.92
08-04 15:56 nessai INFO    : it: 12000: Rolling KS test: D=0.024, p-value=0.311
08-04 15:56 nessai INFO    : it: 12000: n eval: 61331 H: 16.21 dlogZ: 363.323 logZ: -388.531 +/- 0.127 logLmax: -13.21
08-04 15:56 nessai INFO    : it: 13000: Rolling KS test: D=0.026, p-value=0.2543
08-04 15:56 nessai INFO    : it: 13000: n eval: 66832 H: 16.61 dlogZ: 223.914 logZ: -248.241 +/- 0.129 logLmax: -11.33
08-04 15:56 nessai INFO    : it: 14000: Rolling KS test: D=0.027, p-value=0.2286
08-04 15:56 nessai INFO    : it: 14000: n eval: 73760 H: 17.23 dlogZ: 139.237 logZ: -156.518 +/- 0.131 logLmax: -3.28
08-04 15:56 nessai INFO    : it: 15000: Rolling KS test: D=0.021, p-value=0.4082
08-04 15:56 nessai INFO    : it: 15000: n eval: 85070 H: 17.58 dlogZ: 87.589 logZ: -105.870 +/- 0.133 logLmax: -3.28
08-04 15:56 nessai INFO    : it: 16000: Rolling KS test: D=0.03, p-value=0.162
08-04 15:56 nessai INFO    : it: 16000: n eval: 93740 H: 18.26 dlogZ: 53.756 logZ: -73.036 +/- 0.135 logLmax: -3.28
08-04 15:56 nessai INFO    : it: 17000: Rolling KS test: D=0.029, p-value=0.1825
08-04 15:56 nessai INFO    : it: 17000: n eval: 105557 H: 18.58 dlogZ: 32.934 logZ: -53.215 +/- 0.136 logLmax: -3.28
08-04 15:56 nessai INFO    : it: 18000: Rolling KS test: D=0.011, p-value=0.7794
08-04 15:56 nessai INFO    : it: 18000: n eval: 121662 H: 19.23 dlogZ: 20.038 logZ: -41.001 +/- 0.139 logLmax: -2.96
08-04 15:56 nessai INFO    : it: 19000: Rolling KS test: D=0.025, p-value=0.2818
08-04 15:56 nessai INFO    : it: 19000: n eval: 139332 H: 19.64 dlogZ: 12.778 logZ: -33.767 +/- 0.140 logLmax: -1.99
08-04 15:56 nessai INFO    : it: 20000: Rolling KS test: D=0.004, p-value=0.9659
08-04 15:56 nessai INFO    : it: 20000: n eval: 160707 H: 19.95 dlogZ: 8.037 logZ: -29.885 +/- 0.141 logLmax: -1.85
08-04 15:56 nessai INFO    : it: 21000: Rolling KS test: D=0.04, p-value=0.03967
08-04 15:56 nessai INFO    : it: 21000: n eval: 196042 H: 20.37 dlogZ: 5.015 logZ: -27.522 +/- 0.143 logLmax: -1.51
08-04 15:56 nessai INFO    : it: 22000: Rolling KS test: D=0.026, p-value=0.2543
08-04 15:56 nessai INFO    : it: 22000: n eval: 233834 H: 20.60 dlogZ: 2.968 logZ: -26.296 +/- 0.144 logLmax: -1.38
08-04 15:56 nessai INFO    : it: 23000: Rolling KS test: D=0.016, p-value=0.593
08-04 15:56 nessai INFO    : it: 23000: n eval: 283457 H: 20.82 dlogZ: 1.847 logZ: -25.646 +/- 0.144 logLmax: -0.97
08-04 15:57 nessai INFO    : it: 24000: Rolling KS test: D=0.021, p-value=0.4082
08-04 15:57 nessai INFO    : it: 24000: n eval: 353457 H: 20.99 dlogZ: 0.873 logZ: -25.302 +/- 0.145 logLmax: -0.97
08-04 15:57 nessai INFO    : it: 25000: Rolling KS test: D=0.032, p-value=0.1263
08-04 15:57 nessai INFO    : it: 25000: n eval: 443457 H: 21.10 dlogZ: 0.373 logZ: -25.128 +/- 0.145 logLmax: -0.92
08-04 15:57 nessai INFO    : it: 26000: Rolling KS test: D=0.024, p-value=0.311
08-04 15:57 nessai INFO    : it: 26000: n eval: 543457 H: 21.18 dlogZ: 0.177 logZ: -25.044 +/- 0.146 logLmax: -0.69
08-04 15:57 nessai INFO    : Stopping with difference_log_evidence=0.100
08-04 15:57 nessai INFO    : Finalising
08-04 15:57 nessai INFO    : Final ln-evidence: -24.971 +/- 0.146
08-04 15:57 nessai INFO    : Information: 21.26
08-04 15:57 nessai INFO    : Final KS test: D=0.008783, p-value=0.01646
08-04 15:57 nessai WARNING : Final p-value for the insertion indices is less than 0.05, this could be an indication of problems during sampling. Consider checking the diagnostic plots.
08-04 15:57 nessai INFO    : Checkpointing nested sampling
08-04 15:57 nessai INFO    : Total sampling time: 0:01:58.955907
08-04 15:57 nessai INFO    : Total training time: 0:00:39.530554
08-04 15:57 nessai INFO    : Total population time: 0:00:40.728246
08-04 15:57 nessai INFO    : Total likelihood evaluations: 603457
08-04 15:57 nessai INFO    : Time spent evaluating likelihood: 0:00:11.077329
08-04 15:57 nessai INFO    : Total sampling time: 0:01:58.955907
08-04 15:57 nessai INFO    : Total likelihood evaluations: 603457
08-04 15:57 nessai INFO    : Starting post processing
08-04 15:57 nessai INFO    : Computing posterior samples
08-04 15:57 nessai INFO    : Effective sample size: 5758.2
08-04 15:57 nessai INFO    : Producing posterior samples using rejection sampling
08-04 15:57 nessai INFO    : Expect 4018.212109280469 samples from rejection sampling
08-04 15:57 nessai INFO    : Returned 4033 posterior samples
08-04 15:57 nessai INFO    : Starting to close worker pool.
08-04 15:57 nessai INFO    : Finished closing worker pool.
