/data/wiay/postgrads/shashwat/qunat_com_future/lib/python3.11/site-packages/nessai/utils/logging.py:133: FutureWarning: setup_logger is deprecated, use configure_logger instead
  warnings.warn(
08-04 14:51 nessai INFO    : Running Nessai version 0.15.2
08-04 14:51 nessai INFO    : Starting multiprocessing pool with 4 processes
08-04 14:51 nessai INFO    : Initialising nested sampler
08-04 14:51 nessai WARNING : Multiprocessing pool has already been configured.
/data/wiay/postgrads/shashwat/qunat_com_future/lib/python3.11/site-packages/nessai/gw/__init__.py:12: FutureWarning: The `nessai.gw` module will be deprecated in the next release in favour of the nessai-gw package. This packages provides the same functionality as`nessai.gw` via the plugin interface.For more details, see: https://github.com/mj-will/nessai-gw
  warnings.warn(
08-04 14:51 nessai INFO    : Passing kwargs to FlowProposal: {'poolsize': 1000}
08-04 14:51 nessai INFO    : No reparameterisations provided, using default reparameterisations included in FlowProposal
08-04 14:51 nessai INFO    : Adding reparameterisations from: {}
08-04 14:51 nessai INFO    : Assuming fallback reparameterisation (ScaleAndShift) for ['kappa', 'mu_xi', 'sigma_chi', 'sigma_xi', 'rho', 'lambda_chi', 'chi0', 'xi0'] with kwargs: {'estimate_scale': True, 'estimate_shift': True, 'prior_bounds': {'kappa': array([0.1, 5. ]), 'mu_xi': array([0. , 0.1]), 'sigma_chi': array([0.05, 0.6 ]), 'sigma_xi': array([0.05, 0.4 ]), 'rho': array([-0.9,  0.9]), 'lambda_chi': array([-0.5,  0.5]), 'chi0': array([-0.5,  0.5]), 'xi0': array([2.5, 5. ])}}.
08-04 14:51 nessai INFO    : x space parameters: ['kappa', 'mu_xi', 'sigma_chi', 'sigma_xi', 'rho', 'lambda_chi', 'chi0', 'xi0']
08-04 14:51 nessai INFO    : x prime space parameters: ['kappa_prime', 'mu_xi_prime', 'sigma_chi_prime', 'sigma_xi_prime', 'rho_prime', 'lambda_chi_prime', 'chi0_prime', 'xi0_prime']
08-04 14:51 nessai INFO    : Overwriting fuzz factor with expansion fraction
08-04 14:51 nessai INFO    : New fuzz factor: 1.2228445449938519
08-04 14:51 nessai INFO    : Verifying rescaling functions
08-04 14:51 nessai INFO    : Rescaling functions are invertible
08-04 14:51 nessai INFO    : Populating initial live points
08-04 14:51 nessai INFO    : Populated 100 / 1000 live points
08-04 14:51 nessai INFO    : Populated 200 / 1000 live points
08-04 14:51 nessai INFO    : Populated 300 / 1000 live points
08-04 14:51 nessai INFO    : Populated 400 / 1000 live points
08-04 14:51 nessai INFO    : Populated 500 / 1000 live points
08-04 14:51 nessai INFO    : Populated 600 / 1000 live points
08-04 14:51 nessai INFO    : Populated 700 / 1000 live points
08-04 14:51 nessai INFO    : Populated 800 / 1000 live points
08-04 14:51 nessai INFO    : Populated 900 / 1000 live points
08-04 14:51 nessai INFO    : Populated 1000 / 1000 live points
08-04 14:51 nessai INFO    : Starting nested sampling loop
08-04 14:51 nessai INFO    : it:  1000: Rolling KS test: D=0.022, p-value=0.3744
08-04 14:51 nessai INFO    : it:  1000: n eval: 3000 H: 7.91 dlogZ: 71245775.269 logZ: -71625121.586 +/- 0.089 logLmax: -379345.32
08-04 14:51 nessai INFO    : it:  2000: Rolling KS test: D=0.032, p-value=0.1263
08-04 14:51 nessai INFO    : it:  2000: n eval: 8000 H: 8.91 dlogZ: 27271428.804 logZ: -27511046.387 +/- 0.094 logLmax: -239615.58
08-04 14:51 nessai INFO    : Switching to FlowProposal
08-04 14:51 nessai INFO    : it:  3000: Rolling KS test: D=0.021, p-value=0.4082
08-04 14:51 nessai INFO    : it:  3000: n eval: 11897 H: 9.91 dlogZ: 12370175.663 logZ: -12481273.999 +/- 0.100 logLmax: -111095.34
08-04 14:51 nessai INFO    : it:  4000: Rolling KS test: D=0.026, p-value=0.2543
08-04 14:51 nessai INFO    : it:  4000: n eval: 13620 H: 10.91 dlogZ: 5517071.977 logZ: -5555583.398 +/- 0.104 logLmax: -38507.42
08-04 14:51 nessai INFO    : it:  5000: Rolling KS test: D=0.017, p-value=0.5547
08-04 14:51 nessai INFO    : it:  5000: n eval: 17206 H: 11.91 dlogZ: 2521897.728 logZ: -2560410.149 +/- 0.109 logLmax: -38507.42
08-04 14:51 nessai INFO    : it:  6000: Rolling KS test: D=0.02, p-value=0.4434
08-04 14:51 nessai INFO    : it:  6000: n eval: 21467 H: 12.91 dlogZ: 1273205.581 logZ: -1293777.430 +/- 0.114 logLmax: -20565.85
08-04 14:51 nessai INFO    : it:  7000: Rolling KS test: D=0.017, p-value=0.5547
08-04 14:51 nessai INFO    : it:  7000: n eval: 25247 H: 13.91 dlogZ: 628564.553 logZ: -639828.850 +/- 0.118 logLmax: -11257.30
08-04 14:51 nessai INFO    : it:  8000: Rolling KS test: D=0.016, p-value=0.593
08-04 14:51 nessai INFO    : it:  8000: n eval: 29309 H: 14.91 dlogZ: 314791.702 logZ: -319920.414 +/- 0.122 logLmax: -5120.71
08-04 14:51 nessai INFO    : it:  9000: Rolling KS test: D=0.03, p-value=0.162
08-04 14:51 nessai INFO    : it:  9000: n eval: 31332 H: 15.91 dlogZ: 171586.688 logZ: -176716.399 +/- 0.126 logLmax: -5120.71
08-04 14:51 nessai INFO    : it: 10000: Rolling KS test: D=0.026, p-value=0.2543
08-04 14:51 nessai INFO    : it: 10000: n eval: 35346 H: 16.91 dlogZ: 102133.527 logZ: -107264.239 +/- 0.130 logLmax: -5120.71
08-04 14:51 nessai INFO    : it: 11000: Rolling KS test: D=0.021, p-value=0.4082
08-04 14:51 nessai INFO    : it: 11000: n eval: 39583 H: 17.90 dlogZ: 66842.778 logZ: -71544.795 +/- 0.134 logLmax: -4394.49
08-04 14:51 nessai INFO    : it: 12000: Rolling KS test: D=0.003, p-value=0.9802
08-04 14:51 nessai INFO    : it: 12000: n eval: 44087 H: 18.91 dlogZ: 42580.273 logZ: -46986.762 +/- 0.138 logLmax: -4394.49
08-04 14:52 nessai INFO    : it: 13000: Rolling KS test: D=0.013, p-value=0.7071
08-04 14:52 nessai INFO    : it: 13000: n eval: 48611 H: 19.91 dlogZ: 28654.221 logZ: -29833.585 +/- 0.141 logLmax: -1166.36
08-04 14:52 nessai INFO    : it: 14000: Rolling KS test: D=0.029, p-value=0.1825
08-04 14:52 nessai INFO    : it: 14000: n eval: 54113 H: 20.42 dlogZ: 17438.203 logZ: -18491.913 +/- 0.143 logLmax: -1039.71
08-04 14:52 nessai INFO    : it: 15000: Rolling KS test: D=0.04, p-value=0.03967
08-04 14:52 nessai INFO    : it: 15000: n eval: 59183 H: 21.51 dlogZ: 11165.970 logZ: -11365.527 +/- 0.147 logLmax: -184.56
08-04 14:52 nessai INFO    : it: 16000: Rolling KS test: D=0.011, p-value=0.7794
08-04 14:52 nessai INFO    : it: 16000: n eval: 64808 H: 22.91 dlogZ: 6898.044 logZ: -7098.601 +/- 0.151 logLmax: -184.56
08-04 14:52 nessai INFO    : it: 17000: Rolling KS test: D=0.014, p-value=0.6695
08-04 14:52 nessai INFO    : it: 17000: n eval: 72790 H: 22.97 dlogZ: 4239.238 logZ: -4440.794 +/- 0.152 logLmax: -184.56
08-04 14:52 nessai INFO    : it: 18000: Rolling KS test: D=0.016, p-value=0.593
08-04 14:52 nessai INFO    : it: 18000: n eval: 78007 H: 23.38 dlogZ: 2531.830 logZ: -2693.710 +/- 0.153 logLmax: -143.88
08-04 14:52 nessai INFO    : it: 19000: Rolling KS test: D=0.024, p-value=0.311
08-04 14:52 nessai INFO    : it: 19000: n eval: 84078 H: 24.61 dlogZ: 1584.570 logZ: -1684.086 +/- 0.157 logLmax: -80.52
08-04 14:52 nessai INFO    : it: 20000: Rolling KS test: D=0.029, p-value=0.1825
08-04 14:52 nessai INFO    : it: 20000: n eval: 96010 H: 24.65 dlogZ: 985.765 logZ: -1086.282 +/- 0.157 logLmax: -80.52
08-04 14:52 nessai INFO    : it: 21000: Rolling KS test: D=0.026, p-value=0.2543
08-04 14:52 nessai INFO    : it: 21000: n eval: 104143 H: 25.48 dlogZ: 614.830 logZ: -705.353 +/- 0.160 logLmax: -69.52
08-04 14:52 nessai INFO    : it: 22000: Rolling KS test: D=0.013, p-value=0.7071
08-04 14:52 nessai INFO    : it: 22000: n eval: 116684 H: 26.21 dlogZ: 389.143 logZ: -472.692 +/- 0.162 logLmax: -61.55
08-04 14:52 nessai INFO    : it: 23000: Rolling KS test: D=0.049, p-value=0.007937
08-04 14:52 nessai INFO    : it: 23000: n eval: 131533 H: 26.64 dlogZ: 261.880 logZ: -330.560 +/- 0.163 logLmax: -45.68
08-04 14:52 nessai INFO    : it: 24000: Rolling KS test: D=0.009, p-value=0.8454
08-04 14:52 nessai INFO    : it: 24000: n eval: 141606 H: 27.29 dlogZ: 165.314 logZ: -233.233 +/- 0.165 logLmax: -43.92
08-04 14:52 nessai INFO    : it: 25000: Rolling KS test: D=0.022, p-value=0.3744
08-04 14:52 nessai INFO    : it: 25000: n eval: 160222 H: 27.80 dlogZ: 122.188 logZ: -174.444 +/- 0.167 logLmax: -27.26
08-04 14:52 nessai INFO    : it: 26000: Rolling KS test: D=0.018, p-value=0.5169
08-04 14:52 nessai INFO    : it: 26000: n eval: 191219 H: 28.38 dlogZ: 89.656 logZ: -134.620 +/- 0.168 logLmax: -18.97
08-04 14:52 nessai INFO    : it: 27000: Rolling KS test: D=0.051, p-value=0.005312
08-04 14:52 nessai INFO    : it: 27000: n eval: 231157 H: 28.96 dlogZ: 69.892 logZ: -109.468 +/- 0.170 logLmax: -12.58
08-04 14:52 nessai INFO    : it: 28000: Rolling KS test: D=0.029, p-value=0.1825
08-04 14:52 nessai INFO    : it: 28000: n eval: 265137 H: 29.62 dlogZ: 52.226 logZ: -92.802 +/- 0.172 logLmax: -12.58
08-04 14:52 nessai INFO    : it: 29000: Rolling KS test: D=0.024, p-value=0.311
08-04 14:52 nessai INFO    : it: 29000: n eval: 288611 H: 30.25 dlogZ: 38.801 logZ: -80.377 +/- 0.174 logLmax: -12.58
08-04 14:52 nessai INFO    : it: 30000: Rolling KS test: D=0.007, p-value=0.9024
08-04 14:52 nessai INFO    : it: 30000: n eval: 321775 H: 30.91 dlogZ: 30.313 logZ: -71.758 +/- 0.176 logLmax: -11.45
08-04 14:53 nessai INFO    : it: 31000: Rolling KS test: D=0.052, p-value=0.004319
08-04 14:53 nessai INFO    : it: 31000: n eval: 344516 H: 31.67 dlogZ: 29.115 logZ: -65.013 +/- 0.178 logLmax: -4.90
08-04 14:53 nessai INFO    : it: 32000: Rolling KS test: D=0.007, p-value=0.9024
08-04 14:53 nessai INFO    : it: 32000: n eval: 367212 H: 32.42 dlogZ: 22.671 logZ: -59.568 +/- 0.180 logLmax: -4.90
08-04 14:53 nessai INFO    : it: 33000: Rolling KS test: D=0.016, p-value=0.593
08-04 14:53 nessai INFO    : it: 33000: n eval: 383812 H: 33.04 dlogZ: 17.636 logZ: -55.534 +/- 0.182 logLmax: -4.90
08-04 14:53 nessai INFO    : it: 34000: Rolling KS test: D=0.02, p-value=0.4434
08-04 14:53 nessai INFO    : it: 34000: n eval: 398368 H: 33.75 dlogZ: 13.761 logZ: -52.457 +/- 0.184 logLmax: -4.70
08-04 14:53 nessai INFO    : it: 35000: Rolling KS test: D=0.027, p-value=0.2286
08-04 14:53 nessai INFO    : it: 35000: n eval: 408310 H: 34.43 dlogZ: 10.347 logZ: -50.043 +/- 0.186 logLmax: -4.70
08-04 14:53 nessai INFO    : it: 36000: Rolling KS test: D=0.02, p-value=0.4434
08-04 14:53 nessai INFO    : it: 36000: n eval: 421104 H: 35.00 dlogZ: 7.612 logZ: -48.307 +/- 0.187 logLmax: -4.70
08-04 14:53 nessai INFO    : it: 37000: Rolling KS test: D=0.017, p-value=0.5547
08-04 14:53 nessai INFO    : it: 37000: n eval: 429340 H: 35.56 dlogZ: 5.614 logZ: -47.030 +/- 0.189 logLmax: -4.42
08-04 14:53 nessai INFO    : it: 38000: Rolling KS test: D=0.019, p-value=0.4797
08-04 14:53 nessai INFO    : it: 38000: n eval: 441323 H: 36.01 dlogZ: 4.044 logZ: -46.182 +/- 0.190 logLmax: -4.16
08-04 14:53 nessai INFO    : it: 39000: Rolling KS test: D=0.016, p-value=0.593
08-04 14:53 nessai INFO    : it: 39000: n eval: 449962 H: 36.44 dlogZ: 2.570 logZ: -45.593 +/- 0.191 logLmax: -4.10
08-04 14:53 nessai INFO    : it: 40000: Rolling KS test: D=0.011, p-value=0.7794
08-04 14:53 nessai INFO    : it: 40000: n eval: 457402 H: 36.78 dlogZ: 1.605 logZ: -45.215 +/- 0.192 logLmax: -3.84
08-04 14:53 nessai INFO    : it: 41000: Rolling KS test: D=0.011, p-value=0.7794
08-04 14:53 nessai INFO    : it: 41000: n eval: 467416 H: 37.03 dlogZ: 0.770 logZ: -44.984 +/- 0.192 logLmax: -3.84
08-04 14:53 nessai INFO    : it: 42000: Rolling KS test: D=0.033, p-value=0.1108
08-04 14:53 nessai INFO    : it: 42000: n eval: 474021 H: 37.21 dlogZ: 0.340 logZ: -44.850 +/- 0.193 logLmax: -3.75
08-04 14:53 nessai INFO    : it: 43000: Rolling KS test: D=0.041, p-value=0.03371
08-04 14:53 nessai INFO    : it: 43000: n eval: 484272 H: 37.32 dlogZ: 0.141 logZ: -44.778 +/- 0.193 logLmax: -3.66
08-04 14:53 nessai INFO    : Stopping with difference_log_evidence=0.100
08-04 14:53 nessai INFO    : Finalising
08-04 14:53 nessai INFO    : Final ln-evidence: -44.713 +/- 0.194
08-04 14:53 nessai INFO    : Information: 37.45
08-04 14:53 nessai INFO    : Final KS test: D=0.008353, p-value=0.002319
08-04 14:53 nessai WARNING : Final p-value for the insertion indices is less than 0.05, this could be an indication of problems during sampling. Consider checking the diagnostic plots.
08-04 14:53 nessai INFO    : Checkpointing nested sampling
08-04 14:53 nessai INFO    : Total sampling time: 0:02:05.731503
08-04 14:53 nessai INFO    : Total training time: 0:00:44.227587
08-04 14:53 nessai INFO    : Total population time: 0:00:25.388326
08-04 14:53 nessai INFO    : Total likelihood evaluations: 487471
08-04 14:53 nessai INFO    : Time spent evaluating likelihood: 0:00:09.759320
08-04 14:53 nessai INFO    : Total sampling time: 0:02:05.731503
08-04 14:53 nessai INFO    : Total likelihood evaluations: 487471
08-04 14:53 nessai INFO    : Starting post processing
08-04 14:53 nessai INFO    : Computing posterior samples
08-04 14:53 nessai INFO    : Effective sample size: 7229.5
08-04 14:53 nessai INFO    : Producing posterior samples using rejection sampling
08-04 14:53 nessai INFO    : Expect 5033.153690101708 samples from rejection sampling
08-04 14:53 nessai INFO    : Returned 5008 posterior samples
08-04 14:53 nessai INFO    : Starting to close worker pool.
08-04 14:53 nessai INFO    : Finished closing worker pool.
