/data/wiay/postgrads/shashwat/qunat_com_future/lib/python3.11/site-packages/nessai/utils/logging.py:133: FutureWarning: setup_logger is deprecated, use configure_logger instead
  warnings.warn(
08-04 11:38 nessai INFO    : Running Nessai version 0.15.2
08-04 11:38 nessai INFO    : Starting multiprocessing pool with 4 processes
08-04 11:38 nessai INFO    : Initialising nested sampler
08-04 11:38 nessai WARNING : Multiprocessing pool has already been configured.
/data/wiay/postgrads/shashwat/qunat_com_future/lib/python3.11/site-packages/nessai/gw/__init__.py:12: FutureWarning: The `nessai.gw` module will be deprecated in the next release in favour of the nessai-gw package. This packages provides the same functionality as`nessai.gw` via the plugin interface.For more details, see: https://github.com/mj-will/nessai-gw
  warnings.warn(
08-04 11:38 nessai INFO    : Passing kwargs to FlowProposal: {'poolsize': 1000}
08-04 11:38 nessai INFO    : No reparameterisations provided, using default reparameterisations included in FlowProposal
08-04 11:38 nessai INFO    : Adding reparameterisations from: {}
08-04 11:38 nessai INFO    : Assuming fallback reparameterisation (ScaleAndShift) for ['kappa', 'mu_xi', 'sigma_chi', 'sigma_xi', 'rho', 'lambda_chi', 'chi0', 'xi0'] with kwargs: {'estimate_scale': True, 'estimate_shift': True, 'prior_bounds': {'kappa': array([0.1, 5. ]), 'mu_xi': array([0. , 0.1]), 'sigma_chi': array([0.05, 0.6 ]), 'sigma_xi': array([0.05, 0.4 ]), 'rho': array([-0.9,  0.9]), 'lambda_chi': array([-0.5,  0.5]), 'chi0': array([-0.5,  0.5]), 'xi0': array([2.5, 5. ])}}.
08-04 11:38 nessai INFO    : x space parameters: ['kappa', 'mu_xi', 'sigma_chi', 'sigma_xi', 'rho', 'lambda_chi', 'chi0', 'xi0']
08-04 11:38 nessai INFO    : x prime space parameters: ['kappa_prime', 'mu_xi_prime', 'sigma_chi_prime', 'sigma_xi_prime', 'rho_prime', 'lambda_chi_prime', 'chi0_prime', 'xi0_prime']
08-04 11:38 nessai INFO    : Overwriting fuzz factor with expansion fraction
08-04 11:38 nessai INFO    : New fuzz factor: 1.2228445449938519
08-04 11:38 nessai INFO    : Verifying rescaling functions
08-04 11:38 nessai INFO    : Rescaling functions are invertible
08-04 11:38 nessai INFO    : Populating initial live points
08-04 11:38 nessai INFO    : Populated 100 / 1000 live points
08-04 11:38 nessai INFO    : Populated 200 / 1000 live points
08-04 11:38 nessai INFO    : Populated 300 / 1000 live points
08-04 11:38 nessai INFO    : Populated 400 / 1000 live points
08-04 11:38 nessai INFO    : Populated 500 / 1000 live points
08-04 11:38 nessai INFO    : Populated 600 / 1000 live points
08-04 11:38 nessai INFO    : Populated 700 / 1000 live points
08-04 11:38 nessai INFO    : Populated 800 / 1000 live points
08-04 11:38 nessai INFO    : Populated 900 / 1000 live points
08-04 11:38 nessai INFO    : Populated 1000 / 1000 live points
08-04 11:38 nessai INFO    : Starting nested sampling loop
08-04 11:38 nessai INFO    : it:  1000: Rolling KS test: D=0.025, p-value=0.2818
08-04 11:38 nessai INFO    : it:  1000: n eval: 3000 H: 7.91 dlogZ: 3721675.907 logZ: -3744543.738 +/- 0.089 logLmax: -22866.83
08-04 11:38 nessai INFO    : it:  2000: Rolling KS test: D=0.021, p-value=0.4082
08-04 11:38 nessai INFO    : it:  2000: n eval: 8000 H: 8.91 dlogZ: 849096.162 logZ: -856513.788 +/- 0.094 logLmax: -7415.63
08-04 11:38 nessai INFO    : Switching to FlowProposal
08-04 11:38 nessai INFO    : it:  3000: Rolling KS test: D=0.038, p-value=0.05428
08-04 11:38 nessai INFO    : it:  3000: n eval: 11963 H: 9.91 dlogZ: 306372.775 logZ: -307641.314 +/- 0.100 logLmax: -1265.54
08-04 11:38 nessai INFO    : it:  4000: Rolling KS test: D=0.035, p-value=0.08429
08-04 11:38 nessai INFO    : it:  4000: n eval: 15525 H: 10.82 dlogZ: 135580.598 logZ: -136850.137 +/- 0.104 logLmax: -1265.54
08-04 11:39 nessai INFO    : it:  5000: Rolling KS test: D=0.023, p-value=0.3419
08-04 11:39 nessai INFO    : it:  5000: n eval: 19746 H: 11.91 dlogZ: 67238.168 logZ: -68508.707 +/- 0.109 logLmax: -1265.54
08-04 11:39 nessai INFO    : it:  6000: Rolling KS test: D=0.005, p-value=0.9481
08-04 11:39 nessai INFO    : it:  6000: n eval: 24878 H: 12.90 dlogZ: 35572.171 logZ: -36843.710 +/- 0.114 logLmax: -1265.54
08-04 11:39 nessai INFO    : it:  7000: Rolling KS test: D=0.024, p-value=0.311
08-04 11:39 nessai INFO    : it:  7000: n eval: 29930 H: 13.85 dlogZ: 20652.912 logZ: -21357.086 +/- 0.118 logLmax: -697.18
08-04 11:39 nessai INFO    : it:  8000: Rolling KS test: D=0.022, p-value=0.3744
08-04 11:39 nessai INFO    : it:  8000: n eval: 34823 H: 14.16 dlogZ: 12222.114 logZ: -12662.224 +/- 0.119 logLmax: -432.11
08-04 11:39 nessai INFO    : it:  9000: Rolling KS test: D=0.008, p-value=0.8752
08-04 11:39 nessai INFO    : it:  9000: n eval: 40116 H: 15.88 dlogZ: 7071.535 logZ: -7220.367 +/- 0.126 logLmax: -139.83
08-04 11:39 nessai INFO    : it: 10000: Rolling KS test: D=0.008, p-value=0.8752
08-04 11:39 nessai INFO    : it: 10000: n eval: 45593 H: 16.11 dlogZ: 3973.267 logZ: -4123.099 +/- 0.127 logLmax: -139.83
08-04 11:39 nessai INFO    : it: 11000: Rolling KS test: D=0.014, p-value=0.6695
08-04 11:39 nessai INFO    : it: 11000: n eval: 50591 H: 16.85 dlogZ: 2350.397 logZ: -2455.062 +/- 0.130 logLmax: -93.67
08-04 11:39 nessai INFO    : it: 12000: Rolling KS test: D=0.032, p-value=0.1263
08-04 11:39 nessai INFO    : it: 12000: n eval: 56139 H: 18.25 dlogZ: 1368.860 logZ: -1466.641 +/- 0.135 logLmax: -85.78
08-04 11:39 nessai INFO    : it: 13000: Rolling KS test: D=0.024, p-value=0.311
08-04 11:39 nessai INFO    : it: 13000: n eval: 61362 H: 18.04 dlogZ: 836.008 logZ: -887.572 +/- 0.134 logLmax: -38.57
08-04 11:39 nessai INFO    : it: 14000: Rolling KS test: D=0.017, p-value=0.5547
08-04 11:39 nessai INFO    : it: 14000: n eval: 70466 H: 18.46 dlogZ: 510.601 logZ: -548.391 +/- 0.136 logLmax: -23.79
08-04 11:39 nessai INFO    : it: 15000: Rolling KS test: D=0.01, p-value=0.8133
08-04 11:39 nessai INFO    : it: 15000: n eval: 76065 H: 18.69 dlogZ: 310.510 logZ: -341.540 +/- 0.137 logLmax: -16.03
08-04 11:39 nessai INFO    : it: 16000: Rolling KS test: D=0.029, p-value=0.1825
08-04 11:39 nessai INFO    : it: 16000: n eval: 82898 H: 19.56 dlogZ: 196.451 logZ: -219.570 +/- 0.140 logLmax: -7.12
08-04 11:39 nessai INFO    : it: 17000: Rolling KS test: D=0.017, p-value=0.5547
08-04 11:39 nessai INFO    : it: 17000: n eval: 89179 H: 20.18 dlogZ: 118.426 logZ: -142.090 +/- 0.142 logLmax: -6.67
08-04 11:39 nessai INFO    : it: 18000: Rolling KS test: D=0.037, p-value=0.06311
08-04 11:39 nessai INFO    : it: 18000: n eval: 98713 H: 20.68 dlogZ: 71.509 logZ: -96.152 +/- 0.144 logLmax: -6.64
08-04 11:39 nessai INFO    : it: 19000: Rolling KS test: D=0.062, p-value=0.0004376
08-04 11:39 nessai INFO    : it: 19000: n eval: 109544 H: 20.96 dlogZ: 43.947 logZ: -68.120 +/- 0.145 logLmax: -5.17
08-04 11:39 nessai INFO    : it: 20000: Rolling KS test: D=0.034, p-value=0.09683
08-04 11:39 nessai INFO    : it: 20000: n eval: 117608 H: 21.56 dlogZ: 28.331 logZ: -51.732 +/- 0.147 logLmax: -3.40
08-04 11:39 nessai INFO    : it: 21000: Rolling KS test: D=0.049, p-value=0.007937
08-04 11:39 nessai INFO    : it: 21000: n eval: 132184 H: 21.96 dlogZ: 18.545 logZ: -41.529 +/- 0.148 logLmax: -1.98
08-04 11:39 nessai INFO    : it: 22000: Rolling KS test: D=0.029, p-value=0.1825
08-04 11:39 nessai INFO    : it: 22000: n eval: 147927 H: 22.35 dlogZ: 11.887 logZ: -35.871 +/- 0.150 logLmax: -1.98
08-04 11:39 nessai INFO    : it: 23000: Rolling KS test: D=0.023, p-value=0.3419
08-04 11:39 nessai INFO    : it: 23000: n eval: 176234 H: 22.84 dlogZ: 7.318 logZ: -32.301 +/- 0.151 logLmax: -1.98
08-04 11:39 nessai INFO    : it: 24000: Rolling KS test: D=0.019, p-value=0.4797
08-04 11:39 nessai INFO    : it: 24000: n eval: 214183 H: 23.08 dlogZ: 4.487 logZ: -30.459 +/- 0.152 logLmax: -1.98
08-04 11:40 nessai INFO    : it: 25000: Rolling KS test: D=0.013, p-value=0.7071
08-04 11:40 nessai INFO    : it: 25000: n eval: 254183 H: 23.38 dlogZ: 3.421 logZ: -29.419 +/- 0.153 logLmax: -1.03
08-04 11:40 nessai INFO    : it: 26000: Rolling KS test: D=0.022, p-value=0.3744
08-04 11:40 nessai INFO    : it: 26000: n eval: 304183 H: 23.62 dlogZ: 1.965 logZ: -28.846 +/- 0.154 logLmax: -1.03
08-04 11:40 nessai INFO    : it: 27000: Rolling KS test: D=0.03, p-value=0.162
08-04 11:40 nessai INFO    : it: 27000: n eval: 364183 H: 23.80 dlogZ: 0.977 logZ: -28.537 +/- 0.154 logLmax: -1.03
08-04 11:40 nessai INFO    : it: 28000: Rolling KS test: D=0.04, p-value=0.03967
08-04 11:40 nessai INFO    : it: 28000: n eval: 444183 H: 23.93 dlogZ: 0.418 logZ: -28.375 +/- 0.155 logLmax: -1.03
08-04 11:40 nessai INFO    : it: 29000: Rolling KS test: D=0.036, p-value=0.07308
08-04 11:40 nessai INFO    : it: 29000: n eval: 544183 H: 24.00 dlogZ: 0.162 logZ: -28.296 +/- 0.155 logLmax: -1.03
08-04 11:40 nessai INFO    : Stopping with difference_log_evidence=0.100
08-04 11:40 nessai INFO    : Finalising
08-04 11:40 nessai INFO    : Final ln-evidence: -28.226 +/- 0.155
08-04 11:40 nessai INFO    : Information: 24.10
08-04 11:40 nessai INFO    : Final KS test: D=0.009274, p-value=0.006219
08-04 11:40 nessai WARNING : Final p-value for the insertion indices is less than 0.05, this could be an indication of problems during sampling. Consider checking the diagnostic plots.
08-04 11:40 nessai INFO    : Checkpointing nested sampling
08-04 11:40 nessai INFO    : Total sampling time: 0:02:02.069508
08-04 11:40 nessai INFO    : Total training time: 0:00:41.069312
08-04 11:40 nessai INFO    : Total population time: 0:00:38.770237
08-04 11:40 nessai INFO    : Total likelihood evaluations: 584183
08-04 11:40 nessai INFO    : Time spent evaluating likelihood: 0:00:11.307777
08-04 11:40 nessai INFO    : Total sampling time: 0:02:02.069508
08-04 11:40 nessai INFO    : Total likelihood evaluations: 584183
08-04 11:40 nessai INFO    : Starting post processing
08-04 11:40 nessai INFO    : Computing posterior samples
08-04 11:40 nessai INFO    : Effective sample size: 5981.9
08-04 11:40 nessai INFO    : Producing posterior samples using rejection sampling
08-04 11:40 nessai INFO    : Expect 4149.174328681079 samples from rejection sampling
08-04 11:40 nessai INFO    : Returned 4117 posterior samples
08-04 11:40 nessai INFO    : Starting to close worker pool.
08-04 11:40 nessai INFO    : Finished closing worker pool.
