/data/wiay/postgrads/shashwat/qunat_com_future/lib/python3.11/site-packages/nessai/utils/logging.py:133: FutureWarning: setup_logger is deprecated, use configure_logger instead
  warnings.warn(
08-04 14:45 nessai INFO    : Running Nessai version 0.15.2
08-04 14:45 nessai INFO    : Starting multiprocessing pool with 4 processes
08-04 14:45 nessai INFO    : Initialising nested sampler
08-04 14:45 nessai WARNING : Multiprocessing pool has already been configured.
/data/wiay/postgrads/shashwat/qunat_com_future/lib/python3.11/site-packages/nessai/gw/__init__.py:12: FutureWarning: The `nessai.gw` module will be deprecated in the next release in favour of the nessai-gw package. This packages provides the same functionality as`nessai.gw` via the plugin interface.For more details, see: https://github.com/mj-will/nessai-gw
  warnings.warn(
08-04 14:45 nessai INFO    : Passing kwargs to FlowProposal: {'poolsize': 1000}
08-04 14:45 nessai INFO    : No reparameterisations provided, using default reparameterisations included in FlowProposal
08-04 14:45 nessai INFO    : Adding reparameterisations from: {}
08-04 14:45 nessai INFO    : Assuming fallback reparameterisation (ScaleAndShift) for ['kappa', 'mu_xi', 'sigma_chi', 'sigma_xi', 'rho', 'lambda_chi', 'chi0', 'xi0'] with kwargs: {'estimate_scale': True, 'estimate_shift': True, 'prior_bounds': {'kappa': array([0.1, 5. ]), 'mu_xi': array([0. , 0.1]), 'sigma_chi': array([0.05, 0.6 ]), 'sigma_xi': array([0.05, 0.4 ]), 'rho': array([-0.9,  0.9]), 'lambda_chi': array([-0.5,  0.5]), 'chi0': array([-0.5,  0.5]), 'xi0': array([2.5, 5. ])}}.
08-04 14:45 nessai INFO    : x space parameters: ['kappa', 'mu_xi', 'sigma_chi', 'sigma_xi', 'rho', 'lambda_chi', 'chi0', 'xi0']
08-04 14:45 nessai INFO    : x prime space parameters: ['kappa_prime', 'mu_xi_prime', 'sigma_chi_prime', 'sigma_xi_prime', 'rho_prime', 'lambda_chi_prime', 'chi0_prime', 'xi0_prime']
08-04 14:45 nessai INFO    : Overwriting fuzz factor with expansion fraction
08-04 14:45 nessai INFO    : New fuzz factor: 1.2228445449938519
08-04 14:45 nessai INFO    : Verifying rescaling functions
08-04 14:45 nessai INFO    : Rescaling functions are invertible
08-04 14:45 nessai INFO    : Populating initial live points
08-04 14:45 nessai INFO    : Populated 100 / 1000 live points
08-04 14:45 nessai INFO    : Populated 200 / 1000 live points
08-04 14:45 nessai INFO    : Populated 300 / 1000 live points
08-04 14:45 nessai INFO    : Populated 400 / 1000 live points
08-04 14:45 nessai INFO    : Populated 500 / 1000 live points
08-04 14:45 nessai INFO    : Populated 600 / 1000 live points
08-04 14:45 nessai INFO    : Populated 700 / 1000 live points
08-04 14:45 nessai INFO    : Populated 800 / 1000 live points
08-04 14:45 nessai INFO    : Populated 900 / 1000 live points
08-04 14:45 nessai INFO    : Populated 1000 / 1000 live points
08-04 14:45 nessai INFO    : Starting nested sampling loop
08-04 14:45 nessai INFO    : it:  1000: Rolling KS test: D=0.025, p-value=0.2818
08-04 14:45 nessai INFO    : it:  1000: n eval: 3000 H: 7.91 dlogZ: 14038333.546 logZ: -14068696.491 +/- 0.089 logLmax: -30361.95
08-04 14:45 nessai INFO    : it:  2000: Rolling KS test: D=0.034, p-value=0.09683
08-04 14:45 nessai INFO    : it:  2000: n eval: 8000 H: 8.91 dlogZ: 3624438.100 logZ: -3641528.611 +/- 0.094 logLmax: -17088.51
08-04 14:45 nessai INFO    : Switching to FlowProposal
08-04 14:45 nessai INFO    : it:  3000: Rolling KS test: D=0.017, p-value=0.5547
08-04 14:45 nessai INFO    : it:  3000: n eval: 12002 H: 9.91 dlogZ: 1127689.977 logZ: -1132290.044 +/- 0.100 logLmax: -4597.07
08-04 14:45 nessai INFO    : it:  4000: Rolling KS test: D=0.014, p-value=0.6695
08-04 14:45 nessai INFO    : it:  4000: n eval: 15789 H: 10.91 dlogZ: 447356.433 logZ: -451957.500 +/- 0.104 logLmax: -4597.07
08-04 14:46 nessai INFO    : it:  5000: Rolling KS test: D=0.018, p-value=0.5169
08-04 14:46 nessai INFO    : it:  5000: n eval: 20005 H: 11.91 dlogZ: 206024.859 logZ: -210626.927 +/- 0.109 logLmax: -4597.07
08-04 14:46 nessai INFO    : it:  6000: Rolling KS test: D=0.02, p-value=0.4434
08-04 14:46 nessai INFO    : it:  6000: n eval: 22387 H: 12.91 dlogZ: 98967.024 logZ: -102643.204 +/- 0.114 logLmax: -3670.18
08-04 14:46 nessai INFO    : it:  7000: Rolling KS test: D=0.011, p-value=0.7794
08-04 14:46 nessai INFO    : it:  7000: n eval: 29953 H: 13.91 dlogZ: 47962.219 logZ: -49588.963 +/- 0.118 logLmax: -1619.74
08-04 14:46 nessai INFO    : it:  8000: Rolling KS test: D=0.033, p-value=0.1108
08-04 14:46 nessai INFO    : it:  8000: n eval: 34870 H: 14.91 dlogZ: 25096.001 logZ: -25818.429 +/- 0.122 logLmax: -714.43
08-04 14:46 nessai INFO    : it:  9000: Rolling KS test: D=0.003, p-value=0.9802
08-04 14:46 nessai INFO    : it:  9000: n eval: 39691 H: 15.68 dlogZ: 14369.071 logZ: -14602.111 +/- 0.125 logLmax: -224.04
08-04 14:46 nessai INFO    : it: 10000: Rolling KS test: D=0.012, p-value=0.7438
08-04 14:46 nessai INFO    : it: 10000: n eval: 44370 H: 16.30 dlogZ: 7992.460 logZ: -8226.501 +/- 0.128 logLmax: -224.04
08-04 14:46 nessai INFO    : it: 11000: Rolling KS test: D=0.017, p-value=0.5547
08-04 14:46 nessai INFO    : it: 11000: n eval: 49650 H: 17.78 dlogZ: 4911.339 logZ: -4986.543 +/- 0.133 logLmax: -64.21
08-04 14:46 nessai INFO    : it: 12000: Rolling KS test: D=0.053, p-value=0.003498
08-04 14:46 nessai INFO    : it: 12000: n eval: 55207 H: 18.52 dlogZ: 3070.959 logZ: -3147.164 +/- 0.136 logLmax: -64.21
08-04 14:46 nessai INFO    : it: 13000: Rolling KS test: D=0.021, p-value=0.4082
08-04 14:46 nessai INFO    : it: 13000: n eval: 60673 H: 19.59 dlogZ: 1901.148 logZ: -1950.869 +/- 0.140 logLmax: -36.72
08-04 14:46 nessai INFO    : it: 14000: Rolling KS test: D=0.03, p-value=0.162
08-04 14:46 nessai INFO    : it: 14000: n eval: 69322 H: 19.64 dlogZ: 1158.041 logZ: -1208.761 +/- 0.140 logLmax: -36.72
08-04 14:46 nessai INFO    : it: 15000: Rolling KS test: D=0.028, p-value=0.2046
08-04 14:46 nessai INFO    : it: 15000: n eval: 74695 H: 19.83 dlogZ: 705.558 logZ: -747.886 +/- 0.141 logLmax: -27.33
08-04 14:46 nessai INFO    : it: 16000: Rolling KS test: D=0.021, p-value=0.4082
08-04 14:46 nessai INFO    : it: 16000: n eval: 80674 H: 20.38 dlogZ: 433.274 logZ: -458.251 +/- 0.143 logLmax: -8.98
08-04 14:46 nessai INFO    : it: 17000: Rolling KS test: D=0.009, p-value=0.8454
08-04 14:46 nessai INFO    : it: 17000: n eval: 91031 H: 20.69 dlogZ: 267.713 logZ: -293.690 +/- 0.144 logLmax: -8.98
08-04 14:46 nessai INFO    : it: 18000: Rolling KS test: D=0.019, p-value=0.4797
08-04 14:46 nessai INFO    : it: 18000: n eval: 103333 H: 21.19 dlogZ: 164.991 logZ: -191.968 +/- 0.146 logLmax: -8.98
08-04 14:46 nessai INFO    : it: 19000: Rolling KS test: D=0.022, p-value=0.3744
08-04 14:46 nessai INFO    : it: 19000: n eval: 118563 H: 21.91 dlogZ: 99.761 logZ: -126.665 +/- 0.148 logLmax: -7.91
08-04 14:46 nessai INFO    : it: 20000: Rolling KS test: D=0.029, p-value=0.1825
08-04 14:46 nessai INFO    : it: 20000: n eval: 133672 H: 22.35 dlogZ: 60.678 logZ: -88.582 +/- 0.149 logLmax: -7.91
08-04 14:46 nessai INFO    : it: 21000: Rolling KS test: D=0.012, p-value=0.7438
08-04 14:46 nessai INFO    : it: 21000: n eval: 155669 H: 22.83 dlogZ: 37.521 logZ: -64.668 +/- 0.151 logLmax: -6.15
08-04 14:46 nessai INFO    : it: 22000: Rolling KS test: D=0.024, p-value=0.311
08-04 14:46 nessai INFO    : it: 22000: n eval: 192641 H: 23.32 dlogZ: 23.865 logZ: -52.012 +/- 0.153 logLmax: -6.15
08-04 14:46 nessai INFO    : it: 23000: Rolling KS test: D=0.018, p-value=0.5169
08-04 14:46 nessai INFO    : it: 23000: n eval: 252641 H: 23.77 dlogZ: 15.948 logZ: -44.105 +/- 0.154 logLmax: -5.16
08-04 14:47 nessai INFO    : it: 24000: Rolling KS test: D=0.024, p-value=0.311
08-04 14:47 nessai INFO    : it: 24000: n eval: 332641 H: 24.10 dlogZ: 11.753 logZ: -39.407 +/- 0.155 logLmax: -3.65
08-04 14:47 nessai INFO    : it: 25000: Rolling KS test: D=0.047, p-value=0.01167
08-04 14:47 nessai INFO    : it: 25000: n eval: 432641 H: 24.51 dlogZ: 8.121 logZ: -36.774 +/- 0.157 logLmax: -3.65
08-04 14:47 nessai INFO    : it: 26000: Rolling KS test: D=0.029, p-value=0.1825
08-04 14:47 nessai INFO    : it: 26000: n eval: 542641 H: 24.87 dlogZ: 5.749 logZ: -35.249 +/- 0.158 logLmax: -3.50
08-04 14:47 nessai INFO    : it: 27000: Rolling KS test: D=0.037, p-value=0.06311
08-04 14:47 nessai INFO    : it: 27000: n eval: 652641 H: 25.31 dlogZ: 3.746 logZ: -34.222 +/- 0.159 logLmax: -3.50
08-04 14:48 nessai INFO    : it: 28000: Rolling KS test: D=0.032, p-value=0.1263
08-04 14:48 nessai INFO    : it: 28000: n eval: 762641 H: 25.66 dlogZ: 3.078 logZ: -33.577 +/- 0.160 logLmax: -2.55
08-04 14:48 nessai INFO    : it: 29000: Rolling KS test: D=0.037, p-value=0.06311
08-04 14:48 nessai INFO    : it: 29000: n eval: 852641 H: 25.96 dlogZ: 1.811 logZ: -33.178 +/- 0.161 logLmax: -2.55
08-04 14:48 nessai INFO    : it: 30000: Rolling KS test: D=0.02, p-value=0.4434
08-04 14:48 nessai INFO    : it: 30000: n eval: 942641 H: 26.17 dlogZ: 0.917 logZ: -32.953 +/- 0.162 logLmax: -2.55
08-04 14:49 nessai INFO    : it: 31000: Rolling KS test: D=0.04, p-value=0.03967
08-04 14:49 nessai INFO    : it: 31000: n eval: 1002641 H: 26.32 dlogZ: 0.396 logZ: -32.825 +/- 0.162 logLmax: -2.55
08-04 14:49 nessai INFO    : it: 32000: Rolling KS test: D=0.006, p-value=0.9268
08-04 14:49 nessai INFO    : it: 32000: n eval: 1052641 H: 26.42 dlogZ: 0.158 logZ: -32.754 +/- 0.163 logLmax: -2.52
08-04 14:49 nessai INFO    : Stopping with difference_log_evidence=0.100
08-04 14:49 nessai INFO    : Finalising
08-04 14:49 nessai INFO    : Final ln-evidence: -32.686 +/- 0.163
08-04 14:49 nessai INFO    : Information: 26.55
08-04 14:49 nessai INFO    : Final KS test: D=0.009674, p-value=0.002279
08-04 14:49 nessai WARNING : Final p-value for the insertion indices is less than 0.05, this could be an indication of problems during sampling. Consider checking the diagnostic plots.
08-04 14:49 nessai INFO    : Checkpointing nested sampling
08-04 14:49 nessai INFO    : Total sampling time: 0:03:23.643191
08-04 14:49 nessai INFO    : Total training time: 0:00:58.137512
08-04 14:49 nessai INFO    : Total population time: 0:01:27.799956
08-04 14:49 nessai INFO    : Total likelihood evaluations: 1059948
08-04 14:49 nessai INFO    : Time spent evaluating likelihood: 0:00:20.321776
08-04 14:49 nessai INFO    : Total sampling time: 0:03:23.643191
08-04 14:49 nessai INFO    : Total likelihood evaluations: 1059948
08-04 14:49 nessai INFO    : Starting post processing
08-04 14:49 nessai INFO    : Computing posterior samples
08-04 14:49 nessai INFO    : Effective sample size: 6896.6
08-04 14:49 nessai INFO    : Producing posterior samples using rejection sampling
08-04 14:49 nessai INFO    : Expect 4754.944090491327 samples from rejection sampling
08-04 14:49 nessai INFO    : Returned 4717 posterior samples
08-04 14:49 nessai INFO    : Starting to close worker pool.
08-04 14:49 nessai INFO    : Finished closing worker pool.
