/data/wiay/postgrads/shashwat/qunat_com_future/lib/python3.11/site-packages/nessai/utils/logging.py:133: FutureWarning: setup_logger is deprecated, use configure_logger instead
  warnings.warn(
08-04 13:00 nessai INFO    : Running Nessai version 0.15.2
08-04 13:00 nessai INFO    : Starting multiprocessing pool with 4 processes
08-04 13:00 nessai INFO    : Initialising nested sampler
08-04 13:00 nessai WARNING : Multiprocessing pool has already been configured.
/data/wiay/postgrads/shashwat/qunat_com_future/lib/python3.11/site-packages/nessai/gw/__init__.py:12: FutureWarning: The `nessai.gw` module will be deprecated in the next release in favour of the nessai-gw package. This packages provides the same functionality as`nessai.gw` via the plugin interface.For more details, see: https://github.com/mj-will/nessai-gw
  warnings.warn(
08-04 13:00 nessai INFO    : Passing kwargs to FlowProposal: {'poolsize': 1000}
08-04 13:00 nessai INFO    : No reparameterisations provided, using default reparameterisations included in FlowProposal
08-04 13:00 nessai INFO    : Adding reparameterisations from: {}
08-04 13:00 nessai INFO    : Assuming fallback reparameterisation (ScaleAndShift) for ['kappa', 'mu_xi', 'sigma_chi', 'sigma_xi', 'rho', 'lambda_chi', 'chi0', 'xi0'] with kwargs: {'estimate_scale': True, 'estimate_shift': True, 'prior_bounds': {'kappa': array([0.1, 5. ]), 'mu_xi': array([0. , 0.1]), 'sigma_chi': array([0.05, 0.6 ]), 'sigma_xi': array([0.05, 0.4 ]), 'rho': array([-0.9,  0.9]), 'lambda_chi': array([-0.5,  0.5]), 'chi0': array([-0.5,  0.5]), 'xi0': array([2.5, 5. ])}}.
08-04 13:00 nessai INFO    : x space parameters: ['kappa', 'mu_xi', 'sigma_chi', 'sigma_xi', 'rho', 'lambda_chi', 'chi0', 'xi0']
08-04 13:00 nessai INFO    : x prime space parameters: ['kappa_prime', 'mu_xi_prime', 'sigma_chi_prime', 'sigma_xi_prime', 'rho_prime', 'lambda_chi_prime', 'chi0_prime', 'xi0_prime']
08-04 13:00 nessai INFO    : Overwriting fuzz factor with expansion fraction
08-04 13:00 nessai INFO    : New fuzz factor: 1.2228445449938519
08-04 13:00 nessai INFO    : Verifying rescaling functions
08-04 13:00 nessai INFO    : Rescaling functions are invertible
08-04 13:00 nessai INFO    : Populating initial live points
08-04 13:00 nessai INFO    : Populated 100 / 1000 live points
08-04 13:00 nessai INFO    : Populated 200 / 1000 live points
08-04 13:00 nessai INFO    : Populated 300 / 1000 live points
08-04 13:00 nessai INFO    : Populated 400 / 1000 live points
08-04 13:00 nessai INFO    : Populated 500 / 1000 live points
08-04 13:00 nessai INFO    : Populated 600 / 1000 live points
08-04 13:00 nessai INFO    : Populated 700 / 1000 live points
08-04 13:00 nessai INFO    : Populated 800 / 1000 live points
08-04 13:00 nessai INFO    : Populated 900 / 1000 live points
08-04 13:00 nessai INFO    : Populated 1000 / 1000 live points
08-04 13:00 nessai INFO    : Starting nested sampling loop
08-04 13:00 nessai INFO    : it:  1000: Rolling KS test: D=0.023, p-value=0.3419
08-04 13:00 nessai INFO    : it:  1000: n eval: 3000 H: 7.91 dlogZ: 71316656.520 logZ: -71702568.524 +/- 0.089 logLmax: -385911.01
08-04 13:00 nessai INFO    : it:  2000: Rolling KS test: D=0.031, p-value=0.1433
08-04 13:01 nessai INFO    : it:  2000: n eval: 8000 H: 8.91 dlogZ: 27365641.651 logZ: -27623883.331 +/- 0.094 logLmax: -258239.68
08-04 13:01 nessai INFO    : Switching to FlowProposal
08-04 13:01 nessai INFO    : it:  3000: Rolling KS test: D=0.019, p-value=0.4797
08-04 13:01 nessai INFO    : it:  3000: n eval: 11962 H: 9.91 dlogZ: 12509008.432 logZ: -12644411.546 +/- 0.100 logLmax: -135400.11
08-04 13:01 nessai INFO    : it:  4000: Rolling KS test: D=0.022, p-value=0.3744
08-04 13:01 nessai INFO    : it:  4000: n eval: 13630 H: 10.91 dlogZ: 5449739.869 logZ: -5502033.975 +/- 0.104 logLmax: -52290.11
08-04 13:01 nessai INFO    : it:  5000: Rolling KS test: D=0.007, p-value=0.9024
08-04 13:01 nessai INFO    : it:  5000: n eval: 17206 H: 11.91 dlogZ: 2667094.658 logZ: -2719389.765 +/- 0.109 logLmax: -52290.11
08-04 13:01 nessai INFO    : it:  6000: Rolling KS test: D=0.038, p-value=0.05428
08-04 13:01 nessai INFO    : it:  6000: n eval: 21090 H: 12.91 dlogZ: 1300570.421 logZ: -1339890.398 +/- 0.114 logLmax: -39313.98
08-04 13:01 nessai INFO    : it:  7000: Rolling KS test: D=0.007, p-value=0.9024
08-04 13:01 nessai INFO    : it:  7000: n eval: 24800 H: 13.91 dlogZ: 635290.833 logZ: -650635.041 +/- 0.118 logLmax: -15337.21
08-04 13:01 nessai INFO    : it:  8000: Rolling KS test: D=0.026, p-value=0.2543
08-04 13:01 nessai INFO    : it:  8000: n eval: 29251 H: 14.91 dlogZ: 326414.297 logZ: -332083.059 +/- 0.122 logLmax: -5660.76
08-04 13:01 nessai INFO    : it:  9000: Rolling KS test: D=0.024, p-value=0.311
08-04 13:01 nessai INFO    : it:  9000: n eval: 33445 H: 15.91 dlogZ: 178117.793 logZ: -183787.556 +/- 0.126 logLmax: -5660.76
08-04 13:01 nessai INFO    : it: 10000: Rolling KS test: D=0.015, p-value=0.6313
08-04 13:01 nessai INFO    : it: 10000: n eval: 38494 H: 16.91 dlogZ: 110529.257 logZ: -113155.296 +/- 0.130 logLmax: -2616.04
08-04 13:01 nessai INFO    : it: 11000: Rolling KS test: D=0.019, p-value=0.4797
08-04 13:01 nessai INFO    : it: 11000: n eval: 43921 H: 17.16 dlogZ: 74678.204 logZ: -76271.491 +/- 0.131 logLmax: -1582.29
08-04 13:01 nessai INFO    : it: 12000: Rolling KS test: D=0.025, p-value=0.2818
08-04 13:01 nessai INFO    : it: 12000: n eval: 48594 H: 18.45 dlogZ: 48179.990 logZ: -49774.277 +/- 0.136 logLmax: -1582.29
08-04 13:01 nessai INFO    : it: 13000: Rolling KS test: D=0.021, p-value=0.4082
08-04 13:01 nessai INFO    : it: 13000: n eval: 53369 H: 19.91 dlogZ: 31733.049 logZ: -32359.578 +/- 0.141 logLmax: -613.53
08-04 13:01 nessai INFO    : it: 14000: Rolling KS test: D=0.016, p-value=0.593
08-04 13:01 nessai INFO    : it: 14000: n eval: 58926 H: 20.53 dlogZ: 19536.403 logZ: -19868.373 +/- 0.143 logLmax: -317.97
08-04 13:01 nessai INFO    : it: 15000: Rolling KS test: D=0.015, p-value=0.6313
08-04 13:01 nessai INFO    : it: 15000: n eval: 65294 H: 21.90 dlogZ: 12251.636 logZ: -12584.607 +/- 0.148 logLmax: -317.97
08-04 13:01 nessai INFO    : it: 16000: Rolling KS test: D=0.028, p-value=0.2046
08-04 13:01 nessai INFO    : it: 16000: n eval: 71361 H: 22.82 dlogZ: 7548.624 logZ: -7882.594 +/- 0.151 logLmax: -317.97
08-04 13:01 nessai INFO    : it: 17000: Rolling KS test: D=0.008, p-value=0.8752
08-04 13:01 nessai INFO    : it: 17000: n eval: 79698 H: 23.15 dlogZ: 4530.076 logZ: -4865.046 +/- 0.152 logLmax: -317.97
08-04 13:01 nessai INFO    : it: 18000: Rolling KS test: D=0.011, p-value=0.7794
08-04 13:01 nessai INFO    : it: 18000: n eval: 85893 H: 23.40 dlogZ: 2812.378 logZ: -2971.474 +/- 0.153 logLmax: -141.10
08-04 13:01 nessai INFO    : it: 19000: Rolling KS test: D=0.014, p-value=0.6695
08-04 13:01 nessai INFO    : it: 19000: n eval: 92699 H: 24.39 dlogZ: 1759.914 logZ: -1920.010 +/- 0.156 logLmax: -141.10
08-04 13:01 nessai INFO    : it: 20000: Rolling KS test: D=0.027, p-value=0.2286
08-04 13:01 nessai INFO    : it: 20000: n eval: 102835 H: 25.73 dlogZ: 1142.494 logZ: -1256.217 +/- 0.160 logLmax: -93.72
08-04 13:02 nessai INFO    : it: 21000: Rolling KS test: D=0.023, p-value=0.3419
08-04 13:02 nessai INFO    : it: 21000: n eval: 115867 H: 25.99 dlogZ: 734.248 logZ: -848.971 +/- 0.161 logLmax: -93.72
08-04 13:02 nessai INFO    : it: 22000: Rolling KS test: D=0.011, p-value=0.7794
08-04 13:02 nessai INFO    : it: 22000: n eval: 127495 H: 26.05 dlogZ: 521.062 logZ: -605.955 +/- 0.161 logLmax: -62.89
08-04 13:02 nessai INFO    : it: 23000: Rolling KS test: D=0.045, p-value=0.01689
08-04 13:02 nessai INFO    : it: 23000: n eval: 144972 H: 26.67 dlogZ: 365.114 logZ: -451.007 +/- 0.163 logLmax: -62.89
08-04 13:02 nessai INFO    : it: 24000: Rolling KS test: D=0.03, p-value=0.162
08-04 13:02 nessai INFO    : it: 24000: n eval: 162153 H: 27.27 dlogZ: 259.503 logZ: -344.266 +/- 0.165 logLmax: -60.76
08-04 13:02 nessai INFO    : it: 25000: Rolling KS test: D=0.025, p-value=0.2818
08-04 13:02 nessai INFO    : it: 25000: n eval: 180908 H: 28.28 dlogZ: 198.324 logZ: -271.104 +/- 0.168 logLmax: -47.78
08-04 13:02 nessai INFO    : it: 26000: Rolling KS test: D=0.019, p-value=0.4797
08-04 13:02 nessai INFO    : it: 26000: n eval: 198692 H: 29.09 dlogZ: 164.061 logZ: -212.477 +/- 0.171 logLmax: -22.42
08-04 13:02 nessai INFO    : it: 27000: Rolling KS test: D=0.029, p-value=0.1825
08-04 13:02 nessai INFO    : it: 27000: n eval: 211107 H: 29.89 dlogZ: 118.279 logZ: -167.695 +/- 0.173 logLmax: -22.42
08-04 13:02 nessai INFO    : it: 28000: Rolling KS test: D=0.048, p-value=0.009645
08-04 13:02 nessai INFO    : it: 28000: n eval: 224298 H: 30.31 dlogZ: 91.179 logZ: -134.734 +/- 0.174 logLmax: -15.56
08-04 13:02 nessai INFO    : it: 29000: Rolling KS test: D=0.019, p-value=0.4797
08-04 13:02 nessai INFO    : it: 29000: n eval: 233276 H: 30.97 dlogZ: 70.945 logZ: -110.378 +/- 0.176 logLmax: -10.43
08-04 13:02 nessai INFO    : it: 30000: Rolling KS test: D=0.023, p-value=0.3419
08-04 13:02 nessai INFO    : it: 30000: n eval: 251899 H: 31.61 dlogZ: 53.302 logZ: -93.735 +/- 0.178 logLmax: -10.43
08-04 13:02 nessai INFO    : it: 31000: Rolling KS test: D=0.021, p-value=0.4082
08-04 13:02 nessai INFO    : it: 31000: n eval: 264060 H: 32.25 dlogZ: 40.818 logZ: -82.252 +/- 0.180 logLmax: -10.43
08-04 13:02 nessai INFO    : it: 32000: Rolling KS test: D=0.002, p-value=0.9907
08-04 13:02 nessai INFO    : it: 32000: n eval: 276963 H: 32.96 dlogZ: 31.094 logZ: -73.288 +/- 0.182 logLmax: -10.20
08-04 13:02 nessai INFO    : it: 33000: Rolling KS test: D=0.044, p-value=0.0202
08-04 13:03 nessai INFO    : it: 33000: n eval: 288138 H: 33.60 dlogZ: 25.287 logZ: -66.744 +/- 0.183 logLmax: -8.46
08-04 13:03 nessai INFO    : it: 34000: Rolling KS test: D=0.025, p-value=0.2818
08-04 13:03 nessai INFO    : it: 34000: n eval: 300485 H: 34.34 dlogZ: 19.251 logZ: -61.707 +/- 0.185 logLmax: -8.46
08-04 13:03 nessai INFO    : it: 35000: Rolling KS test: D=0.018, p-value=0.5169
08-04 13:03 nessai INFO    : it: 35000: n eval: 308959 H: 35.09 dlogZ: 16.005 logZ: -57.635 +/- 0.187 logLmax: -6.63
08-04 13:03 nessai INFO    : it: 36000: Rolling KS test: D=0.023, p-value=0.3419
08-04 13:03 nessai INFO    : it: 36000: n eval: 321316 H: 35.60 dlogZ: 12.151 logZ: -54.782 +/- 0.189 logLmax: -6.63
08-04 13:03 nessai INFO    : it: 37000: Rolling KS test: D=0.03, p-value=0.162
08-04 13:03 nessai INFO    : it: 37000: n eval: 329009 H: 36.33 dlogZ: 8.932 logZ: -52.562 +/- 0.191 logLmax: -6.63
08-04 13:03 nessai INFO    : it: 38000: Rolling KS test: D=0.008, p-value=0.8752
08-04 13:03 nessai INFO    : it: 38000: n eval: 335606 H: 36.92 dlogZ: 7.461 logZ: -50.924 +/- 0.192 logLmax: -5.46
08-04 13:03 nessai INFO    : it: 39000: Rolling KS test: D=0.048, p-value=0.009645
08-04 13:03 nessai INFO    : it: 39000: n eval: 342425 H: 37.38 dlogZ: 5.372 logZ: -49.831 +/- 0.193 logLmax: -5.46
08-04 13:03 nessai INFO    : it: 40000: Rolling KS test: D=0.021, p-value=0.4082
08-04 13:03 nessai INFO    : it: 40000: n eval: 351988 H: 37.83 dlogZ: 3.706 logZ: -49.076 +/- 0.195 logLmax: -5.40
08-04 13:03 nessai INFO    : it: 41000: Rolling KS test: D=0.048, p-value=0.009645
08-04 13:03 nessai INFO    : it: 41000: n eval: 359617 H: 38.23 dlogZ: 2.472 logZ: -48.568 +/- 0.196 logLmax: -5.19
08-04 13:03 nessai INFO    : it: 42000: Rolling KS test: D=0.022, p-value=0.3744
08-04 13:03 nessai INFO    : it: 42000: n eval: 366509 H: 38.54 dlogZ: 1.410 logZ: -48.244 +/- 0.196 logLmax: -5.11
08-04 13:03 nessai INFO    : it: 43000: Rolling KS test: D=0.009, p-value=0.8454
08-04 13:03 nessai INFO    : it: 43000: n eval: 375387 H: 38.79 dlogZ: 0.755 logZ: -48.039 +/- 0.197 logLmax: -4.92
08-04 13:03 nessai INFO    : it: 44000: Rolling KS test: D=0.028, p-value=0.2046
08-04 13:03 nessai INFO    : it: 44000: n eval: 381187 H: 38.95 dlogZ: 0.438 logZ: -47.924 +/- 0.197 logLmax: -4.52
08-04 13:03 nessai INFO    : it: 45000: Rolling KS test: D=0.022, p-value=0.3744
08-04 13:03 nessai INFO    : it: 45000: n eval: 387081 H: 39.06 dlogZ: 0.174 logZ: -47.862 +/- 0.198 logLmax: -4.52
08-04 13:03 nessai INFO    : Stopping with difference_log_evidence=0.100
08-04 13:03 nessai INFO    : Finalising
08-04 13:03 nessai INFO    : Final ln-evidence: -47.801 +/- 0.198
08-04 13:03 nessai INFO    : Information: 39.19
08-04 13:03 nessai INFO    : Final KS test: D=0.007132, p-value=0.009644
08-04 13:03 nessai WARNING : Final p-value for the insertion indices is less than 0.05, this could be an indication of problems during sampling. Consider checking the diagnostic plots.
08-04 13:03 nessai INFO    : Checkpointing nested sampling
08-04 13:03 nessai INFO    : Total sampling time: 0:02:49.779817
08-04 13:03 nessai INFO    : Total training time: 0:00:59.628975
08-04 13:03 nessai INFO    : Total population time: 0:00:33.520928
08-04 13:03 nessai INFO    : Total likelihood evaluations: 390142
08-04 13:03 nessai INFO    : Time spent evaluating likelihood: 0:00:17.367798
08-04 13:03 nessai INFO    : Total sampling time: 0:02:49.779817
08-04 13:03 nessai INFO    : Total likelihood evaluations: 390142
08-04 13:03 nessai INFO    : Starting post processing
08-04 13:03 nessai INFO    : Computing posterior samples
08-04 13:03 nessai INFO    : Effective sample size: 7469.9
08-04 13:03 nessai INFO    : Producing posterior samples using rejection sampling
08-04 13:03 nessai INFO    : Expect 5222.211490592874 samples from rejection sampling
08-04 13:03 nessai INFO    : Returned 5249 posterior samples
08-04 13:03 nessai INFO    : Starting to close worker pool.
08-04 13:03 nessai INFO    : Finished closing worker pool.
