/data/wiay/postgrads/shashwat/qunat_com_future/lib/python3.11/site-packages/nessai/utils/logging.py:133: FutureWarning: setup_logger is deprecated, use configure_logger instead
  warnings.warn(
08-04 13:13 nessai INFO    : Running Nessai version 0.15.2
08-04 13:13 nessai INFO    : Starting multiprocessing pool with 4 processes
08-04 13:13 nessai INFO    : Initialising nested sampler
08-04 13:13 nessai WARNING : Multiprocessing pool has already been configured.
/data/wiay/postgrads/shashwat/qunat_com_future/lib/python3.11/site-packages/nessai/gw/__init__.py:12: FutureWarning: The `nessai.gw` module will be deprecated in the next release in favour of the nessai-gw package. This packages provides the same functionality as`nessai.gw` via the plugin interface.For more details, see: https://github.com/mj-will/nessai-gw
  warnings.warn(
08-04 13:13 nessai INFO    : Passing kwargs to FlowProposal: {'poolsize': 1000}
08-04 13:13 nessai INFO    : No reparameterisations provided, using default reparameterisations included in FlowProposal
08-04 13:13 nessai INFO    : Adding reparameterisations from: {}
08-04 13:13 nessai INFO    : Assuming fallback reparameterisation (ScaleAndShift) for ['kappa', 'mu_xi', 'sigma_chi', 'sigma_xi', 'rho', 'lambda_chi', 'chi0', 'xi0'] with kwargs: {'estimate_scale': True, 'estimate_shift': True, 'prior_bounds': {'kappa': array([0.1, 5. ]), 'mu_xi': array([0. , 0.1]), 'sigma_chi': array([0.05, 0.6 ]), 'sigma_xi': array([0.05, 0.4 ]), 'rho': array([-0.9,  0.9]), 'lambda_chi': array([-0.5,  0.5]), 'chi0': array([-0.5,  0.5]), 'xi0': array([2.5, 5. ])}}.
08-04 13:13 nessai INFO    : x space parameters: ['kappa', 'mu_xi', 'sigma_chi', 'sigma_xi', 'rho', 'lambda_chi', 'chi0', 'xi0']
08-04 13:13 nessai INFO    : x prime space parameters: ['kappa_prime', 'mu_xi_prime', 'sigma_chi_prime', 'sigma_xi_prime', 'rho_prime', 'lambda_chi_prime', 'chi0_prime', 'xi0_prime']
08-04 13:13 nessai INFO    : Overwriting fuzz factor with expansion fraction
08-04 13:13 nessai INFO    : New fuzz factor: 1.2228445449938519
08-04 13:13 nessai INFO    : Verifying rescaling functions
08-04 13:13 nessai INFO    : Rescaling functions are invertible
08-04 13:13 nessai INFO    : Populating initial live points
08-04 13:13 nessai INFO    : Populated 100 / 1000 live points
08-04 13:13 nessai INFO    : Populated 200 / 1000 live points
08-04 13:13 nessai INFO    : Populated 300 / 1000 live points
08-04 13:13 nessai INFO    : Populated 400 / 1000 live points
08-04 13:13 nessai INFO    : Populated 500 / 1000 live points
08-04 13:13 nessai INFO    : Populated 600 / 1000 live points
08-04 13:13 nessai INFO    : Populated 700 / 1000 live points
08-04 13:13 nessai INFO    : Populated 800 / 1000 live points
08-04 13:13 nessai INFO    : Populated 900 / 1000 live points
08-04 13:13 nessai INFO    : Populated 1000 / 1000 live points
08-04 13:13 nessai INFO    : Starting nested sampling loop
08-04 13:13 nessai INFO    : it:  1000: Rolling KS test: D=0.017, p-value=0.5547
08-04 13:13 nessai INFO    : it:  1000: n eval: 3000 H: 7.91 dlogZ: 18083109.050 logZ: -18105239.911 +/- 0.089 logLmax: -22129.86
08-04 13:13 nessai INFO    : it:  2000: Rolling KS test: D=0.001, p-value=0.9973
08-04 13:13 nessai INFO    : it:  2000: n eval: 8000 H: 8.91 dlogZ: 6206201.972 logZ: -6219933.911 +/- 0.094 logLmax: -13729.94
08-04 13:13 nessai INFO    : Switching to FlowProposal
08-04 13:13 nessai INFO    : it:  3000: Rolling KS test: D=0.018, p-value=0.5169
08-04 13:13 nessai INFO    : it:  3000: n eval: 11992 H: 9.91 dlogZ: 2412043.953 logZ: -2425776.893 +/- 0.100 logLmax: -13729.94
08-04 13:13 nessai INFO    : it:  4000: Rolling KS test: D=0.021, p-value=0.4082
08-04 13:13 nessai INFO    : it:  4000: n eval: 15680 H: 10.91 dlogZ: 991615.364 logZ: -1005349.303 +/- 0.104 logLmax: -13729.94
08-04 13:13 nessai INFO    : it:  5000: Rolling KS test: D=0.022, p-value=0.3744
08-04 13:13 nessai INFO    : it:  5000: n eval: 17645 H: 11.91 dlogZ: 433145.189 logZ: -433438.802 +/- 0.109 logLmax: -288.61
08-04 13:13 nessai INFO    : it:  6000: Rolling KS test: D=0.02, p-value=0.4434
08-04 13:13 nessai INFO    : it:  6000: n eval: 21827 H: 12.91 dlogZ: 201161.945 logZ: -201456.558 +/- 0.114 logLmax: -288.61
08-04 13:13 nessai INFO    : it:  7000: Rolling KS test: D=0.017, p-value=0.5547
08-04 13:13 nessai INFO    : it:  7000: n eval: 26171 H: 13.91 dlogZ: 99933.180 logZ: -100228.793 +/- 0.118 logLmax: -288.61
08-04 13:14 nessai INFO    : it:  8000: Rolling KS test: D=0.028, p-value=0.2046
08-04 13:14 nessai INFO    : it:  8000: n eval: 31077 H: 14.86 dlogZ: 50052.152 logZ: -50348.765 +/- 0.122 logLmax: -288.61
08-04 13:14 nessai INFO    : it:  9000: Rolling KS test: D=0.036, p-value=0.07308
08-04 13:14 nessai INFO    : it:  9000: n eval: 35851 H: 15.91 dlogZ: 26785.197 logZ: -27082.810 +/- 0.126 logLmax: -288.61
08-04 13:14 nessai INFO    : it: 10000: Rolling KS test: D=0.012, p-value=0.7438
08-04 13:14 nessai INFO    : it: 10000: n eval: 40661 H: 16.22 dlogZ: 14528.568 logZ: -14827.181 +/- 0.127 logLmax: -288.61
08-04 13:14 nessai INFO    : it: 11000: Rolling KS test: D=0.005, p-value=0.9481
08-04 13:14 nessai INFO    : it: 11000: n eval: 45701 H: 17.87 dlogZ: 8023.945 logZ: -8272.694 +/- 0.134 logLmax: -237.75
08-04 13:14 nessai INFO    : it: 12000: Rolling KS test: D=0.055, p-value=0.002267
08-04 13:14 nessai INFO    : it: 12000: n eval: 50899 H: 18.66 dlogZ: 4520.106 logZ: -4615.643 +/- 0.137 logLmax: -83.54
08-04 13:14 nessai INFO    : it: 13000: Rolling KS test: D=0.021, p-value=0.4082
08-04 13:14 nessai INFO    : it: 13000: n eval: 55713 H: 18.96 dlogZ: 2578.100 logZ: -2674.637 +/- 0.138 logLmax: -83.54
08-04 13:14 nessai INFO    : it: 14000: Rolling KS test: D=0.005, p-value=0.9481
08-04 13:14 nessai INFO    : it: 14000: n eval: 60796 H: 19.77 dlogZ: 1517.871 logZ: -1598.489 +/- 0.141 logLmax: -66.62
08-04 13:14 nessai INFO    : it: 15000: Rolling KS test: D=0.019, p-value=0.4797
08-04 13:14 nessai INFO    : it: 15000: n eval: 66031 H: 20.03 dlogZ: 926.347 logZ: -1007.091 +/- 0.142 logLmax: -65.74
08-04 13:14 nessai INFO    : it: 16000: Rolling KS test: D=0.015, p-value=0.6313
08-04 13:14 nessai INFO    : it: 16000: n eval: 74263 H: 20.79 dlogZ: 575.286 logZ: -617.916 +/- 0.144 logLmax: -26.63
08-04 13:14 nessai INFO    : it: 17000: Rolling KS test: D=0.028, p-value=0.2046
08-04 13:14 nessai INFO    : it: 17000: n eval: 79323 H: 21.12 dlogZ: 336.929 logZ: -378.973 +/- 0.145 logLmax: -25.05
08-04 13:14 nessai INFO    : it: 18000: Rolling KS test: D=0.019, p-value=0.4797
08-04 13:14 nessai INFO    : it: 18000: n eval: 85078 H: 22.03 dlogZ: 213.290 logZ: -242.260 +/- 0.148 logLmax: -10.97
08-04 13:14 nessai INFO    : it: 19000: Rolling KS test: D=0.02, p-value=0.4434
08-04 13:14 nessai INFO    : it: 19000: n eval: 90821 H: 22.18 dlogZ: 129.629 logZ: -156.434 +/- 0.149 logLmax: -7.81
08-04 13:14 nessai INFO    : it: 20000: Rolling KS test: D=0.045, p-value=0.01689
08-04 13:14 nessai INFO    : it: 20000: n eval: 100667 H: 22.73 dlogZ: 82.522 logZ: -107.393 +/- 0.151 logLmax: -4.87
08-04 13:14 nessai INFO    : it: 21000: Rolling KS test: D=0.022, p-value=0.3744
08-04 13:14 nessai INFO    : it: 21000: n eval: 113544 H: 23.14 dlogZ: 49.315 logZ: -75.187 +/- 0.152 logLmax: -4.87
08-04 13:14 nessai INFO    : it: 22000: Rolling KS test: D=0.04, p-value=0.03967
08-04 13:14 nessai INFO    : it: 22000: n eval: 121529 H: 23.59 dlogZ: 32.244 logZ: -56.662 +/- 0.154 logLmax: -2.42
08-04 13:14 nessai INFO    : it: 23000: Rolling KS test: D=0.023, p-value=0.3419
08-04 13:14 nessai INFO    : it: 23000: n eval: 144817 H: 23.97 dlogZ: 20.760 logZ: -46.178 +/- 0.155 logLmax: -2.42
08-04 13:14 nessai INFO    : it: 24000: Rolling KS test: D=0.016, p-value=0.593
08-04 13:14 nessai INFO    : it: 24000: n eval: 166913 H: 24.40 dlogZ: 13.680 logZ: -40.098 +/- 0.156 logLmax: -2.42
08-04 13:15 nessai INFO    : it: 25000: Rolling KS test: D=0.024, p-value=0.311
08-04 13:15 nessai INFO    : it: 25000: n eval: 191734 H: 24.83 dlogZ: 9.224 logZ: -36.642 +/- 0.158 logLmax: -2.42
08-04 13:15 nessai INFO    : it: 26000: Rolling KS test: D=0.029, p-value=0.1825
08-04 13:15 nessai INFO    : it: 26000: n eval: 225232 H: 25.24 dlogZ: 6.382 logZ: -34.490 +/- 0.159 logLmax: -2.11
08-04 13:15 nessai INFO    : it: 27000: Rolling KS test: D=0.035, p-value=0.08429
08-04 13:15 nessai INFO    : it: 27000: n eval: 265232 H: 25.61 dlogZ: 4.318 logZ: -33.225 +/- 0.160 logLmax: -1.92
08-04 13:15 nessai INFO    : it: 28000: Rolling KS test: D=0.013, p-value=0.7071
08-04 13:15 nessai INFO    : it: 28000: n eval: 325232 H: 25.93 dlogZ: 2.624 logZ: -32.470 +/- 0.161 logLmax: -1.92
08-04 13:15 nessai INFO    : it: 29000: Rolling KS test: D=0.029, p-value=0.1825
08-04 13:15 nessai INFO    : it: 29000: n eval: 395232 H: 26.18 dlogZ: 2.066 logZ: -32.041 +/- 0.162 logLmax: -1.11
08-04 13:16 nessai INFO    : it: 30000: Rolling KS test: D=0.047, p-value=0.01167
08-04 13:16 nessai INFO    : it: 30000: n eval: 515232 H: 26.36 dlogZ: 1.098 logZ: -31.803 +/- 0.162 logLmax: -1.11
08-04 13:16 nessai INFO    : it: 31000: Rolling KS test: D=0.017, p-value=0.5547
08-04 13:16 nessai INFO    : it: 31000: n eval: 635232 H: 26.50 dlogZ: 0.496 logZ: -31.669 +/- 0.163 logLmax: -1.11
08-04 13:17 nessai INFO    : it: 32000: Rolling KS test: D=0.028, p-value=0.2046
08-04 13:17 nessai INFO    : it: 32000: n eval: 745232 H: 26.59 dlogZ: 0.226 logZ: -31.595 +/- 0.163 logLmax: -0.97
08-04 13:17 nessai INFO    : it: 33000: Rolling KS test: D=0.033, p-value=0.1108
08-04 13:17 nessai INFO    : it: 33000: n eval: 885232 H: 26.66 dlogZ: 0.104 logZ: -31.555 +/- 0.163 logLmax: -0.77
08-04 13:17 nessai INFO    : Stopping with difference_log_evidence=0.100
08-04 13:17 nessai INFO    : Finalising
08-04 13:17 nessai INFO    : Final ln-evidence: -31.516 +/- 0.164
08-04 13:17 nessai INFO    : Information: 26.74
08-04 13:17 nessai INFO    : Final KS test: D=0.00563, p-value=0.1227
08-04 13:17 nessai INFO    : Checkpointing nested sampling
08-04 13:17 nessai INFO    : Total sampling time: 0:04:03.650654
08-04 13:17 nessai INFO    : Total training time: 0:01:02.515984
08-04 13:17 nessai INFO    : Total population time: 0:01:43.110676
08-04 13:17 nessai INFO    : Total likelihood evaluations: 885232
08-04 13:17 nessai INFO    : Time spent evaluating likelihood: 0:00:35.168070
08-04 13:17 nessai INFO    : Total sampling time: 0:04:03.650654
08-04 13:17 nessai INFO    : Total likelihood evaluations: 885232
08-04 13:17 nessai INFO    : Starting post processing
08-04 13:17 nessai INFO    : Computing posterior samples
08-04 13:17 nessai INFO    : Effective sample size: 6696.7
08-04 13:17 nessai INFO    : Producing posterior samples using rejection sampling
08-04 13:17 nessai INFO    : Expect 4568.038755824382 samples from rejection sampling
08-04 13:17 nessai INFO    : Returned 4581 posterior samples
08-04 13:17 nessai INFO    : Starting to close worker pool.
08-04 13:17 nessai INFO    : Finished closing worker pool.
