/data/wiay/postgrads/shashwat/qunat_com_future/lib/python3.11/site-packages/nessai/utils/logging.py:133: FutureWarning: setup_logger is deprecated, use configure_logger instead
  warnings.warn(
08-04 15:17 nessai INFO    : Running Nessai version 0.15.2
08-04 15:17 nessai INFO    : Starting multiprocessing pool with 4 processes
08-04 15:17 nessai INFO    : Initialising nested sampler
08-04 15:17 nessai WARNING : Multiprocessing pool has already been configured.
/data/wiay/postgrads/shashwat/qunat_com_future/lib/python3.11/site-packages/nessai/gw/__init__.py:12: FutureWarning: The `nessai.gw` module will be deprecated in the next release in favour of the nessai-gw package. This packages provides the same functionality as`nessai.gw` via the plugin interface.For more details, see: https://github.com/mj-will/nessai-gw
  warnings.warn(
08-04 15:17 nessai INFO    : Passing kwargs to FlowProposal: {'poolsize': 1000}
08-04 15:17 nessai INFO    : No reparameterisations provided, using default reparameterisations included in FlowProposal
08-04 15:17 nessai INFO    : Adding reparameterisations from: {}
08-04 15:17 nessai INFO    : Assuming fallback reparameterisation (ScaleAndShift) for ['kappa', 'mu_xi', 'sigma_chi', 'sigma_xi', 'rho', 'lambda_chi', 'chi0', 'xi0'] with kwargs: {'estimate_scale': True, 'estimate_shift': True, 'prior_bounds': {'kappa': array([0.1, 5. ]), 'mu_xi': array([0. , 0.1]), 'sigma_chi': array([0.05, 0.6 ]), 'sigma_xi': array([0.05, 0.4 ]), 'rho': array([-0.9,  0.9]), 'lambda_chi': array([-0.5,  0.5]), 'chi0': array([-0.5,  0.5]), 'xi0': array([2.5, 5. ])}}.
08-04 15:17 nessai INFO    : x space parameters: ['kappa', 'mu_xi', 'sigma_chi', 'sigma_xi', 'rho', 'lambda_chi', 'chi0', 'xi0']
08-04 15:17 nessai INFO    : x prime space parameters: ['kappa_prime', 'mu_xi_prime', 'sigma_chi_prime', 'sigma_xi_prime', 'rho_prime', 'lambda_chi_prime', 'chi0_prime', 'xi0_prime']
08-04 15:17 nessai INFO    : Overwriting fuzz factor with expansion fraction
08-04 15:17 nessai INFO    : New fuzz factor: 1.2228445449938519
08-04 15:17 nessai INFO    : Verifying rescaling functions
08-04 15:17 nessai INFO    : Rescaling functions are invertible
08-04 15:17 nessai INFO    : Populating initial live points
08-04 15:17 nessai INFO    : Populated 100 / 1000 live points
08-04 15:17 nessai INFO    : Populated 200 / 1000 live points
08-04 15:17 nessai INFO    : Populated 300 / 1000 live points
08-04 15:17 nessai INFO    : Populated 400 / 1000 live points
08-04 15:17 nessai INFO    : Populated 500 / 1000 live points
08-04 15:17 nessai INFO    : Populated 600 / 1000 live points
08-04 15:17 nessai INFO    : Populated 700 / 1000 live points
08-04 15:17 nessai INFO    : Populated 800 / 1000 live points
08-04 15:17 nessai INFO    : Populated 900 / 1000 live points
08-04 15:17 nessai INFO    : Populated 1000 / 1000 live points
08-04 15:17 nessai INFO    : Starting nested sampling loop
08-04 15:17 nessai INFO    : it:  1000: Rolling KS test: D=0.009, p-value=0.8454
08-04 15:17 nessai INFO    : it:  1000: n eval: 3000 H: 7.91 dlogZ: 146286327.665 logZ: -147391696.286 +/- 0.089 logLmax: -1105367.62
08-04 15:17 nessai INFO    : it:  2000: Rolling KS test: D=0.018, p-value=0.5169
08-04 15:17 nessai INFO    : it:  2000: n eval: 8000 H: 8.91 dlogZ: 38306629.774 logZ: -39411999.395 +/- 0.094 logLmax: -1105367.62
08-04 15:17 nessai INFO    : Switching to FlowProposal
08-04 15:18 nessai INFO    : it:  3000: Rolling KS test: D=0.023, p-value=0.3419
08-04 15:18 nessai INFO    : it:  3000: n eval: 12053 H: 9.91 dlogZ: 14131401.312 logZ: -15184122.990 +/- 0.100 logLmax: -1052718.68
08-04 15:18 nessai INFO    : it:  4000: Rolling KS test: D=0.013, p-value=0.7071
08-04 15:18 nessai INFO    : it:  4000: n eval: 13824 H: 10.91 dlogZ: 7618304.466 logZ: -8067080.905 +/- 0.104 logLmax: -448772.44
08-04 15:18 nessai INFO    : it:  5000: Rolling KS test: D=0.031, p-value=0.1433
08-04 15:18 nessai INFO    : it:  5000: n eval: 17483 H: 11.91 dlogZ: 4603647.511 logZ: -5052424.950 +/- 0.109 logLmax: -448772.44
08-04 15:18 nessai INFO    : it:  6000: Rolling KS test: D=0.02, p-value=0.4434
08-04 15:18 nessai INFO    : it:  6000: n eval: 21843 H: 12.91 dlogZ: 3345431.894 logZ: -3393224.377 +/- 0.114 logLmax: -47786.48
08-04 15:18 nessai INFO    : it:  7000: Rolling KS test: D=0.016, p-value=0.593
08-04 15:18 nessai INFO    : it:  7000: n eval: 26539 H: 13.91 dlogZ: 2347379.516 logZ: -2395172.998 +/- 0.118 logLmax: -47786.48
08-04 15:18 nessai INFO    : it:  8000: Rolling KS test: D=0.045, p-value=0.01689
08-04 15:18 nessai INFO    : it:  8000: n eval: 31269 H: 14.91 dlogZ: 1596065.463 logZ: -1643859.946 +/- 0.122 logLmax: -47786.48
08-04 15:18 nessai INFO    : it:  9000: Rolling KS test: D=0.003, p-value=0.9802
08-04 15:18 nessai INFO    : it:  9000: n eval: 36304 H: 15.91 dlogZ: 1067814.786 logZ: -1104388.663 +/- 0.126 logLmax: -36564.88
08-04 15:18 nessai INFO    : it: 10000: Rolling KS test: D=0.04, p-value=0.03967
08-04 15:18 nessai INFO    : it: 10000: n eval: 40829 H: 16.91 dlogZ: 685994.742 logZ: -722569.619 +/- 0.130 logLmax: -36564.88
08-04 15:18 nessai INFO    : it: 11000: Rolling KS test: D=0.029, p-value=0.1825
08-04 15:18 nessai INFO    : it: 11000: n eval: 45291 H: 17.91 dlogZ: 429707.056 logZ: -459924.897 +/- 0.134 logLmax: -30206.84
08-04 15:18 nessai INFO    : it: 12000: Rolling KS test: D=0.014, p-value=0.6695
08-04 15:18 nessai INFO    : it: 12000: n eval: 49601 H: 18.91 dlogZ: 280707.923 logZ: -298216.950 +/- 0.138 logLmax: -17497.03
08-04 15:18 nessai INFO    : it: 13000: Rolling KS test: D=0.019, p-value=0.4797
08-04 15:18 nessai INFO    : it: 13000: n eval: 54758 H: 19.91 dlogZ: 181046.600 logZ: -190331.023 +/- 0.141 logLmax: -9271.42
08-04 15:18 nessai INFO    : it: 14000: Rolling KS test: D=0.006, p-value=0.9268
08-04 15:18 nessai INFO    : it: 14000: n eval: 56792 H: 20.91 dlogZ: 114315.231 logZ: -122820.006 +/- 0.145 logLmax: -8490.78
08-04 15:18 nessai INFO    : it: 15000: Rolling KS test: D=0.014, p-value=0.6695
08-04 15:18 nessai INFO    : it: 15000: n eval: 63610 H: 21.91 dlogZ: 74560.620 logZ: -78515.096 +/- 0.148 logLmax: -3939.48
08-04 15:18 nessai INFO    : it: 16000: Rolling KS test: D=0.028, p-value=0.2046
08-04 15:18 nessai INFO    : it: 16000: n eval: 68524 H: 22.90 dlogZ: 47854.957 logZ: -51210.751 +/- 0.151 logLmax: -3339.80
08-04 15:18 nessai INFO    : it: 17000: Rolling KS test: D=0.035, p-value=0.08429
08-04 15:18 nessai INFO    : it: 17000: n eval: 74482 H: 23.88 dlogZ: 31132.997 logZ: -32230.301 +/- 0.155 logLmax: -1080.31
08-04 15:18 nessai INFO    : it: 18000: Rolling KS test: D=0.035, p-value=0.08429
08-04 15:18 nessai INFO    : it: 18000: n eval: 79143 H: 24.90 dlogZ: 19456.053 logZ: -20513.383 +/- 0.158 logLmax: -1039.33
08-04 15:18 nessai INFO    : it: 19000: Rolling KS test: D=0.019, p-value=0.4797
08-04 15:18 nessai INFO    : it: 19000: n eval: 84055 H: 25.50 dlogZ: 12054.693 logZ: -12858.448 +/- 0.160 logLmax: -784.76
08-04 15:18 nessai INFO    : it: 20000: Rolling KS test: D=0.017, p-value=0.5547
08-04 15:18 nessai INFO    : it: 20000: n eval: 89192 H: 26.89 dlogZ: 7781.186 logZ: -8146.242 +/- 0.164 logLmax: -345.06
08-04 15:18 nessai INFO    : it: 21000: Rolling KS test: D=0.011, p-value=0.7794
08-04 15:18 nessai INFO    : it: 21000: n eval: 94445 H: 27.40 dlogZ: 4861.934 logZ: -5146.986 +/- 0.166 logLmax: -264.05
08-04 15:18 nessai INFO    : it: 22000: Rolling KS test: D=0.032, p-value=0.1263
08-04 15:18 nessai INFO    : it: 22000: n eval: 99570 H: 27.78 dlogZ: 2926.011 logZ: -3105.297 +/- 0.167 logLmax: -157.29
08-04 15:18 nessai INFO    : it: 23000: Rolling KS test: D=0.022, p-value=0.3744
08-04 15:18 nessai INFO    : it: 23000: n eval: 108242 H: 29.12 dlogZ: 1835.495 logZ: -1948.815 +/- 0.171 logLmax: -90.32
08-04 15:18 nessai INFO    : it: 24000: Rolling KS test: D=0.025, p-value=0.2818
08-04 15:18 nessai INFO    : it: 24000: n eval: 114280 H: 28.81 dlogZ: 1099.237 logZ: -1200.913 +/- 0.170 logLmax: -77.68
08-04 15:18 nessai INFO    : it: 25000: Rolling KS test: D=0.033, p-value=0.1108
08-04 15:18 nessai INFO    : it: 25000: n eval: 121459 H: 29.59 dlogZ: 707.016 logZ: -764.597 +/- 0.172 logLmax: -32.58
08-04 15:18 nessai INFO    : it: 26000: Rolling KS test: D=0.009, p-value=0.8454
08-04 15:18 nessai INFO    : it: 26000: n eval: 132338 H: 30.44 dlogZ: 443.280 logZ: -501.861 +/- 0.174 logLmax: -32.58
08-04 15:18 nessai INFO    : it: 27000: Rolling KS test: D=0.007, p-value=0.9024
08-04 15:18 nessai INFO    : it: 27000: n eval: 145582 H: 30.86 dlogZ: 277.937 logZ: -337.518 +/- 0.176 logLmax: -32.58
08-04 15:18 nessai INFO    : it: 28000: Rolling KS test: D=0.026, p-value=0.2543
08-04 15:18 nessai INFO    : it: 28000: n eval: 154712 H: 31.34 dlogZ: 181.070 logZ: -231.313 +/- 0.177 logLmax: -22.24
08-04 15:18 nessai INFO    : it: 29000: Rolling KS test: D=0.028, p-value=0.2046
08-04 15:18 nessai INFO    : it: 29000: n eval: 169115 H: 32.02 dlogZ: 126.183 logZ: -165.399 +/- 0.179 logLmax: -10.22
08-04 15:19 nessai INFO    : it: 30000: Rolling KS test: D=0.024, p-value=0.311
08-04 15:19 nessai INFO    : it: 30000: n eval: 186784 H: 32.40 dlogZ: 83.042 logZ: -123.258 +/- 0.180 logLmax: -10.22
08-04 15:19 nessai INFO    : it: 31000: Rolling KS test: D=0.023, p-value=0.3419
08-04 15:19 nessai INFO    : it: 31000: n eval: 202152 H: 33.00 dlogZ: 57.027 logZ: -97.880 +/- 0.182 logLmax: -9.85
08-04 15:19 nessai INFO    : it: 32000: Rolling KS test: D=0.028, p-value=0.2046
08-04 15:19 nessai INFO    : it: 32000: n eval: 228969 H: 33.55 dlogZ: 41.087 logZ: -80.781 +/- 0.183 logLmax: -7.69
08-04 15:19 nessai INFO    : it: 33000: Rolling KS test: D=0.018, p-value=0.5169
08-04 15:19 nessai INFO    : it: 33000: n eval: 254306 H: 34.25 dlogZ: 29.567 logZ: -69.139 +/- 0.185 logLmax: -6.57
08-04 15:19 nessai INFO    : it: 34000: Rolling KS test: D=0.023, p-value=0.3419
08-04 15:19 nessai INFO    : it: 34000: n eval: 276447 H: 34.68 dlogZ: 21.364 logZ: -61.936 +/- 0.186 logLmax: -6.57
08-04 15:19 nessai INFO    : it: 35000: Rolling KS test: D=0.032, p-value=0.1263
08-04 15:19 nessai INFO    : it: 35000: n eval: 295211 H: 35.29 dlogZ: 15.719 logZ: -57.020 +/- 0.188 logLmax: -6.30
08-04 15:19 nessai INFO    : it: 36000: Rolling KS test: D=0.022, p-value=0.3744
08-04 15:19 nessai INFO    : it: 36000: n eval: 327769 H: 35.83 dlogZ: 13.022 logZ: -53.562 +/- 0.189 logLmax: -4.54
08-04 15:19 nessai INFO    : it: 37000: Rolling KS test: D=0.026, p-value=0.2543
08-04 15:19 nessai INFO    : it: 37000: n eval: 352964 H: 36.41 dlogZ: 9.782 logZ: -51.172 +/- 0.191 logLmax: -4.39
08-04 15:19 nessai INFO    : it: 38000: Rolling KS test: D=0.026, p-value=0.2543
08-04 15:19 nessai INFO    : it: 38000: n eval: 374500 H: 36.94 dlogZ: 7.112 logZ: -49.502 +/- 0.192 logLmax: -4.39
08-04 15:19 nessai INFO    : it: 39000: Rolling KS test: D=0.025, p-value=0.2818
08-04 15:19 nessai INFO    : it: 39000: n eval: 395599 H: 37.44 dlogZ: 5.041 logZ: -48.356 +/- 0.193 logLmax: -4.32
08-04 15:19 nessai INFO    : it: 40000: Rolling KS test: D=0.014, p-value=0.6695
08-04 15:19 nessai INFO    : it: 40000: n eval: 411286 H: 37.88 dlogZ: 3.844 logZ: -47.583 +/- 0.195 logLmax: -3.76
08-04 15:19 nessai INFO    : it: 41000: Rolling KS test: D=0.014, p-value=0.6695
08-04 15:19 nessai INFO    : it: 41000: n eval: 425622 H: 38.30 dlogZ: 3.199 logZ: -47.040 +/- 0.196 logLmax: -2.88
08-04 15:19 nessai INFO    : it: 42000: Rolling KS test: D=0.022, p-value=0.3744
08-04 15:19 nessai INFO    : it: 42000: n eval: 442192 H: 38.68 dlogZ: 2.049 logZ: -46.666 +/- 0.197 logLmax: -2.76
08-04 15:19 nessai INFO    : it: 43000: Rolling KS test: D=0.038, p-value=0.05428
08-04 15:19 nessai INFO    : it: 43000: n eval: 457163 H: 38.96 dlogZ: 1.143 logZ: -46.432 +/- 0.197 logLmax: -2.67
08-04 15:19 nessai INFO    : it: 44000: Rolling KS test: D=0.038, p-value=0.05428
08-04 15:20 nessai INFO    : it: 44000: n eval: 466226 H: 39.16 dlogZ: 0.522 logZ: -46.294 +/- 0.198 logLmax: -2.67
08-04 15:20 nessai INFO    : it: 45000: Rolling KS test: D=0.013, p-value=0.7071
08-04 15:20 nessai INFO    : it: 45000: n eval: 479127 H: 39.29 dlogZ: 0.210 logZ: -46.218 +/- 0.198 logLmax: -2.67
08-04 15:20 nessai INFO    : Stopping with difference_log_evidence=0.100
08-04 15:20 nessai INFO    : Finalising
08-04 15:20 nessai INFO    : Final ln-evidence: -46.141 +/- 0.199
08-04 15:20 nessai INFO    : Information: 39.45
08-04 15:20 nessai INFO    : Final KS test: D=0.006713, p-value=0.01596
08-04 15:20 nessai WARNING : Final p-value for the insertion indices is less than 0.05, this could be an indication of problems during sampling. Consider checking the diagnostic plots.
08-04 15:20 nessai INFO    : Checkpointing nested sampling
08-04 15:20 nessai INFO    : Total sampling time: 0:02:08.655254
08-04 15:20 nessai INFO    : Total training time: 0:00:45.956239
08-04 15:20 nessai INFO    : Total population time: 0:00:24.968392
08-04 15:20 nessai INFO    : Total likelihood evaluations: 486975
08-04 15:20 nessai INFO    : Time spent evaluating likelihood: 0:00:09.739247
08-04 15:20 nessai INFO    : Total sampling time: 0:02:08.655254
08-04 15:20 nessai INFO    : Total likelihood evaluations: 486975
08-04 15:20 nessai INFO    : Starting post processing
08-04 15:20 nessai INFO    : Computing posterior samples
08-04 15:20 nessai INFO    : Effective sample size: 7634.8
08-04 15:20 nessai INFO    : Producing posterior samples using rejection sampling
08-04 15:20 nessai INFO    : Expect 5247.556854046835 samples from rejection sampling
08-04 15:20 nessai INFO    : Returned 5246 posterior samples
08-04 15:20 nessai INFO    : Starting to close worker pool.
08-04 15:20 nessai INFO    : Finished closing worker pool.
