/data/wiay/postgrads/shashwat/qunat_com_future/lib/python3.11/site-packages/nessai/utils/logging.py:133: FutureWarning: setup_logger is deprecated, use configure_logger instead
  warnings.warn(
08-04 15:01 nessai INFO    : Running Nessai version 0.15.2
08-04 15:01 nessai INFO    : Starting multiprocessing pool with 4 processes
08-04 15:01 nessai INFO    : Initialising nested sampler
08-04 15:01 nessai WARNING : Multiprocessing pool has already been configured.
/data/wiay/postgrads/shashwat/qunat_com_future/lib/python3.11/site-packages/nessai/gw/__init__.py:12: FutureWarning: The `nessai.gw` module will be deprecated in the next release in favour of the nessai-gw package. This packages provides the same functionality as`nessai.gw` via the plugin interface.For more details, see: https://github.com/mj-will/nessai-gw
  warnings.warn(
08-04 15:01 nessai INFO    : Passing kwargs to FlowProposal: {'poolsize': 1000}
08-04 15:01 nessai INFO    : No reparameterisations provided, using default reparameterisations included in FlowProposal
08-04 15:01 nessai INFO    : Adding reparameterisations from: {}
08-04 15:01 nessai INFO    : Assuming fallback reparameterisation (ScaleAndShift) for ['kappa', 'mu_xi', 'sigma_chi', 'sigma_xi', 'rho', 'lambda_chi', 'chi0', 'xi0'] with kwargs: {'estimate_scale': True, 'estimate_shift': True, 'prior_bounds': {'kappa': array([0.1, 5. ]), 'mu_xi': array([0. , 0.1]), 'sigma_chi': array([0.05, 0.6 ]), 'sigma_xi': array([0.05, 0.4 ]), 'rho': array([-0.9,  0.9]), 'lambda_chi': array([-0.5,  0.5]), 'chi0': array([-0.5,  0.5]), 'xi0': array([2.5, 5. ])}}.
08-04 15:01 nessai INFO    : x space parameters: ['kappa', 'mu_xi', 'sigma_chi', 'sigma_xi', 'rho', 'lambda_chi', 'chi0', 'xi0']
08-04 15:01 nessai INFO    : x prime space parameters: ['kappa_prime', 'mu_xi_prime', 'sigma_chi_prime', 'sigma_xi_prime', 'rho_prime', 'lambda_chi_prime', 'chi0_prime', 'xi0_prime']
08-04 15:01 nessai INFO    : Overwriting fuzz factor with expansion fraction
08-04 15:01 nessai INFO    : New fuzz factor: 1.2228445449938519
08-04 15:01 nessai INFO    : Verifying rescaling functions
08-04 15:01 nessai INFO    : Rescaling functions are invertible
08-04 15:01 nessai INFO    : Populating initial live points
08-04 15:01 nessai INFO    : Populated 100 / 1000 live points
08-04 15:01 nessai INFO    : Populated 200 / 1000 live points
08-04 15:01 nessai INFO    : Populated 300 / 1000 live points
08-04 15:01 nessai INFO    : Populated 400 / 1000 live points
08-04 15:01 nessai INFO    : Populated 500 / 1000 live points
08-04 15:01 nessai INFO    : Populated 600 / 1000 live points
08-04 15:01 nessai INFO    : Populated 700 / 1000 live points
08-04 15:01 nessai INFO    : Populated 800 / 1000 live points
08-04 15:01 nessai INFO    : Populated 900 / 1000 live points
08-04 15:01 nessai INFO    : Populated 1000 / 1000 live points
08-04 15:01 nessai INFO    : Starting nested sampling loop
08-04 15:01 nessai INFO    : it:  1000: Rolling KS test: D=0.028, p-value=0.2046
08-04 15:01 nessai INFO    : it:  1000: n eval: 3000 H: 7.91 dlogZ: 35187503.751 logZ: -35271336.163 +/- 0.089 logLmax: -83831.41
08-04 15:01 nessai INFO    : it:  2000: Rolling KS test: D=0.023, p-value=0.3419
08-04 15:01 nessai INFO    : it:  2000: n eval: 8000 H: 8.91 dlogZ: 11825182.909 logZ: -11830471.843 +/- 0.094 logLmax: -5286.94
08-04 15:01 nessai INFO    : Switching to FlowProposal
08-04 15:01 nessai INFO    : it:  3000: Rolling KS test: D=0.033, p-value=0.1108
08-04 15:01 nessai INFO    : it:  3000: n eval: 11950 H: 9.91 dlogZ: 4664134.711 logZ: -4669424.646 +/- 0.100 logLmax: -5286.94
08-04 15:01 nessai INFO    : it:  4000: Rolling KS test: D=0.015, p-value=0.6313
08-04 15:01 nessai INFO    : it:  4000: n eval: 15467 H: 10.91 dlogZ: 1887042.079 logZ: -1889600.010 +/- 0.104 logLmax: -2553.93
08-04 15:01 nessai INFO    : it:  5000: Rolling KS test: D=0.041, p-value=0.03371
08-04 15:01 nessai INFO    : it:  5000: n eval: 17343 H: 11.91 dlogZ: 789200.143 logZ: -791759.074 +/- 0.109 logLmax: -2553.93
08-04 15:01 nessai INFO    : it:  6000: Rolling KS test: D=0.027, p-value=0.2286
08-04 15:01 nessai INFO    : it:  6000: n eval: 21104 H: 12.91 dlogZ: 337059.466 logZ: -339619.397 +/- 0.114 logLmax: -2553.93
08-04 15:01 nessai INFO    : it:  7000: Rolling KS test: D=0.025, p-value=0.2818
08-04 15:01 nessai INFO    : it:  7000: n eval: 25495 H: 13.91 dlogZ: 164705.471 logZ: -165367.753 +/- 0.118 logLmax: -655.28
08-04 15:01 nessai INFO    : it:  8000: Rolling KS test: D=0.025, p-value=0.2818
08-04 15:01 nessai INFO    : it:  8000: n eval: 30165 H: 14.91 dlogZ: 81362.697 logZ: -81968.099 +/- 0.122 logLmax: -597.40
08-04 15:01 nessai INFO    : it:  9000: Rolling KS test: D=0.022, p-value=0.3744
08-04 15:01 nessai INFO    : it:  9000: n eval: 34725 H: 15.90 dlogZ: 40058.956 logZ: -40592.404 +/- 0.126 logLmax: -524.45
08-04 15:01 nessai INFO    : it: 10000: Rolling KS test: D=0.014, p-value=0.6695
08-04 15:01 nessai INFO    : it: 10000: n eval: 39698 H: 16.91 dlogZ: 19937.129 logZ: -20471.577 +/- 0.130 logLmax: -524.45
08-04 15:01 nessai INFO    : it: 11000: Rolling KS test: D=0.01, p-value=0.8133
08-04 15:01 nessai INFO    : it: 11000: n eval: 44882 H: 17.41 dlogZ: 10324.785 logZ: -10403.826 +/- 0.132 logLmax: -68.04
08-04 15:01 nessai INFO    : it: 12000: Rolling KS test: D=0.027, p-value=0.2286
08-04 15:01 nessai INFO    : it: 12000: n eval: 54220 H: 18.91 dlogZ: 5289.457 logZ: -5359.939 +/- 0.137 logLmax: -58.48
08-04 15:01 nessai INFO    : it: 13000: Rolling KS test: D=0.027, p-value=0.2286
08-04 15:01 nessai INFO    : it: 13000: n eval: 60324 H: 19.76 dlogZ: 2626.014 logZ: -2692.218 +/- 0.141 logLmax: -53.21
08-04 15:01 nessai INFO    : it: 14000: Rolling KS test: D=0.021, p-value=0.4082
08-04 15:01 nessai INFO    : it: 14000: n eval: 66581 H: 19.65 dlogZ: 1383.274 logZ: -1420.438 +/- 0.140 logLmax: -23.17
08-04 15:01 nessai INFO    : it: 15000: Rolling KS test: D=0.007, p-value=0.9024
08-04 15:01 nessai INFO    : it: 15000: n eval: 78111 H: 20.29 dlogZ: 704.540 logZ: -739.449 +/- 0.142 logLmax: -19.91
08-04 15:01 nessai INFO    : it: 16000: Rolling KS test: D=0.045, p-value=0.01689
08-04 15:01 nessai INFO    : it: 16000: n eval: 89872 H: 20.69 dlogZ: 356.884 logZ: -378.969 +/- 0.144 logLmax: -6.09
08-04 15:01 nessai INFO    : it: 17000: Rolling KS test: D=0.013, p-value=0.7071
08-04 15:01 nessai INFO    : it: 17000: n eval: 105611 H: 20.89 dlogZ: 186.259 logZ: -209.344 +/- 0.145 logLmax: -6.09
08-04 15:01 nessai INFO    : it: 18000: Rolling KS test: D=0.03, p-value=0.162
08-04 15:01 nessai INFO    : it: 18000: n eval: 123628 H: 21.13 dlogZ: 100.298 logZ: -124.383 +/- 0.145 logLmax: -6.09
08-04 15:01 nessai INFO    : it: 19000: Rolling KS test: D=0.01, p-value=0.8133
08-04 15:01 nessai INFO    : it: 19000: n eval: 141524 H: 21.51 dlogZ: 54.934 logZ: -79.868 +/- 0.147 logLmax: -5.93
08-04 15:02 nessai INFO    : it: 20000: Rolling KS test: D=0.016, p-value=0.593
08-04 15:02 nessai INFO    : it: 20000: n eval: 185768 H: 21.71 dlogZ: 33.582 logZ: -56.282 +/- 0.147 logLmax: -2.70
08-04 15:02 nessai INFO    : it: 21000: Rolling KS test: D=0.03, p-value=0.162
08-04 15:02 nessai INFO    : it: 21000: n eval: 224123 H: 22.07 dlogZ: 21.613 logZ: -44.894 +/- 0.149 logLmax: -2.28
08-04 15:02 nessai INFO    : it: 22000: Rolling KS test: D=0.012, p-value=0.7438
08-04 15:02 nessai INFO    : it: 22000: n eval: 284095 H: 22.43 dlogZ: 14.339 logZ: -38.620 +/- 0.150 logLmax: -2.28
08-04 15:02 nessai INFO    : it: 23000: Rolling KS test: D=0.032, p-value=0.1263
08-04 15:02 nessai INFO    : it: 23000: n eval: 344095 H: 22.87 dlogZ: 9.767 logZ: -35.048 +/- 0.151 logLmax: -2.28
08-04 15:02 nessai INFO    : it: 24000: Rolling KS test: D=0.051, p-value=0.005312
08-04 15:02 nessai INFO    : it: 24000: n eval: 414095 H: 23.28 dlogZ: 7.137 logZ: -32.873 +/- 0.153 logLmax: -1.74
08-04 15:02 nessai INFO    : it: 25000: Rolling KS test: D=0.021, p-value=0.4082
08-04 15:02 nessai INFO    : it: 25000: n eval: 494095 H: 23.63 dlogZ: 4.871 logZ: -31.600 +/- 0.154 logLmax: -1.44
08-04 15:02 nessai INFO    : it: 26000: Rolling KS test: D=0.019, p-value=0.4797
08-04 15:02 nessai INFO    : it: 26000: n eval: 584095 H: 24.02 dlogZ: 4.013 logZ: -30.768 +/- 0.155 logLmax: -0.77
08-04 15:03 nessai INFO    : it: 27000: Rolling KS test: D=0.026, p-value=0.2543
08-04 15:03 nessai INFO    : it: 27000: n eval: 674095 H: 24.40 dlogZ: 2.526 logZ: -30.216 +/- 0.156 logLmax: -0.77
08-04 15:03 nessai INFO    : it: 28000: Rolling KS test: D=0.009, p-value=0.8454
08-04 15:03 nessai INFO    : it: 28000: n eval: 764095 H: 24.70 dlogZ: 1.385 logZ: -29.871 +/- 0.157 logLmax: -0.77
08-04 15:03 nessai INFO    : it: 29000: Rolling KS test: D=0.024, p-value=0.311
08-04 15:03 nessai INFO    : it: 29000: n eval: 834095 H: 24.91 dlogZ: 0.692 logZ: -29.669 +/- 0.158 logLmax: -0.67
08-04 15:03 nessai INFO    : it: 30000: Rolling KS test: D=0.035, p-value=0.08429
08-04 15:03 nessai INFO    : it: 30000: n eval: 904095 H: 25.06 dlogZ: 0.341 logZ: -29.556 +/- 0.158 logLmax: -0.46
08-04 15:03 nessai INFO    : it: 31000: Rolling KS test: D=0.037, p-value=0.06311
08-04 15:03 nessai INFO    : it: 31000: n eval: 953551 H: 25.16 dlogZ: 0.154 logZ: -29.494 +/- 0.159 logLmax: -0.29
08-04 15:03 nessai INFO    : Stopping with difference_log_evidence=0.100
08-04 15:03 nessai INFO    : Finalising
08-04 15:03 nessai INFO    : Final ln-evidence: -29.435 +/- 0.159
08-04 15:03 nessai INFO    : Information: 25.27
08-04 15:03 nessai INFO    : Final KS test: D=0.008937, p-value=0.006549
08-04 15:03 nessai WARNING : Final p-value for the insertion indices is less than 0.05, this could be an indication of problems during sampling. Consider checking the diagnostic plots.
08-04 15:03 nessai INFO    : Checkpointing nested sampling
08-04 15:03 nessai INFO    : Total sampling time: 0:02:40.664326
08-04 15:03 nessai INFO    : Total training time: 0:00:45.812066
08-04 15:03 nessai INFO    : Total population time: 0:01:02.554290
08-04 15:03 nessai INFO    : Total likelihood evaluations: 973551
08-04 15:03 nessai INFO    : Time spent evaluating likelihood: 0:00:18.267567
08-04 15:03 nessai INFO    : Total sampling time: 0:02:40.664326
08-04 15:03 nessai INFO    : Total likelihood evaluations: 973551
08-04 15:03 nessai INFO    : Starting post processing
08-04 15:03 nessai INFO    : Computing posterior samples
08-04 15:03 nessai INFO    : Effective sample size: 7139.3
08-04 15:03 nessai INFO    : Producing posterior samples using rejection sampling
08-04 15:03 nessai INFO    : Expect 4907.051404393979 samples from rejection sampling
08-04 15:03 nessai INFO    : Returned 4932 posterior samples
08-04 15:03 nessai INFO    : Starting to close worker pool.
08-04 15:03 nessai INFO    : Finished closing worker pool.
