/data/wiay/postgrads/shashwat/qunat_com_future/lib/python3.11/site-packages/nessai/utils/logging.py:133: FutureWarning: setup_logger is deprecated, use configure_logger instead
  warnings.warn(
08-04 12:48 nessai INFO    : Running Nessai version 0.15.2
08-04 12:48 nessai INFO    : Starting multiprocessing pool with 4 processes
08-04 12:48 nessai INFO    : Initialising nested sampler
08-04 12:48 nessai WARNING : Multiprocessing pool has already been configured.
/data/wiay/postgrads/shashwat/qunat_com_future/lib/python3.11/site-packages/nessai/gw/__init__.py:12: FutureWarning: The `nessai.gw` module will be deprecated in the next release in favour of the nessai-gw package. This packages provides the same functionality as`nessai.gw` via the plugin interface.For more details, see: https://github.com/mj-will/nessai-gw
  warnings.warn(
08-04 12:48 nessai INFO    : Passing kwargs to FlowProposal: {'poolsize': 1000}
08-04 12:48 nessai INFO    : No reparameterisations provided, using default reparameterisations included in FlowProposal
08-04 12:48 nessai INFO    : Adding reparameterisations from: {}
08-04 12:48 nessai INFO    : Assuming fallback reparameterisation (ScaleAndShift) for ['kappa', 'mu_xi', 'sigma_chi', 'sigma_xi', 'rho', 'lambda_chi', 'chi0', 'xi0'] with kwargs: {'estimate_scale': True, 'estimate_shift': True, 'prior_bounds': {'kappa': array([0.1, 5. ]), 'mu_xi': array([0. , 0.1]), 'sigma_chi': array([0.05, 0.6 ]), 'sigma_xi': array([0.05, 0.4 ]), 'rho': array([-0.9,  0.9]), 'lambda_chi': array([-0.5,  0.5]), 'chi0': array([-0.5,  0.5]), 'xi0': array([2.5, 5. ])}}.
08-04 12:48 nessai INFO    : x space parameters: ['kappa', 'mu_xi', 'sigma_chi', 'sigma_xi', 'rho', 'lambda_chi', 'chi0', 'xi0']
08-04 12:48 nessai INFO    : x prime space parameters: ['kappa_prime', 'mu_xi_prime', 'sigma_chi_prime', 'sigma_xi_prime', 'rho_prime', 'lambda_chi_prime', 'chi0_prime', 'xi0_prime']
08-04 12:48 nessai INFO    : Overwriting fuzz factor with expansion fraction
08-04 12:48 nessai INFO    : New fuzz factor: 1.2228445449938519
08-04 12:48 nessai INFO    : Verifying rescaling functions
08-04 12:48 nessai INFO    : Rescaling functions are invertible
08-04 12:48 nessai INFO    : Populating initial live points
08-04 12:48 nessai INFO    : Populated 100 / 1000 live points
08-04 12:48 nessai INFO    : Populated 200 / 1000 live points
08-04 12:48 nessai INFO    : Populated 300 / 1000 live points
08-04 12:48 nessai INFO    : Populated 400 / 1000 live points
08-04 12:48 nessai INFO    : Populated 500 / 1000 live points
08-04 12:48 nessai INFO    : Populated 600 / 1000 live points
08-04 12:48 nessai INFO    : Populated 700 / 1000 live points
08-04 12:48 nessai INFO    : Populated 800 / 1000 live points
08-04 12:48 nessai INFO    : Populated 900 / 1000 live points
08-04 12:48 nessai INFO    : Populated 1000 / 1000 live points
08-04 12:48 nessai INFO    : Starting nested sampling loop
08-04 12:48 nessai INFO    : it:  1000: Rolling KS test: D=0.025, p-value=0.2818
08-04 12:48 nessai INFO    : it:  1000: n eval: 3000 H: 7.91 dlogZ: 5115962.087 logZ: -5117364.007 +/- 0.089 logLmax: -1400.92
08-04 12:48 nessai INFO    : it:  2000: Rolling KS test: D=0.015, p-value=0.6313
08-04 12:48 nessai INFO    : it:  2000: n eval: 8000 H: 8.91 dlogZ: 467221.826 logZ: -468624.746 +/- 0.094 logLmax: -1400.92
08-04 12:48 nessai INFO    : Switching to FlowProposal
08-04 12:49 nessai INFO    : it:  3000: Rolling KS test: D=0.011, p-value=0.7794
08-04 12:49 nessai INFO    : it:  3000: n eval: 12005 H: 9.91 dlogZ: 155184.191 logZ: -156588.111 +/- 0.100 logLmax: -1400.92
08-04 12:49 nessai INFO    : it:  4000: Rolling KS test: D=0.011, p-value=0.7794
08-04 12:49 nessai INFO    : it:  4000: n eval: 15828 H: 10.91 dlogZ: 62172.635 logZ: -63577.555 +/- 0.104 logLmax: -1400.92
08-04 12:49 nessai INFO    : it:  5000: Rolling KS test: D=0.026, p-value=0.2543
08-04 12:49 nessai INFO    : it:  5000: n eval: 20254 H: 11.91 dlogZ: 28678.528 logZ: -28775.756 +/- 0.109 logLmax: -92.23
08-04 12:49 nessai INFO    : it:  6000: Rolling KS test: D=0.044, p-value=0.0202
08-04 12:49 nessai INFO    : it:  6000: n eval: 25034 H: 12.91 dlogZ: 14309.742 logZ: -14407.971 +/- 0.114 logLmax: -92.23
08-04 12:49 nessai INFO    : it:  7000: Rolling KS test: D=0.013, p-value=0.7071
08-04 12:49 nessai INFO    : it:  7000: n eval: 30037 H: 13.87 dlogZ: 7462.044 logZ: -7561.273 +/- 0.118 logLmax: -92.23
08-04 12:49 nessai INFO    : it:  8000: Rolling KS test: D=0.02, p-value=0.4434
08-04 12:49 nessai INFO    : it:  8000: n eval: 34918 H: 14.33 dlogZ: 3952.757 logZ: -4052.986 +/- 0.120 logLmax: -92.23
08-04 12:49 nessai INFO    : it:  9000: Rolling KS test: D=0.023, p-value=0.3419
08-04 12:49 nessai INFO    : it:  9000: n eval: 40288 H: 15.39 dlogZ: 2334.886 logZ: -2436.115 +/- 0.124 logLmax: -92.23
08-04 12:49 nessai INFO    : it: 10000: Rolling KS test: D=0.016, p-value=0.593
08-04 12:49 nessai INFO    : it: 10000: n eval: 46309 H: 15.20 dlogZ: 1521.246 logZ: -1579.172 +/- 0.123 logLmax: -47.93
08-04 12:49 nessai INFO    : it: 11000: Rolling KS test: D=0.016, p-value=0.593
08-04 12:49 nessai INFO    : it: 11000: n eval: 51939 H: 15.72 dlogZ: 1048.086 logZ: -1076.660 +/- 0.125 logLmax: -17.58
08-04 12:49 nessai INFO    : it: 12000: Rolling KS test: D=0.002, p-value=0.9907
08-04 12:49 nessai INFO    : it: 12000: n eval: 57964 H: 17.11 dlogZ: 669.540 logZ: -699.114 +/- 0.131 logLmax: -17.58
08-04 12:49 nessai INFO    : it: 13000: Rolling KS test: D=0.009, p-value=0.8454
08-04 12:49 nessai INFO    : it: 13000: n eval: 67377 H: 17.24 dlogZ: 416.543 logZ: -443.298 +/- 0.131 logLmax: -13.76
08-04 12:49 nessai INFO    : it: 14000: Rolling KS test: D=0.025, p-value=0.2818
08-04 12:49 nessai INFO    : it: 14000: n eval: 73733 H: 17.79 dlogZ: 251.628 logZ: -279.383 +/- 0.133 logLmax: -13.76
08-04 12:49 nessai INFO    : it: 15000: Rolling KS test: D=0.023, p-value=0.3419
08-04 12:49 nessai INFO    : it: 15000: n eval: 84596 H: 18.22 dlogZ: 153.109 logZ: -178.385 +/- 0.135 logLmax: -10.28
08-04 12:49 nessai INFO    : it: 16000: Rolling KS test: D=0.026, p-value=0.2543
08-04 12:49 nessai INFO    : it: 16000: n eval: 93616 H: 18.87 dlogZ: 97.801 logZ: -118.354 +/- 0.137 logLmax: -4.55
08-04 12:49 nessai INFO    : it: 17000: Rolling KS test: D=0.028, p-value=0.2046
08-04 12:49 nessai INFO    : it: 17000: n eval: 105790 H: 19.24 dlogZ: 60.319 logZ: -81.872 +/- 0.139 logLmax: -4.55
08-04 12:49 nessai INFO    : it: 18000: Rolling KS test: D=0.026, p-value=0.2543
08-04 12:49 nessai INFO    : it: 18000: n eval: 120172 H: 19.77 dlogZ: 37.462 logZ: -59.690 +/- 0.141 logLmax: -4.23
08-04 12:49 nessai INFO    : it: 19000: Rolling KS test: D=0.015, p-value=0.6313
08-04 12:49 nessai INFO    : it: 19000: n eval: 138867 H: 20.34 dlogZ: 23.042 logZ: -46.061 +/- 0.143 logLmax: -4.02
08-04 12:50 nessai INFO    : it: 20000: Rolling KS test: D=0.016, p-value=0.593
08-04 12:50 nessai INFO    : it: 20000: n eval: 170052 H: 20.60 dlogZ: 14.867 logZ: -38.480 +/- 0.144 logLmax: -3.61
08-04 12:50 nessai INFO    : it: 21000: Rolling KS test: D=0.024, p-value=0.311
08-04 12:50 nessai INFO    : it: 21000: n eval: 193340 H: 21.10 dlogZ: 10.549 logZ: -33.959 +/- 0.145 logLmax: -2.41
08-04 12:50 nessai INFO    : it: 22000: Rolling KS test: D=0.035, p-value=0.08429
08-04 12:50 nessai INFO    : it: 22000: n eval: 220474 H: 21.55 dlogZ: 6.781 logZ: -31.189 +/- 0.147 logLmax: -2.41
08-04 12:50 nessai INFO    : it: 23000: Rolling KS test: D=0.012, p-value=0.7438
08-04 12:50 nessai INFO    : it: 23000: n eval: 260474 H: 21.84 dlogZ: 4.492 logZ: -29.685 +/- 0.148 logLmax: -2.20
08-04 12:50 nessai INFO    : it: 24000: Rolling KS test: D=0.012, p-value=0.7438
08-04 12:50 nessai INFO    : it: 24000: n eval: 309746 H: 22.16 dlogZ: 2.816 logZ: -28.792 +/- 0.149 logLmax: -2.04
08-04 12:50 nessai INFO    : it: 25000: Rolling KS test: D=0.009, p-value=0.8454
08-04 12:50 nessai INFO    : it: 25000: n eval: 358894 H: 22.40 dlogZ: 1.508 logZ: -28.295 +/- 0.150 logLmax: -2.04
08-04 12:50 nessai INFO    : it: 26000: Rolling KS test: D=0.019, p-value=0.4797
08-04 12:50 nessai INFO    : it: 26000: n eval: 408894 H: 22.58 dlogZ: 0.762 logZ: -28.026 +/- 0.150 logLmax: -1.89
08-04 12:51 nessai INFO    : it: 27000: Rolling KS test: D=0.031, p-value=0.1433
08-04 12:51 nessai INFO    : it: 27000: n eval: 468651 H: 22.70 dlogZ: 0.312 logZ: -27.887 +/- 0.151 logLmax: -1.89
08-04 12:51 nessai INFO    : it: 28000: Rolling KS test: D=0.029, p-value=0.1825
08-04 12:51 nessai INFO    : it: 28000: n eval: 506259 H: 22.78 dlogZ: 0.119 logZ: -27.816 +/- 0.151 logLmax: -1.88
08-04 12:51 nessai INFO    : Stopping with difference_log_evidence=0.100
08-04 12:51 nessai INFO    : Finalising
08-04 12:51 nessai INFO    : Final ln-evidence: -27.755 +/- 0.151
08-04 12:51 nessai INFO    : Information: 22.86
08-04 12:51 nessai INFO    : Final KS test: D=0.003953, p-value=0.4134
08-04 12:51 nessai INFO    : Checkpointing nested sampling
08-04 12:51 nessai INFO    : Total sampling time: 0:02:18.755345
08-04 12:51 nessai INFO    : Total training time: 0:00:41.776093
08-04 12:51 nessai INFO    : Total population time: 0:00:44.797106
08-04 12:51 nessai INFO    : Total likelihood evaluations: 506259
08-04 12:51 nessai INFO    : Time spent evaluating likelihood: 0:00:18.591198
08-04 12:51 nessai INFO    : Total sampling time: 0:02:18.755345
08-04 12:51 nessai INFO    : Total likelihood evaluations: 506259
08-04 12:51 nessai INFO    : Starting post processing
08-04 12:51 nessai INFO    : Computing posterior samples
08-04 12:51 nessai INFO    : Effective sample size: 6077.4
08-04 12:51 nessai INFO    : Producing posterior samples using rejection sampling
08-04 12:51 nessai INFO    : Expect 4123.849218990408 samples from rejection sampling
08-04 12:51 nessai INFO    : Returned 4089 posterior samples
08-04 12:51 nessai INFO    : Starting to close worker pool.
08-04 12:51 nessai INFO    : Finished closing worker pool.
