/data/wiay/postgrads/shashwat/qunat_com_future/lib/python3.11/site-packages/nessai/utils/logging.py:133: FutureWarning: setup_logger is deprecated, use configure_logger instead
  warnings.warn(
08-04 13:15 nessai INFO    : Running Nessai version 0.15.2
08-04 13:15 nessai INFO    : Starting multiprocessing pool with 4 processes
08-04 13:15 nessai INFO    : Initialising nested sampler
08-04 13:15 nessai WARNING : Multiprocessing pool has already been configured.
/data/wiay/postgrads/shashwat/qunat_com_future/lib/python3.11/site-packages/nessai/gw/__init__.py:12: FutureWarning: The `nessai.gw` module will be deprecated in the next release in favour of the nessai-gw package. This packages provides the same functionality as`nessai.gw` via the plugin interface.For more details, see: https://github.com/mj-will/nessai-gw
  warnings.warn(
08-04 13:15 nessai INFO    : Passing kwargs to FlowProposal: {'poolsize': 1000}
08-04 13:15 nessai INFO    : No reparameterisations provided, using default reparameterisations included in FlowProposal
08-04 13:15 nessai INFO    : Adding reparameterisations from: {}
08-04 13:15 nessai INFO    : Assuming fallback reparameterisation (ScaleAndShift) for ['kappa', 'mu_xi', 'sigma_chi', 'sigma_xi', 'rho', 'lambda_chi', 'chi0', 'xi0'] with kwargs: {'estimate_scale': True, 'estimate_shift': True, 'prior_bounds': {'kappa': array([0.1, 5. ]), 'mu_xi': array([0. , 0.1]), 'sigma_chi': array([0.05, 0.6 ]), 'sigma_xi': array([0.05, 0.4 ]), 'rho': array([-0.9,  0.9]), 'lambda_chi': array([-0.5,  0.5]), 'chi0': array([-0.5,  0.5]), 'xi0': array([2.5, 5. ])}}.
08-04 13:15 nessai INFO    : x space parameters: ['kappa', 'mu_xi', 'sigma_chi', 'sigma_xi', 'rho', 'lambda_chi', 'chi0', 'xi0']
08-04 13:15 nessai INFO    : x prime space parameters: ['kappa_prime', 'mu_xi_prime', 'sigma_chi_prime', 'sigma_xi_prime', 'rho_prime', 'lambda_chi_prime', 'chi0_prime', 'xi0_prime']
08-04 13:15 nessai INFO    : Overwriting fuzz factor with expansion fraction
08-04 13:15 nessai INFO    : New fuzz factor: 1.2228445449938519
08-04 13:15 nessai INFO    : Verifying rescaling functions
08-04 13:15 nessai INFO    : Rescaling functions are invertible
08-04 13:16 nessai INFO    : Populating initial live points
08-04 13:16 nessai INFO    : Populated 100 / 1000 live points
08-04 13:16 nessai INFO    : Populated 200 / 1000 live points
08-04 13:16 nessai INFO    : Populated 300 / 1000 live points
08-04 13:16 nessai INFO    : Populated 400 / 1000 live points
08-04 13:16 nessai INFO    : Populated 500 / 1000 live points
08-04 13:16 nessai INFO    : Populated 600 / 1000 live points
08-04 13:16 nessai INFO    : Populated 700 / 1000 live points
08-04 13:16 nessai INFO    : Populated 800 / 1000 live points
08-04 13:16 nessai INFO    : Populated 900 / 1000 live points
08-04 13:16 nessai INFO    : Populated 1000 / 1000 live points
08-04 13:16 nessai INFO    : Starting nested sampling loop
08-04 13:16 nessai INFO    : it:  1000: Rolling KS test: D=0.007, p-value=0.9024
08-04 13:16 nessai INFO    : it:  1000: n eval: 3000 H: 7.91 dlogZ: 97149654.450 logZ: -97366189.312 +/- 0.089 logLmax: -216533.86
08-04 13:16 nessai INFO    : it:  2000: Rolling KS test: D=0.013, p-value=0.7071
08-04 13:16 nessai INFO    : it:  2000: n eval: 8000 H: 8.91 dlogZ: 20917324.047 logZ: -20993495.943 +/- 0.094 logLmax: -76169.90
08-04 13:16 nessai INFO    : Switching to FlowProposal
/data/wiay/postgrads/shashwat/qunat_com_future/lib/python3.11/site-packages/torch/autograd/graph.py:882: UserWarning: CUDA initialization: The NVIDIA driver on your system is too old (found version 12020). Please update your GPU driver by downloading and installing a new version from the URL: http://www.nvidia.com/Download/index.aspx Alternatively, go to: https://pytorch.org to install a PyTorch version that has been compiled with your version of the CUDA driver. (Triggered internally at /pytorch/c10/cuda/CUDAFunctions.cpp:119.)
  return Variable._execution_engine.run_backward(  # Calls into the C++ engine to run the backward pass
08-04 13:16 nessai INFO    : it:  3000: Rolling KS test: D=0.024, p-value=0.311
08-04 13:16 nessai INFO    : it:  3000: n eval: 12105 H: 9.91 dlogZ: 6767019.339 logZ: -6843192.236 +/- 0.100 logLmax: -76169.90
08-04 13:16 nessai INFO    : it:  4000: Rolling KS test: D=0.025, p-value=0.2818
08-04 13:16 nessai INFO    : it:  4000: n eval: 16089 H: 10.91 dlogZ: 2825259.108 logZ: -2862302.937 +/- 0.104 logLmax: -37039.83
08-04 13:16 nessai INFO    : it:  5000: Rolling KS test: D=0.031, p-value=0.1433
08-04 13:16 nessai INFO    : it:  5000: n eval: 20877 H: 11.91 dlogZ: 1302930.880 logZ: -1339975.709 +/- 0.109 logLmax: -37039.83
08-04 13:16 nessai INFO    : it:  6000: Rolling KS test: D=0.02, p-value=0.4434
08-04 13:16 nessai INFO    : it:  6000: n eval: 26143 H: 12.91 dlogZ: 681989.762 logZ: -690572.254 +/- 0.114 logLmax: -8576.49
08-04 13:16 nessai INFO    : it:  7000: Rolling KS test: D=0.021, p-value=0.4082
08-04 13:16 nessai INFO    : it:  7000: n eval: 31162 H: 13.91 dlogZ: 354046.602 logZ: -362630.094 +/- 0.118 logLmax: -8576.49
08-04 13:16 nessai INFO    : it:  8000: Rolling KS test: D=0.029, p-value=0.1825
08-04 13:16 nessai INFO    : it:  8000: n eval: 36396 H: 14.91 dlogZ: 196005.104 logZ: -198632.402 +/- 0.122 logLmax: -2619.30
08-04 13:16 nessai INFO    : it:  9000: Rolling KS test: D=0.023, p-value=0.3419
08-04 13:16 nessai INFO    : it:  9000: n eval: 41495 H: 15.91 dlogZ: 105477.407 logZ: -108105.704 +/- 0.126 logLmax: -2619.30
08-04 13:16 nessai INFO    : it: 10000: Rolling KS test: D=0.017, p-value=0.5547
08-04 13:16 nessai INFO    : it: 10000: n eval: 46659 H: 16.91 dlogZ: 57213.682 logZ: -58823.309 +/- 0.130 logLmax: -1599.63
08-04 13:16 nessai INFO    : it: 11000: Rolling KS test: D=0.028, p-value=0.2046
08-04 13:16 nessai INFO    : it: 11000: n eval: 52047 H: 17.91 dlogZ: 32108.003 logZ: -32476.288 +/- 0.134 logLmax: -357.29
08-04 13:16 nessai INFO    : it: 12000: Rolling KS test: D=0.007, p-value=0.9024
08-04 13:16 nessai INFO    : it: 12000: n eval: 57888 H: 18.16 dlogZ: 17772.640 logZ: -18135.381 +/- 0.135 logLmax: -350.74
08-04 13:16 nessai INFO    : it: 13000: Rolling KS test: D=0.028, p-value=0.2046
08-04 13:16 nessai INFO    : it: 13000: n eval: 66158 H: 19.19 dlogZ: 9815.190 logZ: -10178.931 +/- 0.139 logLmax: -350.74
08-04 13:16 nessai INFO    : it: 14000: Rolling KS test: D=0.024, p-value=0.311
08-04 13:16 nessai INFO    : it: 14000: n eval: 71384 H: 20.79 dlogZ: 5542.507 logZ: -5907.248 +/- 0.144 logLmax: -350.74
08-04 13:17 nessai INFO    : it: 15000: Rolling KS test: D=0.021, p-value=0.4082
08-04 13:17 nessai INFO    : it: 15000: n eval: 77666 H: 20.44 dlogZ: 3188.308 logZ: -3281.021 +/- 0.143 logLmax: -77.71
08-04 13:17 nessai INFO    : it: 16000: Rolling KS test: D=0.034, p-value=0.09683
08-04 13:17 nessai INFO    : it: 16000: n eval: 87323 H: 21.81 dlogZ: 1836.117 logZ: -1929.830 +/- 0.148 logLmax: -77.71
08-04 13:17 nessai INFO    : it: 17000: Rolling KS test: D=0.039, p-value=0.0465
08-04 13:17 nessai INFO    : it: 17000: n eval: 99441 H: 22.25 dlogZ: 1118.097 logZ: -1174.644 +/- 0.149 logLmax: -39.55
08-04 13:17 nessai INFO    : it: 18000: Rolling KS test: D=0.014, p-value=0.6695
08-04 13:17 nessai INFO    : it: 18000: n eval: 108064 H: 23.00 dlogZ: 674.761 logZ: -721.101 +/- 0.152 logLmax: -28.34
08-04 13:17 nessai INFO    : it: 19000: Rolling KS test: D=0.002, p-value=0.9907
08-04 13:17 nessai INFO    : it: 19000: n eval: 122044 H: 23.64 dlogZ: 413.887 logZ: -461.227 +/- 0.154 logLmax: -28.34
08-04 13:17 nessai INFO    : it: 20000: Rolling KS test: D=0.017, p-value=0.5547
08-04 13:17 nessai INFO    : it: 20000: n eval: 139885 H: 24.09 dlogZ: 251.004 logZ: -299.344 +/- 0.155 logLmax: -28.34
08-04 13:17 nessai INFO    : it: 21000: Rolling KS test: D=0.036, p-value=0.07308
08-04 13:17 nessai INFO    : it: 21000: n eval: 156984 H: 24.11 dlogZ: 161.524 logZ: -197.825 +/- 0.155 logLmax: -15.30
08-04 13:17 nessai INFO    : it: 22000: Rolling KS test: D=0.024, p-value=0.311
08-04 13:17 nessai INFO    : it: 22000: n eval: 190460 H: 24.71 dlogZ: 105.073 logZ: -140.430 +/- 0.157 logLmax: -13.36
08-04 13:18 nessai INFO    : it: 23000: Rolling KS test: D=0.021, p-value=0.4082
08-04 13:18 nessai INFO    : it: 23000: n eval: 230460 H: 25.25 dlogZ: 69.821 logZ: -104.847 +/- 0.159 logLmax: -12.03
08-04 13:18 nessai INFO    : it: 24000: Rolling KS test: D=0.007, p-value=0.9024
08-04 13:18 nessai INFO    : it: 24000: n eval: 269783 H: 25.92 dlogZ: 51.940 logZ: -82.968 +/- 0.161 logLmax: -7.03
08-04 13:18 nessai INFO    : it: 25000: Rolling KS test: D=0.032, p-value=0.1263
08-04 13:18 nessai INFO    : it: 25000: n eval: 338172 H: 26.48 dlogZ: 35.691 logZ: -66.969 +/- 0.163 logLmax: -6.28
08-04 13:19 nessai INFO    : it: 26000: Rolling KS test: D=0.036, p-value=0.07308
08-04 13:19 nessai INFO    : it: 26000: n eval: 408172 H: 26.88 dlogZ: 25.631 logZ: -57.826 +/- 0.164 logLmax: -6.20
08-04 13:19 nessai INFO    : it: 27000: Rolling KS test: D=0.032, p-value=0.1263
08-04 13:19 nessai INFO    : it: 27000: n eval: 508172 H: 27.51 dlogZ: 19.734 logZ: -51.483 +/- 0.166 logLmax: -4.75
08-04 13:20 nessai INFO    : it: 28000: Rolling KS test: D=0.018, p-value=0.5169
08-04 13:20 nessai INFO    : it: 28000: n eval: 628172 H: 28.12 dlogZ: 16.348 logZ: -47.093 +/- 0.168 logLmax: -2.75
08-04 13:20 nessai INFO    : it: 29000: Rolling KS test: D=0.03, p-value=0.162
08-04 13:20 nessai INFO    : it: 29000: n eval: 748172 H: 28.72 dlogZ: 12.279 logZ: -44.024 +/- 0.169 logLmax: -2.75
08-04 13:21 nessai INFO    : it: 30000: Rolling KS test: D=0.032, p-value=0.1263
08-04 13:21 nessai INFO    : it: 30000: n eval: 848172 H: 29.39 dlogZ: 8.913 logZ: -41.658 +/- 0.171 logLmax: -2.75
08-04 13:21 nessai INFO    : it: 31000: Rolling KS test: D=0.018, p-value=0.5169
08-04 13:21 nessai INFO    : it: 31000: n eval: 938172 H: 30.03 dlogZ: 6.191 logZ: -39.864 +/- 0.173 logLmax: -2.68
08-04 13:22 nessai INFO    : it: 32000: Rolling KS test: D=0.027, p-value=0.2286
08-04 13:22 nessai INFO    : it: 32000: n eval: 1018172 H: 30.49 dlogZ: 5.076 logZ: -38.682 +/- 0.175 logLmax: -1.61
08-04 13:22 nessai INFO    : it: 33000: Rolling KS test: D=0.026, p-value=0.2543
08-04 13:22 nessai INFO    : it: 33000: n eval: 1087961 H: 30.89 dlogZ: 3.344 logZ: -37.920 +/- 0.176 logLmax: -1.61
08-04 13:22 nessai INFO    : it: 34000: Rolling KS test: D=0.036, p-value=0.07308
08-04 13:22 nessai INFO    : it: 34000: n eval: 1177961 H: 31.22 dlogZ: 2.589 logZ: -37.440 +/- 0.177 logLmax: -0.93
08-04 13:23 nessai INFO    : it: 35000: Rolling KS test: D=0.014, p-value=0.6695
08-04 13:23 nessai INFO    : it: 35000: n eval: 1267961 H: 31.49 dlogZ: 1.530 logZ: -37.140 +/- 0.177 logLmax: -0.86
08-04 13:23 nessai INFO    : it: 36000: Rolling KS test: D=0.018, p-value=0.5169
08-04 13:23 nessai INFO    : it: 36000: n eval: 1357961 H: 31.69 dlogZ: 0.750 logZ: -36.966 +/- 0.178 logLmax: -0.86
08-04 13:24 nessai INFO    : it: 37000: Rolling KS test: D=0.037, p-value=0.06311
08-04 13:24 nessai INFO    : it: 37000: n eval: 1457961 H: 31.83 dlogZ: 0.316 logZ: -36.866 +/- 0.178 logLmax: -0.86
08-04 13:24 nessai INFO    : it: 38000: Rolling KS test: D=0.024, p-value=0.311
08-04 13:24 nessai INFO    : it: 38000: n eval: 1567961 H: 31.92 dlogZ: 0.124 logZ: -36.811 +/- 0.179 logLmax: -0.84
08-04 13:24 nessai INFO    : Stopping with difference_log_evidence=0.100
08-04 13:24 nessai INFO    : Finalising
08-04 13:24 nessai INFO    : Final ln-evidence: -36.759 +/- 0.179
08-04 13:24 nessai INFO    : Information: 32.03
08-04 13:24 nessai INFO    : Final KS test: D=0.007138, p-value=0.02025
08-04 13:24 nessai WARNING : Final p-value for the insertion indices is less than 0.05, this could be an indication of problems during sampling. Consider checking the diagnostic plots.
08-04 13:24 nessai INFO    : Checkpointing nested sampling
08-04 13:24 nessai INFO    : Total sampling time: 0:08:39.775938
08-04 13:24 nessai INFO    : Total training time: 0:02:48.750975
08-04 13:24 nessai INFO    : Total population time: 0:03:05.920938
08-04 13:24 nessai INFO    : Total likelihood evaluations: 1587961
08-04 13:24 nessai INFO    : Time spent evaluating likelihood: 0:01:31.396376
08-04 13:24 nessai INFO    : Total sampling time: 0:08:39.775938
08-04 13:24 nessai INFO    : Total likelihood evaluations: 1587961
08-04 13:24 nessai INFO    : Starting post processing
08-04 13:24 nessai INFO    : Computing posterior samples
08-04 13:24 nessai INFO    : Effective sample size: 7217.4
08-04 13:24 nessai INFO    : Producing posterior samples using rejection sampling
08-04 13:24 nessai INFO    : Expect 5087.5264373720165 samples from rejection sampling
08-04 13:24 nessai INFO    : Returned 5130 posterior samples
08-04 13:24 nessai INFO    : Starting to close worker pool.
08-04 13:24 nessai INFO    : Finished closing worker pool.
