/data/wiay/postgrads/shashwat/qunat_com_future/lib/python3.11/site-packages/nessai/utils/logging.py:133: FutureWarning: setup_logger is deprecated, use configure_logger instead
  warnings.warn(
08-04 12:50 nessai INFO    : Running Nessai version 0.15.2
08-04 12:50 nessai INFO    : Starting multiprocessing pool with 4 processes
08-04 12:50 nessai INFO    : Initialising nested sampler
08-04 12:50 nessai WARNING : Multiprocessing pool has already been configured.
/data/wiay/postgrads/shashwat/qunat_com_future/lib/python3.11/site-packages/nessai/gw/__init__.py:12: FutureWarning: The `nessai.gw` module will be deprecated in the next release in favour of the nessai-gw package. This packages provides the same functionality as`nessai.gw` via the plugin interface.For more details, see: https://github.com/mj-will/nessai-gw
  warnings.warn(
08-04 12:50 nessai INFO    : Passing kwargs to FlowProposal: {'poolsize': 1000}
08-04 12:50 nessai INFO    : No reparameterisations provided, using default reparameterisations included in FlowProposal
08-04 12:50 nessai INFO    : Adding reparameterisations from: {}
08-04 12:50 nessai INFO    : Assuming fallback reparameterisation (ScaleAndShift) for ['kappa', 'mu_xi', 'sigma_chi', 'sigma_xi', 'rho', 'lambda_chi', 'chi0', 'xi0'] with kwargs: {'estimate_scale': True, 'estimate_shift': True, 'prior_bounds': {'kappa': array([0.1, 5. ]), 'mu_xi': array([0. , 0.1]), 'sigma_chi': array([0.05, 0.6 ]), 'sigma_xi': array([0.05, 0.4 ]), 'rho': array([-0.9,  0.9]), 'lambda_chi': array([-0.5,  0.5]), 'chi0': array([-0.5,  0.5]), 'xi0': array([2.5, 5. ])}}.
08-04 12:50 nessai INFO    : x space parameters: ['kappa', 'mu_xi', 'sigma_chi', 'sigma_xi', 'rho', 'lambda_chi', 'chi0', 'xi0']
08-04 12:50 nessai INFO    : x prime space parameters: ['kappa_prime', 'mu_xi_prime', 'sigma_chi_prime', 'sigma_xi_prime', 'rho_prime', 'lambda_chi_prime', 'chi0_prime', 'xi0_prime']
08-04 12:50 nessai INFO    : Overwriting fuzz factor with expansion fraction
08-04 12:50 nessai INFO    : New fuzz factor: 1.2228445449938519
08-04 12:50 nessai INFO    : Verifying rescaling functions
08-04 12:50 nessai INFO    : Rescaling functions are invertible
08-04 12:50 nessai INFO    : Populating initial live points
08-04 12:50 nessai INFO    : Populated 100 / 1000 live points
08-04 12:50 nessai INFO    : Populated 200 / 1000 live points
08-04 12:50 nessai INFO    : Populated 300 / 1000 live points
08-04 12:50 nessai INFO    : Populated 400 / 1000 live points
08-04 12:50 nessai INFO    : Populated 500 / 1000 live points
08-04 12:50 nessai INFO    : Populated 600 / 1000 live points
08-04 12:50 nessai INFO    : Populated 700 / 1000 live points
08-04 12:50 nessai INFO    : Populated 800 / 1000 live points
08-04 12:50 nessai INFO    : Populated 900 / 1000 live points
08-04 12:50 nessai INFO    : Populated 1000 / 1000 live points
08-04 12:50 nessai INFO    : Starting nested sampling loop
08-04 12:50 nessai INFO    : it:  1000: Rolling KS test: D=0.024, p-value=0.311
08-04 12:50 nessai INFO    : it:  1000: n eval: 3000 H: 7.91 dlogZ: 3719709.481 logZ: -3742442.540 +/- 0.089 logLmax: -22732.06
08-04 12:50 nessai INFO    : it:  2000: Rolling KS test: D=0.021, p-value=0.4082
08-04 12:50 nessai INFO    : it:  2000: n eval: 8000 H: 8.91 dlogZ: 852453.567 logZ: -859926.772 +/- 0.094 logLmax: -7471.21
08-04 12:50 nessai INFO    : Switching to FlowProposal
08-04 12:50 nessai INFO    : it:  3000: Rolling KS test: D=0.02, p-value=0.4434
08-04 12:50 nessai INFO    : it:  3000: n eval: 11940 H: 9.91 dlogZ: 311286.884 logZ: -318761.089 +/- 0.100 logLmax: -7471.21
08-04 12:50 nessai INFO    : it:  4000: Rolling KS test: D=0.011, p-value=0.7794
08-04 12:50 nessai INFO    : it:  4000: n eval: 15609 H: 10.91 dlogZ: 138639.733 logZ: -141876.564 +/- 0.104 logLmax: -3232.83
08-04 12:50 nessai INFO    : it:  5000: Rolling KS test: D=0.018, p-value=0.5169
08-04 12:50 nessai INFO    : it:  5000: n eval: 20593 H: 11.91 dlogZ: 68946.882 logZ: -71176.253 +/- 0.109 logLmax: -2224.37
08-04 12:50 nessai INFO    : it:  6000: Rolling KS test: D=0.024, p-value=0.311
08-04 12:50 nessai INFO    : it:  6000: n eval: 25805 H: 12.31 dlogZ: 38471.611 logZ: -39238.422 +/- 0.111 logLmax: -760.81
08-04 12:50 nessai INFO    : it:  7000: Rolling KS test: D=0.034, p-value=0.09683
08-04 12:50 nessai INFO    : it:  7000: n eval: 31045 H: 13.81 dlogZ: 21264.237 logZ: -21938.741 +/- 0.118 logLmax: -667.50
08-04 12:51 nessai INFO    : it:  8000: Rolling KS test: D=0.016, p-value=0.593
08-04 12:51 nessai INFO    : it:  8000: n eval: 36061 H: 13.93 dlogZ: 13055.443 logZ: -13348.017 +/- 0.118 logLmax: -284.57
08-04 12:51 nessai INFO    : it:  9000: Rolling KS test: D=0.006, p-value=0.9268
08-04 12:51 nessai INFO    : it:  9000: n eval: 41434 H: 15.90 dlogZ: 7440.172 logZ: -7733.746 +/- 0.126 logLmax: -284.57
08-04 12:51 nessai INFO    : it: 10000: Rolling KS test: D=0.029, p-value=0.1825
08-04 12:51 nessai INFO    : it: 10000: n eval: 46449 H: 15.34 dlogZ: 4245.029 logZ: -4444.037 +/- 0.124 logLmax: -189.01
08-04 12:51 nessai INFO    : it: 11000: Rolling KS test: D=0.022, p-value=0.3744
08-04 12:51 nessai INFO    : it: 11000: n eval: 51261 H: 17.08 dlogZ: 2607.915 logZ: -2651.901 +/- 0.131 logLmax: -32.99
08-04 12:51 nessai INFO    : it: 12000: Rolling KS test: D=0.014, p-value=0.6695
08-04 12:51 nessai INFO    : it: 12000: n eval: 56509 H: 17.53 dlogZ: 1514.386 logZ: -1559.373 +/- 0.132 logLmax: -32.99
08-04 12:51 nessai INFO    : it: 13000: Rolling KS test: D=0.023, p-value=0.3419
08-04 12:51 nessai INFO    : it: 13000: n eval: 61839 H: 18.45 dlogZ: 931.370 logZ: -956.814 +/- 0.136 logLmax: -12.45
08-04 12:51 nessai INFO    : it: 14000: Rolling KS test: D=0.02, p-value=0.4434
08-04 12:51 nessai INFO    : it: 14000: n eval: 70656 H: 18.47 dlogZ: 555.131 logZ: -581.576 +/- 0.136 logLmax: -12.45
08-04 12:51 nessai INFO    : it: 15000: Rolling KS test: D=0.037, p-value=0.06311
08-04 12:51 nessai INFO    : it: 15000: n eval: 77493 H: 19.12 dlogZ: 331.976 logZ: -359.420 +/- 0.138 logLmax: -12.45
08-04 12:51 nessai INFO    : it: 16000: Rolling KS test: D=0.012, p-value=0.7438
08-04 12:51 nessai INFO    : it: 16000: n eval: 84359 H: 19.26 dlogZ: 197.477 logZ: -225.202 +/- 0.139 logLmax: -11.73
08-04 12:51 nessai INFO    : it: 17000: Rolling KS test: D=0.017, p-value=0.5547
08-04 12:51 nessai INFO    : it: 17000: n eval: 94427 H: 20.11 dlogZ: 117.942 logZ: -145.111 +/- 0.142 logLmax: -10.17
08-04 12:51 nessai INFO    : it: 18000: Rolling KS test: D=0.042, p-value=0.02854
08-04 12:51 nessai INFO    : it: 18000: n eval: 105573 H: 20.59 dlogZ: 72.728 logZ: -98.691 +/- 0.143 logLmax: -7.96
08-04 12:51 nessai INFO    : it: 19000: Rolling KS test: D=0.014, p-value=0.6695
08-04 12:51 nessai INFO    : it: 19000: n eval: 120130 H: 21.11 dlogZ: 45.131 logZ: -70.905 +/- 0.145 logLmax: -6.78
08-04 12:52 nessai INFO    : it: 20000: Rolling KS test: D=0.035, p-value=0.08429
08-04 12:52 nessai INFO    : it: 20000: n eval: 139320 H: 21.54 dlogZ: 26.791 logZ: -53.279 +/- 0.147 logLmax: -6.49
08-04 12:52 nessai INFO    : it: 21000: Rolling KS test: D=0.014, p-value=0.6695
08-04 12:52 nessai INFO    : it: 21000: n eval: 165412 H: 21.95 dlogZ: 19.039 logZ: -43.373 +/- 0.148 logLmax: -3.34
08-04 12:52 nessai INFO    : it: 22000: Rolling KS test: D=0.049, p-value=0.007937
08-04 12:52 nessai INFO    : it: 22000: n eval: 190008 H: 22.39 dlogZ: 13.786 logZ: -37.673 +/- 0.150 logLmax: -1.89
08-04 12:52 nessai INFO    : it: 23000: Rolling KS test: D=0.049, p-value=0.007937
08-04 12:52 nessai INFO    : it: 23000: n eval: 220452 H: 22.82 dlogZ: 9.808 logZ: -34.227 +/- 0.151 logLmax: -1.42
08-04 12:53 nessai INFO    : it: 24000: Rolling KS test: D=0.017, p-value=0.5547
08-04 12:53 nessai INFO    : it: 24000: n eval: 257571 H: 23.19 dlogZ: 6.808 logZ: -32.223 +/- 0.152 logLmax: -1.42
08-04 12:53 nessai INFO    : it: 25000: Rolling KS test: D=0.029, p-value=0.1825
08-04 12:53 nessai INFO    : it: 25000: n eval: 297571 H: 23.59 dlogZ: 4.846 logZ: -30.986 +/- 0.154 logLmax: -1.15
08-04 12:53 nessai INFO    : it: 26000: Rolling KS test: D=0.027, p-value=0.2286
08-04 12:53 nessai INFO    : it: 26000: n eval: 355378 H: 23.97 dlogZ: 3.079 logZ: -30.179 +/- 0.155 logLmax: -1.15
08-04 12:53 nessai INFO    : it: 27000: Rolling KS test: D=0.021, p-value=0.4082
08-04 12:53 nessai INFO    : it: 27000: n eval: 394410 H: 24.32 dlogZ: 1.966 logZ: -29.666 +/- 0.156 logLmax: -0.85
08-04 12:54 nessai INFO    : it: 28000: Rolling KS test: D=0.018, p-value=0.5169
08-04 12:54 nessai INFO    : it: 28000: n eval: 433110 H: 24.58 dlogZ: 0.976 logZ: -29.354 +/- 0.157 logLmax: -0.85
08-04 12:54 nessai INFO    : it: 29000: Rolling KS test: D=0.053, p-value=0.003498
08-04 12:54 nessai INFO    : it: 29000: n eval: 467782 H: 24.77 dlogZ: 0.412 logZ: -29.178 +/- 0.157 logLmax: -0.85
08-04 12:54 nessai INFO    : it: 30000: Rolling KS test: D=0.022, p-value=0.3744
08-04 12:54 nessai INFO    : it: 30000: n eval: 517782 H: 24.89 dlogZ: 0.167 logZ: -29.085 +/- 0.158 logLmax: -0.79
08-04 12:54 nessai INFO    : Stopping with difference_log_evidence=0.100
08-04 12:54 nessai INFO    : Finalising
08-04 12:54 nessai INFO    : Final ln-evidence: -29.001 +/- 0.158
08-04 12:54 nessai INFO    : Information: 25.02
08-04 12:54 nessai INFO    : Final KS test: D=0.00827, p-value=0.01505
08-04 12:54 nessai WARNING : Final p-value for the insertion indices is less than 0.05, this could be an indication of problems during sampling. Consider checking the diagnostic plots.
08-04 12:54 nessai INFO    : Checkpointing nested sampling
08-04 12:54 nessai INFO    : Total sampling time: 0:03:46.161041
08-04 12:54 nessai INFO    : Total training time: 0:01:06.703170
08-04 12:54 nessai INFO    : Total population time: 0:01:22.207533
08-04 12:54 nessai INFO    : Total likelihood evaluations: 547782
08-04 12:54 nessai INFO    : Time spent evaluating likelihood: 0:00:25.132674
08-04 12:54 nessai INFO    : Total sampling time: 0:03:46.161041
08-04 12:54 nessai INFO    : Total likelihood evaluations: 547782
08-04 12:54 nessai INFO    : Starting post processing
08-04 12:54 nessai INFO    : Computing posterior samples
08-04 12:54 nessai INFO    : Effective sample size: 6730.4
08-04 12:54 nessai INFO    : Producing posterior samples using rejection sampling
08-04 12:54 nessai INFO    : Expect 4733.63900471395 samples from rejection sampling
08-04 12:54 nessai INFO    : Returned 4737 posterior samples
08-04 12:54 nessai INFO    : Starting to close worker pool.
08-04 12:54 nessai INFO    : Finished closing worker pool.
