/data/wiay/postgrads/shashwat/qunat_com_future/lib/python3.11/site-packages/nessai/utils/logging.py:133: FutureWarning: setup_logger is deprecated, use configure_logger instead
  warnings.warn(
08-04 11:44 nessai INFO    : Running Nessai version 0.15.2
08-04 11:44 nessai INFO    : Starting multiprocessing pool with 4 processes
08-04 11:44 nessai INFO    : Initialising nested sampler
08-04 11:44 nessai WARNING : Multiprocessing pool has already been configured.
/data/wiay/postgrads/shashwat/qunat_com_future/lib/python3.11/site-packages/nessai/gw/__init__.py:12: FutureWarning: The `nessai.gw` module will be deprecated in the next release in favour of the nessai-gw package. This packages provides the same functionality as`nessai.gw` via the plugin interface.For more details, see: https://github.com/mj-will/nessai-gw
  warnings.warn(
08-04 11:44 nessai INFO    : Passing kwargs to FlowProposal: {'poolsize': 1000}
08-04 11:44 nessai INFO    : No reparameterisations provided, using default reparameterisations included in FlowProposal
08-04 11:44 nessai INFO    : Adding reparameterisations from: {}
08-04 11:44 nessai INFO    : Assuming fallback reparameterisation (ScaleAndShift) for ['kappa', 'mu_xi', 'sigma_chi', 'sigma_xi', 'rho', 'lambda_chi', 'chi0', 'xi0'] with kwargs: {'estimate_scale': True, 'estimate_shift': True, 'prior_bounds': {'kappa': array([0.1, 5. ]), 'mu_xi': array([0. , 0.1]), 'sigma_chi': array([0.05, 0.6 ]), 'sigma_xi': array([0.05, 0.4 ]), 'rho': array([-0.9,  0.9]), 'lambda_chi': array([-0.5,  0.5]), 'chi0': array([-0.5,  0.5]), 'xi0': array([2.5, 5. ])}}.
08-04 11:44 nessai INFO    : x space parameters: ['kappa', 'mu_xi', 'sigma_chi', 'sigma_xi', 'rho', 'lambda_chi', 'chi0', 'xi0']
08-04 11:44 nessai INFO    : x prime space parameters: ['kappa_prime', 'mu_xi_prime', 'sigma_chi_prime', 'sigma_xi_prime', 'rho_prime', 'lambda_chi_prime', 'chi0_prime', 'xi0_prime']
08-04 11:44 nessai INFO    : Overwriting fuzz factor with expansion fraction
08-04 11:44 nessai INFO    : New fuzz factor: 1.2228445449938519
08-04 11:44 nessai INFO    : Verifying rescaling functions
08-04 11:44 nessai INFO    : Rescaling functions are invertible
08-04 11:44 nessai INFO    : Populating initial live points
08-04 11:44 nessai INFO    : Populated 100 / 1000 live points
08-04 11:44 nessai INFO    : Populated 200 / 1000 live points
08-04 11:44 nessai INFO    : Populated 300 / 1000 live points
08-04 11:44 nessai INFO    : Populated 400 / 1000 live points
08-04 11:44 nessai INFO    : Populated 500 / 1000 live points
08-04 11:44 nessai INFO    : Populated 600 / 1000 live points
08-04 11:44 nessai INFO    : Populated 700 / 1000 live points
08-04 11:44 nessai INFO    : Populated 800 / 1000 live points
08-04 11:44 nessai INFO    : Populated 900 / 1000 live points
08-04 11:44 nessai INFO    : Populated 1000 / 1000 live points
08-04 11:44 nessai INFO    : Starting nested sampling loop
08-04 11:44 nessai INFO    : it:  1000: Rolling KS test: D=0.006, p-value=0.9268
08-04 11:44 nessai INFO    : it:  1000: n eval: 3000 H: 7.91 dlogZ: 207925419.915 logZ: -209608803.306 +/- 0.089 logLmax: -1683382.39
08-04 11:44 nessai INFO    : it:  2000: Rolling KS test: D=0.02, p-value=0.4434
08-04 11:44 nessai INFO    : it:  2000: n eval: 8000 H: 8.91 dlogZ: 67008811.278 logZ: -67131573.633 +/- 0.094 logLmax: -122760.36
08-04 11:44 nessai INFO    : Switching to FlowProposal
08-04 11:44 nessai INFO    : it:  3000: Rolling KS test: D=0.022, p-value=0.3744
08-04 11:44 nessai INFO    : it:  3000: n eval: 11976 H: 9.91 dlogZ: 26628038.125 logZ: -26750801.480 +/- 0.100 logLmax: -122760.36
08-04 11:44 nessai INFO    : it:  4000: Rolling KS test: D=0.015, p-value=0.6313
08-04 11:44 nessai INFO    : it:  4000: n eval: 13621 H: 10.91 dlogZ: 12589281.370 logZ: -12712045.724 +/- 0.104 logLmax: -122760.36
08-04 11:44 nessai INFO    : it:  5000: Rolling KS test: D=0.009, p-value=0.8454
08-04 11:44 nessai INFO    : it:  5000: n eval: 17231 H: 11.91 dlogZ: 7225593.014 logZ: -7348358.369 +/- 0.109 logLmax: -122760.36
08-04 11:44 nessai INFO    : it:  6000: Rolling KS test: D=0.015, p-value=0.6313
08-04 11:44 nessai INFO    : it:  6000: n eval: 21060 H: 12.91 dlogZ: 4079305.584 logZ: -4202071.939 +/- 0.114 logLmax: -122760.36
08-04 11:44 nessai INFO    : it:  7000: Rolling KS test: D=0.015, p-value=0.6313
08-04 11:44 nessai INFO    : it:  7000: n eval: 25533 H: 13.91 dlogZ: 2520393.258 logZ: -2548525.379 +/- 0.118 logLmax: -28125.12
08-04 11:44 nessai INFO    : it:  8000: Rolling KS test: D=0.011, p-value=0.7794
08-04 11:44 nessai INFO    : it:  8000: n eval: 30127 H: 14.91 dlogZ: 1617781.206 logZ: -1638199.743 +/- 0.122 logLmax: -20410.54
08-04 11:44 nessai INFO    : it:  9000: Rolling KS test: D=0.027, p-value=0.2286
08-04 11:44 nessai INFO    : it:  9000: n eval: 34918 H: 15.91 dlogZ: 1037455.942 logZ: -1054013.331 +/- 0.126 logLmax: -16548.39
08-04 11:44 nessai INFO    : it: 10000: Rolling KS test: D=0.027, p-value=0.2286
08-04 11:44 nessai INFO    : it: 10000: n eval: 39622 H: 16.91 dlogZ: 656681.220 logZ: -673239.609 +/- 0.130 logLmax: -16548.39
08-04 11:44 nessai INFO    : it: 11000: Rolling KS test: D=0.042, p-value=0.02854
08-04 11:44 nessai INFO    : it: 11000: n eval: 44344 H: 17.91 dlogZ: 402391.129 logZ: -418950.519 +/- 0.134 logLmax: -16548.39
08-04 11:44 nessai INFO    : it: 12000: Rolling KS test: D=0.022, p-value=0.3744
08-04 11:44 nessai INFO    : it: 12000: n eval: 48544 H: 18.86 dlogZ: 252034.676 logZ: -255593.350 +/- 0.137 logLmax: -3546.68
08-04 11:44 nessai INFO    : it: 13000: Rolling KS test: D=0.012, p-value=0.7438
08-04 11:44 nessai INFO    : it: 13000: n eval: 53047 H: 19.91 dlogZ: 147191.728 logZ: -150400.941 +/- 0.141 logLmax: -3196.21
08-04 11:44 nessai INFO    : it: 14000: Rolling KS test: D=0.009, p-value=0.8454
08-04 11:44 nessai INFO    : it: 14000: n eval: 57987 H: 20.91 dlogZ: 88651.085 logZ: -91640.005 +/- 0.145 logLmax: -2974.92
08-04 11:44 nessai INFO    : it: 15000: Rolling KS test: D=0.026, p-value=0.2543
08-04 11:44 nessai INFO    : it: 15000: n eval: 63128 H: 21.54 dlogZ: 52451.252 logZ: -54430.932 +/- 0.147 logLmax: -1964.68
08-04 11:44 nessai INFO    : it: 16000: Rolling KS test: D=0.028, p-value=0.2046
08-04 11:44 nessai INFO    : it: 16000: n eval: 68357 H: 22.37 dlogZ: 32300.754 logZ: -33156.648 +/- 0.150 logLmax: -839.89
08-04 11:44 nessai INFO    : it: 17000: Rolling KS test: D=0.011, p-value=0.7794
08-04 11:44 nessai INFO    : it: 17000: n eval: 74106 H: 23.91 dlogZ: 18450.124 logZ: -19307.018 +/- 0.155 logLmax: -839.89
08-04 11:44 nessai INFO    : it: 18000: Rolling KS test: D=0.013, p-value=0.7071
08-04 11:44 nessai INFO    : it: 18000: n eval: 82855 H: 24.59 dlogZ: 11113.342 logZ: -11577.607 +/- 0.157 logLmax: -446.27
08-04 11:44 nessai INFO    : it: 19000: Rolling KS test: D=0.021, p-value=0.4082
08-04 11:44 nessai INFO    : it: 19000: n eval: 89777 H: 25.27 dlogZ: 6334.244 logZ: -6799.509 +/- 0.159 logLmax: -446.27
08-04 11:44 nessai INFO    : it: 20000: Rolling KS test: D=0.012, p-value=0.7438
08-04 11:44 nessai INFO    : it: 20000: n eval: 101975 H: 26.70 dlogZ: 3723.475 logZ: -4189.741 +/- 0.163 logLmax: -446.27
08-04 11:44 nessai INFO    : it: 21000: Rolling KS test: D=0.04, p-value=0.03967
08-04 11:44 nessai INFO    : it: 21000: n eval: 111409 H: 27.49 dlogZ: 2287.309 logZ: -2605.527 +/- 0.166 logLmax: -297.22
08-04 11:45 nessai INFO    : it: 22000: Rolling KS test: D=0.009, p-value=0.8454
08-04 11:45 nessai INFO    : it: 22000: n eval: 124056 H: 27.65 dlogZ: 1445.058 logZ: -1642.099 +/- 0.166 logLmax: -175.04
08-04 11:45 nessai INFO    : it: 23000: Rolling KS test: D=0.015, p-value=0.6313
08-04 11:45 nessai INFO    : it: 23000: n eval: 133824 H: 28.00 dlogZ: 867.898 logZ: -1065.939 +/- 0.167 logLmax: -175.04
08-04 11:45 nessai INFO    : it: 24000: Rolling KS test: D=0.034, p-value=0.09683
08-04 11:45 nessai INFO    : it: 24000: n eval: 155873 H: 28.30 dlogZ: 687.689 logZ: -737.156 +/- 0.168 logLmax: -25.47
08-04 11:45 nessai INFO    : it: 25000: Rolling KS test: D=0.017, p-value=0.5547
08-04 11:45 nessai INFO    : it: 25000: n eval: 176092 H: 29.01 dlogZ: 480.088 logZ: -530.556 +/- 0.170 logLmax: -25.47
08-04 11:45 nessai INFO    : it: 26000: Rolling KS test: D=0.026, p-value=0.2543
08-04 11:45 nessai INFO    : it: 26000: n eval: 209803 H: 29.53 dlogZ: 346.293 logZ: -397.760 +/- 0.172 logLmax: -25.47
08-04 11:45 nessai INFO    : it: 27000: Rolling KS test: D=0.023, p-value=0.3419
08-04 11:45 nessai INFO    : it: 27000: n eval: 247700 H: 30.29 dlogZ: 252.316 logZ: -304.784 +/- 0.174 logLmax: -25.47
08-04 11:45 nessai INFO    : it: 28000: Rolling KS test: D=0.032, p-value=0.1263
08-04 11:45 nessai INFO    : it: 28000: n eval: 285949 H: 30.89 dlogZ: 191.291 logZ: -244.758 +/- 0.176 logLmax: -25.47
08-04 11:45 nessai INFO    : it: 29000: Rolling KS test: D=0.033, p-value=0.1108
08-04 11:45 nessai INFO    : it: 29000: n eval: 312768 H: 31.77 dlogZ: 161.228 logZ: -199.780 +/- 0.178 logLmax: -9.55
08-04 11:45 nessai INFO    : it: 30000: Rolling KS test: D=0.021, p-value=0.4082
08-04 11:45 nessai INFO    : it: 30000: n eval: 336209 H: 32.44 dlogZ: 123.305 logZ: -162.857 +/- 0.180 logLmax: -9.55
08-04 11:45 nessai INFO    : it: 31000: Rolling KS test: D=0.037, p-value=0.06311
08-04 11:45 nessai INFO    : it: 31000: n eval: 354753 H: 33.21 dlogZ: 90.976 logZ: -131.529 +/- 0.182 logLmax: -9.55
08-04 11:45 nessai INFO    : it: 32000: Rolling KS test: D=0.014, p-value=0.6695
08-04 11:45 nessai INFO    : it: 32000: n eval: 365611 H: 33.97 dlogZ: 66.853 logZ: -108.406 +/- 0.184 logLmax: -9.55
08-04 11:45 nessai INFO    : it: 33000: Rolling KS test: D=0.046, p-value=0.01407
08-04 11:45 nessai INFO    : it: 33000: n eval: 380241 H: 34.70 dlogZ: 49.523 logZ: -89.147 +/- 0.186 logLmax: -6.62
08-04 11:46 nessai INFO    : it: 34000: Rolling KS test: D=0.021, p-value=0.4082
08-04 11:46 nessai INFO    : it: 34000: n eval: 394425 H: 35.35 dlogZ: 36.166 logZ: -76.377 +/- 0.188 logLmax: -6.21
08-04 11:46 nessai INFO    : it: 35000: Rolling KS test: D=0.022, p-value=0.3744
08-04 11:46 nessai INFO    : it: 35000: n eval: 410261 H: 36.05 dlogZ: 26.187 logZ: -66.924 +/- 0.190 logLmax: -5.74
08-04 11:46 nessai INFO    : it: 36000: Rolling KS test: D=0.025, p-value=0.2818
08-04 11:46 nessai INFO    : it: 36000: n eval: 418857 H: 36.58 dlogZ: 18.703 logZ: -60.440 +/- 0.191 logLmax: -5.74
08-04 11:46 nessai INFO    : it: 37000: Rolling KS test: D=0.026, p-value=0.2543
08-04 11:46 nessai INFO    : it: 37000: n eval: 434549 H: 37.25 dlogZ: 13.721 logZ: -55.512 +/- 0.193 logLmax: -4.79
08-04 11:46 nessai INFO    : it: 38000: Rolling KS test: D=0.027, p-value=0.2286
08-04 11:46 nessai INFO    : it: 38000: n eval: 452237 H: 37.78 dlogZ: 10.698 logZ: -52.199 +/- 0.194 logLmax: -3.50
08-04 11:46 nessai INFO    : it: 39000: Rolling KS test: D=0.024, p-value=0.311
08-04 11:46 nessai INFO    : it: 39000: n eval: 466273 H: 38.27 dlogZ: 7.517 logZ: -50.018 +/- 0.196 logLmax: -3.50
08-04 11:46 nessai INFO    : it: 40000: Rolling KS test: D=0.001, p-value=0.9973
08-04 11:46 nessai INFO    : it: 40000: n eval: 474820 H: 38.78 dlogZ: 5.055 logZ: -48.550 +/- 0.197 logLmax: -3.50
08-04 11:46 nessai INFO    : it: 41000: Rolling KS test: D=0.013, p-value=0.7071
08-04 11:46 nessai INFO    : it: 41000: n eval: 489128 H: 39.19 dlogZ: 3.167 logZ: -47.607 +/- 0.198 logLmax: -3.48
08-04 11:46 nessai INFO    : it: 42000: Rolling KS test: D=0.013, p-value=0.7071
08-04 11:46 nessai INFO    : it: 42000: n eval: 508439 H: 39.54 dlogZ: 2.069 logZ: -47.016 +/- 0.199 logLmax: -3.08
08-04 11:46 nessai INFO    : it: 43000: Rolling KS test: D=0.013, p-value=0.7071
08-04 11:46 nessai INFO    : it: 43000: n eval: 527008 H: 39.81 dlogZ: 1.349 logZ: -46.657 +/- 0.200 logLmax: -2.61
08-04 11:46 nessai INFO    : it: 44000: Rolling KS test: D=0.02, p-value=0.4434
08-04 11:46 nessai INFO    : it: 44000: n eval: 544676 H: 40.01 dlogZ: 0.618 logZ: -46.452 +/- 0.200 logLmax: -2.61
08-04 11:46 nessai INFO    : it: 45000: Rolling KS test: D=0.033, p-value=0.1108
08-04 11:46 nessai INFO    : it: 45000: n eval: 560115 H: 40.15 dlogZ: 0.271 logZ: -46.341 +/- 0.200 logLmax: -2.51
08-04 11:46 nessai INFO    : it: 46000: Rolling KS test: D=0.009, p-value=0.8454
08-04 11:46 nessai INFO    : it: 46000: n eval: 575422 H: 40.23 dlogZ: 0.103 logZ: -46.283 +/- 0.201 logLmax: -2.51
08-04 11:46 nessai INFO    : Stopping with difference_log_evidence=0.100
08-04 11:46 nessai INFO    : Finalising
08-04 11:46 nessai INFO    : Final ln-evidence: -46.233 +/- 0.201
08-04 11:46 nessai INFO    : Information: 40.32
08-04 11:46 nessai INFO    : Final KS test: D=0.002873, p-value=0.467
08-04 11:46 nessai INFO    : Checkpointing nested sampling
08-04 11:46 nessai INFO    : Total sampling time: 0:02:31.798829
08-04 11:46 nessai INFO    : Total training time: 0:00:54.500313
08-04 11:46 nessai INFO    : Total population time: 0:00:35.457534
08-04 11:46 nessai INFO    : Total likelihood evaluations: 575422
08-04 11:46 nessai INFO    : Time spent evaluating likelihood: 0:00:10.735507
08-04 11:46 nessai INFO    : Total sampling time: 0:02:31.798829
08-04 11:46 nessai INFO    : Total likelihood evaluations: 575422
08-04 11:46 nessai INFO    : Starting post processing
08-04 11:46 nessai INFO    : Computing posterior samples
08-04 11:46 nessai INFO    : Effective sample size: 6726.7
08-04 11:46 nessai INFO    : Producing posterior samples using rejection sampling
08-04 11:46 nessai INFO    : Expect 4709.269908150565 samples from rejection sampling
08-04 11:46 nessai INFO    : Returned 4704 posterior samples
08-04 11:46 nessai INFO    : Starting to close worker pool.
08-04 11:46 nessai INFO    : Finished closing worker pool.
