/data/wiay/postgrads/shashwat/qunat_com_future/lib/python3.11/site-packages/nessai/utils/logging.py:133: FutureWarning: setup_logger is deprecated, use configure_logger instead
  warnings.warn(
08-04 14:31 nessai INFO    : Running Nessai version 0.15.2
08-04 14:31 nessai INFO    : Starting multiprocessing pool with 4 processes
08-04 14:31 nessai INFO    : Initialising nested sampler
08-04 14:31 nessai WARNING : Multiprocessing pool has already been configured.
/data/wiay/postgrads/shashwat/qunat_com_future/lib/python3.11/site-packages/nessai/gw/__init__.py:12: FutureWarning: The `nessai.gw` module will be deprecated in the next release in favour of the nessai-gw package. This packages provides the same functionality as`nessai.gw` via the plugin interface.For more details, see: https://github.com/mj-will/nessai-gw
  warnings.warn(
08-04 14:31 nessai INFO    : Passing kwargs to FlowProposal: {'poolsize': 1000}
08-04 14:31 nessai INFO    : No reparameterisations provided, using default reparameterisations included in FlowProposal
08-04 14:31 nessai INFO    : Adding reparameterisations from: {}
08-04 14:31 nessai INFO    : Assuming fallback reparameterisation (ScaleAndShift) for ['kappa', 'mu_xi', 'sigma_chi', 'sigma_xi', 'rho', 'lambda_chi', 'chi0', 'xi0'] with kwargs: {'estimate_scale': True, 'estimate_shift': True, 'prior_bounds': {'kappa': array([0.1, 5. ]), 'mu_xi': array([0. , 0.1]), 'sigma_chi': array([0.05, 0.6 ]), 'sigma_xi': array([0.05, 0.4 ]), 'rho': array([-0.9,  0.9]), 'lambda_chi': array([-0.5,  0.5]), 'chi0': array([-0.5,  0.5]), 'xi0': array([2.5, 5. ])}}.
08-04 14:31 nessai INFO    : x space parameters: ['kappa', 'mu_xi', 'sigma_chi', 'sigma_xi', 'rho', 'lambda_chi', 'chi0', 'xi0']
08-04 14:31 nessai INFO    : x prime space parameters: ['kappa_prime', 'mu_xi_prime', 'sigma_chi_prime', 'sigma_xi_prime', 'rho_prime', 'lambda_chi_prime', 'chi0_prime', 'xi0_prime']
08-04 14:31 nessai INFO    : Overwriting fuzz factor with expansion fraction
08-04 14:31 nessai INFO    : New fuzz factor: 1.2228445449938519
08-04 14:31 nessai INFO    : Verifying rescaling functions
08-04 14:31 nessai INFO    : Rescaling functions are invertible
08-04 14:31 nessai INFO    : Populating initial live points
08-04 14:31 nessai INFO    : Populated 100 / 1000 live points
08-04 14:31 nessai INFO    : Populated 200 / 1000 live points
08-04 14:31 nessai INFO    : Populated 300 / 1000 live points
08-04 14:31 nessai INFO    : Populated 400 / 1000 live points
08-04 14:31 nessai INFO    : Populated 500 / 1000 live points
08-04 14:31 nessai INFO    : Populated 600 / 1000 live points
08-04 14:31 nessai INFO    : Populated 700 / 1000 live points
08-04 14:31 nessai INFO    : Populated 800 / 1000 live points
08-04 14:31 nessai INFO    : Populated 900 / 1000 live points
08-04 14:31 nessai INFO    : Populated 1000 / 1000 live points
08-04 14:31 nessai INFO    : Starting nested sampling loop
08-04 14:31 nessai INFO    : it:  1000: Rolling KS test: D=0.025, p-value=0.2818
08-04 14:31 nessai INFO    : it:  1000: n eval: 3000 H: 7.91 dlogZ: 7608710.502 logZ: -7616281.244 +/- 0.089 logLmax: -7569.74
08-04 14:31 nessai INFO    : it:  2000: Rolling KS test: D=0.039, p-value=0.0465
08-04 14:31 nessai INFO    : it:  2000: n eval: 8000 H: 8.91 dlogZ: 2069206.198 logZ: -2072682.284 +/- 0.094 logLmax: -3474.09
08-04 14:31 nessai INFO    : Switching to FlowProposal
08-04 14:31 nessai INFO    : it:  3000: Rolling KS test: D=0.003, p-value=0.9802
08-04 14:31 nessai INFO    : it:  3000: n eval: 12013 H: 9.91 dlogZ: 738636.204 logZ: -742113.291 +/- 0.100 logLmax: -3474.09
08-04 14:31 nessai INFO    : it:  4000: Rolling KS test: D=0.042, p-value=0.02854
08-04 14:31 nessai INFO    : it:  4000: n eval: 16000 H: 10.91 dlogZ: 289438.010 logZ: -290263.967 +/- 0.104 logLmax: -821.96
08-04 14:31 nessai INFO    : it:  5000: Rolling KS test: D=0.004, p-value=0.9659
08-04 14:31 nessai INFO    : it:  5000: n eval: 20430 H: 11.91 dlogZ: 122945.268 logZ: -123772.226 +/- 0.109 logLmax: -821.96
08-04 14:32 nessai INFO    : it:  6000: Rolling KS test: D=0.05, p-value=0.006506
08-04 14:32 nessai INFO    : it:  6000: n eval: 25457 H: 12.24 dlogZ: 57724.626 logZ: -58552.583 +/- 0.111 logLmax: -821.96
08-04 14:32 nessai INFO    : it:  7000: Rolling KS test: D=0.024, p-value=0.311
08-04 14:32 nessai INFO    : it:  7000: n eval: 30738 H: 13.91 dlogZ: 27695.564 logZ: -28012.785 +/- 0.118 logLmax: -310.22
08-04 14:32 nessai INFO    : it:  8000: Rolling KS test: D=0.007, p-value=0.9024
08-04 14:32 nessai INFO    : it:  8000: n eval: 39996 H: 14.91 dlogZ: 13689.891 logZ: -14008.112 +/- 0.122 logLmax: -310.22
08-04 14:32 nessai INFO    : it:  9000: Rolling KS test: D=0.038, p-value=0.05428
08-04 14:32 nessai INFO    : it:  9000: n eval: 45306 H: 15.78 dlogZ: 6801.166 logZ: -7053.886 +/- 0.126 logLmax: -243.72
08-04 14:32 nessai INFO    : it: 10000: Rolling KS test: D=0.013, p-value=0.7071
08-04 14:32 nessai INFO    : it: 10000: n eval: 56020 H: 16.56 dlogZ: 3634.109 logZ: -3678.477 +/- 0.129 logLmax: -34.37
08-04 14:32 nessai INFO    : it: 11000: Rolling KS test: D=0.044, p-value=0.0202
08-04 14:32 nessai INFO    : it: 11000: n eval: 62467 H: 16.72 dlogZ: 1904.207 logZ: -1949.574 +/- 0.129 logLmax: -34.37
08-04 14:32 nessai INFO    : it: 12000: Rolling KS test: D=0.013, p-value=0.7071
08-04 14:32 nessai INFO    : it: 12000: n eval: 68783 H: 17.10 dlogZ: 1020.182 logZ: -1066.549 +/- 0.131 logLmax: -34.37
08-04 14:32 nessai INFO    : it: 13000: Rolling KS test: D=0.011, p-value=0.7794
08-04 14:32 nessai INFO    : it: 13000: n eval: 76198 H: 17.68 dlogZ: 594.117 logZ: -641.484 +/- 0.133 logLmax: -34.37
08-04 14:32 nessai INFO    : it: 14000: Rolling KS test: D=0.017, p-value=0.5547
08-04 14:32 nessai INFO    : it: 14000: n eval: 87107 H: 18.43 dlogZ: 355.630 logZ: -397.776 +/- 0.136 logLmax: -28.15
08-04 14:32 nessai INFO    : it: 15000: Rolling KS test: D=0.017, p-value=0.5547
08-04 14:32 nessai INFO    : it: 15000: n eval: 101148 H: 18.56 dlogZ: 220.865 logZ: -252.555 +/- 0.136 logLmax: -16.69
08-04 14:32 nessai INFO    : it: 16000: Rolling KS test: D=0.013, p-value=0.7071
08-04 14:32 nessai INFO    : it: 16000: n eval: 116432 H: 19.28 dlogZ: 142.539 logZ: -168.008 +/- 0.139 logLmax: -9.47
08-04 14:32 nessai INFO    : it: 17000: Rolling KS test: D=0.04, p-value=0.03967
08-04 14:32 nessai INFO    : it: 17000: n eval: 131736 H: 19.81 dlogZ: 87.527 logZ: -113.553 +/- 0.141 logLmax: -9.03
08-04 14:32 nessai INFO    : it: 18000: Rolling KS test: D=0.033, p-value=0.1108
08-04 14:32 nessai INFO    : it: 18000: n eval: 150126 H: 20.14 dlogZ: 53.289 logZ: -78.490 +/- 0.142 logLmax: -7.20
08-04 14:32 nessai INFO    : it: 19000: Rolling KS test: D=0.022, p-value=0.3744
08-04 14:32 nessai INFO    : it: 19000: n eval: 180609 H: 20.83 dlogZ: 33.087 logZ: -59.139 +/- 0.144 logLmax: -7.05
08-04 14:32 nessai INFO    : it: 20000: Rolling KS test: D=0.028, p-value=0.2046
08-04 14:32 nessai INFO    : it: 20000: n eval: 207992 H: 21.15 dlogZ: 21.784 logZ: -47.087 +/- 0.145 logLmax: -5.30
08-04 14:32 nessai INFO    : it: 21000: Rolling KS test: D=0.01, p-value=0.8133
08-04 14:32 nessai INFO    : it: 21000: n eval: 244195 H: 21.66 dlogZ: 14.095 logZ: -39.729 +/- 0.147 logLmax: -4.63
08-04 14:33 nessai INFO    : it: 22000: Rolling KS test: D=0.012, p-value=0.7438
08-04 14:33 nessai INFO    : it: 22000: n eval: 294195 H: 21.95 dlogZ: 9.053 logZ: -35.687 +/- 0.148 logLmax: -4.63
08-04 14:33 nessai INFO    : it: 23000: Rolling KS test: D=0.005, p-value=0.9481
08-04 14:33 nessai INFO    : it: 23000: n eval: 354195 H: 22.30 dlogZ: 5.796 logZ: -33.427 +/- 0.149 logLmax: -4.63
08-04 14:33 nessai INFO    : it: 24000: Rolling KS test: D=0.006, p-value=0.9268
08-04 14:33 nessai INFO    : it: 24000: n eval: 434195 H: 22.63 dlogZ: 3.861 logZ: -32.164 +/- 0.150 logLmax: -4.33
08-04 14:33 nessai INFO    : it: 25000: Rolling KS test: D=0.014, p-value=0.6695
08-04 14:33 nessai INFO    : it: 25000: n eval: 524195 H: 22.90 dlogZ: 2.297 logZ: -31.442 +/- 0.151 logLmax: -4.25
08-04 14:33 nessai INFO    : it: 26000: Rolling KS test: D=0.037, p-value=0.06311
08-04 14:33 nessai INFO    : it: 26000: n eval: 664195 H: 23.12 dlogZ: 1.540 logZ: -31.045 +/- 0.152 logLmax: -3.75
08-04 14:34 nessai INFO    : it: 27000: Rolling KS test: D=0.011, p-value=0.7794
08-04 14:34 nessai INFO    : it: 27000: n eval: 844195 H: 23.27 dlogZ: 0.824 logZ: -30.831 +/- 0.153 logLmax: -3.59
08-04 14:34 nessai INFO    : it: 28000: Rolling KS test: D=0.012, p-value=0.7438
08-04 14:34 nessai INFO    : it: 28000: n eval: 1074195 H: 23.38 dlogZ: 0.356 logZ: -30.718 +/- 0.153 logLmax: -3.57
08-04 14:35 nessai INFO    : it: 29000: Rolling KS test: D=0.014, p-value=0.6695
08-04 14:35 nessai INFO    : it: 29000: n eval: 1344195 H: 23.45 dlogZ: 0.181 logZ: -30.660 +/- 0.153 logLmax: -3.28
08-04 14:35 nessai INFO    : Stopping with difference_log_evidence=0.100
08-04 14:35 nessai INFO    : Finalising
08-04 14:35 nessai INFO    : Final ln-evidence: -30.606 +/- 0.153
08-04 14:35 nessai INFO    : Information: 23.54
08-04 14:35 nessai INFO    : Final KS test: D=0.003703, p-value=0.4428
08-04 14:35 nessai INFO    : Checkpointing nested sampling
08-04 14:35 nessai INFO    : Total sampling time: 0:03:42.435784
08-04 14:35 nessai INFO    : Total training time: 0:01:04.869072
08-04 14:35 nessai INFO    : Total population time: 0:01:34.253098
08-04 14:35 nessai INFO    : Total likelihood evaluations: 1534195
08-04 14:35 nessai INFO    : Time spent evaluating likelihood: 0:00:28.912247
08-04 14:35 nessai INFO    : Total sampling time: 0:03:42.435784
08-04 14:35 nessai INFO    : Total likelihood evaluations: 1534195
08-04 14:35 nessai INFO    : Starting post processing
08-04 14:35 nessai INFO    : Computing posterior samples
08-04 14:35 nessai INFO    : Effective sample size: 6262.1
08-04 14:35 nessai INFO    : Producing posterior samples using rejection sampling
08-04 14:35 nessai INFO    : Expect 4326.127115516762 samples from rejection sampling
08-04 14:35 nessai INFO    : Returned 4304 posterior samples
08-04 14:35 nessai INFO    : Starting to close worker pool.
08-04 14:35 nessai INFO    : Finished closing worker pool.
