/data/wiay/postgrads/shashwat/qunat_com_future/lib/python3.11/site-packages/nessai/utils/logging.py:133: FutureWarning: setup_logger is deprecated, use configure_logger instead
  warnings.warn(
08-04 13:59 nessai INFO    : Running Nessai version 0.15.2
08-04 13:59 nessai INFO    : Starting multiprocessing pool with 4 processes
08-04 13:59 nessai INFO    : Initialising nested sampler
08-04 13:59 nessai WARNING : Multiprocessing pool has already been configured.
/data/wiay/postgrads/shashwat/qunat_com_future/lib/python3.11/site-packages/nessai/gw/__init__.py:12: FutureWarning: The `nessai.gw` module will be deprecated in the next release in favour of the nessai-gw package. This packages provides the same functionality as`nessai.gw` via the plugin interface.For more details, see: https://github.com/mj-will/nessai-gw
  warnings.warn(
08-04 13:59 nessai INFO    : Passing kwargs to FlowProposal: {'poolsize': 1000}
08-04 13:59 nessai INFO    : No reparameterisations provided, using default reparameterisations included in FlowProposal
08-04 13:59 nessai INFO    : Adding reparameterisations from: {}
08-04 13:59 nessai INFO    : Assuming fallback reparameterisation (ScaleAndShift) for ['kappa', 'mu_xi', 'sigma_chi', 'sigma_xi', 'rho', 'lambda_chi', 'chi0', 'xi0'] with kwargs: {'estimate_scale': True, 'estimate_shift': True, 'prior_bounds': {'kappa': array([0.1, 5. ]), 'mu_xi': array([0. , 0.1]), 'sigma_chi': array([0.05, 0.6 ]), 'sigma_xi': array([0.05, 0.4 ]), 'rho': array([-0.9,  0.9]), 'lambda_chi': array([-0.5,  0.5]), 'chi0': array([-0.5,  0.5]), 'xi0': array([2.5, 5. ])}}.
08-04 13:59 nessai INFO    : x space parameters: ['kappa', 'mu_xi', 'sigma_chi', 'sigma_xi', 'rho', 'lambda_chi', 'chi0', 'xi0']
08-04 13:59 nessai INFO    : x prime space parameters: ['kappa_prime', 'mu_xi_prime', 'sigma_chi_prime', 'sigma_xi_prime', 'rho_prime', 'lambda_chi_prime', 'chi0_prime', 'xi0_prime']
08-04 13:59 nessai INFO    : Overwriting fuzz factor with expansion fraction
08-04 13:59 nessai INFO    : New fuzz factor: 1.2228445449938519
08-04 13:59 nessai INFO    : Verifying rescaling functions
08-04 13:59 nessai INFO    : Rescaling functions are invertible
08-04 13:59 nessai INFO    : Populating initial live points
08-04 13:59 nessai INFO    : Populated 100 / 1000 live points
08-04 13:59 nessai INFO    : Populated 200 / 1000 live points
08-04 13:59 nessai INFO    : Populated 300 / 1000 live points
08-04 13:59 nessai INFO    : Populated 400 / 1000 live points
08-04 13:59 nessai INFO    : Populated 500 / 1000 live points
08-04 13:59 nessai INFO    : Populated 600 / 1000 live points
08-04 13:59 nessai INFO    : Populated 700 / 1000 live points
08-04 13:59 nessai INFO    : Populated 800 / 1000 live points
08-04 13:59 nessai INFO    : Populated 900 / 1000 live points
08-04 13:59 nessai INFO    : Populated 1000 / 1000 live points
08-04 13:59 nessai INFO    : Starting nested sampling loop
08-04 13:59 nessai INFO    : it:  1000: Rolling KS test: D=0.001, p-value=0.9973
08-04 13:59 nessai INFO    : it:  1000: n eval: 3000 H: 7.91 dlogZ: 14224009.500 logZ: -14263035.560 +/- 0.089 logLmax: -39025.06
08-04 13:59 nessai INFO    : it:  2000: Rolling KS test: D=0.005, p-value=0.9481
08-04 13:59 nessai INFO    : it:  2000: n eval: 8000 H: 8.91 dlogZ: 3772741.397 logZ: -3807404.974 +/- 0.094 logLmax: -34661.58
08-04 13:59 nessai INFO    : Switching to FlowProposal
08-04 13:59 nessai INFO    : it:  3000: Rolling KS test: D=0.027, p-value=0.2286
08-04 13:59 nessai INFO    : it:  3000: n eval: 11926 H: 9.91 dlogZ: 1257023.446 logZ: -1268132.139 +/- 0.100 logLmax: -11105.69
08-04 13:59 nessai INFO    : it:  4000: Rolling KS test: D=0.036, p-value=0.07308
08-04 13:59 nessai INFO    : it:  4000: n eval: 15939 H: 10.91 dlogZ: 502293.840 logZ: -507908.575 +/- 0.104 logLmax: -5610.74
08-04 13:59 nessai INFO    : it:  5000: Rolling KS test: D=0.034, p-value=0.09683
08-04 13:59 nessai INFO    : it:  5000: n eval: 20641 H: 11.91 dlogZ: 241365.217 logZ: -242456.507 +/- 0.109 logLmax: -1086.29
08-04 13:59 nessai INFO    : it:  6000: Rolling KS test: D=0.01, p-value=0.8133
08-04 13:59 nessai INFO    : it:  6000: n eval: 25111 H: 12.91 dlogZ: 117570.758 logZ: -118663.049 +/- 0.114 logLmax: -1086.29
08-04 13:59 nessai INFO    : it:  7000: Rolling KS test: D=0.011, p-value=0.7794
08-04 13:59 nessai INFO    : it:  7000: n eval: 29946 H: 13.91 dlogZ: 59490.694 logZ: -60401.008 +/- 0.118 logLmax: -903.32
08-04 13:59 nessai INFO    : it:  8000: Rolling KS test: D=0.023, p-value=0.3419
08-04 13:59 nessai INFO    : it:  8000: n eval: 34685 H: 14.91 dlogZ: 29016.352 logZ: -29927.666 +/- 0.122 logLmax: -903.32
08-04 13:59 nessai INFO    : it:  9000: Rolling KS test: D=0.015, p-value=0.6313
08-04 13:59 nessai INFO    : it:  9000: n eval: 40400 H: 15.70 dlogZ: 15214.415 logZ: -15928.786 +/- 0.125 logLmax: -705.37
08-04 13:59 nessai INFO    : it: 10000: Rolling KS test: D=0.014, p-value=0.6695
08-04 13:59 nessai INFO    : it: 10000: n eval: 51164 H: 16.79 dlogZ: 8544.643 logZ: -8890.949 +/- 0.130 logLmax: -336.31
08-04 13:59 nessai INFO    : it: 11000: Rolling KS test: D=0.019, p-value=0.4797
08-04 13:59 nessai INFO    : it: 11000: n eval: 57677 H: 17.91 dlogZ: 5315.564 logZ: -5388.579 +/- 0.134 logLmax: -62.02
08-04 13:59 nessai INFO    : it: 12000: Rolling KS test: D=0.016, p-value=0.593
08-04 13:59 nessai INFO    : it: 12000: n eval: 63743 H: 18.23 dlogZ: 3327.270 logZ: -3401.284 +/- 0.135 logLmax: -62.02
08-04 13:59 nessai INFO    : it: 13000: Rolling KS test: D=0.032, p-value=0.1263
08-04 13:59 nessai INFO    : it: 13000: n eval: 69991 H: 18.88 dlogZ: 2033.619 logZ: -2108.633 +/- 0.137 logLmax: -62.02
08-04 13:59 nessai INFO    : it: 14000: Rolling KS test: D=0.04, p-value=0.03967
08-04 13:59 nessai INFO    : it: 14000: n eval: 79914 H: 18.58 dlogZ: 1245.986 logZ: -1296.517 +/- 0.136 logLmax: -36.53
08-04 13:59 nessai INFO    : it: 15000: Rolling KS test: D=0.019, p-value=0.4797
08-04 13:59 nessai INFO    : it: 15000: n eval: 87327 H: 20.06 dlogZ: 775.380 logZ: -809.899 +/- 0.142 logLmax: -19.52
08-04 13:59 nessai INFO    : it: 16000: Rolling KS test: D=0.023, p-value=0.3419
08-04 13:59 nessai INFO    : it: 16000: n eval: 98181 H: 19.83 dlogZ: 481.834 logZ: -517.353 +/- 0.141 logLmax: -19.52
08-04 13:59 nessai INFO    : it: 17000: Rolling KS test: D=0.011, p-value=0.7794
08-04 13:59 nessai INFO    : it: 17000: n eval: 104996 H: 21.06 dlogZ: 292.578 logZ: -326.159 +/- 0.145 logLmax: -16.58
08-04 14:00 nessai INFO    : it: 18000: Rolling KS test: D=0.003, p-value=0.9802
08-04 14:00 nessai INFO    : it: 18000: n eval: 117486 H: 21.33 dlogZ: 180.177 logZ: -208.411 +/- 0.146 logLmax: -10.23
08-04 14:00 nessai INFO    : it: 19000: Rolling KS test: D=0.025, p-value=0.2818
08-04 14:00 nessai INFO    : it: 19000: n eval: 130980 H: 21.89 dlogZ: 115.427 logZ: -138.912 +/- 0.148 logLmax: -4.49
08-04 14:00 nessai INFO    : it: 20000: Rolling KS test: D=0.026, p-value=0.2543
08-04 14:00 nessai INFO    : it: 20000: n eval: 147105 H: 22.40 dlogZ: 72.101 logZ: -96.586 +/- 0.150 logLmax: -4.49
08-04 14:00 nessai INFO    : it: 21000: Rolling KS test: D=0.043, p-value=0.02406
08-04 14:00 nessai INFO    : it: 21000: n eval: 167124 H: 22.94 dlogZ: 46.584 logZ: -72.069 +/- 0.151 logLmax: -4.49
08-04 14:00 nessai INFO    : it: 22000: Rolling KS test: D=0.019, p-value=0.4797
08-04 14:00 nessai INFO    : it: 22000: n eval: 198195 H: 23.34 dlogZ: 31.180 logZ: -57.666 +/- 0.153 logLmax: -4.49
08-04 14:00 nessai INFO    : it: 23000: Rolling KS test: D=0.024, p-value=0.311
08-04 14:00 nessai INFO    : it: 23000: n eval: 237649 H: 23.90 dlogZ: 22.130 logZ: -48.607 +/- 0.155 logLmax: -3.48
08-04 14:00 nessai INFO    : it: 24000: Rolling KS test: D=0.016, p-value=0.593
08-04 14:00 nessai INFO    : it: 24000: n eval: 337649 H: 24.35 dlogZ: 15.666 logZ: -43.143 +/- 0.156 logLmax: -3.48
08-04 14:00 nessai INFO    : it: 25000: Rolling KS test: D=0.029, p-value=0.1825
08-04 14:00 nessai INFO    : it: 25000: n eval: 477649 H: 24.95 dlogZ: 11.017 logZ: -39.386 +/- 0.158 logLmax: -3.37
08-04 14:01 nessai INFO    : it: 26000: Rolling KS test: D=0.019, p-value=0.4797
08-04 14:01 nessai INFO    : it: 26000: n eval: 537649 H: 25.43 dlogZ: 7.538 logZ: -36.907 +/- 0.159 logLmax: -3.37
08-04 14:01 nessai INFO    : it: 27000: Rolling KS test: D=0.016, p-value=0.593
08-04 14:01 nessai INFO    : it: 27000: n eval: 597649 H: 25.84 dlogZ: 5.085 logZ: -35.388 +/- 0.161 logLmax: -3.31
08-04 14:01 nessai INFO    : it: 28000: Rolling KS test: D=0.018, p-value=0.5169
08-04 14:01 nessai INFO    : it: 28000: n eval: 647649 H: 26.24 dlogZ: 3.640 logZ: -34.415 +/- 0.162 logLmax: -2.80
08-04 14:01 nessai INFO    : it: 29000: Rolling KS test: D=0.015, p-value=0.6313
08-04 14:01 nessai INFO    : it: 29000: n eval: 687649 H: 26.59 dlogZ: 2.243 logZ: -33.807 +/- 0.163 logLmax: -2.68
08-04 14:01 nessai INFO    : it: 30000: Rolling KS test: D=0.05, p-value=0.006506
08-04 14:01 nessai INFO    : it: 30000: n eval: 737649 H: 26.86 dlogZ: 1.461 logZ: -33.443 +/- 0.164 logLmax: -2.25
08-04 14:01 nessai INFO    : it: 31000: Rolling KS test: D=0.031, p-value=0.1433
08-04 14:01 nessai INFO    : it: 31000: n eval: 775641 H: 27.06 dlogZ: 0.687 logZ: -33.233 +/- 0.164 logLmax: -2.25
08-04 14:01 nessai INFO    : it: 32000: Rolling KS test: D=0.024, p-value=0.311
08-04 14:01 nessai INFO    : it: 32000: n eval: 799452 H: 27.19 dlogZ: 0.281 logZ: -33.119 +/- 0.165 logLmax: -2.25
08-04 14:01 nessai INFO    : it: 33000: Rolling KS test: D=0.019, p-value=0.4797
08-04 14:01 nessai INFO    : it: 33000: n eval: 828636 H: 27.28 dlogZ: 0.109 logZ: -33.059 +/- 0.165 logLmax: -2.22
08-04 14:01 nessai INFO    : Stopping with difference_log_evidence=0.100
08-04 14:01 nessai INFO    : Finalising
08-04 14:01 nessai INFO    : Final ln-evidence: -33.005 +/- 0.165
08-04 14:01 nessai INFO    : Information: 27.37
08-04 14:01 nessai INFO    : Final KS test: D=0.006423, p-value=0.06405
08-04 14:01 nessai INFO    : Checkpointing nested sampling
08-04 14:01 nessai INFO    : Total sampling time: 0:02:32.389406
08-04 14:01 nessai INFO    : Total training time: 0:00:43.797769
08-04 14:01 nessai INFO    : Total population time: 0:00:56.383867
08-04 14:01 nessai INFO    : Total likelihood evaluations: 828636
08-04 14:01 nessai INFO    : Time spent evaluating likelihood: 0:00:15.731963
08-04 14:01 nessai INFO    : Total sampling time: 0:02:32.389406
08-04 14:01 nessai INFO    : Total likelihood evaluations: 828636
08-04 14:01 nessai INFO    : Starting post processing
08-04 14:01 nessai INFO    : Computing posterior samples
08-04 14:01 nessai INFO    : Effective sample size: 6754.9
08-04 14:01 nessai INFO    : Producing posterior samples using rejection sampling
08-04 14:01 nessai INFO    : Expect 4698.194532420438 samples from rejection sampling
08-04 14:01 nessai INFO    : Returned 4690 posterior samples
08-04 14:01 nessai INFO    : Starting to close worker pool.
08-04 14:01 nessai INFO    : Finished closing worker pool.
