/data/wiay/postgrads/shashwat/qunat_com_future/lib/python3.11/site-packages/nessai/utils/logging.py:133: FutureWarning: setup_logger is deprecated, use configure_logger instead
  warnings.warn(
08-04 12:45 nessai INFO    : Running Nessai version 0.15.2
08-04 12:45 nessai INFO    : Starting multiprocessing pool with 4 processes
08-04 12:45 nessai INFO    : Initialising nested sampler
08-04 12:45 nessai WARNING : Multiprocessing pool has already been configured.
/data/wiay/postgrads/shashwat/qunat_com_future/lib/python3.11/site-packages/nessai/gw/__init__.py:12: FutureWarning: The `nessai.gw` module will be deprecated in the next release in favour of the nessai-gw package. This packages provides the same functionality as`nessai.gw` via the plugin interface.For more details, see: https://github.com/mj-will/nessai-gw
  warnings.warn(
08-04 12:45 nessai INFO    : Passing kwargs to FlowProposal: {'poolsize': 1000}
08-04 12:45 nessai INFO    : No reparameterisations provided, using default reparameterisations included in FlowProposal
08-04 12:45 nessai INFO    : Adding reparameterisations from: {}
08-04 12:45 nessai INFO    : Assuming fallback reparameterisation (ScaleAndShift) for ['kappa', 'mu_xi', 'sigma_chi', 'sigma_xi', 'rho', 'lambda_chi', 'chi0', 'xi0'] with kwargs: {'estimate_scale': True, 'estimate_shift': True, 'prior_bounds': {'kappa': array([0.1, 5. ]), 'mu_xi': array([0. , 0.1]), 'sigma_chi': array([0.05, 0.6 ]), 'sigma_xi': array([0.05, 0.4 ]), 'rho': array([-0.9,  0.9]), 'lambda_chi': array([-0.5,  0.5]), 'chi0': array([-0.5,  0.5]), 'xi0': array([2.5, 5. ])}}.
08-04 12:45 nessai INFO    : x space parameters: ['kappa', 'mu_xi', 'sigma_chi', 'sigma_xi', 'rho', 'lambda_chi', 'chi0', 'xi0']
08-04 12:45 nessai INFO    : x prime space parameters: ['kappa_prime', 'mu_xi_prime', 'sigma_chi_prime', 'sigma_xi_prime', 'rho_prime', 'lambda_chi_prime', 'chi0_prime', 'xi0_prime']
08-04 12:45 nessai INFO    : Overwriting fuzz factor with expansion fraction
08-04 12:45 nessai INFO    : New fuzz factor: 1.2228445449938519
08-04 12:45 nessai INFO    : Verifying rescaling functions
08-04 12:45 nessai INFO    : Rescaling functions are invertible
08-04 12:45 nessai INFO    : Populating initial live points
08-04 12:45 nessai INFO    : Populated 100 / 1000 live points
08-04 12:45 nessai INFO    : Populated 200 / 1000 live points
08-04 12:45 nessai INFO    : Populated 300 / 1000 live points
08-04 12:45 nessai INFO    : Populated 400 / 1000 live points
08-04 12:45 nessai INFO    : Populated 500 / 1000 live points
08-04 12:45 nessai INFO    : Populated 600 / 1000 live points
08-04 12:45 nessai INFO    : Populated 700 / 1000 live points
08-04 12:45 nessai INFO    : Populated 800 / 1000 live points
08-04 12:45 nessai INFO    : Populated 900 / 1000 live points
08-04 12:45 nessai INFO    : Populated 1000 / 1000 live points
08-04 12:45 nessai INFO    : Starting nested sampling loop
08-04 12:45 nessai INFO    : it:  1000: Rolling KS test: D=0.012, p-value=0.7438
08-04 12:45 nessai INFO    : it:  1000: n eval: 3000 H: 7.91 dlogZ: 20108254.921 logZ: -20140943.805 +/- 0.089 logLmax: -32687.89
08-04 12:45 nessai INFO    : it:  2000: Rolling KS test: D=0.017, p-value=0.5547
08-04 12:45 nessai INFO    : it:  2000: n eval: 8000 H: 8.91 dlogZ: 5541867.458 logZ: -5560009.747 +/- 0.094 logLmax: -18140.29
08-04 12:45 nessai INFO    : Switching to FlowProposal
08-04 12:45 nessai INFO    : it:  3000: Rolling KS test: D=0.02, p-value=0.4434
08-04 12:45 nessai INFO    : it:  3000: n eval: 11954 H: 9.91 dlogZ: 2098612.559 logZ: -2116755.848 +/- 0.100 logLmax: -18140.29
08-04 12:45 nessai INFO    : it:  4000: Rolling KS test: D=0.011, p-value=0.7794
08-04 12:45 nessai INFO    : it:  4000: n eval: 15636 H: 10.91 dlogZ: 892506.444 logZ: -907314.760 +/- 0.104 logLmax: -14804.32
08-04 12:46 nessai INFO    : it:  5000: Rolling KS test: D=0.026, p-value=0.2543
08-04 12:46 nessai INFO    : it:  5000: n eval: 19893 H: 11.91 dlogZ: 421381.132 logZ: -436190.448 +/- 0.109 logLmax: -14804.32
08-04 12:46 nessai INFO    : it:  6000: Rolling KS test: D=0.036, p-value=0.07308
08-04 12:46 nessai INFO    : it:  6000: n eval: 22111 H: 12.91 dlogZ: 230682.993 logZ: -231658.332 +/- 0.114 logLmax: -969.34
08-04 12:46 nessai INFO    : it:  7000: Rolling KS test: D=0.021, p-value=0.4082
08-04 12:46 nessai INFO    : it:  7000: n eval: 26280 H: 13.90 dlogZ: 120663.134 logZ: -121190.304 +/- 0.118 logLmax: -520.17
08-04 12:46 nessai INFO    : it:  8000: Rolling KS test: D=0.032, p-value=0.1263
08-04 12:46 nessai INFO    : it:  8000: n eval: 30318 H: 14.91 dlogZ: 63542.753 logZ: -64070.923 +/- 0.122 logLmax: -520.17
08-04 12:46 nessai INFO    : it:  9000: Rolling KS test: D=0.007, p-value=0.9024
08-04 12:46 nessai INFO    : it:  9000: n eval: 34610 H: 15.90 dlogZ: 35029.749 logZ: -35558.919 +/- 0.126 logLmax: -520.17
08-04 12:46 nessai INFO    : it: 10000: Rolling KS test: D=0.016, p-value=0.593
08-04 12:46 nessai INFO    : it: 10000: n eval: 38888 H: 16.91 dlogZ: 19392.253 logZ: -19922.423 +/- 0.130 logLmax: -520.17
08-04 12:46 nessai INFO    : it: 11000: Rolling KS test: D=0.024, p-value=0.311
08-04 12:46 nessai INFO    : it: 11000: n eval: 43974 H: 17.66 dlogZ: 11255.123 logZ: -11495.007 +/- 0.133 logLmax: -228.88
08-04 12:46 nessai INFO    : it: 12000: Rolling KS test: D=0.023, p-value=0.3419
08-04 12:46 nessai INFO    : it: 12000: n eval: 50971 H: 18.01 dlogZ: 6396.635 logZ: -6637.518 +/- 0.134 logLmax: -228.88
08-04 12:46 nessai INFO    : it: 13000: Rolling KS test: D=0.004, p-value=0.9659
08-04 12:46 nessai INFO    : it: 13000: n eval: 55750 H: 19.11 dlogZ: 3974.956 logZ: -4085.010 +/- 0.138 logLmax: -97.06
08-04 12:46 nessai INFO    : it: 14000: Rolling KS test: D=0.029, p-value=0.1825
08-04 12:46 nessai INFO    : it: 14000: n eval: 60880 H: 19.76 dlogZ: 2320.763 logZ: -2403.326 +/- 0.141 logLmax: -68.56
08-04 12:46 nessai INFO    : it: 15000: Rolling KS test: D=0.038, p-value=0.05428
08-04 12:46 nessai INFO    : it: 15000: n eval: 69703 H: 20.75 dlogZ: 1419.743 logZ: -1475.658 +/- 0.144 logLmax: -40.92
08-04 12:46 nessai INFO    : it: 16000: Rolling KS test: D=0.025, p-value=0.2818
08-04 12:46 nessai INFO    : it: 16000: n eval: 76192 H: 20.76 dlogZ: 812.807 logZ: -869.722 +/- 0.144 logLmax: -40.92
08-04 12:46 nessai INFO    : it: 17000: Rolling KS test: D=0.013, p-value=0.7071
08-04 12:46 nessai INFO    : it: 17000: n eval: 86990 H: 21.33 dlogZ: 499.252 logZ: -523.718 +/- 0.146 logLmax: -7.47
08-04 12:46 nessai INFO    : it: 18000: Rolling KS test: D=0.029, p-value=0.1825
08-04 12:46 nessai INFO    : it: 18000: n eval: 94410 H: 21.80 dlogZ: 299.772 logZ: -325.238 +/- 0.148 logLmax: -7.47
08-04 12:46 nessai INFO    : it: 19000: Rolling KS test: D=0.027, p-value=0.2286
08-04 12:46 nessai INFO    : it: 19000: n eval: 101143 H: 22.73 dlogZ: 179.354 logZ: -204.183 +/- 0.151 logLmax: -5.83
08-04 12:46 nessai INFO    : it: 20000: Rolling KS test: D=0.033, p-value=0.1108
08-04 12:46 nessai INFO    : it: 20000: n eval: 114112 H: 23.06 dlogZ: 110.341 logZ: -133.053 +/- 0.152 logLmax: -2.71
08-04 12:46 nessai INFO    : it: 21000: Rolling KS test: D=0.023, p-value=0.3419
08-04 12:46 nessai INFO    : it: 21000: n eval: 127293 H: 23.56 dlogZ: 67.235 logZ: -90.947 +/- 0.153 logLmax: -2.71
08-04 12:46 nessai INFO    : it: 22000: Rolling KS test: D=0.001, p-value=0.9973
08-04 12:46 nessai INFO    : it: 22000: n eval: 152973 H: 23.90 dlogZ: 41.269 logZ: -65.982 +/- 0.155 logLmax: -2.71
08-04 12:47 nessai INFO    : it: 23000: Rolling KS test: D=0.012, p-value=0.7438
08-04 12:47 nessai INFO    : it: 23000: n eval: 173040 H: 24.43 dlogZ: 26.562 logZ: -51.079 +/- 0.156 logLmax: -1.52
08-04 12:47 nessai INFO    : it: 24000: Rolling KS test: D=0.024, p-value=0.311
08-04 12:47 nessai INFO    : it: 24000: n eval: 206914 H: 24.77 dlogZ: 17.034 logZ: -42.550 +/- 0.157 logLmax: -1.52
08-04 12:47 nessai INFO    : it: 25000: Rolling KS test: D=0.037, p-value=0.06311
08-04 12:47 nessai INFO    : it: 25000: n eval: 241405 H: 25.25 dlogZ: 11.089 logZ: -37.606 +/- 0.159 logLmax: -1.52
08-04 12:47 nessai INFO    : it: 26000: Rolling KS test: D=0.011, p-value=0.7794
08-04 12:47 nessai INFO    : it: 26000: n eval: 281405 H: 25.65 dlogZ: 7.451 logZ: -34.640 +/- 0.160 logLmax: -1.19
08-04 12:47 nessai INFO    : it: 27000: Rolling KS test: D=0.05, p-value=0.006506
08-04 12:47 nessai INFO    : it: 27000: n eval: 351405 H: 26.00 dlogZ: 5.047 logZ: -32.912 +/- 0.161 logLmax: -0.87
08-04 12:48 nessai INFO    : it: 28000: Rolling KS test: D=0.024, p-value=0.311
08-04 12:48 nessai INFO    : it: 28000: n eval: 451405 H: 26.32 dlogZ: 3.086 logZ: -31.911 +/- 0.162 logLmax: -0.87
08-04 12:48 nessai INFO    : it: 29000: Rolling KS test: D=0.016, p-value=0.593
08-04 12:48 nessai INFO    : it: 29000: n eval: 551405 H: 26.59 dlogZ: 1.844 logZ: -31.336 +/- 0.163 logLmax: -0.67
08-04 12:49 nessai INFO    : it: 30000: Rolling KS test: D=0.035, p-value=0.08429
08-04 12:49 nessai INFO    : it: 30000: n eval: 691405 H: 26.78 dlogZ: 0.978 logZ: -31.027 +/- 0.164 logLmax: -0.52
08-04 12:49 nessai INFO    : it: 31000: Rolling KS test: D=0.024, p-value=0.311
08-04 12:49 nessai INFO    : it: 31000: n eval: 851405 H: 26.91 dlogZ: 0.428 logZ: -30.865 +/- 0.164 logLmax: -0.49
08-04 12:50 nessai INFO    : it: 32000: Rolling KS test: D=0.009, p-value=0.8454
08-04 12:50 nessai INFO    : it: 32000: n eval: 1061405 H: 27.00 dlogZ: 0.166 logZ: -30.780 +/- 0.164 logLmax: -0.49
08-04 12:50 nessai INFO    : Stopping with difference_log_evidence=0.100
08-04 12:50 nessai INFO    : Finalising
08-04 12:50 nessai INFO    : Final ln-evidence: -30.705 +/- 0.165
08-04 12:50 nessai INFO    : Information: 27.10
08-04 12:50 nessai INFO    : Final KS test: D=0.0076, p-value=0.02317
08-04 12:50 nessai WARNING : Final p-value for the insertion indices is less than 0.05, this could be an indication of problems during sampling. Consider checking the diagnostic plots.
08-04 12:50 nessai INFO    : Checkpointing nested sampling
08-04 12:50 nessai INFO    : Total sampling time: 0:05:08.001154
08-04 12:50 nessai INFO    : Total training time: 0:01:18.559929
08-04 12:50 nessai INFO    : Total population time: 0:02:21.849706
08-04 12:50 nessai INFO    : Total likelihood evaluations: 1181405
08-04 12:50 nessai INFO    : Time spent evaluating likelihood: 0:00:45.323117
08-04 12:50 nessai INFO    : Total sampling time: 0:05:08.001154
08-04 12:50 nessai INFO    : Total likelihood evaluations: 1181405
08-04 12:50 nessai INFO    : Starting post processing
08-04 12:50 nessai INFO    : Computing posterior samples
08-04 12:50 nessai INFO    : Effective sample size: 6117.0
08-04 12:50 nessai INFO    : Producing posterior samples using rejection sampling
08-04 12:50 nessai INFO    : Expect 4170.402260537249 samples from rejection sampling
08-04 12:50 nessai INFO    : Returned 4112 posterior samples
08-04 12:52 nessai INFO    : Starting to close worker pool.
08-04 12:52 nessai INFO    : Finished closing worker pool.
