/data/wiay/postgrads/shashwat/qunat_com_future/lib/python3.11/site-packages/nessai/utils/logging.py:133: FutureWarning: setup_logger is deprecated, use configure_logger instead
  warnings.warn(
08-04 12:50 nessai INFO    : Running Nessai version 0.15.2
08-04 12:50 nessai INFO    : Starting multiprocessing pool with 4 processes
08-04 12:50 nessai INFO    : Initialising nested sampler
08-04 12:50 nessai WARNING : Multiprocessing pool has already been configured.
/data/wiay/postgrads/shashwat/qunat_com_future/lib/python3.11/site-packages/nessai/gw/__init__.py:12: FutureWarning: The `nessai.gw` module will be deprecated in the next release in favour of the nessai-gw package. This packages provides the same functionality as`nessai.gw` via the plugin interface.For more details, see: https://github.com/mj-will/nessai-gw
  warnings.warn(
08-04 12:50 nessai INFO    : Passing kwargs to FlowProposal: {'poolsize': 1000}
08-04 12:50 nessai INFO    : No reparameterisations provided, using default reparameterisations included in FlowProposal
08-04 12:50 nessai INFO    : Adding reparameterisations from: {}
08-04 12:50 nessai INFO    : Assuming fallback reparameterisation (ScaleAndShift) for ['kappa', 'mu_xi', 'sigma_chi', 'sigma_xi', 'rho', 'lambda_chi', 'chi0', 'xi0'] with kwargs: {'estimate_scale': True, 'estimate_shift': True, 'prior_bounds': {'kappa': array([0.1, 5. ]), 'mu_xi': array([0. , 0.1]), 'sigma_chi': array([0.05, 0.6 ]), 'sigma_xi': array([0.05, 0.4 ]), 'rho': array([-0.9,  0.9]), 'lambda_chi': array([-0.5,  0.5]), 'chi0': array([-0.5,  0.5]), 'xi0': array([2.5, 5. ])}}.
08-04 12:50 nessai INFO    : x space parameters: ['kappa', 'mu_xi', 'sigma_chi', 'sigma_xi', 'rho', 'lambda_chi', 'chi0', 'xi0']
08-04 12:50 nessai INFO    : x prime space parameters: ['kappa_prime', 'mu_xi_prime', 'sigma_chi_prime', 'sigma_xi_prime', 'rho_prime', 'lambda_chi_prime', 'chi0_prime', 'xi0_prime']
08-04 12:50 nessai INFO    : Overwriting fuzz factor with expansion fraction
08-04 12:50 nessai INFO    : New fuzz factor: 1.2228445449938519
08-04 12:50 nessai INFO    : Verifying rescaling functions
08-04 12:50 nessai INFO    : Rescaling functions are invertible
08-04 12:50 nessai INFO    : Populating initial live points
08-04 12:50 nessai INFO    : Populated 100 / 1000 live points
08-04 12:50 nessai INFO    : Populated 200 / 1000 live points
08-04 12:50 nessai INFO    : Populated 300 / 1000 live points
08-04 12:50 nessai INFO    : Populated 400 / 1000 live points
08-04 12:50 nessai INFO    : Populated 500 / 1000 live points
08-04 12:50 nessai INFO    : Populated 600 / 1000 live points
08-04 12:50 nessai INFO    : Populated 700 / 1000 live points
08-04 12:50 nessai INFO    : Populated 800 / 1000 live points
08-04 12:50 nessai INFO    : Populated 900 / 1000 live points
08-04 12:50 nessai INFO    : Populated 1000 / 1000 live points
08-04 12:50 nessai INFO    : Starting nested sampling loop
08-04 12:50 nessai INFO    : it:  1000: Rolling KS test: D=0.014, p-value=0.6695
08-04 12:50 nessai INFO    : it:  1000: n eval: 3000 H: 7.91 dlogZ: 30909513.029 logZ: -30949566.544 +/- 0.089 logLmax: -40052.52
08-04 12:50 nessai INFO    : it:  2000: Rolling KS test: D=0.047, p-value=0.01167
08-04 12:50 nessai INFO    : it:  2000: n eval: 8000 H: 8.91 dlogZ: 8181151.685 logZ: -8221206.200 +/- 0.094 logLmax: -40052.52
08-04 12:50 nessai INFO    : Switching to FlowProposal
08-04 12:50 nessai INFO    : it:  3000: Rolling KS test: D=0.018, p-value=0.5169
08-04 12:50 nessai INFO    : it:  3000: n eval: 12147 H: 9.91 dlogZ: 2827491.259 logZ: -2847270.523 +/- 0.100 logLmax: -19776.27
08-04 12:50 nessai INFO    : it:  4000: Rolling KS test: D=0.006, p-value=0.9268
08-04 12:50 nessai INFO    : it:  4000: n eval: 15733 H: 10.91 dlogZ: 1159406.976 logZ: -1161300.724 +/- 0.104 logLmax: -1889.75
08-04 12:50 nessai INFO    : it:  5000: Rolling KS test: D=0.011, p-value=0.7794
08-04 12:50 nessai INFO    : it:  5000: n eval: 19790 H: 11.91 dlogZ: 519243.205 logZ: -521137.952 +/- 0.109 logLmax: -1889.75
08-04 12:50 nessai INFO    : it:  6000: Rolling KS test: D=0.031, p-value=0.1433
08-04 12:50 nessai INFO    : it:  6000: n eval: 22574 H: 12.91 dlogZ: 250490.001 logZ: -252385.748 +/- 0.114 logLmax: -1889.75
08-04 12:50 nessai INFO    : it:  7000: Rolling KS test: D=0.032, p-value=0.1263
08-04 12:50 nessai INFO    : it:  7000: n eval: 29535 H: 13.91 dlogZ: 122196.804 logZ: -123095.982 +/- 0.118 logLmax: -892.18
08-04 12:50 nessai INFO    : it:  8000: Rolling KS test: D=0.004, p-value=0.9659
08-04 12:50 nessai INFO    : it:  8000: n eval: 34953 H: 14.91 dlogZ: 60145.468 logZ: -61045.646 +/- 0.122 logLmax: -892.18
08-04 12:50 nessai INFO    : it:  9000: Rolling KS test: D=0.021, p-value=0.4082
08-04 12:50 nessai INFO    : it:  9000: n eval: 41780 H: 15.91 dlogZ: 30591.519 logZ: -31252.510 +/- 0.126 logLmax: -651.99
08-04 12:51 nessai INFO    : it: 10000: Rolling KS test: D=0.036, p-value=0.07308
08-04 12:51 nessai INFO    : it: 10000: n eval: 48184 H: 16.30 dlogZ: 16316.201 logZ: -16562.615 +/- 0.128 logLmax: -236.41
08-04 12:51 nessai INFO    : it: 11000: Rolling KS test: D=0.013, p-value=0.7071
08-04 12:51 nessai INFO    : it: 11000: n eval: 56602 H: 17.22 dlogZ: 8782.601 logZ: -9030.015 +/- 0.131 logLmax: -236.41
08-04 12:51 nessai INFO    : it: 12000: Rolling KS test: D=0.013, p-value=0.7071
08-04 12:51 nessai INFO    : it: 12000: n eval: 62618 H: 18.22 dlogZ: 4629.373 logZ: -4734.586 +/- 0.135 logLmax: -93.21
08-04 12:51 nessai INFO    : it: 13000: Rolling KS test: D=0.012, p-value=0.7438
08-04 12:51 nessai INFO    : it: 13000: n eval: 71909 H: 19.03 dlogZ: 2520.319 logZ: -2626.531 +/- 0.138 logLmax: -93.21
08-04 12:51 nessai INFO    : it: 14000: Rolling KS test: D=0.009, p-value=0.8454
08-04 12:51 nessai INFO    : it: 14000: n eval: 79267 H: 19.05 dlogZ: 1378.990 logZ: -1486.202 +/- 0.138 logLmax: -93.21
08-04 12:51 nessai INFO    : it: 15000: Rolling KS test: D=0.05, p-value=0.006506
08-04 12:51 nessai INFO    : it: 15000: n eval: 91544 H: 19.67 dlogZ: 828.313 logZ: -879.853 +/- 0.140 logLmax: -36.54
08-04 12:51 nessai INFO    : it: 16000: Rolling KS test: D=0.039, p-value=0.0465
08-04 12:51 nessai INFO    : it: 16000: n eval: 104030 H: 20.46 dlogZ: 516.959 logZ: -560.708 +/- 0.143 logLmax: -27.75
08-04 12:51 nessai INFO    : it: 17000: Rolling KS test: D=0.029, p-value=0.1825
08-04 12:51 nessai INFO    : it: 17000: n eval: 111960 H: 21.03 dlogZ: 301.209 logZ: -345.958 +/- 0.145 logLmax: -27.75
08-04 12:51 nessai INFO    : it: 18000: Rolling KS test: D=0.054, p-value=0.002821
08-04 12:51 nessai INFO    : it: 18000: n eval: 124589 H: 21.37 dlogZ: 190.810 logZ: -218.132 +/- 0.146 logLmax: -9.32
08-04 12:51 nessai INFO    : it: 19000: Rolling KS test: D=0.022, p-value=0.3744
08-04 12:51 nessai INFO    : it: 19000: n eval: 138917 H: 22.23 dlogZ: 119.552 logZ: -142.352 +/- 0.149 logLmax: -3.80
08-04 12:52 nessai INFO    : it: 20000: Rolling KS test: D=0.003, p-value=0.9802
08-04 12:52 nessai INFO    : it: 20000: n eval: 156795 H: 22.54 dlogZ: 72.339 logZ: -96.140 +/- 0.150 logLmax: -3.80
08-04 12:52 nessai INFO    : it: 21000: Rolling KS test: D=0.018, p-value=0.5169
08-04 12:52 nessai INFO    : it: 21000: n eval: 190170 H: 23.03 dlogZ: 44.788 logZ: -69.589 +/- 0.152 logLmax: -3.80
08-04 12:52 nessai INFO    : it: 22000: Rolling KS test: D=0.014, p-value=0.6695
08-04 12:52 nessai INFO    : it: 22000: n eval: 228592 H: 23.44 dlogZ: 29.200 logZ: -55.000 +/- 0.153 logLmax: -3.80
08-04 12:53 nessai INFO    : it: 23000: Rolling KS test: D=0.03, p-value=0.162
08-04 12:53 nessai INFO    : it: 23000: n eval: 278592 H: 23.92 dlogZ: 19.787 logZ: -45.581 +/- 0.155 logLmax: -2.80
08-04 12:53 nessai INFO    : it: 24000: Rolling KS test: D=0.04, p-value=0.03967
08-04 12:53 nessai INFO    : it: 24000: n eval: 338592 H: 24.30 dlogZ: 13.225 logZ: -40.019 +/- 0.156 logLmax: -2.80
08-04 12:53 nessai INFO    : it: 25000: Rolling KS test: D=0.013, p-value=0.7071
08-04 12:53 nessai INFO    : it: 25000: n eval: 418592 H: 24.78 dlogZ: 9.165 logZ: -36.735 +/- 0.157 logLmax: -2.57
08-04 12:54 nessai INFO    : it: 26000: Rolling KS test: D=0.022, p-value=0.3744
08-04 12:54 nessai INFO    : it: 26000: n eval: 518592 H: 25.29 dlogZ: 6.918 logZ: -34.561 +/- 0.159 logLmax: -1.65
08-04 12:54 nessai INFO    : it: 27000: Rolling KS test: D=0.022, p-value=0.3744
08-04 12:54 nessai INFO    : it: 27000: n eval: 638592 H: 25.69 dlogZ: 5.045 logZ: -33.203 +/- 0.160 logLmax: -1.16
08-04 12:54 nessai INFO    : it: 28000: Rolling KS test: D=0.026, p-value=0.2543
08-04 12:54 nessai INFO    : it: 28000: n eval: 748592 H: 26.07 dlogZ: 3.343 logZ: -32.349 +/- 0.161 logLmax: -1.04
08-04 12:55 nessai INFO    : it: 29000: Rolling KS test: D=0.028, p-value=0.2046
08-04 12:55 nessai INFO    : it: 29000: n eval: 828592 H: 26.38 dlogZ: 1.940 logZ: -31.827 +/- 0.162 logLmax: -1.04
08-04 12:55 nessai INFO    : it: 30000: Rolling KS test: D=0.03, p-value=0.162
08-04 12:55 nessai INFO    : it: 30000: n eval: 918592 H: 26.65 dlogZ: 1.095 logZ: -31.505 +/- 0.163 logLmax: -0.82
08-04 12:55 nessai INFO    : it: 31000: Rolling KS test: D=0.066, p-value=0.0001565
08-04 12:55 nessai INFO    : it: 31000: n eval: 988592 H: 26.83 dlogZ: 0.477 logZ: -31.323 +/- 0.164 logLmax: -0.82
08-04 12:55 nessai INFO    : it: 32000: Rolling KS test: D=0.029, p-value=0.1825
08-04 12:55 nessai INFO    : it: 32000: n eval: 1048592 H: 26.95 dlogZ: 0.189 logZ: -31.227 +/- 0.164 logLmax: -0.80
08-04 12:55 nessai INFO    : Stopping with difference_log_evidence=0.100
08-04 12:55 nessai INFO    : Finalising
08-04 12:55 nessai INFO    : Final ln-evidence: -31.138 +/- 0.165
08-04 12:55 nessai INFO    : Information: 27.10
08-04 12:55 nessai INFO    : Final KS test: D=0.00889, p-value=0.00567
08-04 12:55 nessai WARNING : Final p-value for the insertion indices is less than 0.05, this could be an indication of problems during sampling. Consider checking the diagnostic plots.
08-04 12:55 nessai INFO    : Checkpointing nested sampling
08-04 12:55 nessai INFO    : Total sampling time: 0:05:13.850544
08-04 12:55 nessai INFO    : Total training time: 0:01:37.988093
08-04 12:55 nessai INFO    : Total population time: 0:01:57.213104
08-04 12:55 nessai INFO    : Total likelihood evaluations: 1088170
08-04 12:55 nessai INFO    : Time spent evaluating likelihood: 0:00:43.354903
08-04 12:55 nessai INFO    : Total sampling time: 0:05:13.850544
08-04 12:55 nessai INFO    : Total likelihood evaluations: 1088170
08-04 12:55 nessai INFO    : Starting post processing
08-04 12:55 nessai INFO    : Computing posterior samples
08-04 12:55 nessai INFO    : Effective sample size: 6707.8
08-04 12:55 nessai INFO    : Producing posterior samples using rejection sampling
08-04 12:55 nessai INFO    : Expect 4755.358977580648 samples from rejection sampling
08-04 12:55 nessai INFO    : Returned 4672 posterior samples
08-04 12:55 nessai INFO    : Starting to close worker pool.
08-04 12:55 nessai INFO    : Finished closing worker pool.
