/data/wiay/postgrads/shashwat/qunat_com_future/lib/python3.11/site-packages/nessai/utils/logging.py:133: FutureWarning: setup_logger is deprecated, use configure_logger instead
  warnings.warn(
08-04 15:09 nessai INFO    : Running Nessai version 0.15.2
08-04 15:09 nessai INFO    : Starting multiprocessing pool with 4 processes
08-04 15:09 nessai INFO    : Initialising nested sampler
08-04 15:09 nessai WARNING : Multiprocessing pool has already been configured.
/data/wiay/postgrads/shashwat/qunat_com_future/lib/python3.11/site-packages/nessai/gw/__init__.py:12: FutureWarning: The `nessai.gw` module will be deprecated in the next release in favour of the nessai-gw package. This packages provides the same functionality as`nessai.gw` via the plugin interface.For more details, see: https://github.com/mj-will/nessai-gw
  warnings.warn(
08-04 15:09 nessai INFO    : Passing kwargs to FlowProposal: {'poolsize': 1000}
08-04 15:09 nessai INFO    : No reparameterisations provided, using default reparameterisations included in FlowProposal
08-04 15:09 nessai INFO    : Adding reparameterisations from: {}
08-04 15:09 nessai INFO    : Assuming fallback reparameterisation (ScaleAndShift) for ['kappa', 'mu_xi', 'sigma_chi', 'sigma_xi', 'rho', 'lambda_chi', 'chi0', 'xi0'] with kwargs: {'estimate_scale': True, 'estimate_shift': True, 'prior_bounds': {'kappa': array([0.1, 5. ]), 'mu_xi': array([0. , 0.1]), 'sigma_chi': array([0.05, 0.6 ]), 'sigma_xi': array([0.05, 0.4 ]), 'rho': array([-0.9,  0.9]), 'lambda_chi': array([-0.5,  0.5]), 'chi0': array([-0.5,  0.5]), 'xi0': array([2.5, 5. ])}}.
08-04 15:09 nessai INFO    : x space parameters: ['kappa', 'mu_xi', 'sigma_chi', 'sigma_xi', 'rho', 'lambda_chi', 'chi0', 'xi0']
08-04 15:09 nessai INFO    : x prime space parameters: ['kappa_prime', 'mu_xi_prime', 'sigma_chi_prime', 'sigma_xi_prime', 'rho_prime', 'lambda_chi_prime', 'chi0_prime', 'xi0_prime']
08-04 15:09 nessai INFO    : Overwriting fuzz factor with expansion fraction
08-04 15:09 nessai INFO    : New fuzz factor: 1.2228445449938519
08-04 15:09 nessai INFO    : Verifying rescaling functions
08-04 15:09 nessai INFO    : Rescaling functions are invertible
08-04 15:09 nessai INFO    : Populating initial live points
08-04 15:09 nessai INFO    : Populated 100 / 1000 live points
08-04 15:09 nessai INFO    : Populated 200 / 1000 live points
08-04 15:09 nessai INFO    : Populated 300 / 1000 live points
08-04 15:09 nessai INFO    : Populated 400 / 1000 live points
08-04 15:09 nessai INFO    : Populated 500 / 1000 live points
08-04 15:09 nessai INFO    : Populated 600 / 1000 live points
08-04 15:09 nessai INFO    : Populated 700 / 1000 live points
08-04 15:09 nessai INFO    : Populated 800 / 1000 live points
08-04 15:09 nessai INFO    : Populated 900 / 1000 live points
08-04 15:09 nessai INFO    : Populated 1000 / 1000 live points
08-04 15:09 nessai INFO    : Starting nested sampling loop
08-04 15:09 nessai INFO    : it:  1000: Rolling KS test: D=0.017, p-value=0.5547
08-04 15:09 nessai INFO    : it:  1000: n eval: 3000 H: 7.91 dlogZ: 10847158.909 logZ: -10873834.277 +/- 0.089 logLmax: -26674.37
08-04 15:09 nessai INFO    : it:  2000: Rolling KS test: D=0.02, p-value=0.4434
08-04 15:09 nessai INFO    : it:  2000: n eval: 8000 H: 8.91 dlogZ: 3000940.142 logZ: -3027616.510 +/- 0.094 logLmax: -26674.37
08-04 15:09 nessai INFO    : Switching to FlowProposal
08-04 15:09 nessai INFO    : it:  3000: Rolling KS test: D=0.021, p-value=0.4082
08-04 15:09 nessai INFO    : it:  3000: n eval: 12201 H: 9.91 dlogZ: 1107956.976 logZ: -1112859.844 +/- 0.100 logLmax: -4899.87
08-04 15:09 nessai INFO    : it:  4000: Rolling KS test: D=0.016, p-value=0.593
08-04 15:09 nessai INFO    : it:  4000: n eval: 15995 H: 10.91 dlogZ: 454884.434 logZ: -457708.011 +/- 0.104 logLmax: -2819.58
08-04 15:09 nessai INFO    : it:  5000: Rolling KS test: D=0.047, p-value=0.01167
08-04 15:09 nessai INFO    : it:  5000: n eval: 20227 H: 11.91 dlogZ: 210799.180 logZ: -213623.757 +/- 0.109 logLmax: -2819.58
08-04 15:09 nessai INFO    : it:  6000: Rolling KS test: D=0.04, p-value=0.03967
08-04 15:09 nessai INFO    : it:  6000: n eval: 24871 H: 12.91 dlogZ: 108397.570 logZ: -111223.147 +/- 0.114 logLmax: -2819.58
08-04 15:09 nessai INFO    : it:  7000: Rolling KS test: D=0.015, p-value=0.6313
08-04 15:09 nessai INFO    : it:  7000: n eval: 29438 H: 13.91 dlogZ: 53876.385 logZ: -56150.163 +/- 0.118 logLmax: -2266.78
08-04 15:09 nessai INFO    : it:  8000: Rolling KS test: D=0.021, p-value=0.4082
08-04 15:09 nessai INFO    : it:  8000: n eval: 35081 H: 14.87 dlogZ: 28992.890 logZ: -29594.352 +/- 0.122 logLmax: -593.46
08-04 15:09 nessai INFO    : it:  9000: Rolling KS test: D=0.015, p-value=0.6313
08-04 15:09 nessai INFO    : it:  9000: n eval: 39895 H: 15.91 dlogZ: 15894.234 logZ: -16457.654 +/- 0.126 logLmax: -554.42
08-04 15:09 nessai INFO    : it: 10000: Rolling KS test: D=0.02, p-value=0.4434
08-04 15:09 nessai INFO    : it: 10000: n eval: 44662 H: 16.91 dlogZ: 9437.150 logZ: -9729.925 +/- 0.130 logLmax: -282.78
08-04 15:09 nessai INFO    : it: 11000: Rolling KS test: D=0.028, p-value=0.2046
08-04 15:09 nessai INFO    : it: 11000: n eval: 49526 H: 17.13 dlogZ: 5763.532 logZ: -5965.289 +/- 0.131 logLmax: -190.76
08-04 15:09 nessai INFO    : it: 12000: Rolling KS test: D=0.017, p-value=0.5547
08-04 15:10 nessai INFO    : it: 12000: n eval: 55284 H: 18.73 dlogZ: 3524.092 logZ: -3726.850 +/- 0.137 logLmax: -190.76
08-04 15:10 nessai INFO    : it: 13000: Rolling KS test: D=0.018, p-value=0.5169
08-04 15:10 nessai INFO    : it: 13000: n eval: 64130 H: 18.57 dlogZ: 2208.994 logZ: -2296.678 +/- 0.136 logLmax: -74.68
08-04 15:10 nessai INFO    : it: 14000: Rolling KS test: D=0.012, p-value=0.7438
08-04 15:10 nessai INFO    : it: 14000: n eval: 69525 H: 19.99 dlogZ: 1332.309 logZ: -1420.993 +/- 0.141 logLmax: -74.68
08-04 15:10 nessai INFO    : it: 15000: Rolling KS test: D=0.034, p-value=0.09683
08-04 15:10 nessai INFO    : it: 15000: n eval: 75826 H: 20.19 dlogZ: 803.696 logZ: -848.561 +/- 0.142 logLmax: -29.87
08-04 15:10 nessai INFO    : it: 16000: Rolling KS test: D=0.048, p-value=0.009645
08-04 15:10 nessai INFO    : it: 16000: n eval: 86113 H: 20.55 dlogZ: 479.275 logZ: -524.370 +/- 0.143 logLmax: -29.10
08-04 15:10 nessai INFO    : it: 17000: Rolling KS test: D=0.022, p-value=0.3744
08-04 15:10 nessai INFO    : it: 17000: n eval: 93388 H: 21.27 dlogZ: 295.152 logZ: -319.249 +/- 0.146 logLmax: -7.10
08-04 15:10 nessai INFO    : it: 18000: Rolling KS test: D=0.022, p-value=0.3744
08-04 15:10 nessai INFO    : it: 18000: n eval: 104844 H: 21.77 dlogZ: 178.615 logZ: -203.712 +/- 0.148 logLmax: -7.10
08-04 15:10 nessai INFO    : it: 19000: Rolling KS test: D=0.028, p-value=0.2046
08-04 15:10 nessai INFO    : it: 19000: n eval: 117843 H: 21.90 dlogZ: 106.044 logZ: -132.140 +/- 0.148 logLmax: -7.10
08-04 15:10 nessai INFO    : it: 20000: Rolling KS test: D=0.015, p-value=0.6313
08-04 15:10 nessai INFO    : it: 20000: n eval: 132965 H: 22.39 dlogZ: 68.250 logZ: -91.022 +/- 0.150 logLmax: -2.77
08-04 15:10 nessai INFO    : it: 21000: Rolling KS test: D=0.028, p-value=0.2046
08-04 15:10 nessai INFO    : it: 21000: n eval: 149611 H: 22.93 dlogZ: 42.284 logZ: -66.055 +/- 0.151 logLmax: -2.77
08-04 15:10 nessai INFO    : it: 22000: Rolling KS test: D=0.012, p-value=0.7438
08-04 15:10 nessai INFO    : it: 22000: n eval: 174819 H: 23.30 dlogZ: 26.664 logZ: -51.436 +/- 0.153 logLmax: -2.77
08-04 15:10 nessai INFO    : it: 23000: Rolling KS test: D=0.045, p-value=0.01689
08-04 15:10 nessai INFO    : it: 23000: n eval: 200232 H: 23.82 dlogZ: 17.075 logZ: -42.847 +/- 0.154 logLmax: -2.77
08-04 15:10 nessai INFO    : it: 24000: Rolling KS test: D=0.018, p-value=0.5169
08-04 15:10 nessai INFO    : it: 24000: n eval: 237429 H: 24.22 dlogZ: 11.116 logZ: -37.888 +/- 0.156 logLmax: -2.77
08-04 15:10 nessai INFO    : it: 25000: Rolling KS test: D=0.021, p-value=0.4082
08-04 15:10 nessai INFO    : it: 25000: n eval: 297429 H: 24.66 dlogZ: 7.426 logZ: -34.875 +/- 0.157 logLmax: -2.45
08-04 15:11 nessai INFO    : it: 26000: Rolling KS test: D=0.029, p-value=0.1825
08-04 15:11 nessai INFO    : it: 26000: n eval: 367429 H: 24.94 dlogZ: 4.790 logZ: -33.221 +/- 0.158 logLmax: -2.44
08-04 15:11 nessai INFO    : it: 27000: Rolling KS test: D=0.022, p-value=0.3744
08-04 15:11 nessai INFO    : it: 27000: n eval: 467429 H: 25.21 dlogZ: 2.937 logZ: -32.322 +/- 0.159 logLmax: -2.44
08-04 15:11 nessai INFO    : it: 28000: Rolling KS test: D=0.032, p-value=0.1263
08-04 15:11 nessai INFO    : it: 28000: n eval: 597429 H: 25.45 dlogZ: 1.887 logZ: -31.811 +/- 0.160 logLmax: -2.09
08-04 15:11 nessai INFO    : it: 29000: Rolling KS test: D=0.028, p-value=0.2046
08-04 15:11 nessai INFO    : it: 29000: n eval: 757429 H: 25.65 dlogZ: 0.990 logZ: -31.522 +/- 0.160 logLmax: -2.00
08-04 15:12 nessai INFO    : it: 30000: Rolling KS test: D=0.013, p-value=0.7071
08-04 15:12 nessai INFO    : it: 30000: n eval: 907429 H: 25.79 dlogZ: 0.433 logZ: -31.365 +/- 0.161 logLmax: -1.98
08-04 15:12 nessai INFO    : it: 31000: Rolling KS test: D=0.021, p-value=0.4082
08-04 15:12 nessai INFO    : it: 31000: n eval: 1057429 H: 25.88 dlogZ: 0.168 logZ: -31.283 +/- 0.161 logLmax: -1.98
08-04 15:12 nessai INFO    : Stopping with difference_log_evidence=0.100
08-04 15:12 nessai INFO    : Finalising
08-04 15:12 nessai INFO    : Final ln-evidence: -31.207 +/- 0.161
08-04 15:12 nessai INFO    : Information: 26.00
08-04 15:12 nessai INFO    : Final KS test: D=0.01044, p-value=0.0009977
08-04 15:12 nessai WARNING : Final p-value for the insertion indices is less than 0.05, this could be an indication of problems during sampling. Consider checking the diagnostic plots.
08-04 15:12 nessai INFO    : Checkpointing nested sampling
08-04 15:12 nessai INFO    : Total sampling time: 0:03:05.051657
08-04 15:12 nessai INFO    : Total training time: 0:01:01.238392
08-04 15:12 nessai INFO    : Total population time: 0:01:07.859324
08-04 15:12 nessai INFO    : Total likelihood evaluations: 1127429
08-04 15:12 nessai INFO    : Time spent evaluating likelihood: 0:00:21.421637
08-04 15:12 nessai INFO    : Total sampling time: 0:03:05.051657
08-04 15:12 nessai INFO    : Total likelihood evaluations: 1127429
08-04 15:12 nessai INFO    : Starting post processing
08-04 15:12 nessai INFO    : Computing posterior samples
08-04 15:12 nessai INFO    : Effective sample size: 6348.3
08-04 15:12 nessai INFO    : Producing posterior samples using rejection sampling
08-04 15:12 nessai INFO    : Expect 4377.781453943074 samples from rejection sampling
08-04 15:12 nessai INFO    : Returned 4444 posterior samples
08-04 15:12 nessai INFO    : Starting to close worker pool.
08-04 15:12 nessai INFO    : Finished closing worker pool.
