/data/wiay/postgrads/shashwat/qunat_com_future/lib/python3.11/site-packages/nessai/utils/logging.py:133: FutureWarning: setup_logger is deprecated, use configure_logger instead
  warnings.warn(
08-04 13:05 nessai INFO    : Running Nessai version 0.15.2
08-04 13:05 nessai INFO    : Starting multiprocessing pool with 4 processes
08-04 13:05 nessai INFO    : Initialising nested sampler
08-04 13:05 nessai WARNING : Multiprocessing pool has already been configured.
/data/wiay/postgrads/shashwat/qunat_com_future/lib/python3.11/site-packages/nessai/gw/__init__.py:12: FutureWarning: The `nessai.gw` module will be deprecated in the next release in favour of the nessai-gw package. This packages provides the same functionality as`nessai.gw` via the plugin interface.For more details, see: https://github.com/mj-will/nessai-gw
  warnings.warn(
08-04 13:05 nessai INFO    : Passing kwargs to FlowProposal: {'poolsize': 1000}
08-04 13:05 nessai INFO    : No reparameterisations provided, using default reparameterisations included in FlowProposal
08-04 13:05 nessai INFO    : Adding reparameterisations from: {}
08-04 13:05 nessai INFO    : Assuming fallback reparameterisation (ScaleAndShift) for ['kappa', 'mu_xi', 'sigma_chi', 'sigma_xi', 'rho', 'lambda_chi', 'chi0', 'xi0'] with kwargs: {'estimate_scale': True, 'estimate_shift': True, 'prior_bounds': {'kappa': array([0.1, 5. ]), 'mu_xi': array([0. , 0.1]), 'sigma_chi': array([0.05, 0.6 ]), 'sigma_xi': array([0.05, 0.4 ]), 'rho': array([-0.9,  0.9]), 'lambda_chi': array([-0.5,  0.5]), 'chi0': array([-0.5,  0.5]), 'xi0': array([2.5, 5. ])}}.
08-04 13:05 nessai INFO    : x space parameters: ['kappa', 'mu_xi', 'sigma_chi', 'sigma_xi', 'rho', 'lambda_chi', 'chi0', 'xi0']
08-04 13:05 nessai INFO    : x prime space parameters: ['kappa_prime', 'mu_xi_prime', 'sigma_chi_prime', 'sigma_xi_prime', 'rho_prime', 'lambda_chi_prime', 'chi0_prime', 'xi0_prime']
08-04 13:05 nessai INFO    : Overwriting fuzz factor with expansion fraction
08-04 13:05 nessai INFO    : New fuzz factor: 1.2228445449938519
08-04 13:05 nessai INFO    : Verifying rescaling functions
08-04 13:05 nessai INFO    : Rescaling functions are invertible
08-04 13:05 nessai INFO    : Populating initial live points
08-04 13:05 nessai INFO    : Populated 100 / 1000 live points
08-04 13:05 nessai INFO    : Populated 200 / 1000 live points
08-04 13:05 nessai INFO    : Populated 300 / 1000 live points
08-04 13:05 nessai INFO    : Populated 400 / 1000 live points
08-04 13:05 nessai INFO    : Populated 500 / 1000 live points
08-04 13:05 nessai INFO    : Populated 600 / 1000 live points
08-04 13:05 nessai INFO    : Populated 700 / 1000 live points
08-04 13:05 nessai INFO    : Populated 800 / 1000 live points
08-04 13:05 nessai INFO    : Populated 900 / 1000 live points
08-04 13:05 nessai INFO    : Populated 1000 / 1000 live points
08-04 13:05 nessai INFO    : Starting nested sampling loop
08-04 13:05 nessai INFO    : it:  1000: Rolling KS test: D=0.015, p-value=0.6313
08-04 13:05 nessai INFO    : it:  1000: n eval: 3000 H: 7.91 dlogZ: 35730776.386 logZ: -35790127.212 +/- 0.089 logLmax: -59349.83
08-04 13:05 nessai INFO    : it:  2000: Rolling KS test: D=0.027, p-value=0.2286
08-04 13:05 nessai INFO    : it:  2000: n eval: 8000 H: 8.91 dlogZ: 8431325.477 logZ: -8459621.965 +/- 0.094 logLmax: -28294.49
08-04 13:05 nessai INFO    : Switching to FlowProposal
08-04 13:05 nessai INFO    : it:  3000: Rolling KS test: D=0.008, p-value=0.8752
08-04 13:05 nessai INFO    : it:  3000: n eval: 12162 H: 9.91 dlogZ: 3114639.850 logZ: -3142937.338 +/- 0.100 logLmax: -28294.49
08-04 13:05 nessai INFO    : it:  4000: Rolling KS test: D=0.046, p-value=0.01407
08-04 13:05 nessai INFO    : it:  4000: n eval: 16027 H: 10.91 dlogZ: 1267269.384 logZ: -1283592.685 +/- 0.104 logLmax: -16319.30
08-04 13:05 nessai INFO    : it:  5000: Rolling KS test: D=0.025, p-value=0.2818
08-04 13:05 nessai INFO    : it:  5000: n eval: 20120 H: 11.91 dlogZ: 593508.991 logZ: -598191.999 +/- 0.109 logLmax: -4678.01
08-04 13:05 nessai INFO    : it:  6000: Rolling KS test: D=0.041, p-value=0.03371
08-04 13:05 nessai INFO    : it:  6000: n eval: 24434 H: 12.91 dlogZ: 293025.707 logZ: -296154.941 +/- 0.114 logLmax: -3123.24
08-04 13:05 nessai INFO    : it:  7000: Rolling KS test: D=0.014, p-value=0.6695
08-04 13:05 nessai INFO    : it:  7000: n eval: 29472 H: 13.91 dlogZ: 148171.608 logZ: -151301.843 +/- 0.118 logLmax: -3123.24
08-04 13:06 nessai INFO    : it:  8000: Rolling KS test: D=0.016, p-value=0.593
08-04 13:06 nessai INFO    : it:  8000: n eval: 35074 H: 14.91 dlogZ: 77897.616 logZ: -79017.802 +/- 0.122 logLmax: -1112.19
08-04 13:06 nessai INFO    : it:  9000: Rolling KS test: D=0.003, p-value=0.9802
08-04 13:06 nessai INFO    : it:  9000: n eval: 40383 H: 15.91 dlogZ: 42828.762 logZ: -43908.609 +/- 0.126 logLmax: -1070.85
08-04 13:06 nessai INFO    : it: 10000: Rolling KS test: D=0.019, p-value=0.4797
08-04 13:06 nessai INFO    : it: 10000: n eval: 45379 H: 16.91 dlogZ: 23809.320 logZ: -24523.554 +/- 0.130 logLmax: -704.23
08-04 13:06 nessai INFO    : it: 11000: Rolling KS test: D=0.019, p-value=0.4797
08-04 13:06 nessai INFO    : it: 11000: n eval: 51194 H: 17.91 dlogZ: 13337.448 logZ: -13722.321 +/- 0.134 logLmax: -373.87
08-04 13:06 nessai INFO    : it: 12000: Rolling KS test: D=0.012, p-value=0.7438
08-04 13:06 nessai INFO    : it: 12000: n eval: 59785 H: 18.57 dlogZ: 7372.271 logZ: -7544.798 +/- 0.136 logLmax: -160.53
08-04 13:06 nessai INFO    : it: 13000: Rolling KS test: D=0.026, p-value=0.2543
08-04 13:06 nessai INFO    : it: 13000: n eval: 65778 H: 19.65 dlogZ: 4106.849 logZ: -4212.125 +/- 0.140 logLmax: -92.28
08-04 13:06 nessai INFO    : it: 14000: Rolling KS test: D=0.023, p-value=0.3419
08-04 13:06 nessai INFO    : it: 14000: n eval: 77110 H: 19.67 dlogZ: 2376.789 logZ: -2483.065 +/- 0.140 logLmax: -92.28
08-04 13:06 nessai INFO    : it: 15000: Rolling KS test: D=0.022, p-value=0.3744
08-04 13:06 nessai INFO    : it: 15000: n eval: 84759 H: 20.95 dlogZ: 1392.857 logZ: -1481.761 +/- 0.145 logLmax: -73.90
08-04 13:06 nessai INFO    : it: 16000: Rolling KS test: D=0.016, p-value=0.593
08-04 13:06 nessai INFO    : it: 16000: n eval: 96052 H: 21.00 dlogZ: 827.650 logZ: -917.554 +/- 0.145 logLmax: -73.90
08-04 13:06 nessai INFO    : it: 17000: Rolling KS test: D=0.012, p-value=0.7438
08-04 13:06 nessai INFO    : it: 17000: n eval: 109297 H: 21.43 dlogZ: 528.703 logZ: -584.155 +/- 0.146 logLmax: -38.45
08-04 13:06 nessai INFO    : it: 18000: Rolling KS test: D=0.038, p-value=0.05428
08-04 13:06 nessai INFO    : it: 18000: n eval: 125977 H: 22.00 dlogZ: 323.933 logZ: -380.385 +/- 0.148 logLmax: -38.45
08-04 13:06 nessai INFO    : it: 19000: Rolling KS test: D=0.014, p-value=0.6695
08-04 13:06 nessai INFO    : it: 19000: n eval: 143565 H: 22.67 dlogZ: 203.987 logZ: -261.440 +/- 0.151 logLmax: -38.45
08-04 13:06 nessai INFO    : it: 20000: Rolling KS test: D=0.035, p-value=0.08429
08-04 13:06 nessai INFO    : it: 20000: n eval: 163692 H: 22.88 dlogZ: 153.206 logZ: -188.577 +/- 0.151 logLmax: -15.37
08-04 13:06 nessai INFO    : it: 21000: Rolling KS test: D=0.037, p-value=0.06311
08-04 13:07 nessai INFO    : it: 21000: n eval: 183608 H: 23.55 dlogZ: 106.614 logZ: -142.985 +/- 0.153 logLmax: -15.37
08-04 13:07 nessai INFO    : it: 22000: Rolling KS test: D=0.035, p-value=0.08429
08-04 13:07 nessai INFO    : it: 22000: n eval: 228816 H: 24.14 dlogZ: 75.741 logZ: -113.112 +/- 0.155 logLmax: -15.37
08-04 13:07 nessai INFO    : it: 23000: Rolling KS test: D=0.024, p-value=0.311
08-04 13:07 nessai INFO    : it: 23000: n eval: 268816 H: 24.85 dlogZ: 57.157 logZ: -93.722 +/- 0.158 logLmax: -13.57
08-04 13:07 nessai INFO    : it: 24000: Rolling KS test: D=0.011, p-value=0.7794
08-04 13:07 nessai INFO    : it: 24000: n eval: 338816 H: 25.41 dlogZ: 42.849 logZ: -79.711 +/- 0.159 logLmax: -12.86
08-04 13:07 nessai INFO    : it: 25000: Rolling KS test: D=0.022, p-value=0.3744
08-04 13:08 nessai INFO    : it: 25000: n eval: 448816 H: 26.17 dlogZ: 31.115 logZ: -68.916 +/- 0.162 logLmax: -12.80
08-04 13:08 nessai INFO    : it: 26000: Rolling KS test: D=0.017, p-value=0.5547
08-04 13:08 nessai INFO    : it: 26000: n eval: 548816 H: 26.92 dlogZ: 28.339 logZ: -60.880 +/- 0.164 logLmax: -6.54
08-04 13:08 nessai INFO    : it: 27000: Rolling KS test: D=0.038, p-value=0.05428
08-04 13:08 nessai INFO    : it: 27000: n eval: 638816 H: 27.62 dlogZ: 21.446 logZ: -54.563 +/- 0.166 logLmax: -6.12
08-04 13:08 nessai INFO    : it: 28000: Rolling KS test: D=0.023, p-value=0.3419
08-04 13:08 nessai INFO    : it: 28000: n eval: 708816 H: 28.31 dlogZ: 17.374 logZ: -49.740 +/- 0.168 logLmax: -4.37
08-04 13:09 nessai INFO    : it: 29000: Rolling KS test: D=0.019, p-value=0.4797
08-04 13:09 nessai INFO    : it: 29000: n eval: 778816 H: 28.93 dlogZ: 12.655 logZ: -46.021 +/- 0.170 logLmax: -4.37
08-04 13:09 nessai INFO    : it: 30000: Rolling KS test: D=0.037, p-value=0.06311
08-04 13:09 nessai INFO    : it: 30000: n eval: 838816 H: 29.57 dlogZ: 9.488 logZ: -43.360 +/- 0.172 logLmax: -3.87
08-04 13:09 nessai INFO    : it: 31000: Rolling KS test: D=0.039, p-value=0.0465
08-04 13:09 nessai INFO    : it: 31000: n eval: 878816 H: 30.07 dlogZ: 7.492 logZ: -41.520 +/- 0.173 logLmax: -3.03
08-04 13:09 nessai INFO    : it: 32000: Rolling KS test: D=0.01, p-value=0.8133
08-04 13:10 nessai INFO    : it: 32000: n eval: 925980 H: 30.56 dlogZ: 5.246 logZ: -40.270 +/- 0.175 logLmax: -3.03
08-04 13:10 nessai INFO    : it: 33000: Rolling KS test: D=0.021, p-value=0.4082
08-04 13:10 nessai INFO    : it: 33000: n eval: 955980 H: 30.97 dlogZ: 3.470 logZ: -39.467 +/- 0.176 logLmax: -3.03
08-04 13:10 nessai INFO    : it: 34000: Rolling KS test: D=0.017, p-value=0.5547
08-04 13:10 nessai INFO    : it: 34000: n eval: 988795 H: 31.33 dlogZ: 2.238 logZ: -38.942 +/- 0.177 logLmax: -2.82
08-04 13:10 nessai INFO    : it: 35000: Rolling KS test: D=0.026, p-value=0.2543
08-04 13:10 nessai INFO    : it: 35000: n eval: 1014765 H: 31.62 dlogZ: 1.409 logZ: -38.616 +/- 0.178 logLmax: -2.49
08-04 13:10 nessai INFO    : it: 36000: Rolling KS test: D=0.03, p-value=0.162
08-04 13:10 nessai INFO    : it: 36000: n eval: 1037217 H: 31.83 dlogZ: 0.662 logZ: -38.425 +/- 0.178 logLmax: -2.49
08-04 13:10 nessai INFO    : it: 37000: Rolling KS test: D=0.031, p-value=0.1433
08-04 13:10 nessai INFO    : it: 37000: n eval: 1057755 H: 31.97 dlogZ: 0.274 logZ: -38.317 +/- 0.179 logLmax: -2.47
08-04 13:10 nessai INFO    : it: 38000: Rolling KS test: D=0.052, p-value=0.004319
08-04 13:10 nessai INFO    : it: 38000: n eval: 1071025 H: 32.06 dlogZ: 0.106 logZ: -38.259 +/- 0.179 logLmax: -2.45
08-04 13:10 nessai INFO    : Stopping with difference_log_evidence=0.100
08-04 13:10 nessai INFO    : Finalising
08-04 13:10 nessai INFO    : Final ln-evidence: -38.206 +/- 0.179
08-04 13:10 nessai INFO    : Information: 32.17
08-04 13:10 nessai INFO    : Final KS test: D=0.007563, p-value=0.01279
08-04 13:10 nessai WARNING : Final p-value for the insertion indices is less than 0.05, this could be an indication of problems during sampling. Consider checking the diagnostic plots.
08-04 13:10 nessai INFO    : Checkpointing nested sampling
08-04 13:10 nessai INFO    : Total sampling time: 0:04:58.906581
08-04 13:10 nessai INFO    : Total training time: 0:01:24.695276
08-04 13:10 nessai INFO    : Total population time: 0:02:01.004636
08-04 13:10 nessai INFO    : Total likelihood evaluations: 1076321
08-04 13:10 nessai INFO    : Time spent evaluating likelihood: 0:00:42.264864
08-04 13:10 nessai INFO    : Total sampling time: 0:04:58.906581
08-04 13:10 nessai INFO    : Total likelihood evaluations: 1076321
08-04 13:10 nessai INFO    : Starting post processing
08-04 13:10 nessai INFO    : Computing posterior samples
08-04 13:10 nessai INFO    : Effective sample size: 7089.5
08-04 13:10 nessai INFO    : Producing posterior samples using rejection sampling
08-04 13:10 nessai INFO    : Expect 4954.736960298203 samples from rejection sampling
08-04 13:10 nessai INFO    : Returned 4976 posterior samples
08-04 13:10 nessai INFO    : Starting to close worker pool.
08-04 13:10 nessai INFO    : Finished closing worker pool.
