/data/wiay/postgrads/shashwat/qunat_com_future/lib/python3.11/site-packages/nessai/utils/logging.py:133: FutureWarning: setup_logger is deprecated, use configure_logger instead
  warnings.warn(
08-04 14:24 nessai INFO    : Running Nessai version 0.15.2
08-04 14:24 nessai INFO    : Starting multiprocessing pool with 4 processes
08-04 14:24 nessai INFO    : Initialising nested sampler
08-04 14:24 nessai WARNING : Multiprocessing pool has already been configured.
/data/wiay/postgrads/shashwat/qunat_com_future/lib/python3.11/site-packages/nessai/gw/__init__.py:12: FutureWarning: The `nessai.gw` module will be deprecated in the next release in favour of the nessai-gw package. This packages provides the same functionality as`nessai.gw` via the plugin interface.For more details, see: https://github.com/mj-will/nessai-gw
  warnings.warn(
08-04 14:24 nessai INFO    : Passing kwargs to FlowProposal: {'poolsize': 1000}
08-04 14:24 nessai INFO    : No reparameterisations provided, using default reparameterisations included in FlowProposal
08-04 14:24 nessai INFO    : Adding reparameterisations from: {}
08-04 14:24 nessai INFO    : Assuming fallback reparameterisation (ScaleAndShift) for ['kappa', 'mu_xi', 'sigma_chi', 'sigma_xi', 'rho', 'lambda_chi', 'chi0', 'xi0'] with kwargs: {'estimate_scale': True, 'estimate_shift': True, 'prior_bounds': {'kappa': array([0.1, 5. ]), 'mu_xi': array([0. , 0.1]), 'sigma_chi': array([0.05, 0.6 ]), 'sigma_xi': array([0.05, 0.4 ]), 'rho': array([-0.9,  0.9]), 'lambda_chi': array([-0.5,  0.5]), 'chi0': array([-0.5,  0.5]), 'xi0': array([2.5, 5. ])}}.
08-04 14:24 nessai INFO    : x space parameters: ['kappa', 'mu_xi', 'sigma_chi', 'sigma_xi', 'rho', 'lambda_chi', 'chi0', 'xi0']
08-04 14:24 nessai INFO    : x prime space parameters: ['kappa_prime', 'mu_xi_prime', 'sigma_chi_prime', 'sigma_xi_prime', 'rho_prime', 'lambda_chi_prime', 'chi0_prime', 'xi0_prime']
08-04 14:24 nessai INFO    : Overwriting fuzz factor with expansion fraction
08-04 14:24 nessai INFO    : New fuzz factor: 1.2228445449938519
08-04 14:24 nessai INFO    : Verifying rescaling functions
08-04 14:24 nessai INFO    : Rescaling functions are invertible
08-04 14:24 nessai INFO    : Populating initial live points
08-04 14:24 nessai INFO    : Populated 100 / 1000 live points
08-04 14:24 nessai INFO    : Populated 200 / 1000 live points
08-04 14:24 nessai INFO    : Populated 300 / 1000 live points
08-04 14:24 nessai INFO    : Populated 400 / 1000 live points
08-04 14:24 nessai INFO    : Populated 500 / 1000 live points
08-04 14:24 nessai INFO    : Populated 600 / 1000 live points
08-04 14:24 nessai INFO    : Populated 700 / 1000 live points
08-04 14:24 nessai INFO    : Populated 800 / 1000 live points
08-04 14:24 nessai INFO    : Populated 900 / 1000 live points
08-04 14:24 nessai INFO    : Populated 1000 / 1000 live points
08-04 14:24 nessai INFO    : Starting nested sampling loop
08-04 14:24 nessai INFO    : it:  1000: Rolling KS test: D=0.008, p-value=0.8752
08-04 14:24 nessai INFO    : it:  1000: n eval: 3000 H: 7.91 dlogZ: 4938475.730 logZ: -4945168.378 +/- 0.089 logLmax: -6691.65
08-04 14:24 nessai INFO    : it:  2000: Rolling KS test: D=0.012, p-value=0.7438
08-04 14:24 nessai INFO    : it:  2000: n eval: 8000 H: 8.91 dlogZ: 1288058.687 logZ: -1294752.335 +/- 0.094 logLmax: -6691.65
08-04 14:24 nessai INFO    : Switching to FlowProposal
08-04 14:25 nessai INFO    : it:  3000: Rolling KS test: D=0.03, p-value=0.162
08-04 14:25 nessai INFO    : it:  3000: n eval: 11880 H: 9.91 dlogZ: 459814.282 logZ: -460301.264 +/- 0.100 logLmax: -483.98
08-04 14:25 nessai INFO    : it:  4000: Rolling KS test: D=0.012, p-value=0.7438
08-04 14:25 nessai INFO    : it:  4000: n eval: 13586 H: 10.91 dlogZ: 192663.269 logZ: -193151.251 +/- 0.104 logLmax: -483.98
08-04 14:25 nessai INFO    : it:  5000: Rolling KS test: D=0.017, p-value=0.5547
08-04 14:25 nessai INFO    : it:  5000: n eval: 17209 H: 11.91 dlogZ: 83697.964 logZ: -84186.946 +/- 0.109 logLmax: -483.98
08-04 14:25 nessai INFO    : it:  6000: Rolling KS test: D=0.003, p-value=0.9802
08-04 14:25 nessai INFO    : it:  6000: n eval: 20674 H: 12.91 dlogZ: 41412.429 logZ: -41452.225 +/- 0.114 logLmax: -33.80
08-04 14:25 nessai INFO    : it:  7000: Rolling KS test: D=0.022, p-value=0.3744
08-04 14:25 nessai INFO    : it:  7000: n eval: 22587 H: 13.91 dlogZ: 20997.475 logZ: -21037.727 +/- 0.118 logLmax: -33.25
08-04 14:25 nessai INFO    : it:  8000: Rolling KS test: D=0.025, p-value=0.2818
08-04 14:25 nessai INFO    : it:  8000: n eval: 26890 H: 14.62 dlogZ: 10295.939 logZ: -10337.191 +/- 0.121 logLmax: -33.25
08-04 14:25 nessai INFO    : it:  9000: Rolling KS test: D=0.016, p-value=0.593
08-04 14:25 nessai INFO    : it:  9000: n eval: 33877 H: 15.91 dlogZ: 5185.031 logZ: -5227.283 +/- 0.126 logLmax: -33.25
08-04 14:25 nessai INFO    : it: 10000: Rolling KS test: D=0.021, p-value=0.4082
08-04 14:25 nessai INFO    : it: 10000: n eval: 36233 H: 15.71 dlogZ: 2602.659 logZ: -2645.911 +/- 0.125 logLmax: -33.25
08-04 14:25 nessai INFO    : it: 11000: Rolling KS test: D=0.024, p-value=0.311
08-04 14:25 nessai INFO    : it: 11000: n eval: 44328 H: 16.41 dlogZ: 1301.419 logZ: -1335.969 +/- 0.128 logLmax: -23.55
08-04 14:25 nessai INFO    : it: 12000: Rolling KS test: D=0.024, p-value=0.311
08-04 14:25 nessai INFO    : it: 12000: n eval: 46939 H: 17.28 dlogZ: 657.877 logZ: -686.972 +/- 0.131 logLmax: -17.10
08-04 14:25 nessai INFO    : it: 13000: Rolling KS test: D=0.024, p-value=0.311
08-04 14:25 nessai INFO    : it: 13000: n eval: 54648 H: 17.44 dlogZ: 348.982 logZ: -373.251 +/- 0.132 logLmax: -11.27
08-04 14:25 nessai INFO    : it: 14000: Rolling KS test: D=0.019, p-value=0.4797
08-04 14:25 nessai INFO    : it: 14000: n eval: 60441 H: 18.00 dlogZ: 179.179 logZ: -204.448 +/- 0.134 logLmax: -11.27
08-04 14:25 nessai INFO    : it: 15000: Rolling KS test: D=0.022, p-value=0.3744
08-04 14:25 nessai INFO    : it: 15000: n eval: 72237 H: 18.09 dlogZ: 96.506 logZ: -118.154 +/- 0.134 logLmax: -6.65
08-04 14:25 nessai INFO    : it: 16000: Rolling KS test: D=0.022, p-value=0.3744
08-04 14:25 nessai INFO    : it: 16000: n eval: 84020 H: 18.41 dlogZ: 53.130 logZ: -75.778 +/- 0.136 logLmax: -6.65
08-04 14:25 nessai INFO    : it: 17000: Rolling KS test: D=0.017, p-value=0.5547
08-04 14:25 nessai INFO    : it: 17000: n eval: 93858 H: 18.74 dlogZ: 31.310 logZ: -53.644 +/- 0.137 logLmax: -5.34
08-04 14:25 nessai INFO    : it: 18000: Rolling KS test: D=0.009, p-value=0.8454
08-04 14:25 nessai INFO    : it: 18000: n eval: 114931 H: 18.93 dlogZ: 19.766 logZ: -42.936 +/- 0.138 logLmax: -5.17
08-04 14:25 nessai INFO    : it: 19000: Rolling KS test: D=0.035, p-value=0.08429
08-04 14:25 nessai INFO    : it: 19000: n eval: 142470 H: 19.41 dlogZ: 13.763 logZ: -37.180 +/- 0.139 logLmax: -4.42
08-04 14:25 nessai INFO    : it: 20000: Rolling KS test: D=0.047, p-value=0.01167
08-04 14:25 nessai INFO    : it: 20000: n eval: 179479 H: 19.90 dlogZ: 9.160 logZ: -33.577 +/- 0.141 logLmax: -4.42
08-04 14:26 nessai INFO    : it: 21000: Rolling KS test: D=0.028, p-value=0.2046
08-04 14:26 nessai INFO    : it: 21000: n eval: 219479 H: 20.26 dlogZ: 6.819 logZ: -31.398 +/- 0.142 logLmax: -3.58
08-04 14:26 nessai INFO    : it: 22000: Rolling KS test: D=0.027, p-value=0.2286
08-04 14:26 nessai INFO    : it: 22000: n eval: 279479 H: 20.61 dlogZ: 4.572 logZ: -30.141 +/- 0.144 logLmax: -3.58
08-04 14:26 nessai INFO    : it: 23000: Rolling KS test: D=0.029, p-value=0.1825
08-04 14:26 nessai INFO    : it: 23000: n eval: 349479 H: 20.90 dlogZ: 2.894 logZ: -29.416 +/- 0.145 logLmax: -3.58
08-04 14:26 nessai INFO    : it: 24000: Rolling KS test: D=0.034, p-value=0.09683
08-04 14:26 nessai INFO    : it: 24000: n eval: 429479 H: 21.12 dlogZ: 2.683 logZ: -29.013 +/- 0.145 logLmax: -2.40
08-04 14:26 nessai INFO    : it: 25000: Rolling KS test: D=0.034, p-value=0.09683
08-04 14:26 nessai INFO    : it: 25000: n eval: 509479 H: 21.31 dlogZ: 2.349 logZ: -28.782 +/- 0.146 logLmax: -1.53
08-04 14:26 nessai INFO    : it: 26000: Rolling KS test: D=0.022, p-value=0.3744
08-04 14:26 nessai INFO    : it: 26000: n eval: 589479 H: 21.46 dlogZ: 1.396 logZ: -28.644 +/- 0.146 logLmax: -1.53
08-04 14:26 nessai INFO    : it: 27000: Rolling KS test: D=0.027, p-value=0.2286
08-04 14:26 nessai INFO    : it: 27000: n eval: 619479 H: 21.58 dlogZ: 0.984 logZ: -28.559 +/- 0.147 logLmax: -1.04
08-04 14:27 nessai INFO    : it: 28000: Rolling KS test: D=0.036, p-value=0.07308
08-04 14:27 nessai INFO    : it: 28000: n eval: 629675 H: 21.70 dlogZ: 0.458 logZ: -28.501 +/- 0.147 logLmax: -1.04
08-04 14:27 nessai INFO    : it: 29000: Rolling KS test: D=0.01, p-value=0.8133
08-04 14:27 nessai INFO    : it: 29000: n eval: 640804 H: 21.80 dlogZ: 0.187 logZ: -28.462 +/- 0.148 logLmax: -1.04
08-04 14:27 nessai INFO    : Stopping with difference_log_evidence=0.100
08-04 14:27 nessai INFO    : Finalising
08-04 14:27 nessai INFO    : Final ln-evidence: -28.413 +/- 0.148
08-04 14:27 nessai INFO    : Information: 21.95
08-04 14:27 nessai INFO    : Final KS test: D=0.008842, p-value=0.009629
08-04 14:27 nessai WARNING : Final p-value for the insertion indices is less than 0.05, this could be an indication of problems during sampling. Consider checking the diagnostic plots.
08-04 14:27 nessai INFO    : Checkpointing nested sampling
08-04 14:27 nessai INFO    : Total sampling time: 0:02:10.091221
08-04 14:27 nessai INFO    : Total training time: 0:00:43.129983
08-04 14:27 nessai INFO    : Total population time: 0:00:41.171064
08-04 14:27 nessai INFO    : Total likelihood evaluations: 653177
08-04 14:27 nessai INFO    : Time spent evaluating likelihood: 0:00:13.201925
08-04 14:27 nessai INFO    : Total sampling time: 0:02:10.091221
08-04 14:27 nessai INFO    : Total likelihood evaluations: 653177
08-04 14:27 nessai INFO    : Starting post processing
08-04 14:27 nessai INFO    : Computing posterior samples
08-04 14:27 nessai INFO    : Effective sample size: 7688.8
08-04 14:27 nessai INFO    : Producing posterior samples using rejection sampling
08-04 14:27 nessai INFO    : Expect 5039.116290940075 samples from rejection sampling
08-04 14:27 nessai INFO    : Returned 5040 posterior samples
08-04 14:27 nessai INFO    : Starting to close worker pool.
08-04 14:27 nessai INFO    : Finished closing worker pool.
