/data/wiay/postgrads/shashwat/qunat_com_future/lib/python3.11/site-packages/nessai/utils/logging.py:133: FutureWarning: setup_logger is deprecated, use configure_logger instead
  warnings.warn(
08-04 15:41 nessai INFO    : Running Nessai version 0.15.2
08-04 15:41 nessai INFO    : Starting multiprocessing pool with 4 processes
08-04 15:41 nessai INFO    : Initialising nested sampler
08-04 15:41 nessai WARNING : Multiprocessing pool has already been configured.
/data/wiay/postgrads/shashwat/qunat_com_future/lib/python3.11/site-packages/nessai/gw/__init__.py:12: FutureWarning: The `nessai.gw` module will be deprecated in the next release in favour of the nessai-gw package. This packages provides the same functionality as`nessai.gw` via the plugin interface.For more details, see: https://github.com/mj-will/nessai-gw
  warnings.warn(
08-04 15:41 nessai INFO    : Passing kwargs to FlowProposal: {'poolsize': 1000}
08-04 15:41 nessai INFO    : No reparameterisations provided, using default reparameterisations included in FlowProposal
08-04 15:41 nessai INFO    : Adding reparameterisations from: {}
08-04 15:41 nessai INFO    : Assuming fallback reparameterisation (ScaleAndShift) for ['kappa', 'mu_xi', 'sigma_chi', 'sigma_xi', 'rho', 'lambda_chi', 'chi0', 'xi0'] with kwargs: {'estimate_scale': True, 'estimate_shift': True, 'prior_bounds': {'kappa': array([0.1, 5. ]), 'mu_xi': array([0. , 0.1]), 'sigma_chi': array([0.05, 0.6 ]), 'sigma_xi': array([0.05, 0.4 ]), 'rho': array([-0.9,  0.9]), 'lambda_chi': array([-0.5,  0.5]), 'chi0': array([-0.5,  0.5]), 'xi0': array([2.5, 5. ])}}.
08-04 15:41 nessai INFO    : x space parameters: ['kappa', 'mu_xi', 'sigma_chi', 'sigma_xi', 'rho', 'lambda_chi', 'chi0', 'xi0']
08-04 15:41 nessai INFO    : x prime space parameters: ['kappa_prime', 'mu_xi_prime', 'sigma_chi_prime', 'sigma_xi_prime', 'rho_prime', 'lambda_chi_prime', 'chi0_prime', 'xi0_prime']
08-04 15:41 nessai INFO    : Overwriting fuzz factor with expansion fraction
08-04 15:41 nessai INFO    : New fuzz factor: 1.2228445449938519
08-04 15:41 nessai INFO    : Verifying rescaling functions
08-04 15:41 nessai INFO    : Rescaling functions are invertible
08-04 15:41 nessai INFO    : Populating initial live points
08-04 15:41 nessai INFO    : Populated 100 / 1000 live points
08-04 15:41 nessai INFO    : Populated 200 / 1000 live points
08-04 15:41 nessai INFO    : Populated 300 / 1000 live points
08-04 15:41 nessai INFO    : Populated 400 / 1000 live points
08-04 15:41 nessai INFO    : Populated 500 / 1000 live points
08-04 15:41 nessai INFO    : Populated 600 / 1000 live points
08-04 15:41 nessai INFO    : Populated 700 / 1000 live points
08-04 15:41 nessai INFO    : Populated 800 / 1000 live points
08-04 15:41 nessai INFO    : Populated 900 / 1000 live points
08-04 15:41 nessai INFO    : Populated 1000 / 1000 live points
08-04 15:41 nessai INFO    : Starting nested sampling loop
08-04 15:41 nessai INFO    : it:  1000: Rolling KS test: D=0.032, p-value=0.1263
08-04 15:41 nessai INFO    : it:  1000: n eval: 3000 H: 7.91 dlogZ: 35106138.184 logZ: -35341795.377 +/- 0.089 logLmax: -235656.19
08-04 15:41 nessai INFO    : it:  2000: Rolling KS test: D=0.022, p-value=0.3744
08-04 15:41 nessai INFO    : it:  2000: n eval: 8000 H: 8.91 dlogZ: 11398044.313 logZ: -11633702.506 +/- 0.094 logLmax: -235656.19
08-04 15:41 nessai INFO    : Switching to FlowProposal
08-04 15:41 nessai INFO    : it:  3000: Rolling KS test: D=0.005, p-value=0.9481
08-04 15:41 nessai INFO    : it:  3000: n eval: 11962 H: 9.91 dlogZ: 4650410.081 logZ: -4761604.575 +/- 0.100 logLmax: -111191.49
08-04 15:41 nessai INFO    : it:  4000: Rolling KS test: D=0.044, p-value=0.0202
08-04 15:41 nessai INFO    : it:  4000: n eval: 15861 H: 10.91 dlogZ: 2325796.854 logZ: -2413618.323 +/- 0.104 logLmax: -87817.47
08-04 15:41 nessai INFO    : it:  5000: Rolling KS test: D=0.013, p-value=0.7071
08-04 15:41 nessai INFO    : it:  5000: n eval: 20252 H: 11.91 dlogZ: 1318909.681 logZ: -1406732.150 +/- 0.109 logLmax: -87817.47
08-04 15:41 nessai INFO    : it:  6000: Rolling KS test: D=0.024, p-value=0.311
08-04 15:41 nessai INFO    : it:  6000: n eval: 24542 H: 12.91 dlogZ: 841567.245 logZ: -861078.183 +/- 0.114 logLmax: -19504.94
08-04 15:41 nessai INFO    : it:  7000: Rolling KS test: D=0.013, p-value=0.7071
08-04 15:41 nessai INFO    : it:  7000: n eval: 29150 H: 13.91 dlogZ: 518841.386 logZ: -537943.081 +/- 0.118 logLmax: -19094.70
08-04 15:41 nessai INFO    : it:  8000: Rolling KS test: D=0.034, p-value=0.09683
08-04 15:41 nessai INFO    : it:  8000: n eval: 33847 H: 14.91 dlogZ: 315787.730 logZ: -334890.425 +/- 0.122 logLmax: -19094.70
08-04 15:41 nessai INFO    : it:  9000: Rolling KS test: D=0.035, p-value=0.08429
08-04 15:41 nessai INFO    : it:  9000: n eval: 38882 H: 15.91 dlogZ: 196511.955 logZ: -206937.702 +/- 0.126 logLmax: -10416.75
08-04 15:41 nessai INFO    : it: 10000: Rolling KS test: D=0.026, p-value=0.2543
08-04 15:41 nessai INFO    : it: 10000: n eval: 43706 H: 16.91 dlogZ: 124050.173 logZ: -124896.024 +/- 0.130 logLmax: -835.85
08-04 15:41 nessai INFO    : it: 11000: Rolling KS test: D=0.022, p-value=0.3744
08-04 15:42 nessai INFO    : it: 11000: n eval: 48766 H: 17.91 dlogZ: 75638.296 logZ: -76485.147 +/- 0.134 logLmax: -835.85
08-04 15:42 nessai INFO    : it: 12000: Rolling KS test: D=0.055, p-value=0.002267
08-04 15:42 nessai INFO    : it: 12000: n eval: 54169 H: 18.90 dlogZ: 46068.584 logZ: -46916.435 +/- 0.137 logLmax: -835.85
08-04 15:42 nessai INFO    : it: 13000: Rolling KS test: D=0.02, p-value=0.4434
08-04 15:42 nessai INFO    : it: 13000: n eval: 59118 H: 19.06 dlogZ: 27274.975 logZ: -28123.826 +/- 0.138 logLmax: -835.85
08-04 15:42 nessai INFO    : it: 14000: Rolling KS test: D=0.016, p-value=0.593
08-04 15:42 nessai INFO    : it: 14000: n eval: 64388 H: 20.90 dlogZ: 16291.346 logZ: -16676.878 +/- 0.145 logLmax: -371.53
08-04 15:42 nessai INFO    : it: 15000: Rolling KS test: D=0.009, p-value=0.8454
08-04 15:42 nessai INFO    : it: 15000: n eval: 69871 H: 21.90 dlogZ: 9704.573 logZ: -10091.106 +/- 0.148 logLmax: -371.53
08-04 15:42 nessai INFO    : it: 16000: Rolling KS test: D=0.022, p-value=0.3744
08-04 15:42 nessai INFO    : it: 16000: n eval: 77965 H: 22.91 dlogZ: 5749.101 logZ: -5995.396 +/- 0.151 logLmax: -230.30
08-04 15:42 nessai INFO    : it: 17000: Rolling KS test: D=0.027, p-value=0.2286
08-04 15:42 nessai INFO    : it: 17000: n eval: 84568 H: 23.02 dlogZ: 3523.077 logZ: -3638.469 +/- 0.152 logLmax: -98.39
08-04 15:42 nessai INFO    : it: 18000: Rolling KS test: D=0.031, p-value=0.1433
08-04 15:42 nessai INFO    : it: 18000: n eval: 95894 H: 23.85 dlogZ: 2080.458 logZ: -2196.850 +/- 0.154 logLmax: -98.39
08-04 15:42 nessai INFO    : it: 19000: Rolling KS test: D=0.028, p-value=0.2046
08-04 15:42 nessai INFO    : it: 19000: n eval: 104305 H: 24.45 dlogZ: 1247.267 logZ: -1337.141 +/- 0.156 logLmax: -70.87
08-04 15:42 nessai INFO    : it: 20000: Rolling KS test: D=0.019, p-value=0.4797
08-04 15:42 nessai INFO    : it: 20000: n eval: 111920 H: 24.67 dlogZ: 754.797 logZ: -817.217 +/- 0.157 logLmax: -42.42
08-04 15:42 nessai INFO    : it: 21000: Rolling KS test: D=0.027, p-value=0.2286
08-04 15:42 nessai INFO    : it: 21000: n eval: 123806 H: 25.72 dlogZ: 455.537 logZ: -512.543 +/- 0.160 logLmax: -36.01
08-04 15:42 nessai INFO    : it: 22000: Rolling KS test: D=0.026, p-value=0.2543
08-04 15:42 nessai INFO    : it: 22000: n eval: 138031 H: 25.93 dlogZ: 284.065 logZ: -328.991 +/- 0.161 logLmax: -22.93
08-04 15:42 nessai INFO    : it: 23000: Rolling KS test: D=0.022, p-value=0.3744
08-04 15:42 nessai INFO    : it: 23000: n eval: 156248 H: 26.49 dlogZ: 175.132 logZ: -221.058 +/- 0.163 logLmax: -22.93
08-04 15:42 nessai INFO    : it: 24000: Rolling KS test: D=0.014, p-value=0.6695
08-04 15:42 nessai INFO    : it: 24000: n eval: 181310 H: 26.80 dlogZ: 115.307 logZ: -154.990 +/- 0.164 logLmax: -15.68
08-04 15:42 nessai INFO    : it: 25000: Rolling KS test: D=0.033, p-value=0.1108
08-04 15:42 nessai INFO    : it: 25000: n eval: 208730 H: 27.42 dlogZ: 74.712 logZ: -115.396 +/- 0.166 logLmax: -15.68
08-04 15:42 nessai INFO    : it: 26000: Rolling KS test: D=0.03, p-value=0.162
08-04 15:42 nessai INFO    : it: 26000: n eval: 241677 H: 28.18 dlogZ: 52.640 logZ: -88.024 +/- 0.168 logLmax: -9.38
08-04 15:42 nessai INFO    : it: 27000: Rolling KS test: D=0.025, p-value=0.2818
08-04 15:42 nessai INFO    : it: 27000: n eval: 278591 H: 28.42 dlogZ: 36.832 logZ: -72.750 +/- 0.169 logLmax: -8.92
08-04 15:42 nessai INFO    : it: 28000: Rolling KS test: D=0.02, p-value=0.4434
08-04 15:43 nessai INFO    : it: 28000: n eval: 328591 H: 29.12 dlogZ: 26.853 logZ: -62.440 +/- 0.171 logLmax: -7.59
08-04 15:43 nessai INFO    : it: 29000: Rolling KS test: D=0.01, p-value=0.8133
08-04 15:43 nessai INFO    : it: 29000: n eval: 368591 H: 29.64 dlogZ: 19.631 logZ: -55.363 +/- 0.172 logLmax: -6.73
08-04 15:43 nessai INFO    : it: 30000: Rolling KS test: D=0.022, p-value=0.3744
08-04 15:43 nessai INFO    : it: 30000: n eval: 417031 H: 30.30 dlogZ: 13.846 logZ: -50.421 +/- 0.174 logLmax: -6.58
08-04 15:43 nessai INFO    : it: 31000: Rolling KS test: D=0.021, p-value=0.4082
08-04 15:43 nessai INFO    : it: 31000: n eval: 465783 H: 30.85 dlogZ: 11.118 logZ: -46.973 +/- 0.176 logLmax: -4.86
08-04 15:43 nessai INFO    : it: 32000: Rolling KS test: D=0.021, p-value=0.4082
08-04 15:43 nessai INFO    : it: 32000: n eval: 502572 H: 31.44 dlogZ: 8.956 logZ: -44.522 +/- 0.177 logLmax: -3.57
08-04 15:43 nessai INFO    : it: 33000: Rolling KS test: D=0.016, p-value=0.593
08-04 15:43 nessai INFO    : it: 33000: n eval: 541509 H: 31.89 dlogZ: 6.359 logZ: -42.923 +/- 0.179 logLmax: -3.57
08-04 15:43 nessai INFO    : it: 34000: Rolling KS test: D=0.024, p-value=0.311
08-04 15:43 nessai INFO    : it: 34000: n eval: 564954 H: 32.33 dlogZ: 5.301 logZ: -41.881 +/- 0.180 logLmax: -2.59
08-04 15:43 nessai INFO    : it: 35000: Rolling KS test: D=0.023, p-value=0.3419
08-04 15:43 nessai INFO    : it: 35000: n eval: 589325 H: 32.73 dlogZ: 3.628 logZ: -41.187 +/- 0.181 logLmax: -2.59
08-04 15:43 nessai INFO    : it: 36000: Rolling KS test: D=0.054, p-value=0.002821
08-04 15:43 nessai INFO    : it: 36000: n eval: 610225 H: 33.06 dlogZ: 2.274 logZ: -40.750 +/- 0.182 logLmax: -2.59
08-04 15:43 nessai INFO    : it: 37000: Rolling KS test: D=0.023, p-value=0.3419
08-04 15:43 nessai INFO    : it: 37000: n eval: 628533 H: 33.33 dlogZ: 1.237 logZ: -40.480 +/- 0.183 logLmax: -2.59
08-04 15:43 nessai INFO    : it: 38000: Rolling KS test: D=0.014, p-value=0.6695
08-04 15:43 nessai INFO    : it: 38000: n eval: 644252 H: 33.51 dlogZ: 0.571 logZ: -40.323 +/- 0.183 logLmax: -2.59
08-04 15:43 nessai INFO    : it: 39000: Rolling KS test: D=0.039, p-value=0.0465
08-04 15:43 nessai INFO    : it: 39000: n eval: 659510 H: 33.63 dlogZ: 0.231 logZ: -40.238 +/- 0.183 logLmax: -2.59
08-04 15:43 nessai INFO    : Stopping with difference_log_evidence=0.100
08-04 15:43 nessai INFO    : Finalising
08-04 15:43 nessai INFO    : Final ln-evidence: -40.154 +/- 0.184
08-04 15:43 nessai INFO    : Information: 33.79
08-04 15:43 nessai INFO    : Final KS test: D=0.008579, p-value=0.002811
08-04 15:43 nessai WARNING : Final p-value for the insertion indices is less than 0.05, this could be an indication of problems during sampling. Consider checking the diagnostic plots.
08-04 15:43 nessai INFO    : Checkpointing nested sampling
08-04 15:43 nessai INFO    : Total sampling time: 0:02:11.347356
08-04 15:43 nessai INFO    : Total training time: 0:00:40.675158
08-04 15:43 nessai INFO    : Total population time: 0:00:36.345790
08-04 15:43 nessai INFO    : Total likelihood evaluations: 670317
08-04 15:43 nessai INFO    : Time spent evaluating likelihood: 0:00:12.951496
08-04 15:43 nessai INFO    : Total sampling time: 0:02:11.347356
08-04 15:43 nessai INFO    : Total likelihood evaluations: 670317
08-04 15:43 nessai INFO    : Starting post processing
08-04 15:43 nessai INFO    : Computing posterior samples
08-04 15:43 nessai INFO    : Effective sample size: 7113.6
08-04 15:43 nessai INFO    : Producing posterior samples using rejection sampling
08-04 15:43 nessai INFO    : Expect 5022.216827812089 samples from rejection sampling
08-04 15:43 nessai INFO    : Returned 5039 posterior samples
08-04 15:43 nessai INFO    : Starting to close worker pool.
08-04 15:43 nessai INFO    : Finished closing worker pool.
