/data/wiay/postgrads/shashwat/qunat_com_future/lib/python3.11/site-packages/nessai/utils/logging.py:133: FutureWarning: setup_logger is deprecated, use configure_logger instead
  warnings.warn(
08-04 13:48 nessai INFO    : Running Nessai version 0.15.2
08-04 13:48 nessai INFO    : Starting multiprocessing pool with 4 processes
08-04 13:48 nessai INFO    : Initialising nested sampler
08-04 13:48 nessai WARNING : Multiprocessing pool has already been configured.
/data/wiay/postgrads/shashwat/qunat_com_future/lib/python3.11/site-packages/nessai/gw/__init__.py:12: FutureWarning: The `nessai.gw` module will be deprecated in the next release in favour of the nessai-gw package. This packages provides the same functionality as`nessai.gw` via the plugin interface.For more details, see: https://github.com/mj-will/nessai-gw
  warnings.warn(
08-04 13:48 nessai INFO    : Passing kwargs to FlowProposal: {'poolsize': 1000}
08-04 13:48 nessai INFO    : No reparameterisations provided, using default reparameterisations included in FlowProposal
08-04 13:48 nessai INFO    : Adding reparameterisations from: {}
08-04 13:48 nessai INFO    : Assuming fallback reparameterisation (ScaleAndShift) for ['kappa', 'mu_xi', 'sigma_chi', 'sigma_xi', 'rho', 'lambda_chi', 'chi0', 'xi0'] with kwargs: {'estimate_scale': True, 'estimate_shift': True, 'prior_bounds': {'kappa': array([0.1, 5. ]), 'mu_xi': array([0. , 0.1]), 'sigma_chi': array([0.05, 0.6 ]), 'sigma_xi': array([0.05, 0.4 ]), 'rho': array([-0.9,  0.9]), 'lambda_chi': array([-0.5,  0.5]), 'chi0': array([-0.5,  0.5]), 'xi0': array([2.5, 5. ])}}.
08-04 13:48 nessai INFO    : x space parameters: ['kappa', 'mu_xi', 'sigma_chi', 'sigma_xi', 'rho', 'lambda_chi', 'chi0', 'xi0']
08-04 13:48 nessai INFO    : x prime space parameters: ['kappa_prime', 'mu_xi_prime', 'sigma_chi_prime', 'sigma_xi_prime', 'rho_prime', 'lambda_chi_prime', 'chi0_prime', 'xi0_prime']
08-04 13:48 nessai INFO    : Overwriting fuzz factor with expansion fraction
08-04 13:48 nessai INFO    : New fuzz factor: 1.2228445449938519
08-04 13:48 nessai INFO    : Verifying rescaling functions
08-04 13:48 nessai INFO    : Rescaling functions are invertible
08-04 13:48 nessai INFO    : Populating initial live points
08-04 13:48 nessai INFO    : Populated 100 / 1000 live points
08-04 13:48 nessai INFO    : Populated 200 / 1000 live points
08-04 13:48 nessai INFO    : Populated 300 / 1000 live points
08-04 13:48 nessai INFO    : Populated 400 / 1000 live points
08-04 13:48 nessai INFO    : Populated 500 / 1000 live points
08-04 13:48 nessai INFO    : Populated 600 / 1000 live points
08-04 13:48 nessai INFO    : Populated 700 / 1000 live points
08-04 13:48 nessai INFO    : Populated 800 / 1000 live points
08-04 13:48 nessai INFO    : Populated 900 / 1000 live points
08-04 13:48 nessai INFO    : Populated 1000 / 1000 live points
08-04 13:48 nessai INFO    : Starting nested sampling loop
08-04 13:48 nessai INFO    : it:  1000: Rolling KS test: D=0.026, p-value=0.2543
08-04 13:48 nessai INFO    : it:  1000: n eval: 3000 H: 7.91 dlogZ: 14042690.467 logZ: -14074034.711 +/- 0.089 logLmax: -31343.25
08-04 13:48 nessai INFO    : it:  2000: Rolling KS test: D=0.033, p-value=0.1108
08-04 13:48 nessai INFO    : it:  2000: n eval: 8000 H: 8.91 dlogZ: 3622798.638 logZ: -3640359.223 +/- 0.094 logLmax: -17558.59
08-04 13:48 nessai INFO    : Switching to FlowProposal
08-04 13:48 nessai INFO    : it:  3000: Rolling KS test: D=0.003, p-value=0.9802
08-04 13:48 nessai INFO    : it:  3000: n eval: 12058 H: 9.91 dlogZ: 1177269.842 logZ: -1189818.314 +/- 0.100 logLmax: -12545.47
08-04 13:48 nessai INFO    : it:  4000: Rolling KS test: D=0.008, p-value=0.8752
08-04 13:48 nessai INFO    : it:  4000: n eval: 15822 H: 10.91 dlogZ: 484759.393 logZ: -490177.912 +/- 0.104 logLmax: -5414.52
08-04 13:49 nessai INFO    : it:  5000: Rolling KS test: D=0.016, p-value=0.593
08-04 13:49 nessai INFO    : it:  5000: n eval: 19706 H: 11.91 dlogZ: 223288.191 logZ: -225703.327 +/- 0.109 logLmax: -2410.14
08-04 13:49 nessai INFO    : it:  6000: Rolling KS test: D=0.016, p-value=0.593
08-04 13:49 nessai INFO    : it:  6000: n eval: 24223 H: 12.91 dlogZ: 104215.200 logZ: -106631.336 +/- 0.114 logLmax: -2410.14
08-04 13:49 nessai INFO    : it:  7000: Rolling KS test: D=0.018, p-value=0.5169
08-04 13:49 nessai INFO    : it:  7000: n eval: 29425 H: 13.91 dlogZ: 53233.803 logZ: -54346.474 +/- 0.118 logLmax: -1105.67
08-04 13:49 nessai INFO    : it:  8000: Rolling KS test: D=0.026, p-value=0.2543
08-04 13:49 nessai INFO    : it:  8000: n eval: 33871 H: 14.91 dlogZ: 27293.422 logZ: -28407.094 +/- 0.122 logLmax: -1105.67
08-04 13:49 nessai INFO    : it:  9000: Rolling KS test: D=0.016, p-value=0.593
08-04 13:49 nessai INFO    : it:  9000: n eval: 38739 H: 15.68 dlogZ: 15089.674 logZ: -15481.015 +/- 0.125 logLmax: -382.34
08-04 13:49 nessai INFO    : it: 10000: Rolling KS test: D=0.021, p-value=0.4082
08-04 13:49 nessai INFO    : it: 10000: n eval: 43542 H: 16.91 dlogZ: 8311.651 logZ: -8703.992 +/- 0.130 logLmax: -382.34
08-04 13:49 nessai INFO    : it: 11000: Rolling KS test: D=0.015, p-value=0.6313
08-04 13:49 nessai INFO    : it: 11000: n eval: 48935 H: 17.61 dlogZ: 4855.141 logZ: -5248.482 +/- 0.133 logLmax: -382.34
08-04 13:49 nessai INFO    : it: 12000: Rolling KS test: D=0.017, p-value=0.5547
08-04 13:49 nessai INFO    : it: 12000: n eval: 54359 H: 18.21 dlogZ: 3126.350 logZ: -3315.240 +/- 0.135 logLmax: -176.89
08-04 13:49 nessai INFO    : it: 13000: Rolling KS test: D=0.025, p-value=0.2818
08-04 13:49 nessai INFO    : it: 13000: n eval: 59972 H: 18.63 dlogZ: 1925.668 logZ: -2087.729 +/- 0.137 logLmax: -149.06
08-04 13:49 nessai INFO    : it: 14000: Rolling KS test: D=0.017, p-value=0.5547
08-04 13:49 nessai INFO    : it: 14000: n eval: 65412 H: 19.32 dlogZ: 1174.125 logZ: -1272.392 +/- 0.139 logLmax: -84.27
08-04 13:49 nessai INFO    : it: 15000: Rolling KS test: D=0.021, p-value=0.4082
08-04 13:49 nessai INFO    : it: 15000: n eval: 74918 H: 19.78 dlogZ: 710.220 logZ: -790.812 +/- 0.141 logLmax: -65.59
08-04 13:49 nessai INFO    : it: 16000: Rolling KS test: D=0.024, p-value=0.311
08-04 13:49 nessai INFO    : it: 16000: n eval: 86751 H: 20.51 dlogZ: 448.739 logZ: -486.790 +/- 0.143 logLmax: -22.05
08-04 13:49 nessai INFO    : it: 17000: Rolling KS test: D=0.018, p-value=0.5169
08-04 13:49 nessai INFO    : it: 17000: n eval: 93463 H: 20.99 dlogZ: 270.969 logZ: -304.183 +/- 0.145 logLmax: -16.21
08-04 13:49 nessai INFO    : it: 18000: Rolling KS test: D=0.018, p-value=0.5169
08-04 13:49 nessai INFO    : it: 18000: n eval: 101602 H: 21.22 dlogZ: 159.797 logZ: -194.011 +/- 0.146 logLmax: -16.21
08-04 13:49 nessai INFO    : it: 19000: Rolling KS test: D=0.023, p-value=0.3419
08-04 13:49 nessai INFO    : it: 19000: n eval: 113558 H: 21.79 dlogZ: 96.582 logZ: -131.796 +/- 0.148 logLmax: -16.21
08-04 13:49 nessai INFO    : it: 20000: Rolling KS test: D=0.044, p-value=0.0202
08-04 13:49 nessai INFO    : it: 20000: n eval: 136190 H: 22.32 dlogZ: 60.255 logZ: -94.499 +/- 0.149 logLmax: -14.25
08-04 13:49 nessai INFO    : it: 21000: Rolling KS test: D=0.022, p-value=0.3744
08-04 13:49 nessai INFO    : it: 21000: n eval: 157980 H: 22.87 dlogZ: 40.000 logZ: -72.944 +/- 0.151 logLmax: -11.95
08-04 13:49 nessai INFO    : it: 22000: Rolling KS test: D=0.028, p-value=0.2046
08-04 13:49 nessai INFO    : it: 22000: n eval: 194949 H: 23.30 dlogZ: 28.846 logZ: -60.083 +/- 0.153 logLmax: -9.24
08-04 13:49 nessai INFO    : it: 23000: Rolling KS test: D=0.012, p-value=0.7438
08-04 13:49 nessai INFO    : it: 23000: n eval: 242512 H: 23.80 dlogZ: 19.726 logZ: -51.963 +/- 0.154 logLmax: -9.24
08-04 13:50 nessai INFO    : it: 24000: Rolling KS test: D=0.041, p-value=0.03371
08-04 13:50 nessai INFO    : it: 24000: n eval: 302512 H: 24.19 dlogZ: 13.871 logZ: -47.109 +/- 0.156 logLmax: -9.24
08-04 13:50 nessai INFO    : it: 25000: Rolling KS test: D=0.032, p-value=0.1263
08-04 13:50 nessai INFO    : it: 25000: n eval: 362512 H: 24.65 dlogZ: 10.348 logZ: -44.139 +/- 0.157 logLmax: -8.79
08-04 13:50 nessai INFO    : it: 26000: Rolling KS test: D=0.045, p-value=0.01689
08-04 13:50 nessai INFO    : it: 26000: n eval: 452512 H: 25.10 dlogZ: 7.969 logZ: -42.260 +/- 0.158 logLmax: -8.29
08-04 13:50 nessai INFO    : it: 27000: Rolling KS test: D=0.007, p-value=0.9024
08-04 13:50 nessai INFO    : it: 27000: n eval: 552512 H: 25.62 dlogZ: 8.052 logZ: -40.962 +/- 0.160 logLmax: -5.91
08-04 13:50 nessai INFO    : it: 28000: Rolling KS test: D=0.027, p-value=0.2286
08-04 13:50 nessai INFO    : it: 28000: n eval: 672512 H: 26.17 dlogZ: 6.083 logZ: -39.991 +/- 0.162 logLmax: -5.91
08-04 13:51 nessai INFO    : it: 29000: Rolling KS test: D=0.04, p-value=0.03967
08-04 13:51 nessai INFO    : it: 29000: n eval: 822512 H: 26.63 dlogZ: 4.419 logZ: -39.318 +/- 0.163 logLmax: -5.91
08-04 13:51 nessai INFO    : it: 30000: Rolling KS test: D=0.031, p-value=0.1433
08-04 13:51 nessai INFO    : it: 30000: n eval: 952512 H: 26.99 dlogZ: 3.456 logZ: -38.884 +/- 0.164 logLmax: -5.46
08-04 13:51 nessai INFO    : it: 31000: Rolling KS test: D=0.02, p-value=0.4434
08-04 13:51 nessai INFO    : it: 31000: n eval: 1082512 H: 27.31 dlogZ: 2.690 logZ: -38.595 +/- 0.165 logLmax: -4.98
08-04 13:52 nessai INFO    : it: 32000: Rolling KS test: D=0.043, p-value=0.02406
08-04 13:52 nessai INFO    : it: 32000: n eval: 1162512 H: 27.62 dlogZ: 1.695 logZ: -38.382 +/- 0.166 logLmax: -4.89
08-04 13:52 nessai INFO    : it: 33000: Rolling KS test: D=0.015, p-value=0.6313
08-04 13:52 nessai INFO    : it: 33000: n eval: 1202512 H: 27.92 dlogZ: 0.953 logZ: -38.223 +/- 0.167 logLmax: -4.76
08-04 13:52 nessai INFO    : it: 34000: Rolling KS test: D=0.034, p-value=0.09683
08-04 13:52 nessai INFO    : it: 34000: n eval: 1232797 H: 28.16 dlogZ: 0.515 logZ: -38.113 +/- 0.168 logLmax: -4.51
08-04 13:52 nessai INFO    : it: 35000: Rolling KS test: D=0.034, p-value=0.09683
08-04 13:52 nessai INFO    : it: 35000: n eval: 1245670 H: 28.34 dlogZ: 0.335 logZ: -38.043 +/- 0.168 logLmax: -3.97
08-04 13:52 nessai INFO    : it: 36000: Rolling KS test: D=0.032, p-value=0.1263
08-04 13:52 nessai INFO    : it: 36000: n eval: 1271697 H: 28.46 dlogZ: 0.132 logZ: -38.003 +/- 0.169 logLmax: -3.97
08-04 13:52 nessai INFO    : Stopping with difference_log_evidence=0.100
08-04 13:52 nessai INFO    : Finalising
08-04 13:52 nessai INFO    : Final ln-evidence: -37.963 +/- 0.169
08-04 13:52 nessai INFO    : Information: 28.59
08-04 13:52 nessai INFO    : Final KS test: D=0.008454, p-value=0.005559
08-04 13:52 nessai WARNING : Final p-value for the insertion indices is less than 0.05, this could be an indication of problems during sampling. Consider checking the diagnostic plots.
08-04 13:52 nessai INFO    : Checkpointing nested sampling
08-04 13:52 nessai INFO    : Total sampling time: 0:04:00.939375
08-04 13:52 nessai INFO    : Total training time: 0:01:08.169076
08-04 13:52 nessai INFO    : Total population time: 0:01:49.645820
08-04 13:52 nessai INFO    : Total likelihood evaluations: 1271697
08-04 13:52 nessai INFO    : Time spent evaluating likelihood: 0:00:23.961319
08-04 13:52 nessai INFO    : Total sampling time: 0:04:00.939375
08-04 13:52 nessai INFO    : Total likelihood evaluations: 1271697
08-04 13:52 nessai INFO    : Starting post processing
08-04 13:52 nessai INFO    : Computing posterior samples
08-04 13:52 nessai INFO    : Effective sample size: 9478.2
08-04 13:52 nessai INFO    : Producing posterior samples using rejection sampling
08-04 13:52 nessai INFO    : Expect 6995.1554803202425 samples from rejection sampling
08-04 13:52 nessai INFO    : Returned 6955 posterior samples
08-04 13:52 nessai INFO    : Starting to close worker pool.
08-04 13:52 nessai INFO    : Finished closing worker pool.
