/data/wiay/postgrads/shashwat/qunat_com_future/lib/python3.11/site-packages/nessai/utils/logging.py:133: FutureWarning: setup_logger is deprecated, use configure_logger instead
  warnings.warn(
08-04 12:46 nessai INFO    : Running Nessai version 0.15.2
08-04 12:46 nessai INFO    : Starting multiprocessing pool with 4 processes
08-04 12:46 nessai INFO    : Initialising nested sampler
08-04 12:46 nessai WARNING : Multiprocessing pool has already been configured.
/data/wiay/postgrads/shashwat/qunat_com_future/lib/python3.11/site-packages/nessai/gw/__init__.py:12: FutureWarning: The `nessai.gw` module will be deprecated in the next release in favour of the nessai-gw package. This packages provides the same functionality as`nessai.gw` via the plugin interface.For more details, see: https://github.com/mj-will/nessai-gw
  warnings.warn(
08-04 12:46 nessai INFO    : Passing kwargs to FlowProposal: {'poolsize': 1000}
08-04 12:46 nessai INFO    : No reparameterisations provided, using default reparameterisations included in FlowProposal
08-04 12:46 nessai INFO    : Adding reparameterisations from: {}
08-04 12:46 nessai INFO    : Assuming fallback reparameterisation (ScaleAndShift) for ['kappa', 'mu_xi', 'sigma_chi', 'sigma_xi', 'rho', 'lambda_chi', 'chi0', 'xi0'] with kwargs: {'estimate_scale': True, 'estimate_shift': True, 'prior_bounds': {'kappa': array([0.1, 5. ]), 'mu_xi': array([0. , 0.1]), 'sigma_chi': array([0.05, 0.6 ]), 'sigma_xi': array([0.05, 0.4 ]), 'rho': array([-0.9,  0.9]), 'lambda_chi': array([-0.5,  0.5]), 'chi0': array([-0.5,  0.5]), 'xi0': array([2.5, 5. ])}}.
08-04 12:46 nessai INFO    : x space parameters: ['kappa', 'mu_xi', 'sigma_chi', 'sigma_xi', 'rho', 'lambda_chi', 'chi0', 'xi0']
08-04 12:46 nessai INFO    : x prime space parameters: ['kappa_prime', 'mu_xi_prime', 'sigma_chi_prime', 'sigma_xi_prime', 'rho_prime', 'lambda_chi_prime', 'chi0_prime', 'xi0_prime']
08-04 12:46 nessai INFO    : Overwriting fuzz factor with expansion fraction
08-04 12:46 nessai INFO    : New fuzz factor: 1.2228445449938519
08-04 12:46 nessai INFO    : Verifying rescaling functions
08-04 12:46 nessai INFO    : Rescaling functions are invertible
08-04 12:46 nessai INFO    : Populating initial live points
08-04 12:46 nessai INFO    : Populated 100 / 1000 live points
08-04 12:46 nessai INFO    : Populated 200 / 1000 live points
08-04 12:46 nessai INFO    : Populated 300 / 1000 live points
08-04 12:46 nessai INFO    : Populated 400 / 1000 live points
08-04 12:46 nessai INFO    : Populated 500 / 1000 live points
08-04 12:46 nessai INFO    : Populated 600 / 1000 live points
08-04 12:46 nessai INFO    : Populated 700 / 1000 live points
08-04 12:46 nessai INFO    : Populated 800 / 1000 live points
08-04 12:46 nessai INFO    : Populated 900 / 1000 live points
08-04 12:46 nessai INFO    : Populated 1000 / 1000 live points
08-04 12:46 nessai INFO    : Starting nested sampling loop
08-04 12:46 nessai INFO    : it:  1000: Rolling KS test: D=0.01, p-value=0.8133
08-04 12:46 nessai INFO    : it:  1000: n eval: 3000 H: 7.91 dlogZ: 567348441.933 logZ: -568995396.894 +/- 0.089 logLmax: -1646953.96
08-04 12:46 nessai INFO    : it:  2000: Rolling KS test: D=0.016, p-value=0.593
08-04 12:46 nessai INFO    : it:  2000: n eval: 8000 H: 8.91 dlogZ: 254463036.523 logZ: -256109992.484 +/- 0.094 logLmax: -1646953.96
08-04 12:46 nessai INFO    : Switching to FlowProposal
08-04 12:46 nessai INFO    : it:  3000: Rolling KS test: D=0.013, p-value=0.7071
08-04 12:46 nessai INFO    : it:  3000: n eval: 11811 H: 9.91 dlogZ: 110926392.679 logZ: -111576073.235 +/- 0.100 logLmax: -649677.56
08-04 12:46 nessai INFO    : it:  4000: Rolling KS test: D=0.011, p-value=0.7794
08-04 12:46 nessai INFO    : it:  4000: n eval: 13308 H: 10.91 dlogZ: 50697324.099 logZ: -51347005.655 +/- 0.104 logLmax: -649677.56
08-04 12:46 nessai INFO    : it:  5000: Rolling KS test: D=0.009, p-value=0.8454
08-04 12:46 nessai INFO    : it:  5000: n eval: 16672 H: 11.91 dlogZ: 27460223.551 logZ: -28022096.680 +/- 0.109 logLmax: -561868.13
08-04 12:46 nessai INFO    : it:  6000: Rolling KS test: D=0.035, p-value=0.08429
08-04 12:46 nessai INFO    : it:  6000: n eval: 20330 H: 12.91 dlogZ: 15176367.379 logZ: -15257647.518 +/- 0.114 logLmax: -81274.14
08-04 12:46 nessai INFO    : it:  7000: Rolling KS test: D=0.03, p-value=0.162
08-04 12:46 nessai INFO    : it:  7000: n eval: 22159 H: 13.91 dlogZ: 8137356.179 logZ: -8218637.318 +/- 0.118 logLmax: -81274.14
08-04 12:46 nessai INFO    : it:  8000: Rolling KS test: D=0.026, p-value=0.2543
08-04 12:46 nessai INFO    : it:  8000: n eval: 26101 H: 14.91 dlogZ: 4033809.047 logZ: -4111750.410 +/- 0.122 logLmax: -77933.36
08-04 12:46 nessai INFO    : it:  9000: Rolling KS test: D=0.009, p-value=0.8454
08-04 12:46 nessai INFO    : it:  9000: n eval: 30125 H: 15.91 dlogZ: 1954488.621 logZ: -1959804.405 +/- 0.126 logLmax: -5306.78
08-04 12:46 nessai INFO    : it: 10000: Rolling KS test: D=0.027, p-value=0.2286
08-04 12:46 nessai INFO    : it: 10000: n eval: 34990 H: 16.91 dlogZ: 999390.998 logZ: -1004707.781 +/- 0.130 logLmax: -5306.78
08-04 12:46 nessai INFO    : it: 11000: Rolling KS test: D=0.015, p-value=0.6313
08-04 12:46 nessai INFO    : it: 11000: n eval: 40376 H: 17.91 dlogZ: 515156.129 logZ: -520473.912 +/- 0.134 logLmax: -5306.78
08-04 12:46 nessai INFO    : it: 12000: Rolling KS test: D=0.015, p-value=0.6313
08-04 12:46 nessai INFO    : it: 12000: n eval: 45703 H: 18.91 dlogZ: 255156.759 logZ: -259191.949 +/- 0.138 logLmax: -4023.19
08-04 12:46 nessai INFO    : it: 13000: Rolling KS test: D=0.022, p-value=0.3744
08-04 12:46 nessai INFO    : it: 13000: n eval: 54885 H: 19.91 dlogZ: 128480.669 logZ: -132516.859 +/- 0.141 logLmax: -4023.19
08-04 12:46 nessai INFO    : it: 14000: Rolling KS test: D=0.029, p-value=0.1825
08-04 12:46 nessai INFO    : it: 14000: n eval: 61474 H: 20.91 dlogZ: 67493.681 logZ: -69365.612 +/- 0.145 logLmax: -1857.93
08-04 12:46 nessai INFO    : it: 15000: Rolling KS test: D=0.008, p-value=0.8752
08-04 12:46 nessai INFO    : it: 15000: n eval: 71794 H: 21.91 dlogZ: 36161.890 logZ: -37227.743 +/- 0.148 logLmax: -1050.85
08-04 12:46 nessai INFO    : it: 16000: Rolling KS test: D=0.014, p-value=0.6695
08-04 12:46 nessai INFO    : it: 16000: n eval: 79092 H: 22.89 dlogZ: 19002.553 logZ: -19549.547 +/- 0.151 logLmax: -530.99
08-04 12:46 nessai INFO    : it: 17000: Rolling KS test: D=0.03, p-value=0.162
08-04 12:46 nessai INFO    : it: 17000: n eval: 91482 H: 23.50 dlogZ: 10182.944 logZ: -10730.938 +/- 0.153 logLmax: -530.99
08-04 12:46 nessai INFO    : it: 18000: Rolling KS test: D=0.051, p-value=0.005312
08-04 12:46 nessai INFO    : it: 18000: n eval: 105681 H: 24.60 dlogZ: 5717.199 logZ: -6117.303 +/- 0.157 logLmax: -382.11
08-04 12:46 nessai INFO    : it: 19000: Rolling KS test: D=0.018, p-value=0.5169
08-04 12:46 nessai INFO    : it: 19000: n eval: 121645 H: 24.85 dlogZ: 3433.785 logZ: -3631.114 +/- 0.158 logLmax: -178.33
08-04 12:46 nessai INFO    : it: 20000: Rolling KS test: D=0.017, p-value=0.5547
08-04 12:46 nessai INFO    : it: 20000: n eval: 147150 H: 26.49 dlogZ: 1973.648 logZ: -2171.977 +/- 0.163 logLmax: -178.33
08-04 12:46 nessai INFO    : it: 21000: Rolling KS test: D=0.022, p-value=0.3744
08-04 12:46 nessai INFO    : it: 21000: n eval: 168541 H: 26.02 dlogZ: 1184.115 logZ: -1340.582 +/- 0.161 logLmax: -135.47
08-04 12:47 nessai INFO    : it: 22000: Rolling KS test: D=0.034, p-value=0.09683
08-04 12:47 nessai INFO    : it: 22000: n eval: 205832 H: 27.23 dlogZ: 720.277 logZ: -877.745 +/- 0.165 logLmax: -135.47
08-04 12:47 nessai INFO    : it: 23000: Rolling KS test: D=0.022, p-value=0.3744
08-04 12:47 nessai INFO    : it: 23000: n eval: 244789 H: 27.42 dlogZ: 534.024 logZ: -608.262 +/- 0.166 logLmax: -51.24
08-04 12:47 nessai INFO    : it: 24000: Rolling KS test: D=0.018, p-value=0.5169
08-04 12:47 nessai INFO    : it: 24000: n eval: 294047 H: 28.11 dlogZ: 383.044 logZ: -437.059 +/- 0.168 logLmax: -30.02
08-04 12:47 nessai INFO    : it: 25000: Rolling KS test: D=0.014, p-value=0.6695
08-04 12:47 nessai INFO    : it: 25000: n eval: 342906 H: 28.66 dlogZ: 268.681 logZ: -323.696 +/- 0.169 logLmax: -30.02
08-04 12:47 nessai INFO    : it: 26000: Rolling KS test: D=0.011, p-value=0.7794
08-04 12:47 nessai INFO    : it: 26000: n eval: 402906 H: 29.29 dlogZ: 187.404 logZ: -243.419 +/- 0.171 logLmax: -30.02
08-04 12:47 nessai INFO    : it: 27000: Rolling KS test: D=0.019, p-value=0.4797
08-04 12:47 nessai INFO    : it: 27000: n eval: 442906 H: 29.78 dlogZ: 136.301 logZ: -190.585 +/- 0.173 logLmax: -27.28
08-04 12:47 nessai INFO    : it: 28000: Rolling KS test: D=0.025, p-value=0.2818
08-04 12:47 nessai INFO    : it: 28000: n eval: 480668 H: 30.46 dlogZ: 97.125 logZ: -150.422 +/- 0.175 logLmax: -25.30
08-04 12:47 nessai INFO    : it: 29000: Rolling KS test: D=0.022, p-value=0.3744
08-04 12:47 nessai INFO    : it: 29000: n eval: 518794 H: 31.35 dlogZ: 71.869 logZ: -121.735 +/- 0.177 logLmax: -20.87
08-04 12:47 nessai INFO    : it: 30000: Rolling KS test: D=0.035, p-value=0.08429
08-04 12:48 nessai INFO    : it: 30000: n eval: 546883 H: 31.93 dlogZ: 59.337 logZ: -100.659 +/- 0.179 logLmax: -11.32
08-04 12:48 nessai INFO    : it: 31000: Rolling KS test: D=0.026, p-value=0.2543
08-04 12:48 nessai INFO    : it: 31000: n eval: 583673 H: 32.59 dlogZ: 43.116 logZ: -85.291 +/- 0.181 logLmax: -11.18
08-04 12:48 nessai INFO    : it: 32000: Rolling KS test: D=0.031, p-value=0.1433
08-04 12:48 nessai INFO    : it: 32000: n eval: 615744 H: 33.39 dlogZ: 33.028 logZ: -72.831 +/- 0.183 logLmax: -7.80
08-04 12:48 nessai INFO    : it: 33000: Rolling KS test: D=0.034, p-value=0.09683
08-04 12:48 nessai INFO    : it: 33000: n eval: 641603 H: 33.94 dlogZ: 28.885 logZ: -63.816 +/- 0.184 logLmax: -1.93
08-04 12:48 nessai INFO    : it: 34000: Rolling KS test: D=0.033, p-value=0.1108
08-04 12:48 nessai INFO    : it: 34000: n eval: 671367 H: 34.56 dlogZ: 21.474 logZ: -57.405 +/- 0.186 logLmax: -1.93
08-04 12:48 nessai INFO    : it: 35000: Rolling KS test: D=0.024, p-value=0.311
08-04 12:48 nessai INFO    : it: 35000: n eval: 684025 H: 35.20 dlogZ: 15.903 logZ: -52.835 +/- 0.188 logLmax: -1.93
08-04 12:48 nessai INFO    : it: 36000: Rolling KS test: D=0.034, p-value=0.09683
08-04 12:48 nessai INFO    : it: 36000: n eval: 706045 H: 35.79 dlogZ: 11.963 logZ: -49.527 +/- 0.189 logLmax: -1.57
08-04 12:48 nessai INFO    : it: 37000: Rolling KS test: D=0.01, p-value=0.8133
08-04 12:48 nessai INFO    : it: 37000: n eval: 716052 H: 36.40 dlogZ: 8.588 logZ: -47.153 +/- 0.191 logLmax: -1.57
08-04 12:48 nessai INFO    : it: 38000: Rolling KS test: D=0.016, p-value=0.593
08-04 12:48 nessai INFO    : it: 38000: n eval: 740125 H: 36.95 dlogZ: 5.918 logZ: -45.480 +/- 0.192 logLmax: -1.57
08-04 12:48 nessai INFO    : it: 39000: Rolling KS test: D=0.011, p-value=0.7794
08-04 12:48 nessai INFO    : it: 39000: n eval: 751002 H: 37.40 dlogZ: 4.133 logZ: -44.365 +/- 0.193 logLmax: -1.25
08-04 12:48 nessai INFO    : it: 40000: Rolling KS test: D=0.013, p-value=0.7071
08-04 12:48 nessai INFO    : it: 40000: n eval: 780981 H: 37.76 dlogZ: 2.514 logZ: -43.678 +/- 0.194 logLmax: -1.25
08-04 12:48 nessai INFO    : it: 41000: Rolling KS test: D=0.011, p-value=0.7794
08-04 12:48 nessai INFO    : it: 41000: n eval: 805509 H: 38.05 dlogZ: 1.388 logZ: -43.259 +/- 0.195 logLmax: -1.16
08-04 12:48 nessai INFO    : it: 42000: Rolling KS test: D=0.011, p-value=0.7794
08-04 12:48 nessai INFO    : it: 42000: n eval: 825029 H: 38.26 dlogZ: 0.629 logZ: -43.025 +/- 0.196 logLmax: -1.16
08-04 12:48 nessai INFO    : it: 43000: Rolling KS test: D=0.013, p-value=0.7071
08-04 12:48 nessai INFO    : it: 43000: n eval: 848679 H: 38.39 dlogZ: 0.274 logZ: -42.897 +/- 0.196 logLmax: -1.05
08-04 12:49 nessai INFO    : it: 44000: Rolling KS test: D=0.014, p-value=0.6695
08-04 12:49 nessai INFO    : it: 44000: n eval: 867792 H: 38.48 dlogZ: 0.120 logZ: -42.832 +/- 0.196 logLmax: -0.89
08-04 12:49 nessai INFO    : Stopping with difference_log_evidence=0.100
08-04 12:49 nessai INFO    : Finalising
08-04 12:49 nessai INFO    : Final ln-evidence: -42.774 +/- 0.196
08-04 12:49 nessai INFO    : Information: 38.57
08-04 12:49 nessai INFO    : Final KS test: D=0.004711, p-value=0.1402
08-04 12:49 nessai INFO    : Checkpointing nested sampling
08-04 12:49 nessai INFO    : Total sampling time: 0:03:01.597305
08-04 12:49 nessai INFO    : Total training time: 0:01:02.129309
08-04 12:49 nessai INFO    : Total population time: 0:00:53.619782
08-04 12:49 nessai INFO    : Total likelihood evaluations: 875070
08-04 12:49 nessai INFO    : Time spent evaluating likelihood: 0:00:16.434545
08-04 12:49 nessai INFO    : Total sampling time: 0:03:01.597305
08-04 12:49 nessai INFO    : Total likelihood evaluations: 875070
08-04 12:49 nessai INFO    : Starting post processing
08-04 12:49 nessai INFO    : Computing posterior samples
08-04 12:49 nessai INFO    : Effective sample size: 6552.3
08-04 12:49 nessai INFO    : Producing posterior samples using rejection sampling
08-04 12:49 nessai INFO    : Expect 4471.426752097385 samples from rejection sampling
08-04 12:49 nessai INFO    : Returned 4469 posterior samples
08-04 12:49 nessai INFO    : Starting to close worker pool.
08-04 12:49 nessai INFO    : Finished closing worker pool.
