/data/wiay/postgrads/shashwat/qunat_com_future/lib/python3.11/site-packages/nessai/utils/logging.py:133: FutureWarning: setup_logger is deprecated, use configure_logger instead
  warnings.warn(
08-04 13:13 nessai INFO    : Running Nessai version 0.15.2
08-04 13:13 nessai INFO    : Starting multiprocessing pool with 4 processes
08-04 13:13 nessai INFO    : Initialising nested sampler
08-04 13:13 nessai WARNING : Multiprocessing pool has already been configured.
/data/wiay/postgrads/shashwat/qunat_com_future/lib/python3.11/site-packages/nessai/gw/__init__.py:12: FutureWarning: The `nessai.gw` module will be deprecated in the next release in favour of the nessai-gw package. This packages provides the same functionality as`nessai.gw` via the plugin interface.For more details, see: https://github.com/mj-will/nessai-gw
  warnings.warn(
08-04 13:13 nessai INFO    : Passing kwargs to FlowProposal: {'poolsize': 1000}
08-04 13:13 nessai INFO    : No reparameterisations provided, using default reparameterisations included in FlowProposal
08-04 13:13 nessai INFO    : Adding reparameterisations from: {}
08-04 13:13 nessai INFO    : Assuming fallback reparameterisation (ScaleAndShift) for ['kappa', 'mu_xi', 'sigma_chi', 'sigma_xi', 'rho', 'lambda_chi', 'chi0', 'xi0'] with kwargs: {'estimate_scale': True, 'estimate_shift': True, 'prior_bounds': {'kappa': array([0.1, 5. ]), 'mu_xi': array([0. , 0.1]), 'sigma_chi': array([0.05, 0.6 ]), 'sigma_xi': array([0.05, 0.4 ]), 'rho': array([-0.9,  0.9]), 'lambda_chi': array([-0.5,  0.5]), 'chi0': array([-0.5,  0.5]), 'xi0': array([2.5, 5. ])}}.
08-04 13:13 nessai INFO    : x space parameters: ['kappa', 'mu_xi', 'sigma_chi', 'sigma_xi', 'rho', 'lambda_chi', 'chi0', 'xi0']
08-04 13:13 nessai INFO    : x prime space parameters: ['kappa_prime', 'mu_xi_prime', 'sigma_chi_prime', 'sigma_xi_prime', 'rho_prime', 'lambda_chi_prime', 'chi0_prime', 'xi0_prime']
08-04 13:13 nessai INFO    : Overwriting fuzz factor with expansion fraction
08-04 13:13 nessai INFO    : New fuzz factor: 1.2228445449938519
08-04 13:13 nessai INFO    : Verifying rescaling functions
08-04 13:13 nessai INFO    : Rescaling functions are invertible
08-04 13:13 nessai INFO    : Populating initial live points
08-04 13:13 nessai INFO    : Populated 100 / 1000 live points
08-04 13:13 nessai INFO    : Populated 200 / 1000 live points
08-04 13:13 nessai INFO    : Populated 300 / 1000 live points
08-04 13:13 nessai INFO    : Populated 400 / 1000 live points
08-04 13:13 nessai INFO    : Populated 500 / 1000 live points
08-04 13:13 nessai INFO    : Populated 600 / 1000 live points
08-04 13:13 nessai INFO    : Populated 700 / 1000 live points
08-04 13:13 nessai INFO    : Populated 800 / 1000 live points
08-04 13:13 nessai INFO    : Populated 900 / 1000 live points
08-04 13:13 nessai INFO    : Populated 1000 / 1000 live points
08-04 13:13 nessai INFO    : Starting nested sampling loop
08-04 13:13 nessai INFO    : it:  1000: Rolling KS test: D=0.014, p-value=0.6695
08-04 13:13 nessai INFO    : it:  1000: n eval: 3000 H: 7.91 dlogZ: 15260469.754 logZ: -15262593.948 +/- 0.089 logLmax: -2123.20
08-04 13:13 nessai INFO    : it:  2000: Rolling KS test: D=0.009, p-value=0.8454
08-04 13:13 nessai INFO    : it:  2000: n eval: 8000 H: 8.91 dlogZ: 1772097.898 logZ: -1774223.092 +/- 0.094 logLmax: -2123.20
08-04 13:13 nessai INFO    : Switching to FlowProposal
08-04 13:13 nessai INFO    : it:  3000: Rolling KS test: D=0.036, p-value=0.07308
08-04 13:13 nessai INFO    : it:  3000: n eval: 10207 H: 9.91 dlogZ: 366954.257 logZ: -367807.822 +/- 0.100 logLmax: -850.57
08-04 13:13 nessai INFO    : it:  4000: Rolling KS test: D=0.002, p-value=0.9907
08-04 13:13 nessai INFO    : it:  4000: n eval: 13112 H: 10.91 dlogZ: 100312.059 logZ: -101166.624 +/- 0.104 logLmax: -850.57
08-04 13:14 nessai INFO    : it:  5000: Rolling KS test: D=0.026, p-value=0.2543
08-04 13:14 nessai INFO    : it:  5000: n eval: 16273 H: 11.91 dlogZ: 33281.905 logZ: -33854.539 +/- 0.109 logLmax: -567.63
08-04 13:14 nessai INFO    : it:  6000: Rolling KS test: D=0.023, p-value=0.3419
08-04 13:14 nessai INFO    : it:  6000: n eval: 18003 H: 12.91 dlogZ: 13708.876 logZ: -14018.171 +/- 0.114 logLmax: -303.30
08-04 13:14 nessai INFO    : it:  7000: Rolling KS test: D=0.018, p-value=0.5169
08-04 13:14 nessai INFO    : it:  7000: n eval: 21592 H: 12.51 dlogZ: 6222.110 logZ: -6481.105 +/- 0.112 logLmax: -252.00
08-04 13:14 nessai INFO    : it:  8000: Rolling KS test: D=0.023, p-value=0.3419
08-04 13:14 nessai INFO    : it:  8000: n eval: 25731 H: 13.91 dlogZ: 2896.685 logZ: -3046.908 +/- 0.118 logLmax: -142.22
08-04 13:14 nessai INFO    : it:  9000: Rolling KS test: D=0.009, p-value=0.8454
08-04 13:14 nessai INFO    : it:  9000: n eval: 30270 H: 14.73 dlogZ: 1596.622 logZ: -1656.710 +/- 0.121 logLmax: -51.09
08-04 13:14 nessai INFO    : it: 10000: Rolling KS test: D=0.015, p-value=0.6313
08-04 13:14 nessai INFO    : it: 10000: n eval: 34873 H: 14.87 dlogZ: 878.581 logZ: -939.669 +/- 0.122 logLmax: -51.09
08-04 13:14 nessai INFO    : it: 11000: Rolling KS test: D=0.009, p-value=0.8454
08-04 13:14 nessai INFO    : it: 11000: n eval: 40230 H: 15.35 dlogZ: 560.462 logZ: -597.684 +/- 0.124 logLmax: -26.22
08-04 13:14 nessai INFO    : it: 12000: Rolling KS test: D=0.044, p-value=0.0202
08-04 13:14 nessai INFO    : it: 12000: n eval: 45443 H: 16.10 dlogZ: 362.587 logZ: -392.332 +/- 0.127 logLmax: -17.75
08-04 13:14 nessai INFO    : it: 13000: Rolling KS test: D=0.006, p-value=0.9268
08-04 13:14 nessai INFO    : it: 13000: n eval: 50579 H: 16.60 dlogZ: 222.949 logZ: -253.694 +/- 0.129 logLmax: -17.75
08-04 13:14 nessai INFO    : it: 14000: Rolling KS test: D=0.02, p-value=0.4434
08-04 13:14 nessai INFO    : it: 14000: n eval: 56203 H: 17.11 dlogZ: 134.581 logZ: -165.249 +/- 0.131 logLmax: -16.67
08-04 13:14 nessai INFO    : it: 15000: Rolling KS test: D=0.021, p-value=0.4082
08-04 13:14 nessai INFO    : it: 15000: n eval: 61873 H: 17.60 dlogZ: 87.870 logZ: -112.706 +/- 0.133 logLmax: -9.84
08-04 13:14 nessai INFO    : it: 16000: Rolling KS test: D=0.036, p-value=0.07308
08-04 13:14 nessai INFO    : it: 16000: n eval: 70296 H: 18.25 dlogZ: 53.755 logZ: -78.301 +/- 0.135 logLmax: -8.55
08-04 13:14 nessai INFO    : it: 17000: Rolling KS test: D=0.021, p-value=0.4082
08-04 13:14 nessai INFO    : it: 17000: n eval: 80167 H: 18.68 dlogZ: 34.800 logZ: -58.304 +/- 0.137 logLmax: -6.51
08-04 13:14 nessai INFO    : it: 18000: Rolling KS test: D=0.037, p-value=0.06311
08-04 13:14 nessai INFO    : it: 18000: n eval: 89015 H: 19.15 dlogZ: 23.892 logZ: -46.105 +/- 0.138 logLmax: -4.21
08-04 13:14 nessai INFO    : it: 19000: Rolling KS test: D=0.035, p-value=0.08429
08-04 13:14 nessai INFO    : it: 19000: n eval: 95721 H: 19.63 dlogZ: 15.824 logZ: -39.037 +/- 0.140 logLmax: -4.21
08-04 13:14 nessai INFO    : it: 20000: Rolling KS test: D=0.02, p-value=0.4434
08-04 13:14 nessai INFO    : it: 20000: n eval: 105639 H: 20.09 dlogZ: 10.271 logZ: -34.484 +/- 0.142 logLmax: -4.21
08-04 13:14 nessai INFO    : it: 21000: Rolling KS test: D=0.042, p-value=0.02854
08-04 13:14 nessai INFO    : it: 21000: n eval: 117493 H: 20.48 dlogZ: 6.672 logZ: -31.884 +/- 0.143 logLmax: -4.21
08-04 13:14 nessai INFO    : it: 22000: Rolling KS test: D=0.013, p-value=0.7071
08-04 13:14 nessai INFO    : it: 22000: n eval: 125869 H: 20.73 dlogZ: 4.315 logZ: -30.514 +/- 0.144 logLmax: -4.21
08-04 13:15 nessai INFO    : it: 23000: Rolling KS test: D=0.039, p-value=0.0465
08-04 13:15 nessai INFO    : it: 23000: n eval: 140010 H: 20.99 dlogZ: 2.622 logZ: -29.760 +/- 0.145 logLmax: -4.21
08-04 13:15 nessai INFO    : it: 24000: Rolling KS test: D=0.015, p-value=0.6313
08-04 13:15 nessai INFO    : it: 24000: n eval: 155120 H: 21.21 dlogZ: 1.577 logZ: -29.330 +/- 0.146 logLmax: -3.99
08-04 13:15 nessai INFO    : it: 25000: Rolling KS test: D=0.025, p-value=0.2818
08-04 13:15 nessai INFO    : it: 25000: n eval: 169984 H: 21.38 dlogZ: 0.773 logZ: -29.096 +/- 0.146 logLmax: -3.94
08-04 13:15 nessai INFO    : it: 26000: Rolling KS test: D=0.029, p-value=0.1825
08-04 13:15 nessai INFO    : it: 26000: n eval: 184735 H: 21.51 dlogZ: 0.347 logZ: -28.966 +/- 0.147 logLmax: -3.85
08-04 13:15 nessai INFO    : it: 27000: Rolling KS test: D=0.045, p-value=0.01689
08-04 13:15 nessai INFO    : it: 27000: n eval: 194310 H: 21.59 dlogZ: 0.133 logZ: -28.898 +/- 0.147 logLmax: -3.85
08-04 13:15 nessai INFO    : Stopping with difference_log_evidence=0.100
08-04 13:15 nessai INFO    : Finalising
08-04 13:15 nessai INFO    : Final ln-evidence: -28.837 +/- 0.147
08-04 13:15 nessai INFO    : Information: 21.69
08-04 13:15 nessai INFO    : Final KS test: D=0.009434, p-value=0.007718
08-04 13:15 nessai WARNING : Final p-value for the insertion indices is less than 0.05, this could be an indication of problems during sampling. Consider checking the diagnostic plots.
08-04 13:15 nessai INFO    : Checkpointing nested sampling
08-04 13:15 nessai INFO    : Total sampling time: 0:01:33.484909
08-04 13:15 nessai INFO    : Total training time: 0:00:31.795899
08-04 13:15 nessai INFO    : Total population time: 0:00:19.713128
08-04 13:15 nessai INFO    : Total likelihood evaluations: 194310
08-04 13:15 nessai INFO    : Time spent evaluating likelihood: 0:00:08.821997
08-04 13:15 nessai INFO    : Total sampling time: 0:01:33.484909
08-04 13:15 nessai INFO    : Total likelihood evaluations: 194310
08-04 13:15 nessai INFO    : Starting post processing
08-04 13:15 nessai INFO    : Computing posterior samples
08-04 13:15 nessai INFO    : Effective sample size: 6347.9
08-04 13:15 nessai INFO    : Producing posterior samples using rejection sampling
08-04 13:15 nessai INFO    : Expect 4360.393895832712 samples from rejection sampling
08-04 13:15 nessai INFO    : Returned 4415 posterior samples
08-04 13:17 nessai INFO    : Starting to close worker pool.
08-04 13:17 nessai INFO    : Finished closing worker pool.
