/data/wiay/postgrads/shashwat/qunat_com_future/lib/python3.11/site-packages/nessai/utils/logging.py:133: FutureWarning: setup_logger is deprecated, use configure_logger instead
  warnings.warn(
08-04 12:57 nessai INFO    : Running Nessai version 0.15.2
08-04 12:57 nessai INFO    : Starting multiprocessing pool with 4 processes
08-04 12:57 nessai INFO    : Initialising nested sampler
08-04 12:57 nessai WARNING : Multiprocessing pool has already been configured.
/data/wiay/postgrads/shashwat/qunat_com_future/lib/python3.11/site-packages/nessai/gw/__init__.py:12: FutureWarning: The `nessai.gw` module will be deprecated in the next release in favour of the nessai-gw package. This packages provides the same functionality as`nessai.gw` via the plugin interface.For more details, see: https://github.com/mj-will/nessai-gw
  warnings.warn(
08-04 12:57 nessai INFO    : Passing kwargs to FlowProposal: {'poolsize': 1000}
08-04 12:57 nessai INFO    : No reparameterisations provided, using default reparameterisations included in FlowProposal
08-04 12:57 nessai INFO    : Adding reparameterisations from: {}
08-04 12:57 nessai INFO    : Assuming fallback reparameterisation (ScaleAndShift) for ['kappa', 'mu_xi', 'sigma_chi', 'sigma_xi', 'rho', 'lambda_chi', 'chi0', 'xi0'] with kwargs: {'estimate_scale': True, 'estimate_shift': True, 'prior_bounds': {'kappa': array([0.1, 5. ]), 'mu_xi': array([0. , 0.1]), 'sigma_chi': array([0.05, 0.6 ]), 'sigma_xi': array([0.05, 0.4 ]), 'rho': array([-0.9,  0.9]), 'lambda_chi': array([-0.5,  0.5]), 'chi0': array([-0.5,  0.5]), 'xi0': array([2.5, 5. ])}}.
08-04 12:57 nessai INFO    : x space parameters: ['kappa', 'mu_xi', 'sigma_chi', 'sigma_xi', 'rho', 'lambda_chi', 'chi0', 'xi0']
08-04 12:57 nessai INFO    : x prime space parameters: ['kappa_prime', 'mu_xi_prime', 'sigma_chi_prime', 'sigma_xi_prime', 'rho_prime', 'lambda_chi_prime', 'chi0_prime', 'xi0_prime']
08-04 12:57 nessai INFO    : Overwriting fuzz factor with expansion fraction
08-04 12:57 nessai INFO    : New fuzz factor: 1.2228445449938519
08-04 12:57 nessai INFO    : Verifying rescaling functions
08-04 12:57 nessai INFO    : Rescaling functions are invertible
08-04 12:57 nessai INFO    : Populating initial live points
08-04 12:57 nessai INFO    : Populated 100 / 1000 live points
08-04 12:57 nessai INFO    : Populated 200 / 1000 live points
08-04 12:57 nessai INFO    : Populated 300 / 1000 live points
08-04 12:57 nessai INFO    : Populated 400 / 1000 live points
08-04 12:57 nessai INFO    : Populated 500 / 1000 live points
08-04 12:57 nessai INFO    : Populated 600 / 1000 live points
08-04 12:57 nessai INFO    : Populated 700 / 1000 live points
08-04 12:57 nessai INFO    : Populated 800 / 1000 live points
08-04 12:57 nessai INFO    : Populated 900 / 1000 live points
08-04 12:57 nessai INFO    : Populated 1000 / 1000 live points
08-04 12:57 nessai INFO    : Starting nested sampling loop
08-04 12:57 nessai INFO    : it:  1000: Rolling KS test: D=0.028, p-value=0.2046
08-04 12:57 nessai INFO    : it:  1000: n eval: 3000 H: 7.91 dlogZ: 51288600.523 logZ: -51396010.725 +/- 0.089 logLmax: -107409.20
08-04 12:57 nessai INFO    : it:  2000: Rolling KS test: D=0.018, p-value=0.5169
08-04 12:57 nessai INFO    : it:  2000: n eval: 8000 H: 8.91 dlogZ: 17105534.052 logZ: -17126767.634 +/- 0.094 logLmax: -21231.58
08-04 12:57 nessai INFO    : Switching to FlowProposal
08-04 12:57 nessai INFO    : it:  3000: Rolling KS test: D=0.027, p-value=0.2286
08-04 12:57 nessai INFO    : it:  3000: n eval: 11833 H: 9.91 dlogZ: 6732721.381 logZ: -6753955.962 +/- 0.100 logLmax: -21231.58
08-04 12:57 nessai INFO    : it:  4000: Rolling KS test: D=0.011, p-value=0.7794
08-04 12:57 nessai INFO    : it:  4000: n eval: 15474 H: 10.91 dlogZ: 2636138.224 logZ: -2657373.805 +/- 0.104 logLmax: -21231.58
08-04 12:57 nessai INFO    : it:  5000: Rolling KS test: D=0.041, p-value=0.03371
08-04 12:57 nessai INFO    : it:  5000: n eval: 17503 H: 11.91 dlogZ: 1080860.772 logZ: -1092559.223 +/- 0.109 logLmax: -11693.45
08-04 12:57 nessai INFO    : it:  6000: Rolling KS test: D=0.018, p-value=0.5169
08-04 12:57 nessai INFO    : it:  6000: n eval: 21411 H: 12.91 dlogZ: 507505.822 logZ: -508033.810 +/- 0.114 logLmax: -521.99
08-04 12:57 nessai INFO    : it:  7000: Rolling KS test: D=0.013, p-value=0.7071
08-04 12:57 nessai INFO    : it:  7000: n eval: 25632 H: 13.91 dlogZ: 252180.810 logZ: -252709.798 +/- 0.118 logLmax: -521.99
08-04 12:57 nessai INFO    : it:  8000: Rolling KS test: D=0.02, p-value=0.4434
08-04 12:57 nessai INFO    : it:  8000: n eval: 30888 H: 14.91 dlogZ: 125894.122 logZ: -126424.111 +/- 0.122 logLmax: -521.99
08-04 12:57 nessai INFO    : it:  9000: Rolling KS test: D=0.028, p-value=0.2046
08-04 12:57 nessai INFO    : it:  9000: n eval: 39078 H: 15.91 dlogZ: 63180.949 logZ: -63711.937 +/- 0.126 logLmax: -521.99
08-04 12:57 nessai INFO    : it: 10000: Rolling KS test: D=0.016, p-value=0.593
08-04 12:57 nessai INFO    : it: 10000: n eval: 46080 H: 16.91 dlogZ: 32666.578 logZ: -33198.566 +/- 0.130 logLmax: -521.99
08-04 12:57 nessai INFO    : it: 11000: Rolling KS test: D=0.025, p-value=0.2818
08-04 12:57 nessai INFO    : it: 11000: n eval: 60224 H: 17.71 dlogZ: 17688.726 logZ: -17899.635 +/- 0.133 logLmax: -199.91
08-04 12:57 nessai INFO    : it: 12000: Rolling KS test: D=0.027, p-value=0.2286
08-04 12:57 nessai INFO    : it: 12000: n eval: 72582 H: 18.91 dlogZ: 9082.421 logZ: -9294.330 +/- 0.138 logLmax: -199.91
08-04 12:57 nessai INFO    : it: 13000: Rolling KS test: D=0.046, p-value=0.01407
08-04 12:57 nessai INFO    : it: 13000: n eval: 79257 H: 19.33 dlogZ: 4964.572 logZ: -5092.032 +/- 0.139 logLmax: -114.46
08-04 12:57 nessai INFO    : it: 14000: Rolling KS test: D=0.02, p-value=0.4434
08-04 12:57 nessai INFO    : it: 14000: n eval: 86113 H: 20.35 dlogZ: 2589.807 logZ: -2718.266 +/- 0.143 logLmax: -114.46
08-04 12:57 nessai INFO    : it: 15000: Rolling KS test: D=0.012, p-value=0.7438
08-04 12:57 nessai INFO    : it: 15000: n eval: 96406 H: 20.87 dlogZ: 1427.448 logZ: -1516.971 +/- 0.144 logLmax: -74.52
08-04 12:57 nessai INFO    : it: 16000: Rolling KS test: D=0.031, p-value=0.1433
08-04 12:57 nessai INFO    : it: 16000: n eval: 104297 H: 20.90 dlogZ: 800.375 logZ: -877.303 +/- 0.145 logLmax: -60.93
08-04 12:57 nessai INFO    : it: 17000: Rolling KS test: D=0.017, p-value=0.5547
08-04 12:57 nessai INFO    : it: 17000: n eval: 115790 H: 21.34 dlogZ: 469.875 logZ: -511.628 +/- 0.146 logLmax: -24.75
08-04 12:57 nessai INFO    : it: 18000: Rolling KS test: D=0.042, p-value=0.02854
08-04 12:57 nessai INFO    : it: 18000: n eval: 128339 H: 22.60 dlogZ: 280.301 logZ: -317.521 +/- 0.150 logLmax: -19.22
08-04 12:57 nessai INFO    : it: 19000: Rolling KS test: D=0.053, p-value=0.003498
08-04 12:57 nessai INFO    : it: 19000: n eval: 136579 H: 22.62 dlogZ: 172.200 logZ: -201.929 +/- 0.150 logLmax: -10.73
08-04 12:57 nessai INFO    : it: 20000: Rolling KS test: D=0.007, p-value=0.9024
08-04 12:57 nessai INFO    : it: 20000: n eval: 152463 H: 22.94 dlogZ: 103.990 logZ: -134.719 +/- 0.151 logLmax: -10.73
08-04 12:57 nessai INFO    : it: 21000: Rolling KS test: D=0.019, p-value=0.4797
08-04 12:57 nessai INFO    : it: 21000: n eval: 167419 H: 23.34 dlogZ: 67.780 logZ: -96.329 +/- 0.153 logLmax: -7.55
08-04 12:58 nessai INFO    : it: 22000: Rolling KS test: D=0.022, p-value=0.3744
08-04 12:58 nessai INFO    : it: 22000: n eval: 183719 H: 23.79 dlogZ: 44.160 logZ: -73.709 +/- 0.154 logLmax: -7.55
08-04 12:58 nessai INFO    : it: 23000: Rolling KS test: D=0.008, p-value=0.8752
08-04 12:58 nessai INFO    : it: 23000: n eval: 208979 H: 24.26 dlogZ: 29.968 logZ: -60.517 +/- 0.156 logLmax: -7.55
08-04 12:58 nessai INFO    : it: 24000: Rolling KS test: D=0.025, p-value=0.2818
08-04 12:58 nessai INFO    : it: 24000: n eval: 238327 H: 24.83 dlogZ: 21.182 logZ: -52.090 +/- 0.158 logLmax: -6.91
08-04 12:58 nessai INFO    : it: 25000: Rolling KS test: D=0.01, p-value=0.8133
08-04 12:58 nessai INFO    : it: 25000: n eval: 262215 H: 25.44 dlogZ: 17.547 logZ: -46.381 +/- 0.159 logLmax: -3.84
08-04 12:58 nessai INFO    : it: 26000: Rolling KS test: D=0.032, p-value=0.1263
08-04 12:58 nessai INFO    : it: 26000: n eval: 299042 H: 26.02 dlogZ: 13.372 logZ: -42.423 +/- 0.161 logLmax: -3.05
08-04 12:58 nessai INFO    : it: 27000: Rolling KS test: D=0.027, p-value=0.2286
08-04 12:58 nessai INFO    : it: 27000: n eval: 335335 H: 26.59 dlogZ: 9.658 logZ: -39.709 +/- 0.163 logLmax: -3.05
08-04 12:58 nessai INFO    : it: 28000: Rolling KS test: D=0.031, p-value=0.1433
08-04 12:58 nessai INFO    : it: 28000: n eval: 385204 H: 27.13 dlogZ: 7.843 logZ: -37.812 +/- 0.165 logLmax: -1.97
08-04 12:58 nessai INFO    : it: 29000: Rolling KS test: D=0.028, p-value=0.2046
08-04 12:58 nessai INFO    : it: 29000: n eval: 445204 H: 27.60 dlogZ: 5.570 logZ: -36.535 +/- 0.166 logLmax: -1.97
08-04 12:58 nessai INFO    : it: 30000: Rolling KS test: D=0.039, p-value=0.0465
08-04 12:58 nessai INFO    : it: 30000: n eval: 495204 H: 28.12 dlogZ: 4.308 logZ: -35.610 +/- 0.168 logLmax: -1.32
08-04 12:58 nessai INFO    : it: 31000: Rolling KS test: D=0.033, p-value=0.1108
08-04 12:58 nessai INFO    : it: 31000: n eval: 535204 H: 28.56 dlogZ: 2.937 logZ: -34.968 +/- 0.169 logLmax: -1.09
08-04 12:58 nessai INFO    : it: 32000: Rolling KS test: D=0.027, p-value=0.2286
08-04 12:58 nessai INFO    : it: 32000: n eval: 560254 H: 28.93 dlogZ: 1.713 logZ: -34.549 +/- 0.170 logLmax: -1.04
08-04 12:59 nessai INFO    : it: 33000: Rolling KS test: D=0.026, p-value=0.2543
08-04 12:59 nessai INFO    : it: 33000: n eval: 581430 H: 29.20 dlogZ: 0.903 logZ: -34.288 +/- 0.171 logLmax: -0.91
08-04 12:59 nessai INFO    : it: 34000: Rolling KS test: D=0.036, p-value=0.07308
08-04 12:59 nessai INFO    : it: 34000: n eval: 591688 H: 29.40 dlogZ: 0.436 logZ: -34.135 +/- 0.171 logLmax: -0.74
08-04 12:59 nessai INFO    : it: 35000: Rolling KS test: D=0.035, p-value=0.08429
08-04 12:59 nessai INFO    : it: 35000: n eval: 606126 H: 29.53 dlogZ: 0.175 logZ: -34.052 +/- 0.172 logLmax: -0.71
08-04 12:59 nessai INFO    : Stopping with difference_log_evidence=0.100
08-04 12:59 nessai INFO    : Finalising
08-04 12:59 nessai INFO    : Final ln-evidence: -33.974 +/- 0.172
08-04 12:59 nessai INFO    : Information: 29.67
08-04 12:59 nessai INFO    : Final KS test: D=0.009297, p-value=0.002103
08-04 12:59 nessai WARNING : Final p-value for the insertion indices is less than 0.05, this could be an indication of problems during sampling. Consider checking the diagnostic plots.
08-04 12:59 nessai INFO    : Checkpointing nested sampling
08-04 12:59 nessai INFO    : Total sampling time: 0:02:07.740722
08-04 12:59 nessai INFO    : Total training time: 0:00:42.483941
08-04 12:59 nessai INFO    : Total population time: 0:00:33.662028
08-04 12:59 nessai INFO    : Total likelihood evaluations: 615804
08-04 12:59 nessai INFO    : Time spent evaluating likelihood: 0:00:12.121768
08-04 12:59 nessai INFO    : Total sampling time: 0:02:07.740722
08-04 12:59 nessai INFO    : Total likelihood evaluations: 615804
08-04 12:59 nessai INFO    : Starting post processing
08-04 12:59 nessai INFO    : Computing posterior samples
08-04 12:59 nessai INFO    : Effective sample size: 7235.2
08-04 12:59 nessai INFO    : Producing posterior samples using rejection sampling
08-04 12:59 nessai INFO    : Expect 5065.947388114618 samples from rejection sampling
08-04 12:59 nessai INFO    : Returned 5027 posterior samples
08-04 12:59 nessai INFO    : Starting to close worker pool.
08-04 12:59 nessai INFO    : Finished closing worker pool.
