/data/wiay/postgrads/shashwat/qunat_com_future/lib/python3.11/site-packages/nessai/utils/logging.py:133: FutureWarning: setup_logger is deprecated, use configure_logger instead
  warnings.warn(
08-04 15:02 nessai INFO    : Running Nessai version 0.15.2
08-04 15:02 nessai INFO    : Starting multiprocessing pool with 4 processes
08-04 15:02 nessai INFO    : Initialising nested sampler
08-04 15:02 nessai WARNING : Multiprocessing pool has already been configured.
/data/wiay/postgrads/shashwat/qunat_com_future/lib/python3.11/site-packages/nessai/gw/__init__.py:12: FutureWarning: The `nessai.gw` module will be deprecated in the next release in favour of the nessai-gw package. This packages provides the same functionality as`nessai.gw` via the plugin interface.For more details, see: https://github.com/mj-will/nessai-gw
  warnings.warn(
08-04 15:02 nessai INFO    : Passing kwargs to FlowProposal: {'poolsize': 1000}
08-04 15:02 nessai INFO    : No reparameterisations provided, using default reparameterisations included in FlowProposal
08-04 15:02 nessai INFO    : Adding reparameterisations from: {}
08-04 15:02 nessai INFO    : Assuming fallback reparameterisation (ScaleAndShift) for ['kappa', 'mu_xi', 'sigma_chi', 'sigma_xi', 'rho', 'lambda_chi', 'chi0', 'xi0'] with kwargs: {'estimate_scale': True, 'estimate_shift': True, 'prior_bounds': {'kappa': array([0.1, 5. ]), 'mu_xi': array([0. , 0.1]), 'sigma_chi': array([0.05, 0.6 ]), 'sigma_xi': array([0.05, 0.4 ]), 'rho': array([-0.9,  0.9]), 'lambda_chi': array([-0.5,  0.5]), 'chi0': array([-0.5,  0.5]), 'xi0': array([2.5, 5. ])}}.
08-04 15:02 nessai INFO    : x space parameters: ['kappa', 'mu_xi', 'sigma_chi', 'sigma_xi', 'rho', 'lambda_chi', 'chi0', 'xi0']
08-04 15:02 nessai INFO    : x prime space parameters: ['kappa_prime', 'mu_xi_prime', 'sigma_chi_prime', 'sigma_xi_prime', 'rho_prime', 'lambda_chi_prime', 'chi0_prime', 'xi0_prime']
08-04 15:02 nessai INFO    : Overwriting fuzz factor with expansion fraction
08-04 15:02 nessai INFO    : New fuzz factor: 1.2228445449938519
08-04 15:02 nessai INFO    : Verifying rescaling functions
08-04 15:02 nessai INFO    : Rescaling functions are invertible
08-04 15:02 nessai INFO    : Populating initial live points
08-04 15:02 nessai INFO    : Populated 100 / 1000 live points
08-04 15:02 nessai INFO    : Populated 200 / 1000 live points
08-04 15:02 nessai INFO    : Populated 300 / 1000 live points
08-04 15:02 nessai INFO    : Populated 400 / 1000 live points
08-04 15:02 nessai INFO    : Populated 500 / 1000 live points
08-04 15:02 nessai INFO    : Populated 600 / 1000 live points
08-04 15:02 nessai INFO    : Populated 700 / 1000 live points
08-04 15:02 nessai INFO    : Populated 800 / 1000 live points
08-04 15:02 nessai INFO    : Populated 900 / 1000 live points
08-04 15:02 nessai INFO    : Populated 1000 / 1000 live points
08-04 15:02 nessai INFO    : Starting nested sampling loop
08-04 15:02 nessai INFO    : it:  1000: Rolling KS test: D=0.015, p-value=0.6313
08-04 15:03 nessai INFO    : it:  1000: n eval: 3000 H: 7.91 dlogZ: 35786899.363 logZ: -35842884.362 +/- 0.089 logLmax: -55984.00
08-04 15:03 nessai INFO    : it:  2000: Rolling KS test: D=0.028, p-value=0.2046
08-04 15:03 nessai INFO    : it:  2000: n eval: 8000 H: 8.91 dlogZ: 8454290.575 logZ: -8479522.043 +/- 0.094 logLmax: -25229.47
08-04 15:03 nessai INFO    : Switching to FlowProposal
08-04 15:03 nessai INFO    : it:  3000: Rolling KS test: D=0.014, p-value=0.6695
08-04 15:03 nessai INFO    : it:  3000: n eval: 12206 H: 9.91 dlogZ: 3070776.196 logZ: -3094861.697 +/- 0.100 logLmax: -24082.50
08-04 15:03 nessai INFO    : it:  4000: Rolling KS test: D=0.037, p-value=0.06311
08-04 15:03 nessai INFO    : it:  4000: n eval: 16005 H: 10.91 dlogZ: 1272802.861 logZ: -1288742.105 +/- 0.104 logLmax: -15935.25
08-04 15:03 nessai INFO    : it:  5000: Rolling KS test: D=0.009, p-value=0.8454
08-04 15:03 nessai INFO    : it:  5000: n eval: 20479 H: 11.91 dlogZ: 607666.138 logZ: -615720.460 +/- 0.109 logLmax: -8049.32
08-04 15:03 nessai INFO    : it:  6000: Rolling KS test: D=0.03, p-value=0.162
08-04 15:03 nessai INFO    : it:  6000: n eval: 22456 H: 12.91 dlogZ: 310523.723 logZ: -315897.786 +/- 0.114 logLmax: -5368.06
08-04 15:03 nessai INFO    : it:  7000: Rolling KS test: D=0.035, p-value=0.08429
08-04 15:03 nessai INFO    : it:  7000: n eval: 26855 H: 13.91 dlogZ: 159151.752 logZ: -160158.218 +/- 0.118 logLmax: -999.47
08-04 15:03 nessai INFO    : it:  8000: Rolling KS test: D=0.005, p-value=0.9481
08-04 15:03 nessai INFO    : it:  8000: n eval: 31148 H: 14.91 dlogZ: 82186.420 logZ: -83193.886 +/- 0.122 logLmax: -999.47
08-04 15:03 nessai INFO    : it:  9000: Rolling KS test: D=0.01, p-value=0.8133
08-04 15:03 nessai INFO    : it:  9000: n eval: 35311 H: 15.76 dlogZ: 43337.013 logZ: -44185.178 +/- 0.126 logLmax: -839.17
08-04 15:03 nessai INFO    : it: 10000: Rolling KS test: D=0.034, p-value=0.09683
08-04 15:03 nessai INFO    : it: 10000: n eval: 39632 H: 16.91 dlogZ: 23397.056 logZ: -24112.331 +/- 0.130 logLmax: -705.28
08-04 15:03 nessai INFO    : it: 11000: Rolling KS test: D=0.019, p-value=0.4797
08-04 15:03 nessai INFO    : it: 11000: n eval: 44441 H: 17.88 dlogZ: 12142.971 logZ: -12624.835 +/- 0.134 logLmax: -470.86
08-04 15:03 nessai INFO    : it: 12000: Rolling KS test: D=0.02, p-value=0.4434
08-04 15:03 nessai INFO    : it: 12000: n eval: 49245 H: 18.91 dlogZ: 6677.023 logZ: -7033.027 +/- 0.138 logLmax: -344.01
08-04 15:03 nessai INFO    : it: 13000: Rolling KS test: D=0.039, p-value=0.0465
08-04 15:03 nessai INFO    : it: 13000: n eval: 54943 H: 19.20 dlogZ: 3704.484 logZ: -3817.993 +/- 0.139 logLmax: -100.51
08-04 15:03 nessai INFO    : it: 14000: Rolling KS test: D=0.017, p-value=0.5547
08-04 15:03 nessai INFO    : it: 14000: n eval: 60248 H: 20.40 dlogZ: 2113.732 logZ: -2202.965 +/- 0.143 logLmax: -75.23
08-04 15:03 nessai INFO    : it: 15000: Rolling KS test: D=0.013, p-value=0.7071
08-04 15:03 nessai INFO    : it: 15000: n eval: 69839 H: 20.58 dlogZ: 1211.792 logZ: -1302.025 +/- 0.143 logLmax: -75.23
08-04 15:03 nessai INFO    : it: 16000: Rolling KS test: D=0.01, p-value=0.8133
08-04 15:03 nessai INFO    : it: 16000: n eval: 79825 H: 20.56 dlogZ: 755.677 logZ: -793.936 +/- 0.143 logLmax: -22.26
08-04 15:03 nessai INFO    : it: 17000: Rolling KS test: D=0.029, p-value=0.1825
08-04 15:03 nessai INFO    : it: 17000: n eval: 88399 H: 21.57 dlogZ: 455.972 logZ: -494.600 +/- 0.147 logLmax: -21.63
08-04 15:03 nessai INFO    : it: 18000: Rolling KS test: D=0.005, p-value=0.9481
08-04 15:03 nessai INFO    : it: 18000: n eval: 100208 H: 21.78 dlogZ: 268.300 logZ: -307.928 +/- 0.148 logLmax: -21.63
08-04 15:03 nessai INFO    : it: 19000: Rolling KS test: D=0.022, p-value=0.3744
08-04 15:03 nessai INFO    : it: 19000: n eval: 114639 H: 22.39 dlogZ: 166.182 logZ: -198.477 +/- 0.150 logLmax: -13.30
08-04 15:03 nessai INFO    : it: 20000: Rolling KS test: D=0.018, p-value=0.5169
08-04 15:03 nessai INFO    : it: 20000: n eval: 132243 H: 22.91 dlogZ: 104.061 logZ: -132.038 +/- 0.151 logLmax: -7.98
08-04 15:03 nessai INFO    : it: 21000: Rolling KS test: D=0.007, p-value=0.9024
08-04 15:03 nessai INFO    : it: 21000: n eval: 153273 H: 23.44 dlogZ: 64.293 logZ: -93.270 +/- 0.153 logLmax: -7.98
08-04 15:03 nessai INFO    : it: 22000: Rolling KS test: D=0.032, p-value=0.1263
08-04 15:03 nessai INFO    : it: 22000: n eval: 188751 H: 23.84 dlogZ: 39.273 logZ: -68.444 +/- 0.154 logLmax: -7.17
08-04 15:04 nessai INFO    : it: 23000: Rolling KS test: D=0.023, p-value=0.3419
08-04 15:04 nessai INFO    : it: 23000: n eval: 237857 H: 24.44 dlogZ: 24.605 logZ: -54.776 +/- 0.156 logLmax: -7.17
08-04 15:04 nessai INFO    : it: 24000: Rolling KS test: D=0.025, p-value=0.2818
08-04 15:04 nessai INFO    : it: 24000: n eval: 287857 H: 24.71 dlogZ: 18.784 logZ: -46.567 +/- 0.157 logLmax: -3.78
08-04 15:04 nessai INFO    : it: 25000: Rolling KS test: D=0.019, p-value=0.4797
08-04 15:04 nessai INFO    : it: 25000: n eval: 367857 H: 25.25 dlogZ: 12.659 logZ: -41.443 +/- 0.159 logLmax: -3.78
08-04 15:04 nessai INFO    : it: 26000: Rolling KS test: D=0.027, p-value=0.2286
08-04 15:04 nessai INFO    : it: 26000: n eval: 457857 H: 25.69 dlogZ: 8.621 logZ: -38.349 +/- 0.160 logLmax: -3.73
08-04 15:04 nessai INFO    : it: 27000: Rolling KS test: D=0.007, p-value=0.9024
08-04 15:04 nessai INFO    : it: 27000: n eval: 567857 H: 26.12 dlogZ: 5.907 logZ: -36.421 +/- 0.162 logLmax: -3.52
08-04 15:05 nessai INFO    : it: 28000: Rolling KS test: D=0.008, p-value=0.8752
08-04 15:05 nessai INFO    : it: 28000: n eval: 727857 H: 26.46 dlogZ: 4.607 logZ: -35.300 +/- 0.163 logLmax: -2.70
08-04 15:05 nessai INFO    : it: 29000: Rolling KS test: D=0.006, p-value=0.9268
08-04 15:05 nessai INFO    : it: 29000: n eval: 907857 H: 26.75 dlogZ: 2.997 logZ: -34.649 +/- 0.164 logLmax: -2.70
08-04 15:06 nessai INFO    : it: 30000: Rolling KS test: D=0.029, p-value=0.1825
08-04 15:06 nessai INFO    : it: 30000: n eval: 1107857 H: 27.01 dlogZ: 1.747 logZ: -34.259 +/- 0.164 logLmax: -2.70
08-04 15:06 nessai INFO    : it: 31000: Rolling KS test: D=0.0, p-value=1.0
08-04 15:06 nessai INFO    : it: 31000: n eval: 1377857 H: 27.21 dlogZ: 0.871 logZ: -34.032 +/- 0.165 logLmax: -2.70
08-04 15:07 nessai INFO    : it: 32000: Rolling KS test: D=0.041, p-value=0.03371
08-04 15:07 nessai INFO    : it: 32000: n eval: 1647857 H: 27.35 dlogZ: 0.421 logZ: -33.907 +/- 0.165 logLmax: -2.56
08-04 15:07 nessai INFO    : it: 33000: Rolling KS test: D=0.018, p-value=0.5169
08-04 15:07 nessai INFO    : it: 33000: n eval: 1937857 H: 27.44 dlogZ: 0.166 logZ: -33.840 +/- 0.166 logLmax: -2.56
08-04 15:08 nessai INFO    : Stopping with difference_log_evidence=0.100
08-04 15:08 nessai INFO    : Finalising
08-04 15:08 nessai INFO    : Final ln-evidence: -33.778 +/- 0.166
08-04 15:08 nessai INFO    : Information: 27.55
08-04 15:08 nessai INFO    : Final KS test: D=0.00332, p-value=0.4767
08-04 15:08 nessai INFO    : Checkpointing nested sampling
08-04 15:08 nessai INFO    : Total sampling time: 0:05:06.241258
08-04 15:08 nessai INFO    : Total training time: 0:01:35.515704
08-04 15:08 nessai INFO    : Total population time: 0:02:10.376325
08-04 15:08 nessai INFO    : Total likelihood evaluations: 2097857
08-04 15:08 nessai INFO    : Time spent evaluating likelihood: 0:00:40.520055
08-04 15:08 nessai INFO    : Total sampling time: 0:05:06.241258
08-04 15:08 nessai INFO    : Total likelihood evaluations: 2097857
08-04 15:08 nessai INFO    : Starting post processing
08-04 15:08 nessai INFO    : Computing posterior samples
08-04 15:08 nessai INFO    : Effective sample size: 6718.0
08-04 15:08 nessai INFO    : Producing posterior samples using rejection sampling
08-04 15:08 nessai INFO    : Expect 4660.523123494106 samples from rejection sampling
08-04 15:08 nessai INFO    : Returned 4684 posterior samples
08-04 15:08 nessai INFO    : Starting to close worker pool.
08-04 15:08 nessai INFO    : Finished closing worker pool.
