/data/wiay/postgrads/shashwat/qunat_com_future/lib/python3.11/site-packages/nessai/utils/logging.py:133: FutureWarning: setup_logger is deprecated, use configure_logger instead
  warnings.warn(
08-04 09:48 nessai INFO    : Running Nessai version 0.15.2
08-04 09:48 nessai INFO    : Starting multiprocessing pool with 4 processes
08-04 09:48 nessai INFO    : Initialising nested sampler
08-04 09:48 nessai WARNING : Multiprocessing pool has already been configured.
/data/wiay/postgrads/shashwat/qunat_com_future/lib/python3.11/site-packages/nessai/gw/__init__.py:12: FutureWarning: The `nessai.gw` module will be deprecated in the next release in favour of the nessai-gw package. This packages provides the same functionality as`nessai.gw` via the plugin interface.For more details, see: https://github.com/mj-will/nessai-gw
  warnings.warn(
08-04 09:48 nessai INFO    : Passing kwargs to FlowProposal: {'poolsize': 1000}
08-04 09:48 nessai INFO    : No reparameterisations provided, using default reparameterisations included in FlowProposal
08-04 09:48 nessai INFO    : Adding reparameterisations from: {}
08-04 09:48 nessai INFO    : Assuming fallback reparameterisation (ScaleAndShift) for ['kappa', 'mu_xi', 'sigma_chi', 'sigma_xi', 'rho', 'lambda_chi', 'chi0', 'xi0'] with kwargs: {'estimate_scale': True, 'estimate_shift': True, 'prior_bounds': {'kappa': array([0.1, 5. ]), 'mu_xi': array([0. , 0.1]), 'sigma_chi': array([0.05, 0.6 ]), 'sigma_xi': array([0.05, 0.4 ]), 'rho': array([-0.9,  0.9]), 'lambda_chi': array([-0.5,  0.5]), 'chi0': array([-0.5,  0.5]), 'xi0': array([2.5, 5. ])}}.
08-04 09:48 nessai INFO    : x space parameters: ['kappa', 'mu_xi', 'sigma_chi', 'sigma_xi', 'rho', 'lambda_chi', 'chi0', 'xi0']
08-04 09:48 nessai INFO    : x prime space parameters: ['kappa_prime', 'mu_xi_prime', 'sigma_chi_prime', 'sigma_xi_prime', 'rho_prime', 'lambda_chi_prime', 'chi0_prime', 'xi0_prime']
08-04 09:48 nessai INFO    : Overwriting fuzz factor with expansion fraction
08-04 09:48 nessai INFO    : New fuzz factor: 1.2228445449938519
08-04 09:48 nessai INFO    : Verifying rescaling functions
08-04 09:48 nessai INFO    : Rescaling functions are invertible
08-04 09:48 nessai INFO    : Populating initial live points
08-04 09:48 nessai INFO    : Populated 100 / 1000 live points
08-04 09:48 nessai INFO    : Populated 200 / 1000 live points
08-04 09:48 nessai INFO    : Populated 300 / 1000 live points
08-04 09:48 nessai INFO    : Populated 400 / 1000 live points
08-04 09:48 nessai INFO    : Populated 500 / 1000 live points
08-04 09:48 nessai INFO    : Populated 600 / 1000 live points
08-04 09:48 nessai INFO    : Populated 700 / 1000 live points
08-04 09:48 nessai INFO    : Populated 800 / 1000 live points
08-04 09:48 nessai INFO    : Populated 900 / 1000 live points
08-04 09:48 nessai INFO    : Populated 1000 / 1000 live points
08-04 09:48 nessai INFO    : Starting nested sampling loop
08-04 09:48 nessai INFO    : it:  1000: Rolling KS test: D=0.01, p-value=0.8133
08-04 09:48 nessai INFO    : it:  1000: n eval: 3000 H: 7.91 dlogZ: 7512759.636 logZ: -7512814.342 +/- 0.089 logLmax: -53.71
08-04 09:48 nessai INFO    : it:  2000: Rolling KS test: D=0.009, p-value=0.8454
08-04 09:48 nessai INFO    : it:  2000: n eval: 8000 H: 8.91 dlogZ: 583873.783 logZ: -583929.489 +/- 0.094 logLmax: -53.71
08-04 09:48 nessai INFO    : Switching to FlowProposal
08-04 09:48 nessai INFO    : it:  3000: Rolling KS test: D=0.017, p-value=0.5547
08-04 09:48 nessai INFO    : it:  3000: n eval: 11964 H: 9.91 dlogZ: 156599.994 logZ: -156656.700 +/- 0.100 logLmax: -53.71
08-04 09:48 nessai INFO    : it:  4000: Rolling KS test: D=0.012, p-value=0.7438
08-04 09:49 nessai INFO    : it:  4000: n eval: 13856 H: 10.91 dlogZ: 52454.706 logZ: -52512.411 +/- 0.104 logLmax: -53.71
08-04 09:49 nessai INFO    : it:  5000: Rolling KS test: D=0.012, p-value=0.7438
08-04 09:49 nessai INFO    : it:  5000: n eval: 17293 H: 11.91 dlogZ: 19749.715 logZ: -19808.421 +/- 0.109 logLmax: -53.71
08-04 09:49 nessai INFO    : it:  6000: Rolling KS test: D=0.025, p-value=0.2818
08-04 09:49 nessai INFO    : it:  6000: n eval: 21148 H: 12.91 dlogZ: 9063.469 logZ: -9123.174 +/- 0.114 logLmax: -53.71
08-04 09:49 nessai INFO    : it:  7000: Rolling KS test: D=0.018, p-value=0.5169
08-04 09:49 nessai INFO    : it:  7000: n eval: 25596 H: 13.52 dlogZ: 4408.388 logZ: -4464.920 +/- 0.116 logLmax: -49.53
08-04 09:49 nessai INFO    : it:  8000: Rolling KS test: D=0.019, p-value=0.4797
08-04 09:49 nessai INFO    : it:  8000: n eval: 29901 H: 13.86 dlogZ: 2192.197 logZ: -2230.212 +/- 0.118 logLmax: -30.02
08-04 09:49 nessai INFO    : it:  9000: Rolling KS test: D=0.026, p-value=0.2543
08-04 09:49 nessai INFO    : it:  9000: n eval: 35064 H: 15.00 dlogZ: 1131.123 logZ: -1170.138 +/- 0.122 logLmax: -30.02
08-04 09:49 nessai INFO    : it: 10000: Rolling KS test: D=0.05, p-value=0.006506
08-04 09:49 nessai INFO    : it: 10000: n eval: 44536 H: 15.14 dlogZ: 581.339 logZ: -608.811 +/- 0.123 logLmax: -17.47
08-04 09:49 nessai INFO    : it: 11000: Rolling KS test: D=0.027, p-value=0.2286
08-04 09:49 nessai INFO    : it: 11000: n eval: 50000 H: 15.10 dlogZ: 296.364 logZ: -317.964 +/- 0.123 logLmax: -10.60
08-04 09:49 nessai INFO    : it: 12000: Rolling KS test: D=0.044, p-value=0.0202
08-04 09:49 nessai INFO    : it: 12000: n eval: 55868 H: 15.68 dlogZ: 154.756 logZ: -171.140 +/- 0.125 logLmax: -4.38
08-04 09:49 nessai INFO    : it: 13000: Rolling KS test: D=0.027, p-value=0.2286
08-04 09:49 nessai INFO    : it: 13000: n eval: 68267 H: 15.92 dlogZ: 80.677 logZ: -97.957 +/- 0.126 logLmax: -4.28
08-04 09:49 nessai INFO    : it: 14000: Rolling KS test: D=0.034, p-value=0.09683
08-04 09:49 nessai INFO    : it: 14000: n eval: 76612 H: 16.18 dlogZ: 45.577 logZ: -62.335 +/- 0.127 logLmax: -2.76
08-04 09:49 nessai INFO    : it: 15000: Rolling KS test: D=0.034, p-value=0.09683
08-04 09:49 nessai INFO    : it: 15000: n eval: 89626 H: 16.61 dlogZ: 25.756 logZ: -42.838 +/- 0.129 logLmax: -2.08
08-04 09:49 nessai INFO    : it: 16000: Rolling KS test: D=0.025, p-value=0.2818
08-04 09:49 nessai INFO    : it: 16000: n eval: 111129 H: 16.93 dlogZ: 14.881 logZ: -32.963 +/- 0.130 logLmax: -2.08
08-04 09:49 nessai INFO    : it: 17000: Rolling KS test: D=0.011, p-value=0.7794
08-04 09:49 nessai INFO    : it: 17000: n eval: 129769 H: 17.18 dlogZ: 9.004 logZ: -27.756 +/- 0.131 logLmax: -1.75
08-04 09:49 nessai INFO    : it: 18000: Rolling KS test: D=0.035, p-value=0.08429
08-04 09:49 nessai INFO    : it: 18000: n eval: 153109 H: 17.48 dlogZ: 5.389 logZ: -25.136 +/- 0.132 logLmax: -1.75
08-04 09:49 nessai INFO    : it: 19000: Rolling KS test: D=0.02, p-value=0.4434
08-04 09:49 nessai INFO    : it: 19000: n eval: 183875 H: 17.73 dlogZ: 3.255 logZ: -23.763 +/- 0.133 logLmax: -1.55
08-04 09:49 nessai INFO    : it: 20000: Rolling KS test: D=0.035, p-value=0.08429
08-04 09:49 nessai INFO    : it: 20000: n eval: 222457 H: 17.95 dlogZ: 1.699 logZ: -23.045 +/- 0.134 logLmax: -1.55
08-04 09:49 nessai INFO    : it: 21000: Rolling KS test: D=0.029, p-value=0.1825
08-04 09:49 nessai INFO    : it: 21000: n eval: 260887 H: 18.10 dlogZ: 0.844 logZ: -22.682 +/- 0.135 logLmax: -1.40
08-04 09:49 nessai INFO    : it: 22000: Rolling KS test: D=0.037, p-value=0.06311
08-04 09:49 nessai INFO    : it: 22000: n eval: 310864 H: 18.21 dlogZ: 0.439 logZ: -22.502 +/- 0.135 logLmax: -1.10
08-04 09:50 nessai INFO    : it: 23000: Rolling KS test: D=0.019, p-value=0.4797
08-04 09:50 nessai INFO    : it: 23000: n eval: 370864 H: 18.27 dlogZ: 0.171 logZ: -22.416 +/- 0.135 logLmax: -1.10
08-04 09:50 nessai INFO    : Stopping with difference_log_evidence=0.100
08-04 09:50 nessai INFO    : Finalising
08-04 09:50 nessai INFO    : Final ln-evidence: -22.341 +/- 0.135
08-04 09:50 nessai INFO    : Information: 18.36
08-04 09:50 nessai INFO    : Final KS test: D=0.008394, p-value=0.03603
08-04 09:50 nessai WARNING : Final p-value for the insertion indices is less than 0.05, this could be an indication of problems during sampling. Consider checking the diagnostic plots.
08-04 09:50 nessai INFO    : Checkpointing nested sampling
08-04 09:50 nessai INFO    : Total sampling time: 0:01:19.695694
08-04 09:50 nessai INFO    : Total training time: 0:00:23.096387
08-04 09:50 nessai INFO    : Total population time: 0:00:28.570271
08-04 09:50 nessai INFO    : Total likelihood evaluations: 400864
08-04 09:50 nessai INFO    : Time spent evaluating likelihood: 0:00:06.274759
08-04 09:50 nessai INFO    : Total sampling time: 0:01:19.695694
08-04 09:50 nessai INFO    : Total likelihood evaluations: 400864
08-04 09:50 nessai INFO    : Starting post processing
08-04 09:50 nessai INFO    : Computing posterior samples
08-04 09:50 nessai INFO    : Effective sample size: 5589.7
08-04 09:50 nessai INFO    : Producing posterior samples using rejection sampling
08-04 09:50 nessai INFO    : Expect 3837.986425392069 samples from rejection sampling
08-04 09:50 nessai INFO    : Returned 3882 posterior samples
08-04 09:50 nessai INFO    : Starting to close worker pool.
08-04 09:50 nessai INFO    : Finished closing worker pool.
