/data/wiay/postgrads/shashwat/qunat_com_future/lib/python3.11/site-packages/nessai/utils/logging.py:133: FutureWarning: setup_logger is deprecated, use configure_logger instead
  warnings.warn(
08-04 14:37 nessai INFO    : Running Nessai version 0.15.2
08-04 14:37 nessai INFO    : Starting multiprocessing pool with 4 processes
08-04 14:37 nessai INFO    : Initialising nested sampler
08-04 14:37 nessai WARNING : Multiprocessing pool has already been configured.
/data/wiay/postgrads/shashwat/qunat_com_future/lib/python3.11/site-packages/nessai/gw/__init__.py:12: FutureWarning: The `nessai.gw` module will be deprecated in the next release in favour of the nessai-gw package. This packages provides the same functionality as`nessai.gw` via the plugin interface.For more details, see: https://github.com/mj-will/nessai-gw
  warnings.warn(
08-04 14:37 nessai INFO    : Passing kwargs to FlowProposal: {'poolsize': 1000}
08-04 14:37 nessai INFO    : No reparameterisations provided, using default reparameterisations included in FlowProposal
08-04 14:37 nessai INFO    : Adding reparameterisations from: {}
08-04 14:37 nessai INFO    : Assuming fallback reparameterisation (ScaleAndShift) for ['kappa', 'mu_xi', 'sigma_chi', 'sigma_xi', 'rho', 'lambda_chi', 'chi0', 'xi0'] with kwargs: {'estimate_scale': True, 'estimate_shift': True, 'prior_bounds': {'kappa': array([0.1, 5. ]), 'mu_xi': array([0. , 0.1]), 'sigma_chi': array([0.05, 0.6 ]), 'sigma_xi': array([0.05, 0.4 ]), 'rho': array([-0.9,  0.9]), 'lambda_chi': array([-0.5,  0.5]), 'chi0': array([-0.5,  0.5]), 'xi0': array([2.5, 5. ])}}.
08-04 14:37 nessai INFO    : x space parameters: ['kappa', 'mu_xi', 'sigma_chi', 'sigma_xi', 'rho', 'lambda_chi', 'chi0', 'xi0']
08-04 14:37 nessai INFO    : x prime space parameters: ['kappa_prime', 'mu_xi_prime', 'sigma_chi_prime', 'sigma_xi_prime', 'rho_prime', 'lambda_chi_prime', 'chi0_prime', 'xi0_prime']
08-04 14:37 nessai INFO    : Overwriting fuzz factor with expansion fraction
08-04 14:37 nessai INFO    : New fuzz factor: 1.2228445449938519
08-04 14:37 nessai INFO    : Verifying rescaling functions
08-04 14:37 nessai INFO    : Rescaling functions are invertible
08-04 14:37 nessai INFO    : Populating initial live points
08-04 14:37 nessai INFO    : Populated 100 / 1000 live points
08-04 14:37 nessai INFO    : Populated 200 / 1000 live points
08-04 14:37 nessai INFO    : Populated 300 / 1000 live points
08-04 14:37 nessai INFO    : Populated 400 / 1000 live points
08-04 14:37 nessai INFO    : Populated 500 / 1000 live points
08-04 14:37 nessai INFO    : Populated 600 / 1000 live points
08-04 14:37 nessai INFO    : Populated 700 / 1000 live points
08-04 14:37 nessai INFO    : Populated 800 / 1000 live points
08-04 14:37 nessai INFO    : Populated 900 / 1000 live points
08-04 14:37 nessai INFO    : Populated 1000 / 1000 live points
08-04 14:37 nessai INFO    : Starting nested sampling loop
08-04 14:37 nessai INFO    : it:  1000: Rolling KS test: D=0.008, p-value=0.8752
08-04 14:37 nessai INFO    : it:  1000: n eval: 3000 H: 7.91 dlogZ: 50196734.377 logZ: -50386911.382 +/- 0.089 logLmax: -190176.01
08-04 14:37 nessai INFO    : it:  2000: Rolling KS test: D=0.047, p-value=0.01167
08-04 14:37 nessai INFO    : it:  2000: n eval: 8000 H: 8.91 dlogZ: 13753051.425 logZ: -13791810.565 +/- 0.094 logLmax: -38757.14
08-04 14:37 nessai INFO    : Switching to FlowProposal
08-04 14:37 nessai INFO    : it:  3000: Rolling KS test: D=0.009, p-value=0.8454
08-04 14:37 nessai INFO    : it:  3000: n eval: 12135 H: 9.91 dlogZ: 4720712.914 logZ: -4741989.975 +/- 0.100 logLmax: -21274.06
08-04 14:37 nessai INFO    : it:  4000: Rolling KS test: D=0.035, p-value=0.08429
08-04 14:37 nessai INFO    : it:  4000: n eval: 15936 H: 10.91 dlogZ: 1896289.726 logZ: -1912583.625 +/- 0.104 logLmax: -16289.90
08-04 14:37 nessai INFO    : it:  5000: Rolling KS test: D=0.019, p-value=0.4797
08-04 14:37 nessai INFO    : it:  5000: n eval: 20803 H: 11.91 dlogZ: 847406.280 logZ: -859736.868 +/- 0.109 logLmax: -12325.59
08-04 14:37 nessai INFO    : it:  6000: Rolling KS test: D=0.003, p-value=0.9802
08-04 14:37 nessai INFO    : it:  6000: n eval: 26136 H: 12.91 dlogZ: 415399.619 logZ: -419785.943 +/- 0.114 logLmax: -4380.32
08-04 14:37 nessai INFO    : it:  7000: Rolling KS test: D=0.024, p-value=0.311
08-04 14:37 nessai INFO    : it:  7000: n eval: 31801 H: 13.91 dlogZ: 206269.174 logZ: -209610.375 +/- 0.118 logLmax: -3334.20
08-04 14:38 nessai INFO    : it:  8000: Rolling KS test: D=0.03, p-value=0.162
08-04 14:38 nessai INFO    : it:  8000: n eval: 37514 H: 14.91 dlogZ: 104454.603 logZ: -107200.610 +/- 0.122 logLmax: -2738.01
08-04 14:38 nessai INFO    : it:  9000: Rolling KS test: D=0.013, p-value=0.7071
08-04 14:38 nessai INFO    : it:  9000: n eval: 46251 H: 15.91 dlogZ: 53586.780 logZ: -54846.624 +/- 0.126 logLmax: -1250.85
08-04 14:38 nessai INFO    : it: 10000: Rolling KS test: D=0.033, p-value=0.1108
08-04 14:38 nessai INFO    : it: 10000: n eval: 52584 H: 16.91 dlogZ: 28622.622 logZ: -29280.260 +/- 0.130 logLmax: -647.64
08-04 14:38 nessai INFO    : it: 11000: Rolling KS test: D=0.005, p-value=0.9481
08-04 14:38 nessai INFO    : it: 11000: n eval: 58260 H: 17.91 dlogZ: 16038.687 logZ: -16473.932 +/- 0.134 logLmax: -424.25
08-04 14:38 nessai INFO    : it: 12000: Rolling KS test: D=0.023, p-value=0.3419
08-04 14:38 nessai INFO    : it: 12000: n eval: 69253 H: 18.51 dlogZ: 9211.020 logZ: -9647.265 +/- 0.136 logLmax: -424.25
08-04 14:38 nessai INFO    : it: 13000: Rolling KS test: D=0.014, p-value=0.6695
08-04 14:38 nessai INFO    : it: 13000: n eval: 75360 H: 19.71 dlogZ: 5625.223 logZ: -5689.822 +/- 0.140 logLmax: -51.60
08-04 14:38 nessai INFO    : it: 14000: Rolling KS test: D=0.011, p-value=0.7794
08-04 14:38 nessai INFO    : it: 14000: n eval: 86488 H: 20.22 dlogZ: 3340.516 logZ: -3406.115 +/- 0.142 logLmax: -51.60
08-04 14:38 nessai INFO    : it: 15000: Rolling KS test: D=0.038, p-value=0.05428
08-04 14:38 nessai INFO    : it: 15000: n eval: 94863 H: 20.72 dlogZ: 2025.753 logZ: -2092.352 +/- 0.144 logLmax: -51.60
08-04 14:38 nessai INFO    : it: 16000: Rolling KS test: D=0.009, p-value=0.8454
08-04 14:38 nessai INFO    : it: 16000: n eval: 105565 H: 21.64 dlogZ: 1202.685 logZ: -1270.284 +/- 0.147 logLmax: -51.60
08-04 14:38 nessai INFO    : it: 17000: Rolling KS test: D=0.033, p-value=0.1108
08-04 14:38 nessai INFO    : it: 17000: n eval: 113810 H: 22.55 dlogZ: 714.867 logZ: -763.674 +/- 0.150 logLmax: -31.81
08-04 14:38 nessai INFO    : it: 18000: Rolling KS test: D=0.037, p-value=0.06311
08-04 14:38 nessai INFO    : it: 18000: n eval: 127975 H: 22.33 dlogZ: 426.903 logZ: -459.040 +/- 0.149 logLmax: -14.14
08-04 14:38 nessai INFO    : it: 19000: Rolling KS test: D=0.035, p-value=0.08429
08-04 14:38 nessai INFO    : it: 19000: n eval: 144461 H: 22.79 dlogZ: 257.574 logZ: -290.711 +/- 0.151 logLmax: -14.14
08-04 14:38 nessai INFO    : it: 20000: Rolling KS test: D=0.011, p-value=0.7794
08-04 14:38 nessai INFO    : it: 20000: n eval: 168584 H: 23.48 dlogZ: 154.519 logZ: -188.656 +/- 0.153 logLmax: -14.14
08-04 14:38 nessai INFO    : it: 21000: Rolling KS test: D=0.017, p-value=0.5547
08-04 14:38 nessai INFO    : it: 21000: n eval: 191136 H: 23.73 dlogZ: 94.901 logZ: -130.038 +/- 0.154 logLmax: -14.14
08-04 14:38 nessai INFO    : it: 22000: Rolling KS test: D=0.016, p-value=0.593
08-04 14:38 nessai INFO    : it: 22000: n eval: 230405 H: 24.22 dlogZ: 64.216 logZ: -94.935 +/- 0.156 logLmax: -8.72
08-04 14:38 nessai INFO    : it: 23000: Rolling KS test: D=0.04, p-value=0.03967
08-04 14:38 nessai INFO    : it: 23000: n eval: 280405 H: 24.80 dlogZ: 42.806 logZ: -74.525 +/- 0.157 logLmax: -8.72
08-04 14:39 nessai INFO    : it: 24000: Rolling KS test: D=0.024, p-value=0.311
08-04 14:39 nessai INFO    : it: 24000: n eval: 340405 H: 25.27 dlogZ: 29.113 logZ: -61.832 +/- 0.159 logLmax: -8.72
08-04 14:39 nessai INFO    : it: 25000: Rolling KS test: D=0.035, p-value=0.08429
08-04 14:39 nessai INFO    : it: 25000: n eval: 410405 H: 25.67 dlogZ: 20.487 logZ: -54.206 +/- 0.160 logLmax: -8.72
08-04 14:39 nessai INFO    : it: 26000: Rolling KS test: D=0.032, p-value=0.1263
08-04 14:39 nessai INFO    : it: 26000: n eval: 490405 H: 26.31 dlogZ: 18.110 logZ: -49.026 +/- 0.162 logLmax: -4.92
08-04 14:39 nessai INFO    : it: 27000: Rolling KS test: D=0.039, p-value=0.0465
08-04 14:39 nessai INFO    : it: 27000: n eval: 590405 H: 26.89 dlogZ: 14.092 logZ: -45.463 +/- 0.164 logLmax: -4.37
08-04 14:40 nessai INFO    : it: 28000: Rolling KS test: D=0.035, p-value=0.08429
08-04 14:40 nessai INFO    : it: 28000: n eval: 720405 H: 27.48 dlogZ: 11.759 logZ: -42.933 +/- 0.166 logLmax: -3.18
08-04 14:40 nessai INFO    : it: 29000: Rolling KS test: D=0.028, p-value=0.2046
08-04 14:40 nessai INFO    : it: 29000: n eval: 820405 H: 28.14 dlogZ: 8.850 logZ: -41.024 +/- 0.168 logLmax: -3.18
08-04 14:40 nessai INFO    : it: 30000: Rolling KS test: D=0.011, p-value=0.7794
08-04 14:40 nessai INFO    : it: 30000: n eval: 890405 H: 28.71 dlogZ: 6.962 logZ: -39.629 +/- 0.169 logLmax: -2.67
08-04 14:40 nessai INFO    : it: 31000: Rolling KS test: D=0.027, p-value=0.2286
08-04 14:40 nessai INFO    : it: 31000: n eval: 929860 H: 29.37 dlogZ: 4.840 logZ: -38.500 +/- 0.171 logLmax: -2.67
08-04 14:40 nessai INFO    : it: 32000: Rolling KS test: D=0.028, p-value=0.2046
08-04 14:40 nessai INFO    : it: 32000: n eval: 953257 H: 29.90 dlogZ: 3.054 logZ: -37.673 +/- 0.173 logLmax: -2.67
08-04 14:40 nessai INFO    : it: 33000: Rolling KS test: D=0.025, p-value=0.2818
08-04 14:40 nessai INFO    : it: 33000: n eval: 976306 H: 30.31 dlogZ: 1.892 logZ: -37.136 +/- 0.174 logLmax: -2.41
08-04 14:40 nessai INFO    : it: 34000: Rolling KS test: D=0.019, p-value=0.4797
08-04 14:40 nessai INFO    : it: 34000: n eval: 1003289 H: 30.61 dlogZ: 1.263 logZ: -36.805 +/- 0.175 logLmax: -1.88
08-04 14:41 nessai INFO    : it: 35000: Rolling KS test: D=0.036, p-value=0.07308
08-04 14:41 nessai INFO    : it: 35000: n eval: 1023246 H: 30.81 dlogZ: 0.616 logZ: -36.616 +/- 0.176 logLmax: -1.78
08-04 14:41 nessai INFO    : it: 36000: Rolling KS test: D=0.014, p-value=0.6695
08-04 14:41 nessai INFO    : it: 36000: n eval: 1036687 H: 30.95 dlogZ: 0.311 logZ: -36.512 +/- 0.176 logLmax: -1.52
08-04 14:41 nessai INFO    : it: 37000: Rolling KS test: D=0.034, p-value=0.09683
08-04 14:41 nessai INFO    : it: 37000: n eval: 1052477 H: 31.04 dlogZ: 0.129 logZ: -36.455 +/- 0.176 logLmax: -1.44
08-04 14:41 nessai INFO    : Stopping with difference_log_evidence=0.100
08-04 14:41 nessai INFO    : Finalising
08-04 14:41 nessai INFO    : Final ln-evidence: -36.402 +/- 0.176
08-04 14:41 nessai INFO    : Information: 31.15
08-04 14:41 nessai INFO    : Final KS test: D=0.008707, p-value=0.003423
08-04 14:41 nessai WARNING : Final p-value for the insertion indices is less than 0.05, this could be an indication of problems during sampling. Consider checking the diagnostic plots.
08-04 14:41 nessai INFO    : Checkpointing nested sampling
08-04 14:41 nessai INFO    : Total sampling time: 0:03:31.600151
08-04 14:41 nessai INFO    : Total training time: 0:01:05.069943
08-04 14:41 nessai INFO    : Total population time: 0:01:22.941314
08-04 14:41 nessai INFO    : Total likelihood evaluations: 1056708
08-04 14:41 nessai INFO    : Time spent evaluating likelihood: 0:00:21.365921
08-04 14:41 nessai INFO    : Total sampling time: 0:03:31.600151
08-04 14:41 nessai INFO    : Total likelihood evaluations: 1056708
08-04 14:41 nessai INFO    : Starting post processing
08-04 14:41 nessai INFO    : Computing posterior samples
08-04 14:41 nessai INFO    : Effective sample size: 7075.4
08-04 14:41 nessai INFO    : Producing posterior samples using rejection sampling
08-04 14:41 nessai INFO    : Expect 4859.068897478817 samples from rejection sampling
08-04 14:41 nessai INFO    : Returned 4849 posterior samples
08-04 14:41 nessai INFO    : Starting to close worker pool.
08-04 14:41 nessai INFO    : Finished closing worker pool.
