/data/wiay/postgrads/shashwat/qunat_com_future/lib/python3.11/site-packages/nessai/utils/logging.py:133: FutureWarning: setup_logger is deprecated, use configure_logger instead
  warnings.warn(
08-04 13:27 nessai INFO    : Running Nessai version 0.15.2
08-04 13:27 nessai INFO    : Starting multiprocessing pool with 4 processes
08-04 13:27 nessai INFO    : Initialising nested sampler
08-04 13:27 nessai WARNING : Multiprocessing pool has already been configured.
/data/wiay/postgrads/shashwat/qunat_com_future/lib/python3.11/site-packages/nessai/gw/__init__.py:12: FutureWarning: The `nessai.gw` module will be deprecated in the next release in favour of the nessai-gw package. This packages provides the same functionality as`nessai.gw` via the plugin interface.For more details, see: https://github.com/mj-will/nessai-gw
  warnings.warn(
08-04 13:27 nessai INFO    : Passing kwargs to FlowProposal: {'poolsize': 1000}
08-04 13:27 nessai INFO    : No reparameterisations provided, using default reparameterisations included in FlowProposal
08-04 13:27 nessai INFO    : Adding reparameterisations from: {}
08-04 13:27 nessai INFO    : Assuming fallback reparameterisation (ScaleAndShift) for ['kappa', 'mu_xi', 'sigma_chi', 'sigma_xi', 'rho', 'lambda_chi', 'chi0', 'xi0'] with kwargs: {'estimate_scale': True, 'estimate_shift': True, 'prior_bounds': {'kappa': array([0.1, 5. ]), 'mu_xi': array([0. , 0.1]), 'sigma_chi': array([0.05, 0.6 ]), 'sigma_xi': array([0.05, 0.4 ]), 'rho': array([-0.9,  0.9]), 'lambda_chi': array([-0.5,  0.5]), 'chi0': array([-0.5,  0.5]), 'xi0': array([2.5, 5. ])}}.
08-04 13:27 nessai INFO    : x space parameters: ['kappa', 'mu_xi', 'sigma_chi', 'sigma_xi', 'rho', 'lambda_chi', 'chi0', 'xi0']
08-04 13:27 nessai INFO    : x prime space parameters: ['kappa_prime', 'mu_xi_prime', 'sigma_chi_prime', 'sigma_xi_prime', 'rho_prime', 'lambda_chi_prime', 'chi0_prime', 'xi0_prime']
08-04 13:27 nessai INFO    : Overwriting fuzz factor with expansion fraction
08-04 13:27 nessai INFO    : New fuzz factor: 1.2228445449938519
08-04 13:27 nessai INFO    : Verifying rescaling functions
08-04 13:27 nessai INFO    : Rescaling functions are invertible
08-04 13:27 nessai INFO    : Populating initial live points
08-04 13:27 nessai INFO    : Populated 100 / 1000 live points
08-04 13:27 nessai INFO    : Populated 200 / 1000 live points
08-04 13:27 nessai INFO    : Populated 300 / 1000 live points
08-04 13:27 nessai INFO    : Populated 400 / 1000 live points
08-04 13:27 nessai INFO    : Populated 500 / 1000 live points
08-04 13:27 nessai INFO    : Populated 600 / 1000 live points
08-04 13:27 nessai INFO    : Populated 700 / 1000 live points
08-04 13:27 nessai INFO    : Populated 800 / 1000 live points
08-04 13:27 nessai INFO    : Populated 900 / 1000 live points
08-04 13:27 nessai INFO    : Populated 1000 / 1000 live points
08-04 13:27 nessai INFO    : Starting nested sampling loop
08-04 13:27 nessai INFO    : it:  1000: Rolling KS test: D=0.031, p-value=0.1433
08-04 13:27 nessai INFO    : it:  1000: n eval: 3000 H: 7.91 dlogZ: 28419483.821 logZ: -28526883.909 +/- 0.089 logLmax: -107399.09
08-04 13:27 nessai INFO    : it:  2000: Rolling KS test: D=0.016, p-value=0.593
08-04 13:27 nessai INFO    : it:  2000: n eval: 8000 H: 8.91 dlogZ: 8606417.614 logZ: -8621660.862 +/- 0.094 logLmax: -15241.25
08-04 13:27 nessai INFO    : Switching to FlowProposal
08-04 13:27 nessai INFO    : it:  3000: Rolling KS test: D=0.027, p-value=0.2286
08-04 13:27 nessai INFO    : it:  3000: n eval: 12089 H: 9.81 dlogZ: 3355784.765 logZ: -3371029.014 +/- 0.099 logLmax: -15241.25
08-04 13:27 nessai INFO    : it:  4000: Rolling KS test: D=0.023, p-value=0.3419
08-04 13:27 nessai INFO    : it:  4000: n eval: 16072 H: 10.91 dlogZ: 1293115.428 logZ: -1306173.220 +/- 0.104 logLmax: -13053.79
08-04 13:27 nessai INFO    : it:  5000: Rolling KS test: D=0.016, p-value=0.593
08-04 13:27 nessai INFO    : it:  5000: n eval: 20437 H: 11.91 dlogZ: 570396.138 logZ: -582550.293 +/- 0.109 logLmax: -12149.16
08-04 13:27 nessai INFO    : it:  6000: Rolling KS test: D=0.025, p-value=0.2818
08-04 13:27 nessai INFO    : it:  6000: n eval: 24993 H: 12.91 dlogZ: 262538.779 logZ: -267280.568 +/- 0.114 logLmax: -4735.79
08-04 13:27 nessai INFO    : it:  7000: Rolling KS test: D=0.005, p-value=0.9481
08-04 13:27 nessai INFO    : it:  7000: n eval: 29679 H: 13.91 dlogZ: 133592.059 logZ: -136806.615 +/- 0.118 logLmax: -3207.56
08-04 13:27 nessai INFO    : it:  8000: Rolling KS test: D=0.027, p-value=0.2286
08-04 13:27 nessai INFO    : it:  8000: n eval: 34404 H: 14.91 dlogZ: 69863.235 logZ: -70449.005 +/- 0.122 logLmax: -577.77
08-04 13:27 nessai INFO    : it:  9000: Rolling KS test: D=0.046, p-value=0.01407
08-04 13:27 nessai INFO    : it:  9000: n eval: 39745 H: 15.79 dlogZ: 36695.053 logZ: -37281.823 +/- 0.126 logLmax: -577.77
08-04 13:27 nessai INFO    : it: 10000: Rolling KS test: D=0.034, p-value=0.09683
08-04 13:27 nessai INFO    : it: 10000: n eval: 45236 H: 16.91 dlogZ: 19079.606 logZ: -19400.756 +/- 0.130 logLmax: -311.15
08-04 13:27 nessai INFO    : it: 11000: Rolling KS test: D=0.016, p-value=0.593
08-04 13:27 nessai INFO    : it: 11000: n eval: 53048 H: 17.31 dlogZ: 10660.370 logZ: -10982.519 +/- 0.132 logLmax: -311.15
08-04 13:27 nessai INFO    : it: 12000: Rolling KS test: D=0.039, p-value=0.0465
08-04 13:27 nessai INFO    : it: 12000: n eval: 58864 H: 18.14 dlogZ: 6023.213 logZ: -6131.488 +/- 0.135 logLmax: -96.28
08-04 13:27 nessai INFO    : it: 13000: Rolling KS test: D=0.037, p-value=0.06311
08-04 13:27 nessai INFO    : it: 13000: n eval: 63976 H: 19.22 dlogZ: 3394.614 logZ: -3493.280 +/- 0.139 logLmax: -85.67
08-04 13:27 nessai INFO    : it: 14000: Rolling KS test: D=0.009, p-value=0.8454
08-04 13:27 nessai INFO    : it: 14000: n eval: 70408 H: 20.14 dlogZ: 1911.463 logZ: -1962.544 +/- 0.142 logLmax: -37.08
08-04 13:28 nessai INFO    : it: 15000: Rolling KS test: D=0.024, p-value=0.311
08-04 13:28 nessai INFO    : it: 15000: n eval: 76011 H: 20.43 dlogZ: 1126.993 logZ: -1173.424 +/- 0.143 logLmax: -31.43
08-04 13:28 nessai INFO    : it: 16000: Rolling KS test: D=0.019, p-value=0.4797
08-04 13:28 nessai INFO    : it: 16000: n eval: 84910 H: 20.87 dlogZ: 643.265 logZ: -690.696 +/- 0.144 logLmax: -31.43
08-04 13:28 nessai INFO    : it: 17000: Rolling KS test: D=0.022, p-value=0.3744
08-04 13:28 nessai INFO    : it: 17000: n eval: 92229 H: 22.16 dlogZ: 359.796 logZ: -405.577 +/- 0.149 logLmax: -28.78
08-04 13:28 nessai INFO    : it: 18000: Rolling KS test: D=0.02, p-value=0.4434
08-04 13:28 nessai INFO    : it: 18000: n eval: 99470 H: 21.77 dlogZ: 201.388 logZ: -245.040 +/- 0.148 logLmax: -25.65
08-04 13:28 nessai INFO    : it: 19000: Rolling KS test: D=0.019, p-value=0.4797
08-04 13:28 nessai INFO    : it: 19000: n eval: 108574 H: 22.07 dlogZ: 131.487 logZ: -158.223 +/- 0.149 logLmax: -7.74
08-04 13:28 nessai INFO    : it: 20000: Rolling KS test: D=0.029, p-value=0.1825
08-04 13:28 nessai INFO    : it: 20000: n eval: 121344 H: 22.53 dlogZ: 77.038 logZ: -104.774 +/- 0.150 logLmax: -7.74
08-04 13:28 nessai INFO    : it: 21000: Rolling KS test: D=0.043, p-value=0.02406
08-04 13:28 nessai INFO    : it: 21000: n eval: 139192 H: 22.95 dlogZ: 48.454 logZ: -75.081 +/- 0.151 logLmax: -5.63
08-04 13:28 nessai INFO    : it: 22000: Rolling KS test: D=0.021, p-value=0.4082
08-04 13:28 nessai INFO    : it: 22000: n eval: 171644 H: 23.56 dlogZ: 30.096 logZ: -57.722 +/- 0.153 logLmax: -5.63
08-04 13:28 nessai INFO    : it: 23000: Rolling KS test: D=0.028, p-value=0.2046
08-04 13:28 nessai INFO    : it: 23000: n eval: 190974 H: 24.04 dlogZ: 19.701 logZ: -48.063 +/- 0.155 logLmax: -5.36
08-04 13:28 nessai INFO    : it: 24000: Rolling KS test: D=0.018, p-value=0.5169
08-04 13:28 nessai INFO    : it: 24000: n eval: 224583 H: 24.34 dlogZ: 14.630 logZ: -42.355 +/- 0.156 logLmax: -3.73
08-04 13:28 nessai INFO    : it: 25000: Rolling KS test: D=0.036, p-value=0.07308
08-04 13:28 nessai INFO    : it: 25000: n eval: 261879 H: 24.89 dlogZ: 10.021 logZ: -38.746 +/- 0.158 logLmax: -3.73
08-04 13:28 nessai INFO    : it: 26000: Rolling KS test: D=0.015, p-value=0.6313
08-04 13:28 nessai INFO    : it: 26000: n eval: 311879 H: 25.31 dlogZ: 7.820 logZ: -36.501 +/- 0.159 logLmax: -2.68
08-04 13:28 nessai INFO    : it: 27000: Rolling KS test: D=0.023, p-value=0.3419
08-04 13:28 nessai INFO    : it: 27000: n eval: 381879 H: 25.68 dlogZ: 5.481 logZ: -35.159 +/- 0.160 logLmax: -2.68
08-04 13:29 nessai INFO    : it: 28000: Rolling KS test: D=0.02, p-value=0.4434
08-04 13:29 nessai INFO    : it: 28000: n eval: 441879 H: 26.02 dlogZ: 3.692 logZ: -34.349 +/- 0.161 logLmax: -2.68
08-04 13:29 nessai INFO    : it: 29000: Rolling KS test: D=0.006, p-value=0.9268
08-04 13:29 nessai INFO    : it: 29000: n eval: 531879 H: 26.34 dlogZ: 2.670 logZ: -33.841 +/- 0.162 logLmax: -2.24
08-04 13:29 nessai INFO    : it: 30000: Rolling KS test: D=0.029, p-value=0.1825
08-04 13:29 nessai INFO    : it: 30000: n eval: 621879 H: 26.58 dlogZ: 1.861 logZ: -33.540 +/- 0.163 logLmax: -1.85
08-04 13:29 nessai INFO    : it: 31000: Rolling KS test: D=0.033, p-value=0.1108
08-04 13:29 nessai INFO    : it: 31000: n eval: 741879 H: 26.78 dlogZ: 1.112 logZ: -33.357 +/- 0.164 logLmax: -1.64
08-04 13:30 nessai INFO    : it: 32000: Rolling KS test: D=0.031, p-value=0.1433
08-04 13:30 nessai INFO    : it: 32000: n eval: 901879 H: 26.93 dlogZ: 0.515 logZ: -33.249 +/- 0.164 logLmax: -1.64
08-04 13:30 nessai INFO    : it: 33000: Rolling KS test: D=0.018, p-value=0.5169
08-04 13:30 nessai INFO    : it: 33000: n eval: 1041879 H: 27.03 dlogZ: 0.210 logZ: -33.188 +/- 0.164 logLmax: -1.64
08-04 13:31 nessai INFO    : Stopping with difference_log_evidence=0.100
08-04 13:31 nessai INFO    : Finalising
08-04 13:31 nessai INFO    : Final ln-evidence: -33.125 +/- 0.165
08-04 13:31 nessai INFO    : Information: 27.17
08-04 13:31 nessai INFO    : Final KS test: D=0.009393, p-value=0.002555
08-04 13:31 nessai WARNING : Final p-value for the insertion indices is less than 0.05, this could be an indication of problems during sampling. Consider checking the diagnostic plots.
08-04 13:31 nessai INFO    : Checkpointing nested sampling
08-04 13:31 nessai INFO    : Total sampling time: 0:03:32.887459
08-04 13:31 nessai INFO    : Total training time: 0:00:56.488732
08-04 13:31 nessai INFO    : Total population time: 0:01:37.027326
08-04 13:31 nessai INFO    : Total likelihood evaluations: 1211879
08-04 13:31 nessai INFO    : Time spent evaluating likelihood: 0:00:22.297058
08-04 13:31 nessai INFO    : Total sampling time: 0:03:32.887459
08-04 13:31 nessai INFO    : Total likelihood evaluations: 1211879
08-04 13:31 nessai INFO    : Starting post processing
08-04 13:31 nessai INFO    : Computing posterior samples
08-04 13:31 nessai INFO    : Effective sample size: 7314.2
08-04 13:31 nessai INFO    : Producing posterior samples using rejection sampling
08-04 13:31 nessai INFO    : Expect 5014.667838713057 samples from rejection sampling
08-04 13:31 nessai INFO    : Returned 5010 posterior samples
08-04 13:31 nessai INFO    : Starting to close worker pool.
08-04 13:31 nessai INFO    : Finished closing worker pool.
