/data/wiay/postgrads/shashwat/qunat_com_future/lib/python3.11/site-packages/nessai/utils/logging.py:133: FutureWarning: setup_logger is deprecated, use configure_logger instead
  warnings.warn(
08-04 15:39 nessai INFO    : Running Nessai version 0.15.2
08-04 15:39 nessai INFO    : Starting multiprocessing pool with 4 processes
08-04 15:39 nessai INFO    : Initialising nested sampler
08-04 15:39 nessai WARNING : Multiprocessing pool has already been configured.
/data/wiay/postgrads/shashwat/qunat_com_future/lib/python3.11/site-packages/nessai/gw/__init__.py:12: FutureWarning: The `nessai.gw` module will be deprecated in the next release in favour of the nessai-gw package. This packages provides the same functionality as`nessai.gw` via the plugin interface.For more details, see: https://github.com/mj-will/nessai-gw
  warnings.warn(
08-04 15:39 nessai INFO    : Passing kwargs to FlowProposal: {'poolsize': 1000}
08-04 15:39 nessai INFO    : No reparameterisations provided, using default reparameterisations included in FlowProposal
08-04 15:39 nessai INFO    : Adding reparameterisations from: {}
08-04 15:39 nessai INFO    : Assuming fallback reparameterisation (ScaleAndShift) for ['kappa', 'mu_xi', 'sigma_chi', 'sigma_xi', 'rho', 'lambda_chi', 'chi0', 'xi0'] with kwargs: {'estimate_scale': True, 'estimate_shift': True, 'prior_bounds': {'kappa': array([0.1, 5. ]), 'mu_xi': array([0. , 0.1]), 'sigma_chi': array([0.05, 0.6 ]), 'sigma_xi': array([0.05, 0.4 ]), 'rho': array([-0.9,  0.9]), 'lambda_chi': array([-0.5,  0.5]), 'chi0': array([-0.5,  0.5]), 'xi0': array([2.5, 5. ])}}.
08-04 15:39 nessai INFO    : x space parameters: ['kappa', 'mu_xi', 'sigma_chi', 'sigma_xi', 'rho', 'lambda_chi', 'chi0', 'xi0']
08-04 15:39 nessai INFO    : x prime space parameters: ['kappa_prime', 'mu_xi_prime', 'sigma_chi_prime', 'sigma_xi_prime', 'rho_prime', 'lambda_chi_prime', 'chi0_prime', 'xi0_prime']
08-04 15:39 nessai INFO    : Overwriting fuzz factor with expansion fraction
08-04 15:39 nessai INFO    : New fuzz factor: 1.2228445449938519
08-04 15:39 nessai INFO    : Verifying rescaling functions
08-04 15:39 nessai INFO    : Rescaling functions are invertible
08-04 15:39 nessai INFO    : Populating initial live points
08-04 15:39 nessai INFO    : Populated 100 / 1000 live points
08-04 15:39 nessai INFO    : Populated 200 / 1000 live points
08-04 15:39 nessai INFO    : Populated 300 / 1000 live points
08-04 15:39 nessai INFO    : Populated 400 / 1000 live points
08-04 15:39 nessai INFO    : Populated 500 / 1000 live points
08-04 15:39 nessai INFO    : Populated 600 / 1000 live points
08-04 15:39 nessai INFO    : Populated 700 / 1000 live points
08-04 15:39 nessai INFO    : Populated 800 / 1000 live points
08-04 15:39 nessai INFO    : Populated 900 / 1000 live points
08-04 15:39 nessai INFO    : Populated 1000 / 1000 live points
08-04 15:39 nessai INFO    : Starting nested sampling loop
08-04 15:39 nessai INFO    : it:  1000: Rolling KS test: D=0.003, p-value=0.9802
08-04 15:39 nessai INFO    : it:  1000: n eval: 3000 H: 7.91 dlogZ: 330543893.389 logZ: -332119323.386 +/- 0.089 logLmax: -1575429.00
08-04 15:39 nessai INFO    : it:  2000: Rolling KS test: D=0.01, p-value=0.8133
08-04 15:39 nessai INFO    : it:  2000: n eval: 8000 H: 8.91 dlogZ: 113377216.076 logZ: -114574703.457 +/- 0.094 logLmax: -1197485.38
08-04 15:39 nessai INFO    : Switching to FlowProposal
08-04 15:39 nessai INFO    : it:  3000: Rolling KS test: D=0.009, p-value=0.8454
08-04 15:39 nessai INFO    : it:  3000: n eval: 11976 H: 9.91 dlogZ: 41682349.407 logZ: -41863405.460 +/- 0.100 logLmax: -181053.05
08-04 15:39 nessai INFO    : it:  4000: Rolling KS test: D=0.0, p-value=1.0
08-04 15:39 nessai INFO    : it:  4000: n eval: 13616 H: 10.91 dlogZ: 18949945.107 logZ: -19131002.160 +/- 0.104 logLmax: -181053.05
08-04 15:39 nessai INFO    : it:  5000: Rolling KS test: D=0.029, p-value=0.1825
08-04 15:39 nessai INFO    : it:  5000: n eval: 17317 H: 11.91 dlogZ: 10560301.424 logZ: -10741359.478 +/- 0.109 logLmax: -181053.05
08-04 15:39 nessai INFO    : it:  6000: Rolling KS test: D=0.011, p-value=0.7794
08-04 15:39 nessai INFO    : it:  6000: n eval: 21467 H: 12.91 dlogZ: 6326885.710 logZ: -6507944.763 +/- 0.114 logLmax: -181053.05
08-04 15:40 nessai INFO    : it:  7000: Rolling KS test: D=0.038, p-value=0.05428
08-04 15:40 nessai INFO    : it:  7000: n eval: 25707 H: 13.91 dlogZ: 3769356.159 logZ: -3932008.007 +/- 0.118 logLmax: -162644.85
08-04 15:40 nessai INFO    : it:  8000: Rolling KS test: D=0.028, p-value=0.2046
08-04 15:40 nessai INFO    : it:  8000: n eval: 29923 H: 14.91 dlogZ: 2277422.891 logZ: -2308090.936 +/- 0.122 logLmax: -30660.05
08-04 15:40 nessai INFO    : it:  9000: Rolling KS test: D=0.023, p-value=0.3419
08-04 15:40 nessai INFO    : it:  9000: n eval: 34563 H: 15.91 dlogZ: 1353110.312 logZ: -1370679.359 +/- 0.126 logLmax: -17560.05
08-04 15:40 nessai INFO    : it: 10000: Rolling KS test: D=0.016, p-value=0.593
08-04 15:40 nessai INFO    : it: 10000: n eval: 39443 H: 16.91 dlogZ: 784977.876 logZ: -802547.923 +/- 0.130 logLmax: -17560.05
08-04 15:40 nessai INFO    : it: 11000: Rolling KS test: D=0.027, p-value=0.2286
08-04 15:40 nessai INFO    : it: 11000: n eval: 44338 H: 17.91 dlogZ: 451674.995 logZ: -469246.042 +/- 0.134 logLmax: -17560.05
08-04 15:40 nessai INFO    : it: 12000: Rolling KS test: D=0.019, p-value=0.4797
08-04 15:40 nessai INFO    : it: 12000: n eval: 48906 H: 18.91 dlogZ: 272440.125 logZ: -283125.863 +/- 0.138 logLmax: -10673.74
08-04 15:40 nessai INFO    : it: 13000: Rolling KS test: D=0.038, p-value=0.05428
08-04 15:40 nessai INFO    : it: 13000: n eval: 53934 H: 19.91 dlogZ: 156794.132 logZ: -162782.649 +/- 0.141 logLmax: -5975.52
08-04 15:40 nessai INFO    : it: 14000: Rolling KS test: D=0.021, p-value=0.4082
08-04 15:40 nessai INFO    : it: 14000: n eval: 59048 H: 20.89 dlogZ: 90674.916 logZ: -93235.588 +/- 0.145 logLmax: -2546.67
08-04 15:40 nessai INFO    : it: 15000: Rolling KS test: D=0.035, p-value=0.08429
08-04 15:40 nessai INFO    : it: 15000: n eval: 64353 H: 21.91 dlogZ: 53638.755 logZ: -54313.991 +/- 0.148 logLmax: -660.24
08-04 15:40 nessai INFO    : it: 16000: Rolling KS test: D=0.027, p-value=0.2286
08-04 15:40 nessai INFO    : it: 16000: n eval: 69491 H: 22.82 dlogZ: 32141.291 logZ: -32817.527 +/- 0.151 logLmax: -660.24
08-04 15:40 nessai INFO    : it: 17000: Rolling KS test: D=0.031, p-value=0.1433
08-04 15:40 nessai INFO    : it: 17000: n eval: 79678 H: 23.91 dlogZ: 18747.729 logZ: -19424.965 +/- 0.155 logLmax: -660.24
08-04 15:40 nessai INFO    : it: 18000: Rolling KS test: D=0.035, p-value=0.08429
08-04 15:40 nessai INFO    : it: 18000: n eval: 85669 H: 24.77 dlogZ: 11659.407 logZ: -11944.041 +/- 0.157 logLmax: -266.64
08-04 15:40 nessai INFO    : it: 19000: Rolling KS test: D=0.012, p-value=0.7438
08-04 15:40 nessai INFO    : it: 19000: n eval: 92295 H: 25.89 dlogZ: 7110.677 logZ: -7396.311 +/- 0.161 logLmax: -266.64
08-04 15:40 nessai INFO    : it: 20000: Rolling KS test: D=0.026, p-value=0.2543
08-04 15:40 nessai INFO    : it: 20000: n eval: 103454 H: 26.75 dlogZ: 4319.685 logZ: -4512.488 +/- 0.164 logLmax: -172.80
08-04 15:40 nessai INFO    : it: 21000: Rolling KS test: D=0.027, p-value=0.2286
08-04 15:40 nessai INFO    : it: 21000: n eval: 111566 H: 27.15 dlogZ: 2627.232 logZ: -2790.606 +/- 0.165 logLmax: -142.38
08-04 15:40 nessai INFO    : it: 22000: Rolling KS test: D=0.008, p-value=0.8752
08-04 15:40 nessai INFO    : it: 22000: n eval: 120072 H: 28.23 dlogZ: 1583.308 logZ: -1747.683 +/- 0.168 logLmax: -142.38
08-04 15:40 nessai INFO    : it: 23000: Rolling KS test: D=0.008, p-value=0.8752
08-04 15:40 nessai INFO    : it: 23000: n eval: 133680 H: 28.43 dlogZ: 1063.516 logZ: -1160.467 +/- 0.169 logLmax: -73.95
08-04 15:40 nessai INFO    : it: 24000: Rolling KS test: D=0.011, p-value=0.7794
08-04 15:40 nessai INFO    : it: 24000: n eval: 155981 H: 28.99 dlogZ: 676.371 logZ: -774.321 +/- 0.170 logLmax: -73.95
08-04 15:40 nessai INFO    : it: 25000: Rolling KS test: D=0.033, p-value=0.1108
08-04 15:40 nessai INFO    : it: 25000: n eval: 173987 H: 29.03 dlogZ: 438.853 logZ: -537.804 +/- 0.170 logLmax: -73.95
08-04 15:40 nessai INFO    : it: 26000: Rolling KS test: D=0.022, p-value=0.3744
08-04 15:40 nessai INFO    : it: 26000: n eval: 203890 H: 29.87 dlogZ: 323.209 logZ: -390.831 +/- 0.173 logLmax: -41.62
08-04 15:41 nessai INFO    : it: 27000: Rolling KS test: D=0.05, p-value=0.006506
08-04 15:41 nessai INFO    : it: 27000: n eval: 230362 H: 30.46 dlogZ: 228.346 logZ: -291.290 +/- 0.175 logLmax: -35.95
08-04 15:41 nessai INFO    : it: 28000: Rolling KS test: D=0.031, p-value=0.1433
08-04 15:41 nessai INFO    : it: 28000: n eval: 252887 H: 30.88 dlogZ: 163.990 logZ: -220.298 +/- 0.176 logLmax: -28.31
08-04 15:41 nessai INFO    : it: 29000: Rolling KS test: D=0.021, p-value=0.4082
08-04 15:41 nessai INFO    : it: 29000: n eval: 278867 H: 31.73 dlogZ: 123.377 logZ: -172.787 +/- 0.178 logLmax: -20.41
08-04 15:41 nessai INFO    : it: 30000: Rolling KS test: D=0.024, p-value=0.311
08-04 15:41 nessai INFO    : it: 30000: n eval: 312943 H: 32.32 dlogZ: 87.599 logZ: -138.009 +/- 0.180 logLmax: -20.41
08-04 15:41 nessai INFO    : it: 31000: Rolling KS test: D=0.027, p-value=0.2286
08-04 15:41 nessai INFO    : it: 31000: n eval: 346767 H: 32.90 dlogZ: 63.852 logZ: -113.361 +/- 0.181 logLmax: -18.51
08-04 15:41 nessai INFO    : it: 32000: Rolling KS test: D=0.043, p-value=0.02406
08-04 15:41 nessai INFO    : it: 32000: n eval: 373626 H: 33.65 dlogZ: 52.700 logZ: -94.847 +/- 0.183 logLmax: -10.15
08-04 15:41 nessai INFO    : it: 33000: Rolling KS test: D=0.019, p-value=0.4797
08-04 15:41 nessai INFO    : it: 33000: n eval: 406507 H: 34.38 dlogZ: 38.615 logZ: -81.762 +/- 0.185 logLmax: -10.15
08-04 15:41 nessai INFO    : it: 34000: Rolling KS test: D=0.035, p-value=0.08429
08-04 15:41 nessai INFO    : it: 34000: n eval: 441922 H: 35.03 dlogZ: 31.876 logZ: -71.993 +/- 0.187 logLmax: -6.12
08-04 15:41 nessai INFO    : it: 35000: Rolling KS test: D=0.021, p-value=0.4082
08-04 15:41 nessai INFO    : it: 35000: n eval: 467072 H: 35.72 dlogZ: 24.159 logZ: -64.823 +/- 0.189 logLmax: -5.66
08-04 15:41 nessai INFO    : it: 36000: Rolling KS test: D=0.039, p-value=0.0465
08-04 15:41 nessai INFO    : it: 36000: n eval: 506069 H: 36.35 dlogZ: 17.970 logZ: -59.633 +/- 0.191 logLmax: -5.66
08-04 15:41 nessai INFO    : it: 37000: Rolling KS test: D=0.028, p-value=0.2046
08-04 15:41 nessai INFO    : it: 37000: n eval: 545894 H: 37.07 dlogZ: 14.541 logZ: -55.447 +/- 0.193 logLmax: -3.91
08-04 15:41 nessai INFO    : it: 38000: Rolling KS test: D=0.03, p-value=0.162
08-04 15:41 nessai INFO    : it: 38000: n eval: 581736 H: 37.65 dlogZ: 10.645 logZ: -52.551 +/- 0.194 logLmax: -3.91
08-04 15:41 nessai INFO    : it: 39000: Rolling KS test: D=0.033, p-value=0.1108
08-04 15:41 nessai INFO    : it: 39000: n eval: 604992 H: 38.25 dlogZ: 9.018 logZ: -50.438 +/- 0.196 logLmax: -2.42
08-04 15:42 nessai INFO    : it: 40000: Rolling KS test: D=0.008, p-value=0.8752
08-04 15:42 nessai INFO    : it: 40000: n eval: 630988 H: 38.80 dlogZ: 6.519 logZ: -48.938 +/- 0.197 logLmax: -2.42
08-04 15:42 nessai INFO    : it: 41000: Rolling KS test: D=0.01, p-value=0.8133
08-04 15:42 nessai INFO    : it: 41000: n eval: 664504 H: 39.31 dlogZ: 4.836 logZ: -47.888 +/- 0.198 logLmax: -2.06
08-04 15:42 nessai INFO    : it: 42000: Rolling KS test: D=0.026, p-value=0.2543
08-04 15:42 nessai INFO    : it: 42000: n eval: 677785 H: 39.76 dlogZ: 3.225 logZ: -47.162 +/- 0.199 logLmax: -1.98
08-04 15:42 nessai INFO    : it: 43000: Rolling KS test: D=0.027, p-value=0.2286
08-04 15:42 nessai INFO    : it: 43000: n eval: 693492 H: 40.12 dlogZ: 2.070 logZ: -46.699 +/- 0.200 logLmax: -1.76
08-04 15:42 nessai INFO    : it: 44000: Rolling KS test: D=0.033, p-value=0.1108
08-04 15:42 nessai INFO    : it: 44000: n eval: 709020 H: 40.42 dlogZ: 1.452 logZ: -46.400 +/- 0.201 logLmax: -1.22
08-04 15:42 nessai INFO    : it: 45000: Rolling KS test: D=0.021, p-value=0.4082
08-04 15:42 nessai INFO    : it: 45000: n eval: 726367 H: 40.65 dlogZ: 0.693 logZ: -46.215 +/- 0.202 logLmax: -1.22
08-04 15:42 nessai INFO    : it: 46000: Rolling KS test: D=0.04, p-value=0.03967
08-04 15:42 nessai INFO    : it: 46000: n eval: 742205 H: 40.81 dlogZ: 0.293 logZ: -46.107 +/- 0.202 logLmax: -1.19
08-04 15:42 nessai INFO    : it: 47000: Rolling KS test: D=0.017, p-value=0.5547
08-04 15:42 nessai INFO    : it: 47000: n eval: 755137 H: 40.91 dlogZ: 0.115 logZ: -46.049 +/- 0.202 logLmax: -1.16
08-04 15:42 nessai INFO    : Stopping with difference_log_evidence=0.100
08-04 15:42 nessai INFO    : Finalising
08-04 15:42 nessai INFO    : Final ln-evidence: -45.996 +/- 0.203
08-04 15:42 nessai INFO    : Information: 41.03
08-04 15:42 nessai INFO    : Final KS test: D=0.009328, p-value=0.0002717
08-04 15:42 nessai WARNING : Final p-value for the insertion indices is less than 0.05, this could be an indication of problems during sampling. Consider checking the diagnostic plots.
08-04 15:42 nessai INFO    : Checkpointing nested sampling
08-04 15:42 nessai INFO    : Total sampling time: 0:02:43.641541
08-04 15:42 nessai INFO    : Total training time: 0:00:56.055841
08-04 15:42 nessai INFO    : Total population time: 0:00:37.659724
08-04 15:42 nessai INFO    : Total likelihood evaluations: 755137
08-04 15:42 nessai INFO    : Time spent evaluating likelihood: 0:00:15.399851
08-04 15:42 nessai INFO    : Total sampling time: 0:02:43.641541
08-04 15:42 nessai INFO    : Total likelihood evaluations: 755137
08-04 15:42 nessai INFO    : Starting post processing
08-04 15:42 nessai INFO    : Computing posterior samples
08-04 15:42 nessai INFO    : Effective sample size: 7459.7
08-04 15:42 nessai INFO    : Producing posterior samples using rejection sampling
08-04 15:42 nessai INFO    : Expect 5369.192602632469 samples from rejection sampling
08-04 15:42 nessai INFO    : Returned 5397 posterior samples
08-04 15:42 nessai INFO    : Starting to close worker pool.
08-04 15:42 nessai INFO    : Finished closing worker pool.
