/data/wiay/postgrads/shashwat/qunat_com_future/lib/python3.11/site-packages/nessai/utils/logging.py:133: FutureWarning: setup_logger is deprecated, use configure_logger instead
  warnings.warn(
08-04 13:24 nessai INFO    : Running Nessai version 0.15.2
08-04 13:24 nessai INFO    : Starting multiprocessing pool with 4 processes
08-04 13:24 nessai INFO    : Initialising nested sampler
08-04 13:24 nessai WARNING : Multiprocessing pool has already been configured.
/data/wiay/postgrads/shashwat/qunat_com_future/lib/python3.11/site-packages/nessai/gw/__init__.py:12: FutureWarning: The `nessai.gw` module will be deprecated in the next release in favour of the nessai-gw package. This packages provides the same functionality as`nessai.gw` via the plugin interface.For more details, see: https://github.com/mj-will/nessai-gw
  warnings.warn(
08-04 13:24 nessai INFO    : Passing kwargs to FlowProposal: {'poolsize': 1000}
08-04 13:24 nessai INFO    : No reparameterisations provided, using default reparameterisations included in FlowProposal
08-04 13:24 nessai INFO    : Adding reparameterisations from: {}
08-04 13:24 nessai INFO    : Assuming fallback reparameterisation (ScaleAndShift) for ['kappa', 'mu_xi', 'sigma_chi', 'sigma_xi', 'rho', 'lambda_chi', 'chi0', 'xi0'] with kwargs: {'estimate_scale': True, 'estimate_shift': True, 'prior_bounds': {'kappa': array([0.1, 5. ]), 'mu_xi': array([0. , 0.1]), 'sigma_chi': array([0.05, 0.6 ]), 'sigma_xi': array([0.05, 0.4 ]), 'rho': array([-0.9,  0.9]), 'lambda_chi': array([-0.5,  0.5]), 'chi0': array([-0.5,  0.5]), 'xi0': array([2.5, 5. ])}}.
08-04 13:24 nessai INFO    : x space parameters: ['kappa', 'mu_xi', 'sigma_chi', 'sigma_xi', 'rho', 'lambda_chi', 'chi0', 'xi0']
08-04 13:24 nessai INFO    : x prime space parameters: ['kappa_prime', 'mu_xi_prime', 'sigma_chi_prime', 'sigma_xi_prime', 'rho_prime', 'lambda_chi_prime', 'chi0_prime', 'xi0_prime']
08-04 13:24 nessai INFO    : Overwriting fuzz factor with expansion fraction
08-04 13:24 nessai INFO    : New fuzz factor: 1.2228445449938519
08-04 13:24 nessai INFO    : Verifying rescaling functions
08-04 13:24 nessai INFO    : Rescaling functions are invertible
08-04 13:24 nessai INFO    : Populating initial live points
08-04 13:24 nessai INFO    : Populated 100 / 1000 live points
08-04 13:24 nessai INFO    : Populated 200 / 1000 live points
08-04 13:24 nessai INFO    : Populated 300 / 1000 live points
08-04 13:24 nessai INFO    : Populated 400 / 1000 live points
08-04 13:24 nessai INFO    : Populated 500 / 1000 live points
08-04 13:24 nessai INFO    : Populated 600 / 1000 live points
08-04 13:24 nessai INFO    : Populated 700 / 1000 live points
08-04 13:24 nessai INFO    : Populated 800 / 1000 live points
08-04 13:24 nessai INFO    : Populated 900 / 1000 live points
08-04 13:24 nessai INFO    : Populated 1000 / 1000 live points
08-04 13:24 nessai INFO    : Starting nested sampling loop
08-04 13:24 nessai INFO    : it:  1000: Rolling KS test: D=0.014, p-value=0.6695
08-04 13:24 nessai INFO    : it:  1000: n eval: 3000 H: 7.91 dlogZ: 5961881.252 logZ: -5966455.748 +/- 0.089 logLmax: -4573.50
08-04 13:24 nessai INFO    : it:  2000: Rolling KS test: D=0.049, p-value=0.007937
08-04 13:24 nessai INFO    : it:  2000: n eval: 8000 H: 8.91 dlogZ: 502988.490 logZ: -504568.212 +/- 0.094 logLmax: -1577.72
08-04 13:24 nessai INFO    : Switching to FlowProposal
08-04 13:24 nessai INFO    : it:  3000: Rolling KS test: D=0.005, p-value=0.9481
08-04 13:24 nessai INFO    : it:  3000: n eval: 11955 H: 9.91 dlogZ: 159680.193 logZ: -160086.305 +/- 0.100 logLmax: -403.11
08-04 13:24 nessai INFO    : it:  4000: Rolling KS test: D=0.019, p-value=0.4797
08-04 13:24 nessai INFO    : it:  4000: n eval: 15689 H: 10.91 dlogZ: 64639.234 logZ: -65046.346 +/- 0.104 logLmax: -403.11
08-04 13:24 nessai INFO    : it:  5000: Rolling KS test: D=0.046, p-value=0.01407
08-04 13:24 nessai INFO    : it:  5000: n eval: 20449 H: 11.91 dlogZ: 29688.713 logZ: -29965.773 +/- 0.109 logLmax: -272.06
08-04 13:24 nessai INFO    : it:  6000: Rolling KS test: D=0.014, p-value=0.6695
08-04 13:24 nessai INFO    : it:  6000: n eval: 24937 H: 12.62 dlogZ: 14596.673 logZ: -14842.504 +/- 0.112 logLmax: -239.83
08-04 13:24 nessai INFO    : it:  7000: Rolling KS test: D=0.019, p-value=0.4797
08-04 13:24 nessai INFO    : it:  7000: n eval: 30233 H: 13.36 dlogZ: 7140.088 logZ: -7251.812 +/- 0.116 logLmax: -104.73
08-04 13:24 nessai INFO    : it:  8000: Rolling KS test: D=0.022, p-value=0.3744
08-04 13:24 nessai INFO    : it:  8000: n eval: 35008 H: 14.36 dlogZ: 3674.105 logZ: -3721.493 +/- 0.120 logLmax: -39.39
08-04 13:24 nessai INFO    : it:  9000: Rolling KS test: D=0.028, p-value=0.2046
08-04 13:24 nessai INFO    : it:  9000: n eval: 40174 H: 15.77 dlogZ: 1855.930 logZ: -1904.317 +/- 0.126 logLmax: -39.39
08-04 13:24 nessai INFO    : it: 10000: Rolling KS test: D=0.015, p-value=0.6313
08-04 13:24 nessai INFO    : it: 10000: n eval: 50073 H: 14.98 dlogZ: 1003.732 logZ: -1053.119 +/- 0.122 logLmax: -39.39
08-04 13:24 nessai INFO    : it: 11000: Rolling KS test: D=0.03, p-value=0.162
08-04 13:24 nessai INFO    : it: 11000: n eval: 54910 H: 15.49 dlogZ: 579.963 logZ: -617.312 +/- 0.124 logLmax: -26.35
08-04 13:24 nessai INFO    : it: 12000: Rolling KS test: D=0.01, p-value=0.8133
08-04 13:24 nessai INFO    : it: 12000: n eval: 63667 H: 16.29 dlogZ: 364.608 logZ: -383.532 +/- 0.128 logLmax: -6.92
08-04 13:24 nessai INFO    : it: 13000: Rolling KS test: D=0.029, p-value=0.1825
08-04 13:24 nessai INFO    : it: 13000: n eval: 70102 H: 16.65 dlogZ: 221.211 logZ: -241.135 +/- 0.129 logLmax: -6.92
08-04 13:24 nessai INFO    : it: 14000: Rolling KS test: D=0.011, p-value=0.7794
08-04 13:24 nessai INFO    : it: 14000: n eval: 76366 H: 17.17 dlogZ: 131.766 logZ: -152.689 +/- 0.131 logLmax: -6.92
08-04 13:24 nessai INFO    : it: 15000: Rolling KS test: D=0.026, p-value=0.2543
08-04 13:24 nessai INFO    : it: 15000: n eval: 86366 H: 17.73 dlogZ: 81.965 logZ: -100.575 +/- 0.133 logLmax: -3.61
08-04 13:24 nessai INFO    : it: 16000: Rolling KS test: D=0.022, p-value=0.3744
08-04 13:24 nessai INFO    : it: 16000: n eval: 93030 H: 18.06 dlogZ: 51.556 logZ: -71.166 +/- 0.134 logLmax: -3.61
08-04 13:25 nessai INFO    : it: 17000: Rolling KS test: D=0.04, p-value=0.03967
08-04 13:25 nessai INFO    : it: 17000: n eval: 103108 H: 18.70 dlogZ: 31.137 logZ: -51.748 +/- 0.137 logLmax: -3.61
08-04 13:25 nessai INFO    : it: 18000: Rolling KS test: D=0.035, p-value=0.08429
08-04 13:25 nessai INFO    : it: 18000: n eval: 115545 H: 19.05 dlogZ: 19.046 logZ: -40.374 +/- 0.138 logLmax: -3.33
08-04 13:25 nessai INFO    : it: 19000: Rolling KS test: D=0.027, p-value=0.2286
08-04 13:25 nessai INFO    : it: 19000: n eval: 134713 H: 19.52 dlogZ: 11.790 logZ: -33.854 +/- 0.140 logLmax: -3.07
08-04 13:25 nessai INFO    : it: 20000: Rolling KS test: D=0.008, p-value=0.8752
08-04 13:25 nessai INFO    : it: 20000: n eval: 156377 H: 19.91 dlogZ: 8.067 logZ: -30.007 +/- 0.141 logLmax: -1.94
08-04 13:25 nessai INFO    : it: 21000: Rolling KS test: D=0.031, p-value=0.1433
08-04 13:25 nessai INFO    : it: 21000: n eval: 186083 H: 20.21 dlogZ: 4.994 logZ: -27.927 +/- 0.142 logLmax: -1.94
08-04 13:25 nessai INFO    : it: 22000: Rolling KS test: D=0.006, p-value=0.9268
08-04 13:25 nessai INFO    : it: 22000: n eval: 223029 H: 20.46 dlogZ: 2.959 logZ: -26.835 +/- 0.143 logLmax: -1.93
08-04 13:25 nessai INFO    : it: 23000: Rolling KS test: D=0.038, p-value=0.05428
08-04 13:25 nessai INFO    : it: 23000: n eval: 261061 H: 20.68 dlogZ: 1.580 logZ: -26.242 +/- 0.144 logLmax: -1.89
08-04 13:25 nessai INFO    : it: 24000: Rolling KS test: D=0.018, p-value=0.5169
08-04 13:25 nessai INFO    : it: 24000: n eval: 321061 H: 20.83 dlogZ: 0.780 logZ: -25.943 +/- 0.144 logLmax: -1.78
08-04 13:26 nessai INFO    : it: 25000: Rolling KS test: D=0.027, p-value=0.2286
08-04 13:26 nessai INFO    : it: 25000: n eval: 401061 H: 20.93 dlogZ: 0.415 logZ: -25.793 +/- 0.145 logLmax: -1.46
08-04 13:26 nessai INFO    : it: 26000: Rolling KS test: D=0.021, p-value=0.4082
08-04 13:26 nessai INFO    : it: 26000: n eval: 501061 H: 21.00 dlogZ: 0.162 logZ: -25.719 +/- 0.145 logLmax: -1.46
08-04 13:26 nessai INFO    : Stopping with difference_log_evidence=0.100
08-04 13:26 nessai INFO    : Finalising
08-04 13:26 nessai INFO    : Final ln-evidence: -25.653 +/- 0.145
08-04 13:26 nessai INFO    : Information: 21.09
08-04 13:26 nessai INFO    : Final KS test: D=0.01084, p-value=0.001877
08-04 13:26 nessai WARNING : Final p-value for the insertion indices is less than 0.05, this could be an indication of problems during sampling. Consider checking the diagnostic plots.
08-04 13:26 nessai INFO    : Checkpointing nested sampling
08-04 13:26 nessai INFO    : Total sampling time: 0:02:39.248725
08-04 13:26 nessai INFO    : Total training time: 0:00:47.595982
08-04 13:26 nessai INFO    : Total population time: 0:00:56.784783
08-04 13:26 nessai INFO    : Total likelihood evaluations: 561061
08-04 13:26 nessai INFO    : Time spent evaluating likelihood: 0:00:22.711460
08-04 13:26 nessai INFO    : Total sampling time: 0:02:39.248725
08-04 13:26 nessai INFO    : Total likelihood evaluations: 561061
08-04 13:26 nessai INFO    : Starting post processing
08-04 13:26 nessai INFO    : Computing posterior samples
08-04 13:26 nessai INFO    : Effective sample size: 5769.2
08-04 13:26 nessai INFO    : Producing posterior samples using rejection sampling
08-04 13:26 nessai INFO    : Expect 3923.422582924906 samples from rejection sampling
08-04 13:26 nessai INFO    : Returned 3965 posterior samples
08-04 13:26 nessai INFO    : Starting to close worker pool.
08-04 13:26 nessai INFO    : Finished closing worker pool.
