/data/wiay/postgrads/shashwat/qunat_com_future/lib/python3.11/site-packages/nessai/utils/logging.py:133: FutureWarning: setup_logger is deprecated, use configure_logger instead
  warnings.warn(
08-04 13:17 nessai INFO    : Running Nessai version 0.15.2
08-04 13:17 nessai INFO    : Starting multiprocessing pool with 4 processes
08-04 13:17 nessai INFO    : Initialising nested sampler
08-04 13:17 nessai WARNING : Multiprocessing pool has already been configured.
/data/wiay/postgrads/shashwat/qunat_com_future/lib/python3.11/site-packages/nessai/gw/__init__.py:12: FutureWarning: The `nessai.gw` module will be deprecated in the next release in favour of the nessai-gw package. This packages provides the same functionality as`nessai.gw` via the plugin interface.For more details, see: https://github.com/mj-will/nessai-gw
  warnings.warn(
08-04 13:17 nessai INFO    : Passing kwargs to FlowProposal: {'poolsize': 1000}
08-04 13:17 nessai INFO    : No reparameterisations provided, using default reparameterisations included in FlowProposal
08-04 13:17 nessai INFO    : Adding reparameterisations from: {}
08-04 13:17 nessai INFO    : Assuming fallback reparameterisation (ScaleAndShift) for ['kappa', 'mu_xi', 'sigma_chi', 'sigma_xi', 'rho', 'lambda_chi', 'chi0', 'xi0'] with kwargs: {'estimate_scale': True, 'estimate_shift': True, 'prior_bounds': {'kappa': array([0.1, 5. ]), 'mu_xi': array([0. , 0.1]), 'sigma_chi': array([0.05, 0.6 ]), 'sigma_xi': array([0.05, 0.4 ]), 'rho': array([-0.9,  0.9]), 'lambda_chi': array([-0.5,  0.5]), 'chi0': array([-0.5,  0.5]), 'xi0': array([2.5, 5. ])}}.
08-04 13:17 nessai INFO    : x space parameters: ['kappa', 'mu_xi', 'sigma_chi', 'sigma_xi', 'rho', 'lambda_chi', 'chi0', 'xi0']
08-04 13:17 nessai INFO    : x prime space parameters: ['kappa_prime', 'mu_xi_prime', 'sigma_chi_prime', 'sigma_xi_prime', 'rho_prime', 'lambda_chi_prime', 'chi0_prime', 'xi0_prime']
08-04 13:17 nessai INFO    : Overwriting fuzz factor with expansion fraction
08-04 13:17 nessai INFO    : New fuzz factor: 1.2228445449938519
08-04 13:17 nessai INFO    : Verifying rescaling functions
08-04 13:17 nessai INFO    : Rescaling functions are invertible
08-04 13:17 nessai INFO    : Populating initial live points
08-04 13:17 nessai INFO    : Populated 100 / 1000 live points
08-04 13:17 nessai INFO    : Populated 200 / 1000 live points
08-04 13:17 nessai INFO    : Populated 300 / 1000 live points
08-04 13:17 nessai INFO    : Populated 400 / 1000 live points
08-04 13:17 nessai INFO    : Populated 500 / 1000 live points
08-04 13:17 nessai INFO    : Populated 600 / 1000 live points
08-04 13:17 nessai INFO    : Populated 700 / 1000 live points
08-04 13:17 nessai INFO    : Populated 800 / 1000 live points
08-04 13:17 nessai INFO    : Populated 900 / 1000 live points
08-04 13:17 nessai INFO    : Populated 1000 / 1000 live points
08-04 13:17 nessai INFO    : Starting nested sampling loop
08-04 13:17 nessai INFO    : it:  1000: Rolling KS test: D=0.027, p-value=0.2286
08-04 13:17 nessai INFO    : it:  1000: n eval: 3000 H: 7.91 dlogZ: 86471327.864 logZ: -86744563.005 +/- 0.089 logLmax: -273234.14
08-04 13:17 nessai INFO    : it:  2000: Rolling KS test: D=0.015, p-value=0.6313
08-04 13:17 nessai INFO    : it:  2000: n eval: 8000 H: 8.91 dlogZ: 22382900.880 logZ: -22489827.763 +/- 0.094 logLmax: -106924.88
08-04 13:17 nessai INFO    : Switching to FlowProposal
08-04 13:17 nessai INFO    : it:  3000: Rolling KS test: D=0.022, p-value=0.3744
08-04 13:17 nessai INFO    : it:  3000: n eval: 11974 H: 9.91 dlogZ: 7226048.954 logZ: -7253023.004 +/- 0.100 logLmax: -26971.05
08-04 13:17 nessai INFO    : it:  4000: Rolling KS test: D=0.025, p-value=0.2818
08-04 13:17 nessai INFO    : it:  4000: n eval: 15735 H: 10.91 dlogZ: 3012697.272 logZ: -3039672.323 +/- 0.104 logLmax: -26971.05
08-04 13:17 nessai INFO    : it:  5000: Rolling KS test: D=0.008, p-value=0.8752
08-04 13:17 nessai INFO    : it:  5000: n eval: 20303 H: 11.91 dlogZ: 1296836.448 logZ: -1320866.944 +/- 0.109 logLmax: -24025.50
08-04 13:17 nessai INFO    : it:  6000: Rolling KS test: D=0.035, p-value=0.08429
08-04 13:17 nessai INFO    : it:  6000: n eval: 25306 H: 12.91 dlogZ: 611935.624 logZ: -628275.087 +/- 0.114 logLmax: -16333.46
08-04 13:17 nessai INFO    : it:  7000: Rolling KS test: D=0.027, p-value=0.2286
08-04 13:17 nessai INFO    : it:  7000: n eval: 30102 H: 13.91 dlogZ: 312520.099 logZ: -320267.194 +/- 0.118 logLmax: -7740.10
08-04 13:17 nessai INFO    : it:  8000: Rolling KS test: D=0.022, p-value=0.3744
08-04 13:17 nessai INFO    : it:  8000: n eval: 34659 H: 14.91 dlogZ: 160237.900 logZ: -165467.259 +/- 0.122 logLmax: -5221.36
08-04 13:17 nessai INFO    : it:  9000: Rolling KS test: D=0.007, p-value=0.9024
08-04 13:17 nessai INFO    : it:  9000: n eval: 39168 H: 15.91 dlogZ: 84661.996 logZ: -86221.076 +/- 0.126 logLmax: -1550.08
08-04 13:18 nessai INFO    : it: 10000: Rolling KS test: D=0.025, p-value=0.2818
08-04 13:18 nessai INFO    : it: 10000: n eval: 44105 H: 16.25 dlogZ: 44209.280 logZ: -45388.265 +/- 0.127 logLmax: -1168.99
08-04 13:18 nessai INFO    : it: 11000: Rolling KS test: D=0.029, p-value=0.1825
08-04 13:18 nessai INFO    : it: 11000: n eval: 49500 H: 17.43 dlogZ: 24712.191 logZ: -25243.712 +/- 0.132 logLmax: -520.52
08-04 13:18 nessai INFO    : it: 12000: Rolling KS test: D=0.024, p-value=0.311
08-04 13:18 nessai INFO    : it: 12000: n eval: 55597 H: 18.49 dlogZ: 13627.016 logZ: -14159.538 +/- 0.136 logLmax: -520.52
08-04 13:18 nessai INFO    : it: 13000: Rolling KS test: D=0.02, p-value=0.4434
08-04 13:18 nessai INFO    : it: 13000: n eval: 64665 H: 18.60 dlogZ: 8640.350 logZ: -8781.733 +/- 0.136 logLmax: -128.38
08-04 13:18 nessai INFO    : it: 14000: Rolling KS test: D=0.019, p-value=0.4797
08-04 13:18 nessai INFO    : it: 14000: n eval: 71760 H: 20.71 dlogZ: 5407.020 logZ: -5549.403 +/- 0.144 logLmax: -128.38
08-04 13:18 nessai INFO    : it: 15000: Rolling KS test: D=0.014, p-value=0.6695
08-04 13:18 nessai INFO    : it: 15000: n eval: 82607 H: 21.76 dlogZ: 3212.392 logZ: -3355.776 +/- 0.148 logLmax: -128.38
08-04 13:18 nessai INFO    : it: 16000: Rolling KS test: D=0.008, p-value=0.8752
08-04 13:18 nessai INFO    : it: 16000: n eval: 90368 H: 21.79 dlogZ: 1920.865 logZ: -2051.596 +/- 0.148 logLmax: -114.73
08-04 13:18 nessai INFO    : it: 17000: Rolling KS test: D=0.045, p-value=0.01689
08-04 13:18 nessai INFO    : it: 17000: n eval: 100816 H: 22.40 dlogZ: 1089.953 logZ: -1203.858 +/- 0.150 logLmax: -96.91
08-04 13:18 nessai INFO    : it: 18000: Rolling KS test: D=0.025, p-value=0.2818
08-04 13:18 nessai INFO    : it: 18000: n eval: 114863 H: 22.97 dlogZ: 674.883 logZ: -732.542 +/- 0.152 logLmax: -39.66
08-04 13:18 nessai INFO    : it: 19000: Rolling KS test: D=0.013, p-value=0.7071
08-04 13:18 nessai INFO    : it: 19000: n eval: 130054 H: 23.04 dlogZ: 426.964 logZ: -483.737 +/- 0.152 logLmax: -37.77
08-04 13:18 nessai INFO    : it: 20000: Rolling KS test: D=0.047, p-value=0.01167
08-04 13:18 nessai INFO    : it: 20000: n eval: 150890 H: 24.01 dlogZ: 261.831 logZ: -311.126 +/- 0.155 logLmax: -29.30
08-04 13:18 nessai INFO    : it: 21000: Rolling KS test: D=0.041, p-value=0.03371
08-04 13:18 nessai INFO    : it: 21000: n eval: 166496 H: 24.32 dlogZ: 159.936 logZ: -210.230 +/- 0.156 logLmax: -29.30
08-04 13:18 nessai INFO    : it: 22000: Rolling KS test: D=0.015, p-value=0.6313
08-04 13:18 nessai INFO    : it: 22000: n eval: 185426 H: 24.80 dlogZ: 102.017 logZ: -144.131 +/- 0.157 logLmax: -20.12
08-04 13:18 nessai INFO    : it: 23000: Rolling KS test: D=0.024, p-value=0.311
08-04 13:18 nessai INFO    : it: 23000: n eval: 216354 H: 25.35 dlogZ: 73.690 logZ: -107.159 +/- 0.159 logLmax: -10.47
08-04 13:19 nessai INFO    : it: 24000: Rolling KS test: D=0.019, p-value=0.4797
08-04 13:19 nessai INFO    : it: 24000: n eval: 250035 H: 25.81 dlogZ: 50.833 logZ: -85.301 +/- 0.161 logLmax: -10.47
08-04 13:19 nessai INFO    : it: 25000: Rolling KS test: D=0.016, p-value=0.593
08-04 13:19 nessai INFO    : it: 25000: n eval: 300035 H: 26.35 dlogZ: 37.388 logZ: -71.127 +/- 0.162 logLmax: -8.74
08-04 13:19 nessai INFO    : it: 26000: Rolling KS test: D=0.021, p-value=0.4082
08-04 13:19 nessai INFO    : it: 26000: n eval: 370035 H: 27.02 dlogZ: 26.491 logZ: -61.230 +/- 0.164 logLmax: -8.74
08-04 13:19 nessai INFO    : it: 27000: Rolling KS test: D=0.024, p-value=0.311
08-04 13:19 nessai INFO    : it: 27000: n eval: 470035 H: 27.53 dlogZ: 23.030 logZ: -54.709 +/- 0.166 logLmax: -4.68
08-04 13:20 nessai INFO    : it: 28000: Rolling KS test: D=0.011, p-value=0.7794
08-04 13:20 nessai INFO    : it: 28000: n eval: 610035 H: 28.09 dlogZ: 17.617 logZ: -50.296 +/- 0.168 logLmax: -4.68
08-04 13:20 nessai INFO    : it: 29000: Rolling KS test: D=0.018, p-value=0.5169
08-04 13:20 nessai INFO    : it: 29000: n eval: 810035 H: 28.85 dlogZ: 14.533 logZ: -46.897 +/- 0.170 logLmax: -3.36
08-04 13:21 nessai INFO    : it: 30000: Rolling KS test: D=0.028, p-value=0.2046
08-04 13:21 nessai INFO    : it: 30000: n eval: 1000035 H: 29.56 dlogZ: 11.054 logZ: -44.246 +/- 0.172 logLmax: -3.19
08-04 13:21 nessai INFO    : it: 31000: Rolling KS test: D=0.034, p-value=0.09683
08-04 13:21 nessai INFO    : it: 31000: n eval: 1130035 H: 30.37 dlogZ: 8.445 logZ: -41.965 +/- 0.174 logLmax: -2.52
08-04 13:22 nessai INFO    : it: 32000: Rolling KS test: D=0.032, p-value=0.1263
08-04 13:22 nessai INFO    : it: 32000: n eval: 1270035 H: 30.99 dlogZ: 6.871 logZ: -40.219 +/- 0.176 logLmax: -1.35
08-04 13:22 nessai INFO    : it: 33000: Rolling KS test: D=0.015, p-value=0.6313
08-04 13:22 nessai INFO    : it: 33000: n eval: 1380035 H: 31.45 dlogZ: 4.732 logZ: -39.073 +/- 0.177 logLmax: -1.35
08-04 13:22 nessai INFO    : it: 34000: Rolling KS test: D=0.031, p-value=0.1433
08-04 13:22 nessai INFO    : it: 34000: n eval: 1460035 H: 31.90 dlogZ: 2.986 logZ: -38.283 +/- 0.179 logLmax: -1.35
08-04 13:23 nessai INFO    : it: 35000: Rolling KS test: D=0.043, p-value=0.02406
08-04 13:23 nessai INFO    : it: 35000: n eval: 1485019 H: 32.26 dlogZ: 1.859 logZ: -37.783 +/- 0.180 logLmax: -1.09
08-04 13:23 nessai INFO    : it: 36000: Rolling KS test: D=0.02, p-value=0.4434
08-04 13:23 nessai INFO    : it: 36000: n eval: 1520361 H: 32.52 dlogZ: 0.934 logZ: -37.480 +/- 0.180 logLmax: -1.05
08-04 13:23 nessai INFO    : it: 37000: Rolling KS test: D=0.014, p-value=0.6695
08-04 13:23 nessai INFO    : it: 37000: n eval: 1547381 H: 32.72 dlogZ: 0.470 logZ: -37.306 +/- 0.181 logLmax: -0.82
08-04 13:23 nessai INFO    : it: 38000: Rolling KS test: D=0.027, p-value=0.2286
08-04 13:23 nessai INFO    : it: 38000: n eval: 1577127 H: 32.84 dlogZ: 0.183 logZ: -37.210 +/- 0.181 logLmax: -0.82
08-04 13:23 nessai INFO    : Stopping with difference_log_evidence=0.100
08-04 13:23 nessai INFO    : Finalising
08-04 13:23 nessai INFO    : Final ln-evidence: -37.123 +/- 0.182
08-04 13:23 nessai INFO    : Information: 32.99
08-04 13:23 nessai INFO    : Final KS test: D=0.006823, p-value=0.02735
08-04 13:23 nessai WARNING : Final p-value for the insertion indices is less than 0.05, this could be an indication of problems during sampling. Consider checking the diagnostic plots.
08-04 13:23 nessai INFO    : Checkpointing nested sampling
08-04 13:23 nessai INFO    : Total sampling time: 0:05:54.536917
08-04 13:23 nessai INFO    : Total training time: 0:01:42.522442
08-04 13:23 nessai INFO    : Total population time: 0:02:16.268911
08-04 13:23 nessai INFO    : Total likelihood evaluations: 1589336
08-04 13:23 nessai INFO    : Time spent evaluating likelihood: 0:01:02.438431
08-04 13:23 nessai INFO    : Total sampling time: 0:05:54.536917
08-04 13:23 nessai INFO    : Total likelihood evaluations: 1589336
08-04 13:23 nessai INFO    : Starting post processing
08-04 13:23 nessai INFO    : Computing posterior samples
08-04 13:23 nessai INFO    : Effective sample size: 6867.1
08-04 13:23 nessai INFO    : Producing posterior samples using rejection sampling
08-04 13:23 nessai INFO    : Expect 4761.734930758347 samples from rejection sampling
08-04 13:23 nessai INFO    : Returned 4806 posterior samples
08-04 13:25 nessai INFO    : Starting to close worker pool.
08-04 13:25 nessai INFO    : Finished closing worker pool.
