/data/wiay/postgrads/shashwat/qunat_com_future/lib/python3.11/site-packages/nessai/utils/logging.py:133: FutureWarning: setup_logger is deprecated, use configure_logger instead
  warnings.warn(
08-04 11:35 nessai INFO    : Running Nessai version 0.15.2
08-04 11:35 nessai INFO    : Starting multiprocessing pool with 4 processes
08-04 11:35 nessai INFO    : Initialising nested sampler
08-04 11:35 nessai WARNING : Multiprocessing pool has already been configured.
/data/wiay/postgrads/shashwat/qunat_com_future/lib/python3.11/site-packages/nessai/gw/__init__.py:12: FutureWarning: The `nessai.gw` module will be deprecated in the next release in favour of the nessai-gw package. This packages provides the same functionality as`nessai.gw` via the plugin interface.For more details, see: https://github.com/mj-will/nessai-gw
  warnings.warn(
08-04 11:35 nessai INFO    : Passing kwargs to FlowProposal: {'poolsize': 1000}
08-04 11:35 nessai INFO    : No reparameterisations provided, using default reparameterisations included in FlowProposal
08-04 11:35 nessai INFO    : Adding reparameterisations from: {}
08-04 11:35 nessai INFO    : Assuming fallback reparameterisation (ScaleAndShift) for ['kappa', 'mu_xi', 'sigma_chi', 'sigma_xi', 'rho', 'lambda_chi', 'chi0', 'xi0'] with kwargs: {'estimate_scale': True, 'estimate_shift': True, 'prior_bounds': {'kappa': array([0.1, 5. ]), 'mu_xi': array([0. , 0.1]), 'sigma_chi': array([0.05, 0.6 ]), 'sigma_xi': array([0.05, 0.4 ]), 'rho': array([-0.9,  0.9]), 'lambda_chi': array([-0.5,  0.5]), 'chi0': array([-0.5,  0.5]), 'xi0': array([2.5, 5. ])}}.
08-04 11:35 nessai INFO    : x space parameters: ['kappa', 'mu_xi', 'sigma_chi', 'sigma_xi', 'rho', 'lambda_chi', 'chi0', 'xi0']
08-04 11:35 nessai INFO    : x prime space parameters: ['kappa_prime', 'mu_xi_prime', 'sigma_chi_prime', 'sigma_xi_prime', 'rho_prime', 'lambda_chi_prime', 'chi0_prime', 'xi0_prime']
08-04 11:35 nessai INFO    : Overwriting fuzz factor with expansion fraction
08-04 11:35 nessai INFO    : New fuzz factor: 1.2228445449938519
08-04 11:35 nessai INFO    : Verifying rescaling functions
08-04 11:35 nessai INFO    : Rescaling functions are invertible
08-04 11:35 nessai INFO    : Populating initial live points
08-04 11:35 nessai INFO    : Populated 100 / 1000 live points
08-04 11:35 nessai INFO    : Populated 200 / 1000 live points
08-04 11:35 nessai INFO    : Populated 300 / 1000 live points
08-04 11:35 nessai INFO    : Populated 400 / 1000 live points
08-04 11:35 nessai INFO    : Populated 500 / 1000 live points
08-04 11:35 nessai INFO    : Populated 600 / 1000 live points
08-04 11:35 nessai INFO    : Populated 700 / 1000 live points
08-04 11:35 nessai INFO    : Populated 800 / 1000 live points
08-04 11:35 nessai INFO    : Populated 900 / 1000 live points
08-04 11:35 nessai INFO    : Populated 1000 / 1000 live points
08-04 11:35 nessai INFO    : Starting nested sampling loop
08-04 11:35 nessai INFO    : it:  1000: Rolling KS test: D=0.014, p-value=0.6695
08-04 11:35 nessai INFO    : it:  1000: n eval: 3000 H: 7.91 dlogZ: 30873800.543 logZ: -30912850.133 +/- 0.089 logLmax: -39048.59
08-04 11:35 nessai INFO    : it:  2000: Rolling KS test: D=0.046, p-value=0.01407
08-04 11:35 nessai INFO    : it:  2000: n eval: 8000 H: 8.91 dlogZ: 8171617.958 logZ: -8210668.548 +/- 0.094 logLmax: -39048.59
08-04 11:35 nessai INFO    : Switching to FlowProposal
08-04 11:35 nessai INFO    : it:  3000: Rolling KS test: D=0.008, p-value=0.8752
08-04 11:35 nessai INFO    : it:  3000: n eval: 12131 H: 9.91 dlogZ: 2737225.312 logZ: -2749516.471 +/- 0.100 logLmax: -12288.16
08-04 11:35 nessai INFO    : it:  4000: Rolling KS test: D=0.005, p-value=0.9481
08-04 11:35 nessai INFO    : it:  4000: n eval: 13878 H: 10.91 dlogZ: 1169468.182 logZ: -1176498.852 +/- 0.104 logLmax: -7026.67
08-04 11:35 nessai INFO    : it:  5000: Rolling KS test: D=0.017, p-value=0.5547
08-04 11:35 nessai INFO    : it:  5000: n eval: 20250 H: 11.91 dlogZ: 536983.579 logZ: -544015.249 +/- 0.109 logLmax: -7026.67
08-04 11:35 nessai INFO    : it:  6000: Rolling KS test: D=0.015, p-value=0.6313
08-04 11:35 nessai INFO    : it:  6000: n eval: 24715 H: 12.91 dlogZ: 254453.678 logZ: -256329.657 +/- 0.114 logLmax: -1869.98
08-04 11:35 nessai INFO    : it:  7000: Rolling KS test: D=0.021, p-value=0.4082
08-04 11:35 nessai INFO    : it:  7000: n eval: 27465 H: 13.91 dlogZ: 122091.127 logZ: -123968.106 +/- 0.118 logLmax: -1869.98
08-04 11:35 nessai INFO    : it:  8000: Rolling KS test: D=0.028, p-value=0.2046
08-04 11:35 nessai INFO    : it:  8000: n eval: 34606 H: 14.91 dlogZ: 62803.792 logZ: -64176.294 +/- 0.122 logLmax: -1364.50
08-04 11:35 nessai INFO    : it:  9000: Rolling KS test: D=0.01, p-value=0.8133
08-04 11:35 nessai INFO    : it:  9000: n eval: 40577 H: 15.55 dlogZ: 33342.037 logZ: -34236.378 +/- 0.125 logLmax: -885.34
08-04 11:35 nessai INFO    : it: 10000: Rolling KS test: D=0.01, p-value=0.8133
08-04 11:35 nessai INFO    : it: 10000: n eval: 52054 H: 16.50 dlogZ: 17128.885 logZ: -17898.202 +/- 0.128 logLmax: -759.32
08-04 11:35 nessai INFO    : it: 11000: Rolling KS test: D=0.045, p-value=0.01689
08-04 11:35 nessai INFO    : it: 11000: n eval: 56766 H: 17.91 dlogZ: 9275.381 logZ: -9641.182 +/- 0.134 logLmax: -354.80
08-04 11:35 nessai INFO    : it: 12000: Rolling KS test: D=0.027, p-value=0.2286
08-04 11:35 nessai INFO    : it: 12000: n eval: 66689 H: 18.27 dlogZ: 4868.320 logZ: -5145.698 +/- 0.135 logLmax: -265.38
08-04 11:35 nessai INFO    : it: 13000: Rolling KS test: D=0.004, p-value=0.9659
08-04 11:35 nessai INFO    : it: 13000: n eval: 79692 H: 19.49 dlogZ: 2611.261 logZ: -2754.784 +/- 0.140 logLmax: -130.52
08-04 11:36 nessai INFO    : it: 14000: Rolling KS test: D=0.022, p-value=0.3744
08-04 11:36 nessai INFO    : it: 14000: n eval: 88038 H: 19.60 dlogZ: 1559.908 logZ: -1618.919 +/- 0.140 logLmax: -45.01
08-04 11:36 nessai INFO    : it: 15000: Rolling KS test: D=0.028, p-value=0.2046
08-04 11:36 nessai INFO    : it: 15000: n eval: 103252 H: 20.60 dlogZ: 889.416 logZ: -949.428 +/- 0.144 logLmax: -45.01
08-04 11:36 nessai INFO    : it: 16000: Rolling KS test: D=0.021, p-value=0.4082
08-04 11:36 nessai INFO    : it: 16000: n eval: 115618 H: 20.57 dlogZ: 524.683 logZ: -562.688 +/- 0.143 logLmax: -22.01
08-04 11:36 nessai INFO    : it: 17000: Rolling KS test: D=0.02, p-value=0.4434
08-04 11:36 nessai INFO    : it: 17000: n eval: 129011 H: 20.85 dlogZ: 313.158 logZ: -348.052 +/- 0.144 logLmax: -17.90
08-04 11:36 nessai INFO    : it: 18000: Rolling KS test: D=0.006, p-value=0.9268
08-04 11:36 nessai INFO    : it: 18000: n eval: 143142 H: 21.58 dlogZ: 183.020 logZ: -215.564 +/- 0.147 logLmax: -14.55
08-04 11:36 nessai INFO    : it: 19000: Rolling KS test: D=0.021, p-value=0.4082
08-04 11:36 nessai INFO    : it: 19000: n eval: 160444 H: 22.26 dlogZ: 117.873 logZ: -138.237 +/- 0.149 logLmax: -1.37
08-04 11:36 nessai INFO    : it: 20000: Rolling KS test: D=0.016, p-value=0.593
08-04 11:36 nessai INFO    : it: 20000: n eval: 179041 H: 22.48 dlogZ: 71.907 logZ: -93.272 +/- 0.150 logLmax: -1.37
08-04 11:36 nessai INFO    : it: 21000: Rolling KS test: D=0.034, p-value=0.09683
08-04 11:36 nessai INFO    : it: 21000: n eval: 198144 H: 22.96 dlogZ: 44.638 logZ: -67.003 +/- 0.152 logLmax: -1.37
08-04 11:36 nessai INFO    : it: 22000: Rolling KS test: D=0.035, p-value=0.08429
08-04 11:36 nessai INFO    : it: 22000: n eval: 233494 H: 23.48 dlogZ: 27.555 logZ: -50.904 +/- 0.153 logLmax: -1.35
08-04 11:36 nessai INFO    : it: 23000: Rolling KS test: D=0.015, p-value=0.6313
08-04 11:36 nessai INFO    : it: 23000: n eval: 282624 H: 23.91 dlogZ: 16.749 logZ: -41.098 +/- 0.155 logLmax: -1.35
08-04 11:36 nessai INFO    : it: 24000: Rolling KS test: D=0.021, p-value=0.4082
08-04 11:36 nessai INFO    : it: 24000: n eval: 332624 H: 24.24 dlogZ: 10.392 logZ: -35.741 +/- 0.156 logLmax: -1.35
08-04 11:37 nessai INFO    : it: 25000: Rolling KS test: D=0.038, p-value=0.05428
08-04 11:37 nessai INFO    : it: 25000: n eval: 402624 H: 24.66 dlogZ: 6.478 logZ: -32.825 +/- 0.157 logLmax: -1.35
08-04 11:37 nessai INFO    : it: 26000: Rolling KS test: D=0.019, p-value=0.4797
08-04 11:37 nessai INFO    : it: 26000: n eval: 472624 H: 24.96 dlogZ: 4.182 logZ: -31.127 +/- 0.158 logLmax: -0.96
08-04 11:37 nessai INFO    : it: 27000: Rolling KS test: D=0.037, p-value=0.06311
08-04 11:37 nessai INFO    : it: 27000: n eval: 572624 H: 25.22 dlogZ: 2.367 logZ: -30.229 +/- 0.159 logLmax: -0.96
08-04 11:37 nessai INFO    : it: 28000: Rolling KS test: D=0.035, p-value=0.08429
08-04 11:37 nessai INFO    : it: 28000: n eval: 682624 H: 25.45 dlogZ: 1.372 logZ: -29.724 +/- 0.160 logLmax: -0.65
08-04 11:37 nessai INFO    : it: 29000: Rolling KS test: D=0.011, p-value=0.7794
08-04 11:37 nessai INFO    : it: 29000: n eval: 832624 H: 25.62 dlogZ: 0.649 logZ: -29.453 +/- 0.160 logLmax: -0.54
08-04 11:38 nessai INFO    : it: 30000: Rolling KS test: D=0.029, p-value=0.1825
08-04 11:38 nessai INFO    : it: 30000: n eval: 1002624 H: 25.72 dlogZ: 0.270 logZ: -29.318 +/- 0.160 logLmax: -0.49
08-04 11:38 nessai INFO    : it: 31000: Rolling KS test: D=0.029, p-value=0.1825
08-04 11:38 nessai INFO    : it: 31000: n eval: 1222624 H: 25.79 dlogZ: 0.106 logZ: -29.254 +/- 0.161 logLmax: -0.44
08-04 11:38 nessai INFO    : Stopping with difference_log_evidence=0.100
08-04 11:38 nessai INFO    : Finalising
08-04 11:38 nessai INFO    : Final ln-evidence: -29.201 +/- 0.161
08-04 11:38 nessai INFO    : Information: 25.85
08-04 11:38 nessai INFO    : Final KS test: D=0.005259, p-value=0.1788
08-04 11:38 nessai INFO    : Checkpointing nested sampling
08-04 11:38 nessai INFO    : Total sampling time: 0:03:17.174757
08-04 11:38 nessai INFO    : Total training time: 0:01:02.333157
08-04 11:38 nessai INFO    : Total population time: 0:01:11.898529
08-04 11:38 nessai INFO    : Total likelihood evaluations: 1232624
08-04 11:38 nessai INFO    : Time spent evaluating likelihood: 0:00:24.140294
08-04 11:38 nessai INFO    : Total sampling time: 0:03:17.174757
08-04 11:38 nessai INFO    : Total likelihood evaluations: 1232624
08-04 11:38 nessai INFO    : Starting post processing
08-04 11:38 nessai INFO    : Computing posterior samples
08-04 11:38 nessai INFO    : Effective sample size: 5871.0
08-04 11:38 nessai INFO    : Producing posterior samples using rejection sampling
08-04 11:38 nessai INFO    : Expect 4064.9718955986127 samples from rejection sampling
08-04 11:38 nessai INFO    : Returned 4031 posterior samples
08-04 11:38 nessai INFO    : Starting to close worker pool.
08-04 11:38 nessai INFO    : Finished closing worker pool.
