/data/wiay/postgrads/shashwat/qunat_com_future/lib/python3.11/site-packages/nessai/utils/logging.py:133: FutureWarning: setup_logger is deprecated, use configure_logger instead
  warnings.warn(
08-04 15:31 nessai INFO    : Running Nessai version 0.15.2
08-04 15:31 nessai INFO    : Starting multiprocessing pool with 4 processes
08-04 15:31 nessai INFO    : Initialising nested sampler
08-04 15:31 nessai WARNING : Multiprocessing pool has already been configured.
/data/wiay/postgrads/shashwat/qunat_com_future/lib/python3.11/site-packages/nessai/gw/__init__.py:12: FutureWarning: The `nessai.gw` module will be deprecated in the next release in favour of the nessai-gw package. This packages provides the same functionality as`nessai.gw` via the plugin interface.For more details, see: https://github.com/mj-will/nessai-gw
  warnings.warn(
08-04 15:31 nessai INFO    : Passing kwargs to FlowProposal: {'poolsize': 1000}
08-04 15:31 nessai INFO    : No reparameterisations provided, using default reparameterisations included in FlowProposal
08-04 15:31 nessai INFO    : Adding reparameterisations from: {}
08-04 15:31 nessai INFO    : Assuming fallback reparameterisation (ScaleAndShift) for ['kappa', 'mu_xi', 'sigma_chi', 'sigma_xi', 'rho', 'lambda_chi', 'chi0', 'xi0'] with kwargs: {'estimate_scale': True, 'estimate_shift': True, 'prior_bounds': {'kappa': array([0.1, 5. ]), 'mu_xi': array([0. , 0.1]), 'sigma_chi': array([0.05, 0.6 ]), 'sigma_xi': array([0.05, 0.4 ]), 'rho': array([-0.9,  0.9]), 'lambda_chi': array([-0.5,  0.5]), 'chi0': array([-0.5,  0.5]), 'xi0': array([2.5, 5. ])}}.
08-04 15:31 nessai INFO    : x space parameters: ['kappa', 'mu_xi', 'sigma_chi', 'sigma_xi', 'rho', 'lambda_chi', 'chi0', 'xi0']
08-04 15:31 nessai INFO    : x prime space parameters: ['kappa_prime', 'mu_xi_prime', 'sigma_chi_prime', 'sigma_xi_prime', 'rho_prime', 'lambda_chi_prime', 'chi0_prime', 'xi0_prime']
08-04 15:31 nessai INFO    : Overwriting fuzz factor with expansion fraction
08-04 15:31 nessai INFO    : New fuzz factor: 1.2228445449938519
08-04 15:31 nessai INFO    : Verifying rescaling functions
08-04 15:31 nessai INFO    : Rescaling functions are invertible
08-04 15:31 nessai INFO    : Populating initial live points
08-04 15:31 nessai INFO    : Populated 100 / 1000 live points
08-04 15:31 nessai INFO    : Populated 200 / 1000 live points
08-04 15:31 nessai INFO    : Populated 300 / 1000 live points
08-04 15:31 nessai INFO    : Populated 400 / 1000 live points
08-04 15:31 nessai INFO    : Populated 500 / 1000 live points
08-04 15:31 nessai INFO    : Populated 600 / 1000 live points
08-04 15:31 nessai INFO    : Populated 700 / 1000 live points
08-04 15:31 nessai INFO    : Populated 800 / 1000 live points
08-04 15:31 nessai INFO    : Populated 900 / 1000 live points
08-04 15:31 nessai INFO    : Populated 1000 / 1000 live points
08-04 15:31 nessai INFO    : Starting nested sampling loop
08-04 15:31 nessai INFO    : it:  1000: Rolling KS test: D=0.008, p-value=0.8752
08-04 15:31 nessai INFO    : it:  1000: n eval: 3000 H: 7.91 dlogZ: 50345860.877 logZ: -50534009.860 +/- 0.089 logLmax: -188147.98
08-04 15:31 nessai INFO    : it:  2000: Rolling KS test: D=0.048, p-value=0.009645
08-04 15:31 nessai INFO    : it:  2000: n eval: 8000 H: 8.92 dlogZ: 13726077.918 logZ: -13762386.316 +/- 0.094 logLmax: -36306.40
08-04 15:31 nessai INFO    : Switching to FlowProposal
08-04 15:31 nessai INFO    : it:  3000: Rolling KS test: D=0.02, p-value=0.4434
08-04 15:31 nessai INFO    : it:  3000: n eval: 12102 H: 9.91 dlogZ: 4618314.375 logZ: -4631314.862 +/- 0.100 logLmax: -12997.49
08-04 15:31 nessai INFO    : it:  4000: Rolling KS test: D=0.017, p-value=0.5547
08-04 15:31 nessai INFO    : it:  4000: n eval: 15918 H: 10.91 dlogZ: 1882560.294 logZ: -1895561.782 +/- 0.104 logLmax: -12997.49
08-04 15:31 nessai INFO    : it:  5000: Rolling KS test: D=0.017, p-value=0.5547
08-04 15:31 nessai INFO    : it:  5000: n eval: 20373 H: 11.91 dlogZ: 807394.216 logZ: -820396.703 +/- 0.109 logLmax: -12997.49
08-04 15:31 nessai INFO    : it:  6000: Rolling KS test: D=0.034, p-value=0.09683
08-04 15:31 nessai INFO    : it:  6000: n eval: 24856 H: 12.91 dlogZ: 387185.825 logZ: -393399.603 +/- 0.114 logLmax: -6207.78
08-04 15:31 nessai INFO    : it:  7000: Rolling KS test: D=0.025, p-value=0.2818
08-04 15:31 nessai INFO    : it:  7000: n eval: 30444 H: 13.40 dlogZ: 197344.565 logZ: -200404.241 +/- 0.116 logLmax: -3052.68
08-04 15:31 nessai INFO    : it:  8000: Rolling KS test: D=0.035, p-value=0.08429
08-04 15:31 nessai INFO    : it:  8000: n eval: 36700 H: 14.91 dlogZ: 98183.089 logZ: -101243.766 +/- 0.122 logLmax: -3052.68
08-04 15:31 nessai INFO    : it:  9000: Rolling KS test: D=0.023, p-value=0.3419
08-04 15:31 nessai INFO    : it:  9000: n eval: 45162 H: 15.91 dlogZ: 53177.626 logZ: -55034.720 +/- 0.126 logLmax: -1848.10
08-04 15:31 nessai INFO    : it: 10000: Rolling KS test: D=0.019, p-value=0.4797
08-04 15:31 nessai INFO    : it: 10000: n eval: 50757 H: 16.91 dlogZ: 28974.042 logZ: -29547.301 +/- 0.130 logLmax: -563.26
08-04 15:31 nessai INFO    : it: 11000: Rolling KS test: D=0.006, p-value=0.9268
08-04 15:31 nessai INFO    : it: 11000: n eval: 56740 H: 17.87 dlogZ: 16042.454 logZ: -16290.401 +/- 0.134 logLmax: -236.95
08-04 15:32 nessai INFO    : it: 12000: Rolling KS test: D=0.02, p-value=0.4434
08-04 15:32 nessai INFO    : it: 12000: n eval: 67370 H: 18.91 dlogZ: 8998.484 logZ: -9247.432 +/- 0.138 logLmax: -236.95
08-04 15:32 nessai INFO    : it: 13000: Rolling KS test: D=0.038, p-value=0.05428
08-04 15:32 nessai INFO    : it: 13000: n eval: 73868 H: 19.08 dlogZ: 5335.127 logZ: -5443.293 +/- 0.138 logLmax: -95.17
08-04 15:32 nessai INFO    : it: 14000: Rolling KS test: D=0.032, p-value=0.1263
08-04 15:32 nessai INFO    : it: 14000: n eval: 84861 H: 20.89 dlogZ: 3174.446 logZ: -3283.613 +/- 0.145 logLmax: -95.17
08-04 15:32 nessai INFO    : it: 15000: Rolling KS test: D=0.014, p-value=0.6695
08-04 15:32 nessai INFO    : it: 15000: n eval: 92370 H: 20.57 dlogZ: 1905.384 logZ: -2015.551 +/- 0.143 logLmax: -95.17
08-04 15:32 nessai INFO    : it: 16000: Rolling KS test: D=0.042, p-value=0.02854
08-04 15:32 nessai INFO    : it: 16000: n eval: 107266 H: 21.17 dlogZ: 1129.735 logZ: -1240.902 +/- 0.145 logLmax: -95.17
08-04 15:32 nessai INFO    : it: 17000: Rolling KS test: D=0.026, p-value=0.2543
08-04 15:32 nessai INFO    : it: 17000: n eval: 120977 H: 22.03 dlogZ: 685.232 logZ: -789.012 +/- 0.148 logLmax: -86.78
08-04 15:32 nessai INFO    : it: 18000: Rolling KS test: D=0.021, p-value=0.4082
08-04 15:32 nessai INFO    : it: 18000: n eval: 137240 H: 22.35 dlogZ: 412.902 logZ: -508.893 +/- 0.149 logLmax: -77.99
08-04 15:32 nessai INFO    : it: 19000: Rolling KS test: D=0.015, p-value=0.6313
08-04 15:32 nessai INFO    : it: 19000: n eval: 152720 H: 22.81 dlogZ: 294.710 logZ: -338.538 +/- 0.151 logLmax: -24.83
08-04 15:32 nessai INFO    : it: 20000: Rolling KS test: D=0.02, p-value=0.4434
08-04 15:32 nessai INFO    : it: 20000: n eval: 170463 H: 23.34 dlogZ: 191.634 logZ: -236.463 +/- 0.153 logLmax: -24.83
08-04 15:32 nessai INFO    : it: 21000: Rolling KS test: D=0.018, p-value=0.5169
08-04 15:32 nessai INFO    : it: 21000: n eval: 201473 H: 23.73 dlogZ: 129.476 logZ: -175.305 +/- 0.154 logLmax: -24.83
08-04 15:32 nessai INFO    : it: 22000: Rolling KS test: D=0.039, p-value=0.0465
08-04 15:32 nessai INFO    : it: 22000: n eval: 222412 H: 24.60 dlogZ: 92.110 logZ: -135.123 +/- 0.157 logLmax: -21.01
08-04 15:32 nessai INFO    : it: 23000: Rolling KS test: D=0.016, p-value=0.593
08-04 15:32 nessai INFO    : it: 23000: n eval: 247450 H: 25.19 dlogZ: 64.961 logZ: -107.627 +/- 0.159 logLmax: -19.67
08-04 15:32 nessai INFO    : it: 24000: Rolling KS test: D=0.031, p-value=0.1433
08-04 15:32 nessai INFO    : it: 24000: n eval: 283573 H: 25.78 dlogZ: 48.402 logZ: -88.143 +/- 0.161 logLmax: -15.74
08-04 15:32 nessai INFO    : it: 25000: Rolling KS test: D=0.021, p-value=0.4082
08-04 15:32 nessai INFO    : it: 25000: n eval: 310415 H: 26.41 dlogZ: 41.131 logZ: -73.700 +/- 0.163 logLmax: -7.57
08-04 15:32 nessai INFO    : it: 26000: Rolling KS test: D=0.017, p-value=0.5547
08-04 15:33 nessai INFO    : it: 26000: n eval: 344482 H: 27.06 dlogZ: 30.392 logZ: -63.961 +/- 0.164 logLmax: -7.57
08-04 15:33 nessai INFO    : it: 27000: Rolling KS test: D=0.015, p-value=0.6313
08-04 15:33 nessai INFO    : it: 27000: n eval: 384482 H: 27.66 dlogZ: 24.881 logZ: -56.787 +/- 0.166 logLmax: -4.91
08-04 15:33 nessai INFO    : it: 28000: Rolling KS test: D=0.026, p-value=0.2543
08-04 15:33 nessai INFO    : it: 28000: n eval: 430881 H: 28.19 dlogZ: 19.036 logZ: -51.942 +/- 0.168 logLmax: -4.91
08-04 15:33 nessai INFO    : it: 29000: Rolling KS test: D=0.024, p-value=0.311
08-04 15:33 nessai INFO    : it: 29000: n eval: 480516 H: 28.79 dlogZ: 14.703 logZ: -48.609 +/- 0.170 logLmax: -4.91
08-04 15:33 nessai INFO    : it: 30000: Rolling KS test: D=0.023, p-value=0.3419
08-04 15:33 nessai INFO    : it: 30000: n eval: 508565 H: 29.45 dlogZ: 11.875 logZ: -46.152 +/- 0.172 logLmax: -4.28
08-04 15:33 nessai INFO    : it: 31000: Rolling KS test: D=0.026, p-value=0.2543
08-04 15:33 nessai INFO    : it: 31000: n eval: 542589 H: 30.15 dlogZ: 9.884 logZ: -44.225 +/- 0.174 logLmax: -3.34
08-04 15:33 nessai INFO    : it: 32000: Rolling KS test: D=0.024, p-value=0.311
08-04 15:33 nessai INFO    : it: 32000: n eval: 564534 H: 30.78 dlogZ: 7.376 logZ: -42.717 +/- 0.175 logLmax: -3.34
08-04 15:33 nessai INFO    : it: 33000: Rolling KS test: D=0.044, p-value=0.0202
08-04 15:33 nessai INFO    : it: 33000: n eval: 585352 H: 31.35 dlogZ: 6.026 logZ: -41.623 +/- 0.177 logLmax: -2.60
08-04 15:33 nessai INFO    : it: 34000: Rolling KS test: D=0.043, p-value=0.02406
08-04 15:33 nessai INFO    : it: 34000: n eval: 595147 H: 31.90 dlogZ: 4.973 logZ: -40.802 +/- 0.179 logLmax: -1.84
08-04 15:33 nessai INFO    : it: 35000: Rolling KS test: D=0.028, p-value=0.2046
08-04 15:33 nessai INFO    : it: 35000: n eval: 606611 H: 32.48 dlogZ: 3.764 logZ: -40.142 +/- 0.180 logLmax: -1.40
08-04 15:33 nessai INFO    : it: 36000: Rolling KS test: D=0.013, p-value=0.7071
08-04 15:33 nessai INFO    : it: 36000: n eval: 613432 H: 32.94 dlogZ: 2.706 logZ: -39.682 +/- 0.181 logLmax: -1.05
08-04 15:33 nessai INFO    : it: 37000: Rolling KS test: D=0.031, p-value=0.1433
08-04 15:33 nessai INFO    : it: 37000: n eval: 620573 H: 33.29 dlogZ: 1.568 logZ: -39.379 +/- 0.182 logLmax: -1.05
08-04 15:33 nessai INFO    : it: 38000: Rolling KS test: D=0.035, p-value=0.08429
08-04 15:33 nessai INFO    : it: 38000: n eval: 630828 H: 33.56 dlogZ: 0.840 logZ: -39.188 +/- 0.183 logLmax: -0.91
08-04 15:34 nessai INFO    : it: 39000: Rolling KS test: D=0.033, p-value=0.1108
08-04 15:34 nessai INFO    : it: 39000: n eval: 636848 H: 33.73 dlogZ: 0.389 logZ: -39.079 +/- 0.184 logLmax: -0.82
08-04 15:34 nessai INFO    : it: 40000: Rolling KS test: D=0.013, p-value=0.7071
08-04 15:34 nessai INFO    : it: 40000: n eval: 642709 H: 33.85 dlogZ: 0.152 logZ: -39.019 +/- 0.184 logLmax: -0.82
08-04 15:34 nessai INFO    : Stopping with difference_log_evidence=0.100
08-04 15:34 nessai INFO    : Finalising
08-04 15:34 nessai INFO    : Final ln-evidence: -38.959 +/- 0.184
08-04 15:34 nessai INFO    : Information: 33.99
08-04 15:34 nessai INFO    : Final KS test: D=0.01028, p-value=0.0001915
08-04 15:34 nessai WARNING : Final p-value for the insertion indices is less than 0.05, this could be an indication of problems during sampling. Consider checking the diagnostic plots.
08-04 15:34 nessai INFO    : Checkpointing nested sampling
08-04 15:34 nessai INFO    : Total sampling time: 0:02:30.281393
08-04 15:34 nessai INFO    : Total training time: 0:00:53.921738
08-04 15:34 nessai INFO    : Total population time: 0:00:39.336150
08-04 15:34 nessai INFO    : Total likelihood evaluations: 649645
08-04 15:34 nessai INFO    : Time spent evaluating likelihood: 0:00:12.676444
08-04 15:34 nessai INFO    : Total sampling time: 0:02:30.281393
08-04 15:34 nessai INFO    : Total likelihood evaluations: 649645
08-04 15:34 nessai INFO    : Starting post processing
08-04 15:34 nessai INFO    : Computing posterior samples
08-04 15:34 nessai INFO    : Effective sample size: 7834.7
08-04 15:34 nessai INFO    : Producing posterior samples using rejection sampling
08-04 15:34 nessai INFO    : Expect 5487.409499765819 samples from rejection sampling
08-04 15:34 nessai INFO    : Returned 5446 posterior samples
08-04 15:34 nessai INFO    : Starting to close worker pool.
08-04 15:34 nessai INFO    : Finished closing worker pool.
