/data/wiay/postgrads/shashwat/qunat_com_future/lib/python3.11/site-packages/nessai/utils/logging.py:133: FutureWarning: setup_logger is deprecated, use configure_logger instead
  warnings.warn(
08-04 12:07 nessai INFO    : Running Nessai version 0.15.2
08-04 12:07 nessai INFO    : Starting multiprocessing pool with 4 processes
08-04 12:07 nessai INFO    : Initialising nested sampler
08-04 12:07 nessai WARNING : Multiprocessing pool has already been configured.
/data/wiay/postgrads/shashwat/qunat_com_future/lib/python3.11/site-packages/nessai/gw/__init__.py:12: FutureWarning: The `nessai.gw` module will be deprecated in the next release in favour of the nessai-gw package. This packages provides the same functionality as`nessai.gw` via the plugin interface.For more details, see: https://github.com/mj-will/nessai-gw
  warnings.warn(
08-04 12:07 nessai INFO    : Passing kwargs to FlowProposal: {'poolsize': 1000}
08-04 12:07 nessai INFO    : No reparameterisations provided, using default reparameterisations included in FlowProposal
08-04 12:07 nessai INFO    : Adding reparameterisations from: {}
08-04 12:07 nessai INFO    : Assuming fallback reparameterisation (ScaleAndShift) for ['kappa', 'mu_xi', 'sigma_chi', 'sigma_xi', 'rho', 'lambda_chi', 'chi0', 'xi0'] with kwargs: {'estimate_scale': True, 'estimate_shift': True, 'prior_bounds': {'kappa': array([0.1, 5. ]), 'mu_xi': array([0. , 0.1]), 'sigma_chi': array([0.05, 0.6 ]), 'sigma_xi': array([0.05, 0.4 ]), 'rho': array([-0.9,  0.9]), 'lambda_chi': array([-0.5,  0.5]), 'chi0': array([-0.5,  0.5]), 'xi0': array([2.5, 5. ])}}.
08-04 12:07 nessai INFO    : x space parameters: ['kappa', 'mu_xi', 'sigma_chi', 'sigma_xi', 'rho', 'lambda_chi', 'chi0', 'xi0']
08-04 12:07 nessai INFO    : x prime space parameters: ['kappa_prime', 'mu_xi_prime', 'sigma_chi_prime', 'sigma_xi_prime', 'rho_prime', 'lambda_chi_prime', 'chi0_prime', 'xi0_prime']
08-04 12:07 nessai INFO    : Overwriting fuzz factor with expansion fraction
08-04 12:07 nessai INFO    : New fuzz factor: 1.2228445449938519
08-04 12:07 nessai INFO    : Verifying rescaling functions
08-04 12:07 nessai INFO    : Rescaling functions are invertible
08-04 12:07 nessai INFO    : Populating initial live points
08-04 12:07 nessai INFO    : Populated 100 / 1000 live points
08-04 12:07 nessai INFO    : Populated 200 / 1000 live points
08-04 12:07 nessai INFO    : Populated 300 / 1000 live points
08-04 12:07 nessai INFO    : Populated 400 / 1000 live points
08-04 12:07 nessai INFO    : Populated 500 / 1000 live points
08-04 12:07 nessai INFO    : Populated 600 / 1000 live points
08-04 12:07 nessai INFO    : Populated 700 / 1000 live points
08-04 12:07 nessai INFO    : Populated 800 / 1000 live points
08-04 12:07 nessai INFO    : Populated 900 / 1000 live points
08-04 12:07 nessai INFO    : Populated 1000 / 1000 live points
08-04 12:07 nessai INFO    : Starting nested sampling loop
08-04 12:07 nessai INFO    : it:  1000: Rolling KS test: D=0.024, p-value=0.311
08-04 12:07 nessai INFO    : it:  1000: n eval: 3000 H: 7.91 dlogZ: 25383114.350 logZ: -25458846.646 +/- 0.089 logLmax: -75731.30
08-04 12:07 nessai INFO    : it:  2000: Rolling KS test: D=0.018, p-value=0.5169
08-04 12:07 nessai INFO    : it:  2000: n eval: 7000 H: 8.91 dlogZ: 11106535.152 logZ: -11182268.448 +/- 0.094 logLmax: -75731.30
08-04 12:07 nessai INFO    : Switching to FlowProposal
/data/wiay/postgrads/shashwat/qunat_com_future/lib/python3.11/site-packages/torch/autograd/graph.py:882: UserWarning: CUDA initialization: The NVIDIA driver on your system is too old (found version 12020). Please update your GPU driver by downloading and installing a new version from the URL: http://www.nvidia.com/Download/index.aspx Alternatively, go to: https://pytorch.org to install a PyTorch version that has been compiled with your version of the CUDA driver. (Triggered internally at /pytorch/c10/cuda/CUDAFunctions.cpp:119.)
  return Variable._execution_engine.run_backward(  # Calls into the C++ engine to run the backward pass
08-04 12:07 nessai INFO    : it:  3000: Rolling KS test: D=0.015, p-value=0.6313
08-04 12:07 nessai INFO    : it:  3000: n eval: 11351 H: 9.91 dlogZ: 5352545.523 logZ: -5406370.491 +/- 0.100 logLmax: -53821.97
08-04 12:07 nessai INFO    : it:  4000: Rolling KS test: D=0.015, p-value=0.6313
08-04 12:07 nessai INFO    : it:  4000: n eval: 14972 H: 10.91 dlogZ: 2663105.041 logZ: -2667198.497 +/- 0.104 logLmax: -4089.46
08-04 12:07 nessai INFO    : it:  5000: Rolling KS test: D=0.023, p-value=0.3419
08-04 12:07 nessai INFO    : it:  5000: n eval: 19256 H: 11.91 dlogZ: 1281088.648 logZ: -1285183.105 +/- 0.109 logLmax: -4089.46
08-04 12:08 nessai INFO    : it:  6000: Rolling KS test: D=0.019, p-value=0.4797
08-04 12:08 nessai INFO    : it:  6000: n eval: 23469 H: 12.91 dlogZ: 600889.489 logZ: -604984.945 +/- 0.114 logLmax: -4089.46
08-04 12:08 nessai INFO    : it:  7000: Rolling KS test: D=0.02, p-value=0.4434
08-04 12:08 nessai INFO    : it:  7000: n eval: 25586 H: 13.91 dlogZ: 292211.624 logZ: -296308.080 +/- 0.118 logLmax: -4089.46
08-04 12:08 nessai INFO    : it:  8000: Rolling KS test: D=0.022, p-value=0.3744
08-04 12:08 nessai INFO    : it:  8000: n eval: 29613 H: 14.51 dlogZ: 148394.470 logZ: -152491.926 +/- 0.120 logLmax: -4089.46
08-04 12:08 nessai INFO    : it:  9000: Rolling KS test: D=0.009, p-value=0.8454
08-04 12:08 nessai INFO    : it:  9000: n eval: 33794 H: 15.91 dlogZ: 79224.298 logZ: -80704.940 +/- 0.126 logLmax: -1471.64
08-04 12:08 nessai INFO    : it: 10000: Rolling KS test: D=0.008, p-value=0.8752
08-04 12:08 nessai INFO    : it: 10000: n eval: 38061 H: 16.91 dlogZ: 41339.370 logZ: -41483.041 +/- 0.130 logLmax: -133.67
08-04 12:08 nessai INFO    : it: 11000: Rolling KS test: D=0.014, p-value=0.6695
08-04 12:08 nessai INFO    : it: 11000: n eval: 43038 H: 17.91 dlogZ: 21332.684 logZ: -21477.355 +/- 0.134 logLmax: -133.67
08-04 12:08 nessai INFO    : it: 12000: Rolling KS test: D=0.004, p-value=0.9659
08-04 12:08 nessai INFO    : it: 12000: n eval: 48102 H: 18.36 dlogZ: 11594.256 logZ: -11739.927 +/- 0.135 logLmax: -133.67
08-04 12:08 nessai INFO    : it: 13000: Rolling KS test: D=0.01, p-value=0.8133
08-04 12:08 nessai INFO    : it: 13000: n eval: 53105 H: 18.94 dlogZ: 6367.746 logZ: -6514.418 +/- 0.138 logLmax: -133.67
08-04 12:08 nessai INFO    : it: 14000: Rolling KS test: D=0.02, p-value=0.4434
08-04 12:08 nessai INFO    : it: 14000: n eval: 57688 H: 19.79 dlogZ: 3796.900 logZ: -3944.571 +/- 0.141 logLmax: -133.67
08-04 12:08 nessai INFO    : it: 15000: Rolling KS test: D=0.026, p-value=0.2543
08-04 12:08 nessai INFO    : it: 15000: n eval: 63300 H: 21.12 dlogZ: 2304.483 logZ: -2453.154 +/- 0.145 logLmax: -133.67
08-04 12:08 nessai INFO    : it: 16000: Rolling KS test: D=0.022, p-value=0.3744
08-04 12:08 nessai INFO    : it: 16000: n eval: 71509 H: 20.97 dlogZ: 1461.894 logZ: -1532.213 +/- 0.145 logLmax: -54.32
08-04 12:08 nessai INFO    : it: 17000: Rolling KS test: D=0.024, p-value=0.311
08-04 12:08 nessai INFO    : it: 17000: n eval: 77308 H: 21.69 dlogZ: 909.359 logZ: -964.025 +/- 0.147 logLmax: -37.67
08-04 12:08 nessai INFO    : it: 18000: Rolling KS test: D=0.019, p-value=0.4797
08-04 12:08 nessai INFO    : it: 18000: n eval: 83188 H: 22.70 dlogZ: 565.024 logZ: -603.168 +/- 0.151 logLmax: -20.14
08-04 12:08 nessai INFO    : it: 19000: Rolling KS test: D=0.011, p-value=0.7794
08-04 12:08 nessai INFO    : it: 19000: n eval: 89361 H: 22.85 dlogZ: 343.551 logZ: -381.381 +/- 0.151 logLmax: -18.83
08-04 12:09 nessai INFO    : it: 20000: Rolling KS test: D=0.019, p-value=0.4797
08-04 12:09 nessai INFO    : it: 20000: n eval: 98497 H: 23.95 dlogZ: 208.506 logZ: -246.323 +/- 0.155 logLmax: -17.82
08-04 12:09 nessai INFO    : it: 21000: Rolling KS test: D=0.026, p-value=0.2543
08-04 12:09 nessai INFO    : it: 21000: n eval: 105164 H: 24.19 dlogZ: 128.751 logZ: -162.860 +/- 0.156 logLmax: -13.11
08-04 12:09 nessai INFO    : it: 22000: Rolling KS test: D=0.033, p-value=0.1108
08-04 12:09 nessai INFO    : it: 22000: n eval: 112790 H: 24.73 dlogZ: 81.673 logZ: -114.108 +/- 0.157 logLmax: -10.44
08-04 12:09 nessai INFO    : it: 23000: Rolling KS test: D=0.014, p-value=0.6695
08-04 12:09 nessai INFO    : it: 23000: n eval: 124225 H: 25.27 dlogZ: 51.937 logZ: -83.009 +/- 0.159 logLmax: -8.07
08-04 12:09 nessai INFO    : it: 24000: Rolling KS test: D=0.034, p-value=0.09683
08-04 12:09 nessai INFO    : it: 24000: n eval: 139261 H: 25.72 dlogZ: 34.328 logZ: -64.667 +/- 0.160 logLmax: -6.34
08-04 12:09 nessai INFO    : it: 25000: Rolling KS test: D=0.04, p-value=0.03967
08-04 12:09 nessai INFO    : it: 25000: n eval: 154881 H: 26.10 dlogZ: 23.587 logZ: -53.611 +/- 0.162 logLmax: -5.03
08-04 12:09 nessai INFO    : it: 26000: Rolling KS test: D=0.036, p-value=0.07308
08-04 12:09 nessai INFO    : it: 26000: n eval: 180023 H: 26.65 dlogZ: 16.082 logZ: -46.371 +/- 0.163 logLmax: -4.29
08-04 12:09 nessai INFO    : it: 27000: Rolling KS test: D=0.03, p-value=0.162
08-04 12:09 nessai INFO    : it: 27000: n eval: 203217 H: 27.04 dlogZ: 12.950 logZ: -42.017 +/- 0.164 logLmax: -2.07
08-04 12:10 nessai INFO    : it: 28000: Rolling KS test: D=0.018, p-value=0.5169
08-04 12:10 nessai INFO    : it: 28000: n eval: 228004 H: 27.49 dlogZ: 9.390 logZ: -39.457 +/- 0.166 logLmax: -2.07
08-04 12:10 nessai INFO    : it: 29000: Rolling KS test: D=0.023, p-value=0.3419
08-04 12:10 nessai INFO    : it: 29000: n eval: 251408 H: 27.99 dlogZ: 6.685 logZ: -37.739 +/- 0.167 logLmax: -2.06
08-04 12:10 nessai INFO    : it: 30000: Rolling KS test: D=0.031, p-value=0.1433
08-04 12:10 nessai INFO    : it: 30000: n eval: 272472 H: 28.49 dlogZ: 4.504 logZ: -36.547 +/- 0.169 logLmax: -2.06
08-04 12:10 nessai INFO    : it: 31000: Rolling KS test: D=0.024, p-value=0.311
08-04 12:10 nessai INFO    : it: 31000: n eval: 294119 H: 28.92 dlogZ: 3.061 logZ: -35.755 +/- 0.170 logLmax: -1.74
08-04 12:10 nessai INFO    : it: 32000: Rolling KS test: D=0.019, p-value=0.4797
08-04 12:10 nessai INFO    : it: 32000: n eval: 313304 H: 29.29 dlogZ: 1.792 logZ: -35.239 +/- 0.171 logLmax: -1.63
08-04 12:10 nessai INFO    : it: 33000: Rolling KS test: D=0.039, p-value=0.0465
08-04 12:10 nessai INFO    : it: 33000: n eval: 338837 H: 29.57 dlogZ: 0.939 logZ: -34.924 +/- 0.172 logLmax: -1.48
08-04 12:10 nessai INFO    : it: 34000: Rolling KS test: D=0.018, p-value=0.5169
08-04 12:10 nessai INFO    : it: 34000: n eval: 359769 H: 29.76 dlogZ: 0.397 logZ: -34.749 +/- 0.172 logLmax: -1.47
08-04 12:11 nessai INFO    : it: 35000: Rolling KS test: D=0.013, p-value=0.7071
08-04 12:11 nessai INFO    : it: 35000: n eval: 371135 H: 29.87 dlogZ: 0.158 logZ: -34.659 +/- 0.173 logLmax: -1.42
08-04 12:11 nessai INFO    : Stopping with difference_log_evidence=0.100
08-04 12:11 nessai INFO    : Finalising
08-04 12:11 nessai INFO    : Final ln-evidence: -34.578 +/- 0.173
08-04 12:11 nessai INFO    : Information: 30.00
08-04 12:11 nessai INFO    : Final KS test: D=0.004398, p-value=0.2526
08-04 12:11 nessai INFO    : Checkpointing nested sampling
08-04 12:11 nessai INFO    : Total sampling time: 0:03:29.734039
08-04 12:11 nessai INFO    : Total training time: 0:01:13.636997
08-04 12:11 nessai INFO    : Total population time: 0:00:51.803307
08-04 12:11 nessai INFO    : Total likelihood evaluations: 384217
08-04 12:11 nessai INFO    : Time spent evaluating likelihood: 0:00:22.803074
08-04 12:11 nessai INFO    : Total sampling time: 0:03:29.734039
08-04 12:11 nessai INFO    : Total likelihood evaluations: 384217
08-04 12:11 nessai INFO    : Starting post processing
08-04 12:11 nessai INFO    : Computing posterior samples
08-04 12:11 nessai INFO    : Effective sample size: 6691.8
08-04 12:11 nessai INFO    : Producing posterior samples using rejection sampling
08-04 12:11 nessai INFO    : Expect 4646.5767622312405 samples from rejection sampling
08-04 12:11 nessai INFO    : Returned 4674 posterior samples
08-04 12:11 nessai INFO    : Starting to close worker pool.
08-04 12:11 nessai INFO    : Finished closing worker pool.
