/data/wiay/postgrads/shashwat/qunat_com_future/lib/python3.11/site-packages/nessai/utils/logging.py:133: FutureWarning: setup_logger is deprecated, use configure_logger instead
  warnings.warn(
08-04 13:39 nessai INFO    : Running Nessai version 0.15.2
08-04 13:39 nessai INFO    : Starting multiprocessing pool with 4 processes
08-04 13:39 nessai INFO    : Initialising nested sampler
08-04 13:39 nessai WARNING : Multiprocessing pool has already been configured.
/data/wiay/postgrads/shashwat/qunat_com_future/lib/python3.11/site-packages/nessai/gw/__init__.py:12: FutureWarning: The `nessai.gw` module will be deprecated in the next release in favour of the nessai-gw package. This packages provides the same functionality as`nessai.gw` via the plugin interface.For more details, see: https://github.com/mj-will/nessai-gw
  warnings.warn(
08-04 13:39 nessai INFO    : Passing kwargs to FlowProposal: {'poolsize': 1000}
08-04 13:39 nessai INFO    : No reparameterisations provided, using default reparameterisations included in FlowProposal
08-04 13:39 nessai INFO    : Adding reparameterisations from: {}
08-04 13:39 nessai INFO    : Assuming fallback reparameterisation (ScaleAndShift) for ['kappa', 'mu_xi', 'sigma_chi', 'sigma_xi', 'rho', 'lambda_chi', 'chi0', 'xi0'] with kwargs: {'estimate_scale': True, 'estimate_shift': True, 'prior_bounds': {'kappa': array([0.1, 5. ]), 'mu_xi': array([0. , 0.1]), 'sigma_chi': array([0.05, 0.6 ]), 'sigma_xi': array([0.05, 0.4 ]), 'rho': array([-0.9,  0.9]), 'lambda_chi': array([-0.5,  0.5]), 'chi0': array([-0.5,  0.5]), 'xi0': array([2.5, 5. ])}}.
08-04 13:39 nessai INFO    : x space parameters: ['kappa', 'mu_xi', 'sigma_chi', 'sigma_xi', 'rho', 'lambda_chi', 'chi0', 'xi0']
08-04 13:39 nessai INFO    : x prime space parameters: ['kappa_prime', 'mu_xi_prime', 'sigma_chi_prime', 'sigma_xi_prime', 'rho_prime', 'lambda_chi_prime', 'chi0_prime', 'xi0_prime']
08-04 13:39 nessai INFO    : Overwriting fuzz factor with expansion fraction
08-04 13:39 nessai INFO    : New fuzz factor: 1.2228445449938519
08-04 13:39 nessai INFO    : Verifying rescaling functions
08-04 13:39 nessai INFO    : Rescaling functions are invertible
08-04 13:39 nessai INFO    : Populating initial live points
08-04 13:39 nessai INFO    : Populated 100 / 1000 live points
08-04 13:39 nessai INFO    : Populated 200 / 1000 live points
08-04 13:39 nessai INFO    : Populated 300 / 1000 live points
08-04 13:39 nessai INFO    : Populated 400 / 1000 live points
08-04 13:39 nessai INFO    : Populated 500 / 1000 live points
08-04 13:39 nessai INFO    : Populated 600 / 1000 live points
08-04 13:39 nessai INFO    : Populated 700 / 1000 live points
08-04 13:39 nessai INFO    : Populated 800 / 1000 live points
08-04 13:39 nessai INFO    : Populated 900 / 1000 live points
08-04 13:39 nessai INFO    : Populated 1000 / 1000 live points
08-04 13:39 nessai INFO    : Starting nested sampling loop
08-04 13:39 nessai INFO    : it:  1000: Rolling KS test: D=0.027, p-value=0.2286
08-04 13:39 nessai INFO    : it:  1000: n eval: 3000 H: 7.91 dlogZ: 51335868.138 logZ: -51432343.412 +/- 0.089 logLmax: -96474.27
08-04 13:39 nessai INFO    : it:  2000: Rolling KS test: D=0.018, p-value=0.5169
08-04 13:39 nessai INFO    : it:  2000: n eval: 8000 H: 8.91 dlogZ: 17134805.988 logZ: -17159154.506 +/- 0.094 logLmax: -24346.52
08-04 13:39 nessai INFO    : Switching to FlowProposal
/data/wiay/postgrads/shashwat/qunat_com_future/lib/python3.11/site-packages/torch/autograd/graph.py:882: UserWarning: CUDA initialization: The NVIDIA driver on your system is too old (found version 12020). Please update your GPU driver by downloading and installing a new version from the URL: http://www.nvidia.com/Download/index.aspx Alternatively, go to: https://pytorch.org to install a PyTorch version that has been compiled with your version of the CUDA driver. (Triggered internally at /pytorch/c10/cuda/CUDAFunctions.cpp:119.)
  return Variable._execution_engine.run_backward(  # Calls into the C++ engine to run the backward pass
08-04 13:39 nessai INFO    : it:  3000: Rolling KS test: D=0.032, p-value=0.1263
08-04 13:39 nessai INFO    : it:  3000: n eval: 11822 H: 9.91 dlogZ: 6658611.407 logZ: -6682960.926 +/- 0.100 logLmax: -24346.52
08-04 13:39 nessai INFO    : it:  4000: Rolling KS test: D=0.03, p-value=0.162
08-04 13:39 nessai INFO    : it:  4000: n eval: 15595 H: 10.91 dlogZ: 2740672.201 logZ: -2765022.719 +/- 0.104 logLmax: -24346.52
08-04 13:39 nessai INFO    : it:  5000: Rolling KS test: D=0.019, p-value=0.4797
08-04 13:39 nessai INFO    : it:  5000: n eval: 19963 H: 11.91 dlogZ: 1168384.876 logZ: -1181834.357 +/- 0.109 logLmax: -13444.48
08-04 13:39 nessai INFO    : it:  6000: Rolling KS test: D=0.008, p-value=0.8752
08-04 13:39 nessai INFO    : it:  6000: n eval: 24656 H: 12.91 dlogZ: 540882.552 logZ: -548202.646 +/- 0.114 logLmax: -7314.09
08-04 13:40 nessai INFO    : it:  7000: Rolling KS test: D=0.025, p-value=0.2818
08-04 13:40 nessai INFO    : it:  7000: n eval: 29621 H: 13.91 dlogZ: 271809.023 logZ: -274175.851 +/- 0.118 logLmax: -2359.83
08-04 13:40 nessai INFO    : it:  8000: Rolling KS test: D=0.013, p-value=0.7071
08-04 13:40 nessai INFO    : it:  8000: n eval: 35209 H: 14.91 dlogZ: 143888.896 logZ: -144365.972 +/- 0.122 logLmax: -469.08
08-04 13:40 nessai INFO    : it:  9000: Rolling KS test: D=0.039, p-value=0.0465
08-04 13:40 nessai INFO    : it:  9000: n eval: 39930 H: 15.91 dlogZ: 71618.824 logZ: -72096.900 +/- 0.126 logLmax: -469.08
08-04 13:40 nessai INFO    : it: 10000: Rolling KS test: D=0.032, p-value=0.1263
08-04 13:40 nessai INFO    : it: 10000: n eval: 45407 H: 16.91 dlogZ: 36413.357 logZ: -36892.433 +/- 0.130 logLmax: -469.08
08-04 13:40 nessai INFO    : it: 11000: Rolling KS test: D=0.016, p-value=0.593
08-04 13:40 nessai INFO    : it: 11000: n eval: 50486 H: 17.91 dlogZ: 19455.162 logZ: -19935.237 +/- 0.134 logLmax: -469.08
08-04 13:40 nessai INFO    : it: 12000: Rolling KS test: D=0.042, p-value=0.02854
08-04 13:40 nessai INFO    : it: 12000: n eval: 56390 H: 18.16 dlogZ: 10876.732 logZ: -11238.368 +/- 0.135 logLmax: -349.64
08-04 13:40 nessai INFO    : it: 13000: Rolling KS test: D=0.008, p-value=0.8752
08-04 13:40 nessai INFO    : it: 13000: n eval: 65785 H: 19.82 dlogZ: 6325.936 logZ: -6369.530 +/- 0.141 logLmax: -30.59
08-04 13:40 nessai INFO    : it: 14000: Rolling KS test: D=0.003, p-value=0.9802
08-04 13:40 nessai INFO    : it: 14000: n eval: 71163 H: 19.72 dlogZ: 3455.078 logZ: -3499.672 +/- 0.140 logLmax: -30.59
08-04 13:40 nessai INFO    : it: 15000: Rolling KS test: D=0.025, p-value=0.2818
08-04 13:40 nessai INFO    : it: 15000: n eval: 77263 H: 20.66 dlogZ: 2015.131 logZ: -2060.725 +/- 0.144 logLmax: -30.59
08-04 13:40 nessai INFO    : it: 16000: Rolling KS test: D=0.044, p-value=0.0202
08-04 13:40 nessai INFO    : it: 16000: n eval: 83283 H: 21.12 dlogZ: 1144.337 logZ: -1187.183 +/- 0.145 logLmax: -26.85
08-04 13:40 nessai INFO    : it: 17000: Rolling KS test: D=0.015, p-value=0.6313
08-04 13:40 nessai INFO    : it: 17000: n eval: 89126 H: 21.47 dlogZ: 661.175 logZ: -705.022 +/- 0.147 logLmax: -26.85
08-04 13:40 nessai INFO    : it: 18000: Rolling KS test: D=0.026, p-value=0.2543
08-04 13:40 nessai INFO    : it: 18000: n eval: 97918 H: 21.99 dlogZ: 383.543 logZ: -424.656 +/- 0.148 logLmax: -23.11
08-04 13:40 nessai INFO    : it: 19000: Rolling KS test: D=0.056, p-value=0.001814
08-04 13:40 nessai INFO    : it: 19000: n eval: 103579 H: 22.69 dlogZ: 227.406 logZ: -259.007 +/- 0.151 logLmax: -12.60
08-04 13:41 nessai INFO    : it: 20000: Rolling KS test: D=0.025, p-value=0.2818
08-04 13:41 nessai INFO    : it: 20000: n eval: 109896 H: 23.32 dlogZ: 137.652 logZ: -169.434 +/- 0.153 logLmax: -11.78
08-04 13:41 nessai INFO    : it: 21000: Rolling KS test: D=0.037, p-value=0.06311
08-04 13:41 nessai INFO    : it: 21000: n eval: 120697 H: 23.73 dlogZ: 88.518 logZ: -115.486 +/- 0.154 logLmax: -5.97
08-04 13:41 nessai INFO    : it: 22000: Rolling KS test: D=0.02, p-value=0.4434
08-04 13:41 nessai INFO    : it: 22000: n eval: 133644 H: 24.25 dlogZ: 58.068 logZ: -83.770 +/- 0.156 logLmax: -3.70
08-04 13:41 nessai INFO    : it: 23000: Rolling KS test: D=0.015, p-value=0.6313
08-04 13:41 nessai INFO    : it: 23000: n eval: 149114 H: 24.64 dlogZ: 37.741 logZ: -64.442 +/- 0.157 logLmax: -3.70
08-04 13:41 nessai INFO    : it: 24000: Rolling KS test: D=0.022, p-value=0.3744
08-04 13:41 nessai INFO    : it: 24000: n eval: 168153 H: 25.21 dlogZ: 24.963 logZ: -52.665 +/- 0.159 logLmax: -3.70
08-04 13:41 nessai INFO    : it: 25000: Rolling KS test: D=0.006, p-value=0.9268
08-04 13:41 nessai INFO    : it: 25000: n eval: 201788 H: 25.63 dlogZ: 17.027 logZ: -45.729 +/- 0.160 logLmax: -3.70
08-04 13:41 nessai INFO    : it: 26000: Rolling KS test: D=0.028, p-value=0.2046
08-04 13:41 nessai INFO    : it: 26000: n eval: 226506 H: 26.18 dlogZ: 11.940 logZ: -41.210 +/- 0.162 logLmax: -3.27
08-04 13:42 nessai INFO    : it: 27000: Rolling KS test: D=0.018, p-value=0.5169
08-04 13:42 nessai INFO    : it: 27000: n eval: 275111 H: 26.62 dlogZ: 8.488 logZ: -38.265 +/- 0.163 logLmax: -2.78
08-04 13:42 nessai INFO    : it: 28000: Rolling KS test: D=0.017, p-value=0.5547
08-04 13:42 nessai INFO    : it: 28000: n eval: 322888 H: 27.13 dlogZ: 6.832 logZ: -36.346 +/- 0.165 logLmax: -1.52
08-04 13:42 nessai INFO    : it: 29000: Rolling KS test: D=0.028, p-value=0.2046
08-04 13:42 nessai INFO    : it: 29000: n eval: 360766 H: 27.59 dlogZ: 4.569 logZ: -35.073 +/- 0.166 logLmax: -1.52
08-04 13:42 nessai INFO    : it: 30000: Rolling KS test: D=0.054, p-value=0.002821
08-04 13:42 nessai INFO    : it: 30000: n eval: 397626 H: 27.93 dlogZ: 2.856 logZ: -34.312 +/- 0.167 logLmax: -1.52
08-04 13:42 nessai INFO    : it: 31000: Rolling KS test: D=0.024, p-value=0.311
08-04 13:42 nessai INFO    : it: 31000: n eval: 435714 H: 28.22 dlogZ: 1.803 logZ: -33.849 +/- 0.168 logLmax: -1.23
08-04 13:43 nessai INFO    : it: 32000: Rolling KS test: D=0.028, p-value=0.2046
08-04 13:43 nessai INFO    : it: 32000: n eval: 475252 H: 28.46 dlogZ: 1.159 logZ: -33.572 +/- 0.169 logLmax: -0.79
08-04 13:43 nessai INFO    : it: 33000: Rolling KS test: D=0.032, p-value=0.1263
08-04 13:43 nessai INFO    : it: 33000: n eval: 525252 H: 28.64 dlogZ: 0.520 logZ: -33.408 +/- 0.169 logLmax: -0.79
08-04 13:43 nessai INFO    : it: 34000: Rolling KS test: D=0.026, p-value=0.2543
08-04 13:43 nessai INFO    : it: 34000: n eval: 595252 H: 28.76 dlogZ: 0.217 logZ: -33.318 +/- 0.170 logLmax: -0.74
08-04 13:43 nessai INFO    : Stopping with difference_log_evidence=0.100
08-04 13:43 nessai INFO    : Finalising
08-04 13:43 nessai INFO    : Final ln-evidence: -33.232 +/- 0.170
08-04 13:43 nessai INFO    : Information: 28.91
08-04 13:43 nessai INFO    : Final KS test: D=0.007367, p-value=0.02277
08-04 13:43 nessai WARNING : Final p-value for the insertion indices is less than 0.05, this could be an indication of problems during sampling. Consider checking the diagnostic plots.
08-04 13:43 nessai INFO    : Checkpointing nested sampling
08-04 13:43 nessai INFO    : Total sampling time: 0:04:17.997479
08-04 13:43 nessai INFO    : Total training time: 0:01:21.328372
08-04 13:43 nessai INFO    : Total population time: 0:01:18.528591
08-04 13:43 nessai INFO    : Total likelihood evaluations: 635200
08-04 13:43 nessai INFO    : Time spent evaluating likelihood: 0:00:36.938417
08-04 13:43 nessai INFO    : Total sampling time: 0:04:17.997479
08-04 13:43 nessai INFO    : Total likelihood evaluations: 635200
08-04 13:43 nessai INFO    : Starting post processing
08-04 13:43 nessai INFO    : Computing posterior samples
08-04 13:43 nessai INFO    : Effective sample size: 6912.4
08-04 13:43 nessai INFO    : Producing posterior samples using rejection sampling
08-04 13:43 nessai INFO    : Expect 4873.202181146767 samples from rejection sampling
08-04 13:43 nessai INFO    : Returned 4949 posterior samples
08-04 13:44 nessai INFO    : Starting to close worker pool.
08-04 13:44 nessai INFO    : Finished closing worker pool.
