/data/wiay/postgrads/shashwat/qunat_com_future/lib/python3.11/site-packages/nessai/utils/logging.py:133: FutureWarning: setup_logger is deprecated, use configure_logger instead
  warnings.warn(
08-04 14:22 nessai INFO    : Running Nessai version 0.15.2
08-04 14:22 nessai INFO    : Starting multiprocessing pool with 4 processes
08-04 14:22 nessai INFO    : Initialising nested sampler
08-04 14:22 nessai WARNING : Multiprocessing pool has already been configured.
/data/wiay/postgrads/shashwat/qunat_com_future/lib/python3.11/site-packages/nessai/gw/__init__.py:12: FutureWarning: The `nessai.gw` module will be deprecated in the next release in favour of the nessai-gw package. This packages provides the same functionality as`nessai.gw` via the plugin interface.For more details, see: https://github.com/mj-will/nessai-gw
  warnings.warn(
08-04 14:22 nessai INFO    : Passing kwargs to FlowProposal: {'poolsize': 1000}
08-04 14:22 nessai INFO    : No reparameterisations provided, using default reparameterisations included in FlowProposal
08-04 14:22 nessai INFO    : Adding reparameterisations from: {}
08-04 14:22 nessai INFO    : Assuming fallback reparameterisation (ScaleAndShift) for ['kappa', 'mu_xi', 'sigma_chi', 'sigma_xi', 'rho', 'lambda_chi', 'chi0', 'xi0'] with kwargs: {'estimate_scale': True, 'estimate_shift': True, 'prior_bounds': {'kappa': array([0.1, 5. ]), 'mu_xi': array([0. , 0.1]), 'sigma_chi': array([0.05, 0.6 ]), 'sigma_xi': array([0.05, 0.4 ]), 'rho': array([-0.9,  0.9]), 'lambda_chi': array([-0.5,  0.5]), 'chi0': array([-0.5,  0.5]), 'xi0': array([2.5, 5. ])}}.
08-04 14:22 nessai INFO    : x space parameters: ['kappa', 'mu_xi', 'sigma_chi', 'sigma_xi', 'rho', 'lambda_chi', 'chi0', 'xi0']
08-04 14:22 nessai INFO    : x prime space parameters: ['kappa_prime', 'mu_xi_prime', 'sigma_chi_prime', 'sigma_xi_prime', 'rho_prime', 'lambda_chi_prime', 'chi0_prime', 'xi0_prime']
08-04 14:22 nessai INFO    : Overwriting fuzz factor with expansion fraction
08-04 14:22 nessai INFO    : New fuzz factor: 1.2228445449938519
08-04 14:22 nessai INFO    : Verifying rescaling functions
08-04 14:22 nessai INFO    : Rescaling functions are invertible
08-04 14:22 nessai INFO    : Populating initial live points
08-04 14:22 nessai INFO    : Populated 100 / 1000 live points
08-04 14:22 nessai INFO    : Populated 200 / 1000 live points
08-04 14:22 nessai INFO    : Populated 300 / 1000 live points
08-04 14:22 nessai INFO    : Populated 400 / 1000 live points
08-04 14:22 nessai INFO    : Populated 500 / 1000 live points
08-04 14:22 nessai INFO    : Populated 600 / 1000 live points
08-04 14:22 nessai INFO    : Populated 700 / 1000 live points
08-04 14:22 nessai INFO    : Populated 800 / 1000 live points
08-04 14:22 nessai INFO    : Populated 900 / 1000 live points
08-04 14:22 nessai INFO    : Populated 1000 / 1000 live points
08-04 14:22 nessai INFO    : Starting nested sampling loop
08-04 14:22 nessai INFO    : it:  1000: Rolling KS test: D=0.006, p-value=0.9268
08-04 14:22 nessai INFO    : it:  1000: n eval: 3000 H: 7.91 dlogZ: 207874603.834 logZ: -209483490.025 +/- 0.089 logLmax: -1608885.19
08-04 14:22 nessai INFO    : it:  2000: Rolling KS test: D=0.02, p-value=0.4434
08-04 14:22 nessai INFO    : it:  2000: n eval: 8000 H: 8.91 dlogZ: 67040092.820 logZ: -67158640.618 +/- 0.094 logLmax: -118545.80
08-04 14:22 nessai INFO    : Switching to FlowProposal
08-04 14:22 nessai INFO    : it:  3000: Rolling KS test: D=0.007, p-value=0.9024
08-04 14:22 nessai INFO    : it:  3000: n eval: 11880 H: 9.91 dlogZ: 26361125.990 logZ: -26479674.788 +/- 0.100 logLmax: -118545.80
08-04 14:22 nessai INFO    : it:  4000: Rolling KS test: D=0.015, p-value=0.6313
08-04 14:22 nessai INFO    : it:  4000: n eval: 13441 H: 10.91 dlogZ: 12867629.677 logZ: -12986179.475 +/- 0.104 logLmax: -118545.80
08-04 14:22 nessai INFO    : it:  5000: Rolling KS test: D=0.022, p-value=0.3744
08-04 14:22 nessai INFO    : it:  5000: n eval: 16882 H: 11.91 dlogZ: 7248633.598 logZ: -7367184.396 +/- 0.109 logLmax: -118545.80
08-04 14:22 nessai INFO    : it:  6000: Rolling KS test: D=0.036, p-value=0.07308
08-04 14:22 nessai INFO    : it:  6000: n eval: 20927 H: 12.91 dlogZ: 4221798.591 logZ: -4325671.391 +/- 0.114 logLmax: -103866.80
08-04 14:22 nessai INFO    : it:  7000: Rolling KS test: D=0.03, p-value=0.162
08-04 14:22 nessai INFO    : it:  7000: n eval: 25175 H: 13.91 dlogZ: 2433702.129 logZ: -2537575.929 +/- 0.118 logLmax: -103866.80
08-04 14:22 nessai INFO    : it:  8000: Rolling KS test: D=0.035, p-value=0.08429
08-04 14:22 nessai INFO    : it:  8000: n eval: 29506 H: 14.91 dlogZ: 1557861.551 logZ: -1597437.468 +/- 0.122 logLmax: -39567.92
08-04 14:22 nessai INFO    : it:  9000: Rolling KS test: D=0.006, p-value=0.9268
08-04 14:22 nessai INFO    : it:  9000: n eval: 34404 H: 15.91 dlogZ: 977268.163 logZ: -1015606.469 +/- 0.126 logLmax: -38329.31
08-04 14:22 nessai INFO    : it: 10000: Rolling KS test: D=0.013, p-value=0.7071
08-04 14:22 nessai INFO    : it: 10000: n eval: 39225 H: 16.91 dlogZ: 595544.616 logZ: -607901.929 +/- 0.130 logLmax: -12347.31
08-04 14:22 nessai INFO    : it: 11000: Rolling KS test: D=0.037, p-value=0.06311
08-04 14:22 nessai INFO    : it: 11000: n eval: 44013 H: 17.91 dlogZ: 367372.325 logZ: -379730.638 +/- 0.134 logLmax: -12347.31
08-04 14:22 nessai INFO    : it: 12000: Rolling KS test: D=0.03, p-value=0.162
08-04 14:22 nessai INFO    : it: 12000: n eval: 49002 H: 18.91 dlogZ: 227436.775 logZ: -232361.750 +/- 0.138 logLmax: -4912.98
08-04 14:22 nessai INFO    : it: 13000: Rolling KS test: D=0.038, p-value=0.05428
08-04 14:22 nessai INFO    : it: 13000: n eval: 54148 H: 19.91 dlogZ: 133880.752 logZ: -138806.726 +/- 0.141 logLmax: -4912.98
08-04 14:22 nessai INFO    : it: 14000: Rolling KS test: D=0.003, p-value=0.9802
08-04 14:22 nessai INFO    : it: 14000: n eval: 60302 H: 20.91 dlogZ: 80657.912 logZ: -82328.775 +/- 0.145 logLmax: -1656.86
08-04 14:22 nessai INFO    : it: 15000: Rolling KS test: D=0.015, p-value=0.6313
08-04 14:22 nessai INFO    : it: 15000: n eval: 66468 H: 21.91 dlogZ: 47362.460 logZ: -49034.324 +/- 0.148 logLmax: -1656.86
08-04 14:22 nessai INFO    : it: 16000: Rolling KS test: D=0.001, p-value=0.9973
08-04 14:22 nessai INFO    : it: 16000: n eval: 75024 H: 22.91 dlogZ: 27893.555 logZ: -29475.314 +/- 0.151 logLmax: -1565.76
08-04 14:22 nessai INFO    : it: 17000: Rolling KS test: D=0.028, p-value=0.2046
08-04 14:22 nessai INFO    : it: 17000: n eval: 80735 H: 23.21 dlogZ: 16753.696 logZ: -17567.584 +/- 0.152 logLmax: -796.89
08-04 14:22 nessai INFO    : it: 18000: Rolling KS test: D=0.027, p-value=0.2286
08-04 14:22 nessai INFO    : it: 18000: n eval: 86967 H: 24.91 dlogZ: 10341.537 logZ: -10759.423 +/- 0.158 logLmax: -399.89
08-04 14:22 nessai INFO    : it: 19000: Rolling KS test: D=0.028, p-value=0.2046
08-04 14:22 nessai INFO    : it: 19000: n eval: 96608 H: 24.93 dlogZ: 6060.339 logZ: -6479.224 +/- 0.158 logLmax: -399.89
08-04 14:22 nessai INFO    : it: 20000: Rolling KS test: D=0.021, p-value=0.4082
08-04 14:22 nessai INFO    : it: 20000: n eval: 103929 H: 25.90 dlogZ: 3721.851 logZ: -4085.675 +/- 0.161 logLmax: -343.83
08-04 14:22 nessai INFO    : it: 21000: Rolling KS test: D=0.052, p-value=0.004319
08-04 14:22 nessai INFO    : it: 21000: n eval: 114964 H: 26.19 dlogZ: 2170.052 logZ: -2532.411 +/- 0.162 logLmax: -341.36
08-04 14:22 nessai INFO    : it: 22000: Rolling KS test: D=0.04, p-value=0.03967
08-04 14:22 nessai INFO    : it: 22000: n eval: 128260 H: 27.90 dlogZ: 1345.481 logZ: -1626.199 +/- 0.167 logLmax: -258.72
08-04 14:22 nessai INFO    : it: 23000: Rolling KS test: D=0.011, p-value=0.7794
08-04 14:22 nessai INFO    : it: 23000: n eval: 144918 H: 27.64 dlogZ: 901.719 logZ: -1067.894 +/- 0.166 logLmax: -143.18
08-04 14:23 nessai INFO    : it: 24000: Rolling KS test: D=0.018, p-value=0.5169
08-04 14:23 nessai INFO    : it: 24000: n eval: 163109 H: 28.69 dlogZ: 689.648 logZ: -751.375 +/- 0.169 logLmax: -37.73
08-04 14:23 nessai INFO    : it: 25000: Rolling KS test: D=0.047, p-value=0.01167
08-04 14:23 nessai INFO    : it: 25000: n eval: 191702 H: 28.89 dlogZ: 478.013 logZ: -540.741 +/- 0.170 logLmax: -37.73
08-04 14:23 nessai INFO    : it: 26000: Rolling KS test: D=0.032, p-value=0.1263
08-04 14:23 nessai INFO    : it: 26000: n eval: 215026 H: 29.43 dlogZ: 375.377 logZ: -415.737 +/- 0.172 logLmax: -14.36
08-04 14:23 nessai INFO    : it: 27000: Rolling KS test: D=0.056, p-value=0.001814
08-04 14:23 nessai INFO    : it: 27000: n eval: 252434 H: 30.05 dlogZ: 290.910 logZ: -332.270 +/- 0.173 logLmax: -14.36
08-04 14:23 nessai INFO    : it: 28000: Rolling KS test: D=0.035, p-value=0.08429
08-04 14:23 nessai INFO    : it: 28000: n eval: 312033 H: 30.95 dlogZ: 232.110 logZ: -274.470 +/- 0.176 logLmax: -14.36
08-04 14:23 nessai INFO    : it: 29000: Rolling KS test: D=0.016, p-value=0.593
08-04 14:23 nessai INFO    : it: 29000: n eval: 392033 H: 31.71 dlogZ: 183.695 logZ: -227.055 +/- 0.178 logLmax: -14.36
08-04 14:23 nessai INFO    : it: 30000: Rolling KS test: D=0.028, p-value=0.2046
08-04 14:23 nessai INFO    : it: 30000: n eval: 462033 H: 32.62 dlogZ: 144.768 logZ: -186.121 +/- 0.181 logLmax: -11.35
08-04 14:24 nessai INFO    : it: 31000: Rolling KS test: D=0.042, p-value=0.02854
08-04 14:24 nessai INFO    : it: 31000: n eval: 501145 H: 33.46 dlogZ: 108.628 logZ: -150.981 +/- 0.183 logLmax: -11.35
08-04 14:24 nessai INFO    : it: 32000: Rolling KS test: D=0.026, p-value=0.2543
08-04 14:24 nessai INFO    : it: 32000: n eval: 513463 H: 34.19 dlogZ: 76.811 logZ: -120.164 +/- 0.185 logLmax: -11.35
08-04 14:24 nessai INFO    : it: 33000: Rolling KS test: D=0.022, p-value=0.3744
08-04 14:24 nessai INFO    : it: 33000: n eval: 527683 H: 34.82 dlogZ: 57.680 logZ: -98.223 +/- 0.187 logLmax: -7.54
08-04 14:24 nessai INFO    : it: 34000: Rolling KS test: D=0.028, p-value=0.2046
08-04 14:24 nessai INFO    : it: 34000: n eval: 535495 H: 35.54 dlogZ: 43.025 logZ: -82.436 +/- 0.189 logLmax: -5.41
08-04 14:24 nessai INFO    : it: 35000: Rolling KS test: D=0.015, p-value=0.6313
08-04 14:24 nessai INFO    : it: 35000: n eval: 546497 H: 36.31 dlogZ: 31.112 logZ: -70.792 +/- 0.191 logLmax: -4.68
08-04 14:24 nessai INFO    : it: 36000: Rolling KS test: D=0.026, p-value=0.2543
08-04 14:24 nessai INFO    : it: 36000: n eval: 555722 H: 36.83 dlogZ: 21.989 logZ: -62.669 +/- 0.192 logLmax: -4.68
08-04 14:24 nessai INFO    : it: 37000: Rolling KS test: D=0.013, p-value=0.7071
08-04 14:24 nessai INFO    : it: 37000: n eval: 564416 H: 37.48 dlogZ: 16.595 logZ: -56.658 +/- 0.194 logLmax: -3.06
08-04 14:24 nessai INFO    : it: 38000: Rolling KS test: D=0.011, p-value=0.7794
08-04 14:24 nessai INFO    : it: 38000: n eval: 576449 H: 37.98 dlogZ: 11.620 logZ: -52.683 +/- 0.195 logLmax: -3.06
08-04 14:24 nessai INFO    : it: 39000: Rolling KS test: D=0.025, p-value=0.2818
08-04 14:24 nessai INFO    : it: 39000: n eval: 588143 H: 38.56 dlogZ: 7.949 logZ: -49.962 +/- 0.196 logLmax: -3.01
08-04 14:24 nessai INFO    : it: 40000: Rolling KS test: D=0.05, p-value=0.006506
08-04 14:24 nessai INFO    : it: 40000: n eval: 601573 H: 39.01 dlogZ: 5.694 logZ: -48.207 +/- 0.197 logLmax: -2.52
08-04 14:24 nessai INFO    : it: 41000: Rolling KS test: D=0.023, p-value=0.3419
08-04 14:24 nessai INFO    : it: 41000: n eval: 610036 H: 39.45 dlogZ: 3.650 logZ: -47.067 +/- 0.199 logLmax: -2.44
08-04 14:24 nessai INFO    : it: 42000: Rolling KS test: D=0.012, p-value=0.7438
08-04 14:24 nessai INFO    : it: 42000: n eval: 623018 H: 39.79 dlogZ: 2.447 logZ: -46.374 +/- 0.199 logLmax: -2.02
08-04 14:24 nessai INFO    : it: 43000: Rolling KS test: D=0.011, p-value=0.7794
08-04 14:24 nessai INFO    : it: 43000: n eval: 637994 H: 40.06 dlogZ: 1.806 logZ: -45.965 +/- 0.200 logLmax: -1.34
08-04 14:24 nessai INFO    : it: 44000: Rolling KS test: D=0.025, p-value=0.2818
08-04 14:24 nessai INFO    : it: 44000: n eval: 651775 H: 40.27 dlogZ: 0.903 logZ: -45.722 +/- 0.201 logLmax: -1.34
08-04 14:24 nessai INFO    : it: 45000: Rolling KS test: D=0.022, p-value=0.3744
08-04 14:24 nessai INFO    : it: 45000: n eval: 668390 H: 40.43 dlogZ: 0.425 logZ: -45.584 +/- 0.201 logLmax: -1.22
08-04 14:24 nessai INFO    : it: 46000: Rolling KS test: D=0.047, p-value=0.01167
08-04 14:24 nessai INFO    : it: 46000: n eval: 677613 H: 40.53 dlogZ: 0.172 logZ: -45.510 +/- 0.201 logLmax: -1.18
08-04 14:24 nessai INFO    : Stopping with difference_log_evidence=0.100
08-04 14:24 nessai INFO    : Finalising
08-04 14:24 nessai INFO    : Final ln-evidence: -45.441 +/- 0.202
08-04 14:24 nessai INFO    : Information: 40.66
08-04 14:24 nessai INFO    : Final KS test: D=0.01091, p-value=1.516e-05
08-04 14:24 nessai WARNING : Final p-value for the insertion indices is less than 0.05, this could be an indication of problems during sampling. Consider checking the diagnostic plots.
08-04 14:24 nessai INFO    : Checkpointing nested sampling
08-04 14:24 nessai INFO    : Total sampling time: 0:02:49.209174
08-04 14:24 nessai INFO    : Total training time: 0:01:00.204764
08-04 14:24 nessai INFO    : Total population time: 0:00:44.063794
08-04 14:24 nessai INFO    : Total likelihood evaluations: 688000
08-04 14:24 nessai INFO    : Time spent evaluating likelihood: 0:00:13.700849
08-04 14:24 nessai INFO    : Total sampling time: 0:02:49.209174
08-04 14:24 nessai INFO    : Total likelihood evaluations: 688000
08-04 14:24 nessai INFO    : Starting post processing
08-04 14:24 nessai INFO    : Computing posterior samples
08-04 14:24 nessai INFO    : Effective sample size: 6802.4
08-04 14:24 nessai INFO    : Producing posterior samples using rejection sampling
08-04 14:24 nessai INFO    : Expect 4840.127402499364 samples from rejection sampling
08-04 14:24 nessai INFO    : Returned 4893 posterior samples
08-04 14:24 nessai INFO    : Starting to close worker pool.
08-04 14:24 nessai INFO    : Finished closing worker pool.
