/data/wiay/postgrads/shashwat/qunat_com_future/lib/python3.11/site-packages/nessai/utils/logging.py:133: FutureWarning: setup_logger is deprecated, use configure_logger instead
  warnings.warn(
08-04 12:57 nessai INFO    : Running Nessai version 0.15.2
08-04 12:57 nessai INFO    : Starting multiprocessing pool with 4 processes
08-04 12:57 nessai INFO    : Initialising nested sampler
08-04 12:57 nessai WARNING : Multiprocessing pool has already been configured.
/data/wiay/postgrads/shashwat/qunat_com_future/lib/python3.11/site-packages/nessai/gw/__init__.py:12: FutureWarning: The `nessai.gw` module will be deprecated in the next release in favour of the nessai-gw package. This packages provides the same functionality as`nessai.gw` via the plugin interface.For more details, see: https://github.com/mj-will/nessai-gw
  warnings.warn(
08-04 12:57 nessai INFO    : Passing kwargs to FlowProposal: {'poolsize': 1000}
08-04 12:57 nessai INFO    : No reparameterisations provided, using default reparameterisations included in FlowProposal
08-04 12:57 nessai INFO    : Adding reparameterisations from: {}
08-04 12:57 nessai INFO    : Assuming fallback reparameterisation (ScaleAndShift) for ['kappa', 'mu_xi', 'sigma_chi', 'sigma_xi', 'rho', 'lambda_chi', 'chi0', 'xi0'] with kwargs: {'estimate_scale': True, 'estimate_shift': True, 'prior_bounds': {'kappa': array([0.1, 5. ]), 'mu_xi': array([0. , 0.1]), 'sigma_chi': array([0.05, 0.6 ]), 'sigma_xi': array([0.05, 0.4 ]), 'rho': array([-0.9,  0.9]), 'lambda_chi': array([-0.5,  0.5]), 'chi0': array([-0.5,  0.5]), 'xi0': array([2.5, 5. ])}}.
08-04 12:57 nessai INFO    : x space parameters: ['kappa', 'mu_xi', 'sigma_chi', 'sigma_xi', 'rho', 'lambda_chi', 'chi0', 'xi0']
08-04 12:57 nessai INFO    : x prime space parameters: ['kappa_prime', 'mu_xi_prime', 'sigma_chi_prime', 'sigma_xi_prime', 'rho_prime', 'lambda_chi_prime', 'chi0_prime', 'xi0_prime']
08-04 12:57 nessai INFO    : Overwriting fuzz factor with expansion fraction
08-04 12:57 nessai INFO    : New fuzz factor: 1.2228445449938519
08-04 12:57 nessai INFO    : Verifying rescaling functions
08-04 12:57 nessai INFO    : Rescaling functions are invertible
08-04 12:57 nessai INFO    : Populating initial live points
08-04 12:57 nessai INFO    : Populated 100 / 1000 live points
08-04 12:57 nessai INFO    : Populated 200 / 1000 live points
08-04 12:57 nessai INFO    : Populated 300 / 1000 live points
08-04 12:57 nessai INFO    : Populated 400 / 1000 live points
08-04 12:57 nessai INFO    : Populated 500 / 1000 live points
08-04 12:57 nessai INFO    : Populated 600 / 1000 live points
08-04 12:57 nessai INFO    : Populated 700 / 1000 live points
08-04 12:57 nessai INFO    : Populated 800 / 1000 live points
08-04 12:57 nessai INFO    : Populated 900 / 1000 live points
08-04 12:57 nessai INFO    : Populated 1000 / 1000 live points
08-04 12:57 nessai INFO    : Starting nested sampling loop
08-04 12:57 nessai INFO    : it:  1000: Rolling KS test: D=0.011, p-value=0.7794
08-04 12:57 nessai INFO    : it:  1000: n eval: 3000 H: 7.91 dlogZ: 11248823.734 logZ: -11262639.255 +/- 0.089 logLmax: -13814.52
08-04 12:57 nessai INFO    : it:  2000: Rolling KS test: D=0.021, p-value=0.4082
08-04 12:57 nessai INFO    : it:  2000: n eval: 8000 H: 8.91 dlogZ: 987313.108 logZ: -995797.336 +/- 0.094 logLmax: -8482.23
08-04 12:57 nessai INFO    : Switching to FlowProposal
08-04 12:57 nessai INFO    : it:  3000: Rolling KS test: D=0.03, p-value=0.162
08-04 12:57 nessai INFO    : it:  3000: n eval: 10296 H: 9.91 dlogZ: 232733.605 logZ: -233904.975 +/- 0.100 logLmax: -1168.37
08-04 12:57 nessai INFO    : it:  4000: Rolling KS test: D=0.037, p-value=0.06311
08-04 12:57 nessai INFO    : it:  4000: n eval: 13346 H: 10.91 dlogZ: 91905.632 logZ: -93078.001 +/- 0.104 logLmax: -1168.37
08-04 12:57 nessai INFO    : it:  5000: Rolling KS test: D=0.03, p-value=0.162
08-04 12:57 nessai INFO    : it:  5000: n eval: 16883 H: 11.91 dlogZ: 41348.932 logZ: -41985.740 +/- 0.109 logLmax: -631.81
08-04 12:57 nessai INFO    : it:  6000: Rolling KS test: D=0.022, p-value=0.3744
08-04 12:57 nessai INFO    : it:  6000: n eval: 18608 H: 12.91 dlogZ: 19284.397 logZ: -19582.678 +/- 0.114 logLmax: -292.28
08-04 12:57 nessai INFO    : it:  7000: Rolling KS test: D=0.042, p-value=0.02854
08-04 12:57 nessai INFO    : it:  7000: n eval: 22486 H: 13.28 dlogZ: 9469.403 logZ: -9614.088 +/- 0.115 logLmax: -137.69
08-04 12:57 nessai INFO    : it:  8000: Rolling KS test: D=0.011, p-value=0.7794
08-04 12:57 nessai INFO    : it:  8000: n eval: 26919 H: 14.65 dlogZ: 4999.328 logZ: -5145.013 +/- 0.121 logLmax: -137.69
08-04 12:57 nessai INFO    : it:  9000: Rolling KS test: D=0.018, p-value=0.5169
08-04 12:57 nessai INFO    : it:  9000: n eval: 34505 H: 15.20 dlogZ: 2680.563 logZ: -2807.213 +/- 0.123 logLmax: -117.65
08-04 12:57 nessai INFO    : it: 10000: Rolling KS test: D=0.05, p-value=0.006506
08-04 12:58 nessai INFO    : it: 10000: n eval: 39336 H: 15.28 dlogZ: 1473.461 logZ: -1560.798 +/- 0.124 logLmax: -77.34
08-04 12:58 nessai INFO    : it: 11000: Rolling KS test: D=0.029, p-value=0.1825
08-04 12:58 nessai INFO    : it: 11000: n eval: 44332 H: 16.38 dlogZ: 833.046 logZ: -878.962 +/- 0.128 logLmax: -34.92
08-04 12:58 nessai INFO    : it: 12000: Rolling KS test: D=0.034, p-value=0.09683
08-04 12:58 nessai INFO    : it: 12000: n eval: 49283 H: 16.66 dlogZ: 497.323 logZ: -530.625 +/- 0.129 logLmax: -21.30
08-04 12:58 nessai INFO    : it: 13000: Rolling KS test: D=0.01, p-value=0.8133
08-04 12:58 nessai INFO    : it: 13000: n eval: 54373 H: 17.44 dlogZ: 304.742 logZ: -331.249 +/- 0.132 logLmax: -13.51
08-04 12:58 nessai INFO    : it: 14000: Rolling KS test: D=0.033, p-value=0.1108
08-04 12:58 nessai INFO    : it: 14000: n eval: 63499 H: 17.38 dlogZ: 180.335 logZ: -204.943 +/- 0.132 logLmax: -10.61
08-04 12:58 nessai INFO    : it: 15000: Rolling KS test: D=0.038, p-value=0.05428
08-04 12:58 nessai INFO    : it: 15000: n eval: 66054 H: 18.12 dlogZ: 115.487 logZ: -137.026 +/- 0.135 logLmax: -6.54
08-04 12:58 nessai INFO    : it: 16000: Rolling KS test: D=0.009, p-value=0.8454
08-04 12:58 nessai INFO    : it: 16000: n eval: 74563 H: 18.33 dlogZ: 69.199 logZ: -91.738 +/- 0.135 logLmax: -6.54
08-04 12:58 nessai INFO    : it: 17000: Rolling KS test: D=0.018, p-value=0.5169
08-04 12:58 nessai INFO    : it: 17000: n eval: 79791 H: 18.84 dlogZ: 45.310 logZ: -67.520 +/- 0.137 logLmax: -5.21
08-04 12:58 nessai INFO    : it: 18000: Rolling KS test: D=0.019, p-value=0.4797
08-04 12:58 nessai INFO    : it: 18000: n eval: 85504 H: 19.42 dlogZ: 29.023 logZ: -52.233 +/- 0.139 logLmax: -5.21
08-04 12:58 nessai INFO    : it: 19000: Rolling KS test: D=0.018, p-value=0.5169
08-04 12:58 nessai INFO    : it: 19000: n eval: 92043 H: 19.91 dlogZ: 19.130 logZ: -43.339 +/- 0.141 logLmax: -5.21
08-04 12:58 nessai INFO    : it: 20000: Rolling KS test: D=0.002, p-value=0.9907
08-04 12:58 nessai INFO    : it: 20000: n eval: 102834 H: 20.27 dlogZ: 12.606 logZ: -37.815 +/- 0.142 logLmax: -5.21
08-04 12:58 nessai INFO    : it: 21000: Rolling KS test: D=0.017, p-value=0.5547
08-04 12:58 nessai INFO    : it: 21000: n eval: 109925 H: 20.65 dlogZ: 8.613 logZ: -34.769 +/- 0.144 logLmax: -5.16
08-04 12:58 nessai INFO    : it: 22000: Rolling KS test: D=0.023, p-value=0.3419
08-04 12:58 nessai INFO    : it: 22000: n eval: 122324 H: 21.09 dlogZ: 6.383 logZ: -32.910 +/- 0.145 logLmax: -4.53
08-04 12:58 nessai INFO    : it: 23000: Rolling KS test: D=0.037, p-value=0.06311
08-04 12:58 nessai INFO    : it: 23000: n eval: 137083 H: 21.48 dlogZ: 4.282 logZ: -31.753 +/- 0.147 logLmax: -4.49
08-04 12:58 nessai INFO    : it: 24000: Rolling KS test: D=0.013, p-value=0.7071
08-04 12:58 nessai INFO    : it: 24000: n eval: 151761 H: 21.86 dlogZ: 3.263 logZ: -31.013 +/- 0.148 logLmax: -3.79
08-04 12:58 nessai INFO    : it: 25000: Rolling KS test: D=0.019, p-value=0.4797
08-04 12:58 nessai INFO    : it: 25000: n eval: 161849 H: 22.22 dlogZ: 2.074 logZ: -30.522 +/- 0.149 logLmax: -3.58
08-04 12:59 nessai INFO    : it: 26000: Rolling KS test: D=0.029, p-value=0.1825
08-04 12:59 nessai INFO    : it: 26000: n eval: 172401 H: 22.50 dlogZ: 1.065 logZ: -30.216 +/- 0.150 logLmax: -3.57
08-04 12:59 nessai INFO    : it: 27000: Rolling KS test: D=0.015, p-value=0.6313
08-04 12:59 nessai INFO    : it: 27000: n eval: 175111 H: 22.73 dlogZ: 0.601 logZ: -30.029 +/- 0.151 logLmax: -3.22
08-04 12:59 nessai INFO    : it: 28000: Rolling KS test: D=0.047, p-value=0.01167
08-04 12:59 nessai INFO    : it: 28000: n eval: 183480 H: 22.87 dlogZ: 0.292 logZ: -29.923 +/- 0.151 logLmax: -3.01
08-04 12:59 nessai INFO    : it: 29000: Rolling KS test: D=0.012, p-value=0.7438
08-04 12:59 nessai INFO    : it: 29000: n eval: 189360 H: 22.97 dlogZ: 0.112 logZ: -29.867 +/- 0.152 logLmax: -3.01
08-04 12:59 nessai INFO    : Stopping with difference_log_evidence=0.100
08-04 12:59 nessai INFO    : Finalising
08-04 12:59 nessai INFO    : Final ln-evidence: -29.816 +/- 0.152
08-04 12:59 nessai INFO    : Information: 23.07
08-04 12:59 nessai INFO    : Final KS test: D=0.008795, p-value=0.011
08-04 12:59 nessai WARNING : Final p-value for the insertion indices is less than 0.05, this could be an indication of problems during sampling. Consider checking the diagnostic plots.
08-04 12:59 nessai INFO    : Checkpointing nested sampling
08-04 12:59 nessai INFO    : Total sampling time: 0:01:36.088370
08-04 12:59 nessai INFO    : Total training time: 0:00:30.553643
08-04 12:59 nessai INFO    : Total population time: 0:00:22.141360
08-04 12:59 nessai INFO    : Total likelihood evaluations: 189360
08-04 12:59 nessai INFO    : Time spent evaluating likelihood: 0:00:08.695429
08-04 12:59 nessai INFO    : Total sampling time: 0:01:36.088370
08-04 12:59 nessai INFO    : Total likelihood evaluations: 189360
08-04 12:59 nessai INFO    : Starting post processing
08-04 12:59 nessai INFO    : Computing posterior samples
08-04 12:59 nessai INFO    : Effective sample size: 7262.5
08-04 12:59 nessai INFO    : Producing posterior samples using rejection sampling
08-04 12:59 nessai INFO    : Expect 5122.573830499145 samples from rejection sampling
08-04 12:59 nessai INFO    : Returned 5107 posterior samples
08-04 13:01 nessai INFO    : Starting to close worker pool.
08-04 13:01 nessai INFO    : Finished closing worker pool.
