==========================================
 SchwartzSmithFWD training — job tag 89355_4
 batch_size=4096  alpha=0.10  beta=0.10
 n_epochs=600  patience=40
 lr=3.0e-4  weight_decay=1.0e-5
==========================================
Job tag: 89355_4
Effective hyperparameters: batch_size=4096  alpha=0.1  beta=0.1  n_epochs=600  patience=40  lr=0.0003  weight_decay=1e-05
Normalisation sanity checks (should all be O(1)):
  theta_norm:  mean=0.000  std=1.000
  F_norm:      mean=0.000  std=1.000
  grads_norm:  mean=0.030  std=0.130  max=2.5
Per-channel |grads_norm| max (should now be comparable across channels):
  dF_dlnkappa    : max=2.53
  dF_dsigma_chi  : max=0.96
  dF_dsigma_xi   : max=0.81
  dF_drho        : max=1.05
Epoch    1/600 | Train: 0.33229 | Val: 0.03591 | LR: 3.00e-04 | Elapsed: 7s
Epoch   10/600 | Train: 0.00186 | Val: 0.00173 | LR: 3.00e-04 | Elapsed: 71s
Epoch   20/600 | Train: 0.00061 | Val: 0.00058 | LR: 2.99e-04 | Elapsed: 140s
Epoch   30/600 | Train: 0.00029 | Val: 0.00028 | LR: 2.98e-04 | Elapsed: 213s
Epoch   40/600 | Train: 0.00016 | Val: 0.00016 | LR: 2.97e-04 | Elapsed: 283s
Epoch   50/600 | Train: 0.00010 | Val: 0.00010 | LR: 2.95e-04 | Elapsed: 355s
Epoch   60/600 | Train: 0.00007 | Val: 0.00006 | LR: 2.93e-04 | Elapsed: 423s
Epoch   70/600 | Train: 0.00005 | Val: 0.00005 | LR: 2.90e-04 | Elapsed: 496s
Epoch   80/600 | Train: 0.00004 | Val: 0.00003 | LR: 2.87e-04 | Elapsed: 567s
Epoch   90/600 | Train: 0.00003 | Val: 0.00003 | LR: 2.84e-04 | Elapsed: 637s
Epoch  100/600 | Train: 0.00002 | Val: 0.00003 | LR: 2.80e-04 | Elapsed: 708s
Epoch  110/600 | Train: 0.00002 | Val: 0.00002 | LR: 2.76e-04 | Elapsed: 780s
Epoch  120/600 | Train: 0.00002 | Val: 0.00002 | LR: 2.72e-04 | Elapsed: 850s
Epoch  130/600 | Train: 0.00001 | Val: 0.00001 | LR: 2.67e-04 | Elapsed: 921s
Epoch  140/600 | Train: 0.00001 | Val: 0.00001 | LR: 2.62e-04 | Elapsed: 993s
Epoch  150/600 | Train: 0.00001 | Val: 0.00001 | LR: 2.57e-04 | Elapsed: 1063s
Epoch  160/600 | Train: 0.00001 | Val: 0.00001 | LR: 2.51e-04 | Elapsed: 1135s
Epoch  170/600 | Train: 0.00001 | Val: 0.00001 | LR: 2.45e-04 | Elapsed: 1205s
