000 (319898.000.000) 2026-08-04 10:38:54 Job submitted from host: <130.209.45.81:9618?addrs=130.209.45.81-9618&alias=wiay.astro.gla.ac.uk&noUDP&sock=schedd_7939_1277>
    DAG Node: inj_bs1024_a0p10_b0p10_ep600_pat40_lr3p0e_04_wd1p0e_05_319402_3_0043
...
001 (319898.000.000) 2026-08-04 11:30:41 Job executing on host: <130.209.45.171:9619?addrs=130.209.45.171-9619&alias=puck.astro.gla.ac.uk&noUDP&sock=startd_79_147a>
	SlotName: slot1_5@puck.astro.gla.ac.uk
	AvailableGPUs = {  }
	CondorScratchDir = "/var/lib/condor/execute/dir_400419"
	Cpus = 4
	Disk = 2048
	GPUs = 0
	Memory = 16384
...
006 (319898.000.000) 2026-08-04 11:30:49 Image size of job updated: 651556
	637  -  MemoryUsage of job (MB)
	651556  -  ResidentSetSize of job (KB)
...
006 (319898.000.000) 2026-08-04 11:32:30 Image size of job updated: 765512
	637  -  MemoryUsage of job (MB)
	651556  -  ResidentSetSize of job (KB)
...
005 (319898.000.000) 2026-08-04 11:32:30 Job terminated.
	(1) Normal termination (return value 0)
		Usr 0 00:02:12, Sys 0 00:00:00  -  Run Remote Usage
		Usr 0 00:00:00, Sys 0 00:00:00  -  Run Local Usage
		Usr 0 00:02:12, Sys 0 00:00:00  -  Total Remote Usage
		Usr 0 00:00:00, Sys 0 00:00:00  -  Total Local Usage
	0  -  Run Bytes Sent By Job
	0  -  Run Bytes Received By Job
	0  -  Total Bytes Sent By Job
	0  -  Total Bytes Received By Job
	Partitionable Resources :    Usage  Request Allocated 
	   Cpus                 :     1.16        4         4 
	   Disk (KB)            :     1        1024      2048 
	   GPUs                 :                           0 
	   Memory (MB)          :   637       16384     16384 
	   TimeExecute (s)      :   109                       
	   TimeSlotBusy (s)     :   109                       
...
