000 (319957.000.000) 2026-08-04 10:39:03 Job submitted from host: <130.209.45.81:9618?addrs=130.209.45.81-9618&alias=wiay.astro.gla.ac.uk&noUDP&sock=schedd_7939_1277>
    DAG Node: inj_bs2048_a0p05_b0p05_ep600_pat40_lr3p0e_04_wd1p0e_05_319402_1_0032
...
012 (319957.000.000) 2026-08-04 11:45:59 Job was held.
	via condor_hold (by user 2673888s)
	Code 1 Subcode 0
...
013 (319957.000.000) 2026-08-04 11:57:02 Job was released.
	via condor_release (by user 2673888s)
...
012 (319957.000.000) 2026-08-04 12:09:38 Job was held.
	via condor_hold (by user 2673888s)
	Code 1 Subcode 0
...
013 (319957.000.000) 2026-08-04 12:31:27 Job was released.
	via condor_release (by user 2673888s)
...
001 (319957.000.000) 2026-08-04 13:32:50 Job executing on host: <172.20.45.180:9619?addrs=172.20.45.180-9619&alias=deneb.physics.gla.ac.uk&noUDP&sock=startd_35_e64f>
	SlotName: slot1_1@deneb.physics.gla.ac.uk
	CondorScratchDir = "/var/lib/condor/execute/dir_165625"
	Cpus = 4
	Disk = 2048
	GPUs = 0
	Memory = 16384
...
006 (319957.000.000) 2026-08-04 13:32:59 Image size of job updated: 164
	1  -  MemoryUsage of job (MB)
	164  -  ResidentSetSize of job (KB)
...
006 (319957.000.000) 2026-08-04 13:33:50 Image size of job updated: 699552
	640  -  MemoryUsage of job (MB)
	654960  -  ResidentSetSize of job (KB)
...
004 (319957.000.000) 2026-08-04 13:33:50 Job was evicted. Code 1005 Subcode 0
	(0) CPU times
		Usr 0 00:00:45, Sys 0 00:00:01  -  Run Remote Usage
		Usr 0 00:00:00, Sys 0 00:00:00  -  Run Local Usage
	0  -  Run Bytes Sent By Job
	0  -  Run Bytes Received By Job
	Partitionable Resources :    Usage  Request Allocated 
	   Cpus                 :        0        4         4 
	   Disk (KB)            :        1     1024      2048 
	   GPUs                 :                           0 
	   Memory (MB)          :      640    16384     16384 
	   TimeExecute (s)      :       60                    
	   TimeSlotBusy (s)     :       60                    
...
001 (319957.000.000) 2026-08-04 13:34:50 Job executing on host: <172.20.45.180:9619?addrs=172.20.45.180-9619&alias=deneb.physics.gla.ac.uk&noUDP&sock=startd_35_e64f>
	SlotName: slot1_1@deneb.physics.gla.ac.uk
	CondorScratchDir = "/var/lib/condor/execute/dir_165908"
	Cpus = 4
	Disk = 2048
	GPUs = 0
	Memory = 16384
...
004 (319957.000.000) 2026-08-04 13:35:50 Job was evicted. Code 1005 Subcode 0
	(0) CPU times
		Usr 0 00:00:00, Sys 0 00:00:00  -  Run Remote Usage
		Usr 0 00:00:00, Sys 0 00:00:00  -  Run Local Usage
	0  -  Run Bytes Sent By Job
	0  -  Run Bytes Received By Job
	Partitionable Resources :    Usage  Request Allocated 
	   Cpus                 :        0        4         4 
	   Disk (KB)            :        1     1024      2048 
	   GPUs                 :                           0 
	   Memory (MB)          :      733    16384     16384 
	   TimeExecute (s)      :       60                    
	   TimeSlotBusy (s)     :       60                    
...
001 (319957.000.000) 2026-08-04 13:36:51 Job executing on host: <130.209.203.190:9619?addrs=130.209.203.190-9619&alias=altair.astro.gla.ac.uk&noUDP&sock=startd_36_95e7>
	SlotName: slot1_1@altair.astro.gla.ac.uk
	CondorScratchDir = "/var/lib/condor/execute/dir_171763"
	Cpus = 4
	Disk = 2048
	GPUs = 0
	Memory = 16384
...
004 (319957.000.000) 2026-08-04 13:37:50 Job was evicted. Code 1005 Subcode 0
	(0) CPU times
		Usr 0 00:01:03, Sys 0 00:00:01  -  Run Remote Usage
		Usr 0 00:00:00, Sys 0 00:00:00  -  Run Local Usage
	0  -  Run Bytes Sent By Job
	0  -  Run Bytes Received By Job
	Partitionable Resources :    Usage  Request Allocated 
	   Cpus                 :        0        4         4 
	   Disk (KB)            :        1     1024      2048 
	   GPUs                 :                           0 
	   Memory (MB)          :      733    16384     16384 
	   TimeExecute (s)      :       59                    
	   TimeSlotBusy (s)     :       59                    
...
001 (319957.000.000) 2026-08-04 13:38:50 Job executing on host: <130.209.203.174:9619?addrs=130.209.203.174-9619&alias=andromeda.astro.gla.ac.uk&noUDP&sock=startd_34_36b7>
	SlotName: slot1_4@andromeda.astro.gla.ac.uk
	CondorScratchDir = "/var/lib/condor/execute/dir_387582"
	Cpus = 4
	Disk = 2048
	GPUs = 0
	Memory = 16384
...
006 (319957.000.000) 2026-08-04 13:42:55 Image size of job updated: 817744
	733  -  MemoryUsage of job (MB)
	750000  -  ResidentSetSize of job (KB)
...
005 (319957.000.000) 2026-08-04 13:42:55 Job terminated.
	(1) Normal termination (return value 0)
		Usr 0 00:04:59, Sys 0 00:00:02  -  Run Remote Usage
		Usr 0 00:00:00, Sys 0 00:00:00  -  Run Local Usage
		Usr 0 00:06:47, Sys 0 00:00:04  -  Total Remote Usage
		Usr 0 00:00:00, Sys 0 00:00:00  -  Total Local Usage
	0  -  Run Bytes Sent By Job
	0  -  Run Bytes Received By Job
	0  -  Total Bytes Sent By Job
	0  -  Total Bytes Received By Job
	Partitionable Resources :    Usage  Request Allocated 
	   Cpus                 :     1.39        4         4 
	   Disk (KB)            :     1        1024      2048 
	   GPUs                 :                           0 
	   Memory (MB)          :   733       16384     16384 
	   TimeExecute (s)      :   245                       
	   TimeSlotBusy (s)     :   245                       
...
