000 (319953.000.000) 2026-08-04 10:39:03 Job submitted from host: <130.209.45.81:9618?addrs=130.209.45.81-9618&alias=wiay.astro.gla.ac.uk&noUDP&sock=schedd_7939_1277>
    DAG Node: inj_bs2048_a0p05_b0p05_ep600_pat40_lr3p0e_04_wd1p0e_05_319402_1_0028
...
012 (319953.000.000) 2026-08-04 11:45:59 Job was held.
	via condor_hold (by user 2673888s)
	Code 1 Subcode 0
...
013 (319953.000.000) 2026-08-04 11:57:03 Job was released.
	via condor_release (by user 2673888s)
...
012 (319953.000.000) 2026-08-04 12:09:38 Job was held.
	via condor_hold (by user 2673888s)
	Code 1 Subcode 0
...
013 (319953.000.000) 2026-08-04 12:31:27 Job was released.
	via condor_release (by user 2673888s)
...
001 (319953.000.000) 2026-08-04 13:30:19 Job executing on host: <130.209.203.190:9619?addrs=130.209.203.190-9619&alias=altair.astro.gla.ac.uk&noUDP&sock=startd_36_95e7>
	SlotName: slot1_2@altair.astro.gla.ac.uk
	CondorScratchDir = "/var/lib/condor/execute/dir_171390"
	Cpus = 4
	Disk = 2048
	GPUs = 0
	Memory = 16384
...
006 (319953.000.000) 2026-08-04 13:30:28 Image size of job updated: 610640
	597  -  MemoryUsage of job (MB)
	610640  -  ResidentSetSize of job (KB)
...
006 (319953.000.000) 2026-08-04 13:30:50 Image size of job updated: 681612
	597  -  MemoryUsage of job (MB)
	610692  -  ResidentSetSize of job (KB)
...
004 (319953.000.000) 2026-08-04 13:30:50 Job was evicted. Code 1005 Subcode 0
	(0) CPU times
		Usr 0 00:00:31, Sys 0 00:00:01  -  Run Remote Usage
		Usr 0 00:00:00, Sys 0 00:00:00  -  Run Local Usage
	0  -  Run Bytes Sent By Job
	0  -  Run Bytes Received By Job
	Partitionable Resources :    Usage  Request Allocated 
	   Cpus                 :        0        4         4 
	   Disk (KB)            :        1     1024      2048 
	   GPUs                 :                           0 
	   Memory (MB)          :      597    16384     16384 
	   TimeExecute (s)      :       31                    
	   TimeSlotBusy (s)     :       31                    
...
001 (319953.000.000) 2026-08-04 13:31:50 Job executing on host: <130.209.203.174:9619?addrs=130.209.203.174-9619&alias=andromeda.astro.gla.ac.uk&noUDP&sock=startd_34_36b7>
	SlotName: slot1_11@andromeda.astro.gla.ac.uk
	CondorScratchDir = "/var/lib/condor/execute/dir_385516"
	Cpus = 4
	Disk = 2048
	GPUs = 0
	Memory = 16384
...
004 (319953.000.000) 2026-08-04 13:34:50 Job was evicted. Code 1005 Subcode 0
	(0) CPU times
		Usr 0 00:03:41, Sys 0 00:00:02  -  Run Remote Usage
		Usr 0 00:00:00, Sys 0 00:00:00  -  Run Local Usage
	0  -  Run Bytes Sent By Job
	0  -  Run Bytes Received By Job
	Partitionable Resources :    Usage  Request Allocated 
	   Cpus                 :     0.53        4         4 
	   Disk (KB)            :     1        1024      2048 
	   GPUs                 :                           0 
	   Memory (MB)          :   733       16384     16384 
	   TimeExecute (s)      :   180                       
	   TimeSlotBusy (s)     :   180                       
...
001 (319953.000.000) 2026-08-04 13:34:58 Job executing on host: <130.209.203.190:9619?addrs=130.209.203.190-9619&alias=altair.astro.gla.ac.uk&noUDP&sock=startd_36_95e7>
	SlotName: slot1_3@altair.astro.gla.ac.uk
	CondorScratchDir = "/var/lib/condor/execute/dir_171708"
	Cpus = 4
	Disk = 2048
	GPUs = 0
	Memory = 16384
...
006 (319953.000.000) 2026-08-04 13:40:07 Image size of job updated: 762620
	745  -  MemoryUsage of job (MB)
	762620  -  ResidentSetSize of job (KB)
...
006 (319953.000.000) 2026-08-04 13:43:33 Image size of job updated: 830416
	745  -  MemoryUsage of job (MB)
	762620  -  ResidentSetSize of job (KB)
...
005 (319953.000.000) 2026-08-04 13:43:33 Job terminated.
	(1) Normal termination (return value 0)
		Usr 0 00:11:30, Sys 0 00:00:02  -  Run Remote Usage
		Usr 0 00:00:00, Sys 0 00:00:00  -  Run Local Usage
		Usr 0 00:15:42, Sys 0 00:00:05  -  Total Remote Usage
		Usr 0 00:00:00, Sys 0 00:00:00  -  Total Local Usage
	0  -  Run Bytes Sent By Job
	0  -  Run Bytes Received By Job
	0  -  Total Bytes Sent By Job
	0  -  Total Bytes Received By Job
	Partitionable Resources :    Usage  Request Allocated 
	   Cpus                 :     1.34        4         4 
	   Disk (KB)            :     1        1024      2048 
	   GPUs                 :                           0 
	   Memory (MB)          :   745       16384     16384 
	   TimeExecute (s)      :   515                       
	   TimeSlotBusy (s)     :   515                       
...
