000 (320127.000.000) 2026-08-04 10:39:35 Job submitted from host: <130.209.45.81:9618?addrs=130.209.45.81-9618&alias=wiay.astro.gla.ac.uk&noUDP&sock=schedd_7939_1277>
    DAG Node: inj_bs2048_a0p10_b0p10_ep600_pat40_lr3p0e_04_wd1p0e_04_319402_6_0062
...
012 (320127.000.000) 2026-08-04 11:46:00 Job was held.
	via condor_hold (by user 2673888s)
	Code 1 Subcode 0
...
013 (320127.000.000) 2026-08-04 11:57:04 Job was released.
	via condor_release (by user 2673888s)
...
012 (320127.000.000) 2026-08-04 12:09:39 Job was held.
	via condor_hold (by user 2673888s)
	Code 1 Subcode 0
...
013 (320127.000.000) 2026-08-04 12:31:30 Job was released.
	via condor_release (by user 2673888s)
...
001 (320127.000.000) 2026-08-04 14:31:26 Job executing on host: <172.20.45.180:9619?addrs=172.20.45.180-9619&alias=deneb.physics.gla.ac.uk&noUDP&sock=startd_35_e64f>
	SlotName: slot1_1@deneb.physics.gla.ac.uk
	CondorScratchDir = "/var/lib/condor/execute/dir_168369"
	Cpus = 4
	Disk = 2048
	GPUs = 0
	Memory = 16384
...
006 (320127.000.000) 2026-08-04 14:31:35 Image size of job updated: 643432
	629  -  MemoryUsage of job (MB)
	643432  -  ResidentSetSize of job (KB)
...
006 (320127.000.000) 2026-08-04 14:34:41 Image size of job updated: 735136
	678  -  MemoryUsage of job (MB)
	693280  -  ResidentSetSize of job (KB)
...
004 (320127.000.000) 2026-08-04 14:34:41 Job was evicted. Code 1005 Subcode 0
	(0) CPU times
		Usr 0 00:04:33, Sys 0 00:00:01  -  Run Remote Usage
		Usr 0 00:00:00, Sys 0 00:00:00  -  Run Local Usage
	0  -  Run Bytes Sent By Job
	0  -  Run Bytes Received By Job
	Partitionable Resources :    Usage  Request Allocated 
	   Cpus                 :     1.63        4         4 
	   Disk (KB)            :     1        1024      2048 
	   GPUs                 :                           0 
	   Memory (MB)          :   678       16384     16384 
	   TimeExecute (s)      :   195                       
	   TimeSlotBusy (s)     :   195                       
...
001 (320127.000.000) 2026-08-04 14:34:49 Job executing on host: <130.209.203.190:9619?addrs=130.209.203.190-9619&alias=altair.astro.gla.ac.uk&noUDP&sock=startd_36_95e7>
	SlotName: slot1_1@altair.astro.gla.ac.uk
	CondorScratchDir = "/var/lib/condor/execute/dir_173688"
	Cpus = 4
	Disk = 2048
	GPUs = 0
	Memory = 16384
...
004 (320127.000.000) 2026-08-04 14:36:01 Job was evicted. Code 1005 Subcode 0
	(0) CPU times
		Usr 0 00:01:24, Sys 0 00:00:01  -  Run Remote Usage
		Usr 0 00:00:00, Sys 0 00:00:00  -  Run Local Usage
	0  -  Run Bytes Sent By Job
	0  -  Run Bytes Received By Job
	Partitionable Resources :    Usage  Request Allocated 
	   Cpus                 :        0        4         4 
	   Disk (KB)            :        1     1024      2048 
	   GPUs                 :                           0 
	   Memory (MB)          :      733    16384     16384 
	   TimeExecute (s)      :       72                    
	   TimeSlotBusy (s)     :       72                    
...
001 (320127.000.000) 2026-08-04 14:36:09 Job executing on host: <130.209.45.171:9619?addrs=130.209.45.171-9619&alias=puck.astro.gla.ac.uk&noUDP&sock=startd_79_147a>
	SlotName: slot1_1@puck.astro.gla.ac.uk
	AvailableGPUs = {  }
	CondorScratchDir = "/var/lib/condor/execute/dir_403474"
	Cpus = 4
	Disk = 2048
	GPUs = 0
	Memory = 16384
...
006 (320127.000.000) 2026-08-04 14:41:17 Image size of job updated: 768432
	739  -  MemoryUsage of job (MB)
	756140  -  ResidentSetSize of job (KB)
...
006 (320127.000.000) 2026-08-04 14:41:28 Image size of job updated: 779752
	739  -  MemoryUsage of job (MB)
	756140  -  ResidentSetSize of job (KB)
...
005 (320127.000.000) 2026-08-04 14:41:28 Job terminated.
	(1) Normal termination (return value 0)
		Usr 0 00:07:18, Sys 0 00:00:01  -  Run Remote Usage
		Usr 0 00:00:00, Sys 0 00:00:00  -  Run Local Usage
		Usr 0 00:13:15, Sys 0 00:00:03  -  Total Remote Usage
		Usr 0 00:00:00, Sys 0 00:00:00  -  Total Local Usage
	0  -  Run Bytes Sent By Job
	0  -  Run Bytes Received By Job
	0  -  Total Bytes Sent By Job
	0  -  Total Bytes Received By Job
	Partitionable Resources :    Usage  Request Allocated 
	   Cpus                 :     1.47        4         4 
	   Disk (KB)            :     1        1024      2048 
	   GPUs                 :                           0 
	   Memory (MB)          :   739       16384     16384 
	   TimeExecute (s)      :   319                       
	   TimeSlotBusy (s)     :   319                       
...
