000 (319908.000.000) 2026-08-04 10:38:55 Job submitted from host: <130.209.45.81:9618?addrs=130.209.45.81-9618&alias=wiay.astro.gla.ac.uk&noUDP&sock=schedd_7939_1277>
    DAG Node: inj_bs1024_a0p10_b0p10_ep600_pat40_lr3p0e_04_wd1p0e_05_319402_3_0053
...
001 (319908.000.000) 2026-08-04 11:45:38 Job executing on host: <130.209.45.171:9619?addrs=130.209.45.171-9619&alias=puck.astro.gla.ac.uk&noUDP&sock=startd_79_147a>
	SlotName: slot1_5@puck.astro.gla.ac.uk
	AvailableGPUs = {  }
	CondorScratchDir = "/var/lib/condor/execute/dir_400700"
	Cpus = 4
	Disk = 2048
	GPUs = 0
	Memory = 16384
...
006 (319908.000.000) 2026-08-04 11:45:46 Image size of job updated: 656836
	642  -  MemoryUsage of job (MB)
	656836  -  ResidentSetSize of job (KB)
...
006 (319908.000.000) 2026-08-04 11:45:57 Image size of job updated: 688604
	673  -  MemoryUsage of job (MB)
	688604  -  ResidentSetSize of job (KB)
...
004 (319908.000.000) 2026-08-04 11:45:57 Job was evicted.
	(0) CPU times
		Usr 0 00:00:20, Sys 0 00:00:00  -  Run Remote Usage
		Usr 0 00:00:00, Sys 0 00:00:00  -  Run Local Usage
	0  -  Run Bytes Sent By Job
	0  -  Run Bytes Received By Job
	Partitionable Resources :    Usage  Request Allocated 
	   Cpus                 :        0        4         4 
	   Disk (KB)            :        1     1024      2048 
	   GPUs                 :                           0 
	   Memory (MB)          :      673    16384     16384 
	   TimeExecute (s)      :       19                    
	   TimeSlotBusy (s)     :       19                    
...
012 (319908.000.000) 2026-08-04 11:45:57 Job was held.
	via condor_hold (by user 2673888s)
	Code 1 Subcode 0
...
013 (319908.000.000) 2026-08-04 11:57:00 Job was released.
	via condor_release (by user 2673888s)
...
001 (319908.000.000) 2026-08-04 11:57:01 Job executing on host: <130.209.45.171:9619?addrs=130.209.45.171-9619&alias=puck.astro.gla.ac.uk&noUDP&sock=startd_79_147a>
	SlotName: slot1_7@puck.astro.gla.ac.uk
	AvailableGPUs = {  }
	CondorScratchDir = "/var/lib/condor/execute/dir_401073"
	Cpus = 4
	Disk = 2048
	GPUs = 0
	Memory = 16384
...
006 (319908.000.000) 2026-08-04 12:00:40 Image size of job updated: 808476
	733  -  MemoryUsage of job (MB)
	750000  -  ResidentSetSize of job (KB)
...
005 (319908.000.000) 2026-08-04 12:00:40 Job terminated.
	(1) Normal termination (return value 0)
		Usr 0 00:04:37, Sys 0 00:00:01  -  Run Remote Usage
		Usr 0 00:00:00, Sys 0 00:00:00  -  Run Local Usage
		Usr 0 00:04:57, Sys 0 00:00:01  -  Total Remote Usage
		Usr 0 00:00:00, Sys 0 00:00:00  -  Total Local Usage
	0  -  Run Bytes Sent By Job
	0  -  Run Bytes Received By Job
	0  -  Total Bytes Sent By Job
	0  -  Total Bytes Received By Job
	Partitionable Resources :    Usage  Request Allocated 
	   Cpus                 :        0        4         4 
	   Disk (KB)            :        1     1024      2048 
	   GPUs                 :                           0 
	   Memory (MB)          :      733    16384     16384 
	   TimeExecute (s)      :      219                    
	   TimeSlotBusy (s)     :      219                    
...
