000 (320317.000.000) 2026-08-04 10:40:12 Job submitted from host: <130.209.45.81:9618?addrs=130.209.45.81-9618&alias=wiay.astro.gla.ac.uk&noUDP&sock=schedd_7939_1277>
    DAG Node: inj_bs4096_a0p10_b0p10_ep600_pat40_lr3p0e_04_wd1p0e_05_319402_4_0042
...
012 (320317.000.000) 2026-08-04 11:46:00 Job was held.
	via condor_hold (by user 2673888s)
	Code 1 Subcode 0
...
013 (320317.000.000) 2026-08-04 11:57:04 Job was released.
	via condor_release (by user 2673888s)
...
012 (320317.000.000) 2026-08-04 12:09:40 Job was held.
	via condor_hold (by user 2673888s)
	Code 1 Subcode 0
...
013 (320317.000.000) 2026-08-04 12:31:30 Job was released.
	via condor_release (by user 2673888s)
...
001 (320317.000.000) 2026-08-04 16:58:47 Job executing on host: <130.209.45.171:9619?addrs=130.209.45.171-9619&alias=puck.astro.gla.ac.uk&noUDP&sock=startd_79_147a>
	SlotName: slot1_7@puck.astro.gla.ac.uk
	AvailableGPUs = {  }
	CondorScratchDir = "/var/lib/condor/execute/dir_407644"
	Cpus = 4
	Disk = 2048
	GPUs = 0
	Memory = 16384
...
006 (320317.000.000) 2026-08-04 16:58:56 Image size of job updated: 657112
	642  -  MemoryUsage of job (MB)
	657112  -  ResidentSetSize of job (KB)
...
006 (320317.000.000) 2026-08-04 17:03:00 Image size of job updated: 839768
	642  -  MemoryUsage of job (MB)
	657112  -  ResidentSetSize of job (KB)
...
005 (320317.000.000) 2026-08-04 17:03:00 Job terminated.
	(1) Normal termination (return value 0)
		Usr 0 00:05:33, Sys 0 00:00:01  -  Run Remote Usage
		Usr 0 00:00:00, Sys 0 00:00:00  -  Run Local Usage
		Usr 0 00:05:33, Sys 0 00:00:01  -  Total Remote Usage
		Usr 0 00:00:00, Sys 0 00:00:00  -  Total Local Usage
	0  -  Run Bytes Sent By Job
	0  -  Run Bytes Received By Job
	0  -  Total Bytes Sent By Job
	0  -  Total Bytes Received By Job
	Partitionable Resources :    Usage  Request Allocated 
	   Cpus                 :     1.42        4         4 
	   Disk (KB)            :     1        1024      2048 
	   GPUs                 :                           0 
	   Memory (MB)          :   642       16384     16384 
	   TimeExecute (s)      :   253                       
	   TimeSlotBusy (s)     :   253                       
...
