000 (320036.000.000) 2026-08-04 10:39:20 Job submitted from host: <130.209.45.81:9618?addrs=130.209.45.81-9618&alias=wiay.astro.gla.ac.uk&noUDP&sock=schedd_7939_1277>
    DAG Node: inj_bs2048_a0p10_b0p10_ep600_pat40_lr1p0e_04_wd1p0e_05_319402_5_0041
...
012 (320036.000.000) 2026-08-04 11:45:59 Job was held.
	via condor_hold (by user 2673888s)
	Code 1 Subcode 0
...
013 (320036.000.000) 2026-08-04 11:57:04 Job was released.
	via condor_release (by user 2673888s)
...
012 (320036.000.000) 2026-08-04 12:09:39 Job was held.
	via condor_hold (by user 2673888s)
	Code 1 Subcode 0
...
013 (320036.000.000) 2026-08-04 12:31:29 Job was released.
	via condor_release (by user 2673888s)
...
001 (320036.000.000) 2026-08-04 14:04:58 Job executing on host: <130.209.203.174:9619?addrs=130.209.203.174-9619&alias=andromeda.astro.gla.ac.uk&noUDP&sock=startd_34_36b7>
	SlotName: slot1_3@andromeda.astro.gla.ac.uk
	CondorScratchDir = "/var/lib/condor/execute/dir_391014"
	Cpus = 4
	Disk = 2048
	GPUs = 0
	Memory = 16384
...
006 (320036.000.000) 2026-08-04 14:05:07 Image size of job updated: 647120
	632  -  MemoryUsage of job (MB)
	647120  -  ResidentSetSize of job (KB)
...
006 (320036.000.000) 2026-08-04 14:10:08 Image size of job updated: 760836
	735  -  MemoryUsage of job (MB)
	752244  -  ResidentSetSize of job (KB)
...
006 (320036.000.000) 2026-08-04 14:11:45 Image size of job updated: 768824
	735  -  MemoryUsage of job (MB)
	752244  -  ResidentSetSize of job (KB)
...
005 (320036.000.000) 2026-08-04 14:11:45 Job terminated.
	(1) Normal termination (return value 0)
		Usr 0 00:08:56, Sys 0 00:00:02  -  Run Remote Usage
		Usr 0 00:00:00, Sys 0 00:00:00  -  Run Local Usage
		Usr 0 00:08:56, Sys 0 00:00:02  -  Total Remote Usage
		Usr 0 00:00:00, Sys 0 00:00:00  -  Total Local Usage
	0  -  Run Bytes Sent By Job
	0  -  Run Bytes Received By Job
	0  -  Total Bytes Sent By Job
	0  -  Total Bytes Received By Job
	Partitionable Resources :    Usage  Request Allocated 
	   Cpus                 :     1.37        4         4 
	   Disk (KB)            :     1        1024      2048 
	   GPUs                 :                           0 
	   Memory (MB)          :   735       16384     16384 
	   TimeExecute (s)      :   407                       
	   TimeSlotBusy (s)     :   407                       
...
