000 (320208.000.000) 2026-08-04 10:39:48 Job submitted from host: <130.209.45.81:9618?addrs=130.209.45.81-9618&alias=wiay.astro.gla.ac.uk&noUDP&sock=schedd_7939_1277>
    DAG Node: inj_bs2048_a0p20_b0p20_ep600_pat40_lr3p0e_04_wd1p0e_05_319402_2_0003
...
012 (320208.000.000) 2026-08-04 11:46:01 Job was held.
	via condor_hold (by user 2673888s)
	Code 1 Subcode 0
...
013 (320208.000.000) 2026-08-04 11:57:05 Job was released.
	via condor_release (by user 2673888s)
...
012 (320208.000.000) 2026-08-04 12:09:40 Job was held.
	via condor_hold (by user 2673888s)
	Code 1 Subcode 0
...
013 (320208.000.000) 2026-08-04 12:31:31 Job was released.
	via condor_release (by user 2673888s)
...
001 (320208.000.000) 2026-08-04 15:33:47 Job executing on host: <172.20.45.180:9619?addrs=172.20.45.180-9619&alias=deneb.physics.gla.ac.uk&noUDP&sock=startd_35_e64f>
	SlotName: slot1_5@deneb.physics.gla.ac.uk
	CondorScratchDir = "/var/lib/condor/execute/dir_170640"
	Cpus = 4
	Disk = 2048
	GPUs = 0
	Memory = 16384
...
006 (320208.000.000) 2026-08-04 15:33:56 Image size of job updated: 164
	1  -  MemoryUsage of job (MB)
	164  -  ResidentSetSize of job (KB)
...
006 (320208.000.000) 2026-08-04 15:38:57 Image size of job updated: 719020
	703  -  MemoryUsage of job (MB)
	719020  -  ResidentSetSize of job (KB)
...
006 (320208.000.000) 2026-08-04 15:40:07 Image size of job updated: 732996
	703  -  MemoryUsage of job (MB)
	719020  -  ResidentSetSize of job (KB)
...
004 (320208.000.000) 2026-08-04 15:40:07 Job was evicted. Code 1005 Subcode 0
	(0) CPU times
		Usr 0 00:04:56, Sys 0 00:00:03  -  Run Remote Usage
		Usr 0 00:00:00, Sys 0 00:00:00  -  Run Local Usage
	0  -  Run Bytes Sent By Job
	0  -  Run Bytes Received By Job
	Partitionable Resources :    Usage  Request Allocated 
	   Cpus                 :     1.14        4         4 
	   Disk (KB)            :     1        1024      2048 
	   GPUs                 :                           0 
	   Memory (MB)          :   703       16384     16384 
	   TimeExecute (s)      :   380                       
	   TimeSlotBusy (s)     :   380                       
...
001 (320208.000.000) 2026-08-04 15:40:28 Job executing on host: <130.209.45.171:9619?addrs=130.209.45.171-9619&alias=puck.astro.gla.ac.uk&noUDP&sock=startd_79_147a>
	SlotName: slot1_7@puck.astro.gla.ac.uk
	AvailableGPUs = {  }
	CondorScratchDir = "/var/lib/condor/execute/dir_405271"
	Cpus = 4
	Disk = 2048
	GPUs = 0
	Memory = 16384
...
006 (320208.000.000) 2026-08-04 15:42:28 Image size of job updated: 757096
	733  -  MemoryUsage of job (MB)
	750000  -  ResidentSetSize of job (KB)
...
005 (320208.000.000) 2026-08-04 15:42:28 Job terminated.
	(1) Normal termination (return value 0)
		Usr 0 00:02:21, Sys 0 00:00:00  -  Run Remote Usage
		Usr 0 00:00:00, Sys 0 00:00:00  -  Run Local Usage
		Usr 0 00:07:17, Sys 0 00:00:03  -  Total Remote Usage
		Usr 0 00:00:00, Sys 0 00:00:00  -  Total Local Usage
	0  -  Run Bytes Sent By Job
	0  -  Run Bytes Received By Job
	0  -  Total Bytes Sent By Job
	0  -  Total Bytes Received By Job
	Partitionable Resources :    Usage  Request Allocated 
	   Cpus                 :     1.17        4         4 
	   Disk (KB)            :     1        1024      2048 
	   GPUs                 :                           0 
	   Memory (MB)          :   733       16384     16384 
	   TimeExecute (s)      :   120                       
	   TimeSlotBusy (s)     :   120                       
...
