000 (320305.000.000) 2026-08-04 10:40:03 Job submitted from host: <130.209.45.81:9618?addrs=130.209.45.81-9618&alias=wiay.astro.gla.ac.uk&noUDP&sock=schedd_7939_1277>
    DAG Node: inj_bs4096_a0p10_b0p10_ep600_pat40_lr3p0e_04_wd1p0e_05_319402_4_0030
...
012 (320305.000.000) 2026-08-04 11:46:01 Job was held.
	via condor_hold (by user 2673888s)
	Code 1 Subcode 0
...
013 (320305.000.000) 2026-08-04 11:57:05 Job was released.
	via condor_release (by user 2673888s)
...
012 (320305.000.000) 2026-08-04 12:09:40 Job was held.
	via condor_hold (by user 2673888s)
	Code 1 Subcode 0
...
013 (320305.000.000) 2026-08-04 12:31:31 Job was released.
	via condor_release (by user 2673888s)
...
001 (320305.000.000) 2026-08-04 16:49:43 Job executing on host: <130.209.203.174:9619?addrs=130.209.203.174-9619&alias=andromeda.astro.gla.ac.uk&noUDP&sock=startd_34_36b7>
	SlotName: slot1_12@andromeda.astro.gla.ac.uk
	CondorScratchDir = "/var/lib/condor/execute/dir_405962"
	Cpus = 4
	Disk = 2048
	GPUs = 0
	Memory = 16384
...
006 (320305.000.000) 2026-08-04 16:49:51 Image size of job updated: 374800
	367  -  MemoryUsage of job (MB)
	374800  -  ResidentSetSize of job (KB)
...
006 (320305.000.000) 2026-08-04 16:50:42 Image size of job updated: 683064
	544  -  MemoryUsage of job (MB)
	556700  -  ResidentSetSize of job (KB)
...
004 (320305.000.000) 2026-08-04 16:50:42 Job was evicted. Code 1005 Subcode 0
	(0) CPU times
		Usr 0 00:00:57, Sys 0 00:00:02  -  Run Remote Usage
		Usr 0 00:00:00, Sys 0 00:00:00  -  Run Local Usage
	0  -  Run Bytes Sent By Job
	0  -  Run Bytes Received By Job
	Partitionable Resources :    Usage  Request Allocated 
	   Cpus                 :        0        4         4 
	   Disk (KB)            :        1     1024      2048 
	   GPUs                 :                           0 
	   Memory (MB)          :      544    16384     16384 
	   TimeExecute (s)      :       59                    
	   TimeSlotBusy (s)     :       60                    
...
001 (320305.000.000) 2026-08-04 16:51:25 Job executing on host: <130.209.45.171:9619?addrs=130.209.45.171-9619&alias=puck.astro.gla.ac.uk&noUDP&sock=startd_79_147a>
	SlotName: slot1_8@puck.astro.gla.ac.uk
	AvailableGPUs = {  }
	CondorScratchDir = "/var/lib/condor/execute/dir_407400"
	Cpus = 4
	Disk = 2048
	GPUs = 0
	Memory = 16384
...
006 (320305.000.000) 2026-08-04 16:53:01 Image size of job updated: 754936
	733  -  MemoryUsage of job (MB)
	750000  -  ResidentSetSize of job (KB)
...
005 (320305.000.000) 2026-08-04 16:53:01 Job terminated.
	(1) Normal termination (return value 0)
		Usr 0 00:01:51, Sys 0 00:00:00  -  Run Remote Usage
		Usr 0 00:00:00, Sys 0 00:00:00  -  Run Local Usage
		Usr 0 00:02:48, Sys 0 00:00:02  -  Total Remote Usage
		Usr 0 00:00:00, Sys 0 00:00:00  -  Total Local Usage
	0  -  Run Bytes Sent By Job
	0  -  Run Bytes Received By Job
	0  -  Total Bytes Sent By Job
	0  -  Total Bytes Received By Job
	Partitionable Resources :    Usage  Request Allocated 
	   Cpus                 :        0        4         4 
	   Disk (KB)            :        1     1024      2048 
	   GPUs                 :                           0 
	   Memory (MB)          :      733    16384     16384 
	   TimeExecute (s)      :       96                    
	   TimeSlotBusy (s)     :       96                    
...
