000 (320260.000.000) 2026-08-04 10:39:59 Job submitted from host: <130.209.45.81:9618?addrs=130.209.45.81-9618&alias=wiay.astro.gla.ac.uk&noUDP&sock=schedd_7939_1277>
    DAG Node: inj_bs2048_a0p20_b0p20_ep600_pat40_lr3p0e_04_wd1p0e_05_319402_2_0055
...
012 (320260.000.000) 2026-08-04 11:45:59 Job was held.
	via condor_hold (by user 2673888s)
	Code 1 Subcode 0
...
013 (320260.000.000) 2026-08-04 11:57:02 Job was released.
	via condor_release (by user 2673888s)
...
012 (320260.000.000) 2026-08-04 12:09:38 Job was held.
	via condor_hold (by user 2673888s)
	Code 1 Subcode 0
...
013 (320260.000.000) 2026-08-04 12:31:27 Job was released.
	via condor_release (by user 2673888s)
...
001 (320260.000.000) 2026-08-04 16:14:08 Job executing on host: <172.20.45.180:9619?addrs=172.20.45.180-9619&alias=deneb.physics.gla.ac.uk&noUDP&sock=startd_35_e64f>
	SlotName: slot1_1@deneb.physics.gla.ac.uk
	CondorScratchDir = "/var/lib/condor/execute/dir_172579"
	Cpus = 4
	Disk = 2048
	GPUs = 0
	Memory = 16384
...
006 (320260.000.000) 2026-08-04 16:14:17 Image size of job updated: 164
	1  -  MemoryUsage of job (MB)
	164  -  ResidentSetSize of job (KB)
...
006 (320260.000.000) 2026-08-04 16:18:08 Image size of job updated: 735360
	564  -  MemoryUsage of job (MB)
	576756  -  ResidentSetSize of job (KB)
...
004 (320260.000.000) 2026-08-04 16:18:08 Job was evicted. Code 1005 Subcode 0
	(0) CPU times
		Usr 0 00:02:16, Sys 0 00:00:02  -  Run Remote Usage
		Usr 0 00:00:00, Sys 0 00:00:00  -  Run Local Usage
	0  -  Run Bytes Sent By Job
	0  -  Run Bytes Received By Job
	Partitionable Resources :    Usage  Request Allocated 
	   Cpus                 :        0        4         4 
	   Disk (KB)            :        1     1024      2048 
	   GPUs                 :                           0 
	   Memory (MB)          :      564    16384     16384 
	   TimeExecute (s)      :      240                    
	   TimeSlotBusy (s)     :      240                    
...
001 (320260.000.000) 2026-08-04 16:18:15 Job executing on host: <130.209.203.190:9619?addrs=130.209.203.190-9619&alias=altair.astro.gla.ac.uk&noUDP&sock=startd_36_95e7>
	SlotName: slot1_1@altair.astro.gla.ac.uk
	CondorScratchDir = "/var/lib/condor/execute/dir_177778"
	Cpus = 4
	Disk = 2048
	GPUs = 0
	Memory = 16384
...
004 (320260.000.000) 2026-08-04 16:20:08 Job was evicted. Code 1005 Subcode 0
	(0) CPU times
		Usr 0 00:02:23, Sys 0 00:00:01  -  Run Remote Usage
		Usr 0 00:00:00, Sys 0 00:00:00  -  Run Local Usage
	0  -  Run Bytes Sent By Job
	0  -  Run Bytes Received By Job
	Partitionable Resources :    Usage  Request Allocated 
	   Cpus                 :        0        4         4 
	   Disk (KB)            :        1     1024      2048 
	   GPUs                 :                           0 
	   Memory (MB)          :      733    16384     16384 
	   TimeExecute (s)      :      113                    
	   TimeSlotBusy (s)     :      113                    
...
001 (320260.000.000) 2026-08-04 16:21:08 Job executing on host: <130.209.45.171:9619?addrs=130.209.45.171-9619&alias=puck.astro.gla.ac.uk&noUDP&sock=startd_79_147a>
	SlotName: slot1_7@puck.astro.gla.ac.uk
	AvailableGPUs = {  }
	CondorScratchDir = "/var/lib/condor/execute/dir_406503"
	Cpus = 4
	Disk = 2048
	GPUs = 0
	Memory = 16384
...
006 (320260.000.000) 2026-08-04 16:25:43 Image size of job updated: 792312
	733  -  MemoryUsage of job (MB)
	750000  -  ResidentSetSize of job (KB)
...
005 (320260.000.000) 2026-08-04 16:25:43 Job terminated.
	(1) Normal termination (return value 0)
		Usr 0 00:05:56, Sys 0 00:00:01  -  Run Remote Usage
		Usr 0 00:00:00, Sys 0 00:00:00  -  Run Local Usage
		Usr 0 00:10:35, Sys 0 00:00:04  -  Total Remote Usage
		Usr 0 00:00:00, Sys 0 00:00:00  -  Total Local Usage
	0  -  Run Bytes Sent By Job
	0  -  Run Bytes Received By Job
	0  -  Total Bytes Sent By Job
	0  -  Total Bytes Received By Job
	Partitionable Resources :    Usage  Request Allocated 
	   Cpus                 :     1.05        4         4 
	   Disk (KB)            :     1        1024      2048 
	   GPUs                 :                           0 
	   Memory (MB)          :   733       16384     16384 
	   TimeExecute (s)      :   275                       
	   TimeSlotBusy (s)     :   275                       
...
