000 (320280.000.000) 2026-08-04 10:40:01 Job submitted from host: <130.209.45.81:9618?addrs=130.209.45.81-9618&alias=wiay.astro.gla.ac.uk&noUDP&sock=schedd_7939_1277>
    DAG Node: inj_bs4096_a0p10_b0p10_ep600_pat40_lr3p0e_04_wd1p0e_05_319402_4_0005
...
012 (320280.000.000) 2026-08-04 11:45:58 Job was held.
	via condor_hold (by user 2673888s)
	Code 1 Subcode 0
...
013 (320280.000.000) 2026-08-04 11:57:01 Job was released.
	via condor_release (by user 2673888s)
...
012 (320280.000.000) 2026-08-04 12:09:36 Job was held.
	via condor_hold (by user 2673888s)
	Code 1 Subcode 0
...
013 (320280.000.000) 2026-08-04 12:31:25 Job was released.
	via condor_release (by user 2673888s)
...
001 (320280.000.000) 2026-08-04 16:30:44 Job executing on host: <130.209.203.190:9619?addrs=130.209.203.190-9619&alias=altair.astro.gla.ac.uk&noUDP&sock=startd_36_95e7>
	SlotName: slot1_4@altair.astro.gla.ac.uk
	CondorScratchDir = "/var/lib/condor/execute/dir_177969"
	Cpus = 4
	Disk = 2048
	GPUs = 0
	Memory = 16384
...
006 (320280.000.000) 2026-08-04 16:30:53 Image size of job updated: 160
	1  -  MemoryUsage of job (MB)
	160  -  ResidentSetSize of job (KB)
...
006 (320280.000.000) 2026-08-04 16:31:45 Image size of job updated: 645260
	151  -  MemoryUsage of job (MB)
	154452  -  ResidentSetSize of job (KB)
...
004 (320280.000.000) 2026-08-04 16:31:45 Job was evicted. Code 1005 Subcode 0
	(0) CPU times
		Usr 0 00:00:39, Sys 0 00:00:03  -  Run Remote Usage
		Usr 0 00:00:00, Sys 0 00:00:00  -  Run Local Usage
	0  -  Run Bytes Sent By Job
	0  -  Run Bytes Received By Job
	Partitionable Resources :    Usage  Request Allocated 
	   Cpus                 :     1.08        4         4 
	   Disk (KB)            :     1        1024      2048 
	   GPUs                 :                           0 
	   Memory (MB)          :   151       16384     16384 
	   TimeExecute (s)      :    61                       
	   TimeSlotBusy (s)     :    61                       
...
001 (320280.000.000) 2026-08-04 16:32:42 Job executing on host: <172.20.45.180:9619?addrs=172.20.45.180-9619&alias=deneb.physics.gla.ac.uk&noUDP&sock=startd_35_e64f>
	SlotName: slot1_4@deneb.physics.gla.ac.uk
	CondorScratchDir = "/var/lib/condor/execute/dir_173094"
	Cpus = 4
	Disk = 2048
	GPUs = 0
	Memory = 16384
...
006 (320280.000.000) 2026-08-04 16:36:42 Image size of job updated: 750000
	666  -  MemoryUsage of job (MB)
	681424  -  ResidentSetSize of job (KB)
...
004 (320280.000.000) 2026-08-04 16:36:42 Job was evicted. Code 1005 Subcode 0
	(0) CPU times
		Usr 0 00:02:31, Sys 0 00:00:02  -  Run Remote Usage
		Usr 0 00:00:00, Sys 0 00:00:00  -  Run Local Usage
	0  -  Run Bytes Sent By Job
	0  -  Run Bytes Received By Job
	Partitionable Resources :    Usage  Request Allocated 
	   Cpus                 :        0        4         4 
	   Disk (KB)            :        1     1024      2048 
	   GPUs                 :                           0 
	   Memory (MB)          :      666    16384     16384 
	   TimeExecute (s)      :      240                    
	   TimeSlotBusy (s)     :      240                    
...
001 (320280.000.000) 2026-08-04 16:36:43 Job executing on host: <130.209.45.171:9619?addrs=130.209.45.171-9619&alias=puck.astro.gla.ac.uk&noUDP&sock=startd_79_147a>
	SlotName: slot1_7@puck.astro.gla.ac.uk
	AvailableGPUs = {  }
	CondorScratchDir = "/var/lib/condor/execute/dir_406952"
	Cpus = 4
	Disk = 2048
	GPUs = 0
	Memory = 16384
...
005 (320280.000.000) 2026-08-04 16:39:14 Job terminated.
	(1) Normal termination (return value 0)
		Usr 0 00:03:09, Sys 0 00:00:00  -  Run Remote Usage
		Usr 0 00:00:00, Sys 0 00:00:00  -  Run Local Usage
		Usr 0 00:06:19, Sys 0 00:00:05  -  Total Remote Usage
		Usr 0 00:00:00, Sys 0 00:00:00  -  Total Local Usage
	0  -  Run Bytes Sent By Job
	0  -  Run Bytes Received By Job
	0  -  Total Bytes Sent By Job
	0  -  Total Bytes Received By Job
	Partitionable Resources :    Usage  Request Allocated 
	   Cpus                 :     0.42        4         4 
	   Disk (KB)            :     1        1024      2048 
	   GPUs                 :                           0 
	   Memory (MB)          :   733       16384     16384 
	   TimeExecute (s)      :   151                       
	   TimeSlotBusy (s)     :   151                       
...
