000 (319954.000.000) 2026-08-04 10:39:03 Job submitted from host: <130.209.45.81:9618?addrs=130.209.45.81-9618&alias=wiay.astro.gla.ac.uk&noUDP&sock=schedd_7939_1277>
    DAG Node: inj_bs2048_a0p05_b0p05_ep600_pat40_lr3p0e_04_wd1p0e_05_319402_1_0029
...
012 (319954.000.000) 2026-08-04 11:46:03 Job was held.
	via condor_hold (by user 2673888s)
	Code 1 Subcode 0
...
013 (319954.000.000) 2026-08-04 11:57:08 Job was released.
	via condor_release (by user 2673888s)
...
012 (319954.000.000) 2026-08-04 12:09:43 Job was held.
	via condor_hold (by user 2673888s)
	Code 1 Subcode 0
...
013 (319954.000.000) 2026-08-04 12:31:35 Job was released.
	via condor_release (by user 2673888s)
...
001 (319954.000.000) 2026-08-04 13:30:34 Job executing on host: <130.209.203.171:9619?addrs=130.209.203.171-9619&alias=balta.physics.gla.ac.uk&noUDP&sock=startd_79_147a>
	SlotName: slot1_5@balta.physics.gla.ac.uk
	AvailableGPUs = {  }
	CondorScratchDir = "/var/lib/condor/execute/dir_154998"
	Cpus = 4
	Disk = 2048
	GPUs = 0
	Memory = 16384
...
006 (319954.000.000) 2026-08-04 13:30:43 Image size of job updated: 615512
	602  -  MemoryUsage of job (MB)
	615512  -  ResidentSetSize of job (KB)
...
006 (319954.000.000) 2026-08-04 13:35:44 Image size of job updated: 759336
	739  -  MemoryUsage of job (MB)
	756208  -  ResidentSetSize of job (KB)
...
006 (319954.000.000) 2026-08-04 13:40:44 Image size of job updated: 798564
	780  -  MemoryUsage of job (MB)
	798564  -  ResidentSetSize of job (KB)
...
006 (319954.000.000) 2026-08-04 13:40:52 Image size of job updated: 798572
	780  -  MemoryUsage of job (MB)
	798564  -  ResidentSetSize of job (KB)
...
005 (319954.000.000) 2026-08-04 13:40:52 Job terminated.
	(1) Normal termination (return value 0)
		Usr 0 00:14:31, Sys 0 00:00:02  -  Run Remote Usage
		Usr 0 00:00:00, Sys 0 00:00:00  -  Run Local Usage
		Usr 0 00:14:31, Sys 0 00:00:02  -  Total Remote Usage
		Usr 0 00:00:00, Sys 0 00:00:00  -  Total Local Usage
	0  -  Run Bytes Sent By Job
	0  -  Run Bytes Received By Job
	0  -  Total Bytes Sent By Job
	0  -  Total Bytes Received By Job
	Partitionable Resources :    Usage  Request Allocated 
	   Cpus                 :     1.69        4         4 
	   Disk (KB)            :     1        1024      2048 
	   GPUs                 :                           0 
	   Memory (MB)          :   780       16384     16384 
	   TimeExecute (s)      :   618                       
	   TimeSlotBusy (s)     :   618                       
...
