000 (320198.000.000) 2026-08-04 10:39:47 Job submitted from host: <130.209.45.81:9618?addrs=130.209.45.81-9618&alias=wiay.astro.gla.ac.uk&noUDP&sock=schedd_7939_1277>
    DAG Node: inj_bs2048_a0p10_b0p10_ep600_pat40_lr3p0e_04_wd1p0e_05_319402_0_0063
...
012 (320198.000.000) 2026-08-04 11:46:01 Job was held.
	via condor_hold (by user 2673888s)
	Code 1 Subcode 0
...
013 (320198.000.000) 2026-08-04 11:57:05 Job was released.
	via condor_release (by user 2673888s)
...
012 (320198.000.000) 2026-08-04 12:09:41 Job was held.
	via condor_hold (by user 2673888s)
	Code 1 Subcode 0
...
013 (320198.000.000) 2026-08-04 12:31:32 Job was released.
	via condor_release (by user 2673888s)
...
001 (320198.000.000) 2026-08-04 15:25:48 Job executing on host: <130.209.203.190:9619?addrs=130.209.203.190-9619&alias=altair.astro.gla.ac.uk&noUDP&sock=startd_36_95e7>
	SlotName: slot1_3@altair.astro.gla.ac.uk
	CondorScratchDir = "/var/lib/condor/execute/dir_175627"
	Cpus = 4
	Disk = 2048
	GPUs = 0
	Memory = 16384
...
006 (320198.000.000) 2026-08-04 15:25:56 Image size of job updated: 311596
	305  -  MemoryUsage of job (MB)
	311596  -  ResidentSetSize of job (KB)
...
006 (320198.000.000) 2026-08-04 15:26:47 Image size of job updated: 654928
	305  -  MemoryUsage of job (MB)
	311596  -  ResidentSetSize of job (KB)
...
004 (320198.000.000) 2026-08-04 15:26:47 Job was evicted. Code 1005 Subcode 0
	(0) CPU times
		Usr 0 00:00:52, Sys 0 00:00:03  -  Run Remote Usage
		Usr 0 00:00:00, Sys 0 00:00:00  -  Run Local Usage
	0  -  Run Bytes Sent By Job
	0  -  Run Bytes Received By Job
	Partitionable Resources :    Usage  Request Allocated 
	   Cpus                 :        0        4         4 
	   Disk (KB)            :        1     1024      2048 
	   GPUs                 :                           0 
	   Memory (MB)          :      305    16384     16384 
	   TimeExecute (s)      :       59                    
	   TimeSlotBusy (s)     :       60                    
...
001 (320198.000.000) 2026-08-04 15:26:52 Job executing on host: <130.209.45.171:9619?addrs=130.209.45.171-9619&alias=puck.astro.gla.ac.uk&noUDP&sock=startd_79_147a>
	SlotName: slot1_1@puck.astro.gla.ac.uk
	AvailableGPUs = {  }
	CondorScratchDir = "/var/lib/condor/execute/dir_404915"
	Cpus = 4
	Disk = 2048
	GPUs = 0
	Memory = 16384
...
006 (320198.000.000) 2026-08-04 15:27:00 Image size of job updated: 750000
	641  -  MemoryUsage of job (MB)
	655456  -  ResidentSetSize of job (KB)
...
006 (320198.000.000) 2026-08-04 15:29:10 Image size of job updated: 799012
	641  -  MemoryUsage of job (MB)
	655456  -  ResidentSetSize of job (KB)
...
005 (320198.000.000) 2026-08-04 15:29:10 Job terminated.
	(1) Normal termination (return value 0)
		Usr 0 00:02:52, Sys 0 00:00:00  -  Run Remote Usage
		Usr 0 00:00:00, Sys 0 00:00:00  -  Run Local Usage
		Usr 0 00:03:44, Sys 0 00:00:03  -  Total Remote Usage
		Usr 0 00:00:00, Sys 0 00:00:00  -  Total Local Usage
	0  -  Run Bytes Sent By Job
	0  -  Run Bytes Received By Job
	0  -  Total Bytes Sent By Job
	0  -  Total Bytes Received By Job
	Partitionable Resources :    Usage  Request Allocated 
	   Cpus                 :        0        4         4 
	   Disk (KB)            :        1     1024      2048 
	   GPUs                 :                           0 
	   Memory (MB)          :      641    16384     16384 
	   TimeExecute (s)      :      139                    
	   TimeSlotBusy (s)     :      139                    
...
