000 (320126.000.000) 2026-08-04 10:39:35 Job submitted from host: <130.209.45.81:9618?addrs=130.209.45.81-9618&alias=wiay.astro.gla.ac.uk&noUDP&sock=schedd_7939_1277>
    DAG Node: inj_bs2048_a0p10_b0p10_ep600_pat40_lr3p0e_04_wd1p0e_04_319402_6_0061
...
012 (320126.000.000) 2026-08-04 11:46:03 Job was held.
	via condor_hold (by user 2673888s)
	Code 1 Subcode 0
...
013 (320126.000.000) 2026-08-04 11:57:09 Job was released.
	via condor_release (by user 2673888s)
...
012 (320126.000.000) 2026-08-04 12:09:44 Job was held.
	via condor_hold (by user 2673888s)
	Code 1 Subcode 0
...
013 (320126.000.000) 2026-08-04 12:31:37 Job was released.
	via condor_release (by user 2673888s)
...
001 (320126.000.000) 2026-08-04 14:31:10 Job executing on host: <172.20.45.180:9619?addrs=172.20.45.180-9619&alias=deneb.physics.gla.ac.uk&noUDP&sock=startd_35_e64f>
	SlotName: slot1_3@deneb.physics.gla.ac.uk
	CondorScratchDir = "/var/lib/condor/execute/dir_168349"
	Cpus = 4
	Disk = 2048
	GPUs = 0
	Memory = 16384
...
006 (320126.000.000) 2026-08-04 14:31:19 Image size of job updated: 643580
	629  -  MemoryUsage of job (MB)
	643580  -  ResidentSetSize of job (KB)
...
006 (320126.000.000) 2026-08-04 14:35:35 Image size of job updated: 833992
	629  -  MemoryUsage of job (MB)
	643580  -  ResidentSetSize of job (KB)
...
005 (320126.000.000) 2026-08-04 14:35:35 Job terminated.
	(1) Normal termination (return value 0)
		Usr 0 00:03:58, Sys 0 00:00:01  -  Run Remote Usage
		Usr 0 00:00:00, Sys 0 00:00:00  -  Run Local Usage
		Usr 0 00:03:58, Sys 0 00:00:01  -  Total Remote Usage
		Usr 0 00:00:00, Sys 0 00:00:00  -  Total Local Usage
	0  -  Run Bytes Sent By Job
	0  -  Run Bytes Received By Job
	0  -  Total Bytes Sent By Job
	0  -  Total Bytes Received By Job
	Partitionable Resources :    Usage  Request Allocated 
	   Cpus                 :     1.33        4         4 
	   Disk (KB)            :     1        1024      2048 
	   GPUs                 :                           0 
	   Memory (MB)          :   629       16384     16384 
	   TimeExecute (s)      :   265                       
	   TimeSlotBusy (s)     :   265                       
...
