000 (319938.000.000) 2026-08-04 10:39:02 Job submitted from host: <130.209.45.81:9618?addrs=130.209.45.81-9618&alias=wiay.astro.gla.ac.uk&noUDP&sock=schedd_7939_1277>
    DAG Node: inj_bs2048_a0p05_b0p05_ep600_pat40_lr3p0e_04_wd1p0e_05_319402_1_0013
...
012 (319938.000.000) 2026-08-04 11:46:03 Job was held.
	via condor_hold (by user 2673888s)
	Code 1 Subcode 0
...
013 (319938.000.000) 2026-08-04 11:57:09 Job was released.
	via condor_release (by user 2673888s)
...
012 (319938.000.000) 2026-08-04 12:09:44 Job was held.
	via condor_hold (by user 2673888s)
	Code 1 Subcode 0
...
013 (319938.000.000) 2026-08-04 12:31:36 Job was released.
	via condor_release (by user 2673888s)
...
001 (319938.000.000) 2026-08-04 13:19:55 Job executing on host: <130.209.203.190:9619?addrs=130.209.203.190-9619&alias=altair.astro.gla.ac.uk&noUDP&sock=startd_36_95e7>
	SlotName: slot1_1@altair.astro.gla.ac.uk
	CondorScratchDir = "/var/lib/condor/execute/dir_170108"
	Cpus = 4
	Disk = 2048
	GPUs = 0
	Memory = 16384
...
006 (319938.000.000) 2026-08-04 13:20:03 Image size of job updated: 589132
	576  -  MemoryUsage of job (MB)
	589132  -  ResidentSetSize of job (KB)
...
006 (319938.000.000) 2026-08-04 13:22:47 Image size of job updated: 754936
	576  -  MemoryUsage of job (MB)
	589132  -  ResidentSetSize of job (KB)
...
005 (319938.000.000) 2026-08-04 13:22:47 Job terminated.
	(1) Normal termination (return value 0)
		Usr 0 00:03:14, Sys 0 00:00:02  -  Run Remote Usage
		Usr 0 00:00:00, Sys 0 00:00:00  -  Run Local Usage
		Usr 0 00:03:14, Sys 0 00:00:02  -  Total Remote Usage
		Usr 0 00:00:00, Sys 0 00:00:00  -  Total Local Usage
	0  -  Run Bytes Sent By Job
	0  -  Run Bytes Received By Job
	0  -  Total Bytes Sent By Job
	0  -  Total Bytes Received By Job
	Partitionable Resources :    Usage  Request Allocated 
	   Cpus                 :     1.24        4         4 
	   Disk (KB)            :     1        1024      2048 
	   GPUs                 :                           0 
	   Memory (MB)          :   576       16384     16384 
	   TimeExecute (s)      :   172                       
	   TimeSlotBusy (s)     :   172                       
...
