000 (319958.000.000) 2026-08-04 10:39:04 Job submitted from host: <130.209.45.81:9618?addrs=130.209.45.81-9618&alias=wiay.astro.gla.ac.uk&noUDP&sock=schedd_7939_1277>
    DAG Node: inj_bs2048_a0p05_b0p05_ep600_pat40_lr3p0e_04_wd1p0e_05_319402_1_0033
...
012 (319958.000.000) 2026-08-04 11:46:02 Job was held.
	via condor_hold (by user 2673888s)
	Code 1 Subcode 0
...
013 (319958.000.000) 2026-08-04 11:57:07 Job was released.
	via condor_release (by user 2673888s)
...
012 (319958.000.000) 2026-08-04 12:09:43 Job was held.
	via condor_hold (by user 2673888s)
	Code 1 Subcode 0
...
013 (319958.000.000) 2026-08-04 12:31:35 Job was released.
	via condor_release (by user 2673888s)
...
001 (319958.000.000) 2026-08-04 13:33:15 Job executing on host: <172.20.45.180:9619?addrs=172.20.45.180-9619&alias=deneb.physics.gla.ac.uk&noUDP&sock=startd_35_e64f>
	SlotName: slot1_3@deneb.physics.gla.ac.uk
	CondorScratchDir = "/var/lib/condor/execute/dir_165651"
	Cpus = 4
	Disk = 2048
	GPUs = 0
	Memory = 16384
...
006 (319958.000.000) 2026-08-04 13:33:23 Image size of job updated: 628008
	614  -  MemoryUsage of job (MB)
	628008  -  ResidentSetSize of job (KB)
...
006 (319958.000.000) 2026-08-04 13:38:23 Image size of job updated: 747756
	730  -  MemoryUsage of job (MB)
	746620  -  ResidentSetSize of job (KB)
...
006 (319958.000.000) 2026-08-04 13:41:35 Image size of job updated: 791780
	730  -  MemoryUsage of job (MB)
	746620  -  ResidentSetSize of job (KB)
...
005 (319958.000.000) 2026-08-04 13:41:35 Job terminated.
	(1) Normal termination (return value 0)
		Usr 0 00:08:44, Sys 0 00:00:02  -  Run Remote Usage
		Usr 0 00:00:00, Sys 0 00:00:00  -  Run Local Usage
		Usr 0 00:08:44, Sys 0 00:00:02  -  Total Remote Usage
		Usr 0 00:00:00, Sys 0 00:00:00  -  Total Local Usage
	0  -  Run Bytes Sent By Job
	0  -  Run Bytes Received By Job
	0  -  Total Bytes Sent By Job
	0  -  Total Bytes Received By Job
	Partitionable Resources :    Usage  Request Allocated 
	   Cpus                 :     1.47        4         4 
	   Disk (KB)            :     1        1024      2048 
	   GPUs                 :                           0 
	   Memory (MB)          :   730       16384     16384 
	   TimeExecute (s)      :   500                       
	   TimeSlotBusy (s)     :   500                       
...
