000 (320138.000.000) 2026-08-04 10:39:36 Job submitted from host: <130.209.45.81:9618?addrs=130.209.45.81-9618&alias=wiay.astro.gla.ac.uk&noUDP&sock=schedd_7939_1277>
    DAG Node: inj_bs2048_a0p10_b0p10_ep600_pat40_lr3p0e_04_wd1p0e_05_319402_0_0003
...
012 (320138.000.000) 2026-08-04 11:46:03 Job was held.
	via condor_hold (by user 2673888s)
	Code 1 Subcode 0
...
013 (320138.000.000) 2026-08-04 11:57:08 Job was released.
	via condor_release (by user 2673888s)
...
012 (320138.000.000) 2026-08-04 12:09:44 Job was held.
	via condor_hold (by user 2673888s)
	Code 1 Subcode 0
...
013 (320138.000.000) 2026-08-04 12:31:36 Job was released.
	via condor_release (by user 2673888s)
...
001 (320138.000.000) 2026-08-04 14:34:21 Job executing on host: <130.209.203.190:9619?addrs=130.209.203.190-9619&alias=altair.astro.gla.ac.uk&noUDP&sock=startd_36_95e7>
	SlotName: slot1_2@altair.astro.gla.ac.uk
	CondorScratchDir = "/var/lib/condor/execute/dir_173649"
	Cpus = 4
	Disk = 2048
	GPUs = 0
	Memory = 16384
...
006 (320138.000.000) 2026-08-04 14:34:29 Image size of job updated: 644928
	630  -  MemoryUsage of job (MB)
	644928  -  ResidentSetSize of job (KB)
...
006 (320138.000.000) 2026-08-04 14:34:41 Image size of job updated: 688212
	630  -  MemoryUsage of job (MB)
	644928  -  ResidentSetSize of job (KB)
...
004 (320138.000.000) 2026-08-04 14:34:41 Job was evicted. Code 1005 Subcode 0
	(0) CPU times
		Usr 0 00:00:20, Sys 0 00:00:01  -  Run Remote Usage
		Usr 0 00:00:00, Sys 0 00:00:00  -  Run Local Usage
	0  -  Run Bytes Sent By Job
	0  -  Run Bytes Received By Job
	Partitionable Resources :    Usage  Request Allocated 
	   Cpus                 :     0.01        4         4 
	   Disk (KB)            :     1        1024      2048 
	   GPUs                 :                           0 
	   Memory (MB)          :   630       16384     16384 
	   TimeExecute (s)      :    20                       
	   TimeSlotBusy (s)     :    20                       
...
001 (320138.000.000) 2026-08-04 14:36:01 Job executing on host: <172.20.45.180:9619?addrs=172.20.45.180-9619&alias=deneb.physics.gla.ac.uk&noUDP&sock=startd_35_e64f>
	SlotName: slot1_2@deneb.physics.gla.ac.uk
	CondorScratchDir = "/var/lib/condor/execute/dir_168556"
	Cpus = 4
	Disk = 2048
	GPUs = 0
	Memory = 16384
...
004 (320138.000.000) 2026-08-04 14:37:01 Job was evicted. Code 1005 Subcode 0
	(0) CPU times
		Usr 0 00:01:08, Sys 0 00:00:01  -  Run Remote Usage
		Usr 0 00:00:00, Sys 0 00:00:00  -  Run Local Usage
	0  -  Run Bytes Sent By Job
	0  -  Run Bytes Received By Job
	Partitionable Resources :    Usage  Request Allocated 
	   Cpus                 :        0        4         4 
	   Disk (KB)            :        1     1024      2048 
	   GPUs                 :                           0 
	   Memory (MB)          :      733    16384     16384 
	   TimeExecute (s)      :       60                    
	   TimeSlotBusy (s)     :       60                    
...
001 (320138.000.000) 2026-08-04 14:38:09 Job executing on host: <130.209.45.171:9619?addrs=130.209.45.171-9619&alias=puck.astro.gla.ac.uk&noUDP&sock=startd_79_147a>
	SlotName: slot1_8@puck.astro.gla.ac.uk
	AvailableGPUs = {  }
	CondorScratchDir = "/var/lib/condor/execute/dir_403545"
	Cpus = 4
	Disk = 2048
	GPUs = 0
	Memory = 16384
...
006 (320138.000.000) 2026-08-04 14:40:11 Image size of job updated: 825260
	733  -  MemoryUsage of job (MB)
	750000  -  ResidentSetSize of job (KB)
...
005 (320138.000.000) 2026-08-04 14:40:11 Job terminated.
	(1) Normal termination (return value 0)
		Usr 0 00:02:29, Sys 0 00:00:00  -  Run Remote Usage
		Usr 0 00:00:00, Sys 0 00:00:00  -  Run Local Usage
		Usr 0 00:03:57, Sys 0 00:00:02  -  Total Remote Usage
		Usr 0 00:00:00, Sys 0 00:00:00  -  Total Local Usage
	0  -  Run Bytes Sent By Job
	0  -  Run Bytes Received By Job
	0  -  Total Bytes Sent By Job
	0  -  Total Bytes Received By Job
	Partitionable Resources :    Usage  Request Allocated 
	   Cpus                 :        0        4         4 
	   Disk (KB)            :        1     1024      2048 
	   GPUs                 :                           0 
	   Memory (MB)          :      733    16384     16384 
	   TimeExecute (s)      :      122                    
	   TimeSlotBusy (s)     :      122                    
...
