000 (320191.000.000) 2026-08-04 10:39:47 Job submitted from host: <130.209.45.81:9618?addrs=130.209.45.81-9618&alias=wiay.astro.gla.ac.uk&noUDP&sock=schedd_7939_1277>
    DAG Node: inj_bs2048_a0p10_b0p10_ep600_pat40_lr3p0e_04_wd1p0e_05_319402_0_0056
...
012 (320191.000.000) 2026-08-04 11:45:58 Job was held.
	via condor_hold (by user 2673888s)
	Code 1 Subcode 0
...
013 (320191.000.000) 2026-08-04 11:57:01 Job was released.
	via condor_release (by user 2673888s)
...
012 (320191.000.000) 2026-08-04 12:09:36 Job was held.
	via condor_hold (by user 2673888s)
	Code 1 Subcode 0
...
013 (320191.000.000) 2026-08-04 12:31:24 Job was released.
	via condor_release (by user 2673888s)
...
001 (320191.000.000) 2026-08-04 15:19:47 Job executing on host: <172.20.45.180:9619?addrs=172.20.45.180-9619&alias=deneb.physics.gla.ac.uk&noUDP&sock=startd_35_e64f>
	SlotName: slot1_7@deneb.physics.gla.ac.uk
	CondorScratchDir = "/var/lib/condor/execute/dir_170365"
	Cpus = 4
	Disk = 2048
	GPUs = 0
	Memory = 16384
...
006 (320191.000.000) 2026-08-04 15:19:56 Image size of job updated: 160
	1  -  MemoryUsage of job (MB)
	160  -  ResidentSetSize of job (KB)
...
006 (320191.000.000) 2026-08-04 15:23:50 Image size of job updated: 714576
	338  -  MemoryUsage of job (MB)
	345952  -  ResidentSetSize of job (KB)
...
004 (320191.000.000) 2026-08-04 15:23:50 Job was evicted. Code 1005 Subcode 0
	(0) CPU times
		Usr 0 00:02:15, Sys 0 00:00:02  -  Run Remote Usage
		Usr 0 00:00:00, Sys 0 00:00:00  -  Run Local Usage
	0  -  Run Bytes Sent By Job
	0  -  Run Bytes Received By Job
	Partitionable Resources :    Usage  Request Allocated 
	   Cpus                 :        0        4         4 
	   Disk (KB)            :        1     1024      2048 
	   GPUs                 :                           0 
	   Memory (MB)          :      338    16384     16384 
	   TimeExecute (s)      :      243                    
	   TimeSlotBusy (s)     :      243                    
...
001 (320191.000.000) 2026-08-04 15:24:53 Job executing on host: <130.209.45.171:9619?addrs=130.209.45.171-9619&alias=puck.astro.gla.ac.uk&noUDP&sock=startd_79_147a>
	SlotName: slot1_8@puck.astro.gla.ac.uk
	AvailableGPUs = {  }
	CondorScratchDir = "/var/lib/condor/execute/dir_404867"
	Cpus = 4
	Disk = 2048
	GPUs = 0
	Memory = 16384
...
006 (320191.000.000) 2026-08-04 15:25:01 Image size of job updated: 750000
	632  -  MemoryUsage of job (MB)
	646600  -  ResidentSetSize of job (KB)
...
006 (320191.000.000) 2026-08-04 15:27:14 Image size of job updated: 767592
	632  -  MemoryUsage of job (MB)
	646600  -  ResidentSetSize of job (KB)
...
005 (320191.000.000) 2026-08-04 15:27:14 Job terminated.
	(1) Normal termination (return value 0)
		Usr 0 00:02:53, Sys 0 00:00:01  -  Run Remote Usage
		Usr 0 00:00:00, Sys 0 00:00:00  -  Run Local Usage
		Usr 0 00:05:08, Sys 0 00:00:03  -  Total Remote Usage
		Usr 0 00:00:00, Sys 0 00:00:00  -  Total Local Usage
	0  -  Run Bytes Sent By Job
	0  -  Run Bytes Received By Job
	0  -  Total Bytes Sent By Job
	0  -  Total Bytes Received By Job
	Partitionable Resources :    Usage  Request Allocated 
	   Cpus                 :     1.41        4         4 
	   Disk (KB)            :     1        1024      2048 
	   GPUs                 :                           0 
	   Memory (MB)          :   632       16384     16384 
	   TimeExecute (s)      :   141                       
	   TimeSlotBusy (s)     :   141                       
...
