000 (319912.000.000) 2026-08-04 10:38:55 Job submitted from host: <130.209.45.81:9618?addrs=130.209.45.81-9618&alias=wiay.astro.gla.ac.uk&noUDP&sock=schedd_7939_1277>
    DAG Node: inj_bs1024_a0p10_b0p10_ep600_pat40_lr3p0e_04_wd1p0e_05_319402_3_0057
...
012 (319912.000.000) 2026-08-04 11:45:58 Job was held.
	via condor_hold (by user 2673888s)
	Code 1 Subcode 0
...
013 (319912.000.000) 2026-08-04 11:57:00 Job was released.
	via condor_release (by user 2673888s)
...
001 (319912.000.000) 2026-08-04 12:06:19 Job executing on host: <172.20.45.180:9619?addrs=172.20.45.180-9619&alias=deneb.physics.gla.ac.uk&noUDP&sock=startd_35_e64f>
	SlotName: slot1_3@deneb.physics.gla.ac.uk
	CondorScratchDir = "/var/lib/condor/execute/dir_162478"
	Cpus = 4
	Disk = 2048
	GPUs = 0
	Memory = 16384
...
006 (319912.000.000) 2026-08-04 12:06:28 Image size of job updated: 168
	1  -  MemoryUsage of job (MB)
	168  -  ResidentSetSize of job (KB)
...
006 (319912.000.000) 2026-08-04 12:09:35 Image size of job updated: 746088
	729  -  MemoryUsage of job (MB)
	745968  -  ResidentSetSize of job (KB)
...
004 (319912.000.000) 2026-08-04 12:09:35 Job was evicted.
	(0) CPU times
		Usr 0 00:01:56, Sys 0 00:00:01  -  Run Remote Usage
		Usr 0 00:00:00, Sys 0 00:00:00  -  Run Local Usage
	0  -  Run Bytes Sent By Job
	0  -  Run Bytes Received By Job
	Partitionable Resources :    Usage  Request Allocated 
	   Cpus                 :     1.28        4         4 
	   Disk (KB)            :     1        1024      2048 
	   GPUs                 :                           0 
	   Memory (MB)          :   729       16384     16384 
	   TimeExecute (s)      :   196                       
	   TimeSlotBusy (s)     :   196                       
...
012 (319912.000.000) 2026-08-04 12:09:35 Job was held.
	via condor_hold (by user 2673888s)
	Code 1 Subcode 0
...
013 (319912.000.000) 2026-08-04 12:31:23 Job was released.
	via condor_release (by user 2673888s)
...
001 (319912.000.000) 2026-08-04 12:35:20 Job executing on host: <130.209.45.171:9619?addrs=130.209.45.171-9619&alias=puck.astro.gla.ac.uk&noUDP&sock=startd_79_147a>
	SlotName: slot1_7@puck.astro.gla.ac.uk
	AvailableGPUs = {  }
	CondorScratchDir = "/var/lib/condor/execute/dir_401486"
	Cpus = 4
	Disk = 2048
	GPUs = 0
	Memory = 16384
...
005 (319912.000.000) 2026-08-04 12:38:47 Job terminated.
	(1) Normal termination (return value 0)
		Usr 0 00:04:30, Sys 0 00:00:01  -  Run Remote Usage
		Usr 0 00:00:00, Sys 0 00:00:00  -  Run Local Usage
		Usr 0 00:06:26, Sys 0 00:00:02  -  Total Remote Usage
		Usr 0 00:00:00, Sys 0 00:00:00  -  Total Local Usage
	0  -  Run Bytes Sent By Job
	0  -  Run Bytes Received By Job
	0  -  Total Bytes Sent By Job
	0  -  Total Bytes Received By Job
	Partitionable Resources :    Usage  Request Allocated 
	   Cpus                 :     1.17        4         4 
	   Disk (KB)            :     1        1024      2048 
	   GPUs                 :                           0 
	   Memory (MB)          :   733       16384     16384 
	   TimeExecute (s)      :   207                       
	   TimeSlotBusy (s)     :   207                       
...
