000 (319861.000.000) 2026-08-04 10:38:52 Job submitted from host: <130.209.45.81:9618?addrs=130.209.45.81-9618&alias=wiay.astro.gla.ac.uk&noUDP&sock=schedd_7939_1277>
    DAG Node: inj_bs1024_a0p10_b0p10_ep600_pat40_lr3p0e_04_wd1p0e_05_319402_3_0006
...
001 (319861.000.000) 2026-08-04 10:49:35 Job executing on host: <130.209.45.171:9619?addrs=130.209.45.171-9619&alias=puck.astro.gla.ac.uk&noUDP&sock=startd_79_147a>
	SlotName: slot1_4@puck.astro.gla.ac.uk
	AvailableGPUs = {  }
	CondorScratchDir = "/var/lib/condor/execute/dir_399644"
	Cpus = 4
	Disk = 2048
	GPUs = 0
	Memory = 16384
...
006 (319861.000.000) 2026-08-04 10:49:44 Image size of job updated: 667200
	652  -  MemoryUsage of job (MB)
	667200  -  ResidentSetSize of job (KB)
...
006 (319861.000.000) 2026-08-04 10:51:36 Image size of job updated: 753464
	652  -  MemoryUsage of job (MB)
	667204  -  ResidentSetSize of job (KB)
...
005 (319861.000.000) 2026-08-04 10:51:36 Job terminated.
	(1) Normal termination (return value 0)
		Usr 0 00:02:25, Sys 0 00:00:00  -  Run Remote Usage
		Usr 0 00:00:00, Sys 0 00:00:00  -  Run Local Usage
		Usr 0 00:02:25, Sys 0 00:00:00  -  Total Remote Usage
		Usr 0 00:00:00, Sys 0 00:00:00  -  Total Local Usage
	0  -  Run Bytes Sent By Job
	0  -  Run Bytes Received By Job
	0  -  Total Bytes Sent By Job
	0  -  Total Bytes Received By Job
	Partitionable Resources :    Usage  Request Allocated 
	   Cpus                 :     1.31        4         4 
	   Disk (KB)            :     1        1024      2048 
	   GPUs                 :                           0 
	   Memory (MB)          :   652       16384     16384 
	   TimeExecute (s)      :   121                       
	   TimeSlotBusy (s)     :   121                       
...
