000 (320291.000.000) 2026-08-04 10:40:02 Job submitted from host: <130.209.45.81:9618?addrs=130.209.45.81-9618&alias=wiay.astro.gla.ac.uk&noUDP&sock=schedd_7939_1277>
    DAG Node: inj_bs4096_a0p10_b0p10_ep600_pat40_lr3p0e_04_wd1p0e_05_319402_4_0016
...
012 (320291.000.000) 2026-08-04 11:46:02 Job was held.
	via condor_hold (by user 2673888s)
	Code 1 Subcode 0
...
013 (320291.000.000) 2026-08-04 11:57:05 Job was released.
	via condor_release (by user 2673888s)
...
012 (320291.000.000) 2026-08-04 12:09:41 Job was held.
	via condor_hold (by user 2673888s)
	Code 1 Subcode 0
...
013 (320291.000.000) 2026-08-04 12:31:32 Job was released.
	via condor_release (by user 2673888s)
...
001 (320291.000.000) 2026-08-04 16:37:42 Job executing on host: <130.209.203.190:9619?addrs=130.209.203.190-9619&alias=altair.astro.gla.ac.uk&noUDP&sock=startd_36_95e7>
	SlotName: slot1_5@altair.astro.gla.ac.uk
	CondorScratchDir = "/var/lib/condor/execute/dir_178160"
	Cpus = 4
	Disk = 2048
	GPUs = 0
	Memory = 16384
...
006 (320291.000.000) 2026-08-04 16:37:51 Image size of job updated: 576252
	563  -  MemoryUsage of job (MB)
	576252  -  ResidentSetSize of job (KB)
...
006 (320291.000.000) 2026-08-04 16:41:42 Image size of job updated: 751292
	563  -  MemoryUsage of job (MB)
	576264  -  ResidentSetSize of job (KB)
...
004 (320291.000.000) 2026-08-04 16:41:43 Job was evicted. Code 1005 Subcode 0
	(0) CPU times
		Usr 0 00:05:07, Sys 0 00:00:02  -  Run Remote Usage
		Usr 0 00:00:00, Sys 0 00:00:00  -  Run Local Usage
	0  -  Run Bytes Sent By Job
	0  -  Run Bytes Received By Job
	Partitionable Resources :    Usage  Request Allocated 
	   Cpus                 :        0        4         4 
	   Disk (KB)            :        1     1024      2048 
	   GPUs                 :                           0 
	   Memory (MB)          :      563    16384     16384 
	   TimeExecute (s)      :      240                    
	   TimeSlotBusy (s)     :      240                    
...
001 (320291.000.000) 2026-08-04 16:42:34 Job executing on host: <130.209.45.171:9619?addrs=130.209.45.171-9619&alias=puck.astro.gla.ac.uk&noUDP&sock=startd_79_147a>
	SlotName: slot1_1@puck.astro.gla.ac.uk
	AvailableGPUs = {  }
	CondorScratchDir = "/var/lib/condor/execute/dir_407106"
	Cpus = 4
	Disk = 2048
	GPUs = 0
	Memory = 16384
...
006 (320291.000.000) 2026-08-04 16:47:43 Image size of job updated: 1000000
	746  -  MemoryUsage of job (MB)
	762944  -  ResidentSetSize of job (KB)
...
005 (320291.000.000) 2026-08-04 16:47:54 Job terminated.
	(1) Normal termination (return value 0)
		Usr 0 00:06:50, Sys 0 00:00:01  -  Run Remote Usage
		Usr 0 00:00:00, Sys 0 00:00:00  -  Run Local Usage
		Usr 0 00:11:57, Sys 0 00:00:03  -  Total Remote Usage
		Usr 0 00:00:00, Sys 0 00:00:00  -  Total Local Usage
	0  -  Run Bytes Sent By Job
	0  -  Run Bytes Received By Job
	0  -  Total Bytes Sent By Job
	0  -  Total Bytes Received By Job
	Partitionable Resources :    Usage  Request Allocated 
	   Cpus                 :     1.37        4         4 
	   Disk (KB)            :     1        1024      2048 
	   GPUs                 :                           0 
	   Memory (MB)          :   746       16384     16384 
	   TimeExecute (s)      :   320                       
	   TimeSlotBusy (s)     :   320                       
...
