000 (320043.000.000) 2026-08-04 10:39:21 Job submitted from host: <130.209.45.81:9618?addrs=130.209.45.81-9618&alias=wiay.astro.gla.ac.uk&noUDP&sock=schedd_7939_1277>
    DAG Node: inj_bs2048_a0p10_b0p10_ep600_pat40_lr1p0e_04_wd1p0e_05_319402_5_0048
...
012 (320043.000.000) 2026-08-04 11:46:03 Job was held.
	via condor_hold (by user 2673888s)
	Code 1 Subcode 0
...
013 (320043.000.000) 2026-08-04 11:57:08 Job was released.
	via condor_release (by user 2673888s)
...
012 (320043.000.000) 2026-08-04 12:09:43 Job was held.
	via condor_hold (by user 2673888s)
	Code 1 Subcode 0
...
013 (320043.000.000) 2026-08-04 12:31:36 Job was released.
	via condor_release (by user 2673888s)
...
001 (320043.000.000) 2026-08-04 14:06:58 Job executing on host: <172.20.45.180:9619?addrs=172.20.45.180-9619&alias=deneb.physics.gla.ac.uk&noUDP&sock=startd_35_e64f>
	SlotName: slot1_1@deneb.physics.gla.ac.uk
	CondorScratchDir = "/var/lib/condor/execute/dir_167563"
	Cpus = 4
	Disk = 2048
	GPUs = 0
	Memory = 16384
...
006 (320043.000.000) 2026-08-04 14:07:07 Image size of job updated: 644028
	629  -  MemoryUsage of job (MB)
	644028  -  ResidentSetSize of job (KB)
...
006 (320043.000.000) 2026-08-04 14:12:08 Image size of job updated: 761408
	737  -  MemoryUsage of job (MB)
	754404  -  ResidentSetSize of job (KB)
...
005 (320043.000.000) 2026-08-04 14:13:45 Job terminated.
	(1) Normal termination (return value 0)
		Usr 0 00:07:05, Sys 0 00:00:02  -  Run Remote Usage
		Usr 0 00:00:00, Sys 0 00:00:00  -  Run Local Usage
		Usr 0 00:07:05, Sys 0 00:00:02  -  Total Remote Usage
		Usr 0 00:00:00, Sys 0 00:00:00  -  Total Local Usage
	0  -  Run Bytes Sent By Job
	0  -  Run Bytes Received By Job
	0  -  Total Bytes Sent By Job
	0  -  Total Bytes Received By Job
	Partitionable Resources :    Usage  Request Allocated 
	   Cpus                 :     1.46        4         4 
	   Disk (KB)            :     1        1024      2048 
	   GPUs                 :                           0 
	   Memory (MB)          :   737       16384     16384 
	   TimeExecute (s)      :   407                       
	   TimeSlotBusy (s)     :   407                       
...
