000 (320124.000.000) 2026-08-04 10:39:35 Job submitted from host: <130.209.45.81:9618?addrs=130.209.45.81-9618&alias=wiay.astro.gla.ac.uk&noUDP&sock=schedd_7939_1277>
    DAG Node: inj_bs2048_a0p10_b0p10_ep600_pat40_lr3p0e_04_wd1p0e_04_319402_6_0059
...
012 (320124.000.000) 2026-08-04 11:46:03 Job was held.
	via condor_hold (by user 2673888s)
	Code 1 Subcode 0
...
013 (320124.000.000) 2026-08-04 11:57:09 Job was released.
	via condor_release (by user 2673888s)
...
012 (320124.000.000) 2026-08-04 12:09:44 Job was held.
	via condor_hold (by user 2673888s)
	Code 1 Subcode 0
...
013 (320124.000.000) 2026-08-04 12:31:37 Job was released.
	via condor_release (by user 2673888s)
...
001 (320124.000.000) 2026-08-04 14:30:20 Job executing on host: <130.209.203.174:9619?addrs=130.209.203.174-9619&alias=andromeda.astro.gla.ac.uk&noUDP&sock=startd_34_36b7>
	SlotName: slot1_7@andromeda.astro.gla.ac.uk
	CondorScratchDir = "/var/lib/condor/execute/dir_391949"
	Cpus = 4
	Disk = 2048
	GPUs = 0
	Memory = 16384
...
006 (320124.000.000) 2026-08-04 14:30:28 Image size of job updated: 646680
	632  -  MemoryUsage of job (MB)
	646680  -  ResidentSetSize of job (KB)
...
006 (320124.000.000) 2026-08-04 14:35:16 Image size of job updated: 789268
	632  -  MemoryUsage of job (MB)
	646680  -  ResidentSetSize of job (KB)
...
005 (320124.000.000) 2026-08-04 14:35:16 Job terminated.
	(1) Normal termination (return value 0)
		Usr 0 00:06:32, Sys 0 00:00:03  -  Run Remote Usage
		Usr 0 00:00:00, Sys 0 00:00:00  -  Run Local Usage
		Usr 0 00:06:32, Sys 0 00:00:03  -  Total Remote Usage
		Usr 0 00:00:00, Sys 0 00:00:00  -  Total Local Usage
	0  -  Run Bytes Sent By Job
	0  -  Run Bytes Received By Job
	0  -  Total Bytes Sent By Job
	0  -  Total Bytes Received By Job
	Partitionable Resources :    Usage  Request Allocated 
	   Cpus                 :     1.38        4         4 
	   Disk (KB)            :     1        1024      2048 
	   GPUs                 :                           0 
	   Memory (MB)          :   632       16384     16384 
	   TimeExecute (s)      :   296                       
	   TimeSlotBusy (s)     :   296                       
...
