000 (320209.000.000) 2026-08-04 10:39:48 Job submitted from host: <130.209.45.81:9618?addrs=130.209.45.81-9618&alias=wiay.astro.gla.ac.uk&noUDP&sock=schedd_7939_1277>
    DAG Node: inj_bs2048_a0p20_b0p20_ep600_pat40_lr3p0e_04_wd1p0e_05_319402_2_0004
...
012 (320209.000.000) 2026-08-04 11:45:57 Job was held.
	via condor_hold (by user 2673888s)
	Code 1 Subcode 0
...
013 (320209.000.000) 2026-08-04 11:57:00 Job was released.
	via condor_release (by user 2673888s)
...
012 (320209.000.000) 2026-08-04 12:09:35 Job was held.
	via condor_hold (by user 2673888s)
	Code 1 Subcode 0
...
013 (320209.000.000) 2026-08-04 12:31:22 Job was released.
	via condor_release (by user 2673888s)
...
001 (320209.000.000) 2026-08-04 15:34:47 Job executing on host: <172.20.45.180:9619?addrs=172.20.45.180-9619&alias=deneb.physics.gla.ac.uk&noUDP&sock=startd_35_e64f>
	SlotName: slot1_2@deneb.physics.gla.ac.uk
	CondorScratchDir = "/var/lib/condor/execute/dir_170865"
	Cpus = 4
	Disk = 2048
	GPUs = 0
	Memory = 16384
...
006 (320209.000.000) 2026-08-04 15:34:55 Image size of job updated: 164
	1  -  MemoryUsage of job (MB)
	164  -  ResidentSetSize of job (KB)
...
006 (320209.000.000) 2026-08-04 15:39:07 Image size of job updated: 735972
	699  -  MemoryUsage of job (MB)
	715760  -  ResidentSetSize of job (KB)
...
004 (320209.000.000) 2026-08-04 15:39:07 Job was evicted. Code 1005 Subcode 0
	(0) CPU times
		Usr 0 00:03:48, Sys 0 00:00:03  -  Run Remote Usage
		Usr 0 00:00:00, Sys 0 00:00:00  -  Run Local Usage
	0  -  Run Bytes Sent By Job
	0  -  Run Bytes Received By Job
	Partitionable Resources :    Usage  Request Allocated 
	   Cpus                 :     1.26        4         4 
	   Disk (KB)            :     1        1024      2048 
	   GPUs                 :                           0 
	   Memory (MB)          :   699       16384     16384 
	   TimeExecute (s)      :   260                       
	   TimeSlotBusy (s)     :   260                       
...
001 (320209.000.000) 2026-08-04 15:39:59 Job executing on host: <130.209.45.171:9619?addrs=130.209.45.171-9619&alias=puck.astro.gla.ac.uk&noUDP&sock=startd_79_147a>
	SlotName: slot1_8@puck.astro.gla.ac.uk
	AvailableGPUs = {  }
	CondorScratchDir = "/var/lib/condor/execute/dir_405248"
	Cpus = 4
	Disk = 2048
	GPUs = 0
	Memory = 16384
...
006 (320209.000.000) 2026-08-04 15:41:38 Image size of job updated: 814572
	733  -  MemoryUsage of job (MB)
	750000  -  ResidentSetSize of job (KB)
...
005 (320209.000.000) 2026-08-04 15:41:38 Job terminated.
	(1) Normal termination (return value 0)
		Usr 0 00:01:56, Sys 0 00:00:00  -  Run Remote Usage
		Usr 0 00:00:00, Sys 0 00:00:00  -  Run Local Usage
		Usr 0 00:05:44, Sys 0 00:00:03  -  Total Remote Usage
		Usr 0 00:00:00, Sys 0 00:00:00  -  Total Local Usage
	0  -  Run Bytes Sent By Job
	0  -  Run Bytes Received By Job
	0  -  Total Bytes Sent By Job
	0  -  Total Bytes Received By Job
	Partitionable Resources :    Usage  Request Allocated 
	   Cpus                 :     1.33        4         4 
	   Disk (KB)            :     1        1024      2048 
	   GPUs                 :                           0 
	   Memory (MB)          :   733       16384     16384 
	   TimeExecute (s)      :    99                       
	   TimeSlotBusy (s)     :    99                       
...
