000 (320264.000.000) 2026-08-04 10:39:59 Job submitted from host: <130.209.45.81:9618?addrs=130.209.45.81-9618&alias=wiay.astro.gla.ac.uk&noUDP&sock=schedd_7939_1277>
    DAG Node: inj_bs2048_a0p20_b0p20_ep600_pat40_lr3p0e_04_wd1p0e_05_319402_2_0059
...
012 (320264.000.000) 2026-08-04 11:45:59 Job was held.
	via condor_hold (by user 2673888s)
	Code 1 Subcode 0
...
013 (320264.000.000) 2026-08-04 11:57:02 Job was released.
	via condor_release (by user 2673888s)
...
012 (320264.000.000) 2026-08-04 12:09:38 Job was held.
	via condor_hold (by user 2673888s)
	Code 1 Subcode 0
...
013 (320264.000.000) 2026-08-04 12:31:26 Job was released.
	via condor_release (by user 2673888s)
...
001 (320264.000.000) 2026-08-04 16:17:09 Job executing on host: <172.20.45.180:9619?addrs=172.20.45.180-9619&alias=deneb.physics.gla.ac.uk&noUDP&sock=startd_35_e64f>
	SlotName: slot1_8@deneb.physics.gla.ac.uk
	CondorScratchDir = "/var/lib/condor/execute/dir_172701"
	Cpus = 4
	Disk = 2048
	GPUs = 0
	Memory = 16384
...
006 (320264.000.000) 2026-08-04 16:17:17 Image size of job updated: 168
	1  -  MemoryUsage of job (MB)
	168  -  ResidentSetSize of job (KB)
...
006 (320264.000.000) 2026-08-04 16:19:09 Image size of job updated: 452604
	328  -  MemoryUsage of job (MB)
	335520  -  ResidentSetSize of job (KB)
...
004 (320264.000.000) 2026-08-04 16:19:09 Job was evicted. Code 1005 Subcode 0
	(0) CPU times
		Usr 0 00:00:04, Sys 0 00:00:01  -  Run Remote Usage
		Usr 0 00:00:00, Sys 0 00:00:00  -  Run Local Usage
	0  -  Run Bytes Sent By Job
	0  -  Run Bytes Received By Job
	Partitionable Resources :    Usage  Request Allocated 
	   Cpus                 :        0        4         4 
	   Disk (KB)            :        1     1024      2048 
	   GPUs                 :                           0 
	   Memory (MB)          :      328    16384     16384 
	   TimeExecute (s)      :      120                    
	   TimeSlotBusy (s)     :      121                    
...
001 (320264.000.000) 2026-08-04 16:21:47 Job executing on host: <130.209.45.171:9619?addrs=130.209.45.171-9619&alias=puck.astro.gla.ac.uk&noUDP&sock=startd_79_147a>
	SlotName: slot1_1@puck.astro.gla.ac.uk
	AvailableGPUs = {  }
	CondorScratchDir = "/var/lib/condor/execute/dir_406528"
	Cpus = 4
	Disk = 2048
	GPUs = 0
	Memory = 16384
...
006 (320264.000.000) 2026-08-04 16:21:55 Image size of job updated: 649560
	635  -  MemoryUsage of job (MB)
	649560  -  ResidentSetSize of job (KB)
...
006 (320264.000.000) 2026-08-04 16:24:18 Image size of job updated: 797172
	635  -  MemoryUsage of job (MB)
	649560  -  ResidentSetSize of job (KB)
...
005 (320264.000.000) 2026-08-04 16:24:18 Job terminated.
	(1) Normal termination (return value 0)
		Usr 0 00:03:01, Sys 0 00:00:01  -  Run Remote Usage
		Usr 0 00:00:00, Sys 0 00:00:00  -  Run Local Usage
		Usr 0 00:03:05, Sys 0 00:00:02  -  Total Remote Usage
		Usr 0 00:00:00, Sys 0 00:00:00  -  Total Local Usage
	0  -  Run Bytes Sent By Job
	0  -  Run Bytes Received By Job
	0  -  Total Bytes Sent By Job
	0  -  Total Bytes Received By Job
	Partitionable Resources :    Usage  Request Allocated 
	   Cpus                 :        0        4         4 
	   Disk (KB)            :        1     1024      2048 
	   GPUs                 :                           0 
	   Memory (MB)          :      635    16384     16384 
	   TimeExecute (s)      :      151                    
	   TimeSlotBusy (s)     :      151                    
...
