000 (320247.000.000) 2026-08-04 10:39:58 Job submitted from host: <130.209.45.81:9618?addrs=130.209.45.81-9618&alias=wiay.astro.gla.ac.uk&noUDP&sock=schedd_7939_1277>
    DAG Node: inj_bs2048_a0p20_b0p20_ep600_pat40_lr3p0e_04_wd1p0e_05_319402_2_0042
...
012 (320247.000.000) 2026-08-04 11:46:03 Job was held.
	via condor_hold (by user 2673888s)
	Code 1 Subcode 0
...
013 (320247.000.000) 2026-08-04 11:57:08 Job was released.
	via condor_release (by user 2673888s)
...
012 (320247.000.000) 2026-08-04 12:09:43 Job was held.
	via condor_hold (by user 2673888s)
	Code 1 Subcode 0
...
013 (320247.000.000) 2026-08-04 12:31:35 Job was released.
	via condor_release (by user 2673888s)
...
001 (320247.000.000) 2026-08-04 16:02:56 Job executing on host: <130.209.45.171:9619?addrs=130.209.45.171-9619&alias=puck.astro.gla.ac.uk&noUDP&sock=startd_79_147a>
	SlotName: slot1_1@puck.astro.gla.ac.uk
	AvailableGPUs = {  }
	CondorScratchDir = "/var/lib/condor/execute/dir_406026"
	Cpus = 4
	Disk = 2048
	GPUs = 0
	Memory = 16384
...
006 (320247.000.000) 2026-08-04 16:03:04 Image size of job updated: 647360
	633  -  MemoryUsage of job (MB)
	647360  -  ResidentSetSize of job (KB)
...
006 (320247.000.000) 2026-08-04 16:08:04 Image size of job updated: 764552
	729  -  MemoryUsage of job (MB)
	746324  -  ResidentSetSize of job (KB)
...
005 (320247.000.000) 2026-08-04 16:08:11 Job terminated.
	(1) Normal termination (return value 0)
		Usr 0 00:07:03, Sys 0 00:00:01  -  Run Remote Usage
		Usr 0 00:00:00, Sys 0 00:00:00  -  Run Local Usage
		Usr 0 00:07:03, Sys 0 00:00:01  -  Total Remote Usage
		Usr 0 00:00:00, Sys 0 00:00:00  -  Total Local Usage
	0  -  Run Bytes Sent By Job
	0  -  Run Bytes Received By Job
	0  -  Total Bytes Sent By Job
	0  -  Total Bytes Received By Job
	Partitionable Resources :    Usage  Request Allocated 
	   Cpus                 :     1.53        4         4 
	   Disk (KB)            :     1        1024      2048 
	   GPUs                 :                           0 
	   Memory (MB)          :   729       16384     16384 
	   TimeExecute (s)      :   315                       
	   TimeSlotBusy (s)     :   315                       
...
