000 (320289.000.000) 2026-08-04 10:40:02 Job submitted from host: <130.209.45.81:9618?addrs=130.209.45.81-9618&alias=wiay.astro.gla.ac.uk&noUDP&sock=schedd_7939_1277>
    DAG Node: inj_bs4096_a0p10_b0p10_ep600_pat40_lr3p0e_04_wd1p0e_05_319402_4_0014
...
012 (320289.000.000) 2026-08-04 11:46:02 Job was held.
	via condor_hold (by user 2673888s)
	Code 1 Subcode 0
...
013 (320289.000.000) 2026-08-04 11:57:05 Job was released.
	via condor_release (by user 2673888s)
...
012 (320289.000.000) 2026-08-04 12:09:41 Job was held.
	via condor_hold (by user 2673888s)
	Code 1 Subcode 0
...
013 (320289.000.000) 2026-08-04 12:31:32 Job was released.
	via condor_release (by user 2673888s)
...
001 (320289.000.000) 2026-08-04 16:35:44 Job executing on host: <130.209.203.190:9619?addrs=130.209.203.190-9619&alias=altair.astro.gla.ac.uk&noUDP&sock=startd_36_95e7>
	SlotName: slot1_4@altair.astro.gla.ac.uk
	CondorScratchDir = "/var/lib/condor/execute/dir_178132"
	Cpus = 4
	Disk = 2048
	GPUs = 0
	Memory = 16384
...
006 (320289.000.000) 2026-08-04 16:35:54 Image size of job updated: 326012
	319  -  MemoryUsage of job (MB)
	326012  -  ResidentSetSize of job (KB)
...
006 (320289.000.000) 2026-08-04 16:40:54 Image size of job updated: 753088
	736  -  MemoryUsage of job (MB)
	753088  -  ResidentSetSize of job (KB)
...
006 (320289.000.000) 2026-08-04 16:42:42 Image size of job updated: 759672
	736  -  MemoryUsage of job (MB)
	753088  -  ResidentSetSize of job (KB)
...
004 (320289.000.000) 2026-08-04 16:42:42 Job was evicted. Code 1005 Subcode 0
	(0) CPU times
		Usr 0 00:08:46, Sys 0 00:00:05  -  Run Remote Usage
		Usr 0 00:00:00, Sys 0 00:00:00  -  Run Local Usage
	0  -  Run Bytes Sent By Job
	0  -  Run Bytes Received By Job
	Partitionable Resources :    Usage  Request Allocated 
	   Cpus                 :     1.23        4         4 
	   Disk (KB)            :     1        1024      2048 
	   GPUs                 :                           0 
	   Memory (MB)          :   736       16384     16384 
	   TimeExecute (s)      :   418                       
	   TimeSlotBusy (s)     :   418                       
...
001 (320289.000.000) 2026-08-04 16:44:42 Job executing on host: <130.209.45.171:9619?addrs=130.209.45.171-9619&alias=puck.astro.gla.ac.uk&noUDP&sock=startd_79_147a>
	SlotName: slot1_8@puck.astro.gla.ac.uk
	AvailableGPUs = {  }
	CondorScratchDir = "/var/lib/condor/execute/dir_407161"
	Cpus = 4
	Disk = 2048
	GPUs = 0
	Memory = 16384
...
005 (320289.000.000) 2026-08-04 16:50:12 Job terminated.
	(1) Normal termination (return value 0)
		Usr 0 00:07:10, Sys 0 00:00:01  -  Run Remote Usage
		Usr 0 00:00:00, Sys 0 00:00:00  -  Run Local Usage
		Usr 0 00:15:56, Sys 0 00:00:06  -  Total Remote Usage
		Usr 0 00:00:00, Sys 0 00:00:00  -  Total Local Usage
	0  -  Run Bytes Sent By Job
	0  -  Run Bytes Received By Job
	0  -  Total Bytes Sent By Job
	0  -  Total Bytes Received By Job
	Partitionable Resources :    Usage  Request Allocated 
	   Cpus                 :     1.44        4         4 
	   Disk (KB)            :     1        1024      2048 
	   GPUs                 :                           0 
	   Memory (MB)          :   977       16384     16384 
	   TimeExecute (s)      :   330                       
	   TimeSlotBusy (s)     :   330                       
...
