000 (320283.000.000) 2026-08-04 10:40:01 Job submitted from host: <130.209.45.81:9618?addrs=130.209.45.81-9618&alias=wiay.astro.gla.ac.uk&noUDP&sock=schedd_7939_1277>
    DAG Node: inj_bs4096_a0p10_b0p10_ep600_pat40_lr3p0e_04_wd1p0e_05_319402_4_0008
...
012 (320283.000.000) 2026-08-04 11:46:02 Job was held.
	via condor_hold (by user 2673888s)
	Code 1 Subcode 0
...
013 (320283.000.000) 2026-08-04 11:57:06 Job was released.
	via condor_release (by user 2673888s)
...
012 (320283.000.000) 2026-08-04 12:09:41 Job was held.
	via condor_hold (by user 2673888s)
	Code 1 Subcode 0
...
013 (320283.000.000) 2026-08-04 12:31:33 Job was released.
	via condor_release (by user 2673888s)
...
001 (320283.000.000) 2026-08-04 16:31:43 Job executing on host: <172.20.45.180:9619?addrs=172.20.45.180-9619&alias=deneb.physics.gla.ac.uk&noUDP&sock=startd_35_e64f>
	SlotName: slot1_3@deneb.physics.gla.ac.uk
	CondorScratchDir = "/var/lib/condor/execute/dir_173071"
	Cpus = 4
	Disk = 2048
	GPUs = 0
	Memory = 16384
...
006 (320283.000.000) 2026-08-04 16:31:51 Image size of job updated: 383312
	375  -  MemoryUsage of job (MB)
	383312  -  ResidentSetSize of job (KB)
...
006 (320283.000.000) 2026-08-04 16:33:42 Image size of job updated: 718156
	681  -  MemoryUsage of job (MB)
	697216  -  ResidentSetSize of job (KB)
...
004 (320283.000.000) 2026-08-04 16:33:42 Job was evicted. Code 1005 Subcode 0
	(0) CPU times
		Usr 0 00:02:06, Sys 0 00:00:02  -  Run Remote Usage
		Usr 0 00:00:00, Sys 0 00:00:00  -  Run Local Usage
	0  -  Run Bytes Sent By Job
	0  -  Run Bytes Received By Job
	Partitionable Resources :    Usage  Request Allocated 
	   Cpus                 :        0        4         4 
	   Disk (KB)            :        1     1024      2048 
	   GPUs                 :                           0 
	   Memory (MB)          :      681    16384     16384 
	   TimeExecute (s)      :      119                    
	   TimeSlotBusy (s)     :      120                    
...
001 (320283.000.000) 2026-08-04 16:34:10 Job executing on host: <130.209.45.171:9619?addrs=130.209.45.171-9619&alias=puck.astro.gla.ac.uk&noUDP&sock=startd_79_147a>
	SlotName: slot1_8@puck.astro.gla.ac.uk
	AvailableGPUs = {  }
	CondorScratchDir = "/var/lib/condor/execute/dir_406860"
	Cpus = 4
	Disk = 2048
	GPUs = 0
	Memory = 16384
...
006 (320283.000.000) 2026-08-04 16:36:45 Image size of job updated: 781764
	733  -  MemoryUsage of job (MB)
	750000  -  ResidentSetSize of job (KB)
...
005 (320283.000.000) 2026-08-04 16:36:45 Job terminated.
	(1) Normal termination (return value 0)
		Usr 0 00:03:13, Sys 0 00:00:01  -  Run Remote Usage
		Usr 0 00:00:00, Sys 0 00:00:00  -  Run Local Usage
		Usr 0 00:05:19, Sys 0 00:00:03  -  Total Remote Usage
		Usr 0 00:00:00, Sys 0 00:00:00  -  Total Local Usage
	0  -  Run Bytes Sent By Job
	0  -  Run Bytes Received By Job
	0  -  Total Bytes Sent By Job
	0  -  Total Bytes Received By Job
	Partitionable Resources :    Usage  Request Allocated 
	   Cpus                 :     1.42        4         4 
	   Disk (KB)            :     1        1024      2048 
	   GPUs                 :                           0 
	   Memory (MB)          :   733       16384     16384 
	   TimeExecute (s)      :   155                       
	   TimeSlotBusy (s)     :   155                       
...
