000 (319926.000.000) 2026-08-04 10:38:56 Job submitted from host: <130.209.45.81:9618?addrs=130.209.45.81-9618&alias=wiay.astro.gla.ac.uk&noUDP&sock=schedd_7939_1277>
    DAG Node: inj_bs2048_a0p05_b0p05_ep600_pat40_lr3p0e_04_wd1p0e_05_319402_1_0001
...
012 (319926.000.000) 2026-08-04 11:46:03 Job was held.
	via condor_hold (by user 2673888s)
	Code 1 Subcode 0
...
013 (319926.000.000) 2026-08-04 11:57:09 Job was released.
	via condor_release (by user 2673888s)
...
012 (319926.000.000) 2026-08-04 12:09:44 Job was held.
	via condor_hold (by user 2673888s)
	Code 1 Subcode 0
...
013 (319926.000.000) 2026-08-04 12:31:37 Job was released.
	via condor_release (by user 2673888s)
...
001 (319926.000.000) 2026-08-04 13:07:32 Job executing on host: <130.209.203.171:9619?addrs=130.209.203.171-9619&alias=balta.physics.gla.ac.uk&noUDP&sock=startd_79_147a>
	SlotName: slot1_5@balta.physics.gla.ac.uk
	AvailableGPUs = {  }
	CondorScratchDir = "/var/lib/condor/execute/dir_154691"
	Cpus = 4
	Disk = 2048
	GPUs = 0
	Memory = 16384
...
006 (319926.000.000) 2026-08-04 13:07:41 Image size of job updated: 632140
	618  -  MemoryUsage of job (MB)
	632140  -  ResidentSetSize of job (KB)
...
006 (319926.000.000) 2026-08-04 13:11:17 Image size of job updated: 822008
	618  -  MemoryUsage of job (MB)
	632156  -  ResidentSetSize of job (KB)
...
005 (319926.000.000) 2026-08-04 13:11:17 Job terminated.
	(1) Normal termination (return value 0)
		Usr 0 00:04:45, Sys 0 00:00:01  -  Run Remote Usage
		Usr 0 00:00:00, Sys 0 00:00:00  -  Run Local Usage
		Usr 0 00:04:45, Sys 0 00:00:01  -  Total Remote Usage
		Usr 0 00:00:00, Sys 0 00:00:00  -  Total Local Usage
	0  -  Run Bytes Sent By Job
	0  -  Run Bytes Received By Job
	0  -  Total Bytes Sent By Job
	0  -  Total Bytes Received By Job
	Partitionable Resources :    Usage  Request Allocated 
	   Cpus                 :        0        4         4 
	   Disk (KB)            :        1     1024      2048 
	   GPUs                 :                           0 
	   Memory (MB)          :      618    16384     16384 
	   TimeExecute (s)      :      225                    
	   TimeSlotBusy (s)     :      225                    
...
