000 (319854.000.000) 2026-08-04 10:38:49 Job submitted from host: <130.209.45.81:9618?addrs=130.209.45.81-9618&alias=wiay.astro.gla.ac.uk&noUDP&sock=schedd_7939_1277>
...
001 (319854.000.000) 2026-08-04 10:38:49 Job executing on host: <130.209.45.81:9618?addrs=130.209.45.81-9618&alias=wiay.astro.gla.ac.uk&noUDP&sock=schedd_7939_1277>
...
004 (319854.000.000) 2026-08-04 11:45:58 Job was evicted.
	(0) CPU times
		Usr 0 00:00:00, Sys 0 00:00:00  -  Run Remote Usage
		Usr 0 00:00:00, Sys 0 00:00:00  -  Run Local Usage
	0  -  Run Bytes Sent By Job
	0  -  Run Bytes Received By Job
...
012 (319854.000.000) 2026-08-04 11:45:58 Job was held.
	via condor_hold (by user 2673888s)
	Code 1 Subcode 0
...
001 (319854.000.000) 2026-08-04 11:57:00 Job executing on host: <130.209.45.81:9618?addrs=130.209.45.81-9618&alias=wiay.astro.gla.ac.uk&noUDP&sock=schedd_7939_1277>
...
013 (319854.000.000) 2026-08-04 11:57:03 Job was released.
	via condor_release (by user 2673888s)
...
004 (319854.000.000) 2026-08-04 12:09:36 Job was evicted.
	(0) CPU times
		Usr 0 00:00:00, Sys 0 00:00:00  -  Run Remote Usage
		Usr 0 00:00:00, Sys 0 00:00:00  -  Run Local Usage
	0  -  Run Bytes Sent By Job
	0  -  Run Bytes Received By Job
...
012 (319854.000.000) 2026-08-04 12:09:36 Job was held.
	via condor_hold (by user 2673888s)
	Code 1 Subcode 0
...
001 (319854.000.000) 2026-08-04 12:31:22 Job executing on host: <130.209.45.81:9618?addrs=130.209.45.81-9618&alias=wiay.astro.gla.ac.uk&noUDP&sock=schedd_7939_1277>
...
013 (319854.000.000) 2026-08-04 12:31:28 Job was released.
	via condor_release (by user 2673888s)
...
005 (319854.000.000) 2026-08-04 17:28:09 Job terminated.
	(1) Normal termination (return value 0)
		Usr 0 00:00:00, Sys 0 00:00:00  -  Run Remote Usage
		Usr 0 00:00:00, Sys 0 00:00:00  -  Run Local Usage
		Usr 0 00:00:00, Sys 0 00:00:00  -  Total Remote Usage
		Usr 0 00:00:00, Sys 0 00:00:00  -  Total Local Usage
	0  -  Run Bytes Sent By Job
	0  -  Run Bytes Received By Job
	0  -  Total Bytes Sent By Job
	0  -  Total Bytes Received By Job
...
